=== 1. PM2 Status ===
┌────┬──────────┬─────────────┬─────────┬─────────┬──────────┬────────┬──────┬───────────┬──────────┬──────────┬──────────┬──────────┐
│ id │ name     │ namespace   │ version │ mode    │ pid      │ uptime │ ↺    │ status    │ cpu      │ mem      │ user     │ watching │
├────┼──────────┼─────────────┼─────────┼─────────┼──────────┼────────┼──────┼───────────┼──────────┼──────────┼──────────┼──────────┤
│ 0  │ paper    │ default     │ 1.0.0   │ fork    │ 800927   │ 44m    │ 94   │ online    │ 0%       │ 131.6mb  │ root     │ disabled │
└────┴──────────┴─────────────┴─────────┴─────────┴──────────┴────────┴──────┴───────────┴──────────┴──────────┴──────────┴──────────┘

=== 2. Server Output Logs (last 50 lines) ===
3:28:21 AM [express] GET /api/game-details 304 in 5ms :: {"gameId":"401772960","gameName":"Baltimore Ravens at Pittsburgh Steelers","shortName":"BAL @ PIT","homeTeam":"Pittsburgh Steelers","awayTeam":"Baltimore Ravens","homeAbbrev":"PIT","awayAbbrev":"BAL","gameDate":"2026-01-05T01:20Z","gameDateFormatted":"Sun, Jan 4, 7:20 PM CST","venue":"Acrisure Stadium","state":"PA","broadcasts":["NBC","Peacock"],"status":"final","statusDetail":"Final","homeScore":26,"awayScore":24,"matchedTeam":"Over","resolvedText":"Baltimore Ravens @ Pittsburgh Steelers (Over 41)","displayClock":"0:00","clockSeconds":0,"period":4,"regulationPeriods":4,"regulationPeriodSeconds":900,"gameProgress":1,"secondsRemaining":0,"winProbability":0.995,"probabilitySource":"heuristic","winConfidence":"likely_win","projectedTotal":50,"betType":"total"}
[game-details] Looking up: "Virginia Tech Hokies @ Wake Forest Demon Deacons (Virginia Tech Hokies +5.5) (NCAAB)" (sport: ncaab)
[ESPN] Detected sport from resolved text tag: ncaab
[ESPN] Looking up game: Virginia Tech @ Wake Forest (raw: Virginia Tech Hokies @ Wake Forest Demon Deacons)
[ESPN] Using cached 348 events for ncaab 20260101-20260118
[ESPN] Found exact game match
3:28:21 AM [express] GET /api/game-details 304 in 12ms :: {"gameId":"401820649","gameName":"Virginia Tech Hokies at Wake Forest Demon Deacons","shortName":"VT @ WAKE","homeTeam":"Wake Forest Demon Deacons","awayTeam":"Virginia Tech Hokies","homeAbbrev":"WAKE","awayAbbrev":"VT","gameDate":"2026-01-03T17:00Z","gameDateFormatted":"Sat, Jan 3, 11:00 AM CST","venue":"LJVM Coliseum","state":"NC","broadcasts":["ACC Network"],"status":"final","statusDetail":"Final","homeScore":81,"awayScore":78,"matchedTeam":"Virginia Tech Hokies","resolvedText":"Virginia Tech Hokies @ Wake Forest Demon Deacons (Virginia Tech Hokies +5.5)","displayClock":"0:00","clockSeconds":0,"period":2,"regulationPeriods":2,"regulationPeriodSeconds":1200,"gameProgress":1,"secondsRemaining":0,"winProbability":0.995,"probabilitySource":"heuristic","winConfidence":"likely_win","coverMargin":2.5,"betType":"spread"}
[game-details] Looking up: "UCLA Bruins @ Iowa Hawkeyes (Iowa Hawkeyes -6.5) (NCAAB)" (sport: ncaab)
[ESPN] Detected sport from resolved text tag: ncaab
[ESPN] Looking up game: UCLA @ Iowa (raw: UCLA Bruins @ Iowa Hawkeyes)
[ESPN] Using cached 348 events for ncaab 20260101-20260118
[ESPN] Found exact game match
3:28:21 AM [express] GET /api/game-details 304 in 10ms :: {"gameId":"401825414","gameName":"UCLA Bruins at Iowa Hawkeyes","shortName":"UCLA @ IOWA","homeTeam":"Iowa Hawkeyes","awayTeam":"UCLA Bruins","homeAbbrev":"IOWA","awayAbbrev":"UCLA","gameDate":"2026-01-03T23:00Z","gameDateFormatted":"Sat, Jan 3, 5:00 PM CST","venue":"Carver-Hawkeye Arena","state":"IA","broadcasts":["Peacock"],"status":"final","statusDetail":"Final","homeScore":74,"awayScore":61,"matchedTeam":"Iowa Hawkeyes","resolvedText":"UCLA Bruins @ Iowa Hawkeyes (Iowa Hawkeyes -6.5)","displayClock":"0:00","clockSeconds":0,"period":2,"regulationPeriods":2,"regulationPeriodSeconds":1200,"gameProgress":1,"secondsRemaining":0,"winProbability":0.995,"probabilitySource":"heuristic","winConfidence":"likely_win","coverMargin":6.5,"betType":"spread"}
3:31:43 AM [express] GET /api/data 304 in 206ms :: [{"Week":"1","Date":"8/22/2025","Mitch Bet Amount":"$10","Mitch Win/Lose/Push":"Win","Mitch":"Kansas -14 (legends)","Mitch Resolved":"Fresno State University @ University of Kansas (University of Kansas -14)","Phil Bet Amount":"$25","Phil Win/Lose/Push":"Loss","Phil":"JB (legends)","Phil Resolved":"Tail JB","Bryce Bet Amount":"$5","Bryce Win/Lose/Push":"Loss","Bryce":"Stanford? +2.5 (legends)","Bryce Resolved":"Stanford University (Stanford University +2.5)","Cory Bet Amount":"$25","Cory Win/Lose/Push":"Win","Cory":"Rutgers over 47 (leaders)","Cory Resolved":"Rutgers University (Over 47)","JB Bet Amount":"$5","JB Win/Lose/Push":"Loss","JB":"kansas st over 52 (legends)","JB Resolved":"Fresno State University @ University of Kansas (University of Kansas -14)","Ethan Bet Amount":"$20","Ethan Win/Lose/Push":"Win","Ethan":"Mitch (legends)","Ethan Resolved":"Tail Mitch","Jaime Bet Amount":"$10","Jaime Win/Lose/Push":"Loss","Jaime":"UCF/Jax St Over 52.5 (legends)","Jaime Resolved":"Rutgers University (Over 47)","Nathan Bet Amount":"$5","Nathan Win/Lose/Push":"Loss","Nathan":"Universitario -0.5 (leaders)","Nathan Resolved":"Universitario (Universitario -0.5)","Evan Bet Amount":"$5","Evan Win/Lose/Push":"Loss","Evan":"Kansas State -3 (leaders)","Evan Resolved":"Fresno State University @ University of Kansas (University of Kansas -14)","Brandon Bet Amount":"$5","Brandon Win/Lose/Push":"Loss","Brandon":"KU/Fresno o50 (leaders)","Brandon Resolved":"University of Kansas @ Fresno State University (Over 50)","":"","Total Team Bet":"$115.00","Legends Bet":"$75.00","Leaders Bet":"$40.00","To Win":"","Payout":"","TOTALS":"Total Bet","Mitch Totals":"$205.00","Phil Totals":"$215.00","Bryce Totals":"$85.00","Cory Totals":"$105.00","JB Totals":"$135.00","Ethan Totals":"$130.00","Jaime Totals":"$140.00","Nate Totals":"$110.00","Evan Totals":"$135.00","Brandon Totals":"$110.00"},{"Week":"2","Date":"8/29/2025","Mitch Bet Amount":"$5","Mitch Win/Lose/Push":"Loss","Mitch":"Alabama -13.5 (legends)","Mitch Resolved":"University of Texas @ University of Alabama (University of Alabama -13.5)","Phil Bet Amount":"$25","Phil Win/Lose/Push":"Loss","Phil":"Mitch (legends)","Phil Resolved":"Tail Mitch","Bryce Bet Amount":"$10","Bryce Win/Lose/Push":"Win","Bryce":"Ohio st (legends)","Bryce Resolved":"Ohio State University (Ohio State University)","Cory Bet Amount":"$5","Cory Win/Lose/Push":"Win","Cory":"Maryland under  (leaders)","Cory Resolved":"University of Maryland (Under)","JB Bet Amount":"$10","JB Win/Lose/Push":"Loss","JB":"penn st under (legends)","JB Resolved":"University of Maryland (Under)","Ethan Bet Amount":"$5","Ethan Win/Lose/Push":"Win","Ethan":"Iowa under 50.5 (legends)","Ethan Resolved":"University of Maryland (Under)","Jaime Bet Amount":"$15","Jaime Win/Lose/Push":"Win","Jaime":"Tennessee -13.5 (legends)","Jaime Resolved":"University of Texas @ University of Alabama (University of Alabama -13.5)","Nathan Bet Amount":"$10","Nathan Win/Lose/Push":"Win","Nathan":"Padres -1.5 (leaders)","Nathan Resolved":"San Diego Padres (San Diego Padres -1.5)","Evan Bet Amount":"$10","Evan Win/Lose/Push":"Loss","Evan":"Texas +1.5 (leaders)","Evan Resolved":"University of Texas @ University of Alabama (University of Alabama -13.5)","Brandon Bet Amount":"$10","Brandon Win/Lose/Push":"Loss","Brandon":"Sinner -8.5 (leaders)","Brandon Resolved":"Jannik Sinner (Jannik Sinner -8.5)","":"","Total Team Bet":"$105.00","Legends Bet":"$70.00","Leaders Bet":"$35.00","To Win":"","Payout":"","TOTALS":"Total Wins","Mitch Totals":"4","Phil Totals":"5","Bryce Totals":"11","Cory Totals":"10","JB Totals":"6","Ethan Totals":"9","Jaime Totals":"7","Nate Totals":"8","Evan Totals":"7","Brandon Totals":"8"},{"Week":"3","Date":"9/5/2025","Mitch Bet Amount":"$10","Mitch Win/Lose/Push":"Loss","Mitch":"Ole Miss 1H (legends)","Mitch Resolved":"North Carolina State @ University of Mississippi (University of Mississippi -7, 1st Half)","Phil Bet Amount":"$25","Phil Win/Lose/Push":"Loss","Phil":"Ethan (legends)","Phil Resolved":"Tail Ethan","Bryce Bet Amount":"$5","Bryce Win/Lose/Push":"Win","Bryce":"Vikes","Bryce Resolved":"Minnesota Vikings (Minnesota Vikings)","Cory Bet Amount":"$5","Cory Win/Lose/Push":"Win","Cory":"MSU over (leaders)","Cory Resolved":"Michigan State University (Over)","JB Bet Amount":"$15","JB Win/Lose/Push":"Loss","JB":"Navy  (legends)","JB Resolved":"United States Naval Academy (United States Naval Academy)","Ethan Bet Amount":"$5","Ethan Win/Lose/Push":"Loss","Ethan":"USF vs Florida over (legends)","Ethan Resolved":"Michigan State University (Over)","Jaime Bet Amount":"$5","Jaime Win/Lose/Push":"Win","Jaime":"Illinois -2.5 (legends)","Jaime Resolved":"University of Illinois (University of Illinois -2.5)","Nathan Bet Amount":"$5","Nathan Win/Lose/Push":"Win","Nathan":"(NFL) Arizona -6.5 (leaders)","Nathan Resolved":"Arizona Cardinals (Arizona Cardinals -6.5)","Evan Bet Amount":"$15","Evan Win/Lose/Push":"Loss","Evan":"Iowa/ Iowa St over 43 (leaders)","Evan Resolved":"Michigan State University (Over)","Brandon Bet Amount":"$15","Brandon Win/Lose/Push":"Push","Brandon":"W US Open o22 games (leaders)","Brandon Resolved":"US Open (Over 22 Games)","":"","Total Team Bet":"$105.00","Legends Bet":"$60.00","Leaders Bet":"$40.00","To Win":"","Payout":"","TOTALS":"Total Losses","Mitch Totals":"10","Phil Totals":"7","Bryce Totals":"3","Cory Totals":"2","JB Totals":"8","Ethan Totals":"5","Jaime Totals":"7","Nate Totals":"6","Evan Totals":"6","Brandon Totals":"4"},{"Week":"4","Date":"9/12/25","Mitch Bet Amount":"$15","Mitch Win/Lose/Push":"Loss","Mitch":"Steelers (legends)","Mitch Resolved":"Cincinnati Bengals @ Pittsburgh Steelers (Pittsburgh Steelers)","Phil Bet Amount":"$25","Phil Win/Lose/Push":"Win","Phil":"Ethan (legends)","Phil Resolved":"Tail Ethan","Bryce Bet Amount":"$5","Bryce Win/Lose/Push":"Win","Bryce":"Texas A&M (legends)","Bryce Resolved":"Texas A&M University (Texas A&M University)","Cory Bet Amount":"$5","Cory Win/Lose/Push":"Win","Cory":"Eagles (leaders)","Cory Resolved":"Philadelphia Eagles (Philadelphia Eagles)","JB Bet Amount":"$20","JB Win/Lose/Push":"Win","JB":"Nate (legends)","JB Resolved":"Tail Nathan","Ethan Bet Amount":"$10","Ethan Win/Lose/Push":"Win","Ethan":"Texas tech -23 (legends)","Ethan Resolved":"Texas A&M University (Texas A&M University)","Jaime Bet Amount":"$5","Jaime Win/Lose/Push":"Loss","Jaime":"Oregon -26.5 (legends)","Jaime Resolved":"University of Oregon (University of Oregon -26.5)","Nathan Bet Amount":"$5","Nathan Win/Lose/Push":"Win","Nathan":"Rams -5.5 (leaders) ","Nathan Resolved":"Los Angeles Rams (Los Angeles Rams -5.5)","Evan Bet Amount":"$20","Evan Win/Lose/Push":"Push","Evan":"Georgia -3.5 (leaders) ","Evan Resolved":"University of Georgia (University of Georgia -3.5)","Brandon Bet Amount":"$15","Brandon Win/Lose/Push":"Win","Brandon":"Man City -0.75 (leaders) ","Brandon Resolved":"Manchester City (Manchester City -0.75)","":"","Total Team Bet":"$125.00","Legends Bet":"$80.00","Leaders Bet":"$45.00","To Win":"","Payout":"$325.00","TOTALS":"Total Pushes","Mitch Totals":"0","Phil Totals":"2","Bryce Totals":"0","Cory Totals":"2","JB Totals":"0","Ethan Totals":"0","Jaime Totals":"0","Nate Totals":"0","Evan Totals":"1","Brandon Totals":"2"},{"Week":"5","Date":"9/19/25","Mitch Bet Amount":"$20","Mitch Win/Lose/Push":"Loss","Mitch":"JB (legends)","Mitch Resolved":"Tail JB","Phil Bet Amount":"$5","Phil Win/Lose/Push":"Loss","Phil":"Fresno (leaders)","Phil Resolved":"Fresno State University (Fresno State University)","Bryce Bet Amount":"$5","Bryce Win/Lose/Push":"Win","Bryce":"South Carolina (legends)","Bryce Resolved":"University of South Carolina (University of South Carolina)","Cory Bet Amount":"$5","Cory Win/Lose/Push":"Win","Cory":"Indiana (legends)","Cory Resolved":"Indiana University (Indiana University)","JB Bet Amount":"$5","JB Win/Lose/Push":"Loss","JB":"ATL Falcons (legends)","JB Resolved":"Atlanta Falcons (Atlanta Falcons)","Ethan Bet Amount":"$5","Ethan Win/Lose/Push":"Loss","Ethan":"Texans (legends)","Ethan Resolved":"Houston Texans (Houston Texans)","Jaime Bet Amount":"$10","Jaime Win/Lose/Push":"Loss","Jaime":"Packers -7.5 (legends) ","Jaime Resolved":"Green Bay Packers (Green Bay Packers -7.5)","Nathan Bet Amount":"$5","Nathan Win/Lose/Push":"Loss","Nathan":"49ers -2.5 (leaders)","Nathan Resolved":"San Francisco 49ers (San Francisco 49ers -2.5)","Evan Bet Amount":"$20","Evan Win/Lose/Push":"Win","Evan":"Florida/Miami Under 50.5 (leaders)","Evan Resolved":"University of Florida @ University of Miami (Under 50.5)","Brandon Bet Amount":"$5","Brandon Win/Lose/Push":"Loss","Brandon":"Nebraska +1 (leaders)","Brandon Resolved":"University of Nebraska (University of Nebraska +1)","":"","Total Team Bet":"$85.00","Legends Bet":"$50.00","Leaders Bet":"$35.00","To Win":"","Payout":"","TOTALS":"Win Percentage","Mitch Totals":"28.57%","Phil Totals":"41.67%","Bryce Totals":"78.57%","Cory Totals":"83.33%","JB Totals":"42.86%","Ethan Totals":"64.29%","Jaime Totals":"50.00%","Nate Totals":"57.14%","Evan Totals":"53.85%","Brandon Totals":"66.67%"},{"Week":"6","Date":"9/26/25","Mitch Bet Amount":"$25","Mitch Win/Lose/Push":"Loss","Mitch":"Ethan (legends) ","Mitch Resolved":"Tail Ethan","Phil Bet Amount":"$10","Phil Win/Lose/Push":"Loss","Phil":"Alabama/Georgia over (leaders) ","Phil Resolved":"University of Alabama @ University of Georgia (Over)","Bryce Bet Amount":"$5","Bryce Win/Lose/Push":"Loss","Bryce":"Vikings (legends) ","Bryce Resolved":"Minnesota Vikings (Minnesota Vikings)","Cory Bet Amount":"$5","Cory Win/Lose/Push":"Win","Cory":"NW/UCLA under (legends) ","Cory Resolved":"Northwestern University @ University of California Los Angeles (Under)","JB Bet Amount":"$10","JB Win/Lose/Push":"Loss","JB":"San Fran 49ers (legends) ","JB Resolved":"San Francisco 49ers (San Francisco 49ers)","Ethan Bet Amount":"$10","Ethan Win/Lose/Push":"Loss","Ethan":"Georgia (legends) ","Ethan Resolved":"University of Alabama @ University of Georgia (Over)","Jaime Bet Amount":"$15","Jaime Win/Lose/Push":"Loss","Jaime":"PSU Under 53.5 (legends) ","Jaime Resolved":"Northwestern University @ University of California Los Angeles (Under)","Nathan Bet Amount":"$10","Nathan Win/Lose/Push":"Loss","Nathan":"Chargers -6.5 (leaders) ","Nathan Resolved":"Los Angeles Chargers (Los Angeles Chargers -6.5)","Evan Bet Amount":"$5","Evan Win/Lose/Push":"Win","Evan":"Colorado/BYU under 49.5 (leaders) ","Evan Resolved":"Northwestern University @ University of California Los Angeles (Under)","Brandon Bet Amount":"$10","Brandon Win/Lose/Push":"Win","Brandon":"(leaders) Iowa +8.5 ","Brandon Resolved":"University of Iowa (University of Iowa +8.5)","":"","Total Team Bet":"$105.00","Legends Bet":"$70.00","Leaders Bet":"$35.00","To Win":null,"Payout":null,"TOTALS":null,"Mitch Totals":null,"Phil Totals":null,"Bryce Totals":null,"Cory Totals":null,"JB Totals":null,"Ethan Totals":null,"Jaime Totals":null,"Nate Totals":null,"Evan Totals":null,"Brandon Totals":null},{"Week":"7","Date":"10/3/25","Mitch Bet Amount":"$25","Mitch Win/Lose/Push":"Loss","Mitch":"Miami/FSU over (leaders) ","Mitch Resolved":"University of Miami @ Florida State University (Over)","Phil Bet Amount":"$15","Phil Win/Lose/Push":"Loss","Phil":"Texas/Florida Under (leaders) ","Phil Resolved":"University of Texas @ University of Florida (Under)","Bryce Bet Amount":"$10","Bryce Win/Lose/Push":"Win","Bryce":"Vikings Again? (legends) ","Bryce Resolved":"Minnesota Vikings (Minnesota Vikings)","Cory Bet Amount":"$5","Cory Win/Lose/Push":"Win","Cory":"Lions if below 10.5 (legends) ","Cory Resolved":"Detroit Lions (if below 10.5)","JB Bet Amount":"$15","JB Win/Lose/Push":"Win","JB":"Illinois (leaders) ","JB Resolved":"University of Illinois (University of Illinois)","Ethan Bet Amount":"$15","Ethan Win/Lose/Push":"Loss","Ethan":"Cal (legends) ","Ethan Resolved":"University of California Berkeley (University of California Berkeley)","Jaime Bet Amount":"$20","Jaime Win/Lose/Push":"Win","Jaime":"Texas Tech -11.5 (leaders) ","Jaime Resolved":"University of Texas @ University of Florida (Under)","Nathan Bet Amount":"$15","Nathan Win/Lose/Push":"Win","Nathan":"Tail Cory (legends) ","Nathan Resolved":"Tail Cory (legends)","Evan Bet Amount":"$5","Evan Win/Lose/Push":"Loss","Evan":"Texas -5.5 (legends) ","Evan Resolved":"University of Texas @ University of Florida (Under)","Brandon Bet Amount":"$5","Brandon Win/Lose/Push":"Win","Brandon":"Wisconsin +17.5 (legends) ","Brandon Resolved":"University of Wisconsin (University of Wisconsin +17.5)","":"","Total Team Bet":"$130.00","Legends Bet":"$55.00","Leaders Bet":"$75.00","To Win":null,"Payout":null,"TOTALS":null,"Mitch Totals":null,"Phil Totals":null,"Bryce Totals":null,"Cory Totals":null,"JB Totals":null,"Ethan Totals":null,"Jaime Totals":null,"Nate Totals":null,"Evan Totals":null,"Brandon Totals":null},{"Week":"8","Date":"10/10/25","Mitch Bet Amount":"$25","Mitch Win/Lose/Push":"Loss","Mitch":"Oregon (quack quack quack) (leaders)  ","Mitch Resolved":"University of Washington @ University of Oregon (University of Oregon)","Phil Bet Amount":"$20","Phil Win/Lose/Push":"Push","Phil":"Minnesota (leaders)  ","Phil Resolved":"University of Minnesota (University of Minnesota)","Bryce Bet Amount":"$5","Bryce Win/Lose/Push":"Loss","Bryce":"Lions  (legends) ","Bryce Resolved":"Detroit Lions (Detroit Lions)","Cory Bet Amount":"$5","Cory Win/Lose/Push":"Push","Cory":"Bama (legends)  ","Cory Resolved":"University of Alabama (University of Alabama)","JB Bet Amount":"$5","JB Win/Lose/Push":"Loss","JB":"unlv (leaders)  ","JB Resolved":"University of Nevada Las Vegas (University of Nevada Las Vegas)","Ethan Bet Amount":"$20","Ethan Win/Lose/Push":"Win","Ethan":"Brandon (legends)  ","Ethan Resolved":"Tail Brandon","Jaime Bet Amount":"$5","Jaime Win/Lose/Push":"Win","Jaime":"Texas A&M -7.5 (legends)  ","Jaime Resolved":"Texas A&M University (Texas A&M University -7.5)","Nathan Bet Amount":"$5","Nathan Win/Lose/Push":"Loss","Nathan":"Bills -4.5 (legends) ","Nathan Resolved":"Buffalo Bills (Buffalo Bills -4.5)","Evan Bet Amount":"$10","Evan Win/Lose/Push":"Win","Evan":"Pitt +10 (leaders)  ","Evan Resolved":"University of Pittsburgh (University of Pittsburgh +10)","Brandon Bet Amount":"$5","Brandon Win/Lose/Push":"Win","Brandon":"USC -2.5 (legends)  ","Brandon Resolved":"University of Southern California (University of Southern California -2.5)","":"","Total Team Bet":"$105.00","Legends Bet":"$45.00","Leaders Bet":"$60.00","To Win":null,"Payout":null,"TOTALS":null,"Mitch Totals":null,"Phil Totals":null,"Bryce Totals":null,"Cory Totals":null,"JB Totals":null,"Ethan Totals":null,"Jaime Totals":null,"Nate Totals":null,"Evan Totals":null,"Brandon Totals":null},{"Week":"9","Date":"10/17/25","Mitch Bet Amount":"$25","Mitch Win/Lose/Push":"Win","Mitch":"Bryce (leaders)","Mitch Resolved":"Tail Bryce","Phil Bet Amount":"$20","Phil Win/Lose/Push":"Push","Phil":"Notre Dame (leaders) ","Phil Resolved":"University of Notre Dame (University of Notre Dame)","Bryce Bet Amount":"$10","Bryce Win/Lose/Push":"Win","Bryce":"Missouri -1 (buy the half point, still -120)😉 (legends) ","Bryce Resolved":"University of Missouri (University of Missouri -1)","Cory Bet Amount":"$5","Cory Win/Lose/Push":"Win","Cory":"Bears (legends) ","Cory Resolved":"Chicago Bears (Chicago Bears)","JB Bet Amount":"$10","JB Win/Lose/Push":"Loss","JB":"texas tech (leaders) ","JB Resolved":"Texas Tech University (Texas Tech University)","Ethan Bet Amount":"$5","Ethan Win/Lose/Push":"Loss","Ethan":"Nebraska (legends) ","Ethan Resolved":"University of Nebraska (University of Nebraska)","Jaime Bet Amount":"$5","Jaime Win/Lose/Push":"Win","Jaime":"Indiana Over 49.5 (legends) ","Jaime Resolved":"Indiana University (Over 49.5)","Nathan Bet Amount":"$10","Nathan Win/Lose/Push":"Win","Nathan":"Patriots -7 (legends) ","Nathan Resolved":"New England Patriots (New England Patriots -7)","Evan Bet Amount":"$5","Evan Win/Lose/Push":"Loss","Evan":"Texas Tech -7.5 (leaders) ","Evan Resolved":"Texas Tech University (Texas Tech University)","Brandon Bet Amount":"$5","Brandon Win/Lose/Push":"Loss","Brandon":"LSU +2.5 (legends) ","Brandon Resolved":"Louisiana State University (Louisiana State University +2.5)","":"","Total Team Bet":"$100.00","Legends Bet":"$40.00","Leaders Bet":"$60.00","To Win":null,"Payout":null,"TOTALS":null,"Mitch Totals":null,"Phil Totals":null,"Bryce Totals":null,"Cory Totals":null,"JB Totals":null,"Ethan Totals":null,"Jaime Totals":null,"Nate Totals":null,"Evan Totals":null,"Brandon Totals":null},{"Week":"10","Date":"10/24/25","Mitch Bet Amount":"$5","Mitch Win/Lose/Push":"Loss","Mitch":"USF (leaders) ","Mitch Resolved":"San Jose State University @ University of South Florida (University of South Florida)","Phil Bet Amount":"$20","Phil Win/Lose/Push":"Win","Phil":"Texas A&M/LSU Over (leaders) ","Phil Resolved":"Texas A&M University @ Louisiana State University (Over)","Bryce Bet Amount":"$5","Bryce Win/Lose/Push":"Win","Bryce":"BYU (legends) ","Bryce Resolved":"Brigham Young University (Brigham Young University)","Cory Bet Amount":"$5","Cory Win/Lose/Push":"Loss","Cory":"Bama (legends)  ","Cory Resolved":"University of Alabama (University of Alabama)","JB Bet Amount":"$15","JB Win/Lose/Push":"Win","JB":"southern miss (leaders) ","JB Resolved":"University of Southern Mississippi (University of Southern Mississippi)","Ethan Bet Amount":"$10","Ethan Win/Lose/Push":"Win","Ethan":"Oklahoma vs ole miss over (legends) ","Ethan Resolved":"Texas A&M University @ Louisiana State University (Over)","Jaime Bet Amount":"$5","Jaime Win/Lose/Push":"Loss","Jaime":"UCLA +26 (legends) ","Jaime Resolved":"University of California Los Angeles (University of California Los Angeles +26)","Nathan Bet Amount":"$5","Nathan Win/Lose/Push":"Win","Nathan":"Chiefs -11.5 (legends) ","Nathan Resolved":"Kansas City Chiefs (Kansas City Chiefs -11.5)","Evan Bet Amount":"$10","Evan Win/Lose/Push":"Win","Evan":"Ole Miss +5.5 (leaders) ","Evan Resolved":"University of Southern Mississippi (University of Southern Mississippi)","Brandon Bet Amount":"$10","Brandon Win/Lose/Push":"Win","Brandon":"IF(Man City > -120, Man City, MSU +13.5) (legends) ","Brandon Resolved":"Kansas City Chiefs (Kansas City Chiefs -11.5)","":"","Total Team Bet":"$90.00","Legends Bet":"$40.00","Leaders Bet":"$50.00","To Win":null,"Payout":null,"TOTALS":null,"Mitch Totals":null,"Phil Totals":null,"Bryce Totals":null,"Cory Totals":null,"JB Totals":null,"Ethan Totals":null,"Jaime Totals":null,"Nate Totals":null,"Evan Totals":null,"Brandon Totals":null},{"Week":"11","Date":"10/31/25","Mitch Bet Amount":"$10","Mitch Win/Lose/Push":"Loss","Mitch":"georgia tech - tail JB (leaders)","Mitch Resolved":"Tail georgia tech - JB (leaders)","Phil Bet Amount":"$5","Phil Win/Lose/Push":"Win","Phil":"Utah (leaders)","Phil Resolved":"University of Utah (University of Utah)","Bryce Bet Amount":"$5","Bryce Win/Lose/Push":"Win","Bryce":"Timothy Cuamba (legends)","Bryce Resolved":"Timothy Cuamba (Timothy Cuamba)","Cory Bet Amount":"$10","Cory Win/Lose/Push":"Loss","Cory":"(legends) Patriots  ","Cory Resolved":"New England Patriots (New England Patriots)","JB Bet Amount":"$5","JB Win/Lose/Push":"Loss","JB":"(leaders) Georgia tech","JB Resolved":"Georgia Institute of Technology (Georgia Institute of Technology)","Ethan Bet Amount":"$5","Ethan Win/Lose/Push":"Win","Ethan":"Indiana (legends)","Ethan Resolved":"Indiana University (Indiana University)","Jaime Bet Amount":"$10","Jaime Win/Lose/Push":"Loss","Jaime":"MIA/SMU Over (legends)","Jaime Resolved":"University of Miami @ Southern Methodist University (Over)","Nathan Bet Amount":"$5","Nathan Win/Lose/Push":"Loss","Nathan":"KC -1.5 (legends) ","Nathan Resolved":"Kansas City Chiefs (Kansas City Chiefs -1.5)","Evan Bet Amount":"$5","Evan Win/Lose/Push":"Win","Evan":"Oklahoma+2.5 (leaders)","Evan Resolved":"University of Oklahoma (University of Oklahoma +2.5)","Brandon Bet Amount":"$5","Brandon Win/Lose/Push":"Push","Brandon":"Texas -3.5 (legends)","Brandon Resolved":"University of Texas (University of Texas -3.5)","":"","Total Team Bet":"$65.00","Legends Bet":"$40.00","Leaders Bet":"$25.00","To Win":null,"Payout":null,"TOTALS":null,"Mitch Totals":null,"Phil Totals":null,"Bryce Totals":null,"Cory Totals":null,"JB Totals":null,"Ethan Totals":null,"Jaime Totals":null,"Nate Totals":null,"Evan Totals":null,"Brandon Totals":null},{"Week":"12","Date":"11/7/25","Mitch Bet Amount":"$15","Mitch Win/Lose/Push":"Win","Mitch":"Wake Forest  (leaders) ","Mitch Resolved":"Stanford University @ Wake Forest University (Wake Forest University)","Phil Bet Amount":"$5","Phil Win/Lose/Push":"Loss","Phil":"Oregon (leaders) ","Phil Resolved":"University of Oregon (University of Oregon)","Bryce Bet Amount":"$5","Bryce Win/Lose/Push":"Win","Bryce":"(legends) UL LAFAYETTE ","Bryce Resolved":"University of Louisiana Lafayette (University of Louisiana Lafayette)","Cory Bet Amount":"$15","Cory Win/Lose/Push":"Win","Cory":"Wash/wi under (legends) ","Cory Resolved":"University of Washington @ University of Wisconsin (Under)","JB Bet Amount":"$10","JB Win/Lose/Push":"Win","JB":"stanford under (leaders) ","JB Resolved":"Stanford University @ Wake Forest University (Wake Forest University)","Ethan Bet Amount":"$5","Ethan Win/Lose/Push":"Win","Ethan":"Vandy (legends) ","Ethan Resolved":"Vanderbilt University (Vanderbilt University)","Jaime Bet Amount":"$15","Jaime Win/Lose/Push":"Win","Jaime":"Texas A&M -6.5 (leaders) ","Jaime Resolved":"Texas A&M University (Texas A&M University -6.5)","Nathan Bet Amount":"$10","Nathan Win/Lose/Push":"Win","Nathan":"LAR (legends) ","Nathan Resolved":"Los Angeles Rams (Los Angeles Rams)","Evan Bet Amount":"$5","Evan Win/Lose/Push":"Loss","Evan":"BYU +12 (legends) ","Evan Resolved":"Brigham Young University (Brigham Young University +12)","Brandon Bet Amount":"$5","Brandon Win/Lose/Push":"Win","Brandon":"Penn State (legends) ","Brandon Resolved":"Penn State University (Penn State University)","":"","Total Team Bet":"$90.00","Legends Bet":"$45.00","Leaders Bet":"$45.00","To Win":null,"Payout":null,"TOTALS":null,"Mitch Totals":null,"Phil Totals":null,"Bryce Totals":null,"Cory Totals":null,"JB Totals":null,"Ethan Totals":null,"Jaime Totals":null,"Nate Totals":null,"Evan Totals":null,"Brandon Totals":null},{"Week":"13","Date":"11/14/25","Mitch Bet Amount":"$5","Mitch Win/Lose/Push":"Loss","Mitch":"San Jose St. (leaders)","Mitch Resolved":"University of Nevada Las Vegas @ San Jose State University (San Jose State University)","Phil Bet Amount":"$10","Phil Win/Lose/Push":"Win","Phil":"Penn State (leaders) ","Phil Resolved":"University of Nevada Las Vegas @ San Jose State University (San Jose State University)","Bryce Bet Amount":"$5","Bryce Win/Lose/Push":"Win","Bryce":"(legends) Arizona ","Bryce Resolved":"University of Arizona (University of Arizona)","Cory Bet Amount":"$5","Cory Win/Lose/Push":"Push","Cory":"(legends) Ravens  ","Cory Resolved":"Baltimore Ravens (Baltimore Ravens)","JB Bet Amount":"$5","JB Win/Lose/Push":"Win","JB":"(leaders) Iowa under ","JB Resolved":"University of Iowa (Under)","Ethan Bet Amount":"$5","Ethan Win/Lose/Push":"Win","Ethan":"Georgia (legends) ","Ethan Resolved":"University of Georgia (University of Georgia)","Jaime Bet Amount":"$5","Jaime Win/Lose/Push":"Win","Jaime":"Texas A&M/SC Over (legends) ","Jaime Resolved":"Texas A&M University @ University of South Carolina (Over)","Nathan Bet Amount":"$5","Nathan Win/Lose/Push":"Loss","Nathan":"Texans (legends) ","Nathan Resolved":"Houston Texans (Houston Texans)","Evan Bet Amount":"$10","Evan Win/Lose/Push":"Win","Evan":"BYU -3 (leaders) ","Evan Resolved":"Brigham Young University (Brigham Young University -3)","Brandon Bet Amount":"$5","Brandon Win/Lose/Push":"Win","Brandon":"Northwestern +11.5 (legends) ","Brandon Resolved":"Northwestern University (Northwestern University +11.5)","":"","Total Team Bet":"$60.00","Legends Bet":"$30.00","Leaders Bet":"$30.00","To Win":null,"Payout":null,"TOTALS":null,"Mitch Totals":null,"Phil Totals":null,"Bryce Totals":null,"Cory Totals":null,"JB Totals":null,"Ethan Totals":null,"Jaime Totals":null,"Nate Totals":null,"Evan Totals":null,"Brandon Totals":null},{"Week":"14","Date":"11/21/25","Mitch Bet Amount":"$10","Mitch Win/Lose/Push":"Win","Mitch":"Bryce (leaders)","Mitch Resolved":"Tail Bryce","Phil Bet Amount":"$5","Phil Win/Lose/Push":"Win","Phil":"Michigan (leaders)","Phil Resolved":"University of Michigan (University of Michigan)","Bryce Bet Amount":"$5","Bryce Win/Lose/Push":"Win","Bryce":"Duke (legends)","Bryce Resolved":"Duke University (Duke University)","Cory Bet Amount":"$5","Cory Win/Lose/Push":"Win","Cory":"Utah KSU. Over (legends)","Cory Resolved":"Kansas State University @ University of Utah (Over)","JB Bet Amount":"$5","JB Win/Lose/Push":"Win","JB":"Brandon (leaders)","JB Resolved":"Tail Brandon","Ethan Bet Amount":"$5","Ethan Win/Lose/Push":"Win","Ethan":"Bengals (legends)","Ethan Resolved":"Cincinnati Bengals (Cincinnati Bengals)","Jaime Bet Amount":"$5","Jaime Win/Lose/Push":"Loss","Jaime":"Texas A&M/Samford Over (legends)","Jaime Resolved":"Kansas State University @ University of Utah (Over)","Nathan Bet Amount":"$10","Nathan Win/Lose/Push":"Win","Nathan":"Rams (legends)","Nathan Resolved":"Los Angeles Rams (Los Angeles Rams)","Evan Bet Amount":"$5","Evan Win/Lose/Push":"Win","Evan":"Tennessee -4 (leaders)","Evan Resolved":"University of Tennessee (University of Tennessee -4)","Brandon Bet Amount":"$5","Brandon Win/Lose/Push":"Win","Brandon":"BYU (legends)","Brandon Resolved":"Brigham Young University (Brigham Young University)","":"","Total Team Bet":"$60.00","Legends Bet":"$35.00","Leaders Bet":"$25.00","To Win":"","Payout":"$87.38","TOTALS":null,"Mitch Totals":null,"Phil Totals":null,"Bryce Totals":null,"Cory Totals":null,"JB Totals":null,"Ethan Totals":null,"Jaime Totals":null,"Nate Totals":null,"Evan Totals":null,"Brandon Totals":null},{"Week":"15","Date":"11/28/25","Mitch Bet Amount":"$5","Mitch Win/Lose/Push":"W","Mitch":"Alabama -110 (leaders)","Mitch Resolved":"Alabama Crimson Tide @ Auburn Tigers (Alabama Crimson Tide -5)","Phil Bet Amount":"$5","Phil Win/Lose/Push":"W","Phil":"Oregon (leaders) ","Phil Resolved":"Oregon Ducks @ Washington Huskies","Bryce Bet Amount":"$5","Bryce Win/Lose/Push":"L","Bryce":"vikes (NFL) (legends)","Bryce Resolved":"Minnesota Vikings @ Seattle Seahawks (Minnesota Vikings +11.5)","Cory Bet Amount":"$5","Cory Win/Lose/Push":"W","Cory":"houston (NCAAF) (legends)","Cory Resolved":"Houston Cougars @ Baylor Bears (Houston Cougars +2.5)","JB Bet Amount":"$5","JB Win/Lose/Push":"W","JB":"NW/Illinois under (leaders) (leaders)","JB Resolved":"Northwestern Wildcats @ Illinois Fighting Illini (Under 45.5)","Ethan Bet Amount":"$5","Ethan Win/Lose/Push":"W","Ethan":"ohio state -110 (legends)","Ethan Resolved":"Ohio State Buckeyes @ Michigan Wolverines (Ohio State Buckeyes -9.5)","Jaime Bet Amount":"$10","Jaime Win/Lose/Push":"L","Jaime":"OK/LSU Over -110 (leaders)","Jaime Resolved":"LSU Tigers @ Oklahoma Sooners (Over 36.5)","Nathan Bet Amount":"$5","Nathan Win/Lose/Push":"L","Nathan":"Browns  -110 (legends)","Nathan Resolved":"San Francisco 49ers @ Cleveland Browns (Cleveland Browns +6)","Evan Bet Amount":"$5","Evan Win/Lose/Push":"L","Evan":"Pitt +7 (NCAAF) (legends)","Evan Resolved":"Miami Hurricanes @ Pittsburgh Panthers (Pittsburgh Panthers +7)","Brandon Bet Amount":"$5","Brandon Win/Lose/Push":"W","Brandon":"Ethan (legends)","Brandon Resolved":"Ethan","":"","Total Team Bet":"$30.00","Legends Bet":"$0.00","Leaders Bet":"$0.00","To Win":null,"Payout":null,"TOTALS":null,"Mitch Totals":null,"Phil Totals":null,"Bryce Totals":null,"Cory Totals":null,"JB Totals":null,"Ethan Totals":null,"Jaime Totals":null,"Nate Totals":null,"Evan Totals":null,"Brandon Totals":null},{"Week":"16","Date":"12/5/25","Mitch Bet Amount":"$5","Mitch Win/Lose/Push":"W","Mitch":"Louisville | -4.5 (NCAAB) (leaders)","Mitch Resolved":"Indiana Hoosiers @ Louisville Cardinals (Louisville Cardinals -4.5)","Phil Bet Amount":"$5","Phil Win/Lose/Push":"W","Phil":"Miami-Ohio | under 43 (NCAAF) (leaders)","Phil Resolved":"Miami (OH) RedHawks @ Western Michigan Broncos (Under 43)","Bryce Bet Amount":"$10","Bryce Win/Lose/Push":"W","Bryce":"Georgia | -2 (NCAAF) (legends)","Bryce Resolved":"Georgia Bulldogs @ Alabama Crimson Tide (Georgia Bulldogs -2)","Cory Bet Amount":"$5","Cory Win/Lose/Push":"L","Cory":"Virginia | -4 (NCAAF) (legends)","Cory Resolved":"Duke Blue Devils @ Virginia Cavaliers (Virginia Cavaliers -4)","JB Bet Amount":"$5","JB Win/Lose/Push":"L","JB":"montana/montana st over 53.5","JB Resolved":"montana @ montana st (Over 53.5)","Ethan Bet Amount":"$5","Ethan Win/Lose/Push":"W","Ethan":"Jaguars | +2 (NFL) (legends)","Ethan Resolved":"Indianapolis Colts @ Jacksonville Jaguars (Jacksonville Jaguars +2)","Jaime Bet Amount":"$15","Jaime Win/Lose/Push":"L","Jaime":"Packers/Bears | under 44 (NFL) (leaders)","Jaime Resolved":"Chicago Bears @ Green Bay Packers (Under 44)","Nathan Bet Amount":"$10","Nathan Win/Lose/Push":"W","Nathan":"Texans | +3.5 (NFL) (legends)","Nathan Resolved":"Houston Texans @ Kansas City Chiefs (Houston Texans +3.5)","Evan Bet Amount":"$10","Evan Win/Lose/Push":"L","Evan":"Georgia Alabama | under 48 (NCAAF) (legends)","Evan Resolved":"Georgia Bulldogs @ Alabama Crimson Tide (Under 48)","Brandon Bet Amount":"$5","Brandon Win/Lose/Push":"L","Brandon":"OSU | -3 (NCAAF) (legends)","Brandon Resolved":"Indiana Hoosiers @ Ohio State Buckeyes (Ohio State Buckeyes -3)","":"","Total Team Bet":"$0.00","Legends Bet":"$0.00","Leaders Bet":"$0.00","To Win":null,"Payout":null,"TOTALS":null,"Mitch Totals":null,"Phil Totals":null,"Bryce Totals":null,"Cory Totals":null,"JB Totals":null,"Ethan Totals":null,"Jaime Totals":null,"Nate Totals":null,"Evan Totals":null,"Brandon Totals":null},{"Week":"17","Date":"12/12/2025","Mitch Bet Amount":"$5","Mitch Win/Lose/Push":"L","Mitch":"Navy -6 (leaders)","Mitch Resolved":"(Navy -6)","Phil Bet Amount":"$5","Phil Win/Lose/Push":"W","Phil":"Army/Navy Under 38 (leaders)","Phil Resolved":"(Under 38)","Bryce Bet Amount":"$5","Bryce Win/Lose/Push":"W","Bryce":"Brandon (legends)","Bryce Resolved":"Tail Brandon","Cory Bet Amount":"$10","Cory Win/Lose/Push":"L","Cory":"Houston/az under 42.5 (legends)","Cory Resolved":"Houston Texans Arizona Cardinals (Under 42.5)","JB Bet Amount":"$5","JB Win/Lose/Push":"P","JB":"zaga -10 (leaders)","JB Resolved":"UCLA Bruins @ Gonzaga Bulldogs (Gonzaga -10)","Ethan Bet Amount":"$5","Ethan Win/Lose/Push":"L","Ethan":"Creighton -4 (legends)","Ethan Resolved":"Kansas St. Wildcats @ Creighton Bluejays (Creighton -4)","Jaime Bet Amount":"$20","Jaime Win/Lose/Push":"W","Jaime":"Packers/Broncos Over 43 (leaders)","Jaime Resolved":"Green Bay Packers Denver Broncos (Over 43)","Nathan Bet Amount":"$5","Nathan Win/Lose/Push":"L","Nathan":"Packers -2 (legends)","Nathan Resolved":"Green Bay Packers Denver Broncos (Green Bay Packers -2)","Evan Bet Amount":"$15","Evan Win/Lose/Push":"W","Evan":"Michigan St Penn St under 145 (legends)","Evan Resolved":"Michigan St. Spartans Penn State Nittany Lions (Under 145)","Brandon Bet Amount":"$10","Brandon Win/Lose/Push":"W","Brandon":"Man City -.5 (legends)","Brandon Resolved":"Crystal Palace F.C. @ Manchester City Football Club (Manchester City -.5)","":null,"Total Team Bet":null,"Legends Bet":null,"Leaders Bet":null,"To Win":null,"Payout":null,"TOTALS":null,"Mitch Totals":null,"Phil Totals":null,"Bryce Totals":null,"Cory Totals":null,"JB Totals":null,"Ethan Totals":null,"Jaime Totals":null,"Nate Totals":null,"Evan Totals":null,"Brandon Totals":null},{"Week":"18","Date":"12/19/2025","Mitch Bet Amount":"$10","Mitch Win/Lose/Push":"L","Mitch":"unc | -3.5 (NCAAB) (leaders)","Mitch Resolved":"Ohio State Buckeyes @ North Carolina Tar Heels (North Carolina Tar Heels -3.5)","Phil Bet Amount":"$5","Phil Win/Lose/Push":"L","Phil":"Utah State/Wash State | Under 50 (NCAAF) (legends)","Phil Resolved":"Washington State Cougars @ Utah State Aggies (Under 50)","Bryce Bet Amount":"$5","Bryce Win/Lose/Push":"L","Bryce":"Utah State | -1 (NCAAF) (legends)","Bryce Resolved":"Washington State Cougars @ Utah State Aggies (Utah State Aggies -1)","Cory Bet Amount":"$15","Cory Win/Lose/Push":"W","Cory":"Unlv/Ohio under | under 65.5 (NCAAF) (legends)","Cory Resolved":"Unlv/Ohio under (Under 65.5)","JB Bet Amount":"$5","JB Win/Lose/Push":"W","JB":"montana/montana st over 53.5","JB Resolved":"Montana Grizzlies @ Montana State Bobcats (Over 53.5)","Ethan Bet Amount":"$10","Ethan Win/Lose/Push":"W","Ethan":"Gophers | -2 (NCAAF) (legends)","Ethan Resolved":"New Mexico Lobos @ Minnesota Golden Gophers (Minnesota Golden Gophers -2)","Jaime Bet Amount":"$5","Jaime Win/Lose/Push":"W","Jaime":"49ers | -5.5 (NFL) (leaders)","Jaime Resolved":"San Francisco 49ers @ Indianapolis Colts (San Francisco 49ers -5.5)","Nathan Bet Amount":"$10","Nathan Win/Lose/Push":"W","Nathan":"Vikes | -2.5 (NFL) (legends)","Nathan Resolved":"Minnesota Vikings @ New York Giants (Minnesota Vikings -2.5)","Evan Bet Amount":"$5","Evan Win/Lose/Push":"W","Evan":"TAM Miami | under 48 (NCAAF) (leaders)","Evan Resolved":"Miami Hurricanes @ Texas A&M Aggies (Under 48)","Brandon Bet Amount":"$5","Brandon Win/Lose/Push":"L","Brandon":"TAM | -3 (NCAAF) (legends)","Brandon Resolved":"TAM (TAM -3)","":null,"Total Team Bet":null,"Legends Bet":null,"Leaders Bet":null,"To Win":null,"Payout":null,"TOTALS":null,"Mitch Totals":null,"Phil Totals":null,"Bryce Totals":null,"Cory Totals":null,"JB Totals":null,"Ethan Totals":null,"Jaime Totals":null,"Nate Totals":null,"Evan Totals":null,"Brandon Totals":null},{"Week":"19","Date":"12/26/2025","Mitch Bet Amount":"$15","Mitch Win/Lose/Push":"W","Mitch":"Navy | -7 (NCAAF) (leaders)","Mitch Resolved":"Navy Midshipmen @ Cincinnati Bearcats (Navy Midshipmen -7)","Phil Bet Amount":"$10","Phil Win/Lose/Push":"L","Phil":"North Texas / San Diego St | Under 52.5 (NCAAF) (leaders)","Phil Resolved":"North Texas Mean Green @ San Diego State Aztecs (Under 52.5)","Bryce Bet Amount":"$10","Bryce Win/Lose/Push":"L","Bryce":"Arizona | +7 (NFL) (legends)","Bryce Resolved":"Arizona Cardinals @ Cincinnati Bengals (Arizona Cardinals +7)","Cory Bet Amount":"$5","Cory Win/Lose/Push":"W","Cory":"Oregon/tt | under 52.5 (NCAAF) (legends)","Cory Resolved":"Oregon @ tt (Under 52.5)","JB Bet Amount":"$5","JB Win/Lose/Push":"L","JB":"Vandy Baby! | -4.5 (NCAAF) (leaders)","JB Resolved":"Vandy Baby! (Vandy Baby! -4.5)","Ethan Bet Amount":"$5","Ethan Win/Lose/Push":"L","Ethan":"Georgia | -6 (NCAAF) (legends)","Ethan Resolved":"Georgia Tech Yellow Jackets @ BYU Cougars (Georgia Tech Yellow Jackets -6)","Jaime Bet Amount":"$5","Jaime Win/Lose/Push":"W","Jaime":"49ers | -3 (NFL) (leaders)","Jaime Resolved":"Chicago Bears @ San Francisco 49ers (San Francisco 49ers -3)","Nathan Bet Amount":"$5","Nathan Win/Lose/Push":"L","Nathan":"Packers | -3 (NFL) (legends)","Nathan Resolved":"Baltimore Ravens @ Green Bay Packers (Green Bay Packers -3)","Evan Bet Amount":"$5","Evan Win/Lose/Push":"L","Evan":"texas tech | +2 (NCAAF) (legends)","Evan Resolved":"Oregon Ducks @ Texas Tech Red Raiders (Texas Tech Red Raiders +2)","Brandon Bet Amount":"$10","Brandon Win/Lose/Push":"W","Brandon":"Texans | +2 (NFL) (legends)","Brandon Resolved":"Houston Texans @ Los Angeles Chargers (Houston Texans +2)","":null,"Total Team Bet":null,"Legends Bet":null,"Leaders Bet":null,"To Win":null,"Payout":null,"TOTALS":null,"Mitch Totals":null,"Phil Totals":null,"Bryce Totals":null,"Cory Totals":null,"JB Totals":null,"Ethan Totals":null,"Jaime Totals":null,"Nate Totals":null,"Evan Totals":null,"Brandon Totals":null},{"Week":"20","Date":"01/02/2026","Mitch Bet Amount":"$5","Mitch Win/Lose/Push":"W","Mitch":"Alabama (NCAAB) (leaders)","Mitch Resolved":"Kentucky Wildcats @ Alabama Crimson Tide (Alabama Crimson Tide -5.5) (NCAAB)","Phil Bet Amount":"$15","Phil Win/Lose/Push":"W","Phil":"Illinois State/Montana State Over (leaders)","Phil Resolved":"Illinois State Redbirds @ Montana State Bobcats (Over 56.5) (FCS)","Bryce Bet Amount":"$15","Bryce Win/Lose/Push":"W","Bryce":"Indiana (legends)","Bryce Resolved":"Oregon @ Indiana (Indiana -4)","Cory Bet Amount":"$5","Cory Win/Lose/Push":"L","Cory":"49ers (legends)","Cory Resolved":"Seattle Seahawks @ San Francisco 49ers ( San Franscisco 49ers +3)","JB Bet Amount":"$10","JB Win/Lose/Push":"L","JB":"montana st - buy the half point (leaders)","JB Resolved":"Illinois State Redbirds @ Montana State Bobcats (Montana State Bobcats -10) (FCS)","Ethan Bet Amount":"$10","Ethan Win/Lose/Push":"W","Ethan":"Timberwolves (legends)","Ethan Resolved":"Minnesota Timberwolves @ Miami Heat (Minnesota Timberwolves -3) (NBA)","Jaime Bet Amount":"$5","Jaime Win/Lose/Push":"W","Jaime":"Steelers/Ravens Over (legends)","Jaime Resolved":"Baltimore Ravens @ Pittsburgh Steelers (Over 41) (NFL)","Nathan Bet Amount":"$10","Nathan Win/Lose/Push":"L","Nathan":"Bengals (legends)","Nathan Resolved":"Cleveland Browns @ Cincinnati Bengals (Cincinnati Bengals -7) (NFL)","Evan Bet Amount":"$10","Evan Win/Lose/Push":"W","Evan":"Virginia Tech +5.5 (leaders)","Evan Resolved":"Virginia Tech Hokies @ Wake Forest Demon Deacons (Virginia Tech Hokies +5.5) (NCAAB)","Brandon Bet Amount":"$5","Brandon Win/Lose/Push":"W","Brandon":"Iowa -6.5 (legends)","Brandon Resolved":"UCLA Bruins @ Iowa Hawkeyes (Iowa Hawkeyes -6.5) (NCAAB)","":null,"Total Team Bet":null,"Legends Bet":null,"Leaders Bet":null,"To Win":null,"Payout":null,"TOTALS":null,"Mitch Totals":null,"Phil Totals":null,"Bryce Totals":null,"Cory Totals":null,"JB Totals":null,"Ethan Totals":null,"Jaime Totals":null,"Nate Totals":null,"Evan Totals":null,"Brandon Totals":null},{"Week":"21","Date":"01/09/2026","Mitch Bet Amount":"$5","Mitch Win/Lose/Push":"","Mitch":"","Mitch Resolved":"","Phil Bet Amount":"$5","Phil Win/Lose/Push":"","Phil":"","Phil Resolved":"","Bryce Bet Amount":"$5","Bryce Win/Lose/Push":"","Bryce":"","Bryce Resolved":"","Cory Bet Amount":"$10","Cory Win/Lose/Push":"","Cory":"","Cory Resolved":"","JB Bet Amount":"$15","JB Win/Lose/Push":"","JB":"","JB Resolved":"","Ethan Bet Amount":"$5","Ethan Win/Lose/Push":"","Ethan":"","Ethan Resolved":"","Jaime Bet Amount":"$5","Jaime Win/Lose/Push":"","Jaime":"","Jaime Resolved":"","Nathan Bet Amount":"$15","Nathan Win/Lose/Push":"","Nathan":"","Nathan Resolved":"","Evan Bet Amount":"$5","Evan Win/Lose/Push":"","Evan":"","Evan Resolved":"","Brandon Bet Amount":"$5","Brandon Win/Lose/Push":null,"Brandon":null,"Brandon Resolved":null,"":null,"Total Team Bet":null,"Legends Bet":null,"Leaders Bet":null,"To Win":null,"Payout":null,"TOTALS":null,"Mitch Totals":null,"Phil Totals":null,"Bryce Totals":null,"Cory Totals":null,"JB Totals":null,"Ethan Totals":null,"Jaime Totals":null,"Nate Totals":null,"Evan Totals":null,"Brandon Totals":null}]
3:31:43 AM [express] GET /api/data 304 in 3ms :: [{"Week":"1","Date":"8/22/2025","Mitch Bet Amount":"$10","Mitch Win/Lose/Push":"Win","Mitch":"Kansas -14 (legends)","Mitch Resolved":"Fresno State University @ University of Kansas (University of Kansas -14)","Phil Bet Amount":"$25","Phil Win/Lose/Push":"Loss","Phil":"JB (legends)","Phil Resolved":"Tail JB","Bryce Bet Amount":"$5","Bryce Win/Lose/Push":"Loss","Bryce":"Stanford? +2.5 (legends)","Bryce Resolved":"Stanford University (Stanford University +2.5)","Cory Bet Amount":"$25","Cory Win/Lose/Push":"Win","Cory":"Rutgers over 47 (leaders)","Cory Resolved":"Rutgers University (Over 47)","JB Bet Amount":"$5","JB Win/Lose/Push":"Loss","JB":"kansas st over 52 (legends)","JB Resolved":"Fresno State University @ University of Kansas (University of Kansas -14)","Ethan Bet Amount":"$20","Ethan Win/Lose/Push":"Win","Ethan":"Mitch (legends)","Ethan Resolved":"Tail Mitch","Jaime Bet Amount":"$10","Jaime Win/Lose/Push":"Loss","Jaime":"UCF/Jax St Over 52.5 (legends)","Jaime Resolved":"Rutgers University (Over 47)","Nathan Bet Amount":"$5","Nathan Win/Lose/Push":"Loss","Nathan":"Universitario -0.5 (leaders)","Nathan Resolved":"Universitario (Universitario -0.5)","Evan Bet Amount":"$5","Evan Win/Lose/Push":"Loss","Evan":"Kansas State -3 (leaders)","Evan Resolved":"Fresno State University @ University of Kansas (University of Kansas -14)","Brandon Bet Amount":"$5","Brandon Win/Lose/Push":"Loss","Brandon":"KU/Fresno o50 (leaders)","Brandon Resolved":"University of Kansas @ Fresno State University (Over 50)","":"","Total Team Bet":"$115.00","Legends Bet":"$75.00","Leaders Bet":"$40.00","To Win":"","Payout":"","TOTALS":"Total Bet","Mitch Totals":"$205.00","Phil Totals":"$215.00","Bryce Totals":"$85.00","Cory Totals":"$105.00","JB Totals":"$135.00","Ethan Totals":"$130.00","Jaime Totals":"$140.00","Nate Totals":"$110.00","Evan Totals":"$135.00","Brandon Totals":"$110.00"},{"Week":"2","Date":"8/29/2025","Mitch Bet Amount":"$5","Mitch Win/Lose/Push":"Loss","Mitch":"Alabama -13.5 (legends)","Mitch Resolved":"University of Texas @ University of Alabama (University of Alabama -13.5)","Phil Bet Amount":"$25","Phil Win/Lose/Push":"Loss","Phil":"Mitch (legends)","Phil Resolved":"Tail Mitch","Bryce Bet Amount":"$10","Bryce Win/Lose/Push":"Win","Bryce":"Ohio st (legends)","Bryce Resolved":"Ohio State University (Ohio State University)","Cory Bet Amount":"$5","Cory Win/Lose/Push":"Win","Cory":"Maryland under  (leaders)","Cory Resolved":"University of Maryland (Under)","JB Bet Amount":"$10","JB Win/Lose/Push":"Loss","JB":"penn st under (legends)","JB Resolved":"University of Maryland (Under)","Ethan Bet Amount":"$5","Ethan Win/Lose/Push":"Win","Ethan":"Iowa under 50.5 (legends)","Ethan Resolved":"University of Maryland (Under)","Jaime Bet Amount":"$15","Jaime Win/Lose/Push":"Win","Jaime":"Tennessee -13.5 (legends)","Jaime Resolved":"University of Texas @ University of Alabama (University of Alabama -13.5)","Nathan Bet Amount":"$10","Nathan Win/Lose/Push":"Win","Nathan":"Padres -1.5 (leaders)","Nathan Resolved":"San Diego Padres (San Diego Padres -1.5)","Evan Bet Amount":"$10","Evan Win/Lose/Push":"Loss","Evan":"Texas +1.5 (leaders)","Evan Resolved":"University of Texas @ University of Alabama (University of Alabama -13.5)","Brandon Bet Amount":"$10","Brandon Win/Lose/Push":"Loss","Brandon":"Sinner -8.5 (leaders)","Brandon Resolved":"Jannik Sinner (Jannik Sinner -8.5)","":"","Total Team Bet":"$105.00","Legends Bet":"$70.00","Leaders Bet":"$35.00","To Win":"","Payout":"","TOTALS":"Total Wins","Mitch Totals":"4","Phil Totals":"5","Bryce Totals":"11","Cory Totals":"10","JB Totals":"6","Ethan Totals":"9","Jaime Totals":"7","Nate Totals":"8","Evan Totals":"7","Brandon Totals":"8"},{"Week":"3","Date":"9/5/2025","Mitch Bet Amount":"$10","Mitch Win/Lose/Push":"Loss","Mitch":"Ole Miss 1H (legends)","Mitch Resolved":"North Carolina State @ University of Mississippi (University of Mississippi -7, 1st Half)","Phil Bet Amount":"$25","Phil Win/Lose/Push":"Loss","Phil":"Ethan (legends)","Phil Resolved":"Tail Ethan","Bryce Bet Amount":"$5","Bryce Win/Lose/Push":"Win","Bryce":"Vikes","Bryce Resolved":"Minnesota Vikings (Minnesota Vikings)","Cory Bet Amount":"$5","Cory Win/Lose/Push":"Win","Cory":"MSU over (leaders)","Cory Resolved":"Michigan State University (Over)","JB Bet Amount":"$15","JB Win/Lose/Push":"Loss","JB":"Navy  (legends)","JB Resolved":"United States Naval Academy (United States Naval Academy)","Ethan Bet Amount":"$5","Ethan Win/Lose/Push":"Loss","Ethan":"USF vs Florida over (legends)","Ethan Resolved":"Michigan State University (Over)","Jaime Bet Amount":"$5","Jaime Win/Lose/Push":"Win","Jaime":"Illinois -2.5 (legends)","Jaime Resolved":"University of Illinois (University of Illinois -2.5)","Nathan Bet Amount":"$5","Nathan Win/Lose/Push":"Win","Nathan":"(NFL) Arizona -6.5 (leaders)","Nathan Resolved":"Arizona Cardinals (Arizona Cardinals -6.5)","Evan Bet Amount":"$15","Evan Win/Lose/Push":"Loss","Evan":"Iowa/ Iowa St over 43 (leaders)","Evan Resolved":"Michigan State University (Over)","Brandon Bet Amount":"$15","Brandon Win/Lose/Push":"Push","Brandon":"W US Open o22 games (leaders)","Brandon Resolved":"US Open (Over 22 Games)","":"","Total Team Bet":"$105.00","Legends Bet":"$60.00","Leaders Bet":"$40.00","To Win":"","Payout":"","TOTALS":"Total Losses","Mitch Totals":"10","Phil Totals":"7","Bryce Totals":"3","Cory Totals":"2","JB Totals":"8","Ethan Totals":"5","Jaime Totals":"7","Nate Totals":"6","Evan Totals":"6","Brandon Totals":"4"},{"Week":"4","Date":"9/12/25","Mitch Bet Amount":"$15","Mitch Win/Lose/Push":"Loss","Mitch":"Steelers (legends)","Mitch Resolved":"Cincinnati Bengals @ Pittsburgh Steelers (Pittsburgh Steelers)","Phil Bet Amount":"$25","Phil Win/Lose/Push":"Win","Phil":"Ethan (legends)","Phil Resolved":"Tail Ethan","Bryce Bet Amount":"$5","Bryce Win/Lose/Push":"Win","Bryce":"Texas A&M (legends)","Bryce Resolved":"Texas A&M University (Texas A&M University)","Cory Bet Amount":"$5","Cory Win/Lose/Push":"Win","Cory":"Eagles (leaders)","Cory Resolved":"Philadelphia Eagles (Philadelphia Eagles)","JB Bet Amount":"$20","JB Win/Lose/Push":"Win","JB":"Nate (legends)","JB Resolved":"Tail Nathan","Ethan Bet Amount":"$10","Ethan Win/Lose/Push":"Win","Ethan":"Texas tech -23 (legends)","Ethan Resolved":"Texas A&M University (Texas A&M University)","Jaime Bet Amount":"$5","Jaime Win/Lose/Push":"Loss","Jaime":"Oregon -26.5 (legends)","Jaime Resolved":"University of Oregon (University of Oregon -26.5)","Nathan Bet Amount":"$5","Nathan Win/Lose/Push":"Win","Nathan":"Rams -5.5 (leaders) ","Nathan Resolved":"Los Angeles Rams (Los Angeles Rams -5.5)","Evan Bet Amount":"$20","Evan Win/Lose/Push":"Push","Evan":"Georgia -3.5 (leaders) ","Evan Resolved":"University of Georgia (University of Georgia -3.5)","Brandon Bet Amount":"$15","Brandon Win/Lose/Push":"Win","Brandon":"Man City -0.75 (leaders) ","Brandon Resolved":"Manchester City (Manchester City -0.75)","":"","Total Team Bet":"$125.00","Legends Bet":"$80.00","Leaders Bet":"$45.00","To Win":"","Payout":"$325.00","TOTALS":"Total Pushes","Mitch Totals":"0","Phil Totals":"2","Bryce Totals":"0","Cory Totals":"2","JB Totals":"0","Ethan Totals":"0","Jaime Totals":"0","Nate Totals":"0","Evan Totals":"1","Brandon Totals":"2"},{"Week":"5","Date":"9/19/25","Mitch Bet Amount":"$20","Mitch Win/Lose/Push":"Loss","Mitch":"JB (legends)","Mitch Resolved":"Tail JB","Phil Bet Amount":"$5","Phil Win/Lose/Push":"Loss","Phil":"Fresno (leaders)","Phil Resolved":"Fresno State University (Fresno State University)","Bryce Bet Amount":"$5","Bryce Win/Lose/Push":"Win","Bryce":"South Carolina (legends)","Bryce Resolved":"University of South Carolina (University of South Carolina)","Cory Bet Amount":"$5","Cory Win/Lose/Push":"Win","Cory":"Indiana (legends)","Cory Resolved":"Indiana University (Indiana University)","JB Bet Amount":"$5","JB Win/Lose/Push":"Loss","JB":"ATL Falcons (legends)","JB Resolved":"Atlanta Falcons (Atlanta Falcons)","Ethan Bet Amount":"$5","Ethan Win/Lose/Push":"Loss","Ethan":"Texans (legends)","Ethan Resolved":"Houston Texans (Houston Texans)","Jaime Bet Amount":"$10","Jaime Win/Lose/Push":"Loss","Jaime":"Packers -7.5 (legends) ","Jaime Resolved":"Green Bay Packers (Green Bay Packers -7.5)","Nathan Bet Amount":"$5","Nathan Win/Lose/Push":"Loss","Nathan":"49ers -2.5 (leaders)","Nathan Resolved":"San Francisco 49ers (San Francisco 49ers -2.5)","Evan Bet Amount":"$20","Evan Win/Lose/Push":"Win","Evan":"Florida/Miami Under 50.5 (leaders)","Evan Resolved":"University of Florida @ University of Miami (Under 50.5)","Brandon Bet Amount":"$5","Brandon Win/Lose/Push":"Loss","Brandon":"Nebraska +1 (leaders)","Brandon Resolved":"University of Nebraska (University of Nebraska +1)","":"","Total Team Bet":"$85.00","Legends Bet":"$50.00","Leaders Bet":"$35.00","To Win":"","Payout":"","TOTALS":"Win Percentage","Mitch Totals":"28.57%","Phil Totals":"41.67%","Bryce Totals":"78.57%","Cory Totals":"83.33%","JB Totals":"42.86%","Ethan Totals":"64.29%","Jaime Totals":"50.00%","Nate Totals":"57.14%","Evan Totals":"53.85%","Brandon Totals":"66.67%"},{"Week":"6","Date":"9/26/25","Mitch Bet Amount":"$25","Mitch Win/Lose/Push":"Loss","Mitch":"Ethan (legends) ","Mitch Resolved":"Tail Ethan","Phil Bet Amount":"$10","Phil Win/Lose/Push":"Loss","Phil":"Alabama/Georgia over (leaders) ","Phil Resolved":"University of Alabama @ University of Georgia (Over)","Bryce Bet Amount":"$5","Bryce Win/Lose/Push":"Loss","Bryce":"Vikings (legends) ","Bryce Resolved":"Minnesota Vikings (Minnesota Vikings)","Cory Bet Amount":"$5","Cory Win/Lose/Push":"Win","Cory":"NW/UCLA under (legends) ","Cory Resolved":"Northwestern University @ University of California Los Angeles (Under)","JB Bet Amount":"$10","JB Win/Lose/Push":"Loss","JB":"San Fran 49ers (legends) ","JB Resolved":"San Francisco 49ers (San Francisco 49ers)","Ethan Bet Amount":"$10","Ethan Win/Lose/Push":"Loss","Ethan":"Georgia (legends) ","Ethan Resolved":"University of Alabama @ University of Georgia (Over)","Jaime Bet Amount":"$15","Jaime Win/Lose/Push":"Loss","Jaime":"PSU Under 53.5 (legends) ","Jaime Resolved":"Northwestern University @ University of California Los Angeles (Under)","Nathan Bet Amount":"$10","Nathan Win/Lose/Push":"Loss","Nathan":"Chargers -6.5 (leaders) ","Nathan Resolved":"Los Angeles Chargers (Los Angeles Chargers -6.5)","Evan Bet Amount":"$5","Evan Win/Lose/Push":"Win","Evan":"Colorado/BYU under 49.5 (leaders) ","Evan Resolved":"Northwestern University @ University of California Los Angeles (Under)","Brandon Bet Amount":"$10","Brandon Win/Lose/Push":"Win","Brandon":"(leaders) Iowa +8.5 ","Brandon Resolved":"University of Iowa (University of Iowa +8.5)","":"","Total Team Bet":"$105.00","Legends Bet":"$70.00","Leaders Bet":"$35.00","To Win":null,"Payout":null,"TOTALS":null,"Mitch Totals":null,"Phil Totals":null,"Bryce Totals":null,"Cory Totals":null,"JB Totals":null,"Ethan Totals":null,"Jaime Totals":null,"Nate Totals":null,"Evan Totals":null,"Brandon Totals":null},{"Week":"7","Date":"10/3/25","Mitch Bet Amount":"$25","Mitch Win/Lose/Push":"Loss","Mitch":"Miami/FSU over (leaders) ","Mitch Resolved":"University of Miami @ Florida State University (Over)","Phil Bet Amount":"$15","Phil Win/Lose/Push":"Loss","Phil":"Texas/Florida Under (leaders) ","Phil Resolved":"University of Texas @ University of Florida (Under)","Bryce Bet Amount":"$10","Bryce Win/Lose/Push":"Win","Bryce":"Vikings Again? (legends) ","Bryce Resolved":"Minnesota Vikings (Minnesota Vikings)","Cory Bet Amount":"$5","Cory Win/Lose/Push":"Win","Cory":"Lions if below 10.5 (legends) ","Cory Resolved":"Detroit Lions (if below 10.5)","JB Bet Amount":"$15","JB Win/Lose/Push":"Win","JB":"Illinois (leaders) ","JB Resolved":"University of Illinois (University of Illinois)","Ethan Bet Amount":"$15","Ethan Win/Lose/Push":"Loss","Ethan":"Cal (legends) ","Ethan Resolved":"University of California Berkeley (University of California Berkeley)","Jaime Bet Amount":"$20","Jaime Win/Lose/Push":"Win","Jaime":"Texas Tech -11.5 (leaders) ","Jaime Resolved":"University of Texas @ University of Florida (Under)","Nathan Bet Amount":"$15","Nathan Win/Lose/Push":"Win","Nathan":"Tail Cory (legends) ","Nathan Resolved":"Tail Cory (legends)","Evan Bet Amount":"$5","Evan Win/Lose/Push":"Loss","Evan":"Texas -5.5 (legends) ","Evan Resolved":"University of Texas @ University of Florida (Under)","Brandon Bet Amount":"$5","Brandon Win/Lose/Push":"Win","Brandon":"Wisconsin +17.5 (legends) ","Brandon Resolved":"University of Wisconsin (University of Wisconsin +17.5)","":"","Total Team Bet":"$130.00","Legends Bet":"$55.00","Leaders Bet":"$75.00","To Win":null,"Payout":null,"TOTALS":null,"Mitch Totals":null,"Phil Totals":null,"Bryce Totals":null,"Cory Totals":null,"JB Totals":null,"Ethan Totals":null,"Jaime Totals":null,"Nate Totals":null,"Evan Totals":null,"Brandon Totals":null},{"Week":"8","Date":"10/10/25","Mitch Bet Amount":"$25","Mitch Win/Lose/Push":"Loss","Mitch":"Oregon (quack quack quack) (leaders)  ","Mitch Resolved":"University of Washington @ University of Oregon (University of Oregon)","Phil Bet Amount":"$20","Phil Win/Lose/Push":"Push","Phil":"Minnesota (leaders)  ","Phil Resolved":"University of Minnesota (University of Minnesota)","Bryce Bet Amount":"$5","Bryce Win/Lose/Push":"Loss","Bryce":"Lions  (legends) ","Bryce Resolved":"Detroit Lions (Detroit Lions)","Cory Bet Amount":"$5","Cory Win/Lose/Push":"Push","Cory":"Bama (legends)  ","Cory Resolved":"University of Alabama (University of Alabama)","JB Bet Amount":"$5","JB Win/Lose/Push":"Loss","JB":"unlv (leaders)  ","JB Resolved":"University of Nevada Las Vegas (University of Nevada Las Vegas)","Ethan Bet Amount":"$20","Ethan Win/Lose/Push":"Win","Ethan":"Brandon (legends)  ","Ethan Resolved":"Tail Brandon","Jaime Bet Amount":"$5","Jaime Win/Lose/Push":"Win","Jaime":"Texas A&M -7.5 (legends)  ","Jaime Resolved":"Texas A&M University (Texas A&M University -7.5)","Nathan Bet Amount":"$5","Nathan Win/Lose/Push":"Loss","Nathan":"Bills -4.5 (legends) ","Nathan Resolved":"Buffalo Bills (Buffalo Bills -4.5)","Evan Bet Amount":"$10","Evan Win/Lose/Push":"Win","Evan":"Pitt +10 (leaders)  ","Evan Resolved":"University of Pittsburgh (University of Pittsburgh +10)","Brandon Bet Amount":"$5","Brandon Win/Lose/Push":"Win","Brandon":"USC -2.5 (legends)  ","Brandon Resolved":"University of Southern California (University of Southern California -2.5)","":"","Total Team Bet":"$105.00","Legends Bet":"$45.00","Leaders Bet":"$60.00","To Win":null,"Payout":null,"TOTALS":null,"Mitch Totals":null,"Phil Totals":null,"Bryce Totals":null,"Cory Totals":null,"JB Totals":null,"Ethan Totals":null,"Jaime Totals":null,"Nate Totals":null,"Evan Totals":null,"Brandon Totals":null},{"Week":"9","Date":"10/17/25","Mitch Bet Amount":"$25","Mitch Win/Lose/Push":"Win","Mitch":"Bryce (leaders)","Mitch Resolved":"Tail Bryce","Phil Bet Amount":"$20","Phil Win/Lose/Push":"Push","Phil":"Notre Dame (leaders) ","Phil Resolved":"University of Notre Dame (University of Notre Dame)","Bryce Bet Amount":"$10","Bryce Win/Lose/Push":"Win","Bryce":"Missouri -1 (buy the half point, still -120)😉 (legends) ","Bryce Resolved":"University of Missouri (University of Missouri -1)","Cory Bet Amount":"$5","Cory Win/Lose/Push":"Win","Cory":"Bears (legends) ","Cory Resolved":"Chicago Bears (Chicago Bears)","JB Bet Amount":"$10","JB Win/Lose/Push":"Loss","JB":"texas tech (leaders) ","JB Resolved":"Texas Tech University (Texas Tech University)","Ethan Bet Amount":"$5","Ethan Win/Lose/Push":"Loss","Ethan":"Nebraska (legends) ","Ethan Resolved":"University of Nebraska (University of Nebraska)","Jaime Bet Amount":"$5","Jaime Win/Lose/Push":"Win","Jaime":"Indiana Over 49.5 (legends) ","Jaime Resolved":"Indiana University (Over 49.5)","Nathan Bet Amount":"$10","Nathan Win/Lose/Push":"Win","Nathan":"Patriots -7 (legends) ","Nathan Resolved":"New England Patriots (New England Patriots -7)","Evan Bet Amount":"$5","Evan Win/Lose/Push":"Loss","Evan":"Texas Tech -7.5 (leaders) ","Evan Resolved":"Texas Tech University (Texas Tech University)","Brandon Bet Amount":"$5","Brandon Win/Lose/Push":"Loss","Brandon":"LSU +2.5 (legends) ","Brandon Resolved":"Louisiana State University (Louisiana State University +2.5)","":"","Total Team Bet":"$100.00","Legends Bet":"$40.00","Leaders Bet":"$60.00","To Win":null,"Payout":null,"TOTALS":null,"Mitch Totals":null,"Phil Totals":null,"Bryce Totals":null,"Cory Totals":null,"JB Totals":null,"Ethan Totals":null,"Jaime Totals":null,"Nate Totals":null,"Evan Totals":null,"Brandon Totals":null},{"Week":"10","Date":"10/24/25","Mitch Bet Amount":"$5","Mitch Win/Lose/Push":"Loss","Mitch":"USF (leaders) ","Mitch Resolved":"San Jose State University @ University of South Florida (University of South Florida)","Phil Bet Amount":"$20","Phil Win/Lose/Push":"Win","Phil":"Texas A&M/LSU Over (leaders) ","Phil Resolved":"Texas A&M University @ Louisiana State University (Over)","Bryce Bet Amount":"$5","Bryce Win/Lose/Push":"Win","Bryce":"BYU (legends) ","Bryce Resolved":"Brigham Young University (Brigham Young University)","Cory Bet Amount":"$5","Cory Win/Lose/Push":"Loss","Cory":"Bama (legends)  ","Cory Resolved":"University of Alabama (University of Alabama)","JB Bet Amount":"$15","JB Win/Lose/Push":"Win","JB":"southern miss (leaders) ","JB Resolved":"University of Southern Mississippi (University of Southern Mississippi)","Ethan Bet Amount":"$10","Ethan Win/Lose/Push":"Win","Ethan":"Oklahoma vs ole miss over (legends) ","Ethan Resolved":"Texas A&M University @ Louisiana State University (Over)","Jaime Bet Amount":"$5","Jaime Win/Lose/Push":"Loss","Jaime":"UCLA +26 (legends) ","Jaime Resolved":"University of California Los Angeles (University of California Los Angeles +26)","Nathan Bet Amount":"$5","Nathan Win/Lose/Push":"Win","Nathan":"Chiefs -11.5 (legends) ","Nathan Resolved":"Kansas City Chiefs (Kansas City Chiefs -11.5)","Evan Bet Amount":"$10","Evan Win/Lose/Push":"Win","Evan":"Ole Miss +5.5 (leaders) ","Evan Resolved":"University of Southern Mississippi (University of Southern Mississippi)","Brandon Bet Amount":"$10","Brandon Win/Lose/Push":"Win","Brandon":"IF(Man City > -120, Man City, MSU +13.5) (legends) ","Brandon Resolved":"Kansas City Chiefs (Kansas City Chiefs -11.5)","":"","Total Team Bet":"$90.00","Legends Bet":"$40.00","Leaders Bet":"$50.00","To Win":null,"Payout":null,"TOTALS":null,"Mitch Totals":null,"Phil Totals":null,"Bryce Totals":null,"Cory Totals":null,"JB Totals":null,"Ethan Totals":null,"Jaime Totals":null,"Nate Totals":null,"Evan Totals":null,"Brandon Totals":null},{"Week":"11","Date":"10/31/25","Mitch Bet Amount":"$10","Mitch Win/Lose/Push":"Loss","Mitch":"georgia tech - tail JB (leaders)","Mitch Resolved":"Tail georgia tech - JB (leaders)","Phil Bet Amount":"$5","Phil Win/Lose/Push":"Win","Phil":"Utah (leaders)","Phil Resolved":"University of Utah (University of Utah)","Bryce Bet Amount":"$5","Bryce Win/Lose/Push":"Win","Bryce":"Timothy Cuamba (legends)","Bryce Resolved":"Timothy Cuamba (Timothy Cuamba)","Cory Bet Amount":"$10","Cory Win/Lose/Push":"Loss","Cory":"(legends) Patriots  ","Cory Resolved":"New England Patriots (New England Patriots)","JB Bet Amount":"$5","JB Win/Lose/Push":"Loss","JB":"(leaders) Georgia tech","JB Resolved":"Georgia Institute of Technology (Georgia Institute of Technology)","Ethan Bet Amount":"$5","Ethan Win/Lose/Push":"Win","Ethan":"Indiana (legends)","Ethan Resolved":"Indiana University (Indiana University)","Jaime Bet Amount":"$10","Jaime Win/Lose/Push":"Loss","Jaime":"MIA/SMU Over (legends)","Jaime Resolved":"University of Miami @ Southern Methodist University (Over)","Nathan Bet Amount":"$5","Nathan Win/Lose/Push":"Loss","Nathan":"KC -1.5 (legends) ","Nathan Resolved":"Kansas City Chiefs (Kansas City Chiefs -1.5)","Evan Bet Amount":"$5","Evan Win/Lose/Push":"Win","Evan":"Oklahoma+2.5 (leaders)","Evan Resolved":"University of Oklahoma (University of Oklahoma +2.5)","Brandon Bet Amount":"$5","Brandon Win/Lose/Push":"Push","Brandon":"Texas -3.5 (legends)","Brandon Resolved":"University of Texas (University of Texas -3.5)","":"","Total Team Bet":"$65.00","Legends Bet":"$40.00","Leaders Bet":"$25.00","To Win":null,"Payout":null,"TOTALS":null,"Mitch Totals":null,"Phil Totals":null,"Bryce Totals":null,"Cory Totals":null,"JB Totals":null,"Ethan Totals":null,"Jaime Totals":null,"Nate Totals":null,"Evan Totals":null,"Brandon Totals":null},{"Week":"12","Date":"11/7/25","Mitch Bet Amount":"$15","Mitch Win/Lose/Push":"Win","Mitch":"Wake Forest  (leaders) ","Mitch Resolved":"Stanford University @ Wake Forest University (Wake Forest University)","Phil Bet Amount":"$5","Phil Win/Lose/Push":"Loss","Phil":"Oregon (leaders) ","Phil Resolved":"University of Oregon (University of Oregon)","Bryce Bet Amount":"$5","Bryce Win/Lose/Push":"Win","Bryce":"(legends) UL LAFAYETTE ","Bryce Resolved":"University of Louisiana Lafayette (University of Louisiana Lafayette)","Cory Bet Amount":"$15","Cory Win/Lose/Push":"Win","Cory":"Wash/wi under (legends) ","Cory Resolved":"University of Washington @ University of Wisconsin (Under)","JB Bet Amount":"$10","JB Win/Lose/Push":"Win","JB":"stanford under (leaders) ","JB Resolved":"Stanford University @ Wake Forest University (Wake Forest University)","Ethan Bet Amount":"$5","Ethan Win/Lose/Push":"Win","Ethan":"Vandy (legends) ","Ethan Resolved":"Vanderbilt University (Vanderbilt University)","Jaime Bet Amount":"$15","Jaime Win/Lose/Push":"Win","Jaime":"Texas A&M -6.5 (leaders) ","Jaime Resolved":"Texas A&M University (Texas A&M University -6.5)","Nathan Bet Amount":"$10","Nathan Win/Lose/Push":"Win","Nathan":"LAR (legends) ","Nathan Resolved":"Los Angeles Rams (Los Angeles Rams)","Evan Bet Amount":"$5","Evan Win/Lose/Push":"Loss","Evan":"BYU +12 (legends) ","Evan Resolved":"Brigham Young University (Brigham Young University +12)","Brandon Bet Amount":"$5","Brandon Win/Lose/Push":"Win","Brandon":"Penn State (legends) ","Brandon Resolved":"Penn State University (Penn State University)","":"","Total Team Bet":"$90.00","Legends Bet":"$45.00","Leaders Bet":"$45.00","To Win":null,"Payout":null,"TOTALS":null,"Mitch Totals":null,"Phil Totals":null,"Bryce Totals":null,"Cory Totals":null,"JB Totals":null,"Ethan Totals":null,"Jaime Totals":null,"Nate Totals":null,"Evan Totals":null,"Brandon Totals":null},{"Week":"13","Date":"11/14/25","Mitch Bet Amount":"$5","Mitch Win/Lose/Push":"Loss","Mitch":"San Jose St. (leaders)","Mitch Resolved":"University of Nevada Las Vegas @ San Jose State University (San Jose State University)","Phil Bet Amount":"$10","Phil Win/Lose/Push":"Win","Phil":"Penn State (leaders) ","Phil Resolved":"University of Nevada Las Vegas @ San Jose State University (San Jose State University)","Bryce Bet Amount":"$5","Bryce Win/Lose/Push":"Win","Bryce":"(legends) Arizona ","Bryce Resolved":"University of Arizona (University of Arizona)","Cory Bet Amount":"$5","Cory Win/Lose/Push":"Push","Cory":"(legends) Ravens  ","Cory Resolved":"Baltimore Ravens (Baltimore Ravens)","JB Bet Amount":"$5","JB Win/Lose/Push":"Win","JB":"(leaders) Iowa under ","JB Resolved":"University of Iowa (Under)","Ethan Bet Amount":"$5","Ethan Win/Lose/Push":"Win","Ethan":"Georgia (legends) ","Ethan Resolved":"University of Georgia (University of Georgia)","Jaime Bet Amount":"$5","Jaime Win/Lose/Push":"Win","Jaime":"Texas A&M/SC Over (legends) ","Jaime Resolved":"Texas A&M University @ University of South Carolina (Over)","Nathan Bet Amount":"$5","Nathan Win/Lose/Push":"Loss","Nathan":"Texans (legends) ","Nathan Resolved":"Houston Texans (Houston Texans)","Evan Bet Amount":"$10","Evan Win/Lose/Push":"Win","Evan":"BYU -3 (leaders) ","Evan Resolved":"Brigham Young University (Brigham Young University -3)","Brandon Bet Amount":"$5","Brandon Win/Lose/Push":"Win","Brandon":"Northwestern +11.5 (legends) ","Brandon Resolved":"Northwestern University (Northwestern University +11.5)","":"","Total Team Bet":"$60.00","Legends Bet":"$30.00","Leaders Bet":"$30.00","To Win":null,"Payout":null,"TOTALS":null,"Mitch Totals":null,"Phil Totals":null,"Bryce Totals":null,"Cory Totals":null,"JB Totals":null,"Ethan Totals":null,"Jaime Totals":null,"Nate Totals":null,"Evan Totals":null,"Brandon Totals":null},{"Week":"14","Date":"11/21/25","Mitch Bet Amount":"$10","Mitch Win/Lose/Push":"Win","Mitch":"Bryce (leaders)","Mitch Resolved":"Tail Bryce","Phil Bet Amount":"$5","Phil Win/Lose/Push":"Win","Phil":"Michigan (leaders)","Phil Resolved":"University of Michigan (University of Michigan)","Bryce Bet Amount":"$5","Bryce Win/Lose/Push":"Win","Bryce":"Duke (legends)","Bryce Resolved":"Duke University (Duke University)","Cory Bet Amount":"$5","Cory Win/Lose/Push":"Win","Cory":"Utah KSU. Over (legends)","Cory Resolved":"Kansas State University @ University of Utah (Over)","JB Bet Amount":"$5","JB Win/Lose/Push":"Win","JB":"Brandon (leaders)","JB Resolved":"Tail Brandon","Ethan Bet Amount":"$5","Ethan Win/Lose/Push":"Win","Ethan":"Bengals (legends)","Ethan Resolved":"Cincinnati Bengals (Cincinnati Bengals)","Jaime Bet Amount":"$5","Jaime Win/Lose/Push":"Loss","Jaime":"Texas A&M/Samford Over (legends)","Jaime Resolved":"Kansas State University @ University of Utah (Over)","Nathan Bet Amount":"$10","Nathan Win/Lose/Push":"Win","Nathan":"Rams (legends)","Nathan Resolved":"Los Angeles Rams (Los Angeles Rams)","Evan Bet Amount":"$5","Evan Win/Lose/Push":"Win","Evan":"Tennessee -4 (leaders)","Evan Resolved":"University of Tennessee (University of Tennessee -4)","Brandon Bet Amount":"$5","Brandon Win/Lose/Push":"Win","Brandon":"BYU (legends)","Brandon Resolved":"Brigham Young University (Brigham Young University)","":"","Total Team Bet":"$60.00","Legends Bet":"$35.00","Leaders Bet":"$25.00","To Win":"","Payout":"$87.38","TOTALS":null,"Mitch Totals":null,"Phil Totals":null,"Bryce Totals":null,"Cory Totals":null,"JB Totals":null,"Ethan Totals":null,"Jaime Totals":null,"Nate Totals":null,"Evan Totals":null,"Brandon Totals":null},{"Week":"15","Date":"11/28/25","Mitch Bet Amount":"$5","Mitch Win/Lose/Push":"W","Mitch":"Alabama -110 (leaders)","Mitch Resolved":"Alabama Crimson Tide @ Auburn Tigers (Alabama Crimson Tide -5)","Phil Bet Amount":"$5","Phil Win/Lose/Push":"W","Phil":"Oregon (leaders) ","Phil Resolved":"Oregon Ducks @ Washington Huskies","Bryce Bet Amount":"$5","Bryce Win/Lose/Push":"L","Bryce":"vikes (NFL) (legends)","Bryce Resolved":"Minnesota Vikings @ Seattle Seahawks (Minnesota Vikings +11.5)","Cory Bet Amount":"$5","Cory Win/Lose/Push":"W","Cory":"houston (NCAAF) (legends)","Cory Resolved":"Houston Cougars @ Baylor Bears (Houston Cougars +2.5)","JB Bet Amount":"$5","JB Win/Lose/Push":"W","JB":"NW/Illinois under (leaders) (leaders)","JB Resolved":"Northwestern Wildcats @ Illinois Fighting Illini (Under 45.5)","Ethan Bet Amount":"$5","Ethan Win/Lose/Push":"W","Ethan":"ohio state -110 (legends)","Ethan Resolved":"Ohio State Buckeyes @ Michigan Wolverines (Ohio State Buckeyes -9.5)","Jaime Bet Amount":"$10","Jaime Win/Lose/Push":"L","Jaime":"OK/LSU Over -110 (leaders)","Jaime Resolved":"LSU Tigers @ Oklahoma Sooners (Over 36.5)","Nathan Bet Amount":"$5","Nathan Win/Lose/Push":"L","Nathan":"Browns  -110 (legends)","Nathan Resolved":"San Francisco 49ers @ Cleveland Browns (Cleveland Browns +6)","Evan Bet Amount":"$5","Evan Win/Lose/Push":"L","Evan":"Pitt +7 (NCAAF) (legends)","Evan Resolved":"Miami Hurricanes @ Pittsburgh Panthers (Pittsburgh Panthers +7)","Brandon Bet Amount":"$5","Brandon Win/Lose/Push":"W","Brandon":"Ethan (legends)","Brandon Resolved":"Ethan","":"","Total Team Bet":"$30.00","Legends Bet":"$0.00","Leaders Bet":"$0.00","To Win":null,"Payout":null,"TOTALS":null,"Mitch Totals":null,"Phil Totals":null,"Bryce Totals":null,"Cory Totals":null,"JB Totals":null,"Ethan Totals":null,"Jaime Totals":null,"Nate Totals":null,"Evan Totals":null,"Brandon Totals":null},{"Week":"16","Date":"12/5/25","Mitch Bet Amount":"$5","Mitch Win/Lose/Push":"W","Mitch":"Louisville | -4.5 (NCAAB) (leaders)","Mitch Resolved":"Indiana Hoosiers @ Louisville Cardinals (Louisville Cardinals -4.5)","Phil Bet Amount":"$5","Phil Win/Lose/Push":"W","Phil":"Miami-Ohio | under 43 (NCAAF) (leaders)","Phil Resolved":"Miami (OH) RedHawks @ Western Michigan Broncos (Under 43)","Bryce Bet Amount":"$10","Bryce Win/Lose/Push":"W","Bryce":"Georgia | -2 (NCAAF) (legends)","Bryce Resolved":"Georgia Bulldogs @ Alabama Crimson Tide (Georgia Bulldogs -2)","Cory Bet Amount":"$5","Cory Win/Lose/Push":"L","Cory":"Virginia | -4 (NCAAF) (legends)","Cory Resolved":"Duke Blue Devils @ Virginia Cavaliers (Virginia Cavaliers -4)","JB Bet Amount":"$5","JB Win/Lose/Push":"L","JB":"montana/montana st over 53.5","JB Resolved":"montana @ montana st (Over 53.5)","Ethan Bet Amount":"$5","Ethan Win/Lose/Push":"W","Ethan":"Jaguars | +2 (NFL) (legends)","Ethan Resolved":"Indianapolis Colts @ Jacksonville Jaguars (Jacksonville Jaguars +2)","Jaime Bet Amount":"$15","Jaime Win/Lose/Push":"L","Jaime":"Packers/Bears | under 44 (NFL) (leaders)","Jaime Resolved":"Chicago Bears @ Green Bay Packers (Under 44)","Nathan Bet Amount":"$10","Nathan Win/Lose/Push":"W","Nathan":"Texans | +3.5 (NFL) (legends)","Nathan Resolved":"Houston Texans @ Kansas City Chiefs (Houston Texans +3.5)","Evan Bet Amount":"$10","Evan Win/Lose/Push":"L","Evan":"Georgia Alabama | under 48 (NCAAF) (legends)","Evan Resolved":"Georgia Bulldogs @ Alabama Crimson Tide (Under 48)","Brandon Bet Amount":"$5","Brandon Win/Lose/Push":"L","Brandon":"OSU | -3 (NCAAF) (legends)","Brandon Resolved":"Indiana Hoosiers @ Ohio State Buckeyes (Ohio State Buckeyes -3)","":"","Total Team Bet":"$0.00","Legends Bet":"$0.00","Leaders Bet":"$0.00","To Win":null,"Payout":null,"TOTALS":null,"Mitch Totals":null,"Phil Totals":null,"Bryce Totals":null,"Cory Totals":null,"JB Totals":null,"Ethan Totals":null,"Jaime Totals":null,"Nate Totals":null,"Evan Totals":null,"Brandon Totals":null},{"Week":"17","Date":"12/12/2025","Mitch Bet Amount":"$5","Mitch Win/Lose/Push":"L","Mitch":"Navy -6 (leaders)","Mitch Resolved":"(Navy -6)","Phil Bet Amount":"$5","Phil Win/Lose/Push":"W","Phil":"Army/Navy Under 38 (leaders)","Phil Resolved":"(Under 38)","Bryce Bet Amount":"$5","Bryce Win/Lose/Push":"W","Bryce":"Brandon (legends)","Bryce Resolved":"Tail Brandon","Cory Bet Amount":"$10","Cory Win/Lose/Push":"L","Cory":"Houston/az under 42.5 (legends)","Cory Resolved":"Houston Texans Arizona Cardinals (Under 42.5)","JB Bet Amount":"$5","JB Win/Lose/Push":"P","JB":"zaga -10 (leaders)","JB Resolved":"UCLA Bruins @ Gonzaga Bulldogs (Gonzaga -10)","Ethan Bet Amount":"$5","Ethan Win/Lose/Push":"L","Ethan":"Creighton -4 (legends)","Ethan Resolved":"Kansas St. Wildcats @ Creighton Bluejays (Creighton -4)","Jaime Bet Amount":"$20","Jaime Win/Lose/Push":"W","Jaime":"Packers/Broncos Over 43 (leaders)","Jaime Resolved":"Green Bay Packers Denver Broncos (Over 43)","Nathan Bet Amount":"$5","Nathan Win/Lose/Push":"L","Nathan":"Packers -2 (legends)","Nathan Resolved":"Green Bay Packers Denver Broncos (Green Bay Packers -2)","Evan Bet Amount":"$15","Evan Win/Lose/Push":"W","Evan":"Michigan St Penn St under 145 (legends)","Evan Resolved":"Michigan St. Spartans Penn State Nittany Lions (Under 145)","Brandon Bet Amount":"$10","Brandon Win/Lose/Push":"W","Brandon":"Man City -.5 (legends)","Brandon Resolved":"Crystal Palace F.C. @ Manchester City Football Club (Manchester City -.5)","":null,"Total Team Bet":null,"Legends Bet":null,"Leaders Bet":null,"To Win":null,"Payout":null,"TOTALS":null,"Mitch Totals":null,"Phil Totals":null,"Bryce Totals":null,"Cory Totals":null,"JB Totals":null,"Ethan Totals":null,"Jaime Totals":null,"Nate Totals":null,"Evan Totals":null,"Brandon Totals":null},{"Week":"18","Date":"12/19/2025","Mitch Bet Amount":"$10","Mitch Win/Lose/Push":"L","Mitch":"unc | -3.5 (NCAAB) (leaders)","Mitch Resolved":"Ohio State Buckeyes @ North Carolina Tar Heels (North Carolina Tar Heels -3.5)","Phil Bet Amount":"$5","Phil Win/Lose/Push":"L","Phil":"Utah State/Wash State | Under 50 (NCAAF) (legends)","Phil Resolved":"Washington State Cougars @ Utah State Aggies (Under 50)","Bryce Bet Amount":"$5","Bryce Win/Lose/Push":"L","Bryce":"Utah State | -1 (NCAAF) (legends)","Bryce Resolved":"Washington State Cougars @ Utah State Aggies (Utah State Aggies -1)","Cory Bet Amount":"$15","Cory Win/Lose/Push":"W","Cory":"Unlv/Ohio under | under 65.5 (NCAAF) (legends)","Cory Resolved":"Unlv/Ohio under (Under 65.5)","JB Bet Amount":"$5","JB Win/Lose/Push":"W","JB":"montana/montana st over 53.5","JB Resolved":"Montana Grizzlies @ Montana State Bobcats (Over 53.5)","Ethan Bet Amount":"$10","Ethan Win/Lose/Push":"W","Ethan":"Gophers | -2 (NCAAF) (legends)","Ethan Resolved":"New Mexico Lobos @ Minnesota Golden Gophers (Minnesota Golden Gophers -2)","Jaime Bet Amount":"$5","Jaime Win/Lose/Push":"W","Jaime":"49ers | -5.5 (NFL) (leaders)","Jaime Resolved":"San Francisco 49ers @ Indianapolis Colts (San Francisco 49ers -5.5)","Nathan Bet Amount":"$10","Nathan Win/Lose/Push":"W","Nathan":"Vikes | -2.5 (NFL) (legends)","Nathan Resolved":"Minnesota Vikings @ New York Giants (Minnesota Vikings -2.5)","Evan Bet Amount":"$5","Evan Win/Lose/Push":"W","Evan":"TAM Miami | under 48 (NCAAF) (leaders)","Evan Resolved":"Miami Hurricanes @ Texas A&M Aggies (Under 48)","Brandon Bet Amount":"$5","Brandon Win/Lose/Push":"L","Brandon":"TAM | -3 (NCAAF) (legends)","Brandon Resolved":"TAM (TAM -3)","":null,"Total Team Bet":null,"Legends Bet":null,"Leaders Bet":null,"To Win":null,"Payout":null,"TOTALS":null,"Mitch Totals":null,"Phil Totals":null,"Bryce Totals":null,"Cory Totals":null,"JB Totals":null,"Ethan Totals":null,"Jaime Totals":null,"Nate Totals":null,"Evan Totals":null,"Brandon Totals":null},{"Week":"19","Date":"12/26/2025","Mitch Bet Amount":"$15","Mitch Win/Lose/Push":"W","Mitch":"Navy | -7 (NCAAF) (leaders)","Mitch Resolved":"Navy Midshipmen @ Cincinnati Bearcats (Navy Midshipmen -7)","Phil Bet Amount":"$10","Phil Win/Lose/Push":"L","Phil":"North Texas / San Diego St | Under 52.5 (NCAAF) (leaders)","Phil Resolved":"North Texas Mean Green @ San Diego State Aztecs (Under 52.5)","Bryce Bet Amount":"$10","Bryce Win/Lose/Push":"L","Bryce":"Arizona | +7 (NFL) (legends)","Bryce Resolved":"Arizona Cardinals @ Cincinnati Bengals (Arizona Cardinals +7)","Cory Bet Amount":"$5","Cory Win/Lose/Push":"W","Cory":"Oregon/tt | under 52.5 (NCAAF) (legends)","Cory Resolved":"Oregon @ tt (Under 52.5)","JB Bet Amount":"$5","JB Win/Lose/Push":"L","JB":"Vandy Baby! | -4.5 (NCAAF) (leaders)","JB Resolved":"Vandy Baby! (Vandy Baby! -4.5)","Ethan Bet Amount":"$5","Ethan Win/Lose/Push":"L","Ethan":"Georgia | -6 (NCAAF) (legends)","Ethan Resolved":"Georgia Tech Yellow Jackets @ BYU Cougars (Georgia Tech Yellow Jackets -6)","Jaime Bet Amount":"$5","Jaime Win/Lose/Push":"W","Jaime":"49ers | -3 (NFL) (leaders)","Jaime Resolved":"Chicago Bears @ San Francisco 49ers (San Francisco 49ers -3)","Nathan Bet Amount":"$5","Nathan Win/Lose/Push":"L","Nathan":"Packers | -3 (NFL) (legends)","Nathan Resolved":"Baltimore Ravens @ Green Bay Packers (Green Bay Packers -3)","Evan Bet Amount":"$5","Evan Win/Lose/Push":"L","Evan":"texas tech | +2 (NCAAF) (legends)","Evan Resolved":"Oregon Ducks @ Texas Tech Red Raiders (Texas Tech Red Raiders +2)","Brandon Bet Amount":"$10","Brandon Win/Lose/Push":"W","Brandon":"Texans | +2 (NFL) (legends)","Brandon Resolved":"Houston Texans @ Los Angeles Chargers (Houston Texans +2)","":null,"Total Team Bet":null,"Legends Bet":null,"Leaders Bet":null,"To Win":null,"Payout":null,"TOTALS":null,"Mitch Totals":null,"Phil Totals":null,"Bryce Totals":null,"Cory Totals":null,"JB Totals":null,"Ethan Totals":null,"Jaime Totals":null,"Nate Totals":null,"Evan Totals":null,"Brandon Totals":null},{"Week":"20","Date":"01/02/2026","Mitch Bet Amount":"$5","Mitch Win/Lose/Push":"W","Mitch":"Alabama (NCAAB) (leaders)","Mitch Resolved":"Kentucky Wildcats @ Alabama Crimson Tide (Alabama Crimson Tide -5.5) (NCAAB)","Phil Bet Amount":"$15","Phil Win/Lose/Push":"W","Phil":"Illinois State/Montana State Over (leaders)","Phil Resolved":"Illinois State Redbirds @ Montana State Bobcats (Over 56.5) (FCS)","Bryce Bet Amount":"$15","Bryce Win/Lose/Push":"W","Bryce":"Indiana (legends)","Bryce Resolved":"Oregon @ Indiana (Indiana -4)","Cory Bet Amount":"$5","Cory Win/Lose/Push":"L","Cory":"49ers (legends)","Cory Resolved":"Seattle Seahawks @ San Francisco 49ers ( San Franscisco 49ers +3)","JB Bet Amount":"$10","JB Win/Lose/Push":"L","JB":"montana st - buy the half point (leaders)","JB Resolved":"Illinois State Redbirds @ Montana State Bobcats (Montana State Bobcats -10) (FCS)","Ethan Bet Amount":"$10","Ethan Win/Lose/Push":"W","Ethan":"Timberwolves (legends)","Ethan Resolved":"Minnesota Timberwolves @ Miami Heat (Minnesota Timberwolves -3) (NBA)","Jaime Bet Amount":"$5","Jaime Win/Lose/Push":"W","Jaime":"Steelers/Ravens Over (legends)","Jaime Resolved":"Baltimore Ravens @ Pittsburgh Steelers (Over 41) (NFL)","Nathan Bet Amount":"$10","Nathan Win/Lose/Push":"L","Nathan":"Bengals (legends)","Nathan Resolved":"Cleveland Browns @ Cincinnati Bengals (Cincinnati Bengals -7) (NFL)","Evan Bet Amount":"$10","Evan Win/Lose/Push":"W","Evan":"Virginia Tech +5.5 (leaders)","Evan Resolved":"Virginia Tech Hokies @ Wake Forest Demon Deacons (Virginia Tech Hokies +5.5) (NCAAB)","Brandon Bet Amount":"$5","Brandon Win/Lose/Push":"W","Brandon":"Iowa -6.5 (legends)","Brandon Resolved":"UCLA Bruins @ Iowa Hawkeyes (Iowa Hawkeyes -6.5) (NCAAB)","":null,"Total Team Bet":null,"Legends Bet":null,"Leaders Bet":null,"To Win":null,"Payout":null,"TOTALS":null,"Mitch Totals":null,"Phil Totals":null,"Bryce Totals":null,"Cory Totals":null,"JB Totals":null,"Ethan Totals":null,"Jaime Totals":null,"Nate Totals":null,"Evan Totals":null,"Brandon Totals":null},{"Week":"21","Date":"01/09/2026","Mitch Bet Amount":"$5","Mitch Win/Lose/Push":"","Mitch":"","Mitch Resolved":"","Phil Bet Amount":"$5","Phil Win/Lose/Push":"","Phil":"","Phil Resolved":"","Bryce Bet Amount":"$5","Bryce Win/Lose/Push":"","Bryce":"","Bryce Resolved":"","Cory Bet Amount":"$10","Cory Win/Lose/Push":"","Cory":"","Cory Resolved":"","JB Bet Amount":"$15","JB Win/Lose/Push":"","JB":"","JB Resolved":"","Ethan Bet Amount":"$5","Ethan Win/Lose/Push":"","Ethan":"","Ethan Resolved":"","Jaime Bet Amount":"$5","Jaime Win/Lose/Push":"","Jaime":"","Jaime Resolved":"","Nathan Bet Amount":"$15","Nathan Win/Lose/Push":"","Nathan":"","Nathan Resolved":"","Evan Bet Amount":"$5","Evan Win/Lose/Push":"","Evan":"","Evan Resolved":"","Brandon Bet Amount":"$5","Brandon Win/Lose/Push":null,"Brandon":null,"Brandon Resolved":null,"":null,"Total Team Bet":null,"Legends Bet":null,"Leaders Bet":null,"To Win":null,"Payout":null,"TOTALS":null,"Mitch Totals":null,"Phil Totals":null,"Bryce Totals":null,"Cory Totals":null,"JB Totals":null,"Ethan Totals":null,"Jaime Totals":null,"Nate Totals":null,"Evan Totals":null,"Brandon Totals":null}]
3:31:43 AM [express] GET /api/data 304 in 3ms :: [{"Week":"1","Date":"8/22/2025","Mitch Bet Amount":"$10","Mitch Win/Lose/Push":"Win","Mitch":"Kansas -14 (legends)","Mitch Resolved":"Fresno State University @ University of Kansas (University of Kansas -14)","Phil Bet Amount":"$25","Phil Win/Lose/Push":"Loss","Phil":"JB (legends)","Phil Resolved":"Tail JB","Bryce Bet Amount":"$5","Bryce Win/Lose/Push":"Loss","Bryce":"Stanford? +2.5 (legends)","Bryce Resolved":"Stanford University (Stanford University +2.5)","Cory Bet Amount":"$25","Cory Win/Lose/Push":"Win","Cory":"Rutgers over 47 (leaders)","Cory Resolved":"Rutgers University (Over 47)","JB Bet Amount":"$5","JB Win/Lose/Push":"Loss","JB":"kansas st over 52 (legends)","JB Resolved":"Fresno State University @ University of Kansas (University of Kansas -14)","Ethan Bet Amount":"$20","Ethan Win/Lose/Push":"Win","Ethan":"Mitch (legends)","Ethan Resolved":"Tail Mitch","Jaime Bet Amount":"$10","Jaime Win/Lose/Push":"Loss","Jaime":"UCF/Jax St Over 52.5 (legends)","Jaime Resolved":"Rutgers University (Over 47)","Nathan Bet Amount":"$5","Nathan Win/Lose/Push":"Loss","Nathan":"Universitario -0.5 (leaders)","Nathan Resolved":"Universitario (Universitario -0.5)","Evan Bet Amount":"$5","Evan Win/Lose/Push":"Loss","Evan":"Kansas State -3 (leaders)","Evan Resolved":"Fresno State University @ University of Kansas (University of Kansas -14)","Brandon Bet Amount":"$5","Brandon Win/Lose/Push":"Loss","Brandon":"KU/Fresno o50 (leaders)","Brandon Resolved":"University of Kansas @ Fresno State University (Over 50)","":"","Total Team Bet":"$115.00","Legends Bet":"$75.00","Leaders Bet":"$40.00","To Win":"","Payout":"","TOTALS":"Total Bet","Mitch Totals":"$205.00","Phil Totals":"$215.00","Bryce Totals":"$85.00","Cory Totals":"$105.00","JB Totals":"$135.00","Ethan Totals":"$130.00","Jaime Totals":"$140.00","Nate Totals":"$110.00","Evan Totals":"$135.00","Brandon Totals":"$110.00"},{"Week":"2","Date":"8/29/2025","Mitch Bet Amount":"$5","Mitch Win/Lose/Push":"Loss","Mitch":"Alabama -13.5 (legends)","Mitch Resolved":"University of Texas @ University of Alabama (University of Alabama -13.5)","Phil Bet Amount":"$25","Phil Win/Lose/Push":"Loss","Phil":"Mitch (legends)","Phil Resolved":"Tail Mitch","Bryce Bet Amount":"$10","Bryce Win/Lose/Push":"Win","Bryce":"Ohio st (legends)","Bryce Resolved":"Ohio State University (Ohio State University)","Cory Bet Amount":"$5","Cory Win/Lose/Push":"Win","Cory":"Maryland under  (leaders)","Cory Resolved":"University of Maryland (Under)","JB Bet Amount":"$10","JB Win/Lose/Push":"Loss","JB":"penn st under (legends)","JB Resolved":"University of Maryland (Under)","Ethan Bet Amount":"$5","Ethan Win/Lose/Push":"Win","Ethan":"Iowa under 50.5 (legends)","Ethan Resolved":"University of Maryland (Under)","Jaime Bet Amount":"$15","Jaime Win/Lose/Push":"Win","Jaime":"Tennessee -13.5 (legends)","Jaime Resolved":"University of Texas @ University of Alabama (University of Alabama -13.5)","Nathan Bet Amount":"$10","Nathan Win/Lose/Push":"Win","Nathan":"Padres -1.5 (leaders)","Nathan Resolved":"San Diego Padres (San Diego Padres -1.5)","Evan Bet Amount":"$10","Evan Win/Lose/Push":"Loss","Evan":"Texas +1.5 (leaders)","Evan Resolved":"University of Texas @ University of Alabama (University of Alabama -13.5)","Brandon Bet Amount":"$10","Brandon Win/Lose/Push":"Loss","Brandon":"Sinner -8.5 (leaders)","Brandon Resolved":"Jannik Sinner (Jannik Sinner -8.5)","":"","Total Team Bet":"$105.00","Legends Bet":"$70.00","Leaders Bet":"$35.00","To Win":"","Payout":"","TOTALS":"Total Wins","Mitch Totals":"4","Phil Totals":"5","Bryce Totals":"11","Cory Totals":"10","JB Totals":"6","Ethan Totals":"9","Jaime Totals":"7","Nate Totals":"8","Evan Totals":"7","Brandon Totals":"8"},{"Week":"3","Date":"9/5/2025","Mitch Bet Amount":"$10","Mitch Win/Lose/Push":"Loss","Mitch":"Ole Miss 1H (legends)","Mitch Resolved":"North Carolina State @ University of Mississippi (University of Mississippi -7, 1st Half)","Phil Bet Amount":"$25","Phil Win/Lose/Push":"Loss","Phil":"Ethan (legends)","Phil Resolved":"Tail Ethan","Bryce Bet Amount":"$5","Bryce Win/Lose/Push":"Win","Bryce":"Vikes","Bryce Resolved":"Minnesota Vikings (Minnesota Vikings)","Cory Bet Amount":"$5","Cory Win/Lose/Push":"Win","Cory":"MSU over (leaders)","Cory Resolved":"Michigan State University (Over)","JB Bet Amount":"$15","JB Win/Lose/Push":"Loss","JB":"Navy  (legends)","JB Resolved":"United States Naval Academy (United States Naval Academy)","Ethan Bet Amount":"$5","Ethan Win/Lose/Push":"Loss","Ethan":"USF vs Florida over (legends)","Ethan Resolved":"Michigan State University (Over)","Jaime Bet Amount":"$5","Jaime Win/Lose/Push":"Win","Jaime":"Illinois -2.5 (legends)","Jaime Resolved":"University of Illinois (University of Illinois -2.5)","Nathan Bet Amount":"$5","Nathan Win/Lose/Push":"Win","Nathan":"(NFL) Arizona -6.5 (leaders)","Nathan Resolved":"Arizona Cardinals (Arizona Cardinals -6.5)","Evan Bet Amount":"$15","Evan Win/Lose/Push":"Loss","Evan":"Iowa/ Iowa St over 43 (leaders)","Evan Resolved":"Michigan State University (Over)","Brandon Bet Amount":"$15","Brandon Win/Lose/Push":"Push","Brandon":"W US Open o22 games (leaders)","Brandon Resolved":"US Open (Over 22 Games)","":"","Total Team Bet":"$105.00","Legends Bet":"$60.00","Leaders Bet":"$40.00","To Win":"","Payout":"","TOTALS":"Total Losses","Mitch Totals":"10","Phil Totals":"7","Bryce Totals":"3","Cory Totals":"2","JB Totals":"8","Ethan Totals":"5","Jaime Totals":"7","Nate Totals":"6","Evan Totals":"6","Brandon Totals":"4"},{"Week":"4","Date":"9/12/25","Mitch Bet Amount":"$15","Mitch Win/Lose/Push":"Loss","Mitch":"Steelers (legends)","Mitch Resolved":"Cincinnati Bengals @ Pittsburgh Steelers (Pittsburgh Steelers)","Phil Bet Amount":"$25","Phil Win/Lose/Push":"Win","Phil":"Ethan (legends)","Phil Resolved":"Tail Ethan","Bryce Bet Amount":"$5","Bryce Win/Lose/Push":"Win","Bryce":"Texas A&M (legends)","Bryce Resolved":"Texas A&M University (Texas A&M University)","Cory Bet Amount":"$5","Cory Win/Lose/Push":"Win","Cory":"Eagles (leaders)","Cory Resolved":"Philadelphia Eagles (Philadelphia Eagles)","JB Bet Amount":"$20","JB Win/Lose/Push":"Win","JB":"Nate (legends)","JB Resolved":"Tail Nathan","Ethan Bet Amount":"$10","Ethan Win/Lose/Push":"Win","Ethan":"Texas tech -23 (legends)","Ethan Resolved":"Texas A&M University (Texas A&M University)","Jaime Bet Amount":"$5","Jaime Win/Lose/Push":"Loss","Jaime":"Oregon -26.5 (legends)","Jaime Resolved":"University of Oregon (University of Oregon -26.5)","Nathan Bet Amount":"$5","Nathan Win/Lose/Push":"Win","Nathan":"Rams -5.5 (leaders) ","Nathan Resolved":"Los Angeles Rams (Los Angeles Rams -5.5)","Evan Bet Amount":"$20","Evan Win/Lose/Push":"Push","Evan":"Georgia -3.5 (leaders) ","Evan Resolved":"University of Georgia (University of Georgia -3.5)","Brandon Bet Amount":"$15","Brandon Win/Lose/Push":"Win","Brandon":"Man City -0.75 (leaders) ","Brandon Resolved":"Manchester City (Manchester City -0.75)","":"","Total Team Bet":"$125.00","Legends Bet":"$80.00","Leaders Bet":"$45.00","To Win":"","Payout":"$325.00","TOTALS":"Total Pushes","Mitch Totals":"0","Phil Totals":"2","Bryce Totals":"0","Cory Totals":"2","JB Totals":"0","Ethan Totals":"0","Jaime Totals":"0","Nate Totals":"0","Evan Totals":"1","Brandon Totals":"2"},{"Week":"5","Date":"9/19/25","Mitch Bet Amount":"$20","Mitch Win/Lose/Push":"Loss","Mitch":"JB (legends)","Mitch Resolved":"Tail JB","Phil Bet Amount":"$5","Phil Win/Lose/Push":"Loss","Phil":"Fresno (leaders)","Phil Resolved":"Fresno State University (Fresno State University)","Bryce Bet Amount":"$5","Bryce Win/Lose/Push":"Win","Bryce":"South Carolina (legends)","Bryce Resolved":"University of South Carolina (University of South Carolina)","Cory Bet Amount":"$5","Cory Win/Lose/Push":"Win","Cory":"Indiana (legends)","Cory Resolved":"Indiana University (Indiana University)","JB Bet Amount":"$5","JB Win/Lose/Push":"Loss","JB":"ATL Falcons (legends)","JB Resolved":"Atlanta Falcons (Atlanta Falcons)","Ethan Bet Amount":"$5","Ethan Win/Lose/Push":"Loss","Ethan":"Texans (legends)","Ethan Resolved":"Houston Texans (Houston Texans)","Jaime Bet Amount":"$10","Jaime Win/Lose/Push":"Loss","Jaime":"Packers -7.5 (legends) ","Jaime Resolved":"Green Bay Packers (Green Bay Packers -7.5)","Nathan Bet Amount":"$5","Nathan Win/Lose/Push":"Loss","Nathan":"49ers -2.5 (leaders)","Nathan Resolved":"San Francisco 49ers (San Francisco 49ers -2.5)","Evan Bet Amount":"$20","Evan Win/Lose/Push":"Win","Evan":"Florida/Miami Under 50.5 (leaders)","Evan Resolved":"University of Florida @ University of Miami (Under 50.5)","Brandon Bet Amount":"$5","Brandon Win/Lose/Push":"Loss","Brandon":"Nebraska +1 (leaders)","Brandon Resolved":"University of Nebraska (University of Nebraska +1)","":"","Total Team Bet":"$85.00","Legends Bet":"$50.00","Leaders Bet":"$35.00","To Win":"","Payout":"","TOTALS":"Win Percentage","Mitch Totals":"28.57%","Phil Totals":"41.67%","Bryce Totals":"78.57%","Cory Totals":"83.33%","JB Totals":"42.86%","Ethan Totals":"64.29%","Jaime Totals":"50.00%","Nate Totals":"57.14%","Evan Totals":"53.85%","Brandon Totals":"66.67%"},{"Week":"6","Date":"9/26/25","Mitch Bet Amount":"$25","Mitch Win/Lose/Push":"Loss","Mitch":"Ethan (legends) ","Mitch Resolved":"Tail Ethan","Phil Bet Amount":"$10","Phil Win/Lose/Push":"Loss","Phil":"Alabama/Georgia over (leaders) ","Phil Resolved":"University of Alabama @ University of Georgia (Over)","Bryce Bet Amount":"$5","Bryce Win/Lose/Push":"Loss","Bryce":"Vikings (legends) ","Bryce Resolved":"Minnesota Vikings (Minnesota Vikings)","Cory Bet Amount":"$5","Cory Win/Lose/Push":"Win","Cory":"NW/UCLA under (legends) ","Cory Resolved":"Northwestern University @ University of California Los Angeles (Under)","JB Bet Amount":"$10","JB Win/Lose/Push":"Loss","JB":"San Fran 49ers (legends) ","JB Resolved":"San Francisco 49ers (San Francisco 49ers)","Ethan Bet Amount":"$10","Ethan Win/Lose/Push":"Loss","Ethan":"Georgia (legends) ","Ethan Resolved":"University of Alabama @ University of Georgia (Over)","Jaime Bet Amount":"$15","Jaime Win/Lose/Push":"Loss","Jaime":"PSU Under 53.5 (legends) ","Jaime Resolved":"Northwestern University @ University of California Los Angeles (Under)","Nathan Bet Amount":"$10","Nathan Win/Lose/Push":"Loss","Nathan":"Chargers -6.5 (leaders) ","Nathan Resolved":"Los Angeles Chargers (Los Angeles Chargers -6.5)","Evan Bet Amount":"$5","Evan Win/Lose/Push":"Win","Evan":"Colorado/BYU under 49.5 (leaders) ","Evan Resolved":"Northwestern University @ University of California Los Angeles (Under)","Brandon Bet Amount":"$10","Brandon Win/Lose/Push":"Win","Brandon":"(leaders) Iowa +8.5 ","Brandon Resolved":"University of Iowa (University of Iowa +8.5)","":"","Total Team Bet":"$105.00","Legends Bet":"$70.00","Leaders Bet":"$35.00","To Win":null,"Payout":null,"TOTALS":null,"Mitch Totals":null,"Phil Totals":null,"Bryce Totals":null,"Cory Totals":null,"JB Totals":null,"Ethan Totals":null,"Jaime Totals":null,"Nate Totals":null,"Evan Totals":null,"Brandon Totals":null},{"Week":"7","Date":"10/3/25","Mitch Bet Amount":"$25","Mitch Win/Lose/Push":"Loss","Mitch":"Miami/FSU over (leaders) ","Mitch Resolved":"University of Miami @ Florida State University (Over)","Phil Bet Amount":"$15","Phil Win/Lose/Push":"Loss","Phil":"Texas/Florida Under (leaders) ","Phil Resolved":"University of Texas @ University of Florida (Under)","Bryce Bet Amount":"$10","Bryce Win/Lose/Push":"Win","Bryce":"Vikings Again? (legends) ","Bryce Resolved":"Minnesota Vikings (Minnesota Vikings)","Cory Bet Amount":"$5","Cory Win/Lose/Push":"Win","Cory":"Lions if below 10.5 (legends) ","Cory Resolved":"Detroit Lions (if below 10.5)","JB Bet Amount":"$15","JB Win/Lose/Push":"Win","JB":"Illinois (leaders) ","JB Resolved":"University of Illinois (University of Illinois)","Ethan Bet Amount":"$15","Ethan Win/Lose/Push":"Loss","Ethan":"Cal (legends) ","Ethan Resolved":"University of California Berkeley (University of California Berkeley)","Jaime Bet Amount":"$20","Jaime Win/Lose/Push":"Win","Jaime":"Texas Tech -11.5 (leaders) ","Jaime Resolved":"University of Texas @ University of Florida (Under)","Nathan Bet Amount":"$15","Nathan Win/Lose/Push":"Win","Nathan":"Tail Cory (legends) ","Nathan Resolved":"Tail Cory (legends)","Evan Bet Amount":"$5","Evan Win/Lose/Push":"Loss","Evan":"Texas -5.5 (legends) ","Evan Resolved":"University of Texas @ University of Florida (Under)","Brandon Bet Amount":"$5","Brandon Win/Lose/Push":"Win","Brandon":"Wisconsin +17.5 (legends) ","Brandon Resolved":"University of Wisconsin (University of Wisconsin +17.5)","":"","Total Team Bet":"$130.00","Legends Bet":"$55.00","Leaders Bet":"$75.00","To Win":null,"Payout":null,"TOTALS":null,"Mitch Totals":null,"Phil Totals":null,"Bryce Totals":null,"Cory Totals":null,"JB Totals":null,"Ethan Totals":null,"Jaime Totals":null,"Nate Totals":null,"Evan Totals":null,"Brandon Totals":null},{"Week":"8","Date":"10/10/25","Mitch Bet Amount":"$25","Mitch Win/Lose/Push":"Loss","Mitch":"Oregon (quack quack quack) (leaders)  ","Mitch Resolved":"University of Washington @ University of Oregon (University of Oregon)","Phil Bet Amount":"$20","Phil Win/Lose/Push":"Push","Phil":"Minnesota (leaders)  ","Phil Resolved":"University of Minnesota (University of Minnesota)","Bryce Bet Amount":"$5","Bryce Win/Lose/Push":"Loss","Bryce":"Lions  (legends) ","Bryce Resolved":"Detroit Lions (Detroit Lions)","Cory Bet Amount":"$5","Cory Win/Lose/Push":"Push","Cory":"Bama (legends)  ","Cory Resolved":"University of Alabama (University of Alabama)","JB Bet Amount":"$5","JB Win/Lose/Push":"Loss","JB":"unlv (leaders)  ","JB Resolved":"University of Nevada Las Vegas (University of Nevada Las Vegas)","Ethan Bet Amount":"$20","Ethan Win/Lose/Push":"Win","Ethan":"Brandon (legends)  ","Ethan Resolved":"Tail Brandon","Jaime Bet Amount":"$5","Jaime Win/Lose/Push":"Win","Jaime":"Texas A&M -7.5 (legends)  ","Jaime Resolved":"Texas A&M University (Texas A&M University -7.5)","Nathan Bet Amount":"$5","Nathan Win/Lose/Push":"Loss","Nathan":"Bills -4.5 (legends) ","Nathan Resolved":"Buffalo Bills (Buffalo Bills -4.5)","Evan Bet Amount":"$10","Evan Win/Lose/Push":"Win","Evan":"Pitt +10 (leaders)  ","Evan Resolved":"University of Pittsburgh (University of Pittsburgh +10)","Brandon Bet Amount":"$5","Brandon Win/Lose/Push":"Win","Brandon":"USC -2.5 (legends)  ","Brandon Resolved":"University of Southern California (University of Southern California -2.5)","":"","Total Team Bet":"$105.00","Legends Bet":"$45.00","Leaders Bet":"$60.00","To Win":null,"Payout":null,"TOTALS":null,"Mitch Totals":null,"Phil Totals":null,"Bryce Totals":null,"Cory Totals":null,"JB Totals":null,"Ethan Totals":null,"Jaime Totals":null,"Nate Totals":null,"Evan Totals":null,"Brandon Totals":null},{"Week":"9","Date":"10/17/25","Mitch Bet Amount":"$25","Mitch Win/Lose/Push":"Win","Mitch":"Bryce (leaders)","Mitch Resolved":"Tail Bryce","Phil Bet Amount":"$20","Phil Win/Lose/Push":"Push","Phil":"Notre Dame (leaders) ","Phil Resolved":"University of Notre Dame (University of Notre Dame)","Bryce Bet Amount":"$10","Bryce Win/Lose/Push":"Win","Bryce":"Missouri -1 (buy the half point, still -120)😉 (legends) ","Bryce Resolved":"University of Missouri (University of Missouri -1)","Cory Bet Amount":"$5","Cory Win/Lose/Push":"Win","Cory":"Bears (legends) ","Cory Resolved":"Chicago Bears (Chicago Bears)","JB Bet Amount":"$10","JB Win/Lose/Push":"Loss","JB":"texas tech (leaders) ","JB Resolved":"Texas Tech University (Texas Tech University)","Ethan Bet Amount":"$5","Ethan Win/Lose/Push":"Loss","Ethan":"Nebraska (legends) ","Ethan Resolved":"University of Nebraska (University of Nebraska)","Jaime Bet Amount":"$5","Jaime Win/Lose/Push":"Win","Jaime":"Indiana Over 49.5 (legends) ","Jaime Resolved":"Indiana University (Over 49.5)","Nathan Bet Amount":"$10","Nathan Win/Lose/Push":"Win","Nathan":"Patriots -7 (legends) ","Nathan Resolved":"New England Patriots (New England Patriots -7)","Evan Bet Amount":"$5","Evan Win/Lose/Push":"Loss","Evan":"Texas Tech -7.5 (leaders) ","Evan Resolved":"Texas Tech University (Texas Tech University)","Brandon Bet Amount":"$5","Brandon Win/Lose/Push":"Loss","Brandon":"LSU +2.5 (legends) ","Brandon Resolved":"Louisiana State University (Louisiana State University +2.5)","":"","Total Team Bet":"$100.00","Legends Bet":"$40.00","Leaders Bet":"$60.00","To Win":null,"Payout":null,"TOTALS":null,"Mitch Totals":null,"Phil Totals":null,"Bryce Totals":null,"Cory Totals":null,"JB Totals":null,"Ethan Totals":null,"Jaime Totals":null,"Nate Totals":null,"Evan Totals":null,"Brandon Totals":null},{"Week":"10","Date":"10/24/25","Mitch Bet Amount":"$5","Mitch Win/Lose/Push":"Loss","Mitch":"USF (leaders) ","Mitch Resolved":"San Jose State University @ University of South Florida (University of South Florida)","Phil Bet Amount":"$20","Phil Win/Lose/Push":"Win","Phil":"Texas A&M/LSU Over (leaders) ","Phil Resolved":"Texas A&M University @ Louisiana State University (Over)","Bryce Bet Amount":"$5","Bryce Win/Lose/Push":"Win","Bryce":"BYU (legends) ","Bryce Resolved":"Brigham Young University (Brigham Young University)","Cory Bet Amount":"$5","Cory Win/Lose/Push":"Loss","Cory":"Bama (legends)  ","Cory Resolved":"University of Alabama (University of Alabama)","JB Bet Amount":"$15","JB Win/Lose/Push":"Win","JB":"southern miss (leaders) ","JB Resolved":"University of Southern Mississippi (University of Southern Mississippi)","Ethan Bet Amount":"$10","Ethan Win/Lose/Push":"Win","Ethan":"Oklahoma vs ole miss over (legends) ","Ethan Resolved":"Texas A&M University @ Louisiana State University (Over)","Jaime Bet Amount":"$5","Jaime Win/Lose/Push":"Loss","Jaime":"UCLA +26 (legends) ","Jaime Resolved":"University of California Los Angeles (University of California Los Angeles +26)","Nathan Bet Amount":"$5","Nathan Win/Lose/Push":"Win","Nathan":"Chiefs -11.5 (legends) ","Nathan Resolved":"Kansas City Chiefs (Kansas City Chiefs -11.5)","Evan Bet Amount":"$10","Evan Win/Lose/Push":"Win","Evan":"Ole Miss +5.5 (leaders) ","Evan Resolved":"University of Southern Mississippi (University of Southern Mississippi)","Brandon Bet Amount":"$10","Brandon Win/Lose/Push":"Win","Brandon":"IF(Man City > -120, Man City, MSU +13.5) (legends) ","Brandon Resolved":"Kansas City Chiefs (Kansas City Chiefs -11.5)","":"","Total Team Bet":"$90.00","Legends Bet":"$40.00","Leaders Bet":"$50.00","To Win":null,"Payout":null,"TOTALS":null,"Mitch Totals":null,"Phil Totals":null,"Bryce Totals":null,"Cory Totals":null,"JB Totals":null,"Ethan Totals":null,"Jaime Totals":null,"Nate Totals":null,"Evan Totals":null,"Brandon Totals":null},{"Week":"11","Date":"10/31/25","Mitch Bet Amount":"$10","Mitch Win/Lose/Push":"Loss","Mitch":"georgia tech - tail JB (leaders)","Mitch Resolved":"Tail georgia tech - JB (leaders)","Phil Bet Amount":"$5","Phil Win/Lose/Push":"Win","Phil":"Utah (leaders)","Phil Resolved":"University of Utah (University of Utah)","Bryce Bet Amount":"$5","Bryce Win/Lose/Push":"Win","Bryce":"Timothy Cuamba (legends)","Bryce Resolved":"Timothy Cuamba (Timothy Cuamba)","Cory Bet Amount":"$10","Cory Win/Lose/Push":"Loss","Cory":"(legends) Patriots  ","Cory Resolved":"New England Patriots (New England Patriots)","JB Bet Amount":"$5","JB Win/Lose/Push":"Loss","JB":"(leaders) Georgia tech","JB Resolved":"Georgia Institute of Technology (Georgia Institute of Technology)","Ethan Bet Amount":"$5","Ethan Win/Lose/Push":"Win","Ethan":"Indiana (legends)","Ethan Resolved":"Indiana University (Indiana University)","Jaime Bet Amount":"$10","Jaime Win/Lose/Push":"Loss","Jaime":"MIA/SMU Over (legends)","Jaime Resolved":"University of Miami @ Southern Methodist University (Over)","Nathan Bet Amount":"$5","Nathan Win/Lose/Push":"Loss","Nathan":"KC -1.5 (legends) ","Nathan Resolved":"Kansas City Chiefs (Kansas City Chiefs -1.5)","Evan Bet Amount":"$5","Evan Win/Lose/Push":"Win","Evan":"Oklahoma+2.5 (leaders)","Evan Resolved":"University of Oklahoma (University of Oklahoma +2.5)","Brandon Bet Amount":"$5","Brandon Win/Lose/Push":"Push","Brandon":"Texas -3.5 (legends)","Brandon Resolved":"University of Texas (University of Texas -3.5)","":"","Total Team Bet":"$65.00","Legends Bet":"$40.00","Leaders Bet":"$25.00","To Win":null,"Payout":null,"TOTALS":null,"Mitch Totals":null,"Phil Totals":null,"Bryce Totals":null,"Cory Totals":null,"JB Totals":null,"Ethan Totals":null,"Jaime Totals":null,"Nate Totals":null,"Evan Totals":null,"Brandon Totals":null},{"Week":"12","Date":"11/7/25","Mitch Bet Amount":"$15","Mitch Win/Lose/Push":"Win","Mitch":"Wake Forest  (leaders) ","Mitch Resolved":"Stanford University @ Wake Forest University (Wake Forest University)","Phil Bet Amount":"$5","Phil Win/Lose/Push":"Loss","Phil":"Oregon (leaders) ","Phil Resolved":"University of Oregon (University of Oregon)","Bryce Bet Amount":"$5","Bryce Win/Lose/Push":"Win","Bryce":"(legends) UL LAFAYETTE ","Bryce Resolved":"University of Louisiana Lafayette (University of Louisiana Lafayette)","Cory Bet Amount":"$15","Cory Win/Lose/Push":"Win","Cory":"Wash/wi under (legends) ","Cory Resolved":"University of Washington @ University of Wisconsin (Under)","JB Bet Amount":"$10","JB Win/Lose/Push":"Win","JB":"stanford under (leaders) ","JB Resolved":"Stanford University @ Wake Forest University (Wake Forest University)","Ethan Bet Amount":"$5","Ethan Win/Lose/Push":"Win","Ethan":"Vandy (legends) ","Ethan Resolved":"Vanderbilt University (Vanderbilt University)","Jaime Bet Amount":"$15","Jaime Win/Lose/Push":"Win","Jaime":"Texas A&M -6.5 (leaders) ","Jaime Resolved":"Texas A&M University (Texas A&M University -6.5)","Nathan Bet Amount":"$10","Nathan Win/Lose/Push":"Win","Nathan":"LAR (legends) ","Nathan Resolved":"Los Angeles Rams (Los Angeles Rams)","Evan Bet Amount":"$5","Evan Win/Lose/Push":"Loss","Evan":"BYU +12 (legends) ","Evan Resolved":"Brigham Young University (Brigham Young University +12)","Brandon Bet Amount":"$5","Brandon Win/Lose/Push":"Win","Brandon":"Penn State (legends) ","Brandon Resolved":"Penn State University (Penn State University)","":"","Total Team Bet":"$90.00","Legends Bet":"$45.00","Leaders Bet":"$45.00","To Win":null,"Payout":null,"TOTALS":null,"Mitch Totals":null,"Phil Totals":null,"Bryce Totals":null,"Cory Totals":null,"JB Totals":null,"Ethan Totals":null,"Jaime Totals":null,"Nate Totals":null,"Evan Totals":null,"Brandon Totals":null},{"Week":"13","Date":"11/14/25","Mitch Bet Amount":"$5","Mitch Win/Lose/Push":"Loss","Mitch":"San Jose St. (leaders)","Mitch Resolved":"University of Nevada Las Vegas @ San Jose State University (San Jose State University)","Phil Bet Amount":"$10","Phil Win/Lose/Push":"Win","Phil":"Penn State (leaders) ","Phil Resolved":"University of Nevada Las Vegas @ San Jose State University (San Jose State University)","Bryce Bet Amount":"$5","Bryce Win/Lose/Push":"Win","Bryce":"(legends) Arizona ","Bryce Resolved":"University of Arizona (University of Arizona)","Cory Bet Amount":"$5","Cory Win/Lose/Push":"Push","Cory":"(legends) Ravens  ","Cory Resolved":"Baltimore Ravens (Baltimore Ravens)","JB Bet Amount":"$5","JB Win/Lose/Push":"Win","JB":"(leaders) Iowa under ","JB Resolved":"University of Iowa (Under)","Ethan Bet Amount":"$5","Ethan Win/Lose/Push":"Win","Ethan":"Georgia (legends) ","Ethan Resolved":"University of Georgia (University of Georgia)","Jaime Bet Amount":"$5","Jaime Win/Lose/Push":"Win","Jaime":"Texas A&M/SC Over (legends) ","Jaime Resolved":"Texas A&M University @ University of South Carolina (Over)","Nathan Bet Amount":"$5","Nathan Win/Lose/Push":"Loss","Nathan":"Texans (legends) ","Nathan Resolved":"Houston Texans (Houston Texans)","Evan Bet Amount":"$10","Evan Win/Lose/Push":"Win","Evan":"BYU -3 (leaders) ","Evan Resolved":"Brigham Young University (Brigham Young University -3)","Brandon Bet Amount":"$5","Brandon Win/Lose/Push":"Win","Brandon":"Northwestern +11.5 (legends) ","Brandon Resolved":"Northwestern University (Northwestern University +11.5)","":"","Total Team Bet":"$60.00","Legends Bet":"$30.00","Leaders Bet":"$30.00","To Win":null,"Payout":null,"TOTALS":null,"Mitch Totals":null,"Phil Totals":null,"Bryce Totals":null,"Cory Totals":null,"JB Totals":null,"Ethan Totals":null,"Jaime Totals":null,"Nate Totals":null,"Evan Totals":null,"Brandon Totals":null},{"Week":"14","Date":"11/21/25","Mitch Bet Amount":"$10","Mitch Win/Lose/Push":"Win","Mitch":"Bryce (leaders)","Mitch Resolved":"Tail Bryce","Phil Bet Amount":"$5","Phil Win/Lose/Push":"Win","Phil":"Michigan (leaders)","Phil Resolved":"University of Michigan (University of Michigan)","Bryce Bet Amount":"$5","Bryce Win/Lose/Push":"Win","Bryce":"Duke (legends)","Bryce Resolved":"Duke University (Duke University)","Cory Bet Amount":"$5","Cory Win/Lose/Push":"Win","Cory":"Utah KSU. Over (legends)","Cory Resolved":"Kansas State University @ University of Utah (Over)","JB Bet Amount":"$5","JB Win/Lose/Push":"Win","JB":"Brandon (leaders)","JB Resolved":"Tail Brandon","Ethan Bet Amount":"$5","Ethan Win/Lose/Push":"Win","Ethan":"Bengals (legends)","Ethan Resolved":"Cincinnati Bengals (Cincinnati Bengals)","Jaime Bet Amount":"$5","Jaime Win/Lose/Push":"Loss","Jaime":"Texas A&M/Samford Over (legends)","Jaime Resolved":"Kansas State University @ University of Utah (Over)","Nathan Bet Amount":"$10","Nathan Win/Lose/Push":"Win","Nathan":"Rams (legends)","Nathan Resolved":"Los Angeles Rams (Los Angeles Rams)","Evan Bet Amount":"$5","Evan Win/Lose/Push":"Win","Evan":"Tennessee -4 (leaders)","Evan Resolved":"University of Tennessee (University of Tennessee -4)","Brandon Bet Amount":"$5","Brandon Win/Lose/Push":"Win","Brandon":"BYU (legends)","Brandon Resolved":"Brigham Young University (Brigham Young University)","":"","Total Team Bet":"$60.00","Legends Bet":"$35.00","Leaders Bet":"$25.00","To Win":"","Payout":"$87.38","TOTALS":null,"Mitch Totals":null,"Phil Totals":null,"Bryce Totals":null,"Cory Totals":null,"JB Totals":null,"Ethan Totals":null,"Jaime Totals":null,"Nate Totals":null,"Evan Totals":null,"Brandon Totals":null},{"Week":"15","Date":"11/28/25","Mitch Bet Amount":"$5","Mitch Win/Lose/Push":"W","Mitch":"Alabama -110 (leaders)","Mitch Resolved":"Alabama Crimson Tide @ Auburn Tigers (Alabama Crimson Tide -5)","Phil Bet Amount":"$5","Phil Win/Lose/Push":"W","Phil":"Oregon (leaders) ","Phil Resolved":"Oregon Ducks @ Washington Huskies","Bryce Bet Amount":"$5","Bryce Win/Lose/Push":"L","Bryce":"vikes (NFL) (legends)","Bryce Resolved":"Minnesota Vikings @ Seattle Seahawks (Minnesota Vikings +11.5)","Cory Bet Amount":"$5","Cory Win/Lose/Push":"W","Cory":"houston (NCAAF) (legends)","Cory Resolved":"Houston Cougars @ Baylor Bears (Houston Cougars +2.5)","JB Bet Amount":"$5","JB Win/Lose/Push":"W","JB":"NW/Illinois under (leaders) (leaders)","JB Resolved":"Northwestern Wildcats @ Illinois Fighting Illini (Under 45.5)","Ethan Bet Amount":"$5","Ethan Win/Lose/Push":"W","Ethan":"ohio state -110 (legends)","Ethan Resolved":"Ohio State Buckeyes @ Michigan Wolverines (Ohio State Buckeyes -9.5)","Jaime Bet Amount":"$10","Jaime Win/Lose/Push":"L","Jaime":"OK/LSU Over -110 (leaders)","Jaime Resolved":"LSU Tigers @ Oklahoma Sooners (Over 36.5)","Nathan Bet Amount":"$5","Nathan Win/Lose/Push":"L","Nathan":"Browns  -110 (legends)","Nathan Resolved":"San Francisco 49ers @ Cleveland Browns (Cleveland Browns +6)","Evan Bet Amount":"$5","Evan Win/Lose/Push":"L","Evan":"Pitt +7 (NCAAF) (legends)","Evan Resolved":"Miami Hurricanes @ Pittsburgh Panthers (Pittsburgh Panthers +7)","Brandon Bet Amount":"$5","Brandon Win/Lose/Push":"W","Brandon":"Ethan (legends)","Brandon Resolved":"Ethan","":"","Total Team Bet":"$30.00","Legends Bet":"$0.00","Leaders Bet":"$0.00","To Win":null,"Payout":null,"TOTALS":null,"Mitch Totals":null,"Phil Totals":null,"Bryce Totals":null,"Cory Totals":null,"JB Totals":null,"Ethan Totals":null,"Jaime Totals":null,"Nate Totals":null,"Evan Totals":null,"Brandon Totals":null},{"Week":"16","Date":"12/5/25","Mitch Bet Amount":"$5","Mitch Win/Lose/Push":"W","Mitch":"Louisville | -4.5 (NCAAB) (leaders)","Mitch Resolved":"Indiana Hoosiers @ Louisville Cardinals (Louisville Cardinals -4.5)","Phil Bet Amount":"$5","Phil Win/Lose/Push":"W","Phil":"Miami-Ohio | under 43 (NCAAF) (leaders)","Phil Resolved":"Miami (OH) RedHawks @ Western Michigan Broncos (Under 43)","Bryce Bet Amount":"$10","Bryce Win/Lose/Push":"W","Bryce":"Georgia | -2 (NCAAF) (legends)","Bryce Resolved":"Georgia Bulldogs @ Alabama Crimson Tide (Georgia Bulldogs -2)","Cory Bet Amount":"$5","Cory Win/Lose/Push":"L","Cory":"Virginia | -4 (NCAAF) (legends)","Cory Resolved":"Duke Blue Devils @ Virginia Cavaliers (Virginia Cavaliers -4)","JB Bet Amount":"$5","JB Win/Lose/Push":"L","JB":"montana/montana st over 53.5","JB Resolved":"montana @ montana st (Over 53.5)","Ethan Bet Amount":"$5","Ethan Win/Lose/Push":"W","Ethan":"Jaguars | +2 (NFL) (legends)","Ethan Resolved":"Indianapolis Colts @ Jacksonville Jaguars (Jacksonville Jaguars +2)","Jaime Bet Amount":"$15","Jaime Win/Lose/Push":"L","Jaime":"Packers/Bears | under 44 (NFL) (leaders)","Jaime Resolved":"Chicago Bears @ Green Bay Packers (Under 44)","Nathan Bet Amount":"$10","Nathan Win/Lose/Push":"W","Nathan":"Texans | +3.5 (NFL) (legends)","Nathan Resolved":"Houston Texans @ Kansas City Chiefs (Houston Texans +3.5)","Evan Bet Amount":"$10","Evan Win/Lose/Push":"L","Evan":"Georgia Alabama | under 48 (NCAAF) (legends)","Evan Resolved":"Georgia Bulldogs @ Alabama Crimson Tide (Under 48)","Brandon Bet Amount":"$5","Brandon Win/Lose/Push":"L","Brandon":"OSU | -3 (NCAAF) (legends)","Brandon Resolved":"Indiana Hoosiers @ Ohio State Buckeyes (Ohio State Buckeyes -3)","":"","Total Team Bet":"$0.00","Legends Bet":"$0.00","Leaders Bet":"$0.00","To Win":null,"Payout":null,"TOTALS":null,"Mitch Totals":null,"Phil Totals":null,"Bryce Totals":null,"Cory Totals":null,"JB Totals":null,"Ethan Totals":null,"Jaime Totals":null,"Nate Totals":null,"Evan Totals":null,"Brandon Totals":null},{"Week":"17","Date":"12/12/2025","Mitch Bet Amount":"$5","Mitch Win/Lose/Push":"L","Mitch":"Navy -6 (leaders)","Mitch Resolved":"(Navy -6)","Phil Bet Amount":"$5","Phil Win/Lose/Push":"W","Phil":"Army/Navy Under 38 (leaders)","Phil Resolved":"(Under 38)","Bryce Bet Amount":"$5","Bryce Win/Lose/Push":"W","Bryce":"Brandon (legends)","Bryce Resolved":"Tail Brandon","Cory Bet Amount":"$10","Cory Win/Lose/Push":"L","Cory":"Houston/az under 42.5 (legends)","Cory Resolved":"Houston Texans Arizona Cardinals (Under 42.5)","JB Bet Amount":"$5","JB Win/Lose/Push":"P","JB":"zaga -10 (leaders)","JB Resolved":"UCLA Bruins @ Gonzaga Bulldogs (Gonzaga -10)","Ethan Bet Amount":"$5","Ethan Win/Lose/Push":"L","Ethan":"Creighton -4 (legends)","Ethan Resolved":"Kansas St. Wildcats @ Creighton Bluejays (Creighton -4)","Jaime Bet Amount":"$20","Jaime Win/Lose/Push":"W","Jaime":"Packers/Broncos Over 43 (leaders)","Jaime Resolved":"Green Bay Packers Denver Broncos (Over 43)","Nathan Bet Amount":"$5","Nathan Win/Lose/Push":"L","Nathan":"Packers -2 (legends)","Nathan Resolved":"Green Bay Packers Denver Broncos (Green Bay Packers -2)","Evan Bet Amount":"$15","Evan Win/Lose/Push":"W","Evan":"Michigan St Penn St under 145 (legends)","Evan Resolved":"Michigan St. Spartans Penn State Nittany Lions (Under 145)","Brandon Bet Amount":"$10","Brandon Win/Lose/Push":"W","Brandon":"Man City -.5 (legends)","Brandon Resolved":"Crystal Palace F.C. @ Manchester City Football Club (Manchester City -.5)","":null,"Total Team Bet":null,"Legends Bet":null,"Leaders Bet":null,"To Win":null,"Payout":null,"TOTALS":null,"Mitch Totals":null,"Phil Totals":null,"Bryce Totals":null,"Cory Totals":null,"JB Totals":null,"Ethan Totals":null,"Jaime Totals":null,"Nate Totals":null,"Evan Totals":null,"Brandon Totals":null},{"Week":"18","Date":"12/19/2025","Mitch Bet Amount":"$10","Mitch Win/Lose/Push":"L","Mitch":"unc | -3.5 (NCAAB) (leaders)","Mitch Resolved":"Ohio State Buckeyes @ North Carolina Tar Heels (North Carolina Tar Heels -3.5)","Phil Bet Amount":"$5","Phil Win/Lose/Push":"L","Phil":"Utah State/Wash State | Under 50 (NCAAF) (legends)","Phil Resolved":"Washington State Cougars @ Utah State Aggies (Under 50)","Bryce Bet Amount":"$5","Bryce Win/Lose/Push":"L","Bryce":"Utah State | -1 (NCAAF) (legends)","Bryce Resolved":"Washington State Cougars @ Utah State Aggies (Utah State Aggies -1)","Cory Bet Amount":"$15","Cory Win/Lose/Push":"W","Cory":"Unlv/Ohio under | under 65.5 (NCAAF) (legends)","Cory Resolved":"Unlv/Ohio under (Under 65.5)","JB Bet Amount":"$5","JB Win/Lose/Push":"W","JB":"montana/montana st over 53.5","JB Resolved":"Montana Grizzlies @ Montana State Bobcats (Over 53.5)","Ethan Bet Amount":"$10","Ethan Win/Lose/Push":"W","Ethan":"Gophers | -2 (NCAAF) (legends)","Ethan Resolved":"New Mexico Lobos @ Minnesota Golden Gophers (Minnesota Golden Gophers -2)","Jaime Bet Amount":"$5","Jaime Win/Lose/Push":"W","Jaime":"49ers | -5.5 (NFL) (leaders)","Jaime Resolved":"San Francisco 49ers @ Indianapolis Colts (San Francisco 49ers -5.5)","Nathan Bet Amount":"$10","Nathan Win/Lose/Push":"W","Nathan":"Vikes | -2.5 (NFL) (legends)","Nathan Resolved":"Minnesota Vikings @ New York Giants (Minnesota Vikings -2.5)","Evan Bet Amount":"$5","Evan Win/Lose/Push":"W","Evan":"TAM Miami | under 48 (NCAAF) (leaders)","Evan Resolved":"Miami Hurricanes @ Texas A&M Aggies (Under 48)","Brandon Bet Amount":"$5","Brandon Win/Lose/Push":"L","Brandon":"TAM | -3 (NCAAF) (legends)","Brandon Resolved":"TAM (TAM -3)","":null,"Total Team Bet":null,"Legends Bet":null,"Leaders Bet":null,"To Win":null,"Payout":null,"TOTALS":null,"Mitch Totals":null,"Phil Totals":null,"Bryce Totals":null,"Cory Totals":null,"JB Totals":null,"Ethan Totals":null,"Jaime Totals":null,"Nate Totals":null,"Evan Totals":null,"Brandon Totals":null},{"Week":"19","Date":"12/26/2025","Mitch Bet Amount":"$15","Mitch Win/Lose/Push":"W","Mitch":"Navy | -7 (NCAAF) (leaders)","Mitch Resolved":"Navy Midshipmen @ Cincinnati Bearcats (Navy Midshipmen -7)","Phil Bet Amount":"$10","Phil Win/Lose/Push":"L","Phil":"North Texas / San Diego St | Under 52.5 (NCAAF) (leaders)","Phil Resolved":"North Texas Mean Green @ San Diego State Aztecs (Under 52.5)","Bryce Bet Amount":"$10","Bryce Win/Lose/Push":"L","Bryce":"Arizona | +7 (NFL) (legends)","Bryce Resolved":"Arizona Cardinals @ Cincinnati Bengals (Arizona Cardinals +7)","Cory Bet Amount":"$5","Cory Win/Lose/Push":"W","Cory":"Oregon/tt | under 52.5 (NCAAF) (legends)","Cory Resolved":"Oregon @ tt (Under 52.5)","JB Bet Amount":"$5","JB Win/Lose/Push":"L","JB":"Vandy Baby! | -4.5 (NCAAF) (leaders)","JB Resolved":"Vandy Baby! (Vandy Baby! -4.5)","Ethan Bet Amount":"$5","Ethan Win/Lose/Push":"L","Ethan":"Georgia | -6 (NCAAF) (legends)","Ethan Resolved":"Georgia Tech Yellow Jackets @ BYU Cougars (Georgia Tech Yellow Jackets -6)","Jaime Bet Amount":"$5","Jaime Win/Lose/Push":"W","Jaime":"49ers | -3 (NFL) (leaders)","Jaime Resolved":"Chicago Bears @ San Francisco 49ers (San Francisco 49ers -3)","Nathan Bet Amount":"$5","Nathan Win/Lose/Push":"L","Nathan":"Packers | -3 (NFL) (legends)","Nathan Resolved":"Baltimore Ravens @ Green Bay Packers (Green Bay Packers -3)","Evan Bet Amount":"$5","Evan Win/Lose/Push":"L","Evan":"texas tech | +2 (NCAAF) (legends)","Evan Resolved":"Oregon Ducks @ Texas Tech Red Raiders (Texas Tech Red Raiders +2)","Brandon Bet Amount":"$10","Brandon Win/Lose/Push":"W","Brandon":"Texans | +2 (NFL) (legends)","Brandon Resolved":"Houston Texans @ Los Angeles Chargers (Houston Texans +2)","":null,"Total Team Bet":null,"Legends Bet":null,"Leaders Bet":null,"To Win":null,"Payout":null,"TOTALS":null,"Mitch Totals":null,"Phil Totals":null,"Bryce Totals":null,"Cory Totals":null,"JB Totals":null,"Ethan Totals":null,"Jaime Totals":null,"Nate Totals":null,"Evan Totals":null,"Brandon Totals":null},{"Week":"20","Date":"01/02/2026","Mitch Bet Amount":"$5","Mitch Win/Lose/Push":"W","Mitch":"Alabama (NCAAB) (leaders)","Mitch Resolved":"Kentucky Wildcats @ Alabama Crimson Tide (Alabama Crimson Tide -5.5) (NCAAB)","Phil Bet Amount":"$15","Phil Win/Lose/Push":"W","Phil":"Illinois State/Montana State Over (leaders)","Phil Resolved":"Illinois State Redbirds @ Montana State Bobcats (Over 56.5) (FCS)","Bryce Bet Amount":"$15","Bryce Win/Lose/Push":"W","Bryce":"Indiana (legends)","Bryce Resolved":"Oregon @ Indiana (Indiana -4)","Cory Bet Amount":"$5","Cory Win/Lose/Push":"L","Cory":"49ers (legends)","Cory Resolved":"Seattle Seahawks @ San Francisco 49ers ( San Franscisco 49ers +3)","JB Bet Amount":"$10","JB Win/Lose/Push":"L","JB":"montana st - buy the half point (leaders)","JB Resolved":"Illinois State Redbirds @ Montana State Bobcats (Montana State Bobcats -10) (FCS)","Ethan Bet Amount":"$10","Ethan Win/Lose/Push":"W","Ethan":"Timberwolves (legends)","Ethan Resolved":"Minnesota Timberwolves @ Miami Heat (Minnesota Timberwolves -3) (NBA)","Jaime Bet Amount":"$5","Jaime Win/Lose/Push":"W","Jaime":"Steelers/Ravens Over (legends)","Jaime Resolved":"Baltimore Ravens @ Pittsburgh Steelers (Over 41) (NFL)","Nathan Bet Amount":"$10","Nathan Win/Lose/Push":"L","Nathan":"Bengals (legends)","Nathan Resolved":"Cleveland Browns @ Cincinnati Bengals (Cincinnati Bengals -7) (NFL)","Evan Bet Amount":"$10","Evan Win/Lose/Push":"W","Evan":"Virginia Tech +5.5 (leaders)","Evan Resolved":"Virginia Tech Hokies @ Wake Forest Demon Deacons (Virginia Tech Hokies +5.5) (NCAAB)","Brandon Bet Amount":"$5","Brandon Win/Lose/Push":"W","Brandon":"Iowa -6.5 (legends)","Brandon Resolved":"UCLA Bruins @ Iowa Hawkeyes (Iowa Hawkeyes -6.5) (NCAAB)","":null,"Total Team Bet":null,"Legends Bet":null,"Leaders Bet":null,"To Win":null,"Payout":null,"TOTALS":null,"Mitch Totals":null,"Phil Totals":null,"Bryce Totals":null,"Cory Totals":null,"JB Totals":null,"Ethan Totals":null,"Jaime Totals":null,"Nate Totals":null,"Evan Totals":null,"Brandon Totals":null},{"Week":"21","Date":"01/09/2026","Mitch Bet Amount":"$5","Mitch Win/Lose/Push":"","Mitch":"","Mitch Resolved":"","Phil Bet Amount":"$5","Phil Win/Lose/Push":"","Phil":"","Phil Resolved":"","Bryce Bet Amount":"$5","Bryce Win/Lose/Push":"","Bryce":"","Bryce Resolved":"","Cory Bet Amount":"$10","Cory Win/Lose/Push":"","Cory":"","Cory Resolved":"","JB Bet Amount":"$15","JB Win/Lose/Push":"","JB":"","JB Resolved":"","Ethan Bet Amount":"$5","Ethan Win/Lose/Push":"","Ethan":"","Ethan Resolved":"","Jaime Bet Amount":"$5","Jaime Win/Lose/Push":"","Jaime":"","Jaime Resolved":"","Nathan Bet Amount":"$15","Nathan Win/Lose/Push":"","Nathan":"","Nathan Resolved":"","Evan Bet Amount":"$5","Evan Win/Lose/Push":"","Evan":"","Evan Resolved":"","Brandon Bet Amount":"$5","Brandon Win/Lose/Push":null,"Brandon":null,"Brandon Resolved":null,"":null,"Total Team Bet":null,"Legends Bet":null,"Leaders Bet":null,"To Win":null,"Payout":null,"TOTALS":null,"Mitch Totals":null,"Phil Totals":null,"Bryce Totals":null,"Cory Totals":null,"JB Totals":null,"Ethan Totals":null,"Jaime Totals":null,"Nate Totals":null,"Evan Totals":null,"Brandon Totals":null}]
3:31:44 AM [express] GET /api/data 200 in 134ms :: [{"Week":"1","Date":"10/21/22","Mitch Bet Amount":"$5.00","Mitch Win/Lose/Push":"Loss","Mitch":"Washington -7.5","Phil Bet Amount":"$5.00","Phil Win/Lose/Push":"Loss","Phil":"MN vs. PSU U43","Bryce Bet Amount":"$5.00","Bryce Win/Lose/Push":"Loss","Bryce":"Purdue ML vs. Wisconsin","Cory Bet Amount":"$5.00","Cory Win/Lose/Push":"Loss","Cory":"Ole Miss -1.5","JB Bet Amount":"$5.00","JB Win/Lose/Push":"Loss","JB":"Oregon vs. UCLA U71","Ethan Bet Amount":"$5.00","Ethan Win/Lose/Push":"Loss","Ethan":"Iowa +30","Jaime Bet Amount":"","Jaime Win/Lose/Push":"","Jaime":"","Nathan Bet Amount":"$5.00","Nathan Win/Lose/Push":"","Nathan":"Nate - PSU -5","Evan Bet Amount":"","Evan Win/Lose/Push":"","Evan":"","Brandon Bet Amount":"","Brandon Win/Lose/Push":"","Brandon":"","Total Team Bet":"$35.00","Legends Bet":"","Leaders Bet":"","To Win":"$3,273.20","Payout":"$0.00","TOTALS":"Total Bet","Mitch Totals":"195","Phil Totals":"260","Bryce Totals":"275","Cory Totals":"345","JB Totals":"255","Ethan Totals":"235"},{"Week":"2","Date":"10/28/22","Mitch Bet Amount":"$10.00","Mitch Win/Lose/Push":"Win","Mitch":"TCU -7.5 ","Phil Bet Amount":"$10.00","Phil Win/Lose/Push":"Loss","Phil":"OSU v PSU U61 ","Bryce Bet Amount":"$10.00","Bryce Win/Lose/Push":"Loss","Bryce":"OSU -16 ","Cory Bet Amount":"$10.00","Cory Win/Lose/Push":"Loss","Cory":"Wild over 6.5 ","JB Bet Amount":"$10.00","JB Win/Lose/Push":"Win","JB":"unc -3 ","Ethan Bet Amount":"$10.00","Ethan Win/Lose/Push":"Loss","Ethan":"Rutgers +14 ","Jaime Bet Amount":"","Jaime Win/Lose/Push":"","Jaime":"","Nathan Bet Amount":"","Nathan Win/Lose/Push":"","Nathan":"","Evan Bet Amount":"","Evan Win/Lose/Push":"","Evan":"","Brandon Bet Amount":"","Brandon Win/Lose/Push":"","Brandon":"","Total Team Bet":"$60.00","Legends Bet":"","Leaders Bet":"","To Win":"$2,792.00","Payout":"$0.00","TOTALS":"Total Wins","Mitch Totals":"15","Phil Totals":"13","Bryce Totals":"11","Cory Totals":"10","JB Totals":"14","Ethan Totals":"13"},{"Week":"3","Date":"11/4/22","Mitch Bet Amount":"$5.00","Mitch Win/Lose/Push":"Win","Mitch":"Marshall -3","Phil Bet Amount":"$15.00","Phil Win/Lose/Push":"Win","Phil":"TCU -8","Bryce Bet Amount":"$15.00","Bryce Win/Lose/Push":"Loss","Bryce":"Clemson  -3.5","Cory Bet Amount":"$15.00","Cory Win/Lose/Push":"Loss","Cory":"Maryland +5","JB Bet Amount":"$5.00","JB Win/Lose/Push":"Win","JB":"Louisville -7","Ethan Bet Amount":"$15.00","Ethan Win/Lose/Push":"Push","Ethan":"Vikings -3","Jaime Bet Amount":"","Jaime Win/Lose/Push":"","Jaime":"","Nathan Bet Amount":"","Nathan Win/Lose/Push":"","Nathan":"","Evan Bet Amount":"","Evan Win/Lose/Push":"","Evan":"","Brandon Bet Amount":"","Brandon Win/Lose/Push":"","Brandon":"","Total Team Bet":"$70.00","Legends Bet":"","Leaders Bet":"","To Win":"$3,130.04","Payout":"$0.00","TOTALS":"Total Losses","Mitch Totals":"12","Phil Totals":"14","Bryce Totals":"14","Cory Totals":"16","JB Totals":"13","Ethan Totals":"13"},{"Week":"4","Date":"11/11/22","Mitch Bet Amount":"$5.00","Mitch Win/Lose/Push":"Loss","Mitch":"LSU -4 ","Phil Bet Amount":"$5.00","Phil Win/Lose/Push":"Win","Phil":"Ole Miss +11.5 ","Bryce Bet Amount":"$20.00","Bryce Win/Lose/Push":"Win","Bryce":"PSU-10.5  ","Cory Bet Amount":"$20.00","Cory Win/Lose/Push":"Win","Cory":"Tcu +7.5  ","JB Bet Amount":"$5.00","JB Win/Lose/Push":"Win","JB":"Clemson-7 ","Ethan Bet Amount":"$15.00","Ethan Win/Lose/Push":"Win","Ethan":"Vikings +3  ","Jaime Bet Amount":"","Jaime Win/Lose/Push":"","Jaime":"","Nathan Bet Amount":"","Nathan Win/Lose/Push":"","Nathan":"","Evan Bet Amount":"","Evan Win/Lose/Push":"","Evan":"","Brandon Bet Amount":"","Brandon Win/Lose/Push":"","Brandon":"","Total Team Bet":"$70.00","Legends Bet":"","Leaders Bet":"","To Win":"$3,479.65","Payout":"$0.00","TOTALS":"Total Pushes","Mitch Totals":"0","Phil Totals":"0","Bryce Totals":"2","Cory Totals":"1","JB Totals":"0","Ethan Totals":"1"},{"Week":"5","Date":"11/18/22","Mitch Bet Amount":"$10.00","Mitch Win/Lose/Push":"Win","Mitch":"Wash St -4 ","Phil Bet Amount":"$5.00","Phil Win/Lose/Push":"Win","Phil":"Louisville -4 ","Bryce Bet Amount":"$5.00","Bryce Win/Lose/Push":"Loss","Bryce":"Vikings +1.5 ","Cory Bet Amount":"$5.00","Cory Win/Lose/Push":"Loss","Cory":"TCU -2.5 ","JB Bet Amount":"$5.00","JB Win/Lose/Push":"Win","JB":"auburn -5.5 ","Ethan Bet Amount":"$5.00","Ethan Win/Lose/Push":"Loss","Ethan":"76ers -2 ","Jaime Bet Amount":"","Jaime Win/Lose/Push":"","Jaime":"","Nathan Bet Amount":"","Nathan Win/Lose/Push":"","Nathan":"","Evan Bet Amount":"","Evan Win/Lose/Push":"","Evan":"","Brandon Bet Amount":"","Brandon Win/Lose/Push":"","Brandon":"","Total Team Bet":"$35.00","Legends Bet":"","Leaders Bet":"","To Win":"$1,697.00","Payout":"$0.00","TOTALS":"Win Percentage","Mitch Totals":"55.56%","Phil Totals":"48.15%","Bryce Totals":"44.00%","Cory Totals":"38.46%","JB Totals":"51.85%","Ethan Totals":"50.00%"},{"Week":"6","Date":"11/25/22","Mitch Bet Amount":"$5.00","Mitch Win/Lose/Push":"Loss","Mitch":"Marshall -6 ","Phil Bet Amount":"$5.00","Phil Win/Lose/Push":"Loss","Phil":"Louisville +3 ","Bryce Bet Amount":"$10.00","Bryce Win/Lose/Push":"Win","Bryce":"Washington commanders -4 ","Cory Bet Amount":"$10.00","Cory Win/Lose/Push":"Loss","Cory":"Ravens -3 ","JB Bet Amount":"$5.00","JB Win/Lose/Push":"Loss","JB":"oregon -3 ","Ethan Bet Amount":"$10.00","Ethan Win/Lose/Push":"Win","Ethan":"Gophers + 3.5 ","Jaime Bet Amount":"","Jaime Win/Lose/Push":"","Jaime":"","Nathan Bet Amount":"","Nathan Win/Lose/Push":"","Nathan":"","Evan Bet Amount":"","Evan Win/Lose/Push":"","Evan":"","Brandon Bet Amount":"","Brandon Win/Lose/Push":"","Brandon":"","Total Team Bet":"$45.00","Legends Bet":"","Leaders Bet":"","To Win":"$1,862.92","Payout":"$0.00","TOTALS":null,"Mitch Totals":null,"Phil Totals":null,"Bryce Totals":null,"Cory Totals":null,"JB Totals":null,"Ethan Totals":null},{"Week":"7","Date":"12/2/22","Mitch Bet Amount":"$10.00","Mitch Win/Lose/Push":"Win","Mitch":"Tulane/UCF over 57 ","Phil Bet Amount":"$10.00","Phil Win/Lose/Push":"Win","Phil":"Vikings -3 ","Bryce Bet Amount":"$5.00","Bryce Win/Lose/Push":"Loss","Bryce":"KC -2 ","Cory Bet Amount":"$15.00","Cory Win/Lose/Push":"Loss","Cory":"Dolphins +4 ","JB Bet Amount":"$10.00","JB Win/Lose/Push":"Win","JB":"Michigan -16.5 ","Ethan Bet Amount":"$5.00","Ethan Win/Lose/Push":"Win","Ethan":"Mich -16.5 ","Jaime Bet Amount":"","Jaime Win/Lose/Push":"","Jaime":"","Nathan Bet Amount":"","Nathan Win/Lose/Push":"","Nathan":"","Evan Bet Amount":"","Evan Win/Lose/Push":"","Evan":"","Brandon Bet Amount":"","Brandon Win/Lose/Push":"","Brandon":"","Total Team Bet":"$55.00","Legends Bet":"","Leaders Bet":"","To Win":"$1,250.83","Payout":"$0.00","TOTALS":null,"Mitch Totals":null,"Phil Totals":null,"Bryce Totals":null,"Cory Totals":null,"JB Totals":null,"Ethan Totals":null},{"Week":"8","Date":"12/9/22","Mitch Bet Amount":"$5.00","Mitch Win/Lose/Push":"Win","Mitch":"kansas -4 ","Phil Bet Amount":"$5.00","Phil Win/Lose/Push":"Loss","Phil":"Army/Navy U32.5 ","Bryce Bet Amount":"$10.00","Bryce Win/Lose/Push":"Loss","Bryce":"TEN -3.5 ","Cory Bet Amount":"$20.00","Cory Win/Lose/Push":"Loss","Cory":"purdue -8.5 @ neb ","JB Bet Amount":"$5.00","JB Win/Lose/Push":"Loss","JB":"purdue -8.5 @ neb ","Ethan Bet Amount":"$5.00","Ethan Win/Lose/Push":"Win","Ethan":"Trail Blazers -5 ","Jaime Bet Amount":"","Jaime Win/Lose/Push":"","Jaime":"","Nathan Bet Amount":"","Nathan Win/Lose/Push":"","Nathan":"","Evan Bet Amount":"","Evan Win/Lose/Push":"","Evan":"","Brandon Bet Amount":"","Brandon Win/Lose/Push":"","Brandon":"","Total Team Bet":"$50.00","Legends Bet":"","Leaders Bet":"","To Win":"$1,195.25","Payout":"$0.00","TOTALS":null,"Mitch Totals":null,"Phil Totals":null,"Bryce Totals":null,"Cory Totals":null,"JB Totals":null,"Ethan Totals":null},{"Week":"9","Date":"12/16/22","Mitch Bet Amount":"$5.00","Mitch Win/Lose/Push":"Win","Mitch":"Southern Miss -6.5 ","Phil Bet Amount":"$10.00","Phil Win/Lose/Push":"Win","Phil":"Fresno St -4 (football) ","Bryce Bet Amount":"$15.00","Bryce Win/Lose/Push":"Loss","Bryce":"Team Woods","Cory Bet Amount":"$25.00","Cory Win/Lose/Push":"Loss","Cory":"Vikes -3.5 ","JB Bet Amount":"$10.00","JB Win/Lose/Push":"Loss","JB":"Vikes -3.5 ","Ethan Bet Amount":"$5.00","Ethan Win/Lose/Push":"Win","Ethan":"Atl falcons +4 ","Jaime Bet Amount":"","Jaime Win/Lose/Push":"","Jaime":"","Nathan Bet Amount":"","Nathan Win/Lose/Push":"","Nathan":"","Evan Bet Amount":"","Evan Win/Lose/Push":"","Evan":"","Brandon Bet Amount":"","Brandon Win/Lose/Push":"","Brandon":"","Total Team Bet":"$70.00","Legends Bet":"","Leaders Bet":"","To Win":"$4,579.16","Payout":"$0.00","TOTALS":null,"Mitch Totals":null,"Phil Totals":null,"Bryce Totals":null,"Cory Totals":null,"JB Totals":null,"Ethan Totals":null},{"Week":"10","Date":"12/23/22","Mitch Bet Amount":"$5.00","Mitch Win/Lose/Push":"Win","Mitch":"Memphis -7.5 ","Phil Bet Amount":"$5.00","Phil Win/Lose/Push":"Win","Phil":"Buffalo v Chicago Over 40 ","Bryce Bet Amount":"$20.00","Bryce Win/Lose/Push":"Loss","Bryce":"wisconsin okst over","Cory Bet Amount":"$30.00","Cory Win/Lose/Push":"Loss","Cory":"Lions Carolina under 44 ","JB Bet Amount":"$15.00","JB Win/Lose/Push":"Loss","JB":"wisconsin okst over","Ethan Bet Amount":"$5.00","Ethan Win/Lose/Push":"Loss","Ethan":"Lions Carolina under 44 ","Jaime Bet Amount":"","Jaime Win/Lose/Push":"","Jaime":"","Nathan Bet Amount":"","Nathan Win/Lose/Push":"","Nathan":"","Evan Bet Amount":"","Evan Win/Lose/Push":"","Evan":"","Brandon Bet Amount":"","Brandon Win/Lose/Push":"","Brandon":"","Total Team Bet":"$80.00","Legends Bet":"","Leaders Bet":"","To Win":"$960.66","Payout":"$0.00","TOTALS":null,"Mitch Totals":null,"Phil Totals":null,"Bryce Totals":null,"Cory Totals":null,"JB Totals":null,"Ethan Totals":null},{"Week":"11","Date":"12/30/22","Mitch Bet Amount":"$5.00","Mitch Win/Lose/Push":"Loss","Mitch":"Utah -2 ","Phil Bet Amount":"$5.00","Phil Win/Lose/Push":"Loss","Phil":"USC -2 ","Bryce Bet Amount":"$25.00","Bryce Win/Lose/Push":"Loss","Bryce":"Tail Phil ","Cory Bet Amount":"$35.00","Cory Win/Lose/Push":"Loss","Cory":"Tail Phil ","JB Bet Amount":"$20.00","JB Win/Lose/Push":"Loss","JB":"Tail Phil ","Ethan Bet Amount":"$10.00","Ethan Win/Lose/Push":"Loss","Ethan":"Georgia -6 ","Jaime Bet Amount":"","Jaime Win/Lose/Push":"","Jaime":"","Nathan Bet Amount":"","Nathan Win/Lose/Push":"","Nathan":"","Evan Bet Amount":"","Evan Win/Lose/Push":"","Evan":"","Brandon Bet Amount":"","Brandon Win/Lose/Push":"","Brandon":"","Total Team Bet":"$100.00","Legends Bet":"","Leaders Bet":"","To Win":"$595.79","Payout":"$0.00","TOTALS":null,"Mitch Totals":null,"Phil Totals":null,"Bryce Totals":null,"Cory Totals":null,"JB Totals":null,"Ethan Totals":null},{"Week":"12","Date":"1/6/23","Mitch Bet Amount":"$10.00","Mitch Win/Lose/Push":"Win","Mitch":"Kansas -1.5 ","Phil Bet Amount":"$10.00","Phil Win/Lose/Push":"Win","Phil":"Xavier +1.5 ","Bryce Bet Amount":"$30.00","Bryce Win/Lose/Push":"Win","Bryce":"Tail Mitch ","Cory Bet Amount":"$40.00","Cory Win/Lose/Push":"Win","Cory":"Tail Mitch ","JB Bet Amount":"$25.00","JB Win/Lose/Push":"Win","JB":"Tail Ethan  ","Ethan Bet Amount":"$15.00","Ethan Win/Lose/Push":"Win","Ethan":"Carolina Panthers +3.5 ","Jaime Bet Amount":"","Jaime Win/Lose/Push":"","Jaime":"","Nathan Bet Amount":"","Nathan Win/Lose/Push":"","Nathan":"","Evan Bet Amount":"","Evan Win/Lose/Push":"","Evan":"","Brandon Bet Amount":"","Brandon Win/Lose/Push":"","Brandon":"","Total Team Bet":"$130.00","Legends Bet":"","Leaders Bet":"","To Win":"$722.84","Payout":"$852.84","TOTALS":null,"Mitch Totals":null,"Phil Totals":null,"Bryce Totals":null,"Cory Totals":null,"JB Totals":null,"Ethan Totals":null},{"Week":"13","Date":"1/13/23","Mitch Bet Amount":"$5.00","Mitch Win/Lose/Push":"Loss","Mitch":"Chargers -2.5 ","Phil Bet Amount":"$5.00","Phil Win/Lose/Push":"Win","Phil":"Minn NYG over 48","Bryce Bet Amount":"$5.00","Bryce Win/Lose/Push":"Loss","Bryce":"Vikes -3 for Luda  ","Cory Bet Amount":"$5.00","Cory Win/Lose/Push":"Win","Cory":"Dallas -2.5 ","JB Bet Amount":"$5.00","JB Win/Lose/Push":"Win","JB":"bama -15 ","Ethan Bet Amount":"$5.00","Ethan Win/Lose/Push":"Loss","Ethan":"Seahawks +10 ","Jaime Bet Amount":"","Jaime Win/Lose/Push":"","Jaime":"","Nathan Bet Amount":"","Nathan Win/Lose/Push":"","Nathan":"","Evan Bet Amount":"","Evan Win/Lose/Push":"","Evan":"","Brandon Bet Amount":"","Brandon Win/Lose/Push":"","Brandon":"","Total Team Bet":"$30.00","Legends Bet":"","Leaders Bet":"","To Win":"$1,464.30","Payout":"$0.00","TOTALS":null,"Mitch Totals":null,"Phil Totals":null,"Bryce Totals":null,"Cory Totals":null,"JB Totals":null,"Ethan Totals":null},{"Week":"14","Date":"1/20/23","Mitch Bet Amount":"$10.00","Mitch Win/Lose/Push":"Win","Mitch":"alabama -4.5 ","Phil Bet Amount":"$5.00","Phil Win/Lose/Push":"Win","Phil":"Kansas state -4 ","Bryce Bet Amount":"$10.00","Bryce Win/Lose/Push":"Win","Bryce":"philly -7.5 ","Cory Bet Amount":"$5.00","Cory Win/Lose/Push":"Loss","Cory":"Buffalo/cinny over 49","JB Bet Amount":"$5.00","JB Win/Lose/Push":"Loss","JB":"under 6.5 wild/fla ","Ethan Bet Amount":"$10.00","Ethan Win/Lose/Push":"Win","Ethan":"Wolves -8 ","Jaime Bet Amount":"","Jaime Win/Lose/Push":"","Jaime":"","Nathan Bet Amount":"","Nathan Win/Lose/Push":"","Nathan":"","Evan Bet Amount":"","Evan Win/Lose/Push":"","Evan":"","Brandon Bet Amount":"","Brandon Win/Lose/Push":"","Brandon":"","Total Team Bet":"$45.00","Legends Bet":"","Leaders Bet":"","To Win":"$2,122.99","Payout":"$0.00","TOTALS":null,"Mitch Totals":null,"Phil Totals":null,"Bryce Totals":null,"Cory Totals":null,"JB Totals":null,"Ethan Totals":null},{"Week":"15","Date":"1/27/23","Mitch Bet Amount":"$5.00","Mitch Win/Lose/Push":"Loss","Mitch":"Alabama -6.5 ","Phil Bet Amount":"$5.00","Phil Win/Lose/Push":"Loss","Phil":"Baylor -6.5 ","Bryce Bet Amount":"$5.00","Bryce Win/Lose/Push":"Loss","Bryce":"Bengals ","Cory Bet Amount":"$10.00","Cory Win/Lose/Push":"Loss","Cory":"Rahm  ","JB Bet Amount":"$10.00","JB Win/Lose/Push":"Loss","JB":"Xavier over ","Ethan Bet Amount":"$5.00","Ethan Win/Lose/Push":"Win","Ethan":"Eagles -2.5","Jaime Bet Amount":"","Jaime Win/Lose/Push":"","Jaime":"","Nathan Bet Amount":"","Nathan Win/Lose/Push":"","Nathan":"","Evan Bet Amount":"","Evan Win/Lose/Push":"","Evan":"","Brandon Bet Amount":"","Brandon Win/Lose/Push":"","Brandon":"","Total Team Bet":"$40.00","Legends Bet":"","Leaders Bet":"","To Win":"$1,908.22","Payout":"$0.00","TOTALS":null,"Mitch Totals":null,"Phil Totals":null,"Bryce Totals":null,"Cory Totals":null,"JB Totals":null,"Ethan Totals":null},{"Week":"16","Date":"2/3/23","Mitch Bet Amount":"$10.00","Mitch Win/Lose/Push":"Win","Mitch":"duke/unc under 144 ","Phil Bet Amount":"$10.00","Phil Win/Lose/Push":"Loss","Phil":"Clemson -2 ","Bryce Bet Amount":"$10.00","Bryce Win/Lose/Push":"Win","Bryce":"auburn? ","Cory Bet Amount":"$15.00","Cory Win/Lose/Push":"Loss","Cory":"Purdue ","JB Bet Amount":"$15.00","JB Win/Lose/Push":"Win","JB":"Norfolk st -9 ","Ethan Bet Amount":"$5.00","Ethan Win/Lose/Push":"Loss","Ethan":"Purdue (tail Cory) ","Jaime Bet Amount":"","Jaime Win/Lose/Push":"","Jaime":"","Nathan Bet Amount":"","Nathan Win/Lose/Push":"","Nathan":"","Evan Bet Amount":"","Evan Win/Lose/Push":"","Evan":"","Brandon Bet Amount":"","Brandon Win/Lose/Push":"","Brandon":"","Total Team Bet":"$65.00","Legends Bet":"","Leaders Bet":"","To Win":"$1,583.34","Payout":"$0.00","TOTALS":null,"Mitch Totals":null,"Phil Totals":null,"Bryce Totals":null,"Cory Totals":null,"JB Totals":null,"Ethan Totals":null},{"Week":"17","Date":"2/10/23","Mitch Bet Amount":"$5.00","Mitch Win/Lose/Push":"Win","Mitch":"Creighton/UConn under ","Phil Bet Amount":"$15.00","Phil Win/Lose/Push":"Loss","Phil":"Providence -4.5 ","Bryce Bet Amount":"$5.00","Bryce Win/Lose/Push":"Win","Bryce":"Superbowl over ","Cory Bet Amount":"$20.00","Cory Win/Lose/Push":"Win","Cory":"Tail Mitch ","JB Bet Amount":"$5.00","JB Win/Lose/Push":"Loss","JB":"north dakota -6 ","Ethan Bet Amount":"$10.00","Ethan Win/Lose/Push":"Loss","Ethan":"Dallas mavericks +1.5","Jaime Bet Amount":"","Jaime Win/Lose/Push":"","Jaime":"","Nathan Bet Amount":"","Nathan Win/Lose/Push":"","Nathan":"","Evan Bet Amount":"","Evan Win/Lose/Push":"","Evan":"","Brandon Bet Amount":"","Brandon Win/Lose/Push":"","Brandon":"","Total Team Bet":"$60.00","Legends Bet":"","Leaders Bet":"","To Win":"$1,401.16","Payout":"$0.00","TOTALS":null,"Mitch Totals":null,"Phil Totals":null,"Bryce Totals":null,"Cory Totals":null,"JB Totals":null,"Ethan Totals":null},{"Week":"18","Date":"2/17/23","Mitch Bet Amount":"$5.00","Mitch Win/Lose/Push":"Loss","Mitch":"Missouri -2 ","Phil Bet Amount":"$20.00","Phil Win/Lose/Push":"Loss","Phil":"Tail Mitch","Bryce Bet Amount":"$5.00","Bryce Win/Lose/Push":"Win","Bryce":"3rd Round Match-Up - J. Rahm Vs R. McIlroy - Rahm ","Cory Bet Amount":"$5.00","Cory Win/Lose/Push":"Loss","Cory":"Penn state-8 ","JB Bet Amount":"$10.00","JB Win/Lose/Push":"Loss","JB":"wisco rutgers Over ","Ethan Bet Amount":"$15.00","Ethan Win/Lose/Push":"Win","Ethan":"Nd/Virginia under ","Jaime Bet Amount":"","Jaime Win/Lose/Push":"","Jaime":"","Nathan Bet Amount":"","Nathan Win/Lose/Push":"","Nathan":"","Evan Bet Amount":"","Evan Win/Lose/Push":"","Evan":"","Brandon Bet Amount":"","Brandon Win/Lose/Push":"","Brandon":"","Total Team Bet":"$60.00","Legends Bet":"","Leaders Bet":"","To Win":"$1,434.30","Payout":"$0.00","TOTALS":null,"Mitch Totals":null,"Phil Totals":null,"Bryce Totals":null,"Cory Totals":null,"JB Totals":null,"Ethan Totals":null},{"Week":"19","Date":"2/24/23","Mitch Bet Amount":"$10.00","Mitch Win/Lose/Push":"Win","Mitch":"Gonzaga -5.5 ","Phil Bet Amount":"$25.00","Phil Win/Lose/Push":"Loss","Phil":"Tail Ethan ","Bryce Bet Amount":"$5.00","Bryce Win/Lose/Push":"Loss","Bryce":"LIV golf 2nd round match up - Koepka vs Garcia - Koepka ","Cory Bet Amount":"$10.00","Cory Win/Lose/Push":"Win","Cory":"Nebraska -8 ","JB Bet Amount":"$15.00","JB Win/Lose/Push":"Win","JB":"zaga over","Ethan Bet Amount":"$5.00","Ethan Win/Lose/Push":"Loss","Ethan":"San Diego state -3 ","Jaime Bet Amount":"","Jaime Win/Lose/Push":"","Jaime":"","Nathan Bet Amount":"","Nathan Win/Lose/Push":"","Nathan":"","Evan Bet Amount":"","Evan Win/Lose/Push":"","Evan":"","Brandon Bet Amount":"","Brandon Win/Lose/Push":"","Brandon":"","Total Team Bet":"$70.00","Legends Bet":"","Leaders Bet":"","To Win":"$1,836.16","Payout":"$0.00","TOTALS":null,"Mitch Totals":null,"Phil Totals":null,"Bryce Totals":null,"Cory Totals":null,"JB Totals":null,"Ethan Totals":null},{"Week":"20","Date":"3/3/23","Mitch Bet Amount":"$5.00","Mitch Win/Lose/Push":"Loss","Mitch":"UNC -2.5 ","Phil Bet Amount":"$30.00","Phil Win/Lose/Push":"Win","Phil":"Tail Ethan ","Bryce Bet Amount":"$10.00","Bryce Win/Lose/Push":"Win","Bryce":"3rd Round Match-Up - X. Schauffele Vs J. Thomas - JT ","Cory Bet Amount":"$5.00","Cory Win/Lose/Push":"Win","Cory":"Rahm vs Rory - Rory ","JB Bet Amount":"$5.00","JB Win/Lose/Push":"Win","JB":"wild under ","Ethan Bet Amount":"$20.00","Ethan Win/Lose/Push":"Win","Ethan":"West Virginia -4.5 ","Jaime Bet Amount":"","Jaime Win/Lose/Push":"","Jaime":"","Nathan Bet Amount":"","Nathan Win/Lose/Push":"","Nathan":"","Evan Bet Amount":"","Evan Win/Lose/Push":"","Evan":"","Brandon Bet Amount":"","Brandon Win/Lose/Push":"","Brandon":"","Total Team Bet":"$75.00","Legends Bet":"","Leaders Bet":"","To Win":"$1,937.12","Payout":"$0.00","TOTALS":null,"Mitch Totals":null,"Phil Totals":null,"Bryce Totals":null,"Cory Totals":null,"JB Totals":null,"Ethan Totals":null},{"Week":"21","Date":"3/10/23","Mitch Bet Amount":"$10.00","Mitch Win/Lose/Push":"Win","Mitch":"VCU -3.5 ","Phil Bet Amount":"$5.00","Phil Win/Lose/Push":"Loss","Phil":"Pennsylvania +2.5 ","Bryce Bet Amount":"$5.00","Bryce Win/Lose/Push":"Loss","Bryce":"Homa over Speith ","Cory Bet Amount":"$5.00","Cory Win/Lose/Push":"Push","Cory":"Day over hovland ","JB Bet Amount":"$5.00","JB Win/Lose/Push":"Win","JB":"purdue ","Ethan Bet Amount":"$5.00","Ethan Win/Lose/Push":"Win","Ethan":"Tail JB ","Jaime Bet Amount":"","Jaime Win/Lose/Push":"","Jaime":"","Nathan Bet Amount":"","Nathan Win/Lose/Push":"","Nathan":"","Evan Bet Amount":"","Evan Win/Lose/Push":"","Evan":"","Brandon Bet Amount":"","Brandon Win/Lose/Push":"","Brandon":"","Total Team Bet":"$35.00","Legends Bet":"","Leaders Bet":"","To Win":"$670.83","Payout":"$0.00","TOTALS":null,"Mitch Totals":null,"Phil Totals":null,"Bryce Totals":null,"Cory Totals":null,"JB Totals":null,"Ethan Totals":null},{"Week":"22","Date":"3/24/23","Mitch Bet Amount":"$5.00","Mitch Win/Lose/Push":"Loss","Mitch":"Tail JB ","Phil Bet Amount":"$10.00","Phil Win/Lose/Push":"Win","Phil":"Gonz/UConn Under ","Bryce Bet Amount":"$10.00","Bryce Win/Lose/Push":"Win","Bryce":"Sam burns +125 over Cantlay","Cory Bet Amount":"$5.00","Cory Win/Lose/Push":"Win","Cory":"Wild under 6 ","JB Bet Amount":"$5.00","JB Win/Lose/Push":"Loss","JB":"KSU -1 ","Ethan Bet Amount":"$5.00","Ethan Win/Lose/Push":"Loss","Ethan":"Creighton -1 ","Jaime Bet Amount":"","Jaime Win/Lose/Push":"","Jaime":"","Nathan Bet Amount":"","Nathan Win/Lose/Push":"","Nathan":"","Evan Bet Amount":"","Evan Win/Lose/Push":"","Evan":"","Brandon Bet Amount":"","Brandon Win/Lose/Push":"","Brandon":"","Total Team Bet":"$40.00","Legends Bet":"","Leaders Bet":"","To Win":"$977.98","Payout":"$0.00","TOTALS":null,"Mitch Totals":null,"Phil Totals":null,"Bryce Totals":null,"Cory Totals":null,"JB Totals":null,"Ethan Totals":null},{"Week":"23","Date":"4/1/23","Mitch Bet Amount":"$10.00","Mitch Win/Lose/Push":"Win","Mitch":"UConn -5.5 ","Phil Bet Amount":"$5.00","Phil Win/Lose/Push":"Win","Phil":"Miami/UConn Under ","Bryce Bet Amount":"$5.00","Bryce Win/Lose/Push":"Push","Bryce":"3rd Round Match-Up - C. Conners Vs C. Kirk, Conners ","Cory Bet Amount":"$5.00","Cory Win/Lose/Push":"Win","Cory":"Golden knights to beat wild ","JB Bet Amount":"$10.00","JB Win/Lose/Push":"Loss","JB":"iowa -3 (ladies) ","Ethan Bet Amount":"$10.00","Ethan Win/Lose/Push":"Win","Ethan":"Pelicans -3 ","Jaime Bet Amount":"","Jaime Win/Lose/Push":"","Jaime":"","Nathan Bet Amount":"","Nathan Win/Lose/Push":"","Nathan":"","Evan Bet Amount":"","Evan Win/Lose/Push":"","Evan":"","Brandon Bet Amount":"","Brandon Win/Lose/Push":"","Brandon":"","Total Team Bet":"$45.00","Legends Bet":"","Leaders Bet":"","To Win":"$944.70","Payout":"$0.00","TOTALS":null,"Mitch Totals":null,"Phil Totals":null,"Bryce Totals":null,"Cory Totals":null,"JB Totals":null,"Ethan Totals":null},{"Week":"24","Date":"4/8/23","Mitch Bet Amount":"$5.00","Mitch Win/Lose/Push":"Loss","Mitch":"Detroit/Boston U8 (baseball) ","Phil Bet Amount":"$5.00","Phil Win/Lose/Push":"Loss","Phil":"Spurs +14 ","Bryce Bet Amount":"$5.00","Bryce Win/Lose/Push":"Loss","Bryce":"Koepka wins Masters ","Cory Bet Amount":"$5.00","Cory Win/Lose/Push":"Loss","Cory":"Burns top 10 ","JB Bet Amount":"$15.00","JB Win/Lose/Push":"Loss","JB":"wild U ","Ethan Bet Amount":"$5.00","Ethan Win/Lose/Push":"Loss","Ethan":"Tail Phil ","Jaime Bet Amount":"","Jaime Win/Lose/Push":"","Jaime":"","Nathan Bet Amount":"","Nathan Win/Lose/Push":"","Nathan":"","Evan Bet Amount":"","Evan Win/Lose/Push":"","Evan":"","Brandon Bet Amount":"","Brandon Win/Lose/Push":"","Brandon":"","Total Team Bet":"$40.00","Legends Bet":"","Leaders Bet":"","To Win":"$616.03","Payout":"$0.00","TOTALS":null,"Mitch Totals":null,"Phil Totals":null,"Bryce Totals":null,"Cory Totals":null,"JB Totals":null,"Ethan Totals":null},{"Week":"25","Date":"4/21/23","Mitch Bet Amount":"$10.00","Mitch Win/Lose/Push":"Loss","Mitch":"Twins -1.5 (4/22)","Phil Bet Amount":"$10.00","Phil Win/Lose/Push":"Loss","Phil":"Tail Ethan","Bryce Bet Amount":"$10.00","Bryce Win/Lose/Push":"Push","Bryce":"Bryce passed ","Cory Bet Amount":"$10.00","Cory Win/Lose/Push":"Win","Cory":"Wild over ","JB Bet Amount":"$20.00","JB Win/Lose/Push":"Win","JB":"tail Cory","Ethan Bet Amount":"$10.00","Ethan Win/Lose/Push":"Loss","Ethan":"Wolves 1st half -.5","Jaime Bet Amount":"","Jaime Win/Lose/Push":"","Jaime":"","Nathan Bet Amount":"","Nathan Win/Lose/Push":"","Nathan":"","Evan Bet Amount":"","Evan Win/Lose/Push":"","Evan":"","Brandon Bet Amount":"","Brandon Win/Lose/Push":"","Brandon":"","Total Team Bet":"$70.00","Legends Bet":"","Leaders Bet":"","To Win":"$393.08","Payout":"$0.00","TOTALS":null,"Mitch Totals":null,"Phil Totals":null,"Bryce Totals":null,"Cory Totals":null,"JB Totals":null,"Ethan Totals":null},{"Week":"26","Date":"4/28/23","Mitch Bet Amount":"$15.00","Mitch Win/Lose/Push":"Win","Mitch":"Denver -3 ","Phil Bet Amount":"$15.00","Phil Win/Lose/Push":"Win","Phil":"Tail Mitch ","Bryce Bet Amount":"$10.00","Bryce Win/Lose/Push":"Win","Bryce":"Mexico Open - 2/3 Balls - Props- 3rd Round Props - Hole 1 Winner - Tony Finau ","Cory Bet Amount":"$5.00","Cory Win/Lose/Push":"Win","Cory":"Fla/Boston over ","JB Bet Amount":"$5.00","JB Win/Lose/Push":"Win","JB":"edm/LA OVER ","Ethan Bet Amount":"$15.00","Ethan Win/Lose/Push":"Win","Ethan":"Miami heat +4.5 ","Jaime Bet Amount":"","Jaime Win/Lose/Push":"","Jaime":"","Nathan Bet Amount":"","Nathan Win/Lose/Push":"","Nathan":"","Evan Bet Amount":"","Evan Win/Lose/Push":"","Evan":"","Brandon Bet Amount":"","Brandon Win/Lose/Push":"","Brandon":"","Total Team Bet":"$65.00","Legends Bet":"","Leaders Bet":"","To Win":"$1,646.62","Payout":"$1,711.62","TOTALS":null,"Mitch Totals":null,"Phil Totals":null,"Bryce Totals":null,"Cory Totals":null,"JB Totals":null,"Ethan Totals":null},{"Week":"27","Date":"5/5/23","Mitch Bet Amount":"$5.00","Mitch Win/Lose/Push":"Loss","Mitch":"Denver +3.5","Phil Bet Amount":"$5.00","Phil Win/Lose/Push":"Loss","Phil":"Tail Cory","Bryce Bet Amount":"$5.00","Bryce Win/Lose/Push":"Win","Bryce":"Florida Panthers","Cory Bet Amount":"$5.00","Cory Win/Lose/Push":"Loss","Cory":"Edmonton/Vegas over ","JB Bet Amount":"$5.00","JB Win/Lose/Push":"Win","JB":"twins under ","Ethan Bet Amount":"$5.00","Ethan Win/Lose/Push":"Loss","Ethan":"Twins","Jaime Bet Amount":"","Jaime Win/Lose/Push":"","Jaime":"","Nathan Bet Amount":"$5.00","Nathan Win/Lose/Push":"","Nathan":"","Evan Bet Amount":"","Evan Win/Lose/Push":"","Evan":"","Brandon Bet Amount":"","Brandon Win/Lose/Push":"","Brandon":"","Total Team Bet":"$35.00","Legends Bet":"","Leaders Bet":"","To Win":"$680.31","Payout":"$0.00","TOTALS":null,"Mitch Totals":null,"Phil Totals":null,"Bryce Totals":null,"Cory Totals":null,"JB Totals":null,"Ethan Totals":null},{"Week":"28","Date":"05/12/2023","Mitch Bet Amount":"$10","Mitch Win/Lose/Push":"","Mitch":"","Phil Bet Amount":"$10","Phil Win/Lose/Push":"","Phil":"","Bryce Bet Amount":"$5","Bryce Win/Lose/Push":"","Bryce":"","Cory Bet Amount":"$10","Cory Win/Lose/Push":"","Cory":"","JB Bet Amount":"$5","JB Win/Lose/Push":"","JB":"","Ethan Bet Amount":"$10","Ethan Win/Lose/Push":null,"Ethan":null,"Jaime Bet Amount":null,"Jaime Win/Lose/Push":null,"Jaime":null,"Nathan Bet Amount":null,"Nathan Win/Lose/Push":null,"Nathan":null,"Evan Bet Amount":null,"Evan Win/Lose/Push":null,"Evan":null,"Brandon Bet Amount":null,"Brandon Win/Lose/Push":null,"Brandon":null,"Total Team Bet":null,"Legends Bet":null,"Leaders Bet":null,"To Win":null,"Payout":null,"TOTALS":null,"Mitch Totals":null,"Phil Totals":null,"Bryce Totals":null,"Cory Totals":null,"JB Totals":null,"Ethan Totals":null},{"Week":"29","Date":"05/19/2023","Mitch Bet Amount":null,"Mitch Win/Lose/Push":null,"Mitch":null,"Phil Bet Amount":null,"Phil Win/Lose/Push":null,"Phil":null,"Bryce Bet Amount":null,"Bryce Win/Lose/Push":null,"Bryce":null,"Cory Bet Amount":null,"Cory Win/Lose/Push":null,"Cory":null,"JB Bet Amount":null,"JB Win/Lose/Push":null,"JB":null,"Ethan Bet Amount":null,"Ethan Win/Lose/Push":null,"Ethan":null,"Jaime Bet Amount":null,"Jaime Win/Lose/Push":null,"Jaime":null,"Nathan Bet Amount":null,"Nathan Win/Lose/Push":null,"Nathan":null,"Evan Bet Amount":null,"Evan Win/Lose/Push":null,"Evan":null,"Brandon Bet Amount":null,"Brandon Win/Lose/Push":null,"Brandon":null,"Total Team Bet":null,"Legends Bet":null,"Leaders Bet":null,"To Win":null,"Payout":null,"TOTALS":null,"Mitch Totals":null,"Phil Totals":null,"Bryce Totals":null,"Cory Totals":null,"JB Totals":null,"Ethan Totals":null},{"Week":"30","Date":"05/26/2023","Mitch Bet Amount":null,"Mitch Win/Lose/Push":null,"Mitch":null,"Phil Bet Amount":null,"Phil Win/Lose/Push":null,"Phil":null,"Bryce Bet Amount":null,"Bryce Win/Lose/Push":null,"Bryce":null,"Cory Bet Amount":null,"Cory Win/Lose/Push":null,"Cory":null,"JB Bet Amount":null,"JB Win/Lose/Push":null,"JB":null,"Ethan Bet Amount":null,"Ethan Win/Lose/Push":null,"Ethan":null,"Jaime Bet Amount":null,"Jaime Win/Lose/Push":null,"Jaime":null,"Nathan Bet Amount":null,"Nathan Win/Lose/Push":null,"Nathan":null,"Evan Bet Amount":null,"Evan Win/Lose/Push":null,"Evan":null,"Brandon Bet Amount":null,"Brandon Win/Lose/Push":null,"Brandon":null,"Total Team Bet":null,"Legends Bet":null,"Leaders Bet":null,"To Win":null,"Payout":null,"TOTALS":null,"Mitch Totals":null,"Phil Totals":null,"Bryce Totals":null,"Cory Totals":null,"JB Totals":null,"Ethan Totals":null},{"Week":"31","Date":"06/02/2023","Mitch Bet Amount":null,"Mitch Win/Lose/Push":null,"Mitch":null,"Phil Bet Amount":null,"Phil Win/Lose/Push":null,"Phil":null,"Bryce Bet Amount":null,"Bryce Win/Lose/Push":null,"Bryce":null,"Cory Bet Amount":null,"Cory Win/Lose/Push":null,"Cory":null,"JB Bet Amount":null,"JB Win/Lose/Push":null,"JB":null,"Ethan Bet Amount":null,"Ethan Win/Lose/Push":null,"Ethan":null,"Jaime Bet Amount":null,"Jaime Win/Lose/Push":null,"Jaime":null,"Nathan Bet Amount":null,"Nathan Win/Lose/Push":null,"Nathan":null,"Evan Bet Amount":null,"Evan Win/Lose/Push":null,"Evan":null,"Brandon Bet Amount":null,"Brandon Win/Lose/Push":null,"Brandon":null,"Total Team Bet":null,"Legends Bet":null,"Leaders Bet":null,"To Win":null,"Payout":null,"TOTALS":null,"Mitch Totals":null,"Phil Totals":null,"Bryce Totals":null,"Cory Totals":null,"JB Totals":null,"Ethan Totals":null},{"Week":"32","Date":"06/09/2023","Mitch Bet Amount":null,"Mitch Win/Lose/Push":null,"Mitch":null,"Phil Bet Amount":null,"Phil Win/Lose/Push":null,"Phil":null,"Bryce Bet Amount":null,"Bryce Win/Lose/Push":null,"Bryce":null,"Cory Bet Amount":null,"Cory Win/Lose/Push":null,"Cory":null,"JB Bet Amount":null,"JB Win/Lose/Push":null,"JB":null,"Ethan Bet Amount":null,"Ethan Win/Lose/Push":null,"Ethan":null,"Jaime Bet Amount":null,"Jaime Win/Lose/Push":null,"Jaime":null,"Nathan Bet Amount":null,"Nathan Win/Lose/Push":null,"Nathan":null,"Evan Bet Amount":null,"Evan Win/Lose/Push":null,"Evan":null,"Brandon Bet Amount":null,"Brandon Win/Lose/Push":null,"Brandon":null,"Total Team Bet":null,"Legends Bet":null,"Leaders Bet":null,"To Win":null,"Payout":null,"TOTALS":null,"Mitch Totals":null,"Phil Totals":null,"Bryce Totals":null,"Cory Totals":null,"JB Totals":null,"Ethan Totals":null},{"Week":"33","Date":"06/16/2023","Mitch Bet Amount":null,"Mitch Win/Lose/Push":null,"Mitch":null,"Phil Bet Amount":null,"Phil Win/Lose/Push":null,"Phil":null,"Bryce Bet Amount":null,"Bryce Win/Lose/Push":null,"Bryce":null,"Cory Bet Amount":null,"Cory Win/Lose/Push":null,"Cory":null,"JB Bet Amount":null,"JB Win/Lose/Push":null,"JB":null,"Ethan Bet Amount":null,"Ethan Win/Lose/Push":null,"Ethan":null,"Jaime Bet Amount":null,"Jaime Win/Lose/Push":null,"Jaime":null,"Nathan Bet Amount":null,"Nathan Win/Lose/Push":null,"Nathan":null,"Evan Bet Amount":null,"Evan Win/Lose/Push":null,"Evan":null,"Brandon Bet Amount":null,"Brandon Win/Lose/Push":null,"Brandon":null,"Total Team Bet":null,"Legends Bet":null,"Leaders Bet":null,"To Win":null,"Payout":null,"TOTALS":null,"Mitch Totals":null,"Phil Totals":null,"Bryce Totals":null,"Cory Totals":null,"JB Totals":null,"Ethan Totals":null},{"Week":"34","Date":"06/23/2023","Mitch Bet Amount":null,"Mitch Win/Lose/Push":null,"Mitch":null,"Phil Bet Amount":null,"Phil Win/Lose/Push":null,"Phil":null,"Bryce Bet Amount":null,"Bryce Win/Lose/Push":null,"Bryce":null,"Cory Bet Amount":null,"Cory Win/Lose/Push":null,"Cory":null,"JB Bet Amount":null,"JB Win/Lose/Push":null,"JB":null,"Ethan Bet Amount":null,"Ethan Win/Lose/Push":null,"Ethan":null,"Jaime Bet Amount":null,"Jaime Win/Lose/Push":null,"Jaime":null,"Nathan Bet Amount":null,"Nathan Win/Lose/Push":null,"Nathan":null,"Evan Bet Amount":null,"Evan Win/Lose/Push":null,"Evan":null,"Brandon Bet Amount":null,"Brandon Win/Lose/Push":null,"Brandon":null,"Total Team Bet":null,"Legends Bet":null,"Leaders Bet":null,"To Win":null,"Payout":null,"TOTALS":null,"Mitch Totals":null,"Phil Totals":null,"Bryce Totals":null,"Cory Totals":null,"JB Totals":null,"Ethan Totals":null},{"Week":"35","Date":"06/30/2023","Mitch Bet Amount":null,"Mitch Win/Lose/Push":null,"Mitch":null,"Phil Bet Amount":null,"Phil Win/Lose/Push":null,"Phil":null,"Bryce Bet Amount":null,"Bryce Win/Lose/Push":null,"Bryce":null,"Cory Bet Amount":null,"Cory Win/Lose/Push":null,"Cory":null,"JB Bet Amount":null,"JB Win/Lose/Push":null,"JB":null,"Ethan Bet Amount":null,"Ethan Win/Lose/Push":null,"Ethan":null,"Jaime Bet Amount":null,"Jaime Win/Lose/Push":null,"Jaime":null,"Nathan Bet Amount":null,"Nathan Win/Lose/Push":null,"Nathan":null,"Evan Bet Amount":null,"Evan Win/Lose/Push":null,"Evan":null,"Brandon Bet Amount":null,"Brandon Win/Lose/Push":null,"Brandon":null,"Total Team Bet":null,"Legends Bet":null,"Leaders Bet":null,"To Win":null,"Payout":null,"TOTALS":null,"Mitch Totals":null,"Phil Totals":null,"Bryce Totals":null,"Cory Totals":null,"JB Totals":null,"Ethan Totals":null},{"Week":"36","Date":"07/07/2023","Mitch Bet Amount":null,"Mitch Win/Lose/Push":null,"Mitch":null,"Phil Bet Amount":null,"Phil Win/Lose/Push":null,"Phil":null,"Bryce Bet Amount":null,"Bryce Win/Lose/Push":null,"Bryce":null,"Cory Bet Amount":null,"Cory Win/Lose/Push":null,"Cory":null,"JB Bet Amount":null,"JB Win/Lose/Push":null,"JB":null,"Ethan Bet Amount":null,"Ethan Win/Lose/Push":null,"Ethan":null,"Jaime Bet Amount":null,"Jaime Win/Lose/Push":null,"Jaime":null,"Nathan Bet Amount":null,"Nathan Win/Lose/Push":null,"Nathan":null,"Evan Bet Amount":null,"Evan Win/Lose/Push":null,"Evan":null,"Brandon Bet Amount":null,"Brandon Win/Lose/Push":null,"Brandon":null,"Total Team Bet":null,"Legends Bet":null,"Leaders Bet":null,"To Win":null,"Payout":null,"TOTALS":null,"Mitch Totals":null,"Phil Totals":null,"Bryce Totals":null,"Cory Totals":null,"JB Totals":null,"Ethan Totals":null},{"Week":"37","Date":"07/14/2023","Mitch Bet Amount":null,"Mitch Win/Lose/Push":null,"Mitch":null,"Phil Bet Amount":null,"Phil Win/Lose/Push":null,"Phil":null,"Bryce Bet Amount":null,"Bryce Win/Lose/Push":null,"Bryce":null,"Cory Bet Amount":null,"Cory Win/Lose/Push":null,"Cory":null,"JB Bet Amount":null,"JB Win/Lose/Push":null,"JB":null,"Ethan Bet Amount":null,"Ethan Win/Lose/Push":null,"Ethan":null,"Jaime Bet Amount":null,"Jaime Win/Lose/Push":null,"Jaime":null,"Nathan Bet Amount":null,"Nathan Win/Lose/Push":null,"Nathan":null,"Evan Bet Amount":null,"Evan Win/Lose/Push":null,"Evan":null,"Brandon Bet Amount":null,"Brandon Win/Lose/Push":null,"Brandon":null,"Total Team Bet":null,"Legends Bet":null,"Leaders Bet":null,"To Win":null,"Payout":null,"TOTALS":null,"Mitch Totals":null,"Phil Totals":null,"Bryce Totals":null,"Cory Totals":null,"JB Totals":null,"Ethan Totals":null},{"Week":"38","Date":"07/21/2023","Mitch Bet Amount":null,"Mitch Win/Lose/Push":null,"Mitch":null,"Phil Bet Amount":null,"Phil Win/Lose/Push":null,"Phil":null,"Bryce Bet Amount":null,"Bryce Win/Lose/Push":null,"Bryce":null,"Cory Bet Amount":null,"Cory Win/Lose/Push":null,"Cory":null,"JB Bet Amount":null,"JB Win/Lose/Push":null,"JB":null,"Ethan Bet Amount":null,"Ethan Win/Lose/Push":null,"Ethan":null,"Jaime Bet Amount":null,"Jaime Win/Lose/Push":null,"Jaime":null,"Nathan Bet Amount":null,"Nathan Win/Lose/Push":null,"Nathan":null,"Evan Bet Amount":null,"Evan Win/Lose/Push":null,"Evan":null,"Brandon Bet Amount":null,"Brandon Win/Lose/Push":null,"Brandon":null,"Total Team Bet":null,"Legends Bet":null,"Leaders Bet":null,"To Win":null,"Payout":null,"TOTALS":null,"Mitch Totals":null,"Phil Totals":null,"Bryce Totals":null,"Cory Totals":null,"JB Totals":null,"Ethan Totals":null},{"Week":"39","Date":"07/28/2023","Mitch Bet Amount":null,"Mitch Win/Lose/Push":null,"Mitch":null,"Phil Bet Amount":null,"Phil Win/Lose/Push":null,"Phil":null,"Bryce Bet Amount":null,"Bryce Win/Lose/Push":null,"Bryce":null,"Cory Bet Amount":null,"Cory Win/Lose/Push":null,"Cory":null,"JB Bet Amount":null,"JB Win/Lose/Push":null,"JB":null,"Ethan Bet Amount":null,"Ethan Win/Lose/Push":null,"Ethan":null,"Jaime Bet Amount":null,"Jaime Win/Lose/Push":null,"Jaime":null,"Nathan Bet Amount":null,"Nathan Win/Lose/Push":null,"Nathan":null,"Evan Bet Amount":null,"Evan Win/Lose/Push":null,"Evan":null,"Brandon Bet Amount":null,"Brandon Win/Lose/Push":null,"Brandon":null,"Total Team Bet":null,"Legends Bet":null,"Leaders Bet":null,"To Win":null,"Payout":null,"TOTALS":null,"Mitch Totals":null,"Phil Totals":null,"Bryce Totals":null,"Cory Totals":null,"JB Totals":null,"Ethan Totals":null},{"Week":"40","Date":"08/04/2023","Mitch Bet Amount":null,"Mitch Win/Lose/Push":null,"Mitch":null,"Phil Bet Amount":null,"Phil Win/Lose/Push":null,"Phil":null,"Bryce Bet Amount":null,"Bryce Win/Lose/Push":null,"Bryce":null,"Cory Bet Amount":null,"Cory Win/Lose/Push":null,"Cory":null,"JB Bet Amount":null,"JB Win/Lose/Push":null,"JB":null,"Ethan Bet Amount":null,"Ethan Win/Lose/Push":null,"Ethan":null,"Jaime Bet Amount":null,"Jaime Win/Lose/Push":null,"Jaime":null,"Nathan Bet Amount":null,"Nathan Win/Lose/Push":null,"Nathan":null,"Evan Bet Amount":null,"Evan Win/Lose/Push":null,"Evan":null,"Brandon Bet Amount":null,"Brandon Win/Lose/Push":null,"Brandon":null,"Total Team Bet":null,"Legends Bet":null,"Leaders Bet":null,"To Win":null,"Payout":null,"TOTALS":null,"Mitch Totals":null,"Phil Totals":null,"Bryce Totals":null,"Cory Totals":null,"JB Totals":null,"Ethan Totals":null},{"Week":"41","Date":"08/11/2023","Mitch Bet Amount":null,"Mitch Win/Lose/Push":null,"Mitch":null,"Phil Bet Amount":null,"Phil Win/Lose/Push":null,"Phil":null,"Bryce Bet Amount":null,"Bryce Win/Lose/Push":null,"Bryce":null,"Cory Bet Amount":null,"Cory Win/Lose/Push":null,"Cory":null,"JB Bet Amount":null,"JB Win/Lose/Push":null,"JB":null,"Ethan Bet Amount":null,"Ethan Win/Lose/Push":null,"Ethan":null,"Jaime Bet Amount":null,"Jaime Win/Lose/Push":null,"Jaime":null,"Nathan Bet Amount":null,"Nathan Win/Lose/Push":null,"Nathan":null,"Evan Bet Amount":null,"Evan Win/Lose/Push":null,"Evan":null,"Brandon Bet Amount":null,"Brandon Win/Lose/Push":null,"Brandon":null,"Total Team Bet":null,"Legends Bet":null,"Leaders Bet":null,"To Win":null,"Payout":null,"TOTALS":null,"Mitch Totals":null,"Phil Totals":null,"Bryce Totals":null,"Cory Totals":null,"JB Totals":null,"Ethan Totals":null},{"Week":"42","Date":"08/18/2023","Mitch Bet Amount":null,"Mitch Win/Lose/Push":null,"Mitch":null,"Phil Bet Amount":null,"Phil Win/Lose/Push":null,"Phil":null,"Bryce Bet Amount":null,"Bryce Win/Lose/Push":null,"Bryce":null,"Cory Bet Amount":null,"Cory Win/Lose/Push":null,"Cory":null,"JB Bet Amount":null,"JB Win/Lose/Push":null,"JB":null,"Ethan Bet Amount":null,"Ethan Win/Lose/Push":null,"Ethan":null,"Jaime Bet Amount":null,"Jaime Win/Lose/Push":null,"Jaime":null,"Nathan Bet Amount":null,"Nathan Win/Lose/Push":null,"Nathan":null,"Evan Bet Amount":null,"Evan Win/Lose/Push":null,"Evan":null,"Brandon Bet Amount":null,"Brandon Win/Lose/Push":null,"Brandon":null,"Total Team Bet":null,"Legends Bet":null,"Leaders Bet":null,"To Win":null,"Payout":null,"TOTALS":null,"Mitch Totals":null,"Phil Totals":null,"Bryce Totals":null,"Cory Totals":null,"JB Totals":null,"Ethan Totals":null},{"Week":"43","Date":"08/25/2023","Mitch Bet Amount":null,"Mitch Win/Lose/Push":null,"Mitch":null,"Phil Bet Amount":null,"Phil Win/Lose/Push":null,"Phil":null,"Bryce Bet Amount":null,"Bryce Win/Lose/Push":null,"Bryce":null,"Cory Bet Amount":null,"Cory Win/Lose/Push":null,"Cory":null,"JB Bet Amount":null,"JB Win/Lose/Push":null,"JB":null,"Ethan Bet Amount":null,"Ethan Win/Lose/Push":null,"Ethan":null,"Jaime Bet Amount":null,"Jaime Win/Lose/Push":null,"Jaime":null,"Nathan Bet Amount":null,"Nathan Win/Lose/Push":null,"Nathan":null,"Evan Bet Amount":null,"Evan Win/Lose/Push":null,"Evan":null,"Brandon Bet Amount":null,"Brandon Win/Lose/Push":null,"Brandon":null,"Total Team Bet":null,"Legends Bet":null,"Leaders Bet":null,"To Win":null,"Payout":null,"TOTALS":null,"Mitch Totals":null,"Phil Totals":null,"Bryce Totals":null,"Cory Totals":null,"JB Totals":null,"Ethan Totals":null},{"Week":"44","Date":"09/01/2023","Mitch Bet Amount":null,"Mitch Win/Lose/Push":null,"Mitch":null,"Phil Bet Amount":null,"Phil Win/Lose/Push":null,"Phil":null,"Bryce Bet Amount":null,"Bryce Win/Lose/Push":null,"Bryce":null,"Cory Bet Amount":null,"Cory Win/Lose/Push":null,"Cory":null,"JB Bet Amount":null,"JB Win/Lose/Push":null,"JB":null,"Ethan Bet Amount":null,"Ethan Win/Lose/Push":null,"Ethan":null,"Jaime Bet Amount":null,"Jaime Win/Lose/Push":null,"Jaime":null,"Nathan Bet Amount":null,"Nathan Win/Lose/Push":null,"Nathan":null,"Evan Bet Amount":null,"Evan Win/Lose/Push":null,"Evan":null,"Brandon Bet Amount":null,"Brandon Win/Lose/Push":null,"Brandon":null,"Total Team Bet":null,"Legends Bet":null,"Leaders Bet":null,"To Win":null,"Payout":null,"TOTALS":null,"Mitch Totals":null,"Phil Totals":null,"Bryce Totals":null,"Cory Totals":null,"JB Totals":null,"Ethan Totals":null},{"Week":"45","Date":"09/08/2023","Mitch Bet Amount":null,"Mitch Win/Lose/Push":null,"Mitch":null,"Phil Bet Amount":null,"Phil Win/Lose/Push":null,"Phil":null,"Bryce Bet Amount":null,"Bryce Win/Lose/Push":null,"Bryce":null,"Cory Bet Amount":null,"Cory Win/Lose/Push":null,"Cory":null,"JB Bet Amount":null,"JB Win/Lose/Push":null,"JB":null,"Ethan Bet Amount":null,"Ethan Win/Lose/Push":null,"Ethan":null,"Jaime Bet Amount":null,"Jaime Win/Lose/Push":null,"Jaime":null,"Nathan Bet Amount":null,"Nathan Win/Lose/Push":null,"Nathan":null,"Evan Bet Amount":null,"Evan Win/Lose/Push":null,"Evan":null,"Brandon Bet Amount":null,"Brandon Win/Lose/Push":null,"Brandon":null,"Total Team Bet":null,"Legends Bet":null,"Leaders Bet":null,"To Win":null,"Payout":null,"TOTALS":null,"Mitch Totals":null,"Phil Totals":null,"Bryce Totals":null,"Cory Totals":null,"JB Totals":null,"Ethan Totals":null},{"Week":"46","Date":"09/15/2023","Mitch Bet Amount":null,"Mitch Win/Lose/Push":null,"Mitch":null,"Phil Bet Amount":null,"Phil Win/Lose/Push":null,"Phil":null,"Bryce Bet Amount":null,"Bryce Win/Lose/Push":null,"Bryce":null,"Cory Bet Amount":null,"Cory Win/Lose/Push":null,"Cory":null,"JB Bet Amount":null,"JB Win/Lose/Push":null,"JB":null,"Ethan Bet Amount":null,"Ethan Win/Lose/Push":null,"Ethan":null,"Jaime Bet Amount":null,"Jaime Win/Lose/Push":null,"Jaime":null,"Nathan Bet Amount":null,"Nathan Win/Lose/Push":null,"Nathan":null,"Evan Bet Amount":null,"Evan Win/Lose/Push":null,"Evan":null,"Brandon Bet Amount":null,"Brandon Win/Lose/Push":null,"Brandon":null,"Total Team Bet":null,"Legends Bet":null,"Leaders Bet":null,"To Win":null,"Payout":null,"TOTALS":null,"Mitch Totals":null,"Phil Totals":null,"Bryce Totals":null,"Cory Totals":null,"JB Totals":null,"Ethan Totals":null},{"Week":"47","Date":"09/22/2023","Mitch Bet Amount":null,"Mitch Win/Lose/Push":null,"Mitch":null,"Phil Bet Amount":null,"Phil Win/Lose/Push":null,"Phil":null,"Bryce Bet Amount":null,"Bryce Win/Lose/Push":null,"Bryce":null,"Cory Bet Amount":null,"Cory Win/Lose/Push":null,"Cory":null,"JB Bet Amount":null,"JB Win/Lose/Push":null,"JB":null,"Ethan Bet Amount":null,"Ethan Win/Lose/Push":null,"Ethan":null,"Jaime Bet Amount":null,"Jaime Win/Lose/Push":null,"Jaime":null,"Nathan Bet Amount":null,"Nathan Win/Lose/Push":null,"Nathan":null,"Evan Bet Amount":null,"Evan Win/Lose/Push":null,"Evan":null,"Brandon Bet Amount":null,"Brandon Win/Lose/Push":null,"Brandon":null,"Total Team Bet":null,"Legends Bet":null,"Leaders Bet":null,"To Win":null,"Payout":null,"TOTALS":null,"Mitch Totals":null,"Phil Totals":null,"Bryce Totals":null,"Cory Totals":null,"JB Totals":null,"Ethan Totals":null},{"Week":"48","Date":"09/29/2023","Mitch Bet Amount":null,"Mitch Win/Lose/Push":null,"Mitch":null,"Phil Bet Amount":null,"Phil Win/Lose/Push":null,"Phil":null,"Bryce Bet Amount":null,"Bryce Win/Lose/Push":null,"Bryce":null,"Cory Bet Amount":null,"Cory Win/Lose/Push":null,"Cory":null,"JB Bet Amount":null,"JB Win/Lose/Push":null,"JB":null,"Ethan Bet Amount":null,"Ethan Win/Lose/Push":null,"Ethan":null,"Jaime Bet Amount":null,"Jaime Win/Lose/Push":null,"Jaime":null,"Nathan Bet Amount":null,"Nathan Win/Lose/Push":null,"Nathan":null,"Evan Bet Amount":null,"Evan Win/Lose/Push":null,"Evan":null,"Brandon Bet Amount":null,"Brandon Win/Lose/Push":null,"Brandon":null,"Total Team Bet":null,"Legends Bet":null,"Leaders Bet":null,"To Win":null,"Payout":null,"TOTALS":null,"Mitch Totals":null,"Phil Totals":null,"Bryce Totals":null,"Cory Totals":null,"JB Totals":null,"Ethan Totals":null},{"Week":"49","Date":"10/06/2023","Mitch Bet Amount":null,"Mitch Win/Lose/Push":null,"Mitch":null,"Phil Bet Amount":null,"Phil Win/Lose/Push":null,"Phil":null,"Bryce Bet Amount":null,"Bryce Win/Lose/Push":null,"Bryce":null,"Cory Bet Amount":null,"Cory Win/Lose/Push":null,"Cory":null,"JB Bet Amount":null,"JB Win/Lose/Push":null,"JB":null,"Ethan Bet Amount":null,"Ethan Win/Lose/Push":null,"Ethan":null,"Jaime Bet Amount":null,"Jaime Win/Lose/Push":null,"Jaime":null,"Nathan Bet Amount":null,"Nathan Win/Lose/Push":null,"Nathan":null,"Evan Bet Amount":null,"Evan Win/Lose/Push":null,"Evan":null,"Brandon Bet Amount":null,"Brandon Win/Lose/Push":null,"Brandon":null,"Total Team Bet":null,"Legends Bet":null,"Leaders Bet":null,"To Win":null,"Payout":null,"TOTALS":null,"Mitch Totals":null,"Phil Totals":null,"Bryce Totals":null,"Cory Totals":null,"JB Totals":null,"Ethan Totals":null},{"Week":"50","Date":"10/13/2023","Mitch Bet Amount":null,"Mitch Win/Lose/Push":null,"Mitch":null,"Phil Bet Amount":null,"Phil Win/Lose/Push":null,"Phil":null,"Bryce Bet Amount":null,"Bryce Win/Lose/Push":null,"Bryce":null,"Cory Bet Amount":null,"Cory Win/Lose/Push":null,"Cory":null,"JB Bet Amount":null,"JB Win/Lose/Push":null,"JB":null,"Ethan Bet Amount":null,"Ethan Win/Lose/Push":null,"Ethan":null,"Jaime Bet Amount":null,"Jaime Win/Lose/Push":null,"Jaime":null,"Nathan Bet Amount":null,"Nathan Win/Lose/Push":null,"Nathan":null,"Evan Bet Amount":null,"Evan Win/Lose/Push":null,"Evan":null,"Brandon Bet Amount":null,"Brandon Win/Lose/Push":null,"Brandon":null,"Total Team Bet":null,"Legends Bet":null,"Leaders Bet":null,"To Win":null,"Payout":null,"TOTALS":null,"Mitch Totals":null,"Phil Totals":null,"Bryce Totals":null,"Cory Totals":null,"JB Totals":null,"Ethan Totals":null},{"Week":"51","Date":"10/20/2023","Mitch Bet Amount":null,"Mitch Win/Lose/Push":null,"Mitch":null,"Phil Bet Amount":null,"Phil Win/Lose/Push":null,"Phil":null,"Bryce Bet Amount":null,"Bryce Win/Lose/Push":null,"Bryce":null,"Cory Bet Amount":null,"Cory Win/Lose/Push":null,"Cory":null,"JB Bet Amount":null,"JB Win/Lose/Push":null,"JB":null,"Ethan Bet Amount":null,"Ethan Win/Lose/Push":null,"Ethan":null,"Jaime Bet Amount":null,"Jaime Win/Lose/Push":null,"Jaime":null,"Nathan Bet Amount":null,"Nathan Win/Lose/Push":null,"Nathan":null,"Evan Bet Amount":null,"Evan Win/Lose/Push":null,"Evan":null,"Brandon Bet Amount":null,"Brandon Win/Lose/Push":null,"Brandon":null,"Total Team Bet":null,"Legends Bet":null,"Leaders Bet":null,"To Win":null,"Payout":null,"TOTALS":null,"Mitch Totals":null,"Phil Totals":null,"Bryce Totals":null,"Cory Totals":null,"JB Totals":null,"Ethan Totals":null},{"Week":"52","Date":"10/27/2023","Mitch Bet Amount":null,"Mitch Win/Lose/Push":null,"Mitch":null,"Phil Bet Amount":null,"Phil Win/Lose/Push":null,"Phil":null,"Bryce Bet Amount":null,"Bryce Win/Lose/Push":null,"Bryce":null,"Cory Bet Amount":null,"Cory Win/Lose/Push":null,"Cory":null,"JB Bet Amount":null,"JB Win/Lose/Push":null,"JB":null,"Ethan Bet Amount":null,"Ethan Win/Lose/Push":null,"Ethan":null,"Jaime Bet Amount":null,"Jaime Win/Lose/Push":null,"Jaime":null,"Nathan Bet Amount":null,"Nathan Win/Lose/Push":null,"Nathan":null,"Evan Bet Amount":null,"Evan Win/Lose/Push":null,"Evan":null,"Brandon Bet Amount":null,"Brandon Win/Lose/Push":null,"Brandon":null,"Total Team Bet":null,"Legends Bet":null,"Leaders Bet":null,"To Win":null,"Payout":null,"TOTALS":null,"Mitch Totals":null,"Phil Totals":null,"Bryce Totals":null,"Cory Totals":null,"JB Totals":null,"Ethan Totals":null},{"Week":"53","Date":"11/03/2023","Mitch Bet Amount":null,"Mitch Win/Lose/Push":null,"Mitch":null,"Phil Bet Amount":null,"Phil Win/Lose/Push":null,"Phil":null,"Bryce Bet Amount":null,"Bryce Win/Lose/Push":null,"Bryce":null,"Cory Bet Amount":null,"Cory Win/Lose/Push":null,"Cory":null,"JB Bet Amount":null,"JB Win/Lose/Push":null,"JB":null,"Ethan Bet Amount":null,"Ethan Win/Lose/Push":null,"Ethan":null,"Jaime Bet Amount":null,"Jaime Win/Lose/Push":null,"Jaime":null,"Nathan Bet Amount":null,"Nathan Win/Lose/Push":null,"Nathan":null,"Evan Bet Amount":null,"Evan Win/Lose/Push":null,"Evan":null,"Brandon Bet Amount":null,"Brandon Win/Lose/Push":null,"Brandon":null,"Total Team Bet":null,"Legends Bet":null,"Leaders Bet":null,"To Win":null,"Payout":null,"TOTALS":null,"Mitch Totals":null,"Phil Totals":null,"Bryce Totals":null,"Cory Totals":null,"JB Totals":null,"Ethan Totals":null},{"Week":"54","Date":"11/10/2023","Mitch Bet Amount":null,"Mitch Win/Lose/Push":null,"Mitch":null,"Phil Bet Amount":null,"Phil Win/Lose/Push":null,"Phil":null,"Bryce Bet Amount":null,"Bryce Win/Lose/Push":null,"Bryce":null,"Cory Bet Amount":null,"Cory Win/Lose/Push":null,"Cory":null,"JB Bet Amount":null,"JB Win/Lose/Push":null,"JB":null,"Ethan Bet Amount":null,"Ethan Win/Lose/Push":null,"Ethan":null,"Jaime Bet Amount":null,"Jaime Win/Lose/Push":null,"Jaime":null,"Nathan Bet Amount":null,"Nathan Win/Lose/Push":null,"Nathan":null,"Evan Bet Amount":null,"Evan Win/Lose/Push":null,"Evan":null,"Brandon Bet Amount":null,"Brandon Win/Lose/Push":null,"Brandon":null,"Total Team Bet":null,"Legends Bet":null,"Leaders Bet":null,"To Win":null,"Payout":null,"TOTALS":null,"Mitch Totals":null,"Phil Totals":null,"Bryce Totals":null,"Cory Totals":null,"JB Totals":null,"Ethan Totals":null},{"Week":"55","Date":"11/17/2023","Mitch Bet Amount":null,"Mitch Win/Lose/Push":null,"Mitch":null,"Phil Bet Amount":null,"Phil Win/Lose/Push":null,"Phil":null,"Bryce Bet Amount":null,"Bryce Win/Lose/Push":null,"Bryce":null,"Cory Bet Amount":null,"Cory Win/Lose/Push":null,"Cory":null,"JB Bet Amount":null,"JB Win/Lose/Push":null,"JB":null,"Ethan Bet Amount":null,"Ethan Win/Lose/Push":null,"Ethan":null,"Jaime Bet Amount":null,"Jaime Win/Lose/Push":null,"Jaime":null,"Nathan Bet Amount":null,"Nathan Win/Lose/Push":null,"Nathan":null,"Evan Bet Amount":null,"Evan Win/Lose/Push":null,"Evan":null,"Brandon Bet Amount":null,"Brandon Win/Lose/Push":null,"Brandon":null,"Total Team Bet":null,"Legends Bet":null,"Leaders Bet":null,"To Win":null,"Payout":null,"TOTALS":null,"Mitch Totals":null,"Phil Totals":null,"Bryce Totals":null,"Cory Totals":null,"JB Totals":null,"Ethan Totals":null},{"Week":"56","Date":"11/24/2023","Mitch Bet Amount":null,"Mitch Win/Lose/Push":null,"Mitch":null,"Phil Bet Amount":null,"Phil Win/Lose/Push":null,"Phil":null,"Bryce Bet Amount":null,"Bryce Win/Lose/Push":null,"Bryce":null,"Cory Bet Amount":null,"Cory Win/Lose/Push":null,"Cory":null,"JB Bet Amount":null,"JB Win/Lose/Push":null,"JB":null,"Ethan Bet Amount":null,"Ethan Win/Lose/Push":null,"Ethan":null,"Jaime Bet Amount":null,"Jaime Win/Lose/Push":null,"Jaime":null,"Nathan Bet Amount":null,"Nathan Win/Lose/Push":null,"Nathan":null,"Evan Bet Amount":null,"Evan Win/Lose/Push":null,"Evan":null,"Brandon Bet Amount":null,"Brandon Win/Lose/Push":null,"Brandon":null,"Total Team Bet":null,"Legends Bet":null,"Leaders Bet":null,"To Win":null,"Payout":null,"TOTALS":null,"Mitch Totals":null,"Phil Totals":null,"Bryce Totals":null,"Cory Totals":null,"JB Totals":null,"Ethan Totals":null},{"Week":"57","Date":"12/01/2023","Mitch Bet Amount":null,"Mitch Win/Lose/Push":null,"Mitch":null,"Phil Bet Amount":null,"Phil Win/Lose/Push":null,"Phil":null,"Bryce Bet Amount":null,"Bryce Win/Lose/Push":null,"Bryce":null,"Cory Bet Amount":null,"Cory Win/Lose/Push":null,"Cory":null,"JB Bet Amount":null,"JB Win/Lose/Push":null,"JB":null,"Ethan Bet Amount":null,"Ethan Win/Lose/Push":null,"Ethan":null,"Jaime Bet Amount":null,"Jaime Win/Lose/Push":null,"Jaime":null,"Nathan Bet Amount":null,"Nathan Win/Lose/Push":null,"Nathan":null,"Evan Bet Amount":null,"Evan Win/Lose/Push":null,"Evan":null,"Brandon Bet Amount":null,"Brandon Win/Lose/Push":null,"Brandon":null,"Total Team Bet":null,"Legends Bet":null,"Leaders Bet":null,"To Win":null,"Payout":null,"TOTALS":null,"Mitch Totals":null,"Phil Totals":null,"Bryce Totals":null,"Cory Totals":null,"JB Totals":null,"Ethan Totals":null},{"Week":"58","Date":"12/08/2023","Mitch Bet Amount":null,"Mitch Win/Lose/Push":null,"Mitch":null,"Phil Bet Amount":null,"Phil Win/Lose/Push":null,"Phil":null,"Bryce Bet Amount":null,"Bryce Win/Lose/Push":null,"Bryce":null,"Cory Bet Amount":null,"Cory Win/Lose/Push":null,"Cory":null,"JB Bet Amount":null,"JB Win/Lose/Push":null,"JB":null,"Ethan Bet Amount":null,"Ethan Win/Lose/Push":null,"Ethan":null,"Jaime Bet Amount":null,"Jaime Win/Lose/Push":null,"Jaime":null,"Nathan Bet Amount":null,"Nathan Win/Lose/Push":null,"Nathan":null,"Evan Bet Amount":null,"Evan Win/Lose/Push":null,"Evan":null,"Brandon Bet Amount":null,"Brandon Win/Lose/Push":null,"Brandon":null,"Total Team Bet":null,"Legends Bet":null,"Leaders Bet":null,"To Win":null,"Payout":null,"TOTALS":null,"Mitch Totals":null,"Phil Totals":null,"Bryce Totals":null,"Cory Totals":null,"JB Totals":null,"Ethan Totals":null},{"Week":"59","Date":"12/15/2023","Mitch Bet Amount":null,"Mitch Win/Lose/Push":null,"Mitch":null,"Phil Bet Amount":null,"Phil Win/Lose/Push":null,"Phil":null,"Bryce Bet Amount":null,"Bryce Win/Lose/Push":null,"Bryce":null,"Cory Bet Amount":null,"Cory Win/Lose/Push":null,"Cory":null,"JB Bet Amount":null,"JB Win/Lose/Push":null,"JB":null,"Ethan Bet Amount":null,"Ethan Win/Lose/Push":null,"Ethan":null,"Jaime Bet Amount":null,"Jaime Win/Lose/Push":null,"Jaime":null,"Nathan Bet Amount":null,"Nathan Win/Lose/Push":null,"Nathan":null,"Evan Bet Amount":null,"Evan Win/Lose/Push":null,"Evan":null,"Brandon Bet Amount":null,"Brandon Win/Lose/Push":null,"Brandon":null,"Total Team Bet":null,"Legends Bet":null,"Leaders Bet":null,"To Win":null,"Payout":null,"TOTALS":null,"Mitch Totals":null,"Phil Totals":null,"Bryce Totals":null,"Cory Totals":null,"JB Totals":null,"Ethan Totals":null},{"Week":"60","Date":"12/22/2023","Mitch Bet Amount":null,"Mitch Win/Lose/Push":null,"Mitch":null,"Phil Bet Amount":null,"Phil Win/Lose/Push":null,"Phil":null,"Bryce Bet Amount":null,"Bryce Win/Lose/Push":null,"Bryce":null,"Cory Bet Amount":null,"Cory Win/Lose/Push":null,"Cory":null,"JB Bet Amount":null,"JB Win/Lose/Push":null,"JB":null,"Ethan Bet Amount":null,"Ethan Win/Lose/Push":null,"Ethan":null,"Jaime Bet Amount":null,"Jaime Win/Lose/Push":null,"Jaime":null,"Nathan Bet Amount":null,"Nathan Win/Lose/Push":null,"Nathan":null,"Evan Bet Amount":null,"Evan Win/Lose/Push":null,"Evan":null,"Brandon Bet Amount":null,"Brandon Win/Lose/Push":null,"Brandon":null,"Total Team Bet":null,"Legends Bet":null,"Leaders Bet":null,"To Win":null,"Payout":null,"TOTALS":null,"Mitch Totals":null,"Phil Totals":null,"Bryce Totals":null,"Cory Totals":null,"JB Totals":null,"Ethan Totals":null},{"Week":"61","Date":"12/29/2023","Mitch Bet Amount":null,"Mitch Win/Lose/Push":null,"Mitch":null,"Phil Bet Amount":null,"Phil Win/Lose/Push":null,"Phil":null,"Bryce Bet Amount":null,"Bryce Win/Lose/Push":null,"Bryce":null,"Cory Bet Amount":null,"Cory Win/Lose/Push":null,"Cory":null,"JB Bet Amount":null,"JB Win/Lose/Push":null,"JB":null,"Ethan Bet Amount":null,"Ethan Win/Lose/Push":null,"Ethan":null,"Jaime Bet Amount":null,"Jaime Win/Lose/Push":null,"Jaime":null,"Nathan Bet Amount":null,"Nathan Win/Lose/Push":null,"Nathan":null,"Evan Bet Amount":null,"Evan Win/Lose/Push":null,"Evan":null,"Brandon Bet Amount":null,"Brandon Win/Lose/Push":null,"Brandon":null,"Total Team Bet":null,"Legends Bet":null,"Leaders Bet":null,"To Win":null,"Payout":null,"TOTALS":null,"Mitch Totals":null,"Phil Totals":null,"Bryce Totals":null,"Cory Totals":null,"JB Totals":null,"Ethan Totals":null},{"Week":"62","Date":"01/05/2024","Mitch Bet Amount":null,"Mitch Win/Lose/Push":null,"Mitch":null,"Phil Bet Amount":null,"Phil Win/Lose/Push":null,"Phil":null,"Bryce Bet Amount":null,"Bryce Win/Lose/Push":null,"Bryce":null,"Cory Bet Amount":null,"Cory Win/Lose/Push":null,"Cory":null,"JB Bet Amount":null,"JB Win/Lose/Push":null,"JB":null,"Ethan Bet Amount":null,"Ethan Win/Lose/Push":null,"Ethan":null,"Jaime Bet Amount":null,"Jaime Win/Lose/Push":null,"Jaime":null,"Nathan Bet Amount":null,"Nathan Win/Lose/Push":null,"Nathan":null,"Evan Bet Amount":null,"Evan Win/Lose/Push":null,"Evan":null,"Brandon Bet Amount":null,"Brandon Win/Lose/Push":null,"Brandon":null,"Total Team Bet":null,"Legends Bet":null,"Leaders Bet":null,"To Win":null,"Payout":null,"TOTALS":null,"Mitch Totals":null,"Phil Totals":null,"Bryce Totals":null,"Cory Totals":null,"JB Totals":null,"Ethan Totals":null},{"Week":"63","Date":"01/12/2024","Mitch Bet Amount":null,"Mitch Win/Lose/Push":null,"Mitch":null,"Phil Bet Amount":null,"Phil Win/Lose/Push":null,"Phil":null,"Bryce Bet Amount":null,"Bryce Win/Lose/Push":null,"Bryce":null,"Cory Bet Amount":null,"Cory Win/Lose/Push":null,"Cory":null,"JB Bet Amount":null,"JB Win/Lose/Push":null,"JB":null,"Ethan Bet Amount":null,"Ethan Win/Lose/Push":null,"Ethan":null,"Jaime Bet Amount":null,"Jaime Win/Lose/Push":null,"Jaime":null,"Nathan Bet Amount":null,"Nathan Win/Lose/Push":null,"Nathan":null,"Evan Bet Amount":null,"Evan Win/Lose/Push":null,"Evan":null,"Brandon Bet Amount":null,"Brandon Win/Lose/Push":null,"Brandon":null,"Total Team Bet":null,"Legends Bet":null,"Leaders Bet":null,"To Win":null,"Payout":null,"TOTALS":null,"Mitch Totals":null,"Phil Totals":null,"Bryce Totals":null,"Cory Totals":null,"JB Totals":null,"Ethan Totals":null},{"Week":"64","Date":"01/19/2024","Mitch Bet Amount":null,"Mitch Win/Lose/Push":null,"Mitch":null,"Phil Bet Amount":null,"Phil Win/Lose/Push":null,"Phil":null,"Bryce Bet Amount":null,"Bryce Win/Lose/Push":null,"Bryce":null,"Cory Bet Amount":null,"Cory Win/Lose/Push":null,"Cory":null,"JB Bet Amount":null,"JB Win/Lose/Push":null,"JB":null,"Ethan Bet Amount":null,"Ethan Win/Lose/Push":null,"Ethan":null,"Jaime Bet Amount":null,"Jaime Win/Lose/Push":null,"Jaime":null,"Nathan Bet Amount":null,"Nathan Win/Lose/Push":null,"Nathan":null,"Evan Bet Amount":null,"Evan Win/Lose/Push":null,"Evan":null,"Brandon Bet Amount":null,"Brandon Win/Lose/Push":null,"Brandon":null,"Total Team Bet":null,"Legends Bet":null,"Leaders Bet":null,"To Win":null,"Payout":null,"TOTALS":null,"Mitch Totals":null,"Phil Totals":null,"Bryce Totals":null,"Cory Totals":null,"JB Totals":null,"Ethan Totals":null},{"Week":"65","Date":"01/26/2024","Mitch Bet Amount":null,"Mitch Win/Lose/Push":null,"Mitch":null,"Phil Bet Amount":null,"Phil Win/Lose/Push":null,"Phil":null,"Bryce Bet Amount":null,"Bryce Win/Lose/Push":null,"Bryce":null,"Cory Bet Amount":null,"Cory Win/Lose/Push":null,"Cory":null,"JB Bet Amount":null,"JB Win/Lose/Push":null,"JB":null,"Ethan Bet Amount":null,"Ethan Win/Lose/Push":null,"Ethan":null,"Jaime Bet Amount":null,"Jaime Win/Lose/Push":null,"Jaime":null,"Nathan Bet Amount":null,"Nathan Win/Lose/Push":null,"Nathan":null,"Evan Bet Amount":null,"Evan Win/Lose/Push":null,"Evan":null,"Brandon Bet Amount":null,"Brandon Win/Lose/Push":null,"Brandon":null,"Total Team Bet":null,"Legends Bet":null,"Leaders Bet":null,"To Win":null,"Payout":null,"TOTALS":null,"Mitch Totals":null,"Phil Totals":null,"Bryce Totals":null,"Cory Totals":null,"JB Totals":null,"Ethan Totals":null},{"Week":"66","Date":"02/02/2024","Mitch Bet Amount":null,"Mitch Win/Lose/Push":null,"Mitch":null,"Phil Bet Amount":null,"Phil Win/Lose/Push":null,"Phil":null,"Bryce Bet Amount":null,"Bryce Win/Lose/Push":null,"Bryce":null,"Cory Bet Amount":null,"Cory Win/Lose/Push":null,"Cory":null,"JB Bet Amount":null,"JB Win/Lose/Push":null,"JB":null,"Ethan Bet Amount":null,"Ethan Win/Lose/Push":null,"Ethan":null,"Jaime Bet Amount":null,"Jaime Win/Lose/Push":null,"Jaime":null,"Nathan Bet Amount":null,"Nathan Win/Lose/Push":null,"Nathan":null,"Evan Bet Amount":null,"Evan Win/Lose/Push":null,"Evan":null,"Brandon Bet Amount":null,"Brandon Win/Lose/Push":null,"Brandon":null,"Total Team Bet":null,"Legends Bet":null,"Leaders Bet":null,"To Win":null,"Payout":null,"TOTALS":null,"Mitch Totals":null,"Phil Totals":null,"Bryce Totals":null,"Cory Totals":null,"JB Totals":null,"Ethan Totals":null},{"Week":"67","Date":"02/09/2024","Mitch Bet Amount":null,"Mitch Win/Lose/Push":null,"Mitch":null,"Phil Bet Amount":null,"Phil Win/Lose/Push":null,"Phil":null,"Bryce Bet Amount":null,"Bryce Win/Lose/Push":null,"Bryce":null,"Cory Bet Amount":null,"Cory Win/Lose/Push":null,"Cory":null,"JB Bet Amount":null,"JB Win/Lose/Push":null,"JB":null,"Ethan Bet Amount":null,"Ethan Win/Lose/Push":null,"Ethan":null,"Jaime Bet Amount":null,"Jaime Win/Lose/Push":null,"Jaime":null,"Nathan Bet Amount":null,"Nathan Win/Lose/Push":null,"Nathan":null,"Evan Bet Amount":null,"Evan Win/Lose/Push":null,"Evan":null,"Brandon Bet Amount":null,"Brandon Win/Lose/Push":null,"Brandon":null,"Total Team Bet":null,"Legends Bet":null,"Leaders Bet":null,"To Win":null,"Payout":null,"TOTALS":null,"Mitch Totals":null,"Phil Totals":null,"Bryce Totals":null,"Cory Totals":null,"JB Totals":null,"Ethan Totals":null},{"Week":"68","Date":"02/16/2024","Mitch Bet Amount":null,"Mitch Win/Lose/Push":null,"Mitch":null,"Phil Bet Amount":null,"Phil Win/Lose/Push":null,"Phil":null,"Bryce Bet Amount":null,"Bryce Win/Lose/Push":null,"Bryce":null,"Cory Bet Amount":null,"Cory Win/Lose/Push":null,"Cory":null,"JB Bet Amount":null,"JB Win/Lose/Push":null,"JB":null,"Ethan Bet Amount":null,"Ethan Win/Lose/Push":null,"Ethan":null,"Jaime Bet Amount":null,"Jaime Win/Lose/Push":null,"Jaime":null,"Nathan Bet Amount":null,"Nathan Win/Lose/Push":null,"Nathan":null,"Evan Bet Amount":null,"Evan Win/Lose/Push":null,"Evan":null,"Brandon Bet Amount":null,"Brandon Win/Lose/Push":null,"Brandon":null,"Total Team Bet":null,"Legends Bet":null,"Leaders Bet":null,"To Win":null,"Payout":null,"TOTALS":null,"Mitch Totals":null,"Phil Totals":null,"Bryce Totals":null,"Cory Totals":null,"JB Totals":null,"Ethan Totals":null},{"Week":"69","Date":"02/23/2024","Mitch Bet Amount":null,"Mitch Win/Lose/Push":null,"Mitch":null,"Phil Bet Amount":null,"Phil Win/Lose/Push":null,"Phil":null,"Bryce Bet Amount":null,"Bryce Win/Lose/Push":null,"Bryce":null,"Cory Bet Amount":null,"Cory Win/Lose/Push":null,"Cory":null,"JB Bet Amount":null,"JB Win/Lose/Push":null,"JB":null,"Ethan Bet Amount":null,"Ethan Win/Lose/Push":null,"Ethan":null,"Jaime Bet Amount":null,"Jaime Win/Lose/Push":null,"Jaime":null,"Nathan Bet Amount":null,"Nathan Win/Lose/Push":null,"Nathan":null,"Evan Bet Amount":null,"Evan Win/Lose/Push":null,"Evan":null,"Brandon Bet Amount":null,"Brandon Win/Lose/Push":null,"Brandon":null,"Total Team Bet":null,"Legends Bet":null,"Leaders Bet":null,"To Win":null,"Payout":null,"TOTALS":null,"Mitch Totals":null,"Phil Totals":null,"Bryce Totals":null,"Cory Totals":null,"JB Totals":null,"Ethan Totals":null},{"Week":"70","Date":"03/01/2024","Mitch Bet Amount":null,"Mitch Win/Lose/Push":null,"Mitch":null,"Phil Bet Amount":null,"Phil Win/Lose/Push":null,"Phil":null,"Bryce Bet Amount":null,"Bryce Win/Lose/Push":null,"Bryce":null,"Cory Bet Amount":null,"Cory Win/Lose/Push":null,"Cory":null,"JB Bet Amount":null,"JB Win/Lose/Push":null,"JB":null,"Ethan Bet Amount":null,"Ethan Win/Lose/Push":null,"Ethan":null,"Jaime Bet Amount":null,"Jaime Win/Lose/Push":null,"Jaime":null,"Nathan Bet Amount":null,"Nathan Win/Lose/Push":null,"Nathan":null,"Evan Bet Amount":null,"Evan Win/Lose/Push":null,"Evan":null,"Brandon Bet Amount":null,"Brandon Win/Lose/Push":null,"Brandon":null,"Total Team Bet":null,"Legends Bet":null,"Leaders Bet":null,"To Win":null,"Payout":null,"TOTALS":null,"Mitch Totals":null,"Phil Totals":null,"Bryce Totals":null,"Cory Totals":null,"JB Totals":null,"Ethan Totals":null},{"Week":"71","Date":"03/08/2024","Mitch Bet Amount":null,"Mitch Win/Lose/Push":null,"Mitch":null,"Phil Bet Amount":null,"Phil Win/Lose/Push":null,"Phil":null,"Bryce Bet Amount":null,"Bryce Win/Lose/Push":null,"Bryce":null,"Cory Bet Amount":null,"Cory Win/Lose/Push":null,"Cory":null,"JB Bet Amount":null,"JB Win/Lose/Push":null,"JB":null,"Ethan Bet Amount":null,"Ethan Win/Lose/Push":null,"Ethan":null,"Jaime Bet Amount":null,"Jaime Win/Lose/Push":null,"Jaime":null,"Nathan Bet Amount":null,"Nathan Win/Lose/Push":null,"Nathan":null,"Evan Bet Amount":null,"Evan Win/Lose/Push":null,"Evan":null,"Brandon Bet Amount":null,"Brandon Win/Lose/Push":null,"Brandon":null,"Total Team Bet":null,"Legends Bet":null,"Leaders Bet":null,"To Win":null,"Payout":null,"TOTALS":null,"Mitch Totals":null,"Phil Totals":null,"Bryce Totals":null,"Cory Totals":null,"JB Totals":null,"Ethan Totals":null},{"Week":"72","Date":"03/15/2024","Mitch Bet Amount":null,"Mitch Win/Lose/Push":null,"Mitch":null,"Phil Bet Amount":null,"Phil Win/Lose/Push":null,"Phil":null,"Bryce Bet Amount":null,"Bryce Win/Lose/Push":null,"Bryce":null,"Cory Bet Amount":null,"Cory Win/Lose/Push":null,"Cory":null,"JB Bet Amount":null,"JB Win/Lose/Push":null,"JB":null,"Ethan Bet Amount":null,"Ethan Win/Lose/Push":null,"Ethan":null,"Jaime Bet Amount":null,"Jaime Win/Lose/Push":null,"Jaime":null,"Nathan Bet Amount":null,"Nathan Win/Lose/Push":null,"Nathan":null,"Evan Bet Amount":null,"Evan Win/Lose/Push":null,"Evan":null,"Brandon Bet Amount":null,"Brandon Win/Lose/Push":null,"Brandon":null,"Total Team Bet":null,"Legends Bet":null,"Leaders Bet":null,"To Win":null,"Payout":null,"TOTALS":null,"Mitch Totals":null,"Phil Totals":null,"Bryce Totals":null,"Cory Totals":null,"JB Totals":null,"Ethan Totals":null},{"Week":"73","Date":"03/22/2024","Mitch Bet Amount":null,"Mitch Win/Lose/Push":null,"Mitch":null,"Phil Bet Amount":null,"Phil Win/Lose/Push":null,"Phil":null,"Bryce Bet Amount":null,"Bryce Win/Lose/Push":null,"Bryce":null,"Cory Bet Amount":null,"Cory Win/Lose/Push":null,"Cory":null,"JB Bet Amount":null,"JB Win/Lose/Push":null,"JB":null,"Ethan Bet Amount":null,"Ethan Win/Lose/Push":null,"Ethan":null,"Jaime Bet Amount":null,"Jaime Win/Lose/Push":null,"Jaime":null,"Nathan Bet Amount":null,"Nathan Win/Lose/Push":null,"Nathan":null,"Evan Bet Amount":null,"Evan Win/Lose/Push":null,"Evan":null,"Brandon Bet Amount":null,"Brandon Win/Lose/Push":null,"Brandon":null,"Total Team Bet":null,"Legends Bet":null,"Leaders Bet":null,"To Win":null,"Payout":null,"TOTALS":null,"Mitch Totals":null,"Phil Totals":null,"Bryce Totals":null,"Cory Totals":null,"JB Totals":null,"Ethan Totals":null},{"Week":"74","Date":"03/29/2024","Mitch Bet Amount":null,"Mitch Win/Lose/Push":null,"Mitch":null,"Phil Bet Amount":null,"Phil Win/Lose/Push":null,"Phil":null,"Bryce Bet Amount":null,"Bryce Win/Lose/Push":null,"Bryce":null,"Cory Bet Amount":null,"Cory Win/Lose/Push":null,"Cory":null,"JB Bet Amount":null,"JB Win/Lose/Push":null,"JB":null,"Ethan Bet Amount":null,"Ethan Win/Lose/Push":null,"Ethan":null,"Jaime Bet Amount":null,"Jaime Win/Lose/Push":null,"Jaime":null,"Nathan Bet Amount":null,"Nathan Win/Lose/Push":null,"Nathan":null,"Evan Bet Amount":null,"Evan Win/Lose/Push":null,"Evan":null,"Brandon Bet Amount":null,"Brandon Win/Lose/Push":null,"Brandon":null,"Total Team Bet":null,"Legends Bet":null,"Leaders Bet":null,"To Win":null,"Payout":null,"TOTALS":null,"Mitch Totals":null,"Phil Totals":null,"Bryce Totals":null,"Cory Totals":null,"JB Totals":null,"Ethan Totals":null},{"Week":"75","Date":"04/05/2024","Mitch Bet Amount":null,"Mitch Win/Lose/Push":null,"Mitch":null,"Phil Bet Amount":null,"Phil Win/Lose/Push":null,"Phil":null,"Bryce Bet Amount":null,"Bryce Win/Lose/Push":null,"Bryce":null,"Cory Bet Amount":null,"Cory Win/Lose/Push":null,"Cory":null,"JB Bet Amount":null,"JB Win/Lose/Push":null,"JB":null,"Ethan Bet Amount":null,"Ethan Win/Lose/Push":null,"Ethan":null,"Jaime Bet Amount":null,"Jaime Win/Lose/Push":null,"Jaime":null,"Nathan Bet Amount":null,"Nathan Win/Lose/Push":null,"Nathan":null,"Evan Bet Amount":null,"Evan Win/Lose/Push":null,"Evan":null,"Brandon Bet Amount":null,"Brandon Win/Lose/Push":null,"Brandon":null,"Total Team Bet":null,"Legends Bet":null,"Leaders Bet":null,"To Win":null,"Payout":null,"TOTALS":null,"Mitch Totals":null,"Phil Totals":null,"Bryce Totals":null,"Cory Totals":null,"JB Totals":null,"Ethan Totals":null},{"Week":"76","Date":"04/12/2024","Mitch Bet Amount":null,"Mitch Win/Lose/Push":null,"Mitch":null,"Phil Bet Amount":null,"Phil Win/Lose/Push":null,"Phil":null,"Bryce Bet Amount":null,"Bryce Win/Lose/Push":null,"Bryce":null,"Cory Bet Amount":null,"Cory Win/Lose/Push":null,"Cory":null,"JB Bet Amount":null,"JB Win/Lose/Push":null,"JB":null,"Ethan Bet Amount":null,"Ethan Win/Lose/Push":null,"Ethan":null,"Jaime Bet Amount":null,"Jaime Win/Lose/Push":null,"Jaime":null,"Nathan Bet Amount":null,"Nathan Win/Lose/Push":null,"Nathan":null,"Evan Bet Amount":null,"Evan Win/Lose/Push":null,"Evan":null,"Brandon Bet Amount":null,"Brandon Win/Lose/Push":null,"Brandon":null,"Total Team Bet":null,"Legends Bet":null,"Leaders Bet":null,"To Win":null,"Payout":null,"TOTALS":null,"Mitch Totals":null,"Phil Totals":null,"Bryce Totals":null,"Cory Totals":null,"JB Totals":null,"Ethan Totals":null},{"Week":"77","Date":"04/19/2024","Mitch Bet Amount":null,"Mitch Win/Lose/Push":null,"Mitch":null,"Phil Bet Amount":null,"Phil Win/Lose/Push":null,"Phil":null,"Bryce Bet Amount":null,"Bryce Win/Lose/Push":null,"Bryce":null,"Cory Bet Amount":null,"Cory Win/Lose/Push":null,"Cory":null,"JB Bet Amount":null,"JB Win/Lose/Push":null,"JB":null,"Ethan Bet Amount":null,"Ethan Win/Lose/Push":null,"Ethan":null,"Jaime Bet Amount":null,"Jaime Win/Lose/Push":null,"Jaime":null,"Nathan Bet Amount":null,"Nathan Win/Lose/Push":null,"Nathan":null,"Evan Bet Amount":null,"Evan Win/Lose/Push":null,"Evan":null,"Brandon Bet Amount":null,"Brandon Win/Lose/Push":null,"Brandon":null,"Total Team Bet":null,"Legends Bet":null,"Leaders Bet":null,"To Win":null,"Payout":null,"TOTALS":null,"Mitch Totals":null,"Phil Totals":null,"Bryce Totals":null,"Cory Totals":null,"JB Totals":null,"Ethan Totals":null},{"Week":"78","Date":"04/26/2024","Mitch Bet Amount":null,"Mitch Win/Lose/Push":null,"Mitch":null,"Phil Bet Amount":null,"Phil Win/Lose/Push":null,"Phil":null,"Bryce Bet Amount":null,"Bryce Win/Lose/Push":null,"Bryce":null,"Cory Bet Amount":null,"Cory Win/Lose/Push":null,"Cory":null,"JB Bet Amount":null,"JB Win/Lose/Push":null,"JB":null,"Ethan Bet Amount":null,"Ethan Win/Lose/Push":null,"Ethan":null,"Jaime Bet Amount":null,"Jaime Win/Lose/Push":null,"Jaime":null,"Nathan Bet Amount":null,"Nathan Win/Lose/Push":null,"Nathan":null,"Evan Bet Amount":null,"Evan Win/Lose/Push":null,"Evan":null,"Brandon Bet Amount":null,"Brandon Win/Lose/Push":null,"Brandon":null,"Total Team Bet":null,"Legends Bet":null,"Leaders Bet":null,"To Win":null,"Payout":null,"TOTALS":null,"Mitch Totals":null,"Phil Totals":null,"Bryce Totals":null,"Cory Totals":null,"JB Totals":null,"Ethan Totals":null},{"Week":"79","Date":"05/03/2024","Mitch Bet Amount":null,"Mitch Win/Lose/Push":null,"Mitch":null,"Phil Bet Amount":null,"Phil Win/Lose/Push":null,"Phil":null,"Bryce Bet Amount":null,"Bryce Win/Lose/Push":null,"Bryce":null,"Cory Bet Amount":null,"Cory Win/Lose/Push":null,"Cory":null,"JB Bet Amount":null,"JB Win/Lose/Push":null,"JB":null,"Ethan Bet Amount":null,"Ethan Win/Lose/Push":null,"Ethan":null,"Jaime Bet Amount":null,"Jaime Win/Lose/Push":null,"Jaime":null,"Nathan Bet Amount":null,"Nathan Win/Lose/Push":null,"Nathan":null,"Evan Bet Amount":null,"Evan Win/Lose/Push":null,"Evan":null,"Brandon Bet Amount":null,"Brandon Win/Lose/Push":null,"Brandon":null,"Total Team Bet":null,"Legends Bet":null,"Leaders Bet":null,"To Win":null,"Payout":null,"TOTALS":null,"Mitch Totals":null,"Phil Totals":null,"Bryce Totals":null,"Cory Totals":null,"JB Totals":null,"Ethan Totals":null},{"Week":"80","Date":"05/10/2024","Mitch Bet Amount":null,"Mitch Win/Lose/Push":null,"Mitch":null,"Phil Bet Amount":null,"Phil Win/Lose/Push":null,"Phil":null,"Bryce Bet Amount":null,"Bryce Win/Lose/Push":null,"Bryce":null,"Cory Bet Amount":null,"Cory Win/Lose/Push":null,"Cory":null,"JB Bet Amount":null,"JB Win/Lose/Push":null,"JB":null,"Ethan Bet Amount":null,"Ethan Win/Lose/Push":null,"Ethan":null,"Jaime Bet Amount":null,"Jaime Win/Lose/Push":null,"Jaime":null,"Nathan Bet Amount":null,"Nathan Win/Lose/Push":null,"Nathan":null,"Evan Bet Amount":null,"Evan Win/Lose/Push":null,"Evan":null,"Brandon Bet Amount":null,"Brandon Win/Lose/Push":null,"Brandon":null,"Total Team Bet":null,"Legends Bet":null,"Leaders Bet":null,"To Win":null,"Payout":null,"TOTALS":null,"Mitch Totals":null,"Phil Totals":null,"Bryce Totals":null,"Cory Totals":null,"JB Totals":null,"Ethan Totals":null},{"Week":"81","Date":"05/17/2024","Mitch Bet Amount":null,"Mitch Win/Lose/Push":null,"Mitch":null,"Phil Bet Amount":null,"Phil Win/Lose/Push":null,"Phil":null,"Bryce Bet Amount":null,"Bryce Win/Lose/Push":null,"Bryce":null,"Cory Bet Amount":null,"Cory Win/Lose/Push":null,"Cory":null,"JB Bet Amount":null,"JB Win/Lose/Push":null,"JB":null,"Ethan Bet Amount":null,"Ethan Win/Lose/Push":null,"Ethan":null,"Jaime Bet Amount":null,"Jaime Win/Lose/Push":null,"Jaime":null,"Nathan Bet Amount":null,"Nathan Win/Lose/Push":null,"Nathan":null,"Evan Bet Amount":null,"Evan Win/Lose/Push":null,"Evan":null,"Brandon Bet Amount":null,"Brandon Win/Lose/Push":null,"Brandon":null,"Total Team Bet":null,"Legends Bet":null,"Leaders Bet":null,"To Win":null,"Payout":null,"TOTALS":null,"Mitch Totals":null,"Phil Totals":null,"Bryce Totals":null,"Cory Totals":null,"JB Totals":null,"Ethan Totals":null},{"Week":"82","Date":"05/24/2024","Mitch Bet Amount":null,"Mitch Win/Lose/Push":null,"Mitch":null,"Phil Bet Amount":null,"Phil Win/Lose/Push":null,"Phil":null,"Bryce Bet Amount":null,"Bryce Win/Lose/Push":null,"Bryce":null,"Cory Bet Amount":null,"Cory Win/Lose/Push":null,"Cory":null,"JB Bet Amount":null,"JB Win/Lose/Push":null,"JB":null,"Ethan Bet Amount":null,"Ethan Win/Lose/Push":null,"Ethan":null,"Jaime Bet Amount":null,"Jaime Win/Lose/Push":null,"Jaime":null,"Nathan Bet Amount":null,"Nathan Win/Lose/Push":null,"Nathan":null,"Evan Bet Amount":null,"Evan Win/Lose/Push":null,"Evan":null,"Brandon Bet Amount":null,"Brandon Win/Lose/Push":null,"Brandon":null,"Total Team Bet":null,"Legends Bet":null,"Leaders Bet":null,"To Win":null,"Payout":null,"TOTALS":null,"Mitch Totals":null,"Phil Totals":null,"Bryce Totals":null,"Cory Totals":null,"JB Totals":null,"Ethan Totals":null},{"Week":"83","Date":"05/31/2024","Mitch Bet Amount":null,"Mitch Win/Lose/Push":null,"Mitch":null,"Phil Bet Amount":null,"Phil Win/Lose/Push":null,"Phil":null,"Bryce Bet Amount":null,"Bryce Win/Lose/Push":null,"Bryce":null,"Cory Bet Amount":null,"Cory Win/Lose/Push":null,"Cory":null,"JB Bet Amount":null,"JB Win/Lose/Push":null,"JB":null,"Ethan Bet Amount":null,"Ethan Win/Lose/Push":null,"Ethan":null,"Jaime Bet Amount":null,"Jaime Win/Lose/Push":null,"Jaime":null,"Nathan Bet Amount":null,"Nathan Win/Lose/Push":null,"Nathan":null,"Evan Bet Amount":null,"Evan Win/Lose/Push":null,"Evan":null,"Brandon Bet Amount":null,"Brandon Win/Lose/Push":null,"Brandon":null,"Total Team Bet":null,"Legends Bet":null,"Leaders Bet":null,"To Win":null,"Payout":null,"TOTALS":null,"Mitch Totals":null,"Phil Totals":null,"Bryce Totals":null,"Cory Totals":null,"JB Totals":null,"Ethan Totals":null},{"Week":"84","Date":"06/07/2024","Mitch Bet Amount":null,"Mitch Win/Lose/Push":null,"Mitch":null,"Phil Bet Amount":null,"Phil Win/Lose/Push":null,"Phil":null,"Bryce Bet Amount":null,"Bryce Win/Lose/Push":null,"Bryce":null,"Cory Bet Amount":null,"Cory Win/Lose/Push":null,"Cory":null,"JB Bet Amount":null,"JB Win/Lose/Push":null,"JB":null,"Ethan Bet Amount":null,"Ethan Win/Lose/Push":null,"Ethan":null,"Jaime Bet Amount":null,"Jaime Win/Lose/Push":null,"Jaime":null,"Nathan Bet Amount":null,"Nathan Win/Lose/Push":null,"Nathan":null,"Evan Bet Amount":null,"Evan Win/Lose/Push":null,"Evan":null,"Brandon Bet Amount":null,"Brandon Win/Lose/Push":null,"Brandon":null,"Total Team Bet":null,"Legends Bet":null,"Leaders Bet":null,"To Win":null,"Payout":null,"TOTALS":null,"Mitch Totals":null,"Phil Totals":null,"Bryce Totals":null,"Cory Totals":null,"JB Totals":null,"Ethan Totals":null},{"Week":"85","Date":"06/14/2024","Mitch Bet Amount":null,"Mitch Win/Lose/Push":null,"Mitch":null,"Phil Bet Amount":null,"Phil Win/Lose/Push":null,"Phil":null,"Bryce Bet Amount":null,"Bryce Win/Lose/Push":null,"Bryce":null,"Cory Bet Amount":null,"Cory Win/Lose/Push":null,"Cory":null,"JB Bet Amount":null,"JB Win/Lose/Push":null,"JB":null,"Ethan Bet Amount":null,"Ethan Win/Lose/Push":null,"Ethan":null,"Jaime Bet Amount":null,"Jaime Win/Lose/Push":null,"Jaime":null,"Nathan Bet Amount":null,"Nathan Win/Lose/Push":null,"Nathan":null,"Evan Bet Amount":null,"Evan Win/Lose/Push":null,"Evan":null,"Brandon Bet Amount":null,"Brandon Win/Lose/Push":null,"Brandon":null,"Total Team Bet":null,"Legends Bet":null,"Leaders Bet":null,"To Win":null,"Payout":null,"TOTALS":null,"Mitch Totals":null,"Phil Totals":null,"Bryce Totals":null,"Cory Totals":null,"JB Totals":null,"Ethan Totals":null},{"Week":"86","Date":"06/21/2024","Mitch Bet Amount":null,"Mitch Win/Lose/Push":null,"Mitch":null,"Phil Bet Amount":null,"Phil Win/Lose/Push":null,"Phil":null,"Bryce Bet Amount":null,"Bryce Win/Lose/Push":null,"Bryce":null,"Cory Bet Amount":null,"Cory Win/Lose/Push":null,"Cory":null,"JB Bet Amount":null,"JB Win/Lose/Push":null,"JB":null,"Ethan Bet Amount":null,"Ethan Win/Lose/Push":null,"Ethan":null,"Jaime Bet Amount":null,"Jaime Win/Lose/Push":null,"Jaime":null,"Nathan Bet Amount":null,"Nathan Win/Lose/Push":null,"Nathan":null,"Evan Bet Amount":null,"Evan Win/Lose/Push":null,"Evan":null,"Brandon Bet Amount":null,"Brandon Win/Lose/Push":null,"Brandon":null,"Total Team Bet":null,"Legends Bet":null,"Leaders Bet":null,"To Win":null,"Payout":null,"TOTALS":null,"Mitch Totals":null,"Phil Totals":null,"Bryce Totals":null,"Cory Totals":null,"JB Totals":null,"Ethan Totals":null},{"Week":"87","Date":"06/28/2024","Mitch Bet Amount":null,"Mitch Win/Lose/Push":null,"Mitch":null,"Phil Bet Amount":null,"Phil Win/Lose/Push":null,"Phil":null,"Bryce Bet Amount":null,"Bryce Win/Lose/Push":null,"Bryce":null,"Cory Bet Amount":null,"Cory Win/Lose/Push":null,"Cory":null,"JB Bet Amount":null,"JB Win/Lose/Push":null,"JB":null,"Ethan Bet Amount":null,"Ethan Win/Lose/Push":null,"Ethan":null,"Jaime Bet Amount":null,"Jaime Win/Lose/Push":null,"Jaime":null,"Nathan Bet Amount":null,"Nathan Win/Lose/Push":null,"Nathan":null,"Evan Bet Amount":null,"Evan Win/Lose/Push":null,"Evan":null,"Brandon Bet Amount":null,"Brandon Win/Lose/Push":null,"Brandon":null,"Total Team Bet":null,"Legends Bet":null,"Leaders Bet":null,"To Win":null,"Payout":null,"TOTALS":null,"Mitch Totals":null,"Phil Totals":null,"Bryce Totals":null,"Cory Totals":null,"JB Totals":null,"Ethan Totals":null},{"Week":"88","Date":"07/05/2024","Mitch Bet Amount":null,"Mitch Win/Lose/Push":null,"Mitch":null,"Phil Bet Amount":null,"Phil Win/Lose/Push":null,"Phil":null,"Bryce Bet Amount":null,"Bryce Win/Lose/Push":null,"Bryce":null,"Cory Bet Amount":null,"Cory Win/Lose/Push":null,"Cory":null,"JB Bet Amount":null,"JB Win/Lose/Push":null,"JB":null,"Ethan Bet Amount":null,"Ethan Win/Lose/Push":null,"Ethan":null,"Jaime Bet Amount":null,"Jaime Win/Lose/Push":null,"Jaime":null,"Nathan Bet Amount":null,"Nathan Win/Lose/Push":null,"Nathan":null,"Evan Bet Amount":null,"Evan Win/Lose/Push":null,"Evan":null,"Brandon Bet Amount":null,"Brandon Win/Lose/Push":null,"Brandon":null,"Total Team Bet":null,"Legends Bet":null,"Leaders Bet":null,"To Win":null,"Payout":null,"TOTALS":null,"Mitch Totals":null,"Phil Totals":null,"Bryce Totals":null,"Cory Totals":null,"JB Totals":null,"Ethan Totals":null},{"Week":"89","Date":"07/12/2024","Mitch Bet Amount":null,"Mitch Win/Lose/Push":null,"Mitch":null,"Phil Bet Amount":null,"Phil Win/Lose/Push":null,"Phil":null,"Bryce Bet Amount":null,"Bryce Win/Lose/Push":null,"Bryce":null,"Cory Bet Amount":null,"Cory Win/Lose/Push":null,"Cory":null,"JB Bet Amount":null,"JB Win/Lose/Push":null,"JB":null,"Ethan Bet Amount":null,"Ethan Win/Lose/Push":null,"Ethan":null,"Jaime Bet Amount":null,"Jaime Win/Lose/Push":null,"Jaime":null,"Nathan Bet Amount":null,"Nathan Win/Lose/Push":null,"Nathan":null,"Evan Bet Amount":null,"Evan Win/Lose/Push":null,"Evan":null,"Brandon Bet Amount":null,"Brandon Win/Lose/Push":null,"Brandon":null,"Total Team Bet":null,"Legends Bet":null,"Leaders Bet":null,"To Win":null,"Payout":null,"TOTALS":null,"Mitch Totals":null,"Phil Totals":null,"Bryce Totals":null,"Cory Totals":null,"JB Totals":null,"Ethan Totals":null},{"Week":"90","Date":"07/19/2024","Mitch Bet Amount":null,"Mitch Win/Lose/Push":null,"Mitch":null,"Phil Bet Amount":null,"Phil Win/Lose/Push":null,"Phil":null,"Bryce Bet Amount":null,"Bryce Win/Lose/Push":null,"Bryce":null,"Cory Bet Amount":null,"Cory Win/Lose/Push":null,"Cory":null,"JB Bet Amount":null,"JB Win/Lose/Push":null,"JB":null,"Ethan Bet Amount":null,"Ethan Win/Lose/Push":null,"Ethan":null,"Jaime Bet Amount":null,"Jaime Win/Lose/Push":null,"Jaime":null,"Nathan Bet Amount":null,"Nathan Win/Lose/Push":null,"Nathan":null,"Evan Bet Amount":null,"Evan Win/Lose/Push":null,"Evan":null,"Brandon Bet Amount":null,"Brandon Win/Lose/Push":null,"Brandon":null,"Total Team Bet":null,"Legends Bet":null,"Leaders Bet":null,"To Win":null,"Payout":null,"TOTALS":null,"Mitch Totals":null,"Phil Totals":null,"Bryce Totals":null,"Cory Totals":null,"JB Totals":null,"Ethan Totals":null},{"Week":"91","Date":"07/26/2024","Mitch Bet Amount":null,"Mitch Win/Lose/Push":null,"Mitch":null,"Phil Bet Amount":null,"Phil Win/Lose/Push":null,"Phil":null,"Bryce Bet Amount":null,"Bryce Win/Lose/Push":null,"Bryce":null,"Cory Bet Amount":null,"Cory Win/Lose/Push":null,"Cory":null,"JB Bet Amount":null,"JB Win/Lose/Push":null,"JB":null,"Ethan Bet Amount":null,"Ethan Win/Lose/Push":null,"Ethan":null,"Jaime Bet Amount":null,"Jaime Win/Lose/Push":null,"Jaime":null,"Nathan Bet Amount":null,"Nathan Win/Lose/Push":null,"Nathan":null,"Evan Bet Amount":null,"Evan Win/Lose/Push":null,"Evan":null,"Brandon Bet Amount":null,"Brandon Win/Lose/Push":null,"Brandon":null,"Total Team Bet":null,"Legends Bet":null,"Leaders Bet":null,"To Win":null,"Payout":null,"TOTALS":null,"Mitch Totals":null,"Phil Totals":null,"Bryce Totals":null,"Cory Totals":null,"JB Totals":null,"Ethan Totals":null},{"Week":"92","Date":"08/02/2024","Mitch Bet Amount":null,"Mitch Win/Lose/Push":null,"Mitch":null,"Phil Bet Amount":null,"Phil Win/Lose/Push":null,"Phil":null,"Bryce Bet Amount":null,"Bryce Win/Lose/Push":null,"Bryce":null,"Cory Bet Amount":null,"Cory Win/Lose/Push":null,"Cory":null,"JB Bet Amount":null,"JB Win/Lose/Push":null,"JB":null,"Ethan Bet Amount":null,"Ethan Win/Lose/Push":null,"Ethan":null,"Jaime Bet Amount":null,"Jaime Win/Lose/Push":null,"Jaime":null,"Nathan Bet Amount":null,"Nathan Win/Lose/Push":null,"Nathan":null,"Evan Bet Amount":null,"Evan Win/Lose/Push":null,"Evan":null,"Brandon Bet Amount":null,"Brandon Win/Lose/Push":null,"Brandon":null,"Total Team Bet":null,"Legends Bet":null,"Leaders Bet":null,"To Win":null,"Payout":null,"TOTALS":null,"Mitch Totals":null,"Phil Totals":null,"Bryce Totals":null,"Cory Totals":null,"JB Totals":null,"Ethan Totals":null},{"Week":"93","Date":"08/09/2024","Mitch Bet Amount":null,"Mitch Win/Lose/Push":null,"Mitch":null,"Phil Bet Amount":null,"Phil Win/Lose/Push":null,"Phil":null,"Bryce Bet Amount":null,"Bryce Win/Lose/Push":null,"Bryce":null,"Cory Bet Amount":null,"Cory Win/Lose/Push":null,"Cory":null,"JB Bet Amount":null,"JB Win/Lose/Push":null,"JB":null,"Ethan Bet Amount":null,"Ethan Win/Lose/Push":null,"Ethan":null,"Jaime Bet Amount":null,"Jaime Win/Lose/Push":null,"Jaime":null,"Nathan Bet Amount":null,"Nathan Win/Lose/Push":null,"Nathan":null,"Evan Bet Amount":null,"Evan Win/Lose/Push":null,"Evan":null,"Brandon Bet Amount":null,"Brandon Win/Lose/Push":null,"Brandon":null,"Total Team Bet":null,"Legends Bet":null,"Leaders Bet":null,"To Win":null,"Payout":null,"TOTALS":null,"Mitch Totals":null,"Phil Totals":null,"Bryce Totals":null,"Cory Totals":null,"JB Totals":null,"Ethan Totals":null},{"Week":"94","Date":"08/16/2024","Mitch Bet Amount":null,"Mitch Win/Lose/Push":null,"Mitch":null,"Phil Bet Amount":null,"Phil Win/Lose/Push":null,"Phil":null,"Bryce Bet Amount":null,"Bryce Win/Lose/Push":null,"Bryce":null,"Cory Bet Amount":null,"Cory Win/Lose/Push":null,"Cory":null,"JB Bet Amount":null,"JB Win/Lose/Push":null,"JB":null,"Ethan Bet Amount":null,"Ethan Win/Lose/Push":null,"Ethan":null,"Jaime Bet Amount":null,"Jaime Win/Lose/Push":null,"Jaime":null,"Nathan Bet Amount":null,"Nathan Win/Lose/Push":null,"Nathan":null,"Evan Bet Amount":null,"Evan Win/Lose/Push":null,"Evan":null,"Brandon Bet Amount":null,"Brandon Win/Lose/Push":null,"Brandon":null,"Total Team Bet":null,"Legends Bet":null,"Leaders Bet":null,"To Win":null,"Payout":null,"TOTALS":null,"Mitch Totals":null,"Phil Totals":null,"Bryce Totals":null,"Cory Totals":null,"JB Totals":null,"Ethan Totals":null},{"Week":"95","Date":"08/23/2024","Mitch Bet Amount":null,"Mitch Win/Lose/Push":null,"Mitch":null,"Phil Bet Amount":null,"Phil Win/Lose/Push":null,"Phil":null,"Bryce Bet Amount":null,"Bryce Win/Lose/Push":null,"Bryce":null,"Cory Bet Amount":null,"Cory Win/Lose/Push":null,"Cory":null,"JB Bet Amount":null,"JB Win/Lose/Push":null,"JB":null,"Ethan Bet Amount":null,"Ethan Win/Lose/Push":null,"Ethan":null,"Jaime Bet Amount":null,"Jaime Win/Lose/Push":null,"Jaime":null,"Nathan Bet Amount":null,"Nathan Win/Lose/Push":null,"Nathan":null,"Evan Bet Amount":null,"Evan Win/Lose/Push":null,"Evan":null,"Brandon Bet Amount":null,"Brandon Win/Lose/Push":null,"Brandon":null,"Total Team Bet":null,"Legends Bet":null,"Leaders Bet":null,"To Win":null,"Payout":null,"TOTALS":null,"Mitch Totals":null,"Phil Totals":null,"Bryce Totals":null,"Cory Totals":null,"JB Totals":null,"Ethan Totals":null},{"Week":"96","Date":"08/30/2024","Mitch Bet Amount":null,"Mitch Win/Lose/Push":null,"Mitch":null,"Phil Bet Amount":null,"Phil Win/Lose/Push":null,"Phil":null,"Bryce Bet Amount":null,"Bryce Win/Lose/Push":null,"Bryce":null,"Cory Bet Amount":null,"Cory Win/Lose/Push":null,"Cory":null,"JB Bet Amount":null,"JB Win/Lose/Push":null,"JB":null,"Ethan Bet Amount":null,"Ethan Win/Lose/Push":null,"Ethan":null,"Jaime Bet Amount":null,"Jaime Win/Lose/Push":null,"Jaime":null,"Nathan Bet Amount":null,"Nathan Win/Lose/Push":null,"Nathan":null,"Evan Bet Amount":null,"Evan Win/Lose/Push":null,"Evan":null,"Brandon Bet Amount":null,"Brandon Win/Lose/Push":null,"Brandon":null,"Total Team Bet":null,"Legends Bet":null,"Leaders Bet":null,"To Win":null,"Payout":null,"TOTALS":null,"Mitch Totals":null,"Phil Totals":null,"Bryce Totals":null,"Cory Totals":null,"JB Totals":null,"Ethan Totals":null},{"Week":"97","Date":"09/06/2024","Mitch Bet Amount":null,"Mitch Win/Lose/Push":null,"Mitch":null,"Phil Bet Amount":null,"Phil Win/Lose/Push":null,"Phil":null,"Bryce Bet Amount":null,"Bryce Win/Lose/Push":null,"Bryce":null,"Cory Bet Amount":null,"Cory Win/Lose/Push":null,"Cory":null,"JB Bet Amount":null,"JB Win/Lose/Push":null,"JB":null,"Ethan Bet Amount":null,"Ethan Win/Lose/Push":null,"Ethan":null,"Jaime Bet Amount":null,"Jaime Win/Lose/Push":null,"Jaime":null,"Nathan Bet Amount":null,"Nathan Win/Lose/Push":null,"Nathan":null,"Evan Bet Amount":null,"Evan Win/Lose/Push":null,"Evan":null,"Brandon Bet Amount":null,"Brandon Win/Lose/Push":null,"Brandon":null,"Total Team Bet":null,"Legends Bet":null,"Leaders Bet":null,"To Win":null,"Payout":null,"TOTALS":null,"Mitch Totals":null,"Phil Totals":null,"Bryce Totals":null,"Cory Totals":null,"JB Totals":null,"Ethan Totals":null},{"Week":"98","Date":"09/13/2024","Mitch Bet Amount":null,"Mitch Win/Lose/Push":null,"Mitch":null,"Phil Bet Amount":null,"Phil Win/Lose/Push":null,"Phil":null,"Bryce Bet Amount":null,"Bryce Win/Lose/Push":null,"Bryce":null,"Cory Bet Amount":null,"Cory Win/Lose/Push":null,"Cory":null,"JB Bet Amount":null,"JB Win/Lose/Push":null,"JB":null,"Ethan Bet Amount":null,"Ethan Win/Lose/Push":null,"Ethan":null,"Jaime Bet Amount":null,"Jaime Win/Lose/Push":null,"Jaime":null,"Nathan Bet Amount":null,"Nathan Win/Lose/Push":null,"Nathan":null,"Evan Bet Amount":null,"Evan Win/Lose/Push":null,"Evan":null,"Brandon Bet Amount":null,"Brandon Win/Lose/Push":null,"Brandon":null,"Total Team Bet":null,"Legends Bet":null,"Leaders Bet":null,"To Win":null,"Payout":null,"TOTALS":null,"Mitch Totals":null,"Phil Totals":null,"Bryce Totals":null,"Cory Totals":null,"JB Totals":null,"Ethan Totals":null},{"Week":"99","Date":"09/20/2024","Mitch Bet Amount":null,"Mitch Win/Lose/Push":null,"Mitch":null,"Phil Bet Amount":null,"Phil Win/Lose/Push":null,"Phil":null,"Bryce Bet Amount":null,"Bryce Win/Lose/Push":null,"Bryce":null,"Cory Bet Amount":null,"Cory Win/Lose/Push":null,"Cory":null,"JB Bet Amount":null,"JB Win/Lose/Push":null,"JB":null,"Ethan Bet Amount":null,"Ethan Win/Lose/Push":null,"Ethan":null,"Jaime Bet Amount":null,"Jaime Win/Lose/Push":null,"Jaime":null,"Nathan Bet Amount":null,"Nathan Win/Lose/Push":null,"Nathan":null,"Evan Bet Amount":null,"Evan Win/Lose/Push":null,"Evan":null,"Brandon Bet Amount":null,"Brandon Win/Lose/Push":null,"Brandon":null,"Total Team Bet":null,"Legends Bet":null,"Leaders Bet":null,"To Win":null,"Payout":null,"TOTALS":null,"Mitch Totals":null,"Phil Totals":null,"Bryce Totals":null,"Cory Totals":null,"JB Totals":null,"Ethan Totals":null},{"Week":"100","Date":"09/27/2024","Mitch Bet Amount":null,"Mitch Win/Lose/Push":null,"Mitch":null,"Phil Bet Amount":null,"Phil Win/Lose/Push":null,"Phil":null,"Bryce Bet Amount":null,"Bryce Win/Lose/Push":null,"Bryce":null,"Cory Bet Amount":null,"Cory Win/Lose/Push":null,"Cory":null,"JB Bet Amount":null,"JB Win/Lose/Push":null,"JB":null,"Ethan Bet Amount":null,"Ethan Win/Lose/Push":null,"Ethan":null,"Jaime Bet Amount":null,"Jaime Win/Lose/Push":null,"Jaime":null,"Nathan Bet Amount":null,"Nathan Win/Lose/Push":null,"Nathan":null,"Evan Bet Amount":null,"Evan Win/Lose/Push":null,"Evan":null,"Brandon Bet Amount":null,"Brandon Win/Lose/Push":null,"Brandon":null,"Total Team Bet":null,"Legends Bet":null,"Leaders Bet":null,"To Win":null,"Payout":null,"TOTALS":null,"Mitch Totals":null,"Phil Totals":null,"Bryce Totals":null,"Cory Totals":null,"JB Totals":null,"Ethan Totals":null},{"Week":"101","Date":"10/04/2024","Mitch Bet Amount":null,"Mitch Win/Lose/Push":null,"Mitch":null,"Phil Bet Amount":null,"Phil Win/Lose/Push":null,"Phil":null,"Bryce Bet Amount":null,"Bryce Win/Lose/Push":null,"Bryce":null,"Cory Bet Amount":null,"Cory Win/Lose/Push":null,"Cory":null,"JB Bet Amount":null,"JB Win/Lose/Push":null,"JB":null,"Ethan Bet Amount":null,"Ethan Win/Lose/Push":null,"Ethan":null,"Jaime Bet Amount":null,"Jaime Win/Lose/Push":null,"Jaime":null,"Nathan Bet Amount":null,"Nathan Win/Lose/Push":null,"Nathan":null,"Evan Bet Amount":null,"Evan Win/Lose/Push":null,"Evan":null,"Brandon Bet Amount":null,"Brandon Win/Lose/Push":null,"Brandon":null,"Total Team Bet":null,"Legends Bet":null,"Leaders Bet":null,"To Win":null,"Payout":null,"TOTALS":null,"Mitch Totals":null,"Phil Totals":null,"Bryce Totals":null,"Cory Totals":null,"JB Totals":null,"Ethan Totals":null},{"Week":"102","Date":"10/11/2024","Mitch Bet Amount":null,"Mitch Win/Lose/Push":null,"Mitch":null,"Phil Bet Amount":null,"Phil Win/Lose/Push":null,"Phil":null,"Bryce Bet Amount":null,"Bryce Win/Lose/Push":null,"Bryce":null,"Cory Bet Amount":null,"Cory Win/Lose/Push":null,"Cory":null,"JB Bet Amount":null,"JB Win/Lose/Push":null,"JB":null,"Ethan Bet Amount":null,"Ethan Win/Lose/Push":null,"Ethan":null,"Jaime Bet Amount":null,"Jaime Win/Lose/Push":null,"Jaime":null,"Nathan Bet Amount":null,"Nathan Win/Lose/Push":null,"Nathan":null,"Evan Bet Amount":null,"Evan Win/Lose/Push":null,"Evan":null,"Brandon Bet Amount":null,"Brandon Win/Lose/Push":null,"Brandon":null,"Total Team Bet":null,"Legends Bet":null,"Leaders Bet":null,"To Win":null,"Payout":null,"TOTALS":null,"Mitch Totals":null,"Phil Totals":null,"Bryce Totals":null,"Cory Totals":null,"JB Totals":null,"Ethan Totals":null},{"Week":"103","Date":"10/18/2024","Mitch Bet Amount":null,"Mitch Win/Lose/Push":null,"Mitch":null,"Phil Bet Amount":null,"Phil Win/Lose/Push":null,"Phil":null,"Bryce Bet Amount":null,"Bryce Win/Lose/Push":null,"Bryce":null,"Cory Bet Amount":null,"Cory Win/Lose/Push":null,"Cory":null,"JB Bet Amount":null,"JB Win/Lose/Push":null,"JB":null,"Ethan Bet Amount":null,"Ethan Win/Lose/Push":null,"Ethan":null,"Jaime Bet Amount":null,"Jaime Win/Lose/Push":null,"Jaime":null,"Nathan Bet Amount":null,"Nathan Win/Lose/Push":null,"Nathan":null,"Evan Bet Amount":null,"Evan Win/Lose/Push":null,"Evan":null,"Brandon Bet Amount":null,"Brandon Win/Lose/Push":null,"Brandon":null,"Total Team Bet":null,"Legends Bet":null,"Leaders Bet":null,"To Win":null,"Payout":null,"TOTALS":null,"Mitch Totals":null,"Phil Totals":null,"Bryce Totals":null,"Cory Totals":null,"JB Totals":null,"Ethan Totals":null},{"Week":"104","Date":"10/25/2024","Mitch Bet Amount":null,"Mitch Win/Lose/Push":null,"Mitch":null,"Phil Bet Amount":null,"Phil Win/Lose/Push":null,"Phil":null,"Bryce Bet Amount":null,"Bryce Win/Lose/Push":null,"Bryce":null,"Cory Bet Amount":null,"Cory Win/Lose/Push":null,"Cory":null,"JB Bet Amount":null,"JB Win/Lose/Push":null,"JB":null,"Ethan Bet Amount":null,"Ethan Win/Lose/Push":null,"Ethan":null,"Jaime Bet Amount":null,"Jaime Win/Lose/Push":null,"Jaime":null,"Nathan Bet Amount":null,"Nathan Win/Lose/Push":null,"Nathan":null,"Evan Bet Amount":null,"Evan Win/Lose/Push":null,"Evan":null,"Brandon Bet Amount":null,"Brandon Win/Lose/Push":null,"Brandon":null,"Total Team Bet":null,"Legends Bet":null,"Leaders Bet":null,"To Win":null,"Payout":null,"TOTALS":null,"Mitch Totals":null,"Phil Totals":null,"Bryce Totals":null,"Cory Totals":null,"JB Totals":null,"Ethan Totals":null},{"Week":"105","Date":"11/01/2024","Mitch Bet Amount":null,"Mitch Win/Lose/Push":null,"Mitch":null,"Phil Bet Amount":null,"Phil Win/Lose/Push":null,"Phil":null,"Bryce Bet Amount":null,"Bryce Win/Lose/Push":null,"Bryce":null,"Cory Bet Amount":null,"Cory Win/Lose/Push":null,"Cory":null,"JB Bet Amount":null,"JB Win/Lose/Push":null,"JB":null,"Ethan Bet Amount":null,"Ethan Win/Lose/Push":null,"Ethan":null,"Jaime Bet Amount":null,"Jaime Win/Lose/Push":null,"Jaime":null,"Nathan Bet Amount":null,"Nathan Win/Lose/Push":null,"Nathan":null,"Evan Bet Amount":null,"Evan Win/Lose/Push":null,"Evan":null,"Brandon Bet Amount":null,"Brandon Win/Lose/Push":null,"Brandon":null,"Total Team Bet":null,"Legends Bet":null,"Leaders Bet":null,"To Win":null,"Payout":null,"TOTALS":null,"Mitch Totals":null,"Phil Totals":null,"Bryce Totals":null,"Cory Totals":null,"JB Totals":null,"Ethan Totals":null},{"Week":"106","Date":"11/08/2024","Mitch Bet Amount":null,"Mitch Win/Lose/Push":null,"Mitch":null,"Phil Bet Amount":null,"Phil Win/Lose/Push":null,"Phil":null,"Bryce Bet Amount":null,"Bryce Win/Lose/Push":null,"Bryce":null,"Cory Bet Amount":null,"Cory Win/Lose/Push":null,"Cory":null,"JB Bet Amount":null,"JB Win/Lose/Push":null,"JB":null,"Ethan Bet Amount":null,"Ethan Win/Lose/Push":null,"Ethan":null,"Jaime Bet Amount":null,"Jaime Win/Lose/Push":null,"Jaime":null,"Nathan Bet Amount":null,"Nathan Win/Lose/Push":null,"Nathan":null,"Evan Bet Amount":null,"Evan Win/Lose/Push":null,"Evan":null,"Brandon Bet Amount":null,"Brandon Win/Lose/Push":null,"Brandon":null,"Total Team Bet":null,"Legends Bet":null,"Leaders Bet":null,"To Win":null,"Payout":null,"TOTALS":null,"Mitch Totals":null,"Phil Totals":null,"Bryce Totals":null,"Cory Totals":null,"JB Totals":null,"Ethan Totals":null},{"Week":"107","Date":"11/15/2024","Mitch Bet Amount":null,"Mitch Win/Lose/Push":null,"Mitch":null,"Phil Bet Amount":null,"Phil Win/Lose/Push":null,"Phil":null,"Bryce Bet Amount":null,"Bryce Win/Lose/Push":null,"Bryce":null,"Cory Bet Amount":null,"Cory Win/Lose/Push":null,"Cory":null,"JB Bet Amount":null,"JB Win/Lose/Push":null,"JB":null,"Ethan Bet Amount":null,"Ethan Win/Lose/Push":null,"Ethan":null,"Jaime Bet Amount":null,"Jaime Win/Lose/Push":null,"Jaime":null,"Nathan Bet Amount":null,"Nathan Win/Lose/Push":null,"Nathan":null,"Evan Bet Amount":null,"Evan Win/Lose/Push":null,"Evan":null,"Brandon Bet Amount":null,"Brandon Win/Lose/Push":null,"Brandon":null,"Total Team Bet":null,"Legends Bet":null,"Leaders Bet":null,"To Win":null,"Payout":null,"TOTALS":null,"Mitch Totals":null,"Phil Totals":null,"Bryce Totals":null,"Cory Totals":null,"JB Totals":null,"Ethan Totals":null},{"Week":"108","Date":"11/22/2024","Mitch Bet Amount":null,"Mitch Win/Lose/Push":null,"Mitch":null,"Phil Bet Amount":null,"Phil Win/Lose/Push":null,"Phil":null,"Bryce Bet Amount":null,"Bryce Win/Lose/Push":null,"Bryce":null,"Cory Bet Amount":null,"Cory Win/Lose/Push":null,"Cory":null,"JB Bet Amount":null,"JB Win/Lose/Push":null,"JB":null,"Ethan Bet Amount":null,"Ethan Win/Lose/Push":null,"Ethan":null,"Jaime Bet Amount":null,"Jaime Win/Lose/Push":null,"Jaime":null,"Nathan Bet Amount":null,"Nathan Win/Lose/Push":null,"Nathan":null,"Evan Bet Amount":null,"Evan Win/Lose/Push":null,"Evan":null,"Brandon Bet Amount":null,"Brandon Win/Lose/Push":null,"Brandon":null,"Total Team Bet":null,"Legends Bet":null,"Leaders Bet":null,"To Win":null,"Payout":null,"TOTALS":null,"Mitch Totals":null,"Phil Totals":null,"Bryce Totals":null,"Cory Totals":null,"JB Totals":null,"Ethan Totals":null},{"Week":"109","Date":"11/29/2024","Mitch Bet Amount":null,"Mitch Win/Lose/Push":null,"Mitch":null,"Phil Bet Amount":null,"Phil Win/Lose/Push":null,"Phil":null,"Bryce Bet Amount":null,"Bryce Win/Lose/Push":null,"Bryce":null,"Cory Bet Amount":null,"Cory Win/Lose/Push":null,"Cory":null,"JB Bet Amount":null,"JB Win/Lose/Push":null,"JB":null,"Ethan Bet Amount":null,"Ethan Win/Lose/Push":null,"Ethan":null,"Jaime Bet Amount":null,"Jaime Win/Lose/Push":null,"Jaime":null,"Nathan Bet Amount":null,"Nathan Win/Lose/Push":null,"Nathan":null,"Evan Bet Amount":null,"Evan Win/Lose/Push":null,"Evan":null,"Brandon Bet Amount":null,"Brandon Win/Lose/Push":null,"Brandon":null,"Total Team Bet":null,"Legends Bet":null,"Leaders Bet":null,"To Win":null,"Payout":null,"TOTALS":null,"Mitch Totals":null,"Phil Totals":null,"Bryce Totals":null,"Cory Totals":null,"JB Totals":null,"Ethan Totals":null},{"Week":"110","Date":"12/06/2024","Mitch Bet Amount":null,"Mitch Win/Lose/Push":null,"Mitch":null,"Phil Bet Amount":null,"Phil Win/Lose/Push":null,"Phil":null,"Bryce Bet Amount":null,"Bryce Win/Lose/Push":null,"Bryce":null,"Cory Bet Amount":null,"Cory Win/Lose/Push":null,"Cory":null,"JB Bet Amount":null,"JB Win/Lose/Push":null,"JB":null,"Ethan Bet Amount":null,"Ethan Win/Lose/Push":null,"Ethan":null,"Jaime Bet Amount":null,"Jaime Win/Lose/Push":null,"Jaime":null,"Nathan Bet Amount":null,"Nathan Win/Lose/Push":null,"Nathan":null,"Evan Bet Amount":null,"Evan Win/Lose/Push":null,"Evan":null,"Brandon Bet Amount":null,"Brandon Win/Lose/Push":null,"Brandon":null,"Total Team Bet":null,"Legends Bet":null,"Leaders Bet":null,"To Win":null,"Payout":null,"TOTALS":null,"Mitch Totals":null,"Phil Totals":null,"Bryce Totals":null,"Cory Totals":null,"JB Totals":null,"Ethan Totals":null},{"Week":"111","Date":"12/13/2024","Mitch Bet Amount":null,"Mitch Win/Lose/Push":null,"Mitch":null,"Phil Bet Amount":null,"Phil Win/Lose/Push":null,"Phil":null,"Bryce Bet Amount":null,"Bryce Win/Lose/Push":null,"Bryce":null,"Cory Bet Amount":null,"Cory Win/Lose/Push":null,"Cory":null,"JB Bet Amount":null,"JB Win/Lose/Push":null,"JB":null,"Ethan Bet Amount":null,"Ethan Win/Lose/Push":null,"Ethan":null,"Jaime Bet Amount":null,"Jaime Win/Lose/Push":null,"Jaime":null,"Nathan Bet Amount":null,"Nathan Win/Lose/Push":null,"Nathan":null,"Evan Bet Amount":null,"Evan Win/Lose/Push":null,"Evan":null,"Brandon Bet Amount":null,"Brandon Win/Lose/Push":null,"Brandon":null,"Total Team Bet":null,"Legends Bet":null,"Leaders Bet":null,"To Win":null,"Payout":null,"TOTALS":null,"Mitch Totals":null,"Phil Totals":null,"Bryce Totals":null,"Cory Totals":null,"JB Totals":null,"Ethan Totals":null},{"Week":"112","Date":"12/20/2024","Mitch Bet Amount":null,"Mitch Win/Lose/Push":null,"Mitch":null,"Phil Bet Amount":null,"Phil Win/Lose/Push":null,"Phil":null,"Bryce Bet Amount":null,"Bryce Win/Lose/Push":null,"Bryce":null,"Cory Bet Amount":null,"Cory Win/Lose/Push":null,"Cory":null,"JB Bet Amount":null,"JB Win/Lose/Push":null,"JB":null,"Ethan Bet Amount":null,"Ethan Win/Lose/Push":null,"Ethan":null,"Jaime Bet Amount":null,"Jaime Win/Lose/Push":null,"Jaime":null,"Nathan Bet Amount":null,"Nathan Win/Lose/Push":null,"Nathan":null,"Evan Bet Amount":null,"Evan Win/Lose/Push":null,"Evan":null,"Brandon Bet Amount":null,"Brandon Win/Lose/Push":null,"Brandon":null,"Total Team Bet":null,"Legends Bet":null,"Leaders Bet":null,"To Win":null,"Payout":null,"TOTALS":null,"Mitch Totals":null,"Phil Totals":null,"Bryce Totals":null,"Cory Totals":null,"JB Totals":null,"Ethan Totals":null},{"Week":"113","Date":"12/27/2024","Mitch Bet Amount":null,"Mitch Win/Lose/Push":null,"Mitch":null,"Phil Bet Amount":null,"Phil Win/Lose/Push":null,"Phil":null,"Bryce Bet Amount":null,"Bryce Win/Lose/Push":null,"Bryce":null,"Cory Bet Amount":null,"Cory Win/Lose/Push":null,"Cory":null,"JB Bet Amount":null,"JB Win/Lose/Push":null,"JB":null,"Ethan Bet Amount":null,"Ethan Win/Lose/Push":null,"Ethan":null,"Jaime Bet Amount":null,"Jaime Win/Lose/Push":null,"Jaime":null,"Nathan Bet Amount":null,"Nathan Win/Lose/Push":null,"Nathan":null,"Evan Bet Amount":null,"Evan Win/Lose/Push":null,"Evan":null,"Brandon Bet Amount":null,"Brandon Win/Lose/Push":null,"Brandon":null,"Total Team Bet":null,"Legends Bet":null,"Leaders Bet":null,"To Win":null,"Payout":null,"TOTALS":null,"Mitch Totals":null,"Phil Totals":null,"Bryce Totals":null,"Cory Totals":null,"JB Totals":null,"Ethan Totals":null},{"Week":"114","Date":"01/03/2025","Mitch Bet Amount":null,"Mitch Win/Lose/Push":null,"Mitch":null,"Phil Bet Amount":null,"Phil Win/Lose/Push":null,"Phil":null,"Bryce Bet Amount":null,"Bryce Win/Lose/Push":null,"Bryce":null,"Cory Bet Amount":null,"Cory Win/Lose/Push":null,"Cory":null,"JB Bet Amount":null,"JB Win/Lose/Push":null,"JB":null,"Ethan Bet Amount":null,"Ethan Win/Lose/Push":null,"Ethan":null,"Jaime Bet Amount":null,"Jaime Win/Lose/Push":null,"Jaime":null,"Nathan Bet Amount":null,"Nathan Win/Lose/Push":null,"Nathan":null,"Evan Bet Amount":null,"Evan Win/Lose/Push":null,"Evan":null,"Brandon Bet Amount":null,"Brandon Win/Lose/Push":null,"Brandon":null,"Total Team Bet":null,"Legends Bet":null,"Leaders Bet":null,"To Win":null,"Payout":null,"TOTALS":null,"Mitch Totals":null,"Phil Totals":null,"Bryce Totals":null,"Cory Totals":null,"JB Totals":null,"Ethan Totals":null},{"Week":"115","Date":"01/10/2025","Mitch Bet Amount":null,"Mitch Win/Lose/Push":null,"Mitch":null,"Phil Bet Amount":null,"Phil Win/Lose/Push":null,"Phil":null,"Bryce Bet Amount":null,"Bryce Win/Lose/Push":null,"Bryce":null,"Cory Bet Amount":null,"Cory Win/Lose/Push":null,"Cory":null,"JB Bet Amount":null,"JB Win/Lose/Push":null,"JB":null,"Ethan Bet Amount":null,"Ethan Win/Lose/Push":null,"Ethan":null,"Jaime Bet Amount":null,"Jaime Win/Lose/Push":null,"Jaime":null,"Nathan Bet Amount":null,"Nathan Win/Lose/Push":null,"Nathan":null,"Evan Bet Amount":null,"Evan Win/Lose/Push":null,"Evan":null,"Brandon Bet Amount":null,"Brandon Win/Lose/Push":null,"Brandon":null,"Total Team Bet":null,"Legends Bet":null,"Leaders Bet":null,"To Win":null,"Payout":null,"TOTALS":null,"Mitch Totals":null,"Phil Totals":null,"Bryce Totals":null,"Cory Totals":null,"JB Totals":null,"Ethan Totals":null},{"Week":"116","Date":"01/17/2025","Mitch Bet Amount":null,"Mitch Win/Lose/Push":null,"Mitch":null,"Phil Bet Amount":null,"Phil Win/Lose/Push":null,"Phil":null,"Bryce Bet Amount":null,"Bryce Win/Lose/Push":null,"Bryce":null,"Cory Bet Amount":null,"Cory Win/Lose/Push":null,"Cory":null,"JB Bet Amount":null,"JB Win/Lose/Push":null,"JB":null,"Ethan Bet Amount":null,"Ethan Win/Lose/Push":null,"Ethan":null,"Jaime Bet Amount":null,"Jaime Win/Lose/Push":null,"Jaime":null,"Nathan Bet Amount":null,"Nathan Win/Lose/Push":null,"Nathan":null,"Evan Bet Amount":null,"Evan Win/Lose/Push":null,"Evan":null,"Brandon Bet Amount":null,"Brandon Win/Lose/Push":null,"Brandon":null,"Total Team Bet":null,"Legends Bet":null,"Leaders Bet":null,"To Win":null,"Payout":null,"TOTALS":null,"Mitch Totals":null,"Phil Totals":null,"Bryce Totals":null,"Cory Totals":null,"JB Totals":null,"Ethan Totals":null},{"Week":"117","Date":"01/24/2025","Mitch Bet Amount":null,"Mitch Win/Lose/Push":null,"Mitch":null,"Phil Bet Amount":null,"Phil Win/Lose/Push":null,"Phil":null,"Bryce Bet Amount":null,"Bryce Win/Lose/Push":null,"Bryce":null,"Cory Bet Amount":null,"Cory Win/Lose/Push":null,"Cory":null,"JB Bet Amount":null,"JB Win/Lose/Push":null,"JB":null,"Ethan Bet Amount":null,"Ethan Win/Lose/Push":null,"Ethan":null,"Jaime Bet Amount":null,"Jaime Win/Lose/Push":null,"Jaime":null,"Nathan Bet Amount":null,"Nathan Win/Lose/Push":null,"Nathan":null,"Evan Bet Amount":null,"Evan Win/Lose/Push":null,"Evan":null,"Brandon Bet Amount":null,"Brandon Win/Lose/Push":null,"Brandon":null,"Total Team Bet":null,"Legends Bet":null,"Leaders Bet":null,"To Win":null,"Payout":null,"TOTALS":null,"Mitch Totals":null,"Phil Totals":null,"Bryce Totals":null,"Cory Totals":null,"JB Totals":null,"Ethan Totals":null},{"Week":"118","Date":"01/31/2025","Mitch Bet Amount":null,"Mitch Win/Lose/Push":null,"Mitch":null,"Phil Bet Amount":null,"Phil Win/Lose/Push":null,"Phil":null,"Bryce Bet Amount":null,"Bryce Win/Lose/Push":null,"Bryce":null,"Cory Bet Amount":null,"Cory Win/Lose/Push":null,"Cory":null,"JB Bet Amount":null,"JB Win/Lose/Push":null,"JB":null,"Ethan Bet Amount":null,"Ethan Win/Lose/Push":null,"Ethan":null,"Jaime Bet Amount":null,"Jaime Win/Lose/Push":null,"Jaime":null,"Nathan Bet Amount":null,"Nathan Win/Lose/Push":null,"Nathan":null,"Evan Bet Amount":null,"Evan Win/Lose/Push":null,"Evan":null,"Brandon Bet Amount":null,"Brandon Win/Lose/Push":null,"Brandon":null,"Total Team Bet":null,"Legends Bet":null,"Leaders Bet":null,"To Win":null,"Payout":null,"TOTALS":null,"Mitch Totals":null,"Phil Totals":null,"Bryce Totals":null,"Cory Totals":null,"JB Totals":null,"Ethan Totals":null},{"Week":"119","Date":"02/07/2025","Mitch Bet Amount":null,"Mitch Win/Lose/Push":null,"Mitch":null,"Phil Bet Amount":null,"Phil Win/Lose/Push":null,"Phil":null,"Bryce Bet Amount":null,"Bryce Win/Lose/Push":null,"Bryce":null,"Cory Bet Amount":null,"Cory Win/Lose/Push":null,"Cory":null,"JB Bet Amount":null,"JB Win/Lose/Push":null,"JB":null,"Ethan Bet Amount":null,"Ethan Win/Lose/Push":null,"Ethan":null,"Jaime Bet Amount":null,"Jaime Win/Lose/Push":null,"Jaime":null,"Nathan Bet Amount":null,"Nathan Win/Lose/Push":null,"Nathan":null,"Evan Bet Amount":null,"Evan Win/Lose/Push":null,"Evan":null,"Brandon Bet Amount":null,"Brandon Win/Lose/Push":null,"Brandon":null,"Total Team Bet":null,"Legends Bet":null,"Leaders Bet":null,"To Win":null,"Payout":null,"TOTALS":null,"Mitch Totals":null,"Phil Totals":null,"Bryce Totals":null,"Cory Totals":null,"JB Totals":null,"Ethan Totals":null},{"Week":"120","Date":"02/14/2025","Mitch Bet Amount":null,"Mitch Win/Lose/Push":null,"Mitch":null,"Phil Bet Amount":null,"Phil Win/Lose/Push":null,"Phil":null,"Bryce Bet Amount":null,"Bryce Win/Lose/Push":null,"Bryce":null,"Cory Bet Amount":null,"Cory Win/Lose/Push":null,"Cory":null,"JB Bet Amount":null,"JB Win/Lose/Push":null,"JB":null,"Ethan Bet Amount":null,"Ethan Win/Lose/Push":null,"Ethan":null,"Jaime Bet Amount":null,"Jaime Win/Lose/Push":null,"Jaime":null,"Nathan Bet Amount":null,"Nathan Win/Lose/Push":null,"Nathan":null,"Evan Bet Amount":null,"Evan Win/Lose/Push":null,"Evan":null,"Brandon Bet Amount":null,"Brandon Win/Lose/Push":null,"Brandon":null,"Total Team Bet":null,"Legends Bet":null,"Leaders Bet":null,"To Win":null,"Payout":null,"TOTALS":null,"Mitch Totals":null,"Phil Totals":null,"Bryce Totals":null,"Cory Totals":null,"JB Totals":null,"Ethan Totals":null},{"Week":"121","Date":"02/21/2025","Mitch Bet Amount":null,"Mitch Win/Lose/Push":null,"Mitch":null,"Phil Bet Amount":null,"Phil Win/Lose/Push":null,"Phil":null,"Bryce Bet Amount":null,"Bryce Win/Lose/Push":null,"Bryce":null,"Cory Bet Amount":null,"Cory Win/Lose/Push":null,"Cory":null,"JB Bet Amount":null,"JB Win/Lose/Push":null,"JB":null,"Ethan Bet Amount":null,"Ethan Win/Lose/Push":null,"Ethan":null,"Jaime Bet Amount":null,"Jaime Win/Lose/Push":null,"Jaime":null,"Nathan Bet Amount":null,"Nathan Win/Lose/Push":null,"Nathan":null,"Evan Bet Amount":null,"Evan Win/Lose/Push":null,"Evan":null,"Brandon Bet Amount":null,"Brandon Win/Lose/Push":null,"Brandon":null,"Total Team Bet":null,"Legends Bet":null,"Leaders Bet":null,"To Win":null,"Payout":null,"TOTALS":null,"Mitch Totals":null,"Phil Totals":null,"Bryce Totals":null,"Cory Totals":null,"JB Totals":null,"Ethan Totals":null},{"Week":"122","Date":"02/28/2025","Mitch Bet Amount":null,"Mitch Win/Lose/Push":null,"Mitch":null,"Phil Bet Amount":null,"Phil Win/Lose/Push":null,"Phil":null,"Bryce Bet Amount":null,"Bryce Win/Lose/Push":null,"Bryce":null,"Cory Bet Amount":null,"Cory Win/Lose/Push":null,"Cory":null,"JB Bet Amount":null,"JB Win/Lose/Push":null,"JB":null,"Ethan Bet Amount":null,"Ethan Win/Lose/Push":null,"Ethan":null,"Jaime Bet Amount":null,"Jaime Win/Lose/Push":null,"Jaime":null,"Nathan Bet Amount":null,"Nathan Win/Lose/Push":null,"Nathan":null,"Evan Bet Amount":null,"Evan Win/Lose/Push":null,"Evan":null,"Brandon Bet Amount":null,"Brandon Win/Lose/Push":null,"Brandon":null,"Total Team Bet":null,"Legends Bet":null,"Leaders Bet":null,"To Win":null,"Payout":null,"TOTALS":null,"Mitch Totals":null,"Phil Totals":null,"Bryce Totals":null,"Cory Totals":null,"JB Totals":null,"Ethan Totals":null},{"Week":"123","Date":"03/07/2025","Mitch Bet Amount":null,"Mitch Win/Lose/Push":null,"Mitch":null,"Phil Bet Amount":null,"Phil Win/Lose/Push":null,"Phil":null,"Bryce Bet Amount":null,"Bryce Win/Lose/Push":null,"Bryce":null,"Cory Bet Amount":null,"Cory Win/Lose/Push":null,"Cory":null,"JB Bet Amount":null,"JB Win/Lose/Push":null,"JB":null,"Ethan Bet Amount":null,"Ethan Win/Lose/Push":null,"Ethan":null,"Jaime Bet Amount":null,"Jaime Win/Lose/Push":null,"Jaime":null,"Nathan Bet Amount":null,"Nathan Win/Lose/Push":null,"Nathan":null,"Evan Bet Amount":null,"Evan Win/Lose/Push":null,"Evan":null,"Brandon Bet Amount":null,"Brandon Win/Lose/Push":null,"Brandon":null,"Total Team Bet":null,"Legends Bet":null,"Leaders Bet":null,"To Win":null,"Payout":null,"TOTALS":null,"Mitch Totals":null,"Phil Totals":null,"Bryce Totals":null,"Cory Totals":null,"JB Totals":null,"Ethan Totals":null},{"Week":"124","Date":"03/14/2025","Mitch Bet Amount":null,"Mitch Win/Lose/Push":null,"Mitch":null,"Phil Bet Amount":null,"Phil Win/Lose/Push":null,"Phil":null,"Bryce Bet Amount":null,"Bryce Win/Lose/Push":null,"Bryce":null,"Cory Bet Amount":null,"Cory Win/Lose/Push":null,"Cory":null,"JB Bet Amount":null,"JB Win/Lose/Push":null,"JB":null,"Ethan Bet Amount":null,"Ethan Win/Lose/Push":null,"Ethan":null,"Jaime Bet Amount":null,"Jaime Win/Lose/Push":null,"Jaime":null,"Nathan Bet Amount":null,"Nathan Win/Lose/Push":null,"Nathan":null,"Evan Bet Amount":null,"Evan Win/Lose/Push":null,"Evan":null,"Brandon Bet Amount":null,"Brandon Win/Lose/Push":null,"Brandon":null,"Total Team Bet":null,"Legends Bet":null,"Leaders Bet":null,"To Win":null,"Payout":null,"TOTALS":null,"Mitch Totals":null,"Phil Totals":null,"Bryce Totals":null,"Cory Totals":null,"JB Totals":null,"Ethan Totals":null},{"Week":"125","Date":"03/21/2025","Mitch Bet Amount":null,"Mitch Win/Lose/Push":null,"Mitch":null,"Phil Bet Amount":null,"Phil Win/Lose/Push":null,"Phil":null,"Bryce Bet Amount":null,"Bryce Win/Lose/Push":null,"Bryce":null,"Cory Bet Amount":null,"Cory Win/Lose/Push":null,"Cory":null,"JB Bet Amount":null,"JB Win/Lose/Push":null,"JB":null,"Ethan Bet Amount":null,"Ethan Win/Lose/Push":null,"Ethan":null,"Jaime Bet Amount":null,"Jaime Win/Lose/Push":null,"Jaime":null,"Nathan Bet Amount":null,"Nathan Win/Lose/Push":null,"Nathan":null,"Evan Bet Amount":null,"Evan Win/Lose/Push":null,"Evan":null,"Brandon Bet Amount":null,"Brandon Win/Lose/Push":null,"Brandon":null,"Total Team Bet":null,"Legends Bet":null,"Leaders Bet":null,"To Win":null,"Payout":null,"TOTALS":null,"Mitch Totals":null,"Phil Totals":null,"Bryce Totals":null,"Cory Totals":null,"JB Totals":null,"Ethan Totals":null},{"Week":"126","Date":"03/28/2025","Mitch Bet Amount":null,"Mitch Win/Lose/Push":null,"Mitch":null,"Phil Bet Amount":null,"Phil Win/Lose/Push":null,"Phil":null,"Bryce Bet Amount":null,"Bryce Win/Lose/Push":null,"Bryce":null,"Cory Bet Amount":null,"Cory Win/Lose/Push":null,"Cory":null,"JB Bet Amount":null,"JB Win/Lose/Push":null,"JB":null,"Ethan Bet Amount":null,"Ethan Win/Lose/Push":null,"Ethan":null,"Jaime Bet Amount":null,"Jaime Win/Lose/Push":null,"Jaime":null,"Nathan Bet Amount":null,"Nathan Win/Lose/Push":null,"Nathan":null,"Evan Bet Amount":null,"Evan Win/Lose/Push":null,"Evan":null,"Brandon Bet Amount":null,"Brandon Win/Lose/Push":null,"Brandon":null,"Total Team Bet":null,"Legends Bet":null,"Leaders Bet":null,"To Win":null,"Payout":null,"TOTALS":null,"Mitch Totals":null,"Phil Totals":null,"Bryce Totals":null,"Cory Totals":null,"JB Totals":null,"Ethan Totals":null},{"Week":"127","Date":"04/04/2025","Mitch Bet Amount":null,"Mitch Win/Lose/Push":null,"Mitch":null,"Phil Bet Amount":null,"Phil Win/Lose/Push":null,"Phil":null,"Bryce Bet Amount":null,"Bryce Win/Lose/Push":null,"Bryce":null,"Cory Bet Amount":null,"Cory Win/Lose/Push":null,"Cory":null,"JB Bet Amount":null,"JB Win/Lose/Push":null,"JB":null,"Ethan Bet Amount":null,"Ethan Win/Lose/Push":null,"Ethan":null,"Jaime Bet Amount":null,"Jaime Win/Lose/Push":null,"Jaime":null,"Nathan Bet Amount":null,"Nathan Win/Lose/Push":null,"Nathan":null,"Evan Bet Amount":null,"Evan Win/Lose/Push":null,"Evan":null,"Brandon Bet Amount":null,"Brandon Win/Lose/Push":null,"Brandon":null,"Total Team Bet":null,"Legends Bet":null,"Leaders Bet":null,"To Win":null,"Payout":null,"TOTALS":null,"Mitch Totals":null,"Phil Totals":null,"Bryce Totals":null,"Cory Totals":null,"JB Totals":null,"Ethan Totals":null},{"Week":"128","Date":"04/11/2025","Mitch Bet Amount":null,"Mitch Win/Lose/Push":null,"Mitch":null,"Phil Bet Amount":null,"Phil Win/Lose/Push":null,"Phil":null,"Bryce Bet Amount":null,"Bryce Win/Lose/Push":null,"Bryce":null,"Cory Bet Amount":null,"Cory Win/Lose/Push":null,"Cory":null,"JB Bet Amount":null,"JB Win/Lose/Push":null,"JB":null,"Ethan Bet Amount":null,"Ethan Win/Lose/Push":null,"Ethan":null,"Jaime Bet Amount":null,"Jaime Win/Lose/Push":null,"Jaime":null,"Nathan Bet Amount":null,"Nathan Win/Lose/Push":null,"Nathan":null,"Evan Bet Amount":null,"Evan Win/Lose/Push":null,"Evan":null,"Brandon Bet Amount":null,"Brandon Win/Lose/Push":null,"Brandon":null,"Total Team Bet":null,"Legends Bet":null,"Leaders Bet":null,"To Win":null,"Payout":null,"TOTALS":null,"Mitch Totals":null,"Phil Totals":null,"Bryce Totals":null,"Cory Totals":null,"JB Totals":null,"Ethan Totals":null},{"Week":"129","Date":"04/18/2025","Mitch Bet Amount":null,"Mitch Win/Lose/Push":null,"Mitch":null,"Phil Bet Amount":null,"Phil Win/Lose/Push":null,"Phil":null,"Bryce Bet Amount":null,"Bryce Win/Lose/Push":null,"Bryce":null,"Cory Bet Amount":null,"Cory Win/Lose/Push":null,"Cory":null,"JB Bet Amount":null,"JB Win/Lose/Push":null,"JB":null,"Ethan Bet Amount":null,"Ethan Win/Lose/Push":null,"Ethan":null,"Jaime Bet Amount":null,"Jaime Win/Lose/Push":null,"Jaime":null,"Nathan Bet Amount":null,"Nathan Win/Lose/Push":null,"Nathan":null,"Evan Bet Amount":null,"Evan Win/Lose/Push":null,"Evan":null,"Brandon Bet Amount":null,"Brandon Win/Lose/Push":null,"Brandon":null,"Total Team Bet":null,"Legends Bet":null,"Leaders Bet":null,"To Win":null,"Payout":null,"TOTALS":null,"Mitch Totals":null,"Phil Totals":null,"Bryce Totals":null,"Cory Totals":null,"JB Totals":null,"Ethan Totals":null},{"Week":"130","Date":"04/25/2025","Mitch Bet Amount":null,"Mitch Win/Lose/Push":null,"Mitch":null,"Phil Bet Amount":null,"Phil Win/Lose/Push":null,"Phil":null,"Bryce Bet Amount":null,"Bryce Win/Lose/Push":null,"Bryce":null,"Cory Bet Amount":null,"Cory Win/Lose/Push":null,"Cory":null,"JB Bet Amount":null,"JB Win/Lose/Push":null,"JB":null,"Ethan Bet Amount":null,"Ethan Win/Lose/Push":null,"Ethan":null,"Jaime Bet Amount":null,"Jaime Win/Lose/Push":null,"Jaime":null,"Nathan Bet Amount":null,"Nathan Win/Lose/Push":null,"Nathan":null,"Evan Bet Amount":null,"Evan Win/Lose/Push":null,"Evan":null,"Brandon Bet Amount":null,"Brandon Win/Lose/Push":null,"Brandon":null,"Total Team Bet":null,"Legends Bet":null,"Leaders Bet":null,"To Win":null,"Payout":null,"TOTALS":null,"Mitch Totals":null,"Phil Totals":null,"Bryce Totals":null,"Cory Totals":null,"JB Totals":null,"Ethan Totals":null},{"Week":"131","Date":"05/02/2025","Mitch Bet Amount":null,"Mitch Win/Lose/Push":null,"Mitch":null,"Phil Bet Amount":null,"Phil Win/Lose/Push":null,"Phil":null,"Bryce Bet Amount":null,"Bryce Win/Lose/Push":null,"Bryce":null,"Cory Bet Amount":null,"Cory Win/Lose/Push":null,"Cory":null,"JB Bet Amount":null,"JB Win/Lose/Push":null,"JB":null,"Ethan Bet Amount":null,"Ethan Win/Lose/Push":null,"Ethan":null,"Jaime Bet Amount":null,"Jaime Win/Lose/Push":null,"Jaime":null,"Nathan Bet Amount":null,"Nathan Win/Lose/Push":null,"Nathan":null,"Evan Bet Amount":null,"Evan Win/Lose/Push":null,"Evan":null,"Brandon Bet Amount":null,"Brandon Win/Lose/Push":null,"Brandon":null,"Total Team Bet":null,"Legends Bet":null,"Leaders Bet":null,"To Win":null,"Payout":null,"TOTALS":null,"Mitch Totals":null,"Phil Totals":null,"Bryce Totals":null,"Cory Totals":null,"JB Totals":null,"Ethan Totals":null},{"Week":"132","Date":"05/09/2025","Mitch Bet Amount":null,"Mitch Win/Lose/Push":null,"Mitch":null,"Phil Bet Amount":null,"Phil Win/Lose/Push":null,"Phil":null,"Bryce Bet Amount":null,"Bryce Win/Lose/Push":null,"Bryce":null,"Cory Bet Amount":null,"Cory Win/Lose/Push":null,"Cory":null,"JB Bet Amount":null,"JB Win/Lose/Push":null,"JB":null,"Ethan Bet Amount":null,"Ethan Win/Lose/Push":null,"Ethan":null,"Jaime Bet Amount":null,"Jaime Win/Lose/Push":null,"Jaime":null,"Nathan Bet Amount":null,"Nathan Win/Lose/Push":null,"Nathan":null,"Evan Bet Amount":null,"Evan Win/Lose/Push":null,"Evan":null,"Brandon Bet Amount":null,"Brandon Win/Lose/Push":null,"Brandon":null,"Total Team Bet":null,"Legends Bet":null,"Leaders Bet":null,"To Win":null,"Payout":null,"TOTALS":null,"Mitch Totals":null,"Phil Totals":null,"Bryce Totals":null,"Cory Totals":null,"JB Totals":null,"Ethan Totals":null},{"Week":"133","Date":"05/16/2025","Mitch Bet Amount":null,"Mitch Win/Lose/Push":null,"Mitch":null,"Phil Bet Amount":null,"Phil Win/Lose/Push":null,"Phil":null,"Bryce Bet Amount":null,"Bryce Win/Lose/Push":null,"Bryce":null,"Cory Bet Amount":null,"Cory Win/Lose/Push":null,"Cory":null,"JB Bet Amount":null,"JB Win/Lose/Push":null,"JB":null,"Ethan Bet Amount":null,"Ethan Win/Lose/Push":null,"Ethan":null,"Jaime Bet Amount":null,"Jaime Win/Lose/Push":null,"Jaime":null,"Nathan Bet Amount":null,"Nathan Win/Lose/Push":null,"Nathan":null,"Evan Bet Amount":null,"Evan Win/Lose/Push":null,"Evan":null,"Brandon Bet Amount":null,"Brandon Win/Lose/Push":null,"Brandon":null,"Total Team Bet":null,"Legends Bet":null,"Leaders Bet":null,"To Win":null,"Payout":null,"TOTALS":null,"Mitch Totals":null,"Phil Totals":null,"Bryce Totals":null,"Cory Totals":null,"JB Totals":null,"Ethan Totals":null},{"Week":"134","Date":"05/23/2025","Mitch Bet Amount":null,"Mitch Win/Lose/Push":null,"Mitch":null,"Phil Bet Amount":null,"Phil Win/Lose/Push":null,"Phil":null,"Bryce Bet Amount":null,"Bryce Win/Lose/Push":null,"Bryce":null,"Cory Bet Amount":null,"Cory Win/Lose/Push":null,"Cory":null,"JB Bet Amount":null,"JB Win/Lose/Push":null,"JB":null,"Ethan Bet Amount":null,"Ethan Win/Lose/Push":null,"Ethan":null,"Jaime Bet Amount":null,"Jaime Win/Lose/Push":null,"Jaime":null,"Nathan Bet Amount":null,"Nathan Win/Lose/Push":null,"Nathan":null,"Evan Bet Amount":null,"Evan Win/Lose/Push":null,"Evan":null,"Brandon Bet Amount":null,"Brandon Win/Lose/Push":null,"Brandon":null,"Total Team Bet":null,"Legends Bet":null,"Leaders Bet":null,"To Win":null,"Payout":null,"TOTALS":null,"Mitch Totals":null,"Phil Totals":null,"Bryce Totals":null,"Cory Totals":null,"JB Totals":null,"Ethan Totals":null},{"Week":"135","Date":"05/30/2025","Mitch Bet Amount":null,"Mitch Win/Lose/Push":null,"Mitch":null,"Phil Bet Amount":null,"Phil Win/Lose/Push":null,"Phil":null,"Bryce Bet Amount":null,"Bryce Win/Lose/Push":null,"Bryce":null,"Cory Bet Amount":null,"Cory Win/Lose/Push":null,"Cory":null,"JB Bet Amount":null,"JB Win/Lose/Push":null,"JB":null,"Ethan Bet Amount":null,"Ethan Win/Lose/Push":null,"Ethan":null,"Jaime Bet Amount":null,"Jaime Win/Lose/Push":null,"Jaime":null,"Nathan Bet Amount":null,"Nathan Win/Lose/Push":null,"Nathan":null,"Evan Bet Amount":null,"Evan Win/Lose/Push":null,"Evan":null,"Brandon Bet Amount":null,"Brandon Win/Lose/Push":null,"Brandon":null,"Total Team Bet":null,"Legends Bet":null,"Leaders Bet":null,"To Win":null,"Payout":null,"TOTALS":null,"Mitch Totals":null,"Phil Totals":null,"Bryce Totals":null,"Cory Totals":null,"JB Totals":null,"Ethan Totals":null},{"Week":"136","Date":"06/06/2025","Mitch Bet Amount":null,"Mitch Win/Lose/Push":null,"Mitch":null,"Phil Bet Amount":null,"Phil Win/Lose/Push":null,"Phil":null,"Bryce Bet Amount":null,"Bryce Win/Lose/Push":null,"Bryce":null,"Cory Bet Amount":null,"Cory Win/Lose/Push":null,"Cory":null,"JB Bet Amount":null,"JB Win/Lose/Push":null,"JB":null,"Ethan Bet Amount":null,"Ethan Win/Lose/Push":null,"Ethan":null,"Jaime Bet Amount":null,"Jaime Win/Lose/Push":null,"Jaime":null,"Nathan Bet Amount":null,"Nathan Win/Lose/Push":null,"Nathan":null,"Evan Bet Amount":null,"Evan Win/Lose/Push":null,"Evan":null,"Brandon Bet Amount":null,"Brandon Win/Lose/Push":null,"Brandon":null,"Total Team Bet":null,"Legends Bet":null,"Leaders Bet":null,"To Win":null,"Payout":null,"TOTALS":null,"Mitch Totals":null,"Phil Totals":null,"Bryce Totals":null,"Cory Totals":null,"JB Totals":null,"Ethan Totals":null},{"Week":"137","Date":"06/13/2025","Mitch Bet Amount":null,"Mitch Win/Lose/Push":null,"Mitch":null,"Phil Bet Amount":null,"Phil Win/Lose/Push":null,"Phil":null,"Bryce Bet Amount":null,"Bryce Win/Lose/Push":null,"Bryce":null,"Cory Bet Amount":null,"Cory Win/Lose/Push":null,"Cory":null,"JB Bet Amount":null,"JB Win/Lose/Push":null,"JB":null,"Ethan Bet Amount":null,"Ethan Win/Lose/Push":null,"Ethan":null,"Jaime Bet Amount":null,"Jaime Win/Lose/Push":null,"Jaime":null,"Nathan Bet Amount":null,"Nathan Win/Lose/Push":null,"Nathan":null,"Evan Bet Amount":null,"Evan Win/Lose/Push":null,"Evan":null,"Brandon Bet Amount":null,"Brandon Win/Lose/Push":null,"Brandon":null,"Total Team Bet":null,"Legends Bet":null,"Leaders Bet":null,"To Win":null,"Payout":null,"TOTALS":null,"Mitch Totals":null,"Phil Totals":null,"Bryce Totals":null,"Cory Totals":null,"JB Totals":null,"Ethan Totals":null},{"Week":"138","Date":"06/20/2025","Mitch Bet Amount":null,"Mitch Win/Lose/Push":null,"Mitch":null,"Phil Bet Amount":null,"Phil Win/Lose/Push":null,"Phil":null,"Bryce Bet Amount":null,"Bryce Win/Lose/Push":null,"Bryce":null,"Cory Bet Amount":null,"Cory Win/Lose/Push":null,"Cory":null,"JB Bet Amount":null,"JB Win/Lose/Push":null,"JB":null,"Ethan Bet Amount":null,"Ethan Win/Lose/Push":null,"Ethan":null,"Jaime Bet Amount":null,"Jaime Win/Lose/Push":null,"Jaime":null,"Nathan Bet Amount":null,"Nathan Win/Lose/Push":null,"Nathan":null,"Evan Bet Amount":null,"Evan Win/Lose/Push":null,"Evan":null,"Brandon Bet Amount":null,"Brandon Win/Lose/Push":null,"Brandon":null,"Total Team Bet":null,"Legends Bet":null,"Leaders Bet":null,"To Win":null,"Payout":null,"TOTALS":null,"Mitch Totals":null,"Phil Totals":null,"Bryce Totals":null,"Cory Totals":null,"JB Totals":null,"Ethan Totals":null},{"Week":"139","Date":"06/27/2025","Mitch Bet Amount":null,"Mitch Win/Lose/Push":null,"Mitch":null,"Phil Bet Amount":null,"Phil Win/Lose/Push":null,"Phil":null,"Bryce Bet Amount":null,"Bryce Win/Lose/Push":null,"Bryce":null,"Cory Bet Amount":null,"Cory Win/Lose/Push":null,"Cory":null,"JB Bet Amount":null,"JB Win/Lose/Push":null,"JB":null,"Ethan Bet Amount":null,"Ethan Win/Lose/Push":null,"Ethan":null,"Jaime Bet Amount":null,"Jaime Win/Lose/Push":null,"Jaime":null,"Nathan Bet Amount":null,"Nathan Win/Lose/Push":null,"Nathan":null,"Evan Bet Amount":null,"Evan Win/Lose/Push":null,"Evan":null,"Brandon Bet Amount":null,"Brandon Win/Lose/Push":null,"Brandon":null,"Total Team Bet":null,"Legends Bet":null,"Leaders Bet":null,"To Win":null,"Payout":null,"TOTALS":null,"Mitch Totals":null,"Phil Totals":null,"Bryce Totals":null,"Cory Totals":null,"JB Totals":null,"Ethan Totals":null},{"Week":"140","Date":"07/04/2025","Mitch Bet Amount":null,"Mitch Win/Lose/Push":null,"Mitch":null,"Phil Bet Amount":null,"Phil Win/Lose/Push":null,"Phil":null,"Bryce Bet Amount":null,"Bryce Win/Lose/Push":null,"Bryce":null,"Cory Bet Amount":null,"Cory Win/Lose/Push":null,"Cory":null,"JB Bet Amount":null,"JB Win/Lose/Push":null,"JB":null,"Ethan Bet Amount":null,"Ethan Win/Lose/Push":null,"Ethan":null,"Jaime Bet Amount":null,"Jaime Win/Lose/Push":null,"Jaime":null,"Nathan Bet Amount":null,"Nathan Win/Lose/Push":null,"Nathan":null,"Evan Bet Amount":null,"Evan Win/Lose/Push":null,"Evan":null,"Brandon Bet Amount":null,"Brandon Win/Lose/Push":null,"Brandon":null,"Total Team Bet":null,"Legends Bet":null,"Leaders Bet":null,"To Win":null,"Payout":null,"TOTALS":null,"Mitch Totals":null,"Phil Totals":null,"Bryce Totals":null,"Cory Totals":null,"JB Totals":null,"Ethan Totals":null},{"Week":"141","Date":"07/11/2025","Mitch Bet Amount":null,"Mitch Win/Lose/Push":null,"Mitch":null,"Phil Bet Amount":null,"Phil Win/Lose/Push":null,"Phil":null,"Bryce Bet Amount":null,"Bryce Win/Lose/Push":null,"Bryce":null,"Cory Bet Amount":null,"Cory Win/Lose/Push":null,"Cory":null,"JB Bet Amount":null,"JB Win/Lose/Push":null,"JB":null,"Ethan Bet Amount":null,"Ethan Win/Lose/Push":null,"Ethan":null,"Jaime Bet Amount":null,"Jaime Win/Lose/Push":null,"Jaime":null,"Nathan Bet Amount":null,"Nathan Win/Lose/Push":null,"Nathan":null,"Evan Bet Amount":null,"Evan Win/Lose/Push":null,"Evan":null,"Brandon Bet Amount":null,"Brandon Win/Lose/Push":null,"Brandon":null,"Total Team Bet":null,"Legends Bet":null,"Leaders Bet":null,"To Win":null,"Payout":null,"TOTALS":null,"Mitch Totals":null,"Phil Totals":null,"Bryce Totals":null,"Cory Totals":null,"JB Totals":null,"Ethan Totals":null},{"Week":"142","Date":"07/18/2025","Mitch Bet Amount":null,"Mitch Win/Lose/Push":null,"Mitch":null,"Phil Bet Amount":null,"Phil Win/Lose/Push":null,"Phil":null,"Bryce Bet Amount":null,"Bryce Win/Lose/Push":null,"Bryce":null,"Cory Bet Amount":null,"Cory Win/Lose/Push":null,"Cory":null,"JB Bet Amount":null,"JB Win/Lose/Push":null,"JB":null,"Ethan Bet Amount":null,"Ethan Win/Lose/Push":null,"Ethan":null,"Jaime Bet Amount":null,"Jaime Win/Lose/Push":null,"Jaime":null,"Nathan Bet Amount":null,"Nathan Win/Lose/Push":null,"Nathan":null,"Evan Bet Amount":null,"Evan Win/Lose/Push":null,"Evan":null,"Brandon Bet Amount":null,"Brandon Win/Lose/Push":null,"Brandon":null,"Total Team Bet":null,"Legends Bet":null,"Leaders Bet":null,"To Win":null,"Payout":null,"TOTALS":null,"Mitch Totals":null,"Phil Totals":null,"Bryce Totals":null,"Cory Totals":null,"JB Totals":null,"Ethan Totals":null},{"Week":"143","Date":"07/25/2025","Mitch Bet Amount":null,"Mitch Win/Lose/Push":null,"Mitch":null,"Phil Bet Amount":null,"Phil Win/Lose/Push":null,"Phil":null,"Bryce Bet Amount":null,"Bryce Win/Lose/Push":null,"Bryce":null,"Cory Bet Amount":null,"Cory Win/Lose/Push":null,"Cory":null,"JB Bet Amount":null,"JB Win/Lose/Push":null,"JB":null,"Ethan Bet Amount":null,"Ethan Win/Lose/Push":null,"Ethan":null,"Jaime Bet Amount":null,"Jaime Win/Lose/Push":null,"Jaime":null,"Nathan Bet Amount":null,"Nathan Win/Lose/Push":null,"Nathan":null,"Evan Bet Amount":null,"Evan Win/Lose/Push":null,"Evan":null,"Brandon Bet Amount":null,"Brandon Win/Lose/Push":null,"Brandon":null,"Total Team Bet":null,"Legends Bet":null,"Leaders Bet":null,"To Win":null,"Payout":null,"TOTALS":null,"Mitch Totals":null,"Phil Totals":null,"Bryce Totals":null,"Cory Totals":null,"JB Totals":null,"Ethan Totals":null},{"Week":"144","Date":"08/01/2025","Mitch Bet Amount":null,"Mitch Win/Lose/Push":null,"Mitch":null,"Phil Bet Amount":null,"Phil Win/Lose/Push":null,"Phil":null,"Bryce Bet Amount":null,"Bryce Win/Lose/Push":null,"Bryce":null,"Cory Bet Amount":null,"Cory Win/Lose/Push":null,"Cory":null,"JB Bet Amount":null,"JB Win/Lose/Push":null,"JB":null,"Ethan Bet Amount":null,"Ethan Win/Lose/Push":null,"Ethan":null,"Jaime Bet Amount":null,"Jaime Win/Lose/Push":null,"Jaime":null,"Nathan Bet Amount":null,"Nathan Win/Lose/Push":null,"Nathan":null,"Evan Bet Amount":null,"Evan Win/Lose/Push":null,"Evan":null,"Brandon Bet Amount":null,"Brandon Win/Lose/Push":null,"Brandon":null,"Total Team Bet":null,"Legends Bet":null,"Leaders Bet":null,"To Win":null,"Payout":null,"TOTALS":null,"Mitch Totals":null,"Phil Totals":null,"Bryce Totals":null,"Cory Totals":null,"JB Totals":null,"Ethan Totals":null},{"Week":"145","Date":"08/08/2025","Mitch Bet Amount":null,"Mitch Win/Lose/Push":null,"Mitch":null,"Phil Bet Amount":null,"Phil Win/Lose/Push":null,"Phil":null,"Bryce Bet Amount":null,"Bryce Win/Lose/Push":null,"Bryce":null,"Cory Bet Amount":null,"Cory Win/Lose/Push":null,"Cory":null,"JB Bet Amount":null,"JB Win/Lose/Push":null,"JB":null,"Ethan Bet Amount":null,"Ethan Win/Lose/Push":null,"Ethan":null,"Jaime Bet Amount":null,"Jaime Win/Lose/Push":null,"Jaime":null,"Nathan Bet Amount":null,"Nathan Win/Lose/Push":null,"Nathan":null,"Evan Bet Amount":null,"Evan Win/Lose/Push":null,"Evan":null,"Brandon Bet Amount":null,"Brandon Win/Lose/Push":null,"Brandon":null,"Total Team Bet":null,"Legends Bet":null,"Leaders Bet":null,"To Win":null,"Payout":null,"TOTALS":null,"Mitch Totals":null,"Phil Totals":null,"Bryce Totals":null,"Cory Totals":null,"JB Totals":null,"Ethan Totals":null},{"Week":"146","Date":"08/15/2025","Mitch Bet Amount":null,"Mitch Win/Lose/Push":null,"Mitch":null,"Phil Bet Amount":null,"Phil Win/Lose/Push":null,"Phil":null,"Bryce Bet Amount":null,"Bryce Win/Lose/Push":null,"Bryce":null,"Cory Bet Amount":null,"Cory Win/Lose/Push":null,"Cory":null,"JB Bet Amount":null,"JB Win/Lose/Push":null,"JB":null,"Ethan Bet Amount":null,"Ethan Win/Lose/Push":null,"Ethan":null,"Jaime Bet Amount":null,"Jaime Win/Lose/Push":null,"Jaime":null,"Nathan Bet Amount":null,"Nathan Win/Lose/Push":null,"Nathan":null,"Evan Bet Amount":null,"Evan Win/Lose/Push":null,"Evan":null,"Brandon Bet Amount":null,"Brandon Win/Lose/Push":null,"Brandon":null,"Total Team Bet":null,"Legends Bet":null,"Leaders Bet":null,"To Win":null,"Payout":null,"TOTALS":null,"Mitch Totals":null,"Phil Totals":null,"Bryce Totals":null,"Cory Totals":null,"JB Totals":null,"Ethan Totals":null},{"Week":"147","Date":"08/22/2025","Mitch Bet Amount":null,"Mitch Win/Lose/Push":null,"Mitch":null,"Phil Bet Amount":null,"Phil Win/Lose/Push":null,"Phil":null,"Bryce Bet Amount":null,"Bryce Win/Lose/Push":null,"Bryce":null,"Cory Bet Amount":null,"Cory Win/Lose/Push":null,"Cory":null,"JB Bet Amount":null,"JB Win/Lose/Push":null,"JB":null,"Ethan Bet Amount":null,"Ethan Win/Lose/Push":null,"Ethan":null,"Jaime Bet Amount":null,"Jaime Win/Lose/Push":null,"Jaime":null,"Nathan Bet Amount":null,"Nathan Win/Lose/Push":null,"Nathan":null,"Evan Bet Amount":null,"Evan Win/Lose/Push":null,"Evan":null,"Brandon Bet Amount":null,"Brandon Win/Lose/Push":null,"Brandon":null,"Total Team Bet":null,"Legends Bet":null,"Leaders Bet":null,"To Win":null,"Payout":null,"TOTALS":null,"Mitch Totals":null,"Phil Totals":null,"Bryce Totals":null,"Cory Totals":null,"JB Totals":null,"Ethan Totals":null},{"Week":"148","Date":"08/29/2025","Mitch Bet Amount":null,"Mitch Win/Lose/Push":null,"Mitch":null,"Phil Bet Amount":null,"Phil Win/Lose/Push":null,"Phil":null,"Bryce Bet Amount":null,"Bryce Win/Lose/Push":null,"Bryce":null,"Cory Bet Amount":null,"Cory Win/Lose/Push":null,"Cory":null,"JB Bet Amount":null,"JB Win/Lose/Push":null,"JB":null,"Ethan Bet Amount":null,"Ethan Win/Lose/Push":null,"Ethan":null,"Jaime Bet Amount":null,"Jaime Win/Lose/Push":null,"Jaime":null,"Nathan Bet Amount":null,"Nathan Win/Lose/Push":null,"Nathan":null,"Evan Bet Amount":null,"Evan Win/Lose/Push":null,"Evan":null,"Brandon Bet Amount":null,"Brandon Win/Lose/Push":null,"Brandon":null,"Total Team Bet":null,"Legends Bet":null,"Leaders Bet":null,"To Win":null,"Payout":null,"TOTALS":null,"Mitch Totals":null,"Phil Totals":null,"Bryce Totals":null,"Cory Totals":null,"JB Totals":null,"Ethan Totals":null},{"Week":"149","Date":"09/05/2025","Mitch Bet Amount":null,"Mitch Win/Lose/Push":null,"Mitch":null,"Phil Bet Amount":null,"Phil Win/Lose/Push":null,"Phil":null,"Bryce Bet Amount":null,"Bryce Win/Lose/Push":null,"Bryce":null,"Cory Bet Amount":null,"Cory Win/Lose/Push":null,"Cory":null,"JB Bet Amount":null,"JB Win/Lose/Push":null,"JB":null,"Ethan Bet Amount":null,"Ethan Win/Lose/Push":null,"Ethan":null,"Jaime Bet Amount":null,"Jaime Win/Lose/Push":null,"Jaime":null,"Nathan Bet Amount":null,"Nathan Win/Lose/Push":null,"Nathan":null,"Evan Bet Amount":null,"Evan Win/Lose/Push":null,"Evan":null,"Brandon Bet Amount":null,"Brandon Win/Lose/Push":null,"Brandon":null,"Total Team Bet":null,"Legends Bet":null,"Leaders Bet":null,"To Win":null,"Payout":null,"TOTALS":null,"Mitch Totals":null,"Phil Totals":null,"Bryce Totals":null,"Cory Totals":null,"JB Totals":null,"Ethan Totals":null},{"Week":"150","Date":"09/12/2025","Mitch Bet Amount":null,"Mitch Win/Lose/Push":null,"Mitch":null,"Phil Bet Amount":null,"Phil Win/Lose/Push":null,"Phil":null,"Bryce Bet Amount":null,"Bryce Win/Lose/Push":null,"Bryce":null,"Cory Bet Amount":null,"Cory Win/Lose/Push":null,"Cory":null,"JB Bet Amount":null,"JB Win/Lose/Push":null,"JB":null,"Ethan Bet Amount":null,"Ethan Win/Lose/Push":null,"Ethan":null,"Jaime Bet Amount":null,"Jaime Win/Lose/Push":null,"Jaime":null,"Nathan Bet Amount":null,"Nathan Win/Lose/Push":null,"Nathan":null,"Evan Bet Amount":null,"Evan Win/Lose/Push":null,"Evan":null,"Brandon Bet Amount":null,"Brandon Win/Lose/Push":null,"Brandon":null,"Total Team Bet":null,"Legends Bet":null,"Leaders Bet":null,"To Win":null,"Payout":null,"TOTALS":null,"Mitch Totals":null,"Phil Totals":null,"Bryce Totals":null,"Cory Totals":null,"JB Totals":null,"Ethan Totals":null},{"Week":"151","Date":"09/19/2025","Mitch Bet Amount":null,"Mitch Win/Lose/Push":null,"Mitch":null,"Phil Bet Amount":null,"Phil Win/Lose/Push":null,"Phil":null,"Bryce Bet Amount":null,"Bryce Win/Lose/Push":null,"Bryce":null,"Cory Bet Amount":null,"Cory Win/Lose/Push":null,"Cory":null,"JB Bet Amount":null,"JB Win/Lose/Push":null,"JB":null,"Ethan Bet Amount":null,"Ethan Win/Lose/Push":null,"Ethan":null,"Jaime Bet Amount":null,"Jaime Win/Lose/Push":null,"Jaime":null,"Nathan Bet Amount":null,"Nathan Win/Lose/Push":null,"Nathan":null,"Evan Bet Amount":null,"Evan Win/Lose/Push":null,"Evan":null,"Brandon Bet Amount":null,"Brandon Win/Lose/Push":null,"Brandon":null,"Total Team Bet":null,"Legends Bet":null,"Leaders Bet":null,"To Win":null,"Payout":null,"TOTALS":null,"Mitch Totals":null,"Phil Totals":null,"Bryce Totals":null,"Cory Totals":null,"JB Totals":null,"Ethan Totals":null},{"Week":"152","Date":"09/26/2025","Mitch Bet Amount":null,"Mitch Win/Lose/Push":null,"Mitch":null,"Phil Bet Amount":null,"Phil Win/Lose/Push":null,"Phil":null,"Bryce Bet Amount":null,"Bryce Win/Lose/Push":null,"Bryce":null,"Cory Bet Amount":null,"Cory Win/Lose/Push":null,"Cory":null,"JB Bet Amount":null,"JB Win/Lose/Push":null,"JB":null,"Ethan Bet Amount":null,"Ethan Win/Lose/Push":null,"Ethan":null,"Jaime Bet Amount":null,"Jaime Win/Lose/Push":null,"Jaime":null,"Nathan Bet Amount":null,"Nathan Win/Lose/Push":null,"Nathan":null,"Evan Bet Amount":null,"Evan Win/Lose/Push":null,"Evan":null,"Brandon Bet Amount":null,"Brandon Win/Lose/Push":null,"Brandon":null,"Total Team Bet":null,"Legends Bet":null,"Leaders Bet":null,"To Win":null,"Payout":null,"TOTALS":null,"Mitch Totals":null,"Phil Totals":null,"Bryce Totals":null,"Cory Totals":null,"JB Totals":null,"Ethan Totals":null},{"Week":"153","Date":"10/03/2025","Mitch Bet Amount":null,"Mitch Win/Lose/Push":null,"Mitch":null,"Phil Bet Amount":null,"Phil Win/Lose/Push":null,"Phil":null,"Bryce Bet Amount":null,"Bryce Win/Lose/Push":null,"Bryce":null,"Cory Bet Amount":null,"Cory Win/Lose/Push":null,"Cory":null,"JB Bet Amount":null,"JB Win/Lose/Push":null,"JB":null,"Ethan Bet Amount":null,"Ethan Win/Lose/Push":null,"Ethan":null,"Jaime Bet Amount":null,"Jaime Win/Lose/Push":null,"Jaime":null,"Nathan Bet Amount":null,"Nathan Win/Lose/Push":null,"Nathan":null,"Evan Bet Amount":null,"Evan Win/Lose/Push":null,"Evan":null,"Brandon Bet Amount":null,"Brandon Win/Lose/Push":null,"Brandon":null,"Total Team Bet":null,"Legends Bet":null,"Leaders Bet":null,"To Win":null,"Payout":null,"TOTALS":null,"Mitch Totals":null,"Phil Totals":null,"Bryce Totals":null,"Cory Totals":null,"JB Totals":null,"Ethan Totals":null},{"Week":"154","Date":"10/10/2025","Mitch Bet Amount":null,"Mitch Win/Lose/Push":null,"Mitch":null,"Phil Bet Amount":null,"Phil Win/Lose/Push":null,"Phil":null,"Bryce Bet Amount":null,"Bryce Win/Lose/Push":null,"Bryce":null,"Cory Bet Amount":null,"Cory Win/Lose/Push":null,"Cory":null,"JB Bet Amount":null,"JB Win/Lose/Push":null,"JB":null,"Ethan Bet Amount":null,"Ethan Win/Lose/Push":null,"Ethan":null,"Jaime Bet Amount":null,"Jaime Win/Lose/Push":null,"Jaime":null,"Nathan Bet Amount":null,"Nathan Win/Lose/Push":null,"Nathan":null,"Evan Bet Amount":null,"Evan Win/Lose/Push":null,"Evan":null,"Brandon Bet Amount":null,"Brandon Win/Lose/Push":null,"Brandon":null,"Total Team Bet":null,"Legends Bet":null,"Leaders Bet":null,"To Win":null,"Payout":null,"TOTALS":null,"Mitch Totals":null,"Phil Totals":null,"Bryce Totals":null,"Cory Totals":null,"JB Totals":null,"Ethan Totals":null},{"Week":"155","Date":"10/17/2025","Mitch Bet Amount":null,"Mitch Win/Lose/Push":null,"Mitch":null,"Phil Bet Amount":null,"Phil Win/Lose/Push":null,"Phil":null,"Bryce Bet Amount":null,"Bryce Win/Lose/Push":null,"Bryce":null,"Cory Bet Amount":null,"Cory Win/Lose/Push":null,"Cory":null,"JB Bet Amount":null,"JB Win/Lose/Push":null,"JB":null,"Ethan Bet Amount":null,"Ethan Win/Lose/Push":null,"Ethan":null,"Jaime Bet Amount":null,"Jaime Win/Lose/Push":null,"Jaime":null,"Nathan Bet Amount":null,"Nathan Win/Lose/Push":null,"Nathan":null,"Evan Bet Amount":null,"Evan Win/Lose/Push":null,"Evan":null,"Brandon Bet Amount":null,"Brandon Win/Lose/Push":null,"Brandon":null,"Total Team Bet":null,"Legends Bet":null,"Leaders Bet":null,"To Win":null,"Payout":null,"TOTALS":null,"Mitch Totals":null,"Phil Totals":null,"Bryce Totals":null,"Cory Totals":null,"JB Totals":null,"Ethan Totals":null},{"Week":"156","Date":"10/24/2025","Mitch Bet Amount":null,"Mitch Win/Lose/Push":null,"Mitch":null,"Phil Bet Amount":null,"Phil Win/Lose/Push":null,"Phil":null,"Bryce Bet Amount":null,"Bryce Win/Lose/Push":null,"Bryce":null,"Cory Bet Amount":null,"Cory Win/Lose/Push":null,"Cory":null,"JB Bet Amount":null,"JB Win/Lose/Push":null,"JB":null,"Ethan Bet Amount":null,"Ethan Win/Lose/Push":null,"Ethan":null,"Jaime Bet Amount":null,"Jaime Win/Lose/Push":null,"Jaime":null,"Nathan Bet Amount":null,"Nathan Win/Lose/Push":null,"Nathan":null,"Evan Bet Amount":null,"Evan Win/Lose/Push":null,"Evan":null,"Brandon Bet Amount":null,"Brandon Win/Lose/Push":null,"Brandon":null,"Total Team Bet":null,"Legends Bet":null,"Leaders Bet":null,"To Win":null,"Payout":null,"TOTALS":null,"Mitch Totals":null,"Phil Totals":null,"Bryce Totals":null,"Cory Totals":null,"JB Totals":null,"Ethan Totals":null},{"Week":"157","Date":"10/31/2025","Mitch Bet Amount":null,"Mitch Win/Lose/Push":null,"Mitch":null,"Phil Bet Amount":null,"Phil Win/Lose/Push":null,"Phil":null,"Bryce Bet Amount":null,"Bryce Win/Lose/Push":null,"Bryce":null,"Cory Bet Amount":null,"Cory Win/Lose/Push":null,"Cory":null,"JB Bet Amount":null,"JB Win/Lose/Push":null,"JB":null,"Ethan Bet Amount":null,"Ethan Win/Lose/Push":null,"Ethan":null,"Jaime Bet Amount":null,"Jaime Win/Lose/Push":null,"Jaime":null,"Nathan Bet Amount":null,"Nathan Win/Lose/Push":null,"Nathan":null,"Evan Bet Amount":null,"Evan Win/Lose/Push":null,"Evan":null,"Brandon Bet Amount":null,"Brandon Win/Lose/Push":null,"Brandon":null,"Total Team Bet":null,"Legends Bet":null,"Leaders Bet":null,"To Win":null,"Payout":null,"TOTALS":null,"Mitch Totals":null,"Phil Totals":null,"Bryce Totals":null,"Cory Totals":null,"JB Totals":null,"Ethan Totals":null},{"Week":"158","Date":"11/07/2025","Mitch Bet Amount":null,"Mitch Win/Lose/Push":null,"Mitch":null,"Phil Bet Amount":null,"Phil Win/Lose/Push":null,"Phil":null,"Bryce Bet Amount":null,"Bryce Win/Lose/Push":null,"Bryce":null,"Cory Bet Amount":null,"Cory Win/Lose/Push":null,"Cory":null,"JB Bet Amount":null,"JB Win/Lose/Push":null,"JB":null,"Ethan Bet Amount":null,"Ethan Win/Lose/Push":null,"Ethan":null,"Jaime Bet Amount":null,"Jaime Win/Lose/Push":null,"Jaime":null,"Nathan Bet Amount":null,"Nathan Win/Lose/Push":null,"Nathan":null,"Evan Bet Amount":null,"Evan Win/Lose/Push":null,"Evan":null,"Brandon Bet Amount":null,"Brandon Win/Lose/Push":null,"Brandon":null,"Total Team Bet":null,"Legends Bet":null,"Leaders Bet":null,"To Win":null,"Payout":null,"TOTALS":null,"Mitch Totals":null,"Phil Totals":null,"Bryce Totals":null,"Cory Totals":null,"JB Totals":null,"Ethan Totals":null},{"Week":"159","Date":"11/14/2025","Mitch Bet Amount":null,"Mitch Win/Lose/Push":null,"Mitch":null,"Phil Bet Amount":null,"Phil Win/Lose/Push":null,"Phil":null,"Bryce Bet Amount":null,"Bryce Win/Lose/Push":null,"Bryce":null,"Cory Bet Amount":null,"Cory Win/Lose/Push":null,"Cory":null,"JB Bet Amount":null,"JB Win/Lose/Push":null,"JB":null,"Ethan Bet Amount":null,"Ethan Win/Lose/Push":null,"Ethan":null,"Jaime Bet Amount":null,"Jaime Win/Lose/Push":null,"Jaime":null,"Nathan Bet Amount":null,"Nathan Win/Lose/Push":null,"Nathan":null,"Evan Bet Amount":null,"Evan Win/Lose/Push":null,"Evan":null,"Brandon Bet Amount":null,"Brandon Win/Lose/Push":null,"Brandon":null,"Total Team Bet":null,"Legends Bet":null,"Leaders Bet":null,"To Win":null,"Payout":null,"TOTALS":null,"Mitch Totals":null,"Phil Totals":null,"Bryce Totals":null,"Cory Totals":null,"JB Totals":null,"Ethan Totals":null},{"Week":"160","Date":"11/21/2025","Mitch Bet Amount":null,"Mitch Win/Lose/Push":null,"Mitch":null,"Phil Bet Amount":null,"Phil Win/Lose/Push":null,"Phil":null,"Bryce Bet Amount":null,"Bryce Win/Lose/Push":null,"Bryce":null,"Cory Bet Amount":null,"Cory Win/Lose/Push":null,"Cory":null,"JB Bet Amount":null,"JB Win/Lose/Push":null,"JB":null,"Ethan Bet Amount":null,"Ethan Win/Lose/Push":null,"Ethan":null,"Jaime Bet Amount":null,"Jaime Win/Lose/Push":null,"Jaime":null,"Nathan Bet Amount":null,"Nathan Win/Lose/Push":null,"Nathan":null,"Evan Bet Amount":null,"Evan Win/Lose/Push":null,"Evan":null,"Brandon Bet Amount":null,"Brandon Win/Lose/Push":null,"Brandon":null,"Total Team Bet":null,"Legends Bet":null,"Leaders Bet":null,"To Win":null,"Payout":null,"TOTALS":null,"Mitch Totals":null,"Phil Totals":null,"Bryce Totals":null,"Cory Totals":null,"JB Totals":null,"Ethan Totals":null},{"Week":"161","Date":"11/28/2025","Mitch Bet Amount":null,"Mitch Win/Lose/Push":null,"Mitch":null,"Phil Bet Amount":null,"Phil Win/Lose/Push":null,"Phil":null,"Bryce Bet Amount":null,"Bryce Win/Lose/Push":null,"Bryce":null,"Cory Bet Amount":null,"Cory Win/Lose/Push":null,"Cory":null,"JB Bet Amount":null,"JB Win/Lose/Push":null,"JB":null,"Ethan Bet Amount":null,"Ethan Win/Lose/Push":null,"Ethan":null,"Jaime Bet Amount":null,"Jaime Win/Lose/Push":null,"Jaime":null,"Nathan Bet Amount":null,"Nathan Win/Lose/Push":null,"Nathan":null,"Evan Bet Amount":null,"Evan Win/Lose/Push":null,"Evan":null,"Brandon Bet Amount":null,"Brandon Win/Lose/Push":null,"Brandon":null,"Total Team Bet":null,"Legends Bet":null,"Leaders Bet":null,"To Win":null,"Payout":null,"TOTALS":null,"Mitch Totals":null,"Phil Totals":null,"Bryce Totals":null,"Cory Totals":null,"JB Totals":null,"Ethan Totals":null},{"Week":"162","Date":"12/05/2025","Mitch Bet Amount":null,"Mitch Win/Lose/Push":null,"Mitch":null,"Phil Bet Amount":null,"Phil Win/Lose/Push":null,"Phil":null,"Bryce Bet Amount":null,"Bryce Win/Lose/Push":null,"Bryce":null,"Cory Bet Amount":null,"Cory Win/Lose/Push":null,"Cory":null,"JB Bet Amount":null,"JB Win/Lose/Push":null,"JB":null,"Ethan Bet Amount":null,"Ethan Win/Lose/Push":null,"Ethan":null,"Jaime Bet Amount":null,"Jaime Win/Lose/Push":null,"Jaime":null,"Nathan Bet Amount":null,"Nathan Win/Lose/Push":null,"Nathan":null,"Evan Bet Amount":null,"Evan Win/Lose/Push":null,"Evan":null,"Brandon Bet Amount":null,"Brandon Win/Lose/Push":null,"Brandon":null,"Total Team Bet":null,"Legends Bet":null,"Leaders Bet":null,"To Win":null,"Payout":null,"TOTALS":null,"Mitch Totals":null,"Phil Totals":null,"Bryce Totals":null,"Cory Totals":null,"JB Totals":null,"Ethan Totals":null},{"Week":"163","Date":"12/12/2025","Mitch Bet Amount":null,"Mitch Win/Lose/Push":null,"Mitch":null,"Phil Bet Amount":null,"Phil Win/Lose/Push":null,"Phil":null,"Bryce Bet Amount":null,"Bryce Win/Lose/Push":null,"Bryce":null,"Cory Bet Amount":null,"Cory Win/Lose/Push":null,"Cory":null,"JB Bet Amount":null,"JB Win/Lose/Push":null,"JB":null,"Ethan Bet Amount":null,"Ethan Win/Lose/Push":null,"Ethan":null,"Jaime Bet Amount":null,"Jaime Win/Lose/Push":null,"Jaime":null,"Nathan Bet Amount":null,"Nathan Win/Lose/Push":null,"Nathan":null,"Evan Bet Amount":null,"Evan Win/Lose/Push":null,"Evan":null,"Brandon Bet Amount":null,"Brandon Win/Lose/Push":null,"Brandon":null,"Total Team Bet":null,"Legends Bet":null,"Leaders Bet":null,"To Win":null,"Payout":null,"TOTALS":null,"Mitch Totals":null,"Phil Totals":null,"Bryce Totals":null,"Cory Totals":null,"JB Totals":null,"Ethan Totals":null},{"Week":"164","Date":"12/19/2025","Mitch Bet Amount":null,"Mitch Win/Lose/Push":null,"Mitch":null,"Phil Bet Amount":null,"Phil Win/Lose/Push":null,"Phil":null,"Bryce Bet Amount":null,"Bryce Win/Lose/Push":null,"Bryce":null,"Cory Bet Amount":null,"Cory Win/Lose/Push":null,"Cory":null,"JB Bet Amount":null,"JB Win/Lose/Push":null,"JB":null,"Ethan Bet Amount":null,"Ethan Win/Lose/Push":null,"Ethan":null,"Jaime Bet Amount":null,"Jaime Win/Lose/Push":null,"Jaime":null,"Nathan Bet Amount":null,"Nathan Win/Lose/Push":null,"Nathan":null,"Evan Bet Amount":null,"Evan Win/Lose/Push":null,"Evan":null,"Brandon Bet Amount":null,"Brandon Win/Lose/Push":null,"Brandon":null,"Total Team Bet":null,"Legends Bet":null,"Leaders Bet":null,"To Win":null,"Payout":null,"TOTALS":null,"Mitch Totals":null,"Phil Totals":null,"Bryce Totals":null,"Cory Totals":null,"JB Totals":null,"Ethan Totals":null},{"Week":"165","Date":"12/26/2025","Mitch Bet Amount":null,"Mitch Win/Lose/Push":null,"Mitch":null,"Phil Bet Amount":null,"Phil Win/Lose/Push":null,"Phil":null,"Bryce Bet Amount":null,"Bryce Win/Lose/Push":null,"Bryce":null,"Cory Bet Amount":null,"Cory Win/Lose/Push":null,"Cory":null,"JB Bet Amount":null,"JB Win/Lose/Push":null,"JB":null,"Ethan Bet Amount":null,"Ethan Win/Lose/Push":null,"Ethan":null,"Jaime Bet Amount":null,"Jaime Win/Lose/Push":null,"Jaime":null,"Nathan Bet Amount":null,"Nathan Win/Lose/Push":null,"Nathan":null,"Evan Bet Amount":null,"Evan Win/Lose/Push":null,"Evan":null,"Brandon Bet Amount":null,"Brandon Win/Lose/Push":null,"Brandon":null,"Total Team Bet":null,"Legends Bet":null,"Leaders Bet":null,"To Win":null,"Payout":null,"TOTALS":null,"Mitch Totals":null,"Phil Totals":null,"Bryce Totals":null,"Cory Totals":null,"JB Totals":null,"Ethan Totals":null},{"Week":"166","Date":"01/02/2026","Mitch Bet Amount":null,"Mitch Win/Lose/Push":null,"Mitch":null,"Phil Bet Amount":null,"Phil Win/Lose/Push":null,"Phil":null,"Bryce Bet Amount":null,"Bryce Win/Lose/Push":null,"Bryce":null,"Cory Bet Amount":null,"Cory Win/Lose/Push":null,"Cory":null,"JB Bet Amount":null,"JB Win/Lose/Push":null,"JB":null,"Ethan Bet Amount":null,"Ethan Win/Lose/Push":null,"Ethan":null,"Jaime Bet Amount":null,"Jaime Win/Lose/Push":null,"Jaime":null,"Nathan Bet Amount":null,"Nathan Win/Lose/Push":null,"Nathan":null,"Evan Bet Amount":null,"Evan Win/Lose/Push":null,"Evan":null,"Brandon Bet Amount":null,"Brandon Win/Lose/Push":null,"Brandon":null,"Total Team Bet":null,"Legends Bet":null,"Leaders Bet":null,"To Win":null,"Payout":null,"TOTALS":null,"Mitch Totals":null,"Phil Totals":null,"Bryce Totals":null,"Cory Totals":null,"JB Totals":null,"Ethan Totals":null},{"Week":"167","Date":"01/09/2026","Mitch Bet Amount":null,"Mitch Win/Lose/Push":null,"Mitch":null,"Phil Bet Amount":null,"Phil Win/Lose/Push":null,"Phil":null,"Bryce Bet Amount":null,"Bryce Win/Lose/Push":null,"Bryce":null,"Cory Bet Amount":null,"Cory Win/Lose/Push":null,"Cory":null,"JB Bet Amount":null,"JB Win/Lose/Push":null,"JB":null,"Ethan Bet Amount":null,"Ethan Win/Lose/Push":null,"Ethan":null,"Jaime Bet Amount":null,"Jaime Win/Lose/Push":null,"Jaime":null,"Nathan Bet Amount":null,"Nathan Win/Lose/Push":null,"Nathan":null,"Evan Bet Amount":null,"Evan Win/Lose/Push":null,"Evan":null,"Brandon Bet Amount":null,"Brandon Win/Lose/Push":null,"Brandon":null,"Total Team Bet":null,"Legends Bet":null,"Leaders Bet":null,"To Win":null,"Payout":null,"TOTALS":null,"Mitch Totals":null,"Phil Totals":null,"Bryce Totals":null,"Cory Totals":null,"JB Totals":null,"Ethan Totals":null}]
3:31:44 AM [express] GET /api/data 304 in 3ms :: [{"Week":"1","Date":"8/22/2025","Mitch Bet Amount":"$10","Mitch Win/Lose/Push":"Win","Mitch":"Kansas -14 (legends)","Mitch Resolved":"Fresno State University @ University of Kansas (University of Kansas -14)","Phil Bet Amount":"$25","Phil Win/Lose/Push":"Loss","Phil":"JB (legends)","Phil Resolved":"Tail JB","Bryce Bet Amount":"$5","Bryce Win/Lose/Push":"Loss","Bryce":"Stanford? +2.5 (legends)","Bryce Resolved":"Stanford University (Stanford University +2.5)","Cory Bet Amount":"$25","Cory Win/Lose/Push":"Win","Cory":"Rutgers over 47 (leaders)","Cory Resolved":"Rutgers University (Over 47)","JB Bet Amount":"$5","JB Win/Lose/Push":"Loss","JB":"kansas st over 52 (legends)","JB Resolved":"Fresno State University @ University of Kansas (University of Kansas -14)","Ethan Bet Amount":"$20","Ethan Win/Lose/Push":"Win","Ethan":"Mitch (legends)","Ethan Resolved":"Tail Mitch","Jaime Bet Amount":"$10","Jaime Win/Lose/Push":"Loss","Jaime":"UCF/Jax St Over 52.5 (legends)","Jaime Resolved":"Rutgers University (Over 47)","Nathan Bet Amount":"$5","Nathan Win/Lose/Push":"Loss","Nathan":"Universitario -0.5 (leaders)","Nathan Resolved":"Universitario (Universitario -0.5)","Evan Bet Amount":"$5","Evan Win/Lose/Push":"Loss","Evan":"Kansas State -3 (leaders)","Evan Resolved":"Fresno State University @ University of Kansas (University of Kansas -14)","Brandon Bet Amount":"$5","Brandon Win/Lose/Push":"Loss","Brandon":"KU/Fresno o50 (leaders)","Brandon Resolved":"University of Kansas @ Fresno State University (Over 50)","":"","Total Team Bet":"$115.00","Legends Bet":"$75.00","Leaders Bet":"$40.00","To Win":"","Payout":"","TOTALS":"Total Bet","Mitch Totals":"$205.00","Phil Totals":"$215.00","Bryce Totals":"$85.00","Cory Totals":"$105.00","JB Totals":"$135.00","Ethan Totals":"$130.00","Jaime Totals":"$140.00","Nate Totals":"$110.00","Evan Totals":"$135.00","Brandon Totals":"$110.00"},{"Week":"2","Date":"8/29/2025","Mitch Bet Amount":"$5","Mitch Win/Lose/Push":"Loss","Mitch":"Alabama -13.5 (legends)","Mitch Resolved":"University of Texas @ University of Alabama (University of Alabama -13.5)","Phil Bet Amount":"$25","Phil Win/Lose/Push":"Loss","Phil":"Mitch (legends)","Phil Resolved":"Tail Mitch","Bryce Bet Amount":"$10","Bryce Win/Lose/Push":"Win","Bryce":"Ohio st (legends)","Bryce Resolved":"Ohio State University (Ohio State University)","Cory Bet Amount":"$5","Cory Win/Lose/Push":"Win","Cory":"Maryland under  (leaders)","Cory Resolved":"University of Maryland (Under)","JB Bet Amount":"$10","JB Win/Lose/Push":"Loss","JB":"penn st under (legends)","JB Resolved":"University of Maryland (Under)","Ethan Bet Amount":"$5","Ethan Win/Lose/Push":"Win","Ethan":"Iowa under 50.5 (legends)","Ethan Resolved":"University of Maryland (Under)","Jaime Bet Amount":"$15","Jaime Win/Lose/Push":"Win","Jaime":"Tennessee -13.5 (legends)","Jaime Resolved":"University of Texas @ University of Alabama (University of Alabama -13.5)","Nathan Bet Amount":"$10","Nathan Win/Lose/Push":"Win","Nathan":"Padres -1.5 (leaders)","Nathan Resolved":"San Diego Padres (San Diego Padres -1.5)","Evan Bet Amount":"$10","Evan Win/Lose/Push":"Loss","Evan":"Texas +1.5 (leaders)","Evan Resolved":"University of Texas @ University of Alabama (University of Alabama -13.5)","Brandon Bet Amount":"$10","Brandon Win/Lose/Push":"Loss","Brandon":"Sinner -8.5 (leaders)","Brandon Resolved":"Jannik Sinner (Jannik Sinner -8.5)","":"","Total Team Bet":"$105.00","Legends Bet":"$70.00","Leaders Bet":"$35.00","To Win":"","Payout":"","TOTALS":"Total Wins","Mitch Totals":"4","Phil Totals":"5","Bryce Totals":"11","Cory Totals":"10","JB Totals":"6","Ethan Totals":"9","Jaime Totals":"7","Nate Totals":"8","Evan Totals":"7","Brandon Totals":"8"},{"Week":"3","Date":"9/5/2025","Mitch Bet Amount":"$10","Mitch Win/Lose/Push":"Loss","Mitch":"Ole Miss 1H (legends)","Mitch Resolved":"North Carolina State @ University of Mississippi (University of Mississippi -7, 1st Half)","Phil Bet Amount":"$25","Phil Win/Lose/Push":"Loss","Phil":"Ethan (legends)","Phil Resolved":"Tail Ethan","Bryce Bet Amount":"$5","Bryce Win/Lose/Push":"Win","Bryce":"Vikes","Bryce Resolved":"Minnesota Vikings (Minnesota Vikings)","Cory Bet Amount":"$5","Cory Win/Lose/Push":"Win","Cory":"MSU over (leaders)","Cory Resolved":"Michigan State University (Over)","JB Bet Amount":"$15","JB Win/Lose/Push":"Loss","JB":"Navy  (legends)","JB Resolved":"United States Naval Academy (United States Naval Academy)","Ethan Bet Amount":"$5","Ethan Win/Lose/Push":"Loss","Ethan":"USF vs Florida over (legends)","Ethan Resolved":"Michigan State University (Over)","Jaime Bet Amount":"$5","Jaime Win/Lose/Push":"Win","Jaime":"Illinois -2.5 (legends)","Jaime Resolved":"University of Illinois (University of Illinois -2.5)","Nathan Bet Amount":"$5","Nathan Win/Lose/Push":"Win","Nathan":"(NFL) Arizona -6.5 (leaders)","Nathan Resolved":"Arizona Cardinals (Arizona Cardinals -6.5)","Evan Bet Amount":"$15","Evan Win/Lose/Push":"Loss","Evan":"Iowa/ Iowa St over 43 (leaders)","Evan Resolved":"Michigan State University (Over)","Brandon Bet Amount":"$15","Brandon Win/Lose/Push":"Push","Brandon":"W US Open o22 games (leaders)","Brandon Resolved":"US Open (Over 22 Games)","":"","Total Team Bet":"$105.00","Legends Bet":"$60.00","Leaders Bet":"$40.00","To Win":"","Payout":"","TOTALS":"Total Losses","Mitch Totals":"10","Phil Totals":"7","Bryce Totals":"3","Cory Totals":"2","JB Totals":"8","Ethan Totals":"5","Jaime Totals":"7","Nate Totals":"6","Evan Totals":"6","Brandon Totals":"4"},{"Week":"4","Date":"9/12/25","Mitch Bet Amount":"$15","Mitch Win/Lose/Push":"Loss","Mitch":"Steelers (legends)","Mitch Resolved":"Cincinnati Bengals @ Pittsburgh Steelers (Pittsburgh Steelers)","Phil Bet Amount":"$25","Phil Win/Lose/Push":"Win","Phil":"Ethan (legends)","Phil Resolved":"Tail Ethan","Bryce Bet Amount":"$5","Bryce Win/Lose/Push":"Win","Bryce":"Texas A&M (legends)","Bryce Resolved":"Texas A&M University (Texas A&M University)","Cory Bet Amount":"$5","Cory Win/Lose/Push":"Win","Cory":"Eagles (leaders)","Cory Resolved":"Philadelphia Eagles (Philadelphia Eagles)","JB Bet Amount":"$20","JB Win/Lose/Push":"Win","JB":"Nate (legends)","JB Resolved":"Tail Nathan","Ethan Bet Amount":"$10","Ethan Win/Lose/Push":"Win","Ethan":"Texas tech -23 (legends)","Ethan Resolved":"Texas A&M University (Texas A&M University)","Jaime Bet Amount":"$5","Jaime Win/Lose/Push":"Loss","Jaime":"Oregon -26.5 (legends)","Jaime Resolved":"University of Oregon (University of Oregon -26.5)","Nathan Bet Amount":"$5","Nathan Win/Lose/Push":"Win","Nathan":"Rams -5.5 (leaders) ","Nathan Resolved":"Los Angeles Rams (Los Angeles Rams -5.5)","Evan Bet Amount":"$20","Evan Win/Lose/Push":"Push","Evan":"Georgia -3.5 (leaders) ","Evan Resolved":"University of Georgia (University of Georgia -3.5)","Brandon Bet Amount":"$15","Brandon Win/Lose/Push":"Win","Brandon":"Man City -0.75 (leaders) ","Brandon Resolved":"Manchester City (Manchester City -0.75)","":"","Total Team Bet":"$125.00","Legends Bet":"$80.00","Leaders Bet":"$45.00","To Win":"","Payout":"$325.00","TOTALS":"Total Pushes","Mitch Totals":"0","Phil Totals":"2","Bryce Totals":"0","Cory Totals":"2","JB Totals":"0","Ethan Totals":"0","Jaime Totals":"0","Nate Totals":"0","Evan Totals":"1","Brandon Totals":"2"},{"Week":"5","Date":"9/19/25","Mitch Bet Amount":"$20","Mitch Win/Lose/Push":"Loss","Mitch":"JB (legends)","Mitch Resolved":"Tail JB","Phil Bet Amount":"$5","Phil Win/Lose/Push":"Loss","Phil":"Fresno (leaders)","Phil Resolved":"Fresno State University (Fresno State University)","Bryce Bet Amount":"$5","Bryce Win/Lose/Push":"Win","Bryce":"South Carolina (legends)","Bryce Resolved":"University of South Carolina (University of South Carolina)","Cory Bet Amount":"$5","Cory Win/Lose/Push":"Win","Cory":"Indiana (legends)","Cory Resolved":"Indiana University (Indiana University)","JB Bet Amount":"$5","JB Win/Lose/Push":"Loss","JB":"ATL Falcons (legends)","JB Resolved":"Atlanta Falcons (Atlanta Falcons)","Ethan Bet Amount":"$5","Ethan Win/Lose/Push":"Loss","Ethan":"Texans (legends)","Ethan Resolved":"Houston Texans (Houston Texans)","Jaime Bet Amount":"$10","Jaime Win/Lose/Push":"Loss","Jaime":"Packers -7.5 (legends) ","Jaime Resolved":"Green Bay Packers (Green Bay Packers -7.5)","Nathan Bet Amount":"$5","Nathan Win/Lose/Push":"Loss","Nathan":"49ers -2.5 (leaders)","Nathan Resolved":"San Francisco 49ers (San Francisco 49ers -2.5)","Evan Bet Amount":"$20","Evan Win/Lose/Push":"Win","Evan":"Florida/Miami Under 50.5 (leaders)","Evan Resolved":"University of Florida @ University of Miami (Under 50.5)","Brandon Bet Amount":"$5","Brandon Win/Lose/Push":"Loss","Brandon":"Nebraska +1 (leaders)","Brandon Resolved":"University of Nebraska (University of Nebraska +1)","":"","Total Team Bet":"$85.00","Legends Bet":"$50.00","Leaders Bet":"$35.00","To Win":"","Payout":"","TOTALS":"Win Percentage","Mitch Totals":"28.57%","Phil Totals":"41.67%","Bryce Totals":"78.57%","Cory Totals":"83.33%","JB Totals":"42.86%","Ethan Totals":"64.29%","Jaime Totals":"50.00%","Nate Totals":"57.14%","Evan Totals":"53.85%","Brandon Totals":"66.67%"},{"Week":"6","Date":"9/26/25","Mitch Bet Amount":"$25","Mitch Win/Lose/Push":"Loss","Mitch":"Ethan (legends) ","Mitch Resolved":"Tail Ethan","Phil Bet Amount":"$10","Phil Win/Lose/Push":"Loss","Phil":"Alabama/Georgia over (leaders) ","Phil Resolved":"University of Alabama @ University of Georgia (Over)","Bryce Bet Amount":"$5","Bryce Win/Lose/Push":"Loss","Bryce":"Vikings (legends) ","Bryce Resolved":"Minnesota Vikings (Minnesota Vikings)","Cory Bet Amount":"$5","Cory Win/Lose/Push":"Win","Cory":"NW/UCLA under (legends) ","Cory Resolved":"Northwestern University @ University of California Los Angeles (Under)","JB Bet Amount":"$10","JB Win/Lose/Push":"Loss","JB":"San Fran 49ers (legends) ","JB Resolved":"San Francisco 49ers (San Francisco 49ers)","Ethan Bet Amount":"$10","Ethan Win/Lose/Push":"Loss","Ethan":"Georgia (legends) ","Ethan Resolved":"University of Alabama @ University of Georgia (Over)","Jaime Bet Amount":"$15","Jaime Win/Lose/Push":"Loss","Jaime":"PSU Under 53.5 (legends) ","Jaime Resolved":"Northwestern University @ University of California Los Angeles (Under)","Nathan Bet Amount":"$10","Nathan Win/Lose/Push":"Loss","Nathan":"Chargers -6.5 (leaders) ","Nathan Resolved":"Los Angeles Chargers (Los Angeles Chargers -6.5)","Evan Bet Amount":"$5","Evan Win/Lose/Push":"Win","Evan":"Colorado/BYU under 49.5 (leaders) ","Evan Resolved":"Northwestern University @ University of California Los Angeles (Under)","Brandon Bet Amount":"$10","Brandon Win/Lose/Push":"Win","Brandon":"(leaders) Iowa +8.5 ","Brandon Resolved":"University of Iowa (University of Iowa +8.5)","":"","Total Team Bet":"$105.00","Legends Bet":"$70.00","Leaders Bet":"$35.00","To Win":null,"Payout":null,"TOTALS":null,"Mitch Totals":null,"Phil Totals":null,"Bryce Totals":null,"Cory Totals":null,"JB Totals":null,"Ethan Totals":null,"Jaime Totals":null,"Nate Totals":null,"Evan Totals":null,"Brandon Totals":null},{"Week":"7","Date":"10/3/25","Mitch Bet Amount":"$25","Mitch Win/Lose/Push":"Loss","Mitch":"Miami/FSU over (leaders) ","Mitch Resolved":"University of Miami @ Florida State University (Over)","Phil Bet Amount":"$15","Phil Win/Lose/Push":"Loss","Phil":"Texas/Florida Under (leaders) ","Phil Resolved":"University of Texas @ University of Florida (Under)","Bryce Bet Amount":"$10","Bryce Win/Lose/Push":"Win","Bryce":"Vikings Again? (legends) ","Bryce Resolved":"Minnesota Vikings (Minnesota Vikings)","Cory Bet Amount":"$5","Cory Win/Lose/Push":"Win","Cory":"Lions if below 10.5 (legends) ","Cory Resolved":"Detroit Lions (if below 10.5)","JB Bet Amount":"$15","JB Win/Lose/Push":"Win","JB":"Illinois (leaders) ","JB Resolved":"University of Illinois (University of Illinois)","Ethan Bet Amount":"$15","Ethan Win/Lose/Push":"Loss","Ethan":"Cal (legends) ","Ethan Resolved":"University of California Berkeley (University of California Berkeley)","Jaime Bet Amount":"$20","Jaime Win/Lose/Push":"Win","Jaime":"Texas Tech -11.5 (leaders) ","Jaime Resolved":"University of Texas @ University of Florida (Under)","Nathan Bet Amount":"$15","Nathan Win/Lose/Push":"Win","Nathan":"Tail Cory (legends) ","Nathan Resolved":"Tail Cory (legends)","Evan Bet Amount":"$5","Evan Win/Lose/Push":"Loss","Evan":"Texas -5.5 (legends) ","Evan Resolved":"University of Texas @ University of Florida (Under)","Brandon Bet Amount":"$5","Brandon Win/Lose/Push":"Win","Brandon":"Wisconsin +17.5 (legends) ","Brandon Resolved":"University of Wisconsin (University of Wisconsin +17.5)","":"","Total Team Bet":"$130.00","Legends Bet":"$55.00","Leaders Bet":"$75.00","To Win":null,"Payout":null,"TOTALS":null,"Mitch Totals":null,"Phil Totals":null,"Bryce Totals":null,"Cory Totals":null,"JB Totals":null,"Ethan Totals":null,"Jaime Totals":null,"Nate Totals":null,"Evan Totals":null,"Brandon Totals":null},{"Week":"8","Date":"10/10/25","Mitch Bet Amount":"$25","Mitch Win/Lose/Push":"Loss","Mitch":"Oregon (quack quack quack) (leaders)  ","Mitch Resolved":"University of Washington @ University of Oregon (University of Oregon)","Phil Bet Amount":"$20","Phil Win/Lose/Push":"Push","Phil":"Minnesota (leaders)  ","Phil Resolved":"University of Minnesota (University of Minnesota)","Bryce Bet Amount":"$5","Bryce Win/Lose/Push":"Loss","Bryce":"Lions  (legends) ","Bryce Resolved":"Detroit Lions (Detroit Lions)","Cory Bet Amount":"$5","Cory Win/Lose/Push":"Push","Cory":"Bama (legends)  ","Cory Resolved":"University of Alabama (University of Alabama)","JB Bet Amount":"$5","JB Win/Lose/Push":"Loss","JB":"unlv (leaders)  ","JB Resolved":"University of Nevada Las Vegas (University of Nevada Las Vegas)","Ethan Bet Amount":"$20","Ethan Win/Lose/Push":"Win","Ethan":"Brandon (legends)  ","Ethan Resolved":"Tail Brandon","Jaime Bet Amount":"$5","Jaime Win/Lose/Push":"Win","Jaime":"Texas A&M -7.5 (legends)  ","Jaime Resolved":"Texas A&M University (Texas A&M University -7.5)","Nathan Bet Amount":"$5","Nathan Win/Lose/Push":"Loss","Nathan":"Bills -4.5 (legends) ","Nathan Resolved":"Buffalo Bills (Buffalo Bills -4.5)","Evan Bet Amount":"$10","Evan Win/Lose/Push":"Win","Evan":"Pitt +10 (leaders)  ","Evan Resolved":"University of Pittsburgh (University of Pittsburgh +10)","Brandon Bet Amount":"$5","Brandon Win/Lose/Push":"Win","Brandon":"USC -2.5 (legends)  ","Brandon Resolved":"University of Southern California (University of Southern California -2.5)","":"","Total Team Bet":"$105.00","Legends Bet":"$45.00","Leaders Bet":"$60.00","To Win":null,"Payout":null,"TOTALS":null,"Mitch Totals":null,"Phil Totals":null,"Bryce Totals":null,"Cory Totals":null,"JB Totals":null,"Ethan Totals":null,"Jaime Totals":null,"Nate Totals":null,"Evan Totals":null,"Brandon Totals":null},{"Week":"9","Date":"10/17/25","Mitch Bet Amount":"$25","Mitch Win/Lose/Push":"Win","Mitch":"Bryce (leaders)","Mitch Resolved":"Tail Bryce","Phil Bet Amount":"$20","Phil Win/Lose/Push":"Push","Phil":"Notre Dame (leaders) ","Phil Resolved":"University of Notre Dame (University of Notre Dame)","Bryce Bet Amount":"$10","Bryce Win/Lose/Push":"Win","Bryce":"Missouri -1 (buy the half point, still -120)😉 (legends) ","Bryce Resolved":"University of Missouri (University of Missouri -1)","Cory Bet Amount":"$5","Cory Win/Lose/Push":"Win","Cory":"Bears (legends) ","Cory Resolved":"Chicago Bears (Chicago Bears)","JB Bet Amount":"$10","JB Win/Lose/Push":"Loss","JB":"texas tech (leaders) ","JB Resolved":"Texas Tech University (Texas Tech University)","Ethan Bet Amount":"$5","Ethan Win/Lose/Push":"Loss","Ethan":"Nebraska (legends) ","Ethan Resolved":"University of Nebraska (University of Nebraska)","Jaime Bet Amount":"$5","Jaime Win/Lose/Push":"Win","Jaime":"Indiana Over 49.5 (legends) ","Jaime Resolved":"Indiana University (Over 49.5)","Nathan Bet Amount":"$10","Nathan Win/Lose/Push":"Win","Nathan":"Patriots -7 (legends) ","Nathan Resolved":"New England Patriots (New England Patriots -7)","Evan Bet Amount":"$5","Evan Win/Lose/Push":"Loss","Evan":"Texas Tech -7.5 (leaders) ","Evan Resolved":"Texas Tech University (Texas Tech University)","Brandon Bet Amount":"$5","Brandon Win/Lose/Push":"Loss","Brandon":"LSU +2.5 (legends) ","Brandon Resolved":"Louisiana State University (Louisiana State University +2.5)","":"","Total Team Bet":"$100.00","Legends Bet":"$40.00","Leaders Bet":"$60.00","To Win":null,"Payout":null,"TOTALS":null,"Mitch Totals":null,"Phil Totals":null,"Bryce Totals":null,"Cory Totals":null,"JB Totals":null,"Ethan Totals":null,"Jaime Totals":null,"Nate Totals":null,"Evan Totals":null,"Brandon Totals":null},{"Week":"10","Date":"10/24/25","Mitch Bet Amount":"$5","Mitch Win/Lose/Push":"Loss","Mitch":"USF (leaders) ","Mitch Resolved":"San Jose State University @ University of South Florida (University of South Florida)","Phil Bet Amount":"$20","Phil Win/Lose/Push":"Win","Phil":"Texas A&M/LSU Over (leaders) ","Phil Resolved":"Texas A&M University @ Louisiana State University (Over)","Bryce Bet Amount":"$5","Bryce Win/Lose/Push":"Win","Bryce":"BYU (legends) ","Bryce Resolved":"Brigham Young University (Brigham Young University)","Cory Bet Amount":"$5","Cory Win/Lose/Push":"Loss","Cory":"Bama (legends)  ","Cory Resolved":"University of Alabama (University of Alabama)","JB Bet Amount":"$15","JB Win/Lose/Push":"Win","JB":"southern miss (leaders) ","JB Resolved":"University of Southern Mississippi (University of Southern Mississippi)","Ethan Bet Amount":"$10","Ethan Win/Lose/Push":"Win","Ethan":"Oklahoma vs ole miss over (legends) ","Ethan Resolved":"Texas A&M University @ Louisiana State University (Over)","Jaime Bet Amount":"$5","Jaime Win/Lose/Push":"Loss","Jaime":"UCLA +26 (legends) ","Jaime Resolved":"University of California Los Angeles (University of California Los Angeles +26)","Nathan Bet Amount":"$5","Nathan Win/Lose/Push":"Win","Nathan":"Chiefs -11.5 (legends) ","Nathan Resolved":"Kansas City Chiefs (Kansas City Chiefs -11.5)","Evan Bet Amount":"$10","Evan Win/Lose/Push":"Win","Evan":"Ole Miss +5.5 (leaders) ","Evan Resolved":"University of Southern Mississippi (University of Southern Mississippi)","Brandon Bet Amount":"$10","Brandon Win/Lose/Push":"Win","Brandon":"IF(Man City > -120, Man City, MSU +13.5) (legends) ","Brandon Resolved":"Kansas City Chiefs (Kansas City Chiefs -11.5)","":"","Total Team Bet":"$90.00","Legends Bet":"$40.00","Leaders Bet":"$50.00","To Win":null,"Payout":null,"TOTALS":null,"Mitch Totals":null,"Phil Totals":null,"Bryce Totals":null,"Cory Totals":null,"JB Totals":null,"Ethan Totals":null,"Jaime Totals":null,"Nate Totals":null,"Evan Totals":null,"Brandon Totals":null},{"Week":"11","Date":"10/31/25","Mitch Bet Amount":"$10","Mitch Win/Lose/Push":"Loss","Mitch":"georgia tech - tail JB (leaders)","Mitch Resolved":"Tail georgia tech - JB (leaders)","Phil Bet Amount":"$5","Phil Win/Lose/Push":"Win","Phil":"Utah (leaders)","Phil Resolved":"University of Utah (University of Utah)","Bryce Bet Amount":"$5","Bryce Win/Lose/Push":"Win","Bryce":"Timothy Cuamba (legends)","Bryce Resolved":"Timothy Cuamba (Timothy Cuamba)","Cory Bet Amount":"$10","Cory Win/Lose/Push":"Loss","Cory":"(legends) Patriots  ","Cory Resolved":"New England Patriots (New England Patriots)","JB Bet Amount":"$5","JB Win/Lose/Push":"Loss","JB":"(leaders) Georgia tech","JB Resolved":"Georgia Institute of Technology (Georgia Institute of Technology)","Ethan Bet Amount":"$5","Ethan Win/Lose/Push":"Win","Ethan":"Indiana (legends)","Ethan Resolved":"Indiana University (Indiana University)","Jaime Bet Amount":"$10","Jaime Win/Lose/Push":"Loss","Jaime":"MIA/SMU Over (legends)","Jaime Resolved":"University of Miami @ Southern Methodist University (Over)","Nathan Bet Amount":"$5","Nathan Win/Lose/Push":"Loss","Nathan":"KC -1.5 (legends) ","Nathan Resolved":"Kansas City Chiefs (Kansas City Chiefs -1.5)","Evan Bet Amount":"$5","Evan Win/Lose/Push":"Win","Evan":"Oklahoma+2.5 (leaders)","Evan Resolved":"University of Oklahoma (University of Oklahoma +2.5)","Brandon Bet Amount":"$5","Brandon Win/Lose/Push":"Push","Brandon":"Texas -3.5 (legends)","Brandon Resolved":"University of Texas (University of Texas -3.5)","":"","Total Team Bet":"$65.00","Legends Bet":"$40.00","Leaders Bet":"$25.00","To Win":null,"Payout":null,"TOTALS":null,"Mitch Totals":null,"Phil Totals":null,"Bryce Totals":null,"Cory Totals":null,"JB Totals":null,"Ethan Totals":null,"Jaime Totals":null,"Nate Totals":null,"Evan Totals":null,"Brandon Totals":null},{"Week":"12","Date":"11/7/25","Mitch Bet Amount":"$15","Mitch Win/Lose/Push":"Win","Mitch":"Wake Forest  (leaders) ","Mitch Resolved":"Stanford University @ Wake Forest University (Wake Forest University)","Phil Bet Amount":"$5","Phil Win/Lose/Push":"Loss","Phil":"Oregon (leaders) ","Phil Resolved":"University of Oregon (University of Oregon)","Bryce Bet Amount":"$5","Bryce Win/Lose/Push":"Win","Bryce":"(legends) UL LAFAYETTE ","Bryce Resolved":"University of Louisiana Lafayette (University of Louisiana Lafayette)","Cory Bet Amount":"$15","Cory Win/Lose/Push":"Win","Cory":"Wash/wi under (legends) ","Cory Resolved":"University of Washington @ University of Wisconsin (Under)","JB Bet Amount":"$10","JB Win/Lose/Push":"Win","JB":"stanford under (leaders) ","JB Resolved":"Stanford University @ Wake Forest University (Wake Forest University)","Ethan Bet Amount":"$5","Ethan Win/Lose/Push":"Win","Ethan":"Vandy (legends) ","Ethan Resolved":"Vanderbilt University (Vanderbilt University)","Jaime Bet Amount":"$15","Jaime Win/Lose/Push":"Win","Jaime":"Texas A&M -6.5 (leaders) ","Jaime Resolved":"Texas A&M University (Texas A&M University -6.5)","Nathan Bet Amount":"$10","Nathan Win/Lose/Push":"Win","Nathan":"LAR (legends) ","Nathan Resolved":"Los Angeles Rams (Los Angeles Rams)","Evan Bet Amount":"$5","Evan Win/Lose/Push":"Loss","Evan":"BYU +12 (legends) ","Evan Resolved":"Brigham Young University (Brigham Young University +12)","Brandon Bet Amount":"$5","Brandon Win/Lose/Push":"Win","Brandon":"Penn State (legends) ","Brandon Resolved":"Penn State University (Penn State University)","":"","Total Team Bet":"$90.00","Legends Bet":"$45.00","Leaders Bet":"$45.00","To Win":null,"Payout":null,"TOTALS":null,"Mitch Totals":null,"Phil Totals":null,"Bryce Totals":null,"Cory Totals":null,"JB Totals":null,"Ethan Totals":null,"Jaime Totals":null,"Nate Totals":null,"Evan Totals":null,"Brandon Totals":null},{"Week":"13","Date":"11/14/25","Mitch Bet Amount":"$5","Mitch Win/Lose/Push":"Loss","Mitch":"San Jose St. (leaders)","Mitch Resolved":"University of Nevada Las Vegas @ San Jose State University (San Jose State University)","Phil Bet Amount":"$10","Phil Win/Lose/Push":"Win","Phil":"Penn State (leaders) ","Phil Resolved":"University of Nevada Las Vegas @ San Jose State University (San Jose State University)","Bryce Bet Amount":"$5","Bryce Win/Lose/Push":"Win","Bryce":"(legends) Arizona ","Bryce Resolved":"University of Arizona (University of Arizona)","Cory Bet Amount":"$5","Cory Win/Lose/Push":"Push","Cory":"(legends) Ravens  ","Cory Resolved":"Baltimore Ravens (Baltimore Ravens)","JB Bet Amount":"$5","JB Win/Lose/Push":"Win","JB":"(leaders) Iowa under ","JB Resolved":"University of Iowa (Under)","Ethan Bet Amount":"$5","Ethan Win/Lose/Push":"Win","Ethan":"Georgia (legends) ","Ethan Resolved":"University of Georgia (University of Georgia)","Jaime Bet Amount":"$5","Jaime Win/Lose/Push":"Win","Jaime":"Texas A&M/SC Over (legends) ","Jaime Resolved":"Texas A&M University @ University of South Carolina (Over)","Nathan Bet Amount":"$5","Nathan Win/Lose/Push":"Loss","Nathan":"Texans (legends) ","Nathan Resolved":"Houston Texans (Houston Texans)","Evan Bet Amount":"$10","Evan Win/Lose/Push":"Win","Evan":"BYU -3 (leaders) ","Evan Resolved":"Brigham Young University (Brigham Young University -3)","Brandon Bet Amount":"$5","Brandon Win/Lose/Push":"Win","Brandon":"Northwestern +11.5 (legends) ","Brandon Resolved":"Northwestern University (Northwestern University +11.5)","":"","Total Team Bet":"$60.00","Legends Bet":"$30.00","Leaders Bet":"$30.00","To Win":null,"Payout":null,"TOTALS":null,"Mitch Totals":null,"Phil Totals":null,"Bryce Totals":null,"Cory Totals":null,"JB Totals":null,"Ethan Totals":null,"Jaime Totals":null,"Nate Totals":null,"Evan Totals":null,"Brandon Totals":null},{"Week":"14","Date":"11/21/25","Mitch Bet Amount":"$10","Mitch Win/Lose/Push":"Win","Mitch":"Bryce (leaders)","Mitch Resolved":"Tail Bryce","Phil Bet Amount":"$5","Phil Win/Lose/Push":"Win","Phil":"Michigan (leaders)","Phil Resolved":"University of Michigan (University of Michigan)","Bryce Bet Amount":"$5","Bryce Win/Lose/Push":"Win","Bryce":"Duke (legends)","Bryce Resolved":"Duke University (Duke University)","Cory Bet Amount":"$5","Cory Win/Lose/Push":"Win","Cory":"Utah KSU. Over (legends)","Cory Resolved":"Kansas State University @ University of Utah (Over)","JB Bet Amount":"$5","JB Win/Lose/Push":"Win","JB":"Brandon (leaders)","JB Resolved":"Tail Brandon","Ethan Bet Amount":"$5","Ethan Win/Lose/Push":"Win","Ethan":"Bengals (legends)","Ethan Resolved":"Cincinnati Bengals (Cincinnati Bengals)","Jaime Bet Amount":"$5","Jaime Win/Lose/Push":"Loss","Jaime":"Texas A&M/Samford Over (legends)","Jaime Resolved":"Kansas State University @ University of Utah (Over)","Nathan Bet Amount":"$10","Nathan Win/Lose/Push":"Win","Nathan":"Rams (legends)","Nathan Resolved":"Los Angeles Rams (Los Angeles Rams)","Evan Bet Amount":"$5","Evan Win/Lose/Push":"Win","Evan":"Tennessee -4 (leaders)","Evan Resolved":"University of Tennessee (University of Tennessee -4)","Brandon Bet Amount":"$5","Brandon Win/Lose/Push":"Win","Brandon":"BYU (legends)","Brandon Resolved":"Brigham Young University (Brigham Young University)","":"","Total Team Bet":"$60.00","Legends Bet":"$35.00","Leaders Bet":"$25.00","To Win":"","Payout":"$87.38","TOTALS":null,"Mitch Totals":null,"Phil Totals":null,"Bryce Totals":null,"Cory Totals":null,"JB Totals":null,"Ethan Totals":null,"Jaime Totals":null,"Nate Totals":null,"Evan Totals":null,"Brandon Totals":null},{"Week":"15","Date":"11/28/25","Mitch Bet Amount":"$5","Mitch Win/Lose/Push":"W","Mitch":"Alabama -110 (leaders)","Mitch Resolved":"Alabama Crimson Tide @ Auburn Tigers (Alabama Crimson Tide -5)","Phil Bet Amount":"$5","Phil Win/Lose/Push":"W","Phil":"Oregon (leaders) ","Phil Resolved":"Oregon Ducks @ Washington Huskies","Bryce Bet Amount":"$5","Bryce Win/Lose/Push":"L","Bryce":"vikes (NFL) (legends)","Bryce Resolved":"Minnesota Vikings @ Seattle Seahawks (Minnesota Vikings +11.5)","Cory Bet Amount":"$5","Cory Win/Lose/Push":"W","Cory":"houston (NCAAF) (legends)","Cory Resolved":"Houston Cougars @ Baylor Bears (Houston Cougars +2.5)","JB Bet Amount":"$5","JB Win/Lose/Push":"W","JB":"NW/Illinois under (leaders) (leaders)","JB Resolved":"Northwestern Wildcats @ Illinois Fighting Illini (Under 45.5)","Ethan Bet Amount":"$5","Ethan Win/Lose/Push":"W","Ethan":"ohio state -110 (legends)","Ethan Resolved":"Ohio State Buckeyes @ Michigan Wolverines (Ohio State Buckeyes -9.5)","Jaime Bet Amount":"$10","Jaime Win/Lose/Push":"L","Jaime":"OK/LSU Over -110 (leaders)","Jaime Resolved":"LSU Tigers @ Oklahoma Sooners (Over 36.5)","Nathan Bet Amount":"$5","Nathan Win/Lose/Push":"L","Nathan":"Browns  -110 (legends)","Nathan Resolved":"San Francisco 49ers @ Cleveland Browns (Cleveland Browns +6)","Evan Bet Amount":"$5","Evan Win/Lose/Push":"L","Evan":"Pitt +7 (NCAAF) (legends)","Evan Resolved":"Miami Hurricanes @ Pittsburgh Panthers (Pittsburgh Panthers +7)","Brandon Bet Amount":"$5","Brandon Win/Lose/Push":"W","Brandon":"Ethan (legends)","Brandon Resolved":"Ethan","":"","Total Team Bet":"$30.00","Legends Bet":"$0.00","Leaders Bet":"$0.00","To Win":null,"Payout":null,"TOTALS":null,"Mitch Totals":null,"Phil Totals":null,"Bryce Totals":null,"Cory Totals":null,"JB Totals":null,"Ethan Totals":null,"Jaime Totals":null,"Nate Totals":null,"Evan Totals":null,"Brandon Totals":null},{"Week":"16","Date":"12/5/25","Mitch Bet Amount":"$5","Mitch Win/Lose/Push":"W","Mitch":"Louisville | -4.5 (NCAAB) (leaders)","Mitch Resolved":"Indiana Hoosiers @ Louisville Cardinals (Louisville Cardinals -4.5)","Phil Bet Amount":"$5","Phil Win/Lose/Push":"W","Phil":"Miami-Ohio | under 43 (NCAAF) (leaders)","Phil Resolved":"Miami (OH) RedHawks @ Western Michigan Broncos (Under 43)","Bryce Bet Amount":"$10","Bryce Win/Lose/Push":"W","Bryce":"Georgia | -2 (NCAAF) (legends)","Bryce Resolved":"Georgia Bulldogs @ Alabama Crimson Tide (Georgia Bulldogs -2)","Cory Bet Amount":"$5","Cory Win/Lose/Push":"L","Cory":"Virginia | -4 (NCAAF) (legends)","Cory Resolved":"Duke Blue Devils @ Virginia Cavaliers (Virginia Cavaliers -4)","JB Bet Amount":"$5","JB Win/Lose/Push":"L","JB":"montana/montana st over 53.5","JB Resolved":"montana @ montana st (Over 53.5)","Ethan Bet Amount":"$5","Ethan Win/Lose/Push":"W","Ethan":"Jaguars | +2 (NFL) (legends)","Ethan Resolved":"Indianapolis Colts @ Jacksonville Jaguars (Jacksonville Jaguars +2)","Jaime Bet Amount":"$15","Jaime Win/Lose/Push":"L","Jaime":"Packers/Bears | under 44 (NFL) (leaders)","Jaime Resolved":"Chicago Bears @ Green Bay Packers (Under 44)","Nathan Bet Amount":"$10","Nathan Win/Lose/Push":"W","Nathan":"Texans | +3.5 (NFL) (legends)","Nathan Resolved":"Houston Texans @ Kansas City Chiefs (Houston Texans +3.5)","Evan Bet Amount":"$10","Evan Win/Lose/Push":"L","Evan":"Georgia Alabama | under 48 (NCAAF) (legends)","Evan Resolved":"Georgia Bulldogs @ Alabama Crimson Tide (Under 48)","Brandon Bet Amount":"$5","Brandon Win/Lose/Push":"L","Brandon":"OSU | -3 (NCAAF) (legends)","Brandon Resolved":"Indiana Hoosiers @ Ohio State Buckeyes (Ohio State Buckeyes -3)","":"","Total Team Bet":"$0.00","Legends Bet":"$0.00","Leaders Bet":"$0.00","To Win":null,"Payout":null,"TOTALS":null,"Mitch Totals":null,"Phil Totals":null,"Bryce Totals":null,"Cory Totals":null,"JB Totals":null,"Ethan Totals":null,"Jaime Totals":null,"Nate Totals":null,"Evan Totals":null,"Brandon Totals":null},{"Week":"17","Date":"12/12/2025","Mitch Bet Amount":"$5","Mitch Win/Lose/Push":"L","Mitch":"Navy -6 (leaders)","Mitch Resolved":"(Navy -6)","Phil Bet Amount":"$5","Phil Win/Lose/Push":"W","Phil":"Army/Navy Under 38 (leaders)","Phil Resolved":"(Under 38)","Bryce Bet Amount":"$5","Bryce Win/Lose/Push":"W","Bryce":"Brandon (legends)","Bryce Resolved":"Tail Brandon","Cory Bet Amount":"$10","Cory Win/Lose/Push":"L","Cory":"Houston/az under 42.5 (legends)","Cory Resolved":"Houston Texans Arizona Cardinals (Under 42.5)","JB Bet Amount":"$5","JB Win/Lose/Push":"P","JB":"zaga -10 (leaders)","JB Resolved":"UCLA Bruins @ Gonzaga Bulldogs (Gonzaga -10)","Ethan Bet Amount":"$5","Ethan Win/Lose/Push":"L","Ethan":"Creighton -4 (legends)","Ethan Resolved":"Kansas St. Wildcats @ Creighton Bluejays (Creighton -4)","Jaime Bet Amount":"$20","Jaime Win/Lose/Push":"W","Jaime":"Packers/Broncos Over 43 (leaders)","Jaime Resolved":"Green Bay Packers Denver Broncos (Over 43)","Nathan Bet Amount":"$5","Nathan Win/Lose/Push":"L","Nathan":"Packers -2 (legends)","Nathan Resolved":"Green Bay Packers Denver Broncos (Green Bay Packers -2)","Evan Bet Amount":"$15","Evan Win/Lose/Push":"W","Evan":"Michigan St Penn St under 145 (legends)","Evan Resolved":"Michigan St. Spartans Penn State Nittany Lions (Under 145)","Brandon Bet Amount":"$10","Brandon Win/Lose/Push":"W","Brandon":"Man City -.5 (legends)","Brandon Resolved":"Crystal Palace F.C. @ Manchester City Football Club (Manchester City -.5)","":null,"Total Team Bet":null,"Legends Bet":null,"Leaders Bet":null,"To Win":null,"Payout":null,"TOTALS":null,"Mitch Totals":null,"Phil Totals":null,"Bryce Totals":null,"Cory Totals":null,"JB Totals":null,"Ethan Totals":null,"Jaime Totals":null,"Nate Totals":null,"Evan Totals":null,"Brandon Totals":null},{"Week":"18","Date":"12/19/2025","Mitch Bet Amount":"$10","Mitch Win/Lose/Push":"L","Mitch":"unc | -3.5 (NCAAB) (leaders)","Mitch Resolved":"Ohio State Buckeyes @ North Carolina Tar Heels (North Carolina Tar Heels -3.5)","Phil Bet Amount":"$5","Phil Win/Lose/Push":"L","Phil":"Utah State/Wash State | Under 50 (NCAAF) (legends)","Phil Resolved":"Washington State Cougars @ Utah State Aggies (Under 50)","Bryce Bet Amount":"$5","Bryce Win/Lose/Push":"L","Bryce":"Utah State | -1 (NCAAF) (legends)","Bryce Resolved":"Washington State Cougars @ Utah State Aggies (Utah State Aggies -1)","Cory Bet Amount":"$15","Cory Win/Lose/Push":"W","Cory":"Unlv/Ohio under | under 65.5 (NCAAF) (legends)","Cory Resolved":"Unlv/Ohio under (Under 65.5)","JB Bet Amount":"$5","JB Win/Lose/Push":"W","JB":"montana/montana st over 53.5","JB Resolved":"Montana Grizzlies @ Montana State Bobcats (Over 53.5)","Ethan Bet Amount":"$10","Ethan Win/Lose/Push":"W","Ethan":"Gophers | -2 (NCAAF) (legends)","Ethan Resolved":"New Mexico Lobos @ Minnesota Golden Gophers (Minnesota Golden Gophers -2)","Jaime Bet Amount":"$5","Jaime Win/Lose/Push":"W","Jaime":"49ers | -5.5 (NFL) (leaders)","Jaime Resolved":"San Francisco 49ers @ Indianapolis Colts (San Francisco 49ers -5.5)","Nathan Bet Amount":"$10","Nathan Win/Lose/Push":"W","Nathan":"Vikes | -2.5 (NFL) (legends)","Nathan Resolved":"Minnesota Vikings @ New York Giants (Minnesota Vikings -2.5)","Evan Bet Amount":"$5","Evan Win/Lose/Push":"W","Evan":"TAM Miami | under 48 (NCAAF) (leaders)","Evan Resolved":"Miami Hurricanes @ Texas A&M Aggies (Under 48)","Brandon Bet Amount":"$5","Brandon Win/Lose/Push":"L","Brandon":"TAM | -3 (NCAAF) (legends)","Brandon Resolved":"TAM (TAM -3)","":null,"Total Team Bet":null,"Legends Bet":null,"Leaders Bet":null,"To Win":null,"Payout":null,"TOTALS":null,"Mitch Totals":null,"Phil Totals":null,"Bryce Totals":null,"Cory Totals":null,"JB Totals":null,"Ethan Totals":null,"Jaime Totals":null,"Nate Totals":null,"Evan Totals":null,"Brandon Totals":null},{"Week":"19","Date":"12/26/2025","Mitch Bet Amount":"$15","Mitch Win/Lose/Push":"W","Mitch":"Navy | -7 (NCAAF) (leaders)","Mitch Resolved":"Navy Midshipmen @ Cincinnati Bearcats (Navy Midshipmen -7)","Phil Bet Amount":"$10","Phil Win/Lose/Push":"L","Phil":"North Texas / San Diego St | Under 52.5 (NCAAF) (leaders)","Phil Resolved":"North Texas Mean Green @ San Diego State Aztecs (Under 52.5)","Bryce Bet Amount":"$10","Bryce Win/Lose/Push":"L","Bryce":"Arizona | +7 (NFL) (legends)","Bryce Resolved":"Arizona Cardinals @ Cincinnati Bengals (Arizona Cardinals +7)","Cory Bet Amount":"$5","Cory Win/Lose/Push":"W","Cory":"Oregon/tt | under 52.5 (NCAAF) (legends)","Cory Resolved":"Oregon @ tt (Under 52.5)","JB Bet Amount":"$5","JB Win/Lose/Push":"L","JB":"Vandy Baby! | -4.5 (NCAAF) (leaders)","JB Resolved":"Vandy Baby! (Vandy Baby! -4.5)","Ethan Bet Amount":"$5","Ethan Win/Lose/Push":"L","Ethan":"Georgia | -6 (NCAAF) (legends)","Ethan Resolved":"Georgia Tech Yellow Jackets @ BYU Cougars (Georgia Tech Yellow Jackets -6)","Jaime Bet Amount":"$5","Jaime Win/Lose/Push":"W","Jaime":"49ers | -3 (NFL) (leaders)","Jaime Resolved":"Chicago Bears @ San Francisco 49ers (San Francisco 49ers -3)","Nathan Bet Amount":"$5","Nathan Win/Lose/Push":"L","Nathan":"Packers | -3 (NFL) (legends)","Nathan Resolved":"Baltimore Ravens @ Green Bay Packers (Green Bay Packers -3)","Evan Bet Amount":"$5","Evan Win/Lose/Push":"L","Evan":"texas tech | +2 (NCAAF) (legends)","Evan Resolved":"Oregon Ducks @ Texas Tech Red Raiders (Texas Tech Red Raiders +2)","Brandon Bet Amount":"$10","Brandon Win/Lose/Push":"W","Brandon":"Texans | +2 (NFL) (legends)","Brandon Resolved":"Houston Texans @ Los Angeles Chargers (Houston Texans +2)","":null,"Total Team Bet":null,"Legends Bet":null,"Leaders Bet":null,"To Win":null,"Payout":null,"TOTALS":null,"Mitch Totals":null,"Phil Totals":null,"Bryce Totals":null,"Cory Totals":null,"JB Totals":null,"Ethan Totals":null,"Jaime Totals":null,"Nate Totals":null,"Evan Totals":null,"Brandon Totals":null},{"Week":"20","Date":"01/02/2026","Mitch Bet Amount":"$5","Mitch Win/Lose/Push":"W","Mitch":"Alabama (NCAAB) (leaders)","Mitch Resolved":"Kentucky Wildcats @ Alabama Crimson Tide (Alabama Crimson Tide -5.5) (NCAAB)","Phil Bet Amount":"$15","Phil Win/Lose/Push":"W","Phil":"Illinois State/Montana State Over (leaders)","Phil Resolved":"Illinois State Redbirds @ Montana State Bobcats (Over 56.5) (FCS)","Bryce Bet Amount":"$15","Bryce Win/Lose/Push":"W","Bryce":"Indiana (legends)","Bryce Resolved":"Oregon @ Indiana (Indiana -4)","Cory Bet Amount":"$5","Cory Win/Lose/Push":"L","Cory":"49ers (legends)","Cory Resolved":"Seattle Seahawks @ San Francisco 49ers ( San Franscisco 49ers +3)","JB Bet Amount":"$10","JB Win/Lose/Push":"L","JB":"montana st - buy the half point (leaders)","JB Resolved":"Illinois State Redbirds @ Montana State Bobcats (Montana State Bobcats -10) (FCS)","Ethan Bet Amount":"$10","Ethan Win/Lose/Push":"W","Ethan":"Timberwolves (legends)","Ethan Resolved":"Minnesota Timberwolves @ Miami Heat (Minnesota Timberwolves -3) (NBA)","Jaime Bet Amount":"$5","Jaime Win/Lose/Push":"W","Jaime":"Steelers/Ravens Over (legends)","Jaime Resolved":"Baltimore Ravens @ Pittsburgh Steelers (Over 41) (NFL)","Nathan Bet Amount":"$10","Nathan Win/Lose/Push":"L","Nathan":"Bengals (legends)","Nathan Resolved":"Cleveland Browns @ Cincinnati Bengals (Cincinnati Bengals -7) (NFL)","Evan Bet Amount":"$10","Evan Win/Lose/Push":"W","Evan":"Virginia Tech +5.5 (leaders)","Evan Resolved":"Virginia Tech Hokies @ Wake Forest Demon Deacons (Virginia Tech Hokies +5.5) (NCAAB)","Brandon Bet Amount":"$5","Brandon Win/Lose/Push":"W","Brandon":"Iowa -6.5 (legends)","Brandon Resolved":"UCLA Bruins @ Iowa Hawkeyes (Iowa Hawkeyes -6.5) (NCAAB)","":null,"Total Team Bet":null,"Legends Bet":null,"Leaders Bet":null,"To Win":null,"Payout":null,"TOTALS":null,"Mitch Totals":null,"Phil Totals":null,"Bryce Totals":null,"Cory Totals":null,"JB Totals":null,"Ethan Totals":null,"Jaime Totals":null,"Nate Totals":null,"Evan Totals":null,"Brandon Totals":null},{"Week":"21","Date":"01/09/2026","Mitch Bet Amount":"$5","Mitch Win/Lose/Push":"","Mitch":"","Mitch Resolved":"","Phil Bet Amount":"$5","Phil Win/Lose/Push":"","Phil":"","Phil Resolved":"","Bryce Bet Amount":"$5","Bryce Win/Lose/Push":"","Bryce":"","Bryce Resolved":"","Cory Bet Amount":"$10","Cory Win/Lose/Push":"","Cory":"","Cory Resolved":"","JB Bet Amount":"$15","JB Win/Lose/Push":"","JB":"","JB Resolved":"","Ethan Bet Amount":"$5","Ethan Win/Lose/Push":"","Ethan":"","Ethan Resolved":"","Jaime Bet Amount":"$5","Jaime Win/Lose/Push":"","Jaime":"","Jaime Resolved":"","Nathan Bet Amount":"$15","Nathan Win/Lose/Push":"","Nathan":"","Nathan Resolved":"","Evan Bet Amount":"$5","Evan Win/Lose/Push":"","Evan":"","Evan Resolved":"","Brandon Bet Amount":"$5","Brandon Win/Lose/Push":null,"Brandon":null,"Brandon Resolved":null,"":null,"Total Team Bet":null,"Legends Bet":null,"Leaders Bet":null,"To Win":null,"Payout":null,"TOTALS":null,"Mitch Totals":null,"Phil Totals":null,"Bryce Totals":null,"Cory Totals":null,"JB Totals":null,"Ethan Totals":null,"Jaime Totals":null,"Nate Totals":null,"Evan Totals":null,"Brandon Totals":null}]
3:31:44 AM [express] GET /api/data 304 in 3ms :: [{"Week":"1","Date":"8/22/2025","Mitch Bet Amount":"$10","Mitch Win/Lose/Push":"Win","Mitch":"Kansas -14 (legends)","Mitch Resolved":"Fresno State University @ University of Kansas (University of Kansas -14)","Phil Bet Amount":"$25","Phil Win/Lose/Push":"Loss","Phil":"JB (legends)","Phil Resolved":"Tail JB","Bryce Bet Amount":"$5","Bryce Win/Lose/Push":"Loss","Bryce":"Stanford? +2.5 (legends)","Bryce Resolved":"Stanford University (Stanford University +2.5)","Cory Bet Amount":"$25","Cory Win/Lose/Push":"Win","Cory":"Rutgers over 47 (leaders)","Cory Resolved":"Rutgers University (Over 47)","JB Bet Amount":"$5","JB Win/Lose/Push":"Loss","JB":"kansas st over 52 (legends)","JB Resolved":"Fresno State University @ University of Kansas (University of Kansas -14)","Ethan Bet Amount":"$20","Ethan Win/Lose/Push":"Win","Ethan":"Mitch (legends)","Ethan Resolved":"Tail Mitch","Jaime Bet Amount":"$10","Jaime Win/Lose/Push":"Loss","Jaime":"UCF/Jax St Over 52.5 (legends)","Jaime Resolved":"Rutgers University (Over 47)","Nathan Bet Amount":"$5","Nathan Win/Lose/Push":"Loss","Nathan":"Universitario -0.5 (leaders)","Nathan Resolved":"Universitario (Universitario -0.5)","Evan Bet Amount":"$5","Evan Win/Lose/Push":"Loss","Evan":"Kansas State -3 (leaders)","Evan Resolved":"Fresno State University @ University of Kansas (University of Kansas -14)","Brandon Bet Amount":"$5","Brandon Win/Lose/Push":"Loss","Brandon":"KU/Fresno o50 (leaders)","Brandon Resolved":"University of Kansas @ Fresno State University (Over 50)","":"","Total Team Bet":"$115.00","Legends Bet":"$75.00","Leaders Bet":"$40.00","To Win":"","Payout":"","TOTALS":"Total Bet","Mitch Totals":"$205.00","Phil Totals":"$215.00","Bryce Totals":"$85.00","Cory Totals":"$105.00","JB Totals":"$135.00","Ethan Totals":"$130.00","Jaime Totals":"$140.00","Nate Totals":"$110.00","Evan Totals":"$135.00","Brandon Totals":"$110.00"},{"Week":"2","Date":"8/29/2025","Mitch Bet Amount":"$5","Mitch Win/Lose/Push":"Loss","Mitch":"Alabama -13.5 (legends)","Mitch Resolved":"University of Texas @ University of Alabama (University of Alabama -13.5)","Phil Bet Amount":"$25","Phil Win/Lose/Push":"Loss","Phil":"Mitch (legends)","Phil Resolved":"Tail Mitch","Bryce Bet Amount":"$10","Bryce Win/Lose/Push":"Win","Bryce":"Ohio st (legends)","Bryce Resolved":"Ohio State University (Ohio State University)","Cory Bet Amount":"$5","Cory Win/Lose/Push":"Win","Cory":"Maryland under  (leaders)","Cory Resolved":"University of Maryland (Under)","JB Bet Amount":"$10","JB Win/Lose/Push":"Loss","JB":"penn st under (legends)","JB Resolved":"University of Maryland (Under)","Ethan Bet Amount":"$5","Ethan Win/Lose/Push":"Win","Ethan":"Iowa under 50.5 (legends)","Ethan Resolved":"University of Maryland (Under)","Jaime Bet Amount":"$15","Jaime Win/Lose/Push":"Win","Jaime":"Tennessee -13.5 (legends)","Jaime Resolved":"University of Texas @ University of Alabama (University of Alabama -13.5)","Nathan Bet Amount":"$10","Nathan Win/Lose/Push":"Win","Nathan":"Padres -1.5 (leaders)","Nathan Resolved":"San Diego Padres (San Diego Padres -1.5)","Evan Bet Amount":"$10","Evan Win/Lose/Push":"Loss","Evan":"Texas +1.5 (leaders)","Evan Resolved":"University of Texas @ University of Alabama (University of Alabama -13.5)","Brandon Bet Amount":"$10","Brandon Win/Lose/Push":"Loss","Brandon":"Sinner -8.5 (leaders)","Brandon Resolved":"Jannik Sinner (Jannik Sinner -8.5)","":"","Total Team Bet":"$105.00","Legends Bet":"$70.00","Leaders Bet":"$35.00","To Win":"","Payout":"","TOTALS":"Total Wins","Mitch Totals":"4","Phil Totals":"5","Bryce Totals":"11","Cory Totals":"10","JB Totals":"6","Ethan Totals":"9","Jaime Totals":"7","Nate Totals":"8","Evan Totals":"7","Brandon Totals":"8"},{"Week":"3","Date":"9/5/2025","Mitch Bet Amount":"$10","Mitch Win/Lose/Push":"Loss","Mitch":"Ole Miss 1H (legends)","Mitch Resolved":"North Carolina State @ University of Mississippi (University of Mississippi -7, 1st Half)","Phil Bet Amount":"$25","Phil Win/Lose/Push":"Loss","Phil":"Ethan (legends)","Phil Resolved":"Tail Ethan","Bryce Bet Amount":"$5","Bryce Win/Lose/Push":"Win","Bryce":"Vikes","Bryce Resolved":"Minnesota Vikings (Minnesota Vikings)","Cory Bet Amount":"$5","Cory Win/Lose/Push":"Win","Cory":"MSU over (leaders)","Cory Resolved":"Michigan State University (Over)","JB Bet Amount":"$15","JB Win/Lose/Push":"Loss","JB":"Navy  (legends)","JB Resolved":"United States Naval Academy (United States Naval Academy)","Ethan Bet Amount":"$5","Ethan Win/Lose/Push":"Loss","Ethan":"USF vs Florida over (legends)","Ethan Resolved":"Michigan State University (Over)","Jaime Bet Amount":"$5","Jaime Win/Lose/Push":"Win","Jaime":"Illinois -2.5 (legends)","Jaime Resolved":"University of Illinois (University of Illinois -2.5)","Nathan Bet Amount":"$5","Nathan Win/Lose/Push":"Win","Nathan":"(NFL) Arizona -6.5 (leaders)","Nathan Resolved":"Arizona Cardinals (Arizona Cardinals -6.5)","Evan Bet Amount":"$15","Evan Win/Lose/Push":"Loss","Evan":"Iowa/ Iowa St over 43 (leaders)","Evan Resolved":"Michigan State University (Over)","Brandon Bet Amount":"$15","Brandon Win/Lose/Push":"Push","Brandon":"W US Open o22 games (leaders)","Brandon Resolved":"US Open (Over 22 Games)","":"","Total Team Bet":"$105.00","Legends Bet":"$60.00","Leaders Bet":"$40.00","To Win":"","Payout":"","TOTALS":"Total Losses","Mitch Totals":"10","Phil Totals":"7","Bryce Totals":"3","Cory Totals":"2","JB Totals":"8","Ethan Totals":"5","Jaime Totals":"7","Nate Totals":"6","Evan Totals":"6","Brandon Totals":"4"},{"Week":"4","Date":"9/12/25","Mitch Bet Amount":"$15","Mitch Win/Lose/Push":"Loss","Mitch":"Steelers (legends)","Mitch Resolved":"Cincinnati Bengals @ Pittsburgh Steelers (Pittsburgh Steelers)","Phil Bet Amount":"$25","Phil Win/Lose/Push":"Win","Phil":"Ethan (legends)","Phil Resolved":"Tail Ethan","Bryce Bet Amount":"$5","Bryce Win/Lose/Push":"Win","Bryce":"Texas A&M (legends)","Bryce Resolved":"Texas A&M University (Texas A&M University)","Cory Bet Amount":"$5","Cory Win/Lose/Push":"Win","Cory":"Eagles (leaders)","Cory Resolved":"Philadelphia Eagles (Philadelphia Eagles)","JB Bet Amount":"$20","JB Win/Lose/Push":"Win","JB":"Nate (legends)","JB Resolved":"Tail Nathan","Ethan Bet Amount":"$10","Ethan Win/Lose/Push":"Win","Ethan":"Texas tech -23 (legends)","Ethan Resolved":"Texas A&M University (Texas A&M University)","Jaime Bet Amount":"$5","Jaime Win/Lose/Push":"Loss","Jaime":"Oregon -26.5 (legends)","Jaime Resolved":"University of Oregon (University of Oregon -26.5)","Nathan Bet Amount":"$5","Nathan Win/Lose/Push":"Win","Nathan":"Rams -5.5 (leaders) ","Nathan Resolved":"Los Angeles Rams (Los Angeles Rams -5.5)","Evan Bet Amount":"$20","Evan Win/Lose/Push":"Push","Evan":"Georgia -3.5 (leaders) ","Evan Resolved":"University of Georgia (University of Georgia -3.5)","Brandon Bet Amount":"$15","Brandon Win/Lose/Push":"Win","Brandon":"Man City -0.75 (leaders) ","Brandon Resolved":"Manchester City (Manchester City -0.75)","":"","Total Team Bet":"$125.00","Legends Bet":"$80.00","Leaders Bet":"$45.00","To Win":"","Payout":"$325.00","TOTALS":"Total Pushes","Mitch Totals":"0","Phil Totals":"2","Bryce Totals":"0","Cory Totals":"2","JB Totals":"0","Ethan Totals":"0","Jaime Totals":"0","Nate Totals":"0","Evan Totals":"1","Brandon Totals":"2"},{"Week":"5","Date":"9/19/25","Mitch Bet Amount":"$20","Mitch Win/Lose/Push":"Loss","Mitch":"JB (legends)","Mitch Resolved":"Tail JB","Phil Bet Amount":"$5","Phil Win/Lose/Push":"Loss","Phil":"Fresno (leaders)","Phil Resolved":"Fresno State University (Fresno State University)","Bryce Bet Amount":"$5","Bryce Win/Lose/Push":"Win","Bryce":"South Carolina (legends)","Bryce Resolved":"University of South Carolina (University of South Carolina)","Cory Bet Amount":"$5","Cory Win/Lose/Push":"Win","Cory":"Indiana (legends)","Cory Resolved":"Indiana University (Indiana University)","JB Bet Amount":"$5","JB Win/Lose/Push":"Loss","JB":"ATL Falcons (legends)","JB Resolved":"Atlanta Falcons (Atlanta Falcons)","Ethan Bet Amount":"$5","Ethan Win/Lose/Push":"Loss","Ethan":"Texans (legends)","Ethan Resolved":"Houston Texans (Houston Texans)","Jaime Bet Amount":"$10","Jaime Win/Lose/Push":"Loss","Jaime":"Packers -7.5 (legends) ","Jaime Resolved":"Green Bay Packers (Green Bay Packers -7.5)","Nathan Bet Amount":"$5","Nathan Win/Lose/Push":"Loss","Nathan":"49ers -2.5 (leaders)","Nathan Resolved":"San Francisco 49ers (San Francisco 49ers -2.5)","Evan Bet Amount":"$20","Evan Win/Lose/Push":"Win","Evan":"Florida/Miami Under 50.5 (leaders)","Evan Resolved":"University of Florida @ University of Miami (Under 50.5)","Brandon Bet Amount":"$5","Brandon Win/Lose/Push":"Loss","Brandon":"Nebraska +1 (leaders)","Brandon Resolved":"University of Nebraska (University of Nebraska +1)","":"","Total Team Bet":"$85.00","Legends Bet":"$50.00","Leaders Bet":"$35.00","To Win":"","Payout":"","TOTALS":"Win Percentage","Mitch Totals":"28.57%","Phil Totals":"41.67%","Bryce Totals":"78.57%","Cory Totals":"83.33%","JB Totals":"42.86%","Ethan Totals":"64.29%","Jaime Totals":"50.00%","Nate Totals":"57.14%","Evan Totals":"53.85%","Brandon Totals":"66.67%"},{"Week":"6","Date":"9/26/25","Mitch Bet Amount":"$25","Mitch Win/Lose/Push":"Loss","Mitch":"Ethan (legends) ","Mitch Resolved":"Tail Ethan","Phil Bet Amount":"$10","Phil Win/Lose/Push":"Loss","Phil":"Alabama/Georgia over (leaders) ","Phil Resolved":"University of Alabama @ University of Georgia (Over)","Bryce Bet Amount":"$5","Bryce Win/Lose/Push":"Loss","Bryce":"Vikings (legends) ","Bryce Resolved":"Minnesota Vikings (Minnesota Vikings)","Cory Bet Amount":"$5","Cory Win/Lose/Push":"Win","Cory":"NW/UCLA under (legends) ","Cory Resolved":"Northwestern University @ University of California Los Angeles (Under)","JB Bet Amount":"$10","JB Win/Lose/Push":"Loss","JB":"San Fran 49ers (legends) ","JB Resolved":"San Francisco 49ers (San Francisco 49ers)","Ethan Bet Amount":"$10","Ethan Win/Lose/Push":"Loss","Ethan":"Georgia (legends) ","Ethan Resolved":"University of Alabama @ University of Georgia (Over)","Jaime Bet Amount":"$15","Jaime Win/Lose/Push":"Loss","Jaime":"PSU Under 53.5 (legends) ","Jaime Resolved":"Northwestern University @ University of California Los Angeles (Under)","Nathan Bet Amount":"$10","Nathan Win/Lose/Push":"Loss","Nathan":"Chargers -6.5 (leaders) ","Nathan Resolved":"Los Angeles Chargers (Los Angeles Chargers -6.5)","Evan Bet Amount":"$5","Evan Win/Lose/Push":"Win","Evan":"Colorado/BYU under 49.5 (leaders) ","Evan Resolved":"Northwestern University @ University of California Los Angeles (Under)","Brandon Bet Amount":"$10","Brandon Win/Lose/Push":"Win","Brandon":"(leaders) Iowa +8.5 ","Brandon Resolved":"University of Iowa (University of Iowa +8.5)","":"","Total Team Bet":"$105.00","Legends Bet":"$70.00","Leaders Bet":"$35.00","To Win":null,"Payout":null,"TOTALS":null,"Mitch Totals":null,"Phil Totals":null,"Bryce Totals":null,"Cory Totals":null,"JB Totals":null,"Ethan Totals":null,"Jaime Totals":null,"Nate Totals":null,"Evan Totals":null,"Brandon Totals":null},{"Week":"7","Date":"10/3/25","Mitch Bet Amount":"$25","Mitch Win/Lose/Push":"Loss","Mitch":"Miami/FSU over (leaders) ","Mitch Resolved":"University of Miami @ Florida State University (Over)","Phil Bet Amount":"$15","Phil Win/Lose/Push":"Loss","Phil":"Texas/Florida Under (leaders) ","Phil Resolved":"University of Texas @ University of Florida (Under)","Bryce Bet Amount":"$10","Bryce Win/Lose/Push":"Win","Bryce":"Vikings Again? (legends) ","Bryce Resolved":"Minnesota Vikings (Minnesota Vikings)","Cory Bet Amount":"$5","Cory Win/Lose/Push":"Win","Cory":"Lions if below 10.5 (legends) ","Cory Resolved":"Detroit Lions (if below 10.5)","JB Bet Amount":"$15","JB Win/Lose/Push":"Win","JB":"Illinois (leaders) ","JB Resolved":"University of Illinois (University of Illinois)","Ethan Bet Amount":"$15","Ethan Win/Lose/Push":"Loss","Ethan":"Cal (legends) ","Ethan Resolved":"University of California Berkeley (University of California Berkeley)","Jaime Bet Amount":"$20","Jaime Win/Lose/Push":"Win","Jaime":"Texas Tech -11.5 (leaders) ","Jaime Resolved":"University of Texas @ University of Florida (Under)","Nathan Bet Amount":"$15","Nathan Win/Lose/Push":"Win","Nathan":"Tail Cory (legends) ","Nathan Resolved":"Tail Cory (legends)","Evan Bet Amount":"$5","Evan Win/Lose/Push":"Loss","Evan":"Texas -5.5 (legends) ","Evan Resolved":"University of Texas @ University of Florida (Under)","Brandon Bet Amount":"$5","Brandon Win/Lose/Push":"Win","Brandon":"Wisconsin +17.5 (legends) ","Brandon Resolved":"University of Wisconsin (University of Wisconsin +17.5)","":"","Total Team Bet":"$130.00","Legends Bet":"$55.00","Leaders Bet":"$75.00","To Win":null,"Payout":null,"TOTALS":null,"Mitch Totals":null,"Phil Totals":null,"Bryce Totals":null,"Cory Totals":null,"JB Totals":null,"Ethan Totals":null,"Jaime Totals":null,"Nate Totals":null,"Evan Totals":null,"Brandon Totals":null},{"Week":"8","Date":"10/10/25","Mitch Bet Amount":"$25","Mitch Win/Lose/Push":"Loss","Mitch":"Oregon (quack quack quack) (leaders)  ","Mitch Resolved":"University of Washington @ University of Oregon (University of Oregon)","Phil Bet Amount":"$20","Phil Win/Lose/Push":"Push","Phil":"Minnesota (leaders)  ","Phil Resolved":"University of Minnesota (University of Minnesota)","Bryce Bet Amount":"$5","Bryce Win/Lose/Push":"Loss","Bryce":"Lions  (legends) ","Bryce Resolved":"Detroit Lions (Detroit Lions)","Cory Bet Amount":"$5","Cory Win/Lose/Push":"Push","Cory":"Bama (legends)  ","Cory Resolved":"University of Alabama (University of Alabama)","JB Bet Amount":"$5","JB Win/Lose/Push":"Loss","JB":"unlv (leaders)  ","JB Resolved":"University of Nevada Las Vegas (University of Nevada Las Vegas)","Ethan Bet Amount":"$20","Ethan Win/Lose/Push":"Win","Ethan":"Brandon (legends)  ","Ethan Resolved":"Tail Brandon","Jaime Bet Amount":"$5","Jaime Win/Lose/Push":"Win","Jaime":"Texas A&M -7.5 (legends)  ","Jaime Resolved":"Texas A&M University (Texas A&M University -7.5)","Nathan Bet Amount":"$5","Nathan Win/Lose/Push":"Loss","Nathan":"Bills -4.5 (legends) ","Nathan Resolved":"Buffalo Bills (Buffalo Bills -4.5)","Evan Bet Amount":"$10","Evan Win/Lose/Push":"Win","Evan":"Pitt +10 (leaders)  ","Evan Resolved":"University of Pittsburgh (University of Pittsburgh +10)","Brandon Bet Amount":"$5","Brandon Win/Lose/Push":"Win","Brandon":"USC -2.5 (legends)  ","Brandon Resolved":"University of Southern California (University of Southern California -2.5)","":"","Total Team Bet":"$105.00","Legends Bet":"$45.00","Leaders Bet":"$60.00","To Win":null,"Payout":null,"TOTALS":null,"Mitch Totals":null,"Phil Totals":null,"Bryce Totals":null,"Cory Totals":null,"JB Totals":null,"Ethan Totals":null,"Jaime Totals":null,"Nate Totals":null,"Evan Totals":null,"Brandon Totals":null},{"Week":"9","Date":"10/17/25","Mitch Bet Amount":"$25","Mitch Win/Lose/Push":"Win","Mitch":"Bryce (leaders)","Mitch Resolved":"Tail Bryce","Phil Bet Amount":"$20","Phil Win/Lose/Push":"Push","Phil":"Notre Dame (leaders) ","Phil Resolved":"University of Notre Dame (University of Notre Dame)","Bryce Bet Amount":"$10","Bryce Win/Lose/Push":"Win","Bryce":"Missouri -1 (buy the half point, still -120)😉 (legends) ","Bryce Resolved":"University of Missouri (University of Missouri -1)","Cory Bet Amount":"$5","Cory Win/Lose/Push":"Win","Cory":"Bears (legends) ","Cory Resolved":"Chicago Bears (Chicago Bears)","JB Bet Amount":"$10","JB Win/Lose/Push":"Loss","JB":"texas tech (leaders) ","JB Resolved":"Texas Tech University (Texas Tech University)","Ethan Bet Amount":"$5","Ethan Win/Lose/Push":"Loss","Ethan":"Nebraska (legends) ","Ethan Resolved":"University of Nebraska (University of Nebraska)","Jaime Bet Amount":"$5","Jaime Win/Lose/Push":"Win","Jaime":"Indiana Over 49.5 (legends) ","Jaime Resolved":"Indiana University (Over 49.5)","Nathan Bet Amount":"$10","Nathan Win/Lose/Push":"Win","Nathan":"Patriots -7 (legends) ","Nathan Resolved":"New England Patriots (New England Patriots -7)","Evan Bet Amount":"$5","Evan Win/Lose/Push":"Loss","Evan":"Texas Tech -7.5 (leaders) ","Evan Resolved":"Texas Tech University (Texas Tech University)","Brandon Bet Amount":"$5","Brandon Win/Lose/Push":"Loss","Brandon":"LSU +2.5 (legends) ","Brandon Resolved":"Louisiana State University (Louisiana State University +2.5)","":"","Total Team Bet":"$100.00","Legends Bet":"$40.00","Leaders Bet":"$60.00","To Win":null,"Payout":null,"TOTALS":null,"Mitch Totals":null,"Phil Totals":null,"Bryce Totals":null,"Cory Totals":null,"JB Totals":null,"Ethan Totals":null,"Jaime Totals":null,"Nate Totals":null,"Evan Totals":null,"Brandon Totals":null},{"Week":"10","Date":"10/24/25","Mitch Bet Amount":"$5","Mitch Win/Lose/Push":"Loss","Mitch":"USF (leaders) ","Mitch Resolved":"San Jose State University @ University of South Florida (University of South Florida)","Phil Bet Amount":"$20","Phil Win/Lose/Push":"Win","Phil":"Texas A&M/LSU Over (leaders) ","Phil Resolved":"Texas A&M University @ Louisiana State University (Over)","Bryce Bet Amount":"$5","Bryce Win/Lose/Push":"Win","Bryce":"BYU (legends) ","Bryce Resolved":"Brigham Young University (Brigham Young University)","Cory Bet Amount":"$5","Cory Win/Lose/Push":"Loss","Cory":"Bama (legends)  ","Cory Resolved":"University of Alabama (University of Alabama)","JB Bet Amount":"$15","JB Win/Lose/Push":"Win","JB":"southern miss (leaders) ","JB Resolved":"University of Southern Mississippi (University of Southern Mississippi)","Ethan Bet Amount":"$10","Ethan Win/Lose/Push":"Win","Ethan":"Oklahoma vs ole miss over (legends) ","Ethan Resolved":"Texas A&M University @ Louisiana State University (Over)","Jaime Bet Amount":"$5","Jaime Win/Lose/Push":"Loss","Jaime":"UCLA +26 (legends) ","Jaime Resolved":"University of California Los Angeles (University of California Los Angeles +26)","Nathan Bet Amount":"$5","Nathan Win/Lose/Push":"Win","Nathan":"Chiefs -11.5 (legends) ","Nathan Resolved":"Kansas City Chiefs (Kansas City Chiefs -11.5)","Evan Bet Amount":"$10","Evan Win/Lose/Push":"Win","Evan":"Ole Miss +5.5 (leaders) ","Evan Resolved":"University of Southern Mississippi (University of Southern Mississippi)","Brandon Bet Amount":"$10","Brandon Win/Lose/Push":"Win","Brandon":"IF(Man City > -120, Man City, MSU +13.5) (legends) ","Brandon Resolved":"Kansas City Chiefs (Kansas City Chiefs -11.5)","":"","Total Team Bet":"$90.00","Legends Bet":"$40.00","Leaders Bet":"$50.00","To Win":null,"Payout":null,"TOTALS":null,"Mitch Totals":null,"Phil Totals":null,"Bryce Totals":null,"Cory Totals":null,"JB Totals":null,"Ethan Totals":null,"Jaime Totals":null,"Nate Totals":null,"Evan Totals":null,"Brandon Totals":null},{"Week":"11","Date":"10/31/25","Mitch Bet Amount":"$10","Mitch Win/Lose/Push":"Loss","Mitch":"georgia tech - tail JB (leaders)","Mitch Resolved":"Tail georgia tech - JB (leaders)","Phil Bet Amount":"$5","Phil Win/Lose/Push":"Win","Phil":"Utah (leaders)","Phil Resolved":"University of Utah (University of Utah)","Bryce Bet Amount":"$5","Bryce Win/Lose/Push":"Win","Bryce":"Timothy Cuamba (legends)","Bryce Resolved":"Timothy Cuamba (Timothy Cuamba)","Cory Bet Amount":"$10","Cory Win/Lose/Push":"Loss","Cory":"(legends) Patriots  ","Cory Resolved":"New England Patriots (New England Patriots)","JB Bet Amount":"$5","JB Win/Lose/Push":"Loss","JB":"(leaders) Georgia tech","JB Resolved":"Georgia Institute of Technology (Georgia Institute of Technology)","Ethan Bet Amount":"$5","Ethan Win/Lose/Push":"Win","Ethan":"Indiana (legends)","Ethan Resolved":"Indiana University (Indiana University)","Jaime Bet Amount":"$10","Jaime Win/Lose/Push":"Loss","Jaime":"MIA/SMU Over (legends)","Jaime Resolved":"University of Miami @ Southern Methodist University (Over)","Nathan Bet Amount":"$5","Nathan Win/Lose/Push":"Loss","Nathan":"KC -1.5 (legends) ","Nathan Resolved":"Kansas City Chiefs (Kansas City Chiefs -1.5)","Evan Bet Amount":"$5","Evan Win/Lose/Push":"Win","Evan":"Oklahoma+2.5 (leaders)","Evan Resolved":"University of Oklahoma (University of Oklahoma +2.5)","Brandon Bet Amount":"$5","Brandon Win/Lose/Push":"Push","Brandon":"Texas -3.5 (legends)","Brandon Resolved":"University of Texas (University of Texas -3.5)","":"","Total Team Bet":"$65.00","Legends Bet":"$40.00","Leaders Bet":"$25.00","To Win":null,"Payout":null,"TOTALS":null,"Mitch Totals":null,"Phil Totals":null,"Bryce Totals":null,"Cory Totals":null,"JB Totals":null,"Ethan Totals":null,"Jaime Totals":null,"Nate Totals":null,"Evan Totals":null,"Brandon Totals":null},{"Week":"12","Date":"11/7/25","Mitch Bet Amount":"$15","Mitch Win/Lose/Push":"Win","Mitch":"Wake Forest  (leaders) ","Mitch Resolved":"Stanford University @ Wake Forest University (Wake Forest University)","Phil Bet Amount":"$5","Phil Win/Lose/Push":"Loss","Phil":"Oregon (leaders) ","Phil Resolved":"University of Oregon (University of Oregon)","Bryce Bet Amount":"$5","Bryce Win/Lose/Push":"Win","Bryce":"(legends) UL LAFAYETTE ","Bryce Resolved":"University of Louisiana Lafayette (University of Louisiana Lafayette)","Cory Bet Amount":"$15","Cory Win/Lose/Push":"Win","Cory":"Wash/wi under (legends) ","Cory Resolved":"University of Washington @ University of Wisconsin (Under)","JB Bet Amount":"$10","JB Win/Lose/Push":"Win","JB":"stanford under (leaders) ","JB Resolved":"Stanford University @ Wake Forest University (Wake Forest University)","Ethan Bet Amount":"$5","Ethan Win/Lose/Push":"Win","Ethan":"Vandy (legends) ","Ethan Resolved":"Vanderbilt University (Vanderbilt University)","Jaime Bet Amount":"$15","Jaime Win/Lose/Push":"Win","Jaime":"Texas A&M -6.5 (leaders) ","Jaime Resolved":"Texas A&M University (Texas A&M University -6.5)","Nathan Bet Amount":"$10","Nathan Win/Lose/Push":"Win","Nathan":"LAR (legends) ","Nathan Resolved":"Los Angeles Rams (Los Angeles Rams)","Evan Bet Amount":"$5","Evan Win/Lose/Push":"Loss","Evan":"BYU +12 (legends) ","Evan Resolved":"Brigham Young University (Brigham Young University +12)","Brandon Bet Amount":"$5","Brandon Win/Lose/Push":"Win","Brandon":"Penn State (legends) ","Brandon Resolved":"Penn State University (Penn State University)","":"","Total Team Bet":"$90.00","Legends Bet":"$45.00","Leaders Bet":"$45.00","To Win":null,"Payout":null,"TOTALS":null,"Mitch Totals":null,"Phil Totals":null,"Bryce Totals":null,"Cory Totals":null,"JB Totals":null,"Ethan Totals":null,"Jaime Totals":null,"Nate Totals":null,"Evan Totals":null,"Brandon Totals":null},{"Week":"13","Date":"11/14/25","Mitch Bet Amount":"$5","Mitch Win/Lose/Push":"Loss","Mitch":"San Jose St. (leaders)","Mitch Resolved":"University of Nevada Las Vegas @ San Jose State University (San Jose State University)","Phil Bet Amount":"$10","Phil Win/Lose/Push":"Win","Phil":"Penn State (leaders) ","Phil Resolved":"University of Nevada Las Vegas @ San Jose State University (San Jose State University)","Bryce Bet Amount":"$5","Bryce Win/Lose/Push":"Win","Bryce":"(legends) Arizona ","Bryce Resolved":"University of Arizona (University of Arizona)","Cory Bet Amount":"$5","Cory Win/Lose/Push":"Push","Cory":"(legends) Ravens  ","Cory Resolved":"Baltimore Ravens (Baltimore Ravens)","JB Bet Amount":"$5","JB Win/Lose/Push":"Win","JB":"(leaders) Iowa under ","JB Resolved":"University of Iowa (Under)","Ethan Bet Amount":"$5","Ethan Win/Lose/Push":"Win","Ethan":"Georgia (legends) ","Ethan Resolved":"University of Georgia (University of Georgia)","Jaime Bet Amount":"$5","Jaime Win/Lose/Push":"Win","Jaime":"Texas A&M/SC Over (legends) ","Jaime Resolved":"Texas A&M University @ University of South Carolina (Over)","Nathan Bet Amount":"$5","Nathan Win/Lose/Push":"Loss","Nathan":"Texans (legends) ","Nathan Resolved":"Houston Texans (Houston Texans)","Evan Bet Amount":"$10","Evan Win/Lose/Push":"Win","Evan":"BYU -3 (leaders) ","Evan Resolved":"Brigham Young University (Brigham Young University -3)","Brandon Bet Amount":"$5","Brandon Win/Lose/Push":"Win","Brandon":"Northwestern +11.5 (legends) ","Brandon Resolved":"Northwestern University (Northwestern University +11.5)","":"","Total Team Bet":"$60.00","Legends Bet":"$30.00","Leaders Bet":"$30.00","To Win":null,"Payout":null,"TOTALS":null,"Mitch Totals":null,"Phil Totals":null,"Bryce Totals":null,"Cory Totals":null,"JB Totals":null,"Ethan Totals":null,"Jaime Totals":null,"Nate Totals":null,"Evan Totals":null,"Brandon Totals":null},{"Week":"14","Date":"11/21/25","Mitch Bet Amount":"$10","Mitch Win/Lose/Push":"Win","Mitch":"Bryce (leaders)","Mitch Resolved":"Tail Bryce","Phil Bet Amount":"$5","Phil Win/Lose/Push":"Win","Phil":"Michigan (leaders)","Phil Resolved":"University of Michigan (University of Michigan)","Bryce Bet Amount":"$5","Bryce Win/Lose/Push":"Win","Bryce":"Duke (legends)","Bryce Resolved":"Duke University (Duke University)","Cory Bet Amount":"$5","Cory Win/Lose/Push":"Win","Cory":"Utah KSU. Over (legends)","Cory Resolved":"Kansas State University @ University of Utah (Over)","JB Bet Amount":"$5","JB Win/Lose/Push":"Win","JB":"Brandon (leaders)","JB Resolved":"Tail Brandon","Ethan Bet Amount":"$5","Ethan Win/Lose/Push":"Win","Ethan":"Bengals (legends)","Ethan Resolved":"Cincinnati Bengals (Cincinnati Bengals)","Jaime Bet Amount":"$5","Jaime Win/Lose/Push":"Loss","Jaime":"Texas A&M/Samford Over (legends)","Jaime Resolved":"Kansas State University @ University of Utah (Over)","Nathan Bet Amount":"$10","Nathan Win/Lose/Push":"Win","Nathan":"Rams (legends)","Nathan Resolved":"Los Angeles Rams (Los Angeles Rams)","Evan Bet Amount":"$5","Evan Win/Lose/Push":"Win","Evan":"Tennessee -4 (leaders)","Evan Resolved":"University of Tennessee (University of Tennessee -4)","Brandon Bet Amount":"$5","Brandon Win/Lose/Push":"Win","Brandon":"BYU (legends)","Brandon Resolved":"Brigham Young University (Brigham Young University)","":"","Total Team Bet":"$60.00","Legends Bet":"$35.00","Leaders Bet":"$25.00","To Win":"","Payout":"$87.38","TOTALS":null,"Mitch Totals":null,"Phil Totals":null,"Bryce Totals":null,"Cory Totals":null,"JB Totals":null,"Ethan Totals":null,"Jaime Totals":null,"Nate Totals":null,"Evan Totals":null,"Brandon Totals":null},{"Week":"15","Date":"11/28/25","Mitch Bet Amount":"$5","Mitch Win/Lose/Push":"W","Mitch":"Alabama -110 (leaders)","Mitch Resolved":"Alabama Crimson Tide @ Auburn Tigers (Alabama Crimson Tide -5)","Phil Bet Amount":"$5","Phil Win/Lose/Push":"W","Phil":"Oregon (leaders) ","Phil Resolved":"Oregon Ducks @ Washington Huskies","Bryce Bet Amount":"$5","Bryce Win/Lose/Push":"L","Bryce":"vikes (NFL) (legends)","Bryce Resolved":"Minnesota Vikings @ Seattle Seahawks (Minnesota Vikings +11.5)","Cory Bet Amount":"$5","Cory Win/Lose/Push":"W","Cory":"houston (NCAAF) (legends)","Cory Resolved":"Houston Cougars @ Baylor Bears (Houston Cougars +2.5)","JB Bet Amount":"$5","JB Win/Lose/Push":"W","JB":"NW/Illinois under (leaders) (leaders)","JB Resolved":"Northwestern Wildcats @ Illinois Fighting Illini (Under 45.5)","Ethan Bet Amount":"$5","Ethan Win/Lose/Push":"W","Ethan":"ohio state -110 (legends)","Ethan Resolved":"Ohio State Buckeyes @ Michigan Wolverines (Ohio State Buckeyes -9.5)","Jaime Bet Amount":"$10","Jaime Win/Lose/Push":"L","Jaime":"OK/LSU Over -110 (leaders)","Jaime Resolved":"LSU Tigers @ Oklahoma Sooners (Over 36.5)","Nathan Bet Amount":"$5","Nathan Win/Lose/Push":"L","Nathan":"Browns  -110 (legends)","Nathan Resolved":"San Francisco 49ers @ Cleveland Browns (Cleveland Browns +6)","Evan Bet Amount":"$5","Evan Win/Lose/Push":"L","Evan":"Pitt +7 (NCAAF) (legends)","Evan Resolved":"Miami Hurricanes @ Pittsburgh Panthers (Pittsburgh Panthers +7)","Brandon Bet Amount":"$5","Brandon Win/Lose/Push":"W","Brandon":"Ethan (legends)","Brandon Resolved":"Ethan","":"","Total Team Bet":"$30.00","Legends Bet":"$0.00","Leaders Bet":"$0.00","To Win":null,"Payout":null,"TOTALS":null,"Mitch Totals":null,"Phil Totals":null,"Bryce Totals":null,"Cory Totals":null,"JB Totals":null,"Ethan Totals":null,"Jaime Totals":null,"Nate Totals":null,"Evan Totals":null,"Brandon Totals":null},{"Week":"16","Date":"12/5/25","Mitch Bet Amount":"$5","Mitch Win/Lose/Push":"W","Mitch":"Louisville | -4.5 (NCAAB) (leaders)","Mitch Resolved":"Indiana Hoosiers @ Louisville Cardinals (Louisville Cardinals -4.5)","Phil Bet Amount":"$5","Phil Win/Lose/Push":"W","Phil":"Miami-Ohio | under 43 (NCAAF) (leaders)","Phil Resolved":"Miami (OH) RedHawks @ Western Michigan Broncos (Under 43)","Bryce Bet Amount":"$10","Bryce Win/Lose/Push":"W","Bryce":"Georgia | -2 (NCAAF) (legends)","Bryce Resolved":"Georgia Bulldogs @ Alabama Crimson Tide (Georgia Bulldogs -2)","Cory Bet Amount":"$5","Cory Win/Lose/Push":"L","Cory":"Virginia | -4 (NCAAF) (legends)","Cory Resolved":"Duke Blue Devils @ Virginia Cavaliers (Virginia Cavaliers -4)","JB Bet Amount":"$5","JB Win/Lose/Push":"L","JB":"montana/montana st over 53.5","JB Resolved":"montana @ montana st (Over 53.5)","Ethan Bet Amount":"$5","Ethan Win/Lose/Push":"W","Ethan":"Jaguars | +2 (NFL) (legends)","Ethan Resolved":"Indianapolis Colts @ Jacksonville Jaguars (Jacksonville Jaguars +2)","Jaime Bet Amount":"$15","Jaime Win/Lose/Push":"L","Jaime":"Packers/Bears | under 44 (NFL) (leaders)","Jaime Resolved":"Chicago Bears @ Green Bay Packers (Under 44)","Nathan Bet Amount":"$10","Nathan Win/Lose/Push":"W","Nathan":"Texans | +3.5 (NFL) (legends)","Nathan Resolved":"Houston Texans @ Kansas City Chiefs (Houston Texans +3.5)","Evan Bet Amount":"$10","Evan Win/Lose/Push":"L","Evan":"Georgia Alabama | under 48 (NCAAF) (legends)","Evan Resolved":"Georgia Bulldogs @ Alabama Crimson Tide (Under 48)","Brandon Bet Amount":"$5","Brandon Win/Lose/Push":"L","Brandon":"OSU | -3 (NCAAF) (legends)","Brandon Resolved":"Indiana Hoosiers @ Ohio State Buckeyes (Ohio State Buckeyes -3)","":"","Total Team Bet":"$0.00","Legends Bet":"$0.00","Leaders Bet":"$0.00","To Win":null,"Payout":null,"TOTALS":null,"Mitch Totals":null,"Phil Totals":null,"Bryce Totals":null,"Cory Totals":null,"JB Totals":null,"Ethan Totals":null,"Jaime Totals":null,"Nate Totals":null,"Evan Totals":null,"Brandon Totals":null},{"Week":"17","Date":"12/12/2025","Mitch Bet Amount":"$5","Mitch Win/Lose/Push":"L","Mitch":"Navy -6 (leaders)","Mitch Resolved":"(Navy -6)","Phil Bet Amount":"$5","Phil Win/Lose/Push":"W","Phil":"Army/Navy Under 38 (leaders)","Phil Resolved":"(Under 38)","Bryce Bet Amount":"$5","Bryce Win/Lose/Push":"W","Bryce":"Brandon (legends)","Bryce Resolved":"Tail Brandon","Cory Bet Amount":"$10","Cory Win/Lose/Push":"L","Cory":"Houston/az under 42.5 (legends)","Cory Resolved":"Houston Texans Arizona Cardinals (Under 42.5)","JB Bet Amount":"$5","JB Win/Lose/Push":"P","JB":"zaga -10 (leaders)","JB Resolved":"UCLA Bruins @ Gonzaga Bulldogs (Gonzaga -10)","Ethan Bet Amount":"$5","Ethan Win/Lose/Push":"L","Ethan":"Creighton -4 (legends)","Ethan Resolved":"Kansas St. Wildcats @ Creighton Bluejays (Creighton -4)","Jaime Bet Amount":"$20","Jaime Win/Lose/Push":"W","Jaime":"Packers/Broncos Over 43 (leaders)","Jaime Resolved":"Green Bay Packers Denver Broncos (Over 43)","Nathan Bet Amount":"$5","Nathan Win/Lose/Push":"L","Nathan":"Packers -2 (legends)","Nathan Resolved":"Green Bay Packers Denver Broncos (Green Bay Packers -2)","Evan Bet Amount":"$15","Evan Win/Lose/Push":"W","Evan":"Michigan St Penn St under 145 (legends)","Evan Resolved":"Michigan St. Spartans Penn State Nittany Lions (Under 145)","Brandon Bet Amount":"$10","Brandon Win/Lose/Push":"W","Brandon":"Man City -.5 (legends)","Brandon Resolved":"Crystal Palace F.C. @ Manchester City Football Club (Manchester City -.5)","":null,"Total Team Bet":null,"Legends Bet":null,"Leaders Bet":null,"To Win":null,"Payout":null,"TOTALS":null,"Mitch Totals":null,"Phil Totals":null,"Bryce Totals":null,"Cory Totals":null,"JB Totals":null,"Ethan Totals":null,"Jaime Totals":null,"Nate Totals":null,"Evan Totals":null,"Brandon Totals":null},{"Week":"18","Date":"12/19/2025","Mitch Bet Amount":"$10","Mitch Win/Lose/Push":"L","Mitch":"unc | -3.5 (NCAAB) (leaders)","Mitch Resolved":"Ohio State Buckeyes @ North Carolina Tar Heels (North Carolina Tar Heels -3.5)","Phil Bet Amount":"$5","Phil Win/Lose/Push":"L","Phil":"Utah State/Wash State | Under 50 (NCAAF) (legends)","Phil Resolved":"Washington State Cougars @ Utah State Aggies (Under 50)","Bryce Bet Amount":"$5","Bryce Win/Lose/Push":"L","Bryce":"Utah State | -1 (NCAAF) (legends)","Bryce Resolved":"Washington State Cougars @ Utah State Aggies (Utah State Aggies -1)","Cory Bet Amount":"$15","Cory Win/Lose/Push":"W","Cory":"Unlv/Ohio under | under 65.5 (NCAAF) (legends)","Cory Resolved":"Unlv/Ohio under (Under 65.5)","JB Bet Amount":"$5","JB Win/Lose/Push":"W","JB":"montana/montana st over 53.5","JB Resolved":"Montana Grizzlies @ Montana State Bobcats (Over 53.5)","Ethan Bet Amount":"$10","Ethan Win/Lose/Push":"W","Ethan":"Gophers | -2 (NCAAF) (legends)","Ethan Resolved":"New Mexico Lobos @ Minnesota Golden Gophers (Minnesota Golden Gophers -2)","Jaime Bet Amount":"$5","Jaime Win/Lose/Push":"W","Jaime":"49ers | -5.5 (NFL) (leaders)","Jaime Resolved":"San Francisco 49ers @ Indianapolis Colts (San Francisco 49ers -5.5)","Nathan Bet Amount":"$10","Nathan Win/Lose/Push":"W","Nathan":"Vikes | -2.5 (NFL) (legends)","Nathan Resolved":"Minnesota Vikings @ New York Giants (Minnesota Vikings -2.5)","Evan Bet Amount":"$5","Evan Win/Lose/Push":"W","Evan":"TAM Miami | under 48 (NCAAF) (leaders)","Evan Resolved":"Miami Hurricanes @ Texas A&M Aggies (Under 48)","Brandon Bet Amount":"$5","Brandon Win/Lose/Push":"L","Brandon":"TAM | -3 (NCAAF) (legends)","Brandon Resolved":"TAM (TAM -3)","":null,"Total Team Bet":null,"Legends Bet":null,"Leaders Bet":null,"To Win":null,"Payout":null,"TOTALS":null,"Mitch Totals":null,"Phil Totals":null,"Bryce Totals":null,"Cory Totals":null,"JB Totals":null,"Ethan Totals":null,"Jaime Totals":null,"Nate Totals":null,"Evan Totals":null,"Brandon Totals":null},{"Week":"19","Date":"12/26/2025","Mitch Bet Amount":"$15","Mitch Win/Lose/Push":"W","Mitch":"Navy | -7 (NCAAF) (leaders)","Mitch Resolved":"Navy Midshipmen @ Cincinnati Bearcats (Navy Midshipmen -7)","Phil Bet Amount":"$10","Phil Win/Lose/Push":"L","Phil":"North Texas / San Diego St | Under 52.5 (NCAAF) (leaders)","Phil Resolved":"North Texas Mean Green @ San Diego State Aztecs (Under 52.5)","Bryce Bet Amount":"$10","Bryce Win/Lose/Push":"L","Bryce":"Arizona | +7 (NFL) (legends)","Bryce Resolved":"Arizona Cardinals @ Cincinnati Bengals (Arizona Cardinals +7)","Cory Bet Amount":"$5","Cory Win/Lose/Push":"W","Cory":"Oregon/tt | under 52.5 (NCAAF) (legends)","Cory Resolved":"Oregon @ tt (Under 52.5)","JB Bet Amount":"$5","JB Win/Lose/Push":"L","JB":"Vandy Baby! | -4.5 (NCAAF) (leaders)","JB Resolved":"Vandy Baby! (Vandy Baby! -4.5)","Ethan Bet Amount":"$5","Ethan Win/Lose/Push":"L","Ethan":"Georgia | -6 (NCAAF) (legends)","Ethan Resolved":"Georgia Tech Yellow Jackets @ BYU Cougars (Georgia Tech Yellow Jackets -6)","Jaime Bet Amount":"$5","Jaime Win/Lose/Push":"W","Jaime":"49ers | -3 (NFL) (leaders)","Jaime Resolved":"Chicago Bears @ San Francisco 49ers (San Francisco 49ers -3)","Nathan Bet Amount":"$5","Nathan Win/Lose/Push":"L","Nathan":"Packers | -3 (NFL) (legends)","Nathan Resolved":"Baltimore Ravens @ Green Bay Packers (Green Bay Packers -3)","Evan Bet Amount":"$5","Evan Win/Lose/Push":"L","Evan":"texas tech | +2 (NCAAF) (legends)","Evan Resolved":"Oregon Ducks @ Texas Tech Red Raiders (Texas Tech Red Raiders +2)","Brandon Bet Amount":"$10","Brandon Win/Lose/Push":"W","Brandon":"Texans | +2 (NFL) (legends)","Brandon Resolved":"Houston Texans @ Los Angeles Chargers (Houston Texans +2)","":null,"Total Team Bet":null,"Legends Bet":null,"Leaders Bet":null,"To Win":null,"Payout":null,"TOTALS":null,"Mitch Totals":null,"Phil Totals":null,"Bryce Totals":null,"Cory Totals":null,"JB Totals":null,"Ethan Totals":null,"Jaime Totals":null,"Nate Totals":null,"Evan Totals":null,"Brandon Totals":null},{"Week":"20","Date":"01/02/2026","Mitch Bet Amount":"$5","Mitch Win/Lose/Push":"W","Mitch":"Alabama (NCAAB) (leaders)","Mitch Resolved":"Kentucky Wildcats @ Alabama Crimson Tide (Alabama Crimson Tide -5.5) (NCAAB)","Phil Bet Amount":"$15","Phil Win/Lose/Push":"W","Phil":"Illinois State/Montana State Over (leaders)","Phil Resolved":"Illinois State Redbirds @ Montana State Bobcats (Over 56.5) (FCS)","Bryce Bet Amount":"$15","Bryce Win/Lose/Push":"W","Bryce":"Indiana (legends)","Bryce Resolved":"Oregon @ Indiana (Indiana -4)","Cory Bet Amount":"$5","Cory Win/Lose/Push":"L","Cory":"49ers (legends)","Cory Resolved":"Seattle Seahawks @ San Francisco 49ers ( San Franscisco 49ers +3)","JB Bet Amount":"$10","JB Win/Lose/Push":"L","JB":"montana st - buy the half point (leaders)","JB Resolved":"Illinois State Redbirds @ Montana State Bobcats (Montana State Bobcats -10) (FCS)","Ethan Bet Amount":"$10","Ethan Win/Lose/Push":"W","Ethan":"Timberwolves (legends)","Ethan Resolved":"Minnesota Timberwolves @ Miami Heat (Minnesota Timberwolves -3) (NBA)","Jaime Bet Amount":"$5","Jaime Win/Lose/Push":"W","Jaime":"Steelers/Ravens Over (legends)","Jaime Resolved":"Baltimore Ravens @ Pittsburgh Steelers (Over 41) (NFL)","Nathan Bet Amount":"$10","Nathan Win/Lose/Push":"L","Nathan":"Bengals (legends)","Nathan Resolved":"Cleveland Browns @ Cincinnati Bengals (Cincinnati Bengals -7) (NFL)","Evan Bet Amount":"$10","Evan Win/Lose/Push":"W","Evan":"Virginia Tech +5.5 (leaders)","Evan Resolved":"Virginia Tech Hokies @ Wake Forest Demon Deacons (Virginia Tech Hokies +5.5) (NCAAB)","Brandon Bet Amount":"$5","Brandon Win/Lose/Push":"W","Brandon":"Iowa -6.5 (legends)","Brandon Resolved":"UCLA Bruins @ Iowa Hawkeyes (Iowa Hawkeyes -6.5) (NCAAB)","":null,"Total Team Bet":null,"Legends Bet":null,"Leaders Bet":null,"To Win":null,"Payout":null,"TOTALS":null,"Mitch Totals":null,"Phil Totals":null,"Bryce Totals":null,"Cory Totals":null,"JB Totals":null,"Ethan Totals":null,"Jaime Totals":null,"Nate Totals":null,"Evan Totals":null,"Brandon Totals":null},{"Week":"21","Date":"01/09/2026","Mitch Bet Amount":"$5","Mitch Win/Lose/Push":"","Mitch":"","Mitch Resolved":"","Phil Bet Amount":"$5","Phil Win/Lose/Push":"","Phil":"","Phil Resolved":"","Bryce Bet Amount":"$5","Bryce Win/Lose/Push":"","Bryce":"","Bryce Resolved":"","Cory Bet Amount":"$10","Cory Win/Lose/Push":"","Cory":"","Cory Resolved":"","JB Bet Amount":"$15","JB Win/Lose/Push":"","JB":"","JB Resolved":"","Ethan Bet Amount":"$5","Ethan Win/Lose/Push":"","Ethan":"","Ethan Resolved":"","Jaime Bet Amount":"$5","Jaime Win/Lose/Push":"","Jaime":"","Jaime Resolved":"","Nathan Bet Amount":"$15","Nathan Win/Lose/Push":"","Nathan":"","Nathan Resolved":"","Evan Bet Amount":"$5","Evan Win/Lose/Push":"","Evan":"","Evan Resolved":"","Brandon Bet Amount":"$5","Brandon Win/Lose/Push":null,"Brandon":null,"Brandon Resolved":null,"":null,"Total Team Bet":null,"Legends Bet":null,"Leaders Bet":null,"To Win":null,"Payout":null,"TOTALS":null,"Mitch Totals":null,"Phil Totals":null,"Bryce Totals":null,"Cory Totals":null,"JB Totals":null,"Ethan Totals":null,"Jaime Totals":null,"Nate Totals":null,"Evan Totals":null,"Brandon Totals":null}]
3:31:44 AM [express] GET /api/data 200 in 130ms :: [{"Week":"1","Date":"8/25/23","Mitch Bet Amount":"$10","Mitch Win/Lose/Push":"Win","Mitch":"San Diego St -2.5","Phil Bet Amount":"$10","Phil Win/Lose/Push":"Win","Phil":"Hawaii/Vanderbilt Over","Bryce Bet Amount":"$5","Bryce Win/Lose/Push":"Win","Bryce":"Glover over Henley","Cory Bet Amount":"$10","Cory Win/Lose/Push":"Win","Cory":"Nebraska +7.5","JB Bet Amount":"$5","JB Win/Lose/Push":"Win","JB":"Utah","Ethan Bet Amount":"$10","Ethan Win/Lose/Push":"Win","Ethan":"MN/Neb Under","Jaime Bet Amount":"","Jaime Win/Lose/Push":"","Jaime":"","Nathan Bet Amount":"","Nathan Win/Lose/Push":"","Nathan":"","Evan Bet Amount":"","Evan Win/Lose/Push":"","Evan":"","Brandon Bet Amount":"","Brandon Win/Lose/Push":"","Brandon":"","Total Team Bet":"$50.00","Legends Bet":"","Leaders Bet":"","To Win":"2752.57","Payout":"$2,802.57","TOTALS":"Total Bet","Mitch Totals":"290","Phil Totals":"260","Bryce Totals":"240","Cory Totals":"360","JB Totals":"405","Ethan Totals":"295","Jaime Totals":"0","Nate Totals":"0","Evan Totals":"0","Brandon Totals":"0"},{"Week":"2","Date":"9/1/23","Mitch Bet Amount":"$5","Mitch Win/Lose/Push":"Win","Mitch":"Washington -14","Phil Bet Amount":"$5","Phil Win/Lose/Push":"Loss","Phil":"Purdue/Fresno Under","Bryce Bet Amount":"$5","Bryce Win/Lose/Push":"Win","Bryce":"Tail Ethan","Cory Bet Amount":"$5","Cory Win/Lose/Push":"Loss","Cory":"Wisconsin under","JB Bet Amount":"$5","JB Win/Lose/Push":"Loss","JB":"Utsa. meep meep","Ethan Bet Amount":"$5","Ethan Win/Lose/Push":"Win","Ethan":"Iowa Under","Jaime Bet Amount":"","Jaime Win/Lose/Push":"","Jaime":"","Nathan Bet Amount":"","Nathan Win/Lose/Push":"","Nathan":"","Evan Bet Amount":"","Evan Win/Lose/Push":"","Evan":"","Brandon Bet Amount":"","Brandon Win/Lose/Push":"","Brandon":"","Total Team Bet":"$30.00","Legends Bet":"","Leaders Bet":"","To Win":"","Payout":"","TOTALS":"Total Wins","Mitch Totals":"17","Phil Totals":"17","Bryce Totals":"18","Cory Totals":"11","JB Totals":"11","Ethan Totals":"17","Jaime Totals":"0","Nate Totals":"0","Evan Totals":"0","Brandon Totals":"0"},{"Week":"3","Date":"9/8/23","Mitch Bet Amount":"$5","Mitch Win/Lose/Push":"Win","Mitch":"Georgia Southern -7","Phil Bet Amount":"$10","Phil Win/Lose/Push":"Win","Phil":"Nebraska/Coach Prime Under","Bryce Bet Amount":"$5","Bryce Win/Lose/Push":"Win","Bryce":"Gophers under","Cory Bet Amount":"$10","Cory Win/Lose/Push":"Loss","Cory":"Bears -1.5","JB Bet Amount":"$10","JB Win/Lose/Push":"Win","JB":"coach prime -3","Ethan Bet Amount":"$5","Ethan Win/Lose/Push":"Win","Ethan":"Tail Phil ","Jaime Bet Amount":"","Jaime Win/Lose/Push":"","Jaime":"","Nathan Bet Amount":"","Nathan Win/Lose/Push":"","Nathan":"","Evan Bet Amount":"","Evan Win/Lose/Push":"","Evan":"","Brandon Bet Amount":"","Brandon Win/Lose/Push":"","Brandon":"","Total Team Bet":"$45.00","Legends Bet":"","Leaders Bet":"","To Win":"","Payout":"","TOTALS":"Total Losses","Mitch Totals":"12","Phil Totals":"11","Bryce Totals":"13","Cory Totals":"18","JB Totals":"18","Ethan Totals":"14","Jaime Totals":"0","Nate Totals":"0","Evan Totals":"0","Brandon Totals":"0"},{"Week":"4","Date":"9/15/23","Mitch Bet Amount":"$5","Mitch Win/Lose/Push":"Win","Mitch":"Rutgers -7","Phil Bet Amount":"$5","Phil Win/Lose/Push":"Win","Phil":"Indiana under","Bryce Bet Amount":"$5","Bryce Win/Lose/Push":"Loss","Bryce":"Nebraska under","Cory Bet Amount":"$15","Cory Win/Lose/Push":"Loss","Cory":"Ohio st under","JB Bet Amount":"$5","JB Win/Lose/Push":"Win","JB":"Wisconsin -20 ","Ethan Bet Amount":"$5","Ethan Win/Lose/Push":"Win","Ethan":"Florida +5.5","Jaime Bet Amount":"","Jaime Win/Lose/Push":"","Jaime":"","Nathan Bet Amount":"","Nathan Win/Lose/Push":"","Nathan":"","Evan Bet Amount":"","Evan Win/Lose/Push":"","Evan":"","Brandon Bet Amount":"","Brandon Win/Lose/Push":"","Brandon":"","Total Team Bet":"$40.00","Legends Bet":"","Leaders Bet":"","To Win":"","Payout":"","TOTALS":"Total Pushes","Mitch Totals":"2","Phil Totals":"3","Bryce Totals":"0","Cory Totals":"2","JB Totals":"2","Ethan Totals":"0","Jaime Totals":"0","Nate Totals":"0","Evan Totals":"0","Brandon Totals":"0"},{"Week":"5","Date":"9/22/23","Mitch Bet Amount":"$5","Mitch Win/Lose/Push":"Win","Mitch":"Texas A&M -9 ","Phil Bet Amount":"$5","Phil Win/Lose/Push":"Win","Phil":"TCU/SMU Under ","Bryce Bet Amount":"$10","Bryce Win/Lose/Push":"Loss","Bryce":"Vikings -1 ","Cory Bet Amount":"$20","Cory Win/Lose/Push":"Loss","Cory":"Tail JB ","JB Bet Amount":"$5","JB Win/Lose/Push":"Loss","JB":"Psu over ","Ethan Bet Amount":"$5","Ethan Win/Lose/Push":"Loss","Ethan":"Gophs Cover ","Jaime Bet Amount":"","Jaime Win/Lose/Push":"","Jaime":"","Nathan Bet Amount":"","Nathan Win/Lose/Push":"","Nathan":"","Evan Bet Amount":"","Evan Win/Lose/Push":"","Evan":"","Brandon Bet Amount":"","Brandon Win/Lose/Push":"","Brandon":"","Total Team Bet":"$50.00","Legends Bet":"","Leaders Bet":"","To Win":"","Payout":"","TOTALS":"Win Percentage","Mitch Totals":"58.62%","Phil Totals":"60.71%","Bryce Totals":"58.06%","Cory Totals":"37.93%","JB Totals":"37.93%","Ethan Totals":"54.84%","Jaime Totals":"0.00%","Nate Totals":"0.00%","Evan Totals":"0.00%","Brandon Totals":"0.00%"},{"Week":"6","Date":"9/29/23","Mitch Bet Amount":"$5","Mitch Win/Lose/Push":"Push","Mitch":"Memphis -3","Phil Bet Amount":"$5","Phil Win/Lose/Push":"Win","Phil":"Texas A&M/Arkansas Over","Bryce Bet Amount":"$15","Bryce Win/Lose/Push":"Win","Bryce":"Colorado cover","Cory Bet Amount":"$25","Cory Win/Lose/Push":"Push","Cory":"Mitch ","JB Bet Amount":"$10","JB Win/Lose/Push":"Loss","JB":"UNLV under","Ethan Bet Amount":"$10","Ethan Win/Lose/Push":"Loss","Ethan":"Iowa -10.5","Jaime Bet Amount":"","Jaime Win/Lose/Push":"","Jaime":"","Nathan Bet Amount":"","Nathan Win/Lose/Push":"","Nathan":"","Evan Bet Amount":"","Evan Win/Lose/Push":"","Evan":"","Brandon Bet Amount":"","Brandon Win/Lose/Push":"","Brandon":"","Total Team Bet":"$70.00","Legends Bet":null,"Leaders Bet":null,"To Win":null,"Payout":null,"TOTALS":null,"Mitch Totals":null,"Phil Totals":null,"Bryce Totals":null,"Cory Totals":null,"JB Totals":null,"Ethan Totals":null,"Jaime Totals":null,"Nate Totals":null,"Evan Totals":null,"Brandon Totals":null},{"Week":"7","Date":"10/6/23","Mitch Bet Amount":"$5","Mitch Win/Lose/Push":"Loss","Mitch":"Notre Dame -6.5","Phil Bet Amount":"$5","Phil Win/Lose/Push":"Win","Phil":"LSU/Mizzou Over","Bryce Bet Amount":"$5","Bryce Win/Lose/Push":"Win","Bryce":"Rutgers ","Cory Bet Amount":"$25","Cory Win/Lose/Push":"Win","Cory":"JB","JB Bet Amount":"$15","JB Win/Lose/Push":"Win","JB":"MichigaN -20","Ethan Bet Amount":"$15","Ethan Win/Lose/Push":"Loss","Ethan":"Gopher under","Jaime Bet Amount":"","Jaime Win/Lose/Push":"","Jaime":"","Nathan Bet Amount":"","Nathan Win/Lose/Push":"","Nathan":"","Evan Bet Amount":"","Evan Win/Lose/Push":"","Evan":"","Brandon Bet Amount":"","Brandon Win/Lose/Push":"","Brandon":"","Total Team Bet":"$70.00","Legends Bet":null,"Leaders Bet":null,"To Win":null,"Payout":null,"TOTALS":null,"Mitch Totals":null,"Phil Totals":null,"Bryce Totals":null,"Cory Totals":null,"JB Totals":null,"Ethan Totals":null,"Jaime Totals":null,"Nate Totals":null,"Evan Totals":null,"Brandon Totals":null},{"Week":"8","Date":"10/13/23","Mitch Bet Amount":"$10","Mitch Win/Lose/Push":"Win","Mitch":"Kansas St/TT Over","Phil Bet Amount":"$5","Phil Win/Lose/Push":"Win","Phil":"OSU/Purdue Under","Bryce Bet Amount":"$5","Bryce Win/Lose/Push":"Win","Bryce":"Washington cover","Cory Bet Amount":"$5","Cory Win/Lose/Push":"Loss","Cory":"Louisville cover","JB Bet Amount":"$5","JB Win/Lose/Push":"Loss","JB":"Temple Over","Ethan Bet Amount":"$20","Ethan Win/Lose/Push":"Loss","Ethan":"Tail Cory","Jaime Bet Amount":"","Jaime Win/Lose/Push":"","Jaime":"","Nathan Bet Amount":"","Nathan Win/Lose/Push":"","Nathan":"","Evan Bet Amount":"","Evan Win/Lose/Push":"","Evan":"","Brandon Bet Amount":"","Brandon Win/Lose/Push":"","Brandon":"","Total Team Bet":"$50.00","Legends Bet":null,"Leaders Bet":null,"To Win":null,"Payout":null,"TOTALS":null,"Mitch Totals":null,"Phil Totals":null,"Bryce Totals":null,"Cory Totals":null,"JB Totals":null,"Ethan Totals":null,"Jaime Totals":null,"Nate Totals":null,"Evan Totals":null,"Brandon Totals":null},{"Week":"9","Date":"10/20/23","Mitch Bet Amount":"$5","Mitch Win/Lose/Push":"Win","Mitch":"Kansas St -5.5 ","Phil Bet Amount":"$5","Phil Win/Lose/Push":"Win","Phil":"Air Force/navy under ","Bryce Bet Amount":"$5","Bryce Win/Lose/Push":"Win","Bryce":"Utah  ","Cory Bet Amount":"$10","Cory Win/Lose/Push":"Loss","Cory":"Iowa ","JB Bet Amount":"$10","JB Win/Lose/Push":"Win","JB":"michigan ","Ethan Bet Amount":"$25","Ethan Win/Lose/Push":"Win","Ethan":"Tail Mitch  ","Jaime Bet Amount":"","Jaime Win/Lose/Push":"","Jaime":"","Nathan Bet Amount":"","Nathan Win/Lose/Push":"","Nathan":"","Evan Bet Amount":"","Evan Win/Lose/Push":"","Evan":"","Brandon Bet Amount":"","Brandon Win/Lose/Push":"","Brandon":"","Total Team Bet":"$60.00","Legends Bet":null,"Leaders Bet":null,"To Win":null,"Payout":null,"TOTALS":null,"Mitch Totals":null,"Phil Totals":null,"Bryce Totals":null,"Cory Totals":null,"JB Totals":null,"Ethan Totals":null,"Jaime Totals":null,"Nate Totals":null,"Evan Totals":null,"Brandon Totals":null},{"Week":"10","Date":"10/27/23","Mitch Bet Amount":"$5","Mitch Win/Lose/Push":"Loss","Mitch":"Maryland -14 ","Phil Bet Amount":"$5","Phil Win/Lose/Push":"Win","Phil":"UConn/BC Under ","Bryce Bet Amount":"$5","Bryce Win/Lose/Push":"Loss","Bryce":"Oregon St ","Cory Bet Amount":"$15","Cory Win/Lose/Push":"Win","Cory":"Vikings ","JB Bet Amount":"$5","JB Win/Lose/Push":"Loss","JB":"Oklahoma -9 ","Ethan Bet Amount":"$5","Ethan Win/Lose/Push":"Loss","Ethan":"Memphis N Texas U 68 ","Jaime Bet Amount":"","Jaime Win/Lose/Push":"","Jaime":"","Nathan Bet Amount":"","Nathan Win/Lose/Push":"","Nathan":"","Evan Bet Amount":"","Evan Win/Lose/Push":"","Evan":"","Brandon Bet Amount":"","Brandon Win/Lose/Push":"","Brandon":"","Total Team Bet":"$40.00","Legends Bet":null,"Leaders Bet":null,"To Win":null,"Payout":null,"TOTALS":null,"Mitch Totals":null,"Phil Totals":null,"Bryce Totals":null,"Cory Totals":null,"JB Totals":null,"Ethan Totals":null,"Jaime Totals":null,"Nate Totals":null,"Evan Totals":null,"Brandon Totals":null},{"Week":"11","Date":"11/3/23","Mitch Bet Amount":"$10","Mitch Win/Lose/Push":"Loss","Mitch":"Nebraska -3","Phil Bet Amount":"$5","Phil Win/Lose/Push":"Loss","Phil":"Arkansas/Florida Under","Bryce Bet Amount":"$10","Bryce Win/Lose/Push":"Win","Bryce":"Washington (whoever is playing USC)","Cory Bet Amount":"$5","Cory Win/Lose/Push":"Loss","Cory":"Gophers under","JB Bet Amount":"$10","JB Win/Lose/Push":"Win","JB":"Michigan Over","Ethan Bet Amount":"$10","Ethan Win/Lose/Push":"Win","Ethan":"Bama -3","Jaime Bet Amount":"","Jaime Win/Lose/Push":"","Jaime":"","Nathan Bet Amount":"","Nathan Win/Lose/Push":"","Nathan":"","Evan Bet Amount":"","Evan Win/Lose/Push":"","Evan":"","Brandon Bet Amount":"","Brandon Win/Lose/Push":"","Brandon":"","Total Team Bet":"$50.00","Legends Bet":null,"Leaders Bet":null,"To Win":null,"Payout":null,"TOTALS":null,"Mitch Totals":null,"Phil Totals":null,"Bryce Totals":null,"Cory Totals":null,"JB Totals":null,"Ethan Totals":null,"Jaime Totals":null,"Nate Totals":null,"Evan Totals":null,"Brandon Totals":null},{"Week":"12","Date":"11/10/23","Mitch Bet Amount":"$15","Mitch Win/Lose/Push":"Loss","Mitch":"Washington cover ","Phil Bet Amount":"$10","Phil Win/Lose/Push":"Win","Phil":"Maryland Nebraska under ","Bryce Bet Amount":"$5","Bryce Win/Lose/Push":"Win","Bryce":"vikes ","Cory Bet Amount":"$10","Cory Win/Lose/Push":"Loss","Cory":"Gb/pitt under ","JB Bet Amount":"$5","JB Win/Lose/Push":"Loss","JB":"fsu -14 ","Ethan Bet Amount":"$5","Ethan Win/Lose/Push":"Loss","Ethan":"Falcons -1.5 ","Jaime Bet Amount":"","Jaime Win/Lose/Push":"","Jaime":"","Nathan Bet Amount":"","Nathan Win/Lose/Push":"","Nathan":"","Evan Bet Amount":"","Evan Win/Lose/Push":"","Evan":"","Brandon Bet Amount":"","Brandon Win/Lose/Push":"","Brandon":"","Total Team Bet":"$50.00","Legends Bet":null,"Leaders Bet":null,"To Win":null,"Payout":null,"TOTALS":null,"Mitch Totals":null,"Phil Totals":null,"Bryce Totals":null,"Cory Totals":null,"JB Totals":null,"Ethan Totals":null,"Jaime Totals":null,"Nate Totals":null,"Evan Totals":null,"Brandon Totals":null},{"Week":"13","Date":"11/17/23","Mitch Bet Amount":"$20","Mitch Win/Lose/Push":"Win","Mitch":"Phil","Phil Bet Amount":"$5","Phil Win/Lose/Push":"Win","Phil":"Tulane FAU under","Bryce Bet Amount":"$5","Bryce Win/Lose/Push":"Win","Bryce":"vikes","Cory Bet Amount":"$15","Cory Win/Lose/Push":"Win","Cory":"Osu cover","JB Bet Amount":"$10","JB Win/Lose/Push":"Win","JB":"Georgia","Ethan Bet Amount":"$10","Ethan Win/Lose/Push":"Loss","Ethan":"Nebraska Wisconsin under","Jaime Bet Amount":"","Jaime Win/Lose/Push":"","Jaime":"","Nathan Bet Amount":"","Nathan Win/Lose/Push":"","Nathan":"","Evan Bet Amount":"","Evan Win/Lose/Push":"","Evan":"","Brandon Bet Amount":"","Brandon Win/Lose/Push":"","Brandon":"","Total Team Bet":"$65.00","Legends Bet":null,"Leaders Bet":null,"To Win":null,"Payout":null,"TOTALS":null,"Mitch Totals":null,"Phil Totals":null,"Bryce Totals":null,"Cory Totals":null,"JB Totals":null,"Ethan Totals":null,"Jaime Totals":null,"Nate Totals":null,"Evan Totals":null,"Brandon Totals":null},{"Week":"14","Date":"11/24/23","Mitch Bet Amount":"$5","Mitch Win/Lose/Push":"Win","Mitch":"Kansas -7 ","Phil Bet Amount":"$5","Phil Win/Lose/Push":"Loss","Phil":"Kentucky Louisville Under","Bryce Bet Amount":"$5","Bryce Win/Lose/Push":"Loss","Bryce":"Vikes ","Cory Bet Amount":"$5","Cory Win/Lose/Push":"Win","Cory":"Isu/ksu over ","JB Bet Amount":"$5","JB Win/Lose/Push":"Loss","JB":"Alabama ","Ethan Bet Amount":"$15","Ethan Win/Lose/Push":"Loss","Ethan":"Mich osu under  ","Jaime Bet Amount":"","Jaime Win/Lose/Push":"","Jaime":"","Nathan Bet Amount":"","Nathan Win/Lose/Push":"","Nathan":"","Evan Bet Amount":"","Evan Win/Lose/Push":"","Evan":"","Brandon Bet Amount":"","Brandon Win/Lose/Push":"","Brandon":"","Total Team Bet":"$40.00","Legends Bet":null,"Leaders Bet":null,"To Win":null,"Payout":null,"TOTALS":null,"Mitch Totals":null,"Phil Totals":null,"Bryce Totals":null,"Cory Totals":null,"JB Totals":null,"Ethan Totals":null,"Jaime Totals":null,"Nate Totals":null,"Evan Totals":null,"Brandon Totals":null},{"Week":"15","Date":"12/1/23","Mitch Bet Amount":"$5","Mitch Win/Lose/Push":"Loss","Mitch":"Georgia ","Phil Bet Amount":"$10","Phil Win/Lose/Push":"Win","Phil":"Iowa/Michigan Under","Bryce Bet Amount":"$10","Bryce Win/Lose/Push":"Win","Bryce":"3 Chances - Sheffler/Morikowa/Fitzpatrick ","Cory Bet Amount":"$5","Cory Win/Lose/Push":"Win","Cory":"Lions","JB Bet Amount":"$10","JB Win/Lose/Push":"Loss","JB":"Steelers","Ethan Bet Amount":"$20","Ethan Win/Lose/Push":"Win","Ethan":"Tail Phil","Jaime Bet Amount":"","Jaime Win/Lose/Push":"","Jaime":"","Nathan Bet Amount":"","Nathan Win/Lose/Push":"","Nathan":"","Evan Bet Amount":"","Evan Win/Lose/Push":"","Evan":"","Brandon Bet Amount":"","Brandon Win/Lose/Push":"","Brandon":"","Total Team Bet":"$60.00","Legends Bet":null,"Leaders Bet":null,"To Win":null,"Payout":null,"TOTALS":null,"Mitch Totals":null,"Phil Totals":null,"Bryce Totals":null,"Cory Totals":null,"JB Totals":null,"Ethan Totals":null,"Jaime Totals":null,"Nate Totals":null,"Evan Totals":null,"Brandon Totals":null},{"Week":"16","Date":"12/8/23","Mitch Bet Amount":"$10","Mitch Win/Lose/Push":"Win","Mitch":"gophers bball ","Phil Bet Amount":"$5","Phil Win/Lose/Push":"Push","Phil":"Army/Navy Under ","Bryce Bet Amount":"$5","Bryce Win/Lose/Push":"Loss","Bryce":"Cory ","Cory Bet Amount":"$5","Cory Win/Lose/Push":"Loss","Cory":"Texans Cover ","JB Bet Amount":"$15","JB Win/Lose/Push":"Win","JB":"Arizona bball ","Ethan Bet Amount":"$5","Ethan Win/Lose/Push":"Win","Ethan":"Tail Mitch  ","Jaime Bet Amount":"","Jaime Win/Lose/Push":"","Jaime":"","Nathan Bet Amount":"","Nathan Win/Lose/Push":"","Nathan":"","Evan Bet Amount":"","Evan Win/Lose/Push":"","Evan":"","Brandon Bet Amount":"","Brandon Win/Lose/Push":"","Brandon":"","Total Team Bet":"$45.00","Legends Bet":null,"Leaders Bet":null,"To Win":null,"Payout":null,"TOTALS":null,"Mitch Totals":null,"Phil Totals":null,"Bryce Totals":null,"Cory Totals":null,"JB Totals":null,"Ethan Totals":null,"Jaime Totals":null,"Nate Totals":null,"Evan Totals":null,"Brandon Totals":null},{"Week":"17","Date":"12/15/23","Mitch Bet Amount":"$5","Mitch Win/Lose/Push":"Loss","Mitch":"Kansas bball  ","Phil Bet Amount":"$5","Phil Win/Lose/Push":"Loss","Phil":"UCLA/boise under ","Bryce Bet Amount":"$10","Bryce Win/Lose/Push":"Loss","Bryce":"2 chances, team woods / team Thomas ","Cory Bet Amount":"$10","Cory Win/Lose/Push":"Win","Cory":"San Fran cover ","JB Bet Amount":"$5","JB Win/Lose/Push":"Loss","JB":"Myrtle Beach Bowl Under ","Ethan Bet Amount":"$5","Ethan Win/Lose/Push":"Win","Ethan":"Twolves Under ","Jaime Bet Amount":"","Jaime Win/Lose/Push":"","Jaime":"","Nathan Bet Amount":"","Nathan Win/Lose/Push":"","Nathan":"","Evan Bet Amount":"","Evan Win/Lose/Push":"","Evan":"","Brandon Bet Amount":"","Brandon Win/Lose/Push":"","Brandon":"","Total Team Bet":"$40.00","Legends Bet":null,"Leaders Bet":null,"To Win":null,"Payout":null,"TOTALS":null,"Mitch Totals":null,"Phil Totals":null,"Bryce Totals":null,"Cory Totals":null,"JB Totals":null,"Ethan Totals":null,"Jaime Totals":null,"Nate Totals":null,"Evan Totals":null,"Brandon Totals":null},{"Week":"18","Date":"12/22/23","Mitch Bet Amount":"$10","Mitch Win/Lose/Push":"Loss","Mitch":"Troy ","Phil Bet Amount":"$10","Phil Win/Lose/Push":"Loss","Phil":"Minnesota/bowling green under ","Bryce Bet Amount":"$15","Bryce Win/Lose/Push":"Loss","Bryce":"Utah  ","Cory Bet Amount":"$5","Cory Win/Lose/Push":"Loss","Cory":"James Madison ","JB Bet Amount":"$10","JB Win/Lose/Push":"Loss","JB":"Nu/UTAH over ","Ethan Bet Amount":"$5","Ethan Win/Lose/Push":"Win","Ethan":"Lions -3 ","Jaime Bet Amount":"","Jaime Win/Lose/Push":"","Jaime":"","Nathan Bet Amount":"","Nathan Win/Lose/Push":"","Nathan":"","Evan Bet Amount":"","Evan Win/Lose/Push":"","Evan":"","Brandon Bet Amount":"","Brandon Win/Lose/Push":"","Brandon":"","Total Team Bet":"$55.00","Legends Bet":null,"Leaders Bet":null,"To Win":null,"Payout":null,"TOTALS":null,"Mitch Totals":null,"Phil Totals":null,"Bryce Totals":null,"Cory Totals":null,"JB Totals":null,"Ethan Totals":null,"Jaime Totals":null,"Nate Totals":null,"Evan Totals":null,"Brandon Totals":null},{"Week":"19","Date":"12/29/23","Mitch Bet Amount":"$15","Mitch Win/Lose/Push":"Loss","Mitch":"FIU bball","Phil Bet Amount":"$15","Phil Win/Lose/Push":"Win","Phil":"Ole Miss/Penn State Over","Bryce Bet Amount":"$20","Bryce Win/Lose/Push":"Win","Bryce":"when Phil overs you don't think twice","Cory Bet Amount":"$10","Cory Win/Lose/Push":"Loss","Cory":"Bucs over ","JB Bet Amount":"$15","JB Win/Lose/Push":"Loss","JB":"georgia under","Ethan Bet Amount":"$5","Ethan Win/Lose/Push":"Loss","Ethan":"Lakers/Wolves Over 225","Jaime Bet Amount":"","Jaime Win/Lose/Push":"","Jaime":"","Nathan Bet Amount":"","Nathan Win/Lose/Push":"","Nathan":"","Evan Bet Amount":"","Evan Win/Lose/Push":"","Evan":"","Brandon Bet Amount":"","Brandon Win/Lose/Push":"","Brandon":"","Total Team Bet":"$80.00","Legends Bet":null,"Leaders Bet":null,"To Win":null,"Payout":null,"TOTALS":null,"Mitch Totals":null,"Phil Totals":null,"Bryce Totals":null,"Cory Totals":null,"JB Totals":null,"Ethan Totals":null,"Jaime Totals":null,"Nate Totals":null,"Evan Totals":null,"Brandon Totals":null},{"Week":"20","Date":"1/5/24","Mitch Bet Amount":"$20","Mitch Win/Lose/Push":"Loss","Mitch":"Tail Ethan ","Phil Bet Amount":"$5","Phil Win/Lose/Push":"Loss","Phil":"Baltimore ravens +3","Bryce Bet Amount":"$5","Bryce Win/Lose/Push":"Loss","Bryce":"Washington +4.5","Cory Bet Amount":"$15","Cory Win/Lose/Push":"Loss","Cory":"Wild under","JB Bet Amount":"$20","JB Win/Lose/Push":"Loss","JB":"phil","Ethan Bet Amount":"$10","Ethan Win/Lose/Push":"Loss","Ethan":"Bucks -5 @ rockets","Jaime Bet Amount":"","Jaime Win/Lose/Push":"","Jaime":"","Nathan Bet Amount":"","Nathan Win/Lose/Push":"","Nathan":"","Evan Bet Amount":"","Evan Win/Lose/Push":"","Evan":"","Brandon Bet Amount":"","Brandon Win/Lose/Push":"","Brandon":"","Total Team Bet":"$75.00","Legends Bet":null,"Leaders Bet":null,"To Win":null,"Payout":null,"TOTALS":null,"Mitch Totals":null,"Phil Totals":null,"Bryce Totals":null,"Cory Totals":null,"JB Totals":null,"Ethan Totals":null,"Jaime Totals":null,"Nate Totals":null,"Evan Totals":null,"Brandon Totals":null},{"Week":"21","Date":"1/12/24","Mitch Bet Amount":"$25","Mitch Win/Lose/Push":"Push","Mitch":"phil ","Phil Bet Amount":"$10","Phil Win/Lose/Push":"Push","Phil":"Pittsburgh/Buffalo under 33 ","Bryce Bet Amount":"$10","Bryce Win/Lose/Push":"Win","Bryce":"Rams +3 ","Cory Bet Amount":"$20","Cory Win/Lose/Push":"Push","Cory":"Phil ","JB Bet Amount":"$25","JB Win/Lose/Push":"Push","JB":"phil ","Ethan Bet Amount":"$15","Ethan Win/Lose/Push":"Loss","Ethan":"Dolphins +4.5 ","Jaime Bet Amount":"","Jaime Win/Lose/Push":"","Jaime":"","Nathan Bet Amount":"","Nathan Win/Lose/Push":"","Nathan":"","Evan Bet Amount":"","Evan Win/Lose/Push":"","Evan":"","Brandon Bet Amount":"","Brandon Win/Lose/Push":"","Brandon":"","Total Team Bet":"$105.00","Legends Bet":null,"Leaders Bet":null,"To Win":null,"Payout":null,"TOTALS":null,"Mitch Totals":null,"Phil Totals":null,"Bryce Totals":null,"Cory Totals":null,"JB Totals":null,"Ethan Totals":null,"Jaime Totals":null,"Nate Totals":null,"Evan Totals":null,"Brandon Totals":null},{"Week":"22","Date":"1/19/24","Mitch Bet Amount":"$25","Mitch Win/Lose/Push":"Win","Mitch":"Bryce ","Phil Bet Amount":"$10","Phil Win/Lose/Push":"Push","Phil":"Baltimore/Houston Under ","Bryce Bet Amount":"$5","Bryce Win/Lose/Push":"Win","Bryce":"Tampa / Detroit Over ","Cory Bet Amount":"$20","Cory Win/Lose/Push":"Win","Cory":"Bryce ","JB Bet Amount":"$20","JB Win/Lose/Push":"Push","JB":"Phil ","Ethan Bet Amount":"$20","Ethan Win/Lose/Push":"Win","Ethan":"Bryce ","Jaime Bet Amount":"","Jaime Win/Lose/Push":"","Jaime":"","Nathan Bet Amount":"","Nathan Win/Lose/Push":"","Nathan":"","Evan Bet Amount":"","Evan Win/Lose/Push":"","Evan":"","Brandon Bet Amount":"","Brandon Win/Lose/Push":"","Brandon":"","Total Team Bet":"$100.00","Legends Bet":"","Leaders Bet":"","To Win":"256.92","Payout":"$186.00","TOTALS":null,"Mitch Totals":null,"Phil Totals":null,"Bryce Totals":null,"Cory Totals":null,"JB Totals":null,"Ethan Totals":null,"Jaime Totals":null,"Nate Totals":null,"Evan Totals":null,"Brandon Totals":null},{"Week":"23","Date":"1/26/24","Mitch Bet Amount":"$5","Mitch Win/Lose/Push":"Win","Mitch":"Arizona -3.5 ","Phil Bet Amount":"$10","Phil Win/Lose/Push":"Loss","Phil":"Georgia/Florida Under ","Bryce Bet Amount":"$5","Bryce Win/Lose/Push":"Loss","Bryce":"KC / Baltimore Over ","Cory Bet Amount":"$5","Cory Win/Lose/Push":"Loss","Cory":"Det/sf under ","JB Bet Amount":"$20","JB Win/Lose/Push":"Loss","JB":"4th times a charm (Phil) ","Ethan Bet Amount":"$5","Ethan Win/Lose/Push":"Win","Ethan":"Sac kings +1.5 ","Jaime Bet Amount":"","Jaime Win/Lose/Push":"","Jaime":"","Nathan Bet Amount":"","Nathan Win/Lose/Push":"","Nathan":"","Evan Bet Amount":"","Evan Win/Lose/Push":"","Evan":"","Brandon Bet Amount":"","Brandon Win/Lose/Push":"","Brandon":"","Total Team Bet":"$50.00","Legends Bet":null,"Leaders Bet":null,"To Win":null,"Payout":null,"TOTALS":null,"Mitch Totals":null,"Phil Totals":null,"Bryce Totals":null,"Cory Totals":null,"JB Totals":null,"Ethan Totals":null,"Jaime Totals":null,"Nate Totals":null,"Evan Totals":null,"Brandon Totals":null},{"Week":"24","Date":"2/2/24","Mitch Bet Amount":"$5","Mitch Win/Lose/Push":"Loss","Mitch":"Oklahoma -1.5 ","Phil Bet Amount":"$15","Phil Win/Lose/Push":"Loss","Phil":"Houston -1 ","Bryce Bet Amount":"$10","Bryce Win/Lose/Push":"Loss","Bryce":"Gophers Hockey ","Cory Bet Amount":"$10","Cory Win/Lose/Push":"Loss","Cory":"Tail Ethan  ","JB Bet Amount":"$25","JB Win/Lose/Push":"Loss","JB":"a tale of ethan ","Ethan Bet Amount":"$5","Ethan Win/Lose/Push":"Loss","Ethan":"Northwestern +.5 ","Jaime Bet Amount":"","Jaime Win/Lose/Push":"","Jaime":"","Nathan Bet Amount":"","Nathan Win/Lose/Push":"","Nathan":"","Evan Bet Amount":"","Evan Win/Lose/Push":"","Evan":"","Brandon Bet Amount":"","Brandon Win/Lose/Push":"","Brandon":"","Total Team Bet":"$70.00","Legends Bet":null,"Leaders Bet":null,"To Win":null,"Payout":null,"TOTALS":null,"Mitch Totals":null,"Phil Totals":null,"Bryce Totals":null,"Cory Totals":null,"JB Totals":null,"Ethan Totals":null,"Jaime Totals":null,"Nate Totals":null,"Evan Totals":null,"Brandon Totals":null},{"Week":"25","Date":"2/9/24","Mitch Bet Amount":"$10","Mitch Win/Lose/Push":"Loss","Mitch":"Kentucky -4","Phil Bet Amount":"$20","Phil Win/Lose/Push":"Loss","Phil":"Tail Mitch","Bryce Bet Amount":"$15","Bryce Win/Lose/Push":"Win","Bryce":"Tail Cory","Cory Bet Amount":"$15","Cory Win/Lose/Push":"Win","Cory":"KC ML","JB Bet Amount":"$30","JB Win/Lose/Push":"Loss","JB":"Coach Rigdon","Ethan Bet Amount":"$10","Ethan Win/Lose/Push":"Loss","Ethan":"Butler","Jaime Bet Amount":"","Jaime Win/Lose/Push":"","Jaime":"","Nathan Bet Amount":"","Nathan Win/Lose/Push":"","Nathan":"","Evan Bet Amount":"","Evan Win/Lose/Push":"","Evan":"","Brandon Bet Amount":"","Brandon Win/Lose/Push":"","Brandon":"","Total Team Bet":"$100.00","Legends Bet":null,"Leaders Bet":null,"To Win":null,"Payout":null,"TOTALS":null,"Mitch Totals":null,"Phil Totals":null,"Bryce Totals":null,"Cory Totals":null,"JB Totals":null,"Ethan Totals":null,"Jaime Totals":null,"Nate Totals":null,"Evan Totals":null,"Brandon Totals":null},{"Week":"26","Date":"2/16/24","Mitch Bet Amount":"$15","Mitch Win/Lose/Push":"Win","Mitch":"Duke  ","Phil Bet Amount":"$25","Phil Win/Lose/Push":"Win","Phil":"Ethan ","Bryce Bet Amount":"$5","Bryce Win/Lose/Push":"Win","Bryce":"Genesis - Match ups (Cam Young over Tom Kim)  ","Cory Bet Amount":"$5","Cory Win/Lose/Push":"Loss","Cory":"South Carolina  ","JB Bet Amount":"$35","JB Win/Lose/Push":"Loss","JB":"suburban husband, flowing blond hair ","Ethan Bet Amount":"$15","Ethan Win/Lose/Push":"Win","Ethan":"UConn ","Jaime Bet Amount":"","Jaime Win/Lose/Push":"","Jaime":"","Nathan Bet Amount":"","Nathan Win/Lose/Push":"","Nathan":"","Evan Bet Amount":"","Evan Win/Lose/Push":"","Evan":"","Brandon Bet Amount":"","Brandon Win/Lose/Push":"","Brandon":"","Total Team Bet":"$100.00","Legends Bet":null,"Leaders Bet":null,"To Win":null,"Payout":null,"TOTALS":null,"Mitch Totals":null,"Phil Totals":null,"Bryce Totals":null,"Cory Totals":null,"JB Totals":null,"Ethan Totals":null,"Jaime Totals":null,"Nate Totals":null,"Evan Totals":null,"Brandon Totals":null},{"Week":"27","Date":"2/23/24","Mitch Bet Amount":"$5","Mitch Win/Lose/Push":"Win","Mitch":"TCU ","Phil Bet Amount":"$5","Phil Win/Lose/Push":"Loss","Phil":"Missouri / Arkansas Under 145.5 ","Bryce Bet Amount":"$5","Bryce Win/Lose/Push":"Loss","Bryce":"Utah  ","Cory Bet Amount":"$10","Cory Win/Lose/Push":"Loss","Cory":"Kraken ","JB Bet Amount":"$40","JB Win/Lose/Push":"Win","JB":"mitch ","Ethan Bet Amount":"$5","Ethan Win/Lose/Push":"Win","Ethan":"Arkansas -5 ","Jaime Bet Amount":"","Jaime Win/Lose/Push":"","Jaime":"","Nathan Bet Amount":"","Nathan Win/Lose/Push":"","Nathan":"","Evan Bet Amount":"","Evan Win/Lose/Push":"","Evan":"","Brandon Bet Amount":"","Brandon Win/Lose/Push":"","Brandon":"","Total Team Bet":"$70.00","Legends Bet":null,"Leaders Bet":null,"To Win":null,"Payout":null,"TOTALS":null,"Mitch Totals":null,"Phil Totals":null,"Bryce Totals":null,"Cory Totals":null,"JB Totals":null,"Ethan Totals":null,"Jaime Totals":null,"Nate Totals":null,"Evan Totals":null,"Brandon Totals":null},{"Week":"28","Date":"3/1/24","Mitch Bet Amount":"$5","Mitch Win/Lose/Push":"Win","Mitch":"wazzu -6","Phil Bet Amount":"$10","Phil Win/Lose/Push":"Win","Phil":"Mitch","Bryce Bet Amount":"$10","Bryce Win/Lose/Push":"Win","Bryce":"3rd round match up - j. knapp","Cory Bet Amount":"$15","Cory Win/Lose/Push":"Loss","Cory":"Minn -6.5","JB Bet Amount":"$5","JB Win/Lose/Push":"Loss","JB":"ethan","Ethan Bet Amount":"$5","Ethan Win/Lose/Push":"Loss","Ethan":"Northwestern -3.5","Jaime Bet Amount":null,"Jaime Win/Lose/Push":null,"Jaime":null,"Nathan Bet Amount":null,"Nathan Win/Lose/Push":null,"Nathan":null,"Evan Bet Amount":null,"Evan Win/Lose/Push":null,"Evan":null,"Brandon Bet Amount":null,"Brandon Win/Lose/Push":null,"Brandon":null,"Total Team Bet":null,"Legends Bet":null,"Leaders Bet":null,"To Win":null,"Payout":null,"TOTALS":null,"Mitch Totals":null,"Phil Totals":null,"Bryce Totals":null,"Cory Totals":null,"JB Totals":null,"Ethan Totals":null,"Jaime Totals":null,"Nate Totals":null,"Evan Totals":null,"Brandon Totals":null},{"Week":"29","Date":"3/8/24","Mitch Bet Amount":"$5","Mitch Win/Lose/Push":"Win","Mitch":"Marquette","Phil Bet Amount":"$5","Phil Win/Lose/Push":"Win","Phil":"Western Kentucky +5.5","Bryce Bet Amount":"$5","Bryce Win/Lose/Push":"Win","Bryce":"Arnold Palmer Top 20 Finish - Nick Taylor  ","Cory Bet Amount":"$20","Cory Win/Lose/Push":"Win","Cory":"Ethan","JB Bet Amount":"$10","JB Win/Lose/Push":"Win","JB":"mitch","Ethan Bet Amount":"$10","Ethan Win/Lose/Push":"Win","Ethan":"Creighton -1","Jaime Bet Amount":"","Jaime Win/Lose/Push":"","Jaime":"","Nathan Bet Amount":"","Nathan Win/Lose/Push":"","Nathan":"","Evan Bet Amount":"","Evan Win/Lose/Push":"","Evan":"","Brandon Bet Amount":"","Brandon Win/Lose/Push":"","Brandon":"","Total Team Bet":"","Legends Bet":"","Leaders Bet":"","To Win":"319.76","Payout":"$319.76","TOTALS":null,"Mitch Totals":null,"Phil Totals":null,"Bryce Totals":null,"Cory Totals":null,"JB Totals":null,"Ethan Totals":null,"Jaime Totals":null,"Nate Totals":null,"Evan Totals":null,"Brandon Totals":null},{"Week":"30","Date":"3/15/24","Mitch Bet Amount":"$5","Mitch Win/Lose/Push":"Loss","Mitch":"Auburn -7.5","Phil Bet Amount":"$5","Phil Win/Lose/Push":"Loss","Phil":"UTEP +3.5","Bryce Bet Amount":"$5","Bryce Win/Lose/Push":"Loss","Bryce":"Tail Cory","Cory Bet Amount":"$5","Cory Win/Lose/Push":"Loss","Cory":"English over theegala ","JB Bet Amount":"$5","JB Win/Lose/Push":"Loss","JB":"mitch","Ethan Bet Amount":"$5","Ethan Win/Lose/Push":"Win","Ethan":"Wisconsin +6","Jaime Bet Amount":null,"Jaime Win/Lose/Push":null,"Jaime":null,"Nathan Bet Amount":null,"Nathan Win/Lose/Push":null,"Nathan":null,"Evan Bet Amount":null,"Evan Win/Lose/Push":null,"Evan":null,"Brandon Bet Amount":null,"Brandon Win/Lose/Push":null,"Brandon":null,"Total Team Bet":null,"Legends Bet":null,"Leaders Bet":null,"To Win":null,"Payout":null,"TOTALS":null,"Mitch Totals":null,"Phil Totals":null,"Bryce Totals":null,"Cory Totals":null,"JB Totals":null,"Ethan Totals":null,"Jaime Totals":null,"Nate Totals":null,"Evan Totals":null,"Brandon Totals":null},{"Week":"31","Date":"3/22/24","Mitch Bet Amount":"$10","Mitch Win/Lose/Push":"Win","Mitch":"UNC -4  ","Phil Bet Amount":"$10","Phil Win/Lose/Push":"Win","Phil":"Texas/Tennessee under  ","Bryce Bet Amount":"$10","Bryce Win/Lose/Push":"Loss","Bryce":"cam young over wallace  ","Cory Bet Amount":"$10","Cory Win/Lose/Push":"Win","Cory":"Hugh's over Todd   ","JB Bet Amount":"$10","JB Win/Lose/Push":"Win","JB":"Vegas knights under  ","Ethan Bet Amount":"$5","Ethan Win/Lose/Push":"Win","Ethan":"Iowa St -6.5  ","Jaime Bet Amount":"","Jaime Win/Lose/Push":"","Jaime":"","Nathan Bet Amount":"","Nathan Win/Lose/Push":"","Nathan":"","Evan Bet Amount":"","Evan Win/Lose/Push":"","Evan":"","Brandon Bet Amount":"","Brandon Win/Lose/Push":"","Brandon":"","Total Team Bet":"","Legends Bet":"","Leaders Bet":"","To Win":"1505.6","Payout":"$1,505.60","TOTALS":null,"Mitch Totals":null,"Phil Totals":null,"Bryce Totals":null,"Cory Totals":null,"JB Totals":null,"Ethan Totals":null,"Jaime Totals":null,"Nate Totals":null,"Evan Totals":null,"Brandon Totals":null},{"Week":"32","Date":"03/29/2024","Mitch Bet Amount":"$5","Mitch Win/Lose/Push":"","Mitch":"","Phil Bet Amount":"$5","Phil Win/Lose/Push":"","Phil":"","Bryce Bet Amount":"$15","Bryce Win/Lose/Push":"","Bryce":"","Cory Bet Amount":"$5","Cory Win/Lose/Push":"","Cory":"","JB Bet Amount":"$5","JB Win/Lose/Push":"","JB":"","Ethan Bet Amount":"$5","Ethan Win/Lose/Push":null,"Ethan":null,"Jaime Bet Amount":null,"Jaime Win/Lose/Push":null,"Jaime":null,"Nathan Bet Amount":null,"Nathan Win/Lose/Push":null,"Nathan":null,"Evan Bet Amount":null,"Evan Win/Lose/Push":null,"Evan":null,"Brandon Bet Amount":null,"Brandon Win/Lose/Push":null,"Brandon":null,"Total Team Bet":null,"Legends Bet":null,"Leaders Bet":null,"To Win":null,"Payout":null,"TOTALS":null,"Mitch Totals":null,"Phil Totals":null,"Bryce Totals":null,"Cory Totals":null,"JB Totals":null,"Ethan Totals":null,"Jaime Totals":null,"Nate Totals":null,"Evan Totals":null,"Brandon Totals":null},{"Week":"33","Date":"04/05/2024","Mitch Bet Amount":null,"Mitch Win/Lose/Push":null,"Mitch":null,"Phil Bet Amount":null,"Phil Win/Lose/Push":null,"Phil":null,"Bryce Bet Amount":null,"Bryce Win/Lose/Push":null,"Bryce":null,"Cory Bet Amount":null,"Cory Win/Lose/Push":null,"Cory":null,"JB Bet Amount":null,"JB Win/Lose/Push":null,"JB":null,"Ethan Bet Amount":null,"Ethan Win/Lose/Push":null,"Ethan":null,"Jaime Bet Amount":null,"Jaime Win/Lose/Push":null,"Jaime":null,"Nathan Bet Amount":null,"Nathan Win/Lose/Push":null,"Nathan":null,"Evan Bet Amount":null,"Evan Win/Lose/Push":null,"Evan":null,"Brandon Bet Amount":null,"Brandon Win/Lose/Push":null,"Brandon":null,"Total Team Bet":null,"Legends Bet":null,"Leaders Bet":null,"To Win":null,"Payout":null,"TOTALS":null,"Mitch Totals":null,"Phil Totals":null,"Bryce Totals":null,"Cory Totals":null,"JB Totals":null,"Ethan Totals":null,"Jaime Totals":null,"Nate Totals":null,"Evan Totals":null,"Brandon Totals":null},{"Week":"34","Date":"04/12/2024","Mitch Bet Amount":null,"Mitch Win/Lose/Push":null,"Mitch":null,"Phil Bet Amount":null,"Phil Win/Lose/Push":null,"Phil":null,"Bryce Bet Amount":null,"Bryce Win/Lose/Push":null,"Bryce":null,"Cory Bet Amount":null,"Cory Win/Lose/Push":null,"Cory":null,"JB Bet Amount":null,"JB Win/Lose/Push":null,"JB":null,"Ethan Bet Amount":null,"Ethan Win/Lose/Push":null,"Ethan":null,"Jaime Bet Amount":null,"Jaime Win/Lose/Push":null,"Jaime":null,"Nathan Bet Amount":null,"Nathan Win/Lose/Push":null,"Nathan":null,"Evan Bet Amount":null,"Evan Win/Lose/Push":null,"Evan":null,"Brandon Bet Amount":null,"Brandon Win/Lose/Push":null,"Brandon":null,"Total Team Bet":null,"Legends Bet":null,"Leaders Bet":null,"To Win":null,"Payout":null,"TOTALS":null,"Mitch Totals":null,"Phil Totals":null,"Bryce Totals":null,"Cory Totals":null,"JB Totals":null,"Ethan Totals":null,"Jaime Totals":null,"Nate Totals":null,"Evan Totals":null,"Brandon Totals":null},{"Week":"35","Date":"04/19/2024","Mitch Bet Amount":null,"Mitch Win/Lose/Push":null,"Mitch":null,"Phil Bet Amount":null,"Phil Win/Lose/Push":null,"Phil":null,"Bryce Bet Amount":null,"Bryce Win/Lose/Push":null,"Bryce":null,"Cory Bet Amount":null,"Cory Win/Lose/Push":null,"Cory":null,"JB Bet Amount":null,"JB Win/Lose/Push":null,"JB":null,"Ethan Bet Amount":null,"Ethan Win/Lose/Push":null,"Ethan":null,"Jaime Bet Amount":null,"Jaime Win/Lose/Push":null,"Jaime":null,"Nathan Bet Amount":null,"Nathan Win/Lose/Push":null,"Nathan":null,"Evan Bet Amount":null,"Evan Win/Lose/Push":null,"Evan":null,"Brandon Bet Amount":null,"Brandon Win/Lose/Push":null,"Brandon":null,"Total Team Bet":null,"Legends Bet":null,"Leaders Bet":null,"To Win":null,"Payout":null,"TOTALS":null,"Mitch Totals":null,"Phil Totals":null,"Bryce Totals":null,"Cory Totals":null,"JB Totals":null,"Ethan Totals":null,"Jaime Totals":null,"Nate Totals":null,"Evan Totals":null,"Brandon Totals":null},{"Week":"36","Date":"04/26/2024","Mitch Bet Amount":null,"Mitch Win/Lose/Push":null,"Mitch":null,"Phil Bet Amount":null,"Phil Win/Lose/Push":null,"Phil":null,"Bryce Bet Amount":null,"Bryce Win/Lose/Push":null,"Bryce":null,"Cory Bet Amount":null,"Cory Win/Lose/Push":null,"Cory":null,"JB Bet Amount":null,"JB Win/Lose/Push":null,"JB":null,"Ethan Bet Amount":null,"Ethan Win/Lose/Push":null,"Ethan":null,"Jaime Bet Amount":null,"Jaime Win/Lose/Push":null,"Jaime":null,"Nathan Bet Amount":null,"Nathan Win/Lose/Push":null,"Nathan":null,"Evan Bet Amount":null,"Evan Win/Lose/Push":null,"Evan":null,"Brandon Bet Amount":null,"Brandon Win/Lose/Push":null,"Brandon":null,"Total Team Bet":null,"Legends Bet":null,"Leaders Bet":null,"To Win":null,"Payout":null,"TOTALS":null,"Mitch Totals":null,"Phil Totals":null,"Bryce Totals":null,"Cory Totals":null,"JB Totals":null,"Ethan Totals":null,"Jaime Totals":null,"Nate Totals":null,"Evan Totals":null,"Brandon Totals":null},{"Week":"37","Date":"05/03/2024","Mitch Bet Amount":null,"Mitch Win/Lose/Push":null,"Mitch":null,"Phil Bet Amount":null,"Phil Win/Lose/Push":null,"Phil":null,"Bryce Bet Amount":null,"Bryce Win/Lose/Push":null,"Bryce":null,"Cory Bet Amount":null,"Cory Win/Lose/Push":null,"Cory":null,"JB Bet Amount":null,"JB Win/Lose/Push":null,"JB":null,"Ethan Bet Amount":null,"Ethan Win/Lose/Push":null,"Ethan":null,"Jaime Bet Amount":null,"Jaime Win/Lose/Push":null,"Jaime":null,"Nathan Bet Amount":null,"Nathan Win/Lose/Push":null,"Nathan":null,"Evan Bet Amount":null,"Evan Win/Lose/Push":null,"Evan":null,"Brandon Bet Amount":null,"Brandon Win/Lose/Push":null,"Brandon":null,"Total Team Bet":null,"Legends Bet":null,"Leaders Bet":null,"To Win":null,"Payout":null,"TOTALS":null,"Mitch Totals":null,"Phil Totals":null,"Bryce Totals":null,"Cory Totals":null,"JB Totals":null,"Ethan Totals":null,"Jaime Totals":null,"Nate Totals":null,"Evan Totals":null,"Brandon Totals":null},{"Week":"38","Date":"05/10/2024","Mitch Bet Amount":null,"Mitch Win/Lose/Push":null,"Mitch":null,"Phil Bet Amount":null,"Phil Win/Lose/Push":null,"Phil":null,"Bryce Bet Amount":null,"Bryce Win/Lose/Push":null,"Bryce":null,"Cory Bet Amount":null,"Cory Win/Lose/Push":null,"Cory":null,"JB Bet Amount":null,"JB Win/Lose/Push":null,"JB":null,"Ethan Bet Amount":null,"Ethan Win/Lose/Push":null,"Ethan":null,"Jaime Bet Amount":null,"Jaime Win/Lose/Push":null,"Jaime":null,"Nathan Bet Amount":null,"Nathan Win/Lose/Push":null,"Nathan":null,"Evan Bet Amount":null,"Evan Win/Lose/Push":null,"Evan":null,"Brandon Bet Amount":null,"Brandon Win/Lose/Push":null,"Brandon":null,"Total Team Bet":null,"Legends Bet":null,"Leaders Bet":null,"To Win":null,"Payout":null,"TOTALS":null,"Mitch Totals":null,"Phil Totals":null,"Bryce Totals":null,"Cory Totals":null,"JB Totals":null,"Ethan Totals":null,"Jaime Totals":null,"Nate Totals":null,"Evan Totals":null,"Brandon Totals":null},{"Week":"39","Date":"05/17/2024","Mitch Bet Amount":null,"Mitch Win/Lose/Push":null,"Mitch":null,"Phil Bet Amount":null,"Phil Win/Lose/Push":null,"Phil":null,"Bryce Bet Amount":null,"Bryce Win/Lose/Push":null,"Bryce":null,"Cory Bet Amount":null,"Cory Win/Lose/Push":null,"Cory":null,"JB Bet Amount":null,"JB Win/Lose/Push":null,"JB":null,"Ethan Bet Amount":null,"Ethan Win/Lose/Push":null,"Ethan":null,"Jaime Bet Amount":null,"Jaime Win/Lose/Push":null,"Jaime":null,"Nathan Bet Amount":null,"Nathan Win/Lose/Push":null,"Nathan":null,"Evan Bet Amount":null,"Evan Win/Lose/Push":null,"Evan":null,"Brandon Bet Amount":null,"Brandon Win/Lose/Push":null,"Brandon":null,"Total Team Bet":null,"Legends Bet":null,"Leaders Bet":null,"To Win":null,"Payout":null,"TOTALS":null,"Mitch Totals":null,"Phil Totals":null,"Bryce Totals":null,"Cory Totals":null,"JB Totals":null,"Ethan Totals":null,"Jaime Totals":null,"Nate Totals":null,"Evan Totals":null,"Brandon Totals":null},{"Week":"40","Date":"05/24/2024","Mitch Bet Amount":null,"Mitch Win/Lose/Push":null,"Mitch":null,"Phil Bet Amount":null,"Phil Win/Lose/Push":null,"Phil":null,"Bryce Bet Amount":null,"Bryce Win/Lose/Push":null,"Bryce":null,"Cory Bet Amount":null,"Cory Win/Lose/Push":null,"Cory":null,"JB Bet Amount":null,"JB Win/Lose/Push":null,"JB":null,"Ethan Bet Amount":null,"Ethan Win/Lose/Push":null,"Ethan":null,"Jaime Bet Amount":null,"Jaime Win/Lose/Push":null,"Jaime":null,"Nathan Bet Amount":null,"Nathan Win/Lose/Push":null,"Nathan":null,"Evan Bet Amount":null,"Evan Win/Lose/Push":null,"Evan":null,"Brandon Bet Amount":null,"Brandon Win/Lose/Push":null,"Brandon":null,"Total Team Bet":null,"Legends Bet":null,"Leaders Bet":null,"To Win":null,"Payout":null,"TOTALS":null,"Mitch Totals":null,"Phil Totals":null,"Bryce Totals":null,"Cory Totals":null,"JB Totals":null,"Ethan Totals":null,"Jaime Totals":null,"Nate Totals":null,"Evan Totals":null,"Brandon Totals":null},{"Week":"41","Date":"05/31/2024","Mitch Bet Amount":null,"Mitch Win/Lose/Push":null,"Mitch":null,"Phil Bet Amount":null,"Phil Win/Lose/Push":null,"Phil":null,"Bryce Bet Amount":null,"Bryce Win/Lose/Push":null,"Bryce":null,"Cory Bet Amount":null,"Cory Win/Lose/Push":null,"Cory":null,"JB Bet Amount":null,"JB Win/Lose/Push":null,"JB":null,"Ethan Bet Amount":null,"Ethan Win/Lose/Push":null,"Ethan":null,"Jaime Bet Amount":null,"Jaime Win/Lose/Push":null,"Jaime":null,"Nathan Bet Amount":null,"Nathan Win/Lose/Push":null,"Nathan":null,"Evan Bet Amount":null,"Evan Win/Lose/Push":null,"Evan":null,"Brandon Bet Amount":null,"Brandon Win/Lose/Push":null,"Brandon":null,"Total Team Bet":null,"Legends Bet":null,"Leaders Bet":null,"To Win":null,"Payout":null,"TOTALS":null,"Mitch Totals":null,"Phil Totals":null,"Bryce Totals":null,"Cory Totals":null,"JB Totals":null,"Ethan Totals":null,"Jaime Totals":null,"Nate Totals":null,"Evan Totals":null,"Brandon Totals":null},{"Week":"42","Date":"06/07/2024","Mitch Bet Amount":null,"Mitch Win/Lose/Push":null,"Mitch":null,"Phil Bet Amount":null,"Phil Win/Lose/Push":null,"Phil":null,"Bryce Bet Amount":null,"Bryce Win/Lose/Push":null,"Bryce":null,"Cory Bet Amount":null,"Cory Win/Lose/Push":null,"Cory":null,"JB Bet Amount":null,"JB Win/Lose/Push":null,"JB":null,"Ethan Bet Amount":null,"Ethan Win/Lose/Push":null,"Ethan":null,"Jaime Bet Amount":null,"Jaime Win/Lose/Push":null,"Jaime":null,"Nathan Bet Amount":null,"Nathan Win/Lose/Push":null,"Nathan":null,"Evan Bet Amount":null,"Evan Win/Lose/Push":null,"Evan":null,"Brandon Bet Amount":null,"Brandon Win/Lose/Push":null,"Brandon":null,"Total Team Bet":null,"Legends Bet":null,"Leaders Bet":null,"To Win":null,"Payout":null,"TOTALS":null,"Mitch Totals":null,"Phil Totals":null,"Bryce Totals":null,"Cory Totals":null,"JB Totals":null,"Ethan Totals":null,"Jaime Totals":null,"Nate Totals":null,"Evan Totals":null,"Brandon Totals":null},{"Week":"43","Date":"06/14/2024","Mitch Bet Amount":null,"Mitch Win/Lose/Push":null,"Mitch":null,"Phil Bet Amount":null,"Phil Win/Lose/Push":null,"Phil":null,"Bryce Bet Amount":null,"Bryce Win/Lose/Push":null,"Bryce":null,"Cory Bet Amount":null,"Cory Win/Lose/Push":null,"Cory":null,"JB Bet Amount":null,"JB Win/Lose/Push":null,"JB":null,"Ethan Bet Amount":null,"Ethan Win/Lose/Push":null,"Ethan":null,"Jaime Bet Amount":null,"Jaime Win/Lose/Push":null,"Jaime":null,"Nathan Bet Amount":null,"Nathan Win/Lose/Push":null,"Nathan":null,"Evan Bet Amount":null,"Evan Win/Lose/Push":null,"Evan":null,"Brandon Bet Amount":null,"Brandon Win/Lose/Push":null,"Brandon":null,"Total Team Bet":null,"Legends Bet":null,"Leaders Bet":null,"To Win":null,"Payout":null,"TOTALS":null,"Mitch Totals":null,"Phil Totals":null,"Bryce Totals":null,"Cory Totals":null,"JB Totals":null,"Ethan Totals":null,"Jaime Totals":null,"Nate Totals":null,"Evan Totals":null,"Brandon Totals":null},{"Week":"44","Date":"06/21/2024","Mitch Bet Amount":null,"Mitch Win/Lose/Push":null,"Mitch":null,"Phil Bet Amount":null,"Phil Win/Lose/Push":null,"Phil":null,"Bryce Bet Amount":null,"Bryce Win/Lose/Push":null,"Bryce":null,"Cory Bet Amount":null,"Cory Win/Lose/Push":null,"Cory":null,"JB Bet Amount":null,"JB Win/Lose/Push":null,"JB":null,"Ethan Bet Amount":null,"Ethan Win/Lose/Push":null,"Ethan":null,"Jaime Bet Amount":null,"Jaime Win/Lose/Push":null,"Jaime":null,"Nathan Bet Amount":null,"Nathan Win/Lose/Push":null,"Nathan":null,"Evan Bet Amount":null,"Evan Win/Lose/Push":null,"Evan":null,"Brandon Bet Amount":null,"Brandon Win/Lose/Push":null,"Brandon":null,"Total Team Bet":null,"Legends Bet":null,"Leaders Bet":null,"To Win":null,"Payout":null,"TOTALS":null,"Mitch Totals":null,"Phil Totals":null,"Bryce Totals":null,"Cory Totals":null,"JB Totals":null,"Ethan Totals":null,"Jaime Totals":null,"Nate Totals":null,"Evan Totals":null,"Brandon Totals":null},{"Week":"45","Date":"06/28/2024","Mitch Bet Amount":null,"Mitch Win/Lose/Push":null,"Mitch":null,"Phil Bet Amount":null,"Phil Win/Lose/Push":null,"Phil":null,"Bryce Bet Amount":null,"Bryce Win/Lose/Push":null,"Bryce":null,"Cory Bet Amount":null,"Cory Win/Lose/Push":null,"Cory":null,"JB Bet Amount":null,"JB Win/Lose/Push":null,"JB":null,"Ethan Bet Amount":null,"Ethan Win/Lose/Push":null,"Ethan":null,"Jaime Bet Amount":null,"Jaime Win/Lose/Push":null,"Jaime":null,"Nathan Bet Amount":null,"Nathan Win/Lose/Push":null,"Nathan":null,"Evan Bet Amount":null,"Evan Win/Lose/Push":null,"Evan":null,"Brandon Bet Amount":null,"Brandon Win/Lose/Push":null,"Brandon":null,"Total Team Bet":null,"Legends Bet":null,"Leaders Bet":null,"To Win":null,"Payout":null,"TOTALS":null,"Mitch Totals":null,"Phil Totals":null,"Bryce Totals":null,"Cory Totals":null,"JB Totals":null,"Ethan Totals":null,"Jaime Totals":null,"Nate Totals":null,"Evan Totals":null,"Brandon Totals":null},{"Week":"46","Date":"07/05/2024","Mitch Bet Amount":null,"Mitch Win/Lose/Push":null,"Mitch":null,"Phil Bet Amount":null,"Phil Win/Lose/Push":null,"Phil":null,"Bryce Bet Amount":null,"Bryce Win/Lose/Push":null,"Bryce":null,"Cory Bet Amount":null,"Cory Win/Lose/Push":null,"Cory":null,"JB Bet Amount":null,"JB Win/Lose/Push":null,"JB":null,"Ethan Bet Amount":null,"Ethan Win/Lose/Push":null,"Ethan":null,"Jaime Bet Amount":null,"Jaime Win/Lose/Push":null,"Jaime":null,"Nathan Bet Amount":null,"Nathan Win/Lose/Push":null,"Nathan":null,"Evan Bet Amount":null,"Evan Win/Lose/Push":null,"Evan":null,"Brandon Bet Amount":null,"Brandon Win/Lose/Push":null,"Brandon":null,"Total Team Bet":null,"Legends Bet":null,"Leaders Bet":null,"To Win":null,"Payout":null,"TOTALS":null,"Mitch Totals":null,"Phil Totals":null,"Bryce Totals":null,"Cory Totals":null,"JB Totals":null,"Ethan Totals":null,"Jaime Totals":null,"Nate Totals":null,"Evan Totals":null,"Brandon Totals":null},{"Week":"47","Date":"07/12/2024","Mitch Bet Amount":null,"Mitch Win/Lose/Push":null,"Mitch":null,"Phil Bet Amount":null,"Phil Win/Lose/Push":null,"Phil":null,"Bryce Bet Amount":null,"Bryce Win/Lose/Push":null,"Bryce":null,"Cory Bet Amount":null,"Cory Win/Lose/Push":null,"Cory":null,"JB Bet Amount":null,"JB Win/Lose/Push":null,"JB":null,"Ethan Bet Amount":null,"Ethan Win/Lose/Push":null,"Ethan":null,"Jaime Bet Amount":null,"Jaime Win/Lose/Push":null,"Jaime":null,"Nathan Bet Amount":null,"Nathan Win/Lose/Push":null,"Nathan":null,"Evan Bet Amount":null,"Evan Win/Lose/Push":null,"Evan":null,"Brandon Bet Amount":null,"Brandon Win/Lose/Push":null,"Brandon":null,"Total Team Bet":null,"Legends Bet":null,"Leaders Bet":null,"To Win":null,"Payout":null,"TOTALS":null,"Mitch Totals":null,"Phil Totals":null,"Bryce Totals":null,"Cory Totals":null,"JB Totals":null,"Ethan Totals":null,"Jaime Totals":null,"Nate Totals":null,"Evan Totals":null,"Brandon Totals":null},{"Week":"48","Date":"07/19/2024","Mitch Bet Amount":null,"Mitch Win/Lose/Push":null,"Mitch":null,"Phil Bet Amount":null,"Phil Win/Lose/Push":null,"Phil":null,"Bryce Bet Amount":null,"Bryce Win/Lose/Push":null,"Bryce":null,"Cory Bet Amount":null,"Cory Win/Lose/Push":null,"Cory":null,"JB Bet Amount":null,"JB Win/Lose/Push":null,"JB":null,"Ethan Bet Amount":null,"Ethan Win/Lose/Push":null,"Ethan":null,"Jaime Bet Amount":null,"Jaime Win/Lose/Push":null,"Jaime":null,"Nathan Bet Amount":null,"Nathan Win/Lose/Push":null,"Nathan":null,"Evan Bet Amount":null,"Evan Win/Lose/Push":null,"Evan":null,"Brandon Bet Amount":null,"Brandon Win/Lose/Push":null,"Brandon":null,"Total Team Bet":null,"Legends Bet":null,"Leaders Bet":null,"To Win":null,"Payout":null,"TOTALS":null,"Mitch Totals":null,"Phil Totals":null,"Bryce Totals":null,"Cory Totals":null,"JB Totals":null,"Ethan Totals":null,"Jaime Totals":null,"Nate Totals":null,"Evan Totals":null,"Brandon Totals":null},{"Week":"49","Date":"07/26/2024","Mitch Bet Amount":null,"Mitch Win/Lose/Push":null,"Mitch":null,"Phil Bet Amount":null,"Phil Win/Lose/Push":null,"Phil":null,"Bryce Bet Amount":null,"Bryce Win/Lose/Push":null,"Bryce":null,"Cory Bet Amount":null,"Cory Win/Lose/Push":null,"Cory":null,"JB Bet Amount":null,"JB Win/Lose/Push":null,"JB":null,"Ethan Bet Amount":null,"Ethan Win/Lose/Push":null,"Ethan":null,"Jaime Bet Amount":null,"Jaime Win/Lose/Push":null,"Jaime":null,"Nathan Bet Amount":null,"Nathan Win/Lose/Push":null,"Nathan":null,"Evan Bet Amount":null,"Evan Win/Lose/Push":null,"Evan":null,"Brandon Bet Amount":null,"Brandon Win/Lose/Push":null,"Brandon":null,"Total Team Bet":null,"Legends Bet":null,"Leaders Bet":null,"To Win":null,"Payout":null,"TOTALS":null,"Mitch Totals":null,"Phil Totals":null,"Bryce Totals":null,"Cory Totals":null,"JB Totals":null,"Ethan Totals":null,"Jaime Totals":null,"Nate Totals":null,"Evan Totals":null,"Brandon Totals":null},{"Week":"50","Date":"08/02/2024","Mitch Bet Amount":null,"Mitch Win/Lose/Push":null,"Mitch":null,"Phil Bet Amount":null,"Phil Win/Lose/Push":null,"Phil":null,"Bryce Bet Amount":null,"Bryce Win/Lose/Push":null,"Bryce":null,"Cory Bet Amount":null,"Cory Win/Lose/Push":null,"Cory":null,"JB Bet Amount":null,"JB Win/Lose/Push":null,"JB":null,"Ethan Bet Amount":null,"Ethan Win/Lose/Push":null,"Ethan":null,"Jaime Bet Amount":null,"Jaime Win/Lose/Push":null,"Jaime":null,"Nathan Bet Amount":null,"Nathan Win/Lose/Push":null,"Nathan":null,"Evan Bet Amount":null,"Evan Win/Lose/Push":null,"Evan":null,"Brandon Bet Amount":null,"Brandon Win/Lose/Push":null,"Brandon":null,"Total Team Bet":null,"Legends Bet":null,"Leaders Bet":null,"To Win":null,"Payout":null,"TOTALS":null,"Mitch Totals":null,"Phil Totals":null,"Bryce Totals":null,"Cory Totals":null,"JB Totals":null,"Ethan Totals":null,"Jaime Totals":null,"Nate Totals":null,"Evan Totals":null,"Brandon Totals":null},{"Week":"51","Date":"08/09/2024","Mitch Bet Amount":null,"Mitch Win/Lose/Push":null,"Mitch":null,"Phil Bet Amount":null,"Phil Win/Lose/Push":null,"Phil":null,"Bryce Bet Amount":null,"Bryce Win/Lose/Push":null,"Bryce":null,"Cory Bet Amount":null,"Cory Win/Lose/Push":null,"Cory":null,"JB Bet Amount":null,"JB Win/Lose/Push":null,"JB":null,"Ethan Bet Amount":null,"Ethan Win/Lose/Push":null,"Ethan":null,"Jaime Bet Amount":null,"Jaime Win/Lose/Push":null,"Jaime":null,"Nathan Bet Amount":null,"Nathan Win/Lose/Push":null,"Nathan":null,"Evan Bet Amount":null,"Evan Win/Lose/Push":null,"Evan":null,"Brandon Bet Amount":null,"Brandon Win/Lose/Push":null,"Brandon":null,"Total Team Bet":null,"Legends Bet":null,"Leaders Bet":null,"To Win":null,"Payout":null,"TOTALS":null,"Mitch Totals":null,"Phil Totals":null,"Bryce Totals":null,"Cory Totals":null,"JB Totals":null,"Ethan Totals":null,"Jaime Totals":null,"Nate Totals":null,"Evan Totals":null,"Brandon Totals":null},{"Week":"52","Date":"08/16/2024","Mitch Bet Amount":null,"Mitch Win/Lose/Push":null,"Mitch":null,"Phil Bet Amount":null,"Phil Win/Lose/Push":null,"Phil":null,"Bryce Bet Amount":null,"Bryce Win/Lose/Push":null,"Bryce":null,"Cory Bet Amount":null,"Cory Win/Lose/Push":null,"Cory":null,"JB Bet Amount":null,"JB Win/Lose/Push":null,"JB":null,"Ethan Bet Amount":null,"Ethan Win/Lose/Push":null,"Ethan":null,"Jaime Bet Amount":null,"Jaime Win/Lose/Push":null,"Jaime":null,"Nathan Bet Amount":null,"Nathan Win/Lose/Push":null,"Nathan":null,"Evan Bet Amount":null,"Evan Win/Lose/Push":null,"Evan":null,"Brandon Bet Amount":null,"Brandon Win/Lose/Push":null,"Brandon":null,"Total Team Bet":null,"Legends Bet":null,"Leaders Bet":null,"To Win":null,"Payout":null,"TOTALS":null,"Mitch Totals":null,"Phil Totals":null,"Bryce Totals":null,"Cory Totals":null,"JB Totals":null,"Ethan Totals":null,"Jaime Totals":null,"Nate Totals":null,"Evan Totals":null,"Brandon Totals":null},{"Week":"53","Date":"08/23/2024","Mitch Bet Amount":null,"Mitch Win/Lose/Push":null,"Mitch":null,"Phil Bet Amount":null,"Phil Win/Lose/Push":null,"Phil":null,"Bryce Bet Amount":null,"Bryce Win/Lose/Push":null,"Bryce":null,"Cory Bet Amount":null,"Cory Win/Lose/Push":null,"Cory":null,"JB Bet Amount":null,"JB Win/Lose/Push":null,"JB":null,"Ethan Bet Amount":null,"Ethan Win/Lose/Push":null,"Ethan":null,"Jaime Bet Amount":null,"Jaime Win/Lose/Push":null,"Jaime":null,"Nathan Bet Amount":null,"Nathan Win/Lose/Push":null,"Nathan":null,"Evan Bet Amount":null,"Evan Win/Lose/Push":null,"Evan":null,"Brandon Bet Amount":null,"Brandon Win/Lose/Push":null,"Brandon":null,"Total Team Bet":null,"Legends Bet":null,"Leaders Bet":null,"To Win":null,"Payout":null,"TOTALS":null,"Mitch Totals":null,"Phil Totals":null,"Bryce Totals":null,"Cory Totals":null,"JB Totals":null,"Ethan Totals":null,"Jaime Totals":null,"Nate Totals":null,"Evan Totals":null,"Brandon Totals":null},{"Week":"54","Date":"08/30/2024","Mitch Bet Amount":null,"Mitch Win/Lose/Push":null,"Mitch":null,"Phil Bet Amount":null,"Phil Win/Lose/Push":null,"Phil":null,"Bryce Bet Amount":null,"Bryce Win/Lose/Push":null,"Bryce":null,"Cory Bet Amount":null,"Cory Win/Lose/Push":null,"Cory":null,"JB Bet Amount":null,"JB Win/Lose/Push":null,"JB":null,"Ethan Bet Amount":null,"Ethan Win/Lose/Push":null,"Ethan":null,"Jaime Bet Amount":null,"Jaime Win/Lose/Push":null,"Jaime":null,"Nathan Bet Amount":null,"Nathan Win/Lose/Push":null,"Nathan":null,"Evan Bet Amount":null,"Evan Win/Lose/Push":null,"Evan":null,"Brandon Bet Amount":null,"Brandon Win/Lose/Push":null,"Brandon":null,"Total Team Bet":null,"Legends Bet":null,"Leaders Bet":null,"To Win":null,"Payout":null,"TOTALS":null,"Mitch Totals":null,"Phil Totals":null,"Bryce Totals":null,"Cory Totals":null,"JB Totals":null,"Ethan Totals":null,"Jaime Totals":null,"Nate Totals":null,"Evan Totals":null,"Brandon Totals":null},{"Week":"55","Date":"09/06/2024","Mitch Bet Amount":null,"Mitch Win/Lose/Push":null,"Mitch":null,"Phil Bet Amount":null,"Phil Win/Lose/Push":null,"Phil":null,"Bryce Bet Amount":null,"Bryce Win/Lose/Push":null,"Bryce":null,"Cory Bet Amount":null,"Cory Win/Lose/Push":null,"Cory":null,"JB Bet Amount":null,"JB Win/Lose/Push":null,"JB":null,"Ethan Bet Amount":null,"Ethan Win/Lose/Push":null,"Ethan":null,"Jaime Bet Amount":null,"Jaime Win/Lose/Push":null,"Jaime":null,"Nathan Bet Amount":null,"Nathan Win/Lose/Push":null,"Nathan":null,"Evan Bet Amount":null,"Evan Win/Lose/Push":null,"Evan":null,"Brandon Bet Amount":null,"Brandon Win/Lose/Push":null,"Brandon":null,"Total Team Bet":null,"Legends Bet":null,"Leaders Bet":null,"To Win":null,"Payout":null,"TOTALS":null,"Mitch Totals":null,"Phil Totals":null,"Bryce Totals":null,"Cory Totals":null,"JB Totals":null,"Ethan Totals":null,"Jaime Totals":null,"Nate Totals":null,"Evan Totals":null,"Brandon Totals":null},{"Week":"56","Date":"09/13/2024","Mitch Bet Amount":null,"Mitch Win/Lose/Push":null,"Mitch":null,"Phil Bet Amount":null,"Phil Win/Lose/Push":null,"Phil":null,"Bryce Bet Amount":null,"Bryce Win/Lose/Push":null,"Bryce":null,"Cory Bet Amount":null,"Cory Win/Lose/Push":null,"Cory":null,"JB Bet Amount":null,"JB Win/Lose/Push":null,"JB":null,"Ethan Bet Amount":null,"Ethan Win/Lose/Push":null,"Ethan":null,"Jaime Bet Amount":null,"Jaime Win/Lose/Push":null,"Jaime":null,"Nathan Bet Amount":null,"Nathan Win/Lose/Push":null,"Nathan":null,"Evan Bet Amount":null,"Evan Win/Lose/Push":null,"Evan":null,"Brandon Bet Amount":null,"Brandon Win/Lose/Push":null,"Brandon":null,"Total Team Bet":null,"Legends Bet":null,"Leaders Bet":null,"To Win":null,"Payout":null,"TOTALS":null,"Mitch Totals":null,"Phil Totals":null,"Bryce Totals":null,"Cory Totals":null,"JB Totals":null,"Ethan Totals":null,"Jaime Totals":null,"Nate Totals":null,"Evan Totals":null,"Brandon Totals":null},{"Week":"57","Date":"09/20/2024","Mitch Bet Amount":null,"Mitch Win/Lose/Push":null,"Mitch":null,"Phil Bet Amount":null,"Phil Win/Lose/Push":null,"Phil":null,"Bryce Bet Amount":null,"Bryce Win/Lose/Push":null,"Bryce":null,"Cory Bet Amount":null,"Cory Win/Lose/Push":null,"Cory":null,"JB Bet Amount":null,"JB Win/Lose/Push":null,"JB":null,"Ethan Bet Amount":null,"Ethan Win/Lose/Push":null,"Ethan":null,"Jaime Bet Amount":null,"Jaime Win/Lose/Push":null,"Jaime":null,"Nathan Bet Amount":null,"Nathan Win/Lose/Push":null,"Nathan":null,"Evan Bet Amount":null,"Evan Win/Lose/Push":null,"Evan":null,"Brandon Bet Amount":null,"Brandon Win/Lose/Push":null,"Brandon":null,"Total Team Bet":null,"Legends Bet":null,"Leaders Bet":null,"To Win":null,"Payout":null,"TOTALS":null,"Mitch Totals":null,"Phil Totals":null,"Bryce Totals":null,"Cory Totals":null,"JB Totals":null,"Ethan Totals":null,"Jaime Totals":null,"Nate Totals":null,"Evan Totals":null,"Brandon Totals":null},{"Week":"58","Date":"09/27/2024","Mitch Bet Amount":null,"Mitch Win/Lose/Push":null,"Mitch":null,"Phil Bet Amount":null,"Phil Win/Lose/Push":null,"Phil":null,"Bryce Bet Amount":null,"Bryce Win/Lose/Push":null,"Bryce":null,"Cory Bet Amount":null,"Cory Win/Lose/Push":null,"Cory":null,"JB Bet Amount":null,"JB Win/Lose/Push":null,"JB":null,"Ethan Bet Amount":null,"Ethan Win/Lose/Push":null,"Ethan":null,"Jaime Bet Amount":null,"Jaime Win/Lose/Push":null,"Jaime":null,"Nathan Bet Amount":null,"Nathan Win/Lose/Push":null,"Nathan":null,"Evan Bet Amount":null,"Evan Win/Lose/Push":null,"Evan":null,"Brandon Bet Amount":null,"Brandon Win/Lose/Push":null,"Brandon":null,"Total Team Bet":null,"Legends Bet":null,"Leaders Bet":null,"To Win":null,"Payout":null,"TOTALS":null,"Mitch Totals":null,"Phil Totals":null,"Bryce Totals":null,"Cory Totals":null,"JB Totals":null,"Ethan Totals":null,"Jaime Totals":null,"Nate Totals":null,"Evan Totals":null,"Brandon Totals":null},{"Week":"59","Date":"10/04/2024","Mitch Bet Amount":null,"Mitch Win/Lose/Push":null,"Mitch":null,"Phil Bet Amount":null,"Phil Win/Lose/Push":null,"Phil":null,"Bryce Bet Amount":null,"Bryce Win/Lose/Push":null,"Bryce":null,"Cory Bet Amount":null,"Cory Win/Lose/Push":null,"Cory":null,"JB Bet Amount":null,"JB Win/Lose/Push":null,"JB":null,"Ethan Bet Amount":null,"Ethan Win/Lose/Push":null,"Ethan":null,"Jaime Bet Amount":null,"Jaime Win/Lose/Push":null,"Jaime":null,"Nathan Bet Amount":null,"Nathan Win/Lose/Push":null,"Nathan":null,"Evan Bet Amount":null,"Evan Win/Lose/Push":null,"Evan":null,"Brandon Bet Amount":null,"Brandon Win/Lose/Push":null,"Brandon":null,"Total Team Bet":null,"Legends Bet":null,"Leaders Bet":null,"To Win":null,"Payout":null,"TOTALS":null,"Mitch Totals":null,"Phil Totals":null,"Bryce Totals":null,"Cory Totals":null,"JB Totals":null,"Ethan Totals":null,"Jaime Totals":null,"Nate Totals":null,"Evan Totals":null,"Brandon Totals":null},{"Week":"60","Date":"10/11/2024","Mitch Bet Amount":null,"Mitch Win/Lose/Push":null,"Mitch":null,"Phil Bet Amount":null,"Phil Win/Lose/Push":null,"Phil":null,"Bryce Bet Amount":null,"Bryce Win/Lose/Push":null,"Bryce":null,"Cory Bet Amount":null,"Cory Win/Lose/Push":null,"Cory":null,"JB Bet Amount":null,"JB Win/Lose/Push":null,"JB":null,"Ethan Bet Amount":null,"Ethan Win/Lose/Push":null,"Ethan":null,"Jaime Bet Amount":null,"Jaime Win/Lose/Push":null,"Jaime":null,"Nathan Bet Amount":null,"Nathan Win/Lose/Push":null,"Nathan":null,"Evan Bet Amount":null,"Evan Win/Lose/Push":null,"Evan":null,"Brandon Bet Amount":null,"Brandon Win/Lose/Push":null,"Brandon":null,"Total Team Bet":null,"Legends Bet":null,"Leaders Bet":null,"To Win":null,"Payout":null,"TOTALS":null,"Mitch Totals":null,"Phil Totals":null,"Bryce Totals":null,"Cory Totals":null,"JB Totals":null,"Ethan Totals":null,"Jaime Totals":null,"Nate Totals":null,"Evan Totals":null,"Brandon Totals":null},{"Week":"61","Date":"10/18/2024","Mitch Bet Amount":null,"Mitch Win/Lose/Push":null,"Mitch":null,"Phil Bet Amount":null,"Phil Win/Lose/Push":null,"Phil":null,"Bryce Bet Amount":null,"Bryce Win/Lose/Push":null,"Bryce":null,"Cory Bet Amount":null,"Cory Win/Lose/Push":null,"Cory":null,"JB Bet Amount":null,"JB Win/Lose/Push":null,"JB":null,"Ethan Bet Amount":null,"Ethan Win/Lose/Push":null,"Ethan":null,"Jaime Bet Amount":null,"Jaime Win/Lose/Push":null,"Jaime":null,"Nathan Bet Amount":null,"Nathan Win/Lose/Push":null,"Nathan":null,"Evan Bet Amount":null,"Evan Win/Lose/Push":null,"Evan":null,"Brandon Bet Amount":null,"Brandon Win/Lose/Push":null,"Brandon":null,"Total Team Bet":null,"Legends Bet":null,"Leaders Bet":null,"To Win":null,"Payout":null,"TOTALS":null,"Mitch Totals":null,"Phil Totals":null,"Bryce Totals":null,"Cory Totals":null,"JB Totals":null,"Ethan Totals":null,"Jaime Totals":null,"Nate Totals":null,"Evan Totals":null,"Brandon Totals":null},{"Week":"62","Date":"10/25/2024","Mitch Bet Amount":null,"Mitch Win/Lose/Push":null,"Mitch":null,"Phil Bet Amount":null,"Phil Win/Lose/Push":null,"Phil":null,"Bryce Bet Amount":null,"Bryce Win/Lose/Push":null,"Bryce":null,"Cory Bet Amount":null,"Cory Win/Lose/Push":null,"Cory":null,"JB Bet Amount":null,"JB Win/Lose/Push":null,"JB":null,"Ethan Bet Amount":null,"Ethan Win/Lose/Push":null,"Ethan":null,"Jaime Bet Amount":null,"Jaime Win/Lose/Push":null,"Jaime":null,"Nathan Bet Amount":null,"Nathan Win/Lose/Push":null,"Nathan":null,"Evan Bet Amount":null,"Evan Win/Lose/Push":null,"Evan":null,"Brandon Bet Amount":null,"Brandon Win/Lose/Push":null,"Brandon":null,"Total Team Bet":null,"Legends Bet":null,"Leaders Bet":null,"To Win":null,"Payout":null,"TOTALS":null,"Mitch Totals":null,"Phil Totals":null,"Bryce Totals":null,"Cory Totals":null,"JB Totals":null,"Ethan Totals":null,"Jaime Totals":null,"Nate Totals":null,"Evan Totals":null,"Brandon Totals":null},{"Week":"63","Date":"11/01/2024","Mitch Bet Amount":null,"Mitch Win/Lose/Push":null,"Mitch":null,"Phil Bet Amount":null,"Phil Win/Lose/Push":null,"Phil":null,"Bryce Bet Amount":null,"Bryce Win/Lose/Push":null,"Bryce":null,"Cory Bet Amount":null,"Cory Win/Lose/Push":null,"Cory":null,"JB Bet Amount":null,"JB Win/Lose/Push":null,"JB":null,"Ethan Bet Amount":null,"Ethan Win/Lose/Push":null,"Ethan":null,"Jaime Bet Amount":null,"Jaime Win/Lose/Push":null,"Jaime":null,"Nathan Bet Amount":null,"Nathan Win/Lose/Push":null,"Nathan":null,"Evan Bet Amount":null,"Evan Win/Lose/Push":null,"Evan":null,"Brandon Bet Amount":null,"Brandon Win/Lose/Push":null,"Brandon":null,"Total Team Bet":null,"Legends Bet":null,"Leaders Bet":null,"To Win":null,"Payout":null,"TOTALS":null,"Mitch Totals":null,"Phil Totals":null,"Bryce Totals":null,"Cory Totals":null,"JB Totals":null,"Ethan Totals":null,"Jaime Totals":null,"Nate Totals":null,"Evan Totals":null,"Brandon Totals":null},{"Week":"64","Date":"11/08/2024","Mitch Bet Amount":null,"Mitch Win/Lose/Push":null,"Mitch":null,"Phil Bet Amount":null,"Phil Win/Lose/Push":null,"Phil":null,"Bryce Bet Amount":null,"Bryce Win/Lose/Push":null,"Bryce":null,"Cory Bet Amount":null,"Cory Win/Lose/Push":null,"Cory":null,"JB Bet Amount":null,"JB Win/Lose/Push":null,"JB":null,"Ethan Bet Amount":null,"Ethan Win/Lose/Push":null,"Ethan":null,"Jaime Bet Amount":null,"Jaime Win/Lose/Push":null,"Jaime":null,"Nathan Bet Amount":null,"Nathan Win/Lose/Push":null,"Nathan":null,"Evan Bet Amount":null,"Evan Win/Lose/Push":null,"Evan":null,"Brandon Bet Amount":null,"Brandon Win/Lose/Push":null,"Brandon":null,"Total Team Bet":null,"Legends Bet":null,"Leaders Bet":null,"To Win":null,"Payout":null,"TOTALS":null,"Mitch Totals":null,"Phil Totals":null,"Bryce Totals":null,"Cory Totals":null,"JB Totals":null,"Ethan Totals":null,"Jaime Totals":null,"Nate Totals":null,"Evan Totals":null,"Brandon Totals":null},{"Week":"65","Date":"11/15/2024","Mitch Bet Amount":null,"Mitch Win/Lose/Push":null,"Mitch":null,"Phil Bet Amount":null,"Phil Win/Lose/Push":null,"Phil":null,"Bryce Bet Amount":null,"Bryce Win/Lose/Push":null,"Bryce":null,"Cory Bet Amount":null,"Cory Win/Lose/Push":null,"Cory":null,"JB Bet Amount":null,"JB Win/Lose/Push":null,"JB":null,"Ethan Bet Amount":null,"Ethan Win/Lose/Push":null,"Ethan":null,"Jaime Bet Amount":null,"Jaime Win/Lose/Push":null,"Jaime":null,"Nathan Bet Amount":null,"Nathan Win/Lose/Push":null,"Nathan":null,"Evan Bet Amount":null,"Evan Win/Lose/Push":null,"Evan":null,"Brandon Bet Amount":null,"Brandon Win/Lose/Push":null,"Brandon":null,"Total Team Bet":null,"Legends Bet":null,"Leaders Bet":null,"To Win":null,"Payout":null,"TOTALS":null,"Mitch Totals":null,"Phil Totals":null,"Bryce Totals":null,"Cory Totals":null,"JB Totals":null,"Ethan Totals":null,"Jaime Totals":null,"Nate Totals":null,"Evan Totals":null,"Brandon Totals":null},{"Week":"66","Date":"11/22/2024","Mitch Bet Amount":null,"Mitch Win/Lose/Push":null,"Mitch":null,"Phil Bet Amount":null,"Phil Win/Lose/Push":null,"Phil":null,"Bryce Bet Amount":null,"Bryce Win/Lose/Push":null,"Bryce":null,"Cory Bet Amount":null,"Cory Win/Lose/Push":null,"Cory":null,"JB Bet Amount":null,"JB Win/Lose/Push":null,"JB":null,"Ethan Bet Amount":null,"Ethan Win/Lose/Push":null,"Ethan":null,"Jaime Bet Amount":null,"Jaime Win/Lose/Push":null,"Jaime":null,"Nathan Bet Amount":null,"Nathan Win/Lose/Push":null,"Nathan":null,"Evan Bet Amount":null,"Evan Win/Lose/Push":null,"Evan":null,"Brandon Bet Amount":null,"Brandon Win/Lose/Push":null,"Brandon":null,"Total Team Bet":null,"Legends Bet":null,"Leaders Bet":null,"To Win":null,"Payout":null,"TOTALS":null,"Mitch Totals":null,"Phil Totals":null,"Bryce Totals":null,"Cory Totals":null,"JB Totals":null,"Ethan Totals":null,"Jaime Totals":null,"Nate Totals":null,"Evan Totals":null,"Brandon Totals":null},{"Week":"67","Date":"11/29/2024","Mitch Bet Amount":null,"Mitch Win/Lose/Push":null,"Mitch":null,"Phil Bet Amount":null,"Phil Win/Lose/Push":null,"Phil":null,"Bryce Bet Amount":null,"Bryce Win/Lose/Push":null,"Bryce":null,"Cory Bet Amount":null,"Cory Win/Lose/Push":null,"Cory":null,"JB Bet Amount":null,"JB Win/Lose/Push":null,"JB":null,"Ethan Bet Amount":null,"Ethan Win/Lose/Push":null,"Ethan":null,"Jaime Bet Amount":null,"Jaime Win/Lose/Push":null,"Jaime":null,"Nathan Bet Amount":null,"Nathan Win/Lose/Push":null,"Nathan":null,"Evan Bet Amount":null,"Evan Win/Lose/Push":null,"Evan":null,"Brandon Bet Amount":null,"Brandon Win/Lose/Push":null,"Brandon":null,"Total Team Bet":null,"Legends Bet":null,"Leaders Bet":null,"To Win":null,"Payout":null,"TOTALS":null,"Mitch Totals":null,"Phil Totals":null,"Bryce Totals":null,"Cory Totals":null,"JB Totals":null,"Ethan Totals":null,"Jaime Totals":null,"Nate Totals":null,"Evan Totals":null,"Brandon Totals":null},{"Week":"68","Date":"12/06/2024","Mitch Bet Amount":null,"Mitch Win/Lose/Push":null,"Mitch":null,"Phil Bet Amount":null,"Phil Win/Lose/Push":null,"Phil":null,"Bryce Bet Amount":null,"Bryce Win/Lose/Push":null,"Bryce":null,"Cory Bet Amount":null,"Cory Win/Lose/Push":null,"Cory":null,"JB Bet Amount":null,"JB Win/Lose/Push":null,"JB":null,"Ethan Bet Amount":null,"Ethan Win/Lose/Push":null,"Ethan":null,"Jaime Bet Amount":null,"Jaime Win/Lose/Push":null,"Jaime":null,"Nathan Bet Amount":null,"Nathan Win/Lose/Push":null,"Nathan":null,"Evan Bet Amount":null,"Evan Win/Lose/Push":null,"Evan":null,"Brandon Bet Amount":null,"Brandon Win/Lose/Push":null,"Brandon":null,"Total Team Bet":null,"Legends Bet":null,"Leaders Bet":null,"To Win":null,"Payout":null,"TOTALS":null,"Mitch Totals":null,"Phil Totals":null,"Bryce Totals":null,"Cory Totals":null,"JB Totals":null,"Ethan Totals":null,"Jaime Totals":null,"Nate Totals":null,"Evan Totals":null,"Brandon Totals":null},{"Week":"69","Date":"12/13/2024","Mitch Bet Amount":null,"Mitch Win/Lose/Push":null,"Mitch":null,"Phil Bet Amount":null,"Phil Win/Lose/Push":null,"Phil":null,"Bryce Bet Amount":null,"Bryce Win/Lose/Push":null,"Bryce":null,"Cory Bet Amount":null,"Cory Win/Lose/Push":null,"Cory":null,"JB Bet Amount":null,"JB Win/Lose/Push":null,"JB":null,"Ethan Bet Amount":null,"Ethan Win/Lose/Push":null,"Ethan":null,"Jaime Bet Amount":null,"Jaime Win/Lose/Push":null,"Jaime":null,"Nathan Bet Amount":null,"Nathan Win/Lose/Push":null,"Nathan":null,"Evan Bet Amount":null,"Evan Win/Lose/Push":null,"Evan":null,"Brandon Bet Amount":null,"Brandon Win/Lose/Push":null,"Brandon":null,"Total Team Bet":null,"Legends Bet":null,"Leaders Bet":null,"To Win":null,"Payout":null,"TOTALS":null,"Mitch Totals":null,"Phil Totals":null,"Bryce Totals":null,"Cory Totals":null,"JB Totals":null,"Ethan Totals":null,"Jaime Totals":null,"Nate Totals":null,"Evan Totals":null,"Brandon Totals":null},{"Week":"70","Date":"12/20/2024","Mitch Bet Amount":null,"Mitch Win/Lose/Push":null,"Mitch":null,"Phil Bet Amount":null,"Phil Win/Lose/Push":null,"Phil":null,"Bryce Bet Amount":null,"Bryce Win/Lose/Push":null,"Bryce":null,"Cory Bet Amount":null,"Cory Win/Lose/Push":null,"Cory":null,"JB Bet Amount":null,"JB Win/Lose/Push":null,"JB":null,"Ethan Bet Amount":null,"Ethan Win/Lose/Push":null,"Ethan":null,"Jaime Bet Amount":null,"Jaime Win/Lose/Push":null,"Jaime":null,"Nathan Bet Amount":null,"Nathan Win/Lose/Push":null,"Nathan":null,"Evan Bet Amount":null,"Evan Win/Lose/Push":null,"Evan":null,"Brandon Bet Amount":null,"Brandon Win/Lose/Push":null,"Brandon":null,"Total Team Bet":null,"Legends Bet":null,"Leaders Bet":null,"To Win":null,"Payout":null,"TOTALS":null,"Mitch Totals":null,"Phil Totals":null,"Bryce Totals":null,"Cory Totals":null,"JB Totals":null,"Ethan Totals":null,"Jaime Totals":null,"Nate Totals":null,"Evan Totals":null,"Brandon Totals":null},{"Week":"71","Date":"12/27/2024","Mitch Bet Amount":null,"Mitch Win/Lose/Push":null,"Mitch":null,"Phil Bet Amount":null,"Phil Win/Lose/Push":null,"Phil":null,"Bryce Bet Amount":null,"Bryce Win/Lose/Push":null,"Bryce":null,"Cory Bet Amount":null,"Cory Win/Lose/Push":null,"Cory":null,"JB Bet Amount":null,"JB Win/Lose/Push":null,"JB":null,"Ethan Bet Amount":null,"Ethan Win/Lose/Push":null,"Ethan":null,"Jaime Bet Amount":null,"Jaime Win/Lose/Push":null,"Jaime":null,"Nathan Bet Amount":null,"Nathan Win/Lose/Push":null,"Nathan":null,"Evan Bet Amount":null,"Evan Win/Lose/Push":null,"Evan":null,"Brandon Bet Amount":null,"Brandon Win/Lose/Push":null,"Brandon":null,"Total Team Bet":null,"Legends Bet":null,"Leaders Bet":null,"To Win":null,"Payout":null,"TOTALS":null,"Mitch Totals":null,"Phil Totals":null,"Bryce Totals":null,"Cory Totals":null,"JB Totals":null,"Ethan Totals":null,"Jaime Totals":null,"Nate Totals":null,"Evan Totals":null,"Brandon Totals":null},{"Week":"72","Date":"01/03/2025","Mitch Bet Amount":null,"Mitch Win/Lose/Push":null,"Mitch":null,"Phil Bet Amount":null,"Phil Win/Lose/Push":null,"Phil":null,"Bryce Bet Amount":null,"Bryce Win/Lose/Push":null,"Bryce":null,"Cory Bet Amount":null,"Cory Win/Lose/Push":null,"Cory":null,"JB Bet Amount":null,"JB Win/Lose/Push":null,"JB":null,"Ethan Bet Amount":null,"Ethan Win/Lose/Push":null,"Ethan":null,"Jaime Bet Amount":null,"Jaime Win/Lose/Push":null,"Jaime":null,"Nathan Bet Amount":null,"Nathan Win/Lose/Push":null,"Nathan":null,"Evan Bet Amount":null,"Evan Win/Lose/Push":null,"Evan":null,"Brandon Bet Amount":null,"Brandon Win/Lose/Push":null,"Brandon":null,"Total Team Bet":null,"Legends Bet":null,"Leaders Bet":null,"To Win":null,"Payout":null,"TOTALS":null,"Mitch Totals":null,"Phil Totals":null,"Bryce Totals":null,"Cory Totals":null,"JB Totals":null,"Ethan Totals":null,"Jaime Totals":null,"Nate Totals":null,"Evan Totals":null,"Brandon Totals":null},{"Week":"73","Date":"01/10/2025","Mitch Bet Amount":null,"Mitch Win/Lose/Push":null,"Mitch":null,"Phil Bet Amount":null,"Phil Win/Lose/Push":null,"Phil":null,"Bryce Bet Amount":null,"Bryce Win/Lose/Push":null,"Bryce":null,"Cory Bet Amount":null,"Cory Win/Lose/Push":null,"Cory":null,"JB Bet Amount":null,"JB Win/Lose/Push":null,"JB":null,"Ethan Bet Amount":null,"Ethan Win/Lose/Push":null,"Ethan":null,"Jaime Bet Amount":null,"Jaime Win/Lose/Push":null,"Jaime":null,"Nathan Bet Amount":null,"Nathan Win/Lose/Push":null,"Nathan":null,"Evan Bet Amount":null,"Evan Win/Lose/Push":null,"Evan":null,"Brandon Bet Amount":null,"Brandon Win/Lose/Push":null,"Brandon":null,"Total Team Bet":null,"Legends Bet":null,"Leaders Bet":null,"To Win":null,"Payout":null,"TOTALS":null,"Mitch Totals":null,"Phil Totals":null,"Bryce Totals":null,"Cory Totals":null,"JB Totals":null,"Ethan Totals":null,"Jaime Totals":null,"Nate Totals":null,"Evan Totals":null,"Brandon Totals":null},{"Week":"74","Date":"01/17/2025","Mitch Bet Amount":null,"Mitch Win/Lose/Push":null,"Mitch":null,"Phil Bet Amount":null,"Phil Win/Lose/Push":null,"Phil":null,"Bryce Bet Amount":null,"Bryce Win/Lose/Push":null,"Bryce":null,"Cory Bet Amount":null,"Cory Win/Lose/Push":null,"Cory":null,"JB Bet Amount":null,"JB Win/Lose/Push":null,"JB":null,"Ethan Bet Amount":null,"Ethan Win/Lose/Push":null,"Ethan":null,"Jaime Bet Amount":null,"Jaime Win/Lose/Push":null,"Jaime":null,"Nathan Bet Amount":null,"Nathan Win/Lose/Push":null,"Nathan":null,"Evan Bet Amount":null,"Evan Win/Lose/Push":null,"Evan":null,"Brandon Bet Amount":null,"Brandon Win/Lose/Push":null,"Brandon":null,"Total Team Bet":null,"Legends Bet":null,"Leaders Bet":null,"To Win":null,"Payout":null,"TOTALS":null,"Mitch Totals":null,"Phil Totals":null,"Bryce Totals":null,"Cory Totals":null,"JB Totals":null,"Ethan Totals":null,"Jaime Totals":null,"Nate Totals":null,"Evan Totals":null,"Brandon Totals":null},{"Week":"75","Date":"01/24/2025","Mitch Bet Amount":null,"Mitch Win/Lose/Push":null,"Mitch":null,"Phil Bet Amount":null,"Phil Win/Lose/Push":null,"Phil":null,"Bryce Bet Amount":null,"Bryce Win/Lose/Push":null,"Bryce":null,"Cory Bet Amount":null,"Cory Win/Lose/Push":null,"Cory":null,"JB Bet Amount":null,"JB Win/Lose/Push":null,"JB":null,"Ethan Bet Amount":null,"Ethan Win/Lose/Push":null,"Ethan":null,"Jaime Bet Amount":null,"Jaime Win/Lose/Push":null,"Jaime":null,"Nathan Bet Amount":null,"Nathan Win/Lose/Push":null,"Nathan":null,"Evan Bet Amount":null,"Evan Win/Lose/Push":null,"Evan":null,"Brandon Bet Amount":null,"Brandon Win/Lose/Push":null,"Brandon":null,"Total Team Bet":null,"Legends Bet":null,"Leaders Bet":null,"To Win":null,"Payout":null,"TOTALS":null,"Mitch Totals":null,"Phil Totals":null,"Bryce Totals":null,"Cory Totals":null,"JB Totals":null,"Ethan Totals":null,"Jaime Totals":null,"Nate Totals":null,"Evan Totals":null,"Brandon Totals":null},{"Week":"76","Date":"01/31/2025","Mitch Bet Amount":null,"Mitch Win/Lose/Push":null,"Mitch":null,"Phil Bet Amount":null,"Phil Win/Lose/Push":null,"Phil":null,"Bryce Bet Amount":null,"Bryce Win/Lose/Push":null,"Bryce":null,"Cory Bet Amount":null,"Cory Win/Lose/Push":null,"Cory":null,"JB Bet Amount":null,"JB Win/Lose/Push":null,"JB":null,"Ethan Bet Amount":null,"Ethan Win/Lose/Push":null,"Ethan":null,"Jaime Bet Amount":null,"Jaime Win/Lose/Push":null,"Jaime":null,"Nathan Bet Amount":null,"Nathan Win/Lose/Push":null,"Nathan":null,"Evan Bet Amount":null,"Evan Win/Lose/Push":null,"Evan":null,"Brandon Bet Amount":null,"Brandon Win/Lose/Push":null,"Brandon":null,"Total Team Bet":null,"Legends Bet":null,"Leaders Bet":null,"To Win":null,"Payout":null,"TOTALS":null,"Mitch Totals":null,"Phil Totals":null,"Bryce Totals":null,"Cory Totals":null,"JB Totals":null,"Ethan Totals":null,"Jaime Totals":null,"Nate Totals":null,"Evan Totals":null,"Brandon Totals":null},{"Week":"77","Date":"02/07/2025","Mitch Bet Amount":null,"Mitch Win/Lose/Push":null,"Mitch":null,"Phil Bet Amount":null,"Phil Win/Lose/Push":null,"Phil":null,"Bryce Bet Amount":null,"Bryce Win/Lose/Push":null,"Bryce":null,"Cory Bet Amount":null,"Cory Win/Lose/Push":null,"Cory":null,"JB Bet Amount":null,"JB Win/Lose/Push":null,"JB":null,"Ethan Bet Amount":null,"Ethan Win/Lose/Push":null,"Ethan":null,"Jaime Bet Amount":null,"Jaime Win/Lose/Push":null,"Jaime":null,"Nathan Bet Amount":null,"Nathan Win/Lose/Push":null,"Nathan":null,"Evan Bet Amount":null,"Evan Win/Lose/Push":null,"Evan":null,"Brandon Bet Amount":null,"Brandon Win/Lose/Push":null,"Brandon":null,"Total Team Bet":null,"Legends Bet":null,"Leaders Bet":null,"To Win":null,"Payout":null,"TOTALS":null,"Mitch Totals":null,"Phil Totals":null,"Bryce Totals":null,"Cory Totals":null,"JB Totals":null,"Ethan Totals":null,"Jaime Totals":null,"Nate Totals":null,"Evan Totals":null,"Brandon Totals":null},{"Week":"78","Date":"02/14/2025","Mitch Bet Amount":null,"Mitch Win/Lose/Push":null,"Mitch":null,"Phil Bet Amount":null,"Phil Win/Lose/Push":null,"Phil":null,"Bryce Bet Amount":null,"Bryce Win/Lose/Push":null,"Bryce":null,"Cory Bet Amount":null,"Cory Win/Lose/Push":null,"Cory":null,"JB Bet Amount":null,"JB Win/Lose/Push":null,"JB":null,"Ethan Bet Amount":null,"Ethan Win/Lose/Push":null,"Ethan":null,"Jaime Bet Amount":null,"Jaime Win/Lose/Push":null,"Jaime":null,"Nathan Bet Amount":null,"Nathan Win/Lose/Push":null,"Nathan":null,"Evan Bet Amount":null,"Evan Win/Lose/Push":null,"Evan":null,"Brandon Bet Amount":null,"Brandon Win/Lose/Push":null,"Brandon":null,"Total Team Bet":null,"Legends Bet":null,"Leaders Bet":null,"To Win":null,"Payout":null,"TOTALS":null,"Mitch Totals":null,"Phil Totals":null,"Bryce Totals":null,"Cory Totals":null,"JB Totals":null,"Ethan Totals":null,"Jaime Totals":null,"Nate Totals":null,"Evan Totals":null,"Brandon Totals":null},{"Week":"79","Date":"02/21/2025","Mitch Bet Amount":null,"Mitch Win/Lose/Push":null,"Mitch":null,"Phil Bet Amount":null,"Phil Win/Lose/Push":null,"Phil":null,"Bryce Bet Amount":null,"Bryce Win/Lose/Push":null,"Bryce":null,"Cory Bet Amount":null,"Cory Win/Lose/Push":null,"Cory":null,"JB Bet Amount":null,"JB Win/Lose/Push":null,"JB":null,"Ethan Bet Amount":null,"Ethan Win/Lose/Push":null,"Ethan":null,"Jaime Bet Amount":null,"Jaime Win/Lose/Push":null,"Jaime":null,"Nathan Bet Amount":null,"Nathan Win/Lose/Push":null,"Nathan":null,"Evan Bet Amount":null,"Evan Win/Lose/Push":null,"Evan":null,"Brandon Bet Amount":null,"Brandon Win/Lose/Push":null,"Brandon":null,"Total Team Bet":null,"Legends Bet":null,"Leaders Bet":null,"To Win":null,"Payout":null,"TOTALS":null,"Mitch Totals":null,"Phil Totals":null,"Bryce Totals":null,"Cory Totals":null,"JB Totals":null,"Ethan Totals":null,"Jaime Totals":null,"Nate Totals":null,"Evan Totals":null,"Brandon Totals":null},{"Week":"80","Date":"02/28/2025","Mitch Bet Amount":null,"Mitch Win/Lose/Push":null,"Mitch":null,"Phil Bet Amount":null,"Phil Win/Lose/Push":null,"Phil":null,"Bryce Bet Amount":null,"Bryce Win/Lose/Push":null,"Bryce":null,"Cory Bet Amount":null,"Cory Win/Lose/Push":null,"Cory":null,"JB Bet Amount":null,"JB Win/Lose/Push":null,"JB":null,"Ethan Bet Amount":null,"Ethan Win/Lose/Push":null,"Ethan":null,"Jaime Bet Amount":null,"Jaime Win/Lose/Push":null,"Jaime":null,"Nathan Bet Amount":null,"Nathan Win/Lose/Push":null,"Nathan":null,"Evan Bet Amount":null,"Evan Win/Lose/Push":null,"Evan":null,"Brandon Bet Amount":null,"Brandon Win/Lose/Push":null,"Brandon":null,"Total Team Bet":null,"Legends Bet":null,"Leaders Bet":null,"To Win":null,"Payout":null,"TOTALS":null,"Mitch Totals":null,"Phil Totals":null,"Bryce Totals":null,"Cory Totals":null,"JB Totals":null,"Ethan Totals":null,"Jaime Totals":null,"Nate Totals":null,"Evan Totals":null,"Brandon Totals":null},{"Week":"81","Date":"03/07/2025","Mitch Bet Amount":null,"Mitch Win/Lose/Push":null,"Mitch":null,"Phil Bet Amount":null,"Phil Win/Lose/Push":null,"Phil":null,"Bryce Bet Amount":null,"Bryce Win/Lose/Push":null,"Bryce":null,"Cory Bet Amount":null,"Cory Win/Lose/Push":null,"Cory":null,"JB Bet Amount":null,"JB Win/Lose/Push":null,"JB":null,"Ethan Bet Amount":null,"Ethan Win/Lose/Push":null,"Ethan":null,"Jaime Bet Amount":null,"Jaime Win/Lose/Push":null,"Jaime":null,"Nathan Bet Amount":null,"Nathan Win/Lose/Push":null,"Nathan":null,"Evan Bet Amount":null,"Evan Win/Lose/Push":null,"Evan":null,"Brandon Bet Amount":null,"Brandon Win/Lose/Push":null,"Brandon":null,"Total Team Bet":null,"Legends Bet":null,"Leaders Bet":null,"To Win":null,"Payout":null,"TOTALS":null,"Mitch Totals":null,"Phil Totals":null,"Bryce Totals":null,"Cory Totals":null,"JB Totals":null,"Ethan Totals":null,"Jaime Totals":null,"Nate Totals":null,"Evan Totals":null,"Brandon Totals":null},{"Week":"82","Date":"03/14/2025","Mitch Bet Amount":null,"Mitch Win/Lose/Push":null,"Mitch":null,"Phil Bet Amount":null,"Phil Win/Lose/Push":null,"Phil":null,"Bryce Bet Amount":null,"Bryce Win/Lose/Push":null,"Bryce":null,"Cory Bet Amount":null,"Cory Win/Lose/Push":null,"Cory":null,"JB Bet Amount":null,"JB Win/Lose/Push":null,"JB":null,"Ethan Bet Amount":null,"Ethan Win/Lose/Push":null,"Ethan":null,"Jaime Bet Amount":null,"Jaime Win/Lose/Push":null,"Jaime":null,"Nathan Bet Amount":null,"Nathan Win/Lose/Push":null,"Nathan":null,"Evan Bet Amount":null,"Evan Win/Lose/Push":null,"Evan":null,"Brandon Bet Amount":null,"Brandon Win/Lose/Push":null,"Brandon":null,"Total Team Bet":null,"Legends Bet":null,"Leaders Bet":null,"To Win":null,"Payout":null,"TOTALS":null,"Mitch Totals":null,"Phil Totals":null,"Bryce Totals":null,"Cory Totals":null,"JB Totals":null,"Ethan Totals":null,"Jaime Totals":null,"Nate Totals":null,"Evan Totals":null,"Brandon Totals":null},{"Week":"83","Date":"03/21/2025","Mitch Bet Amount":null,"Mitch Win/Lose/Push":null,"Mitch":null,"Phil Bet Amount":null,"Phil Win/Lose/Push":null,"Phil":null,"Bryce Bet Amount":null,"Bryce Win/Lose/Push":null,"Bryce":null,"Cory Bet Amount":null,"Cory Win/Lose/Push":null,"Cory":null,"JB Bet Amount":null,"JB Win/Lose/Push":null,"JB":null,"Ethan Bet Amount":null,"Ethan Win/Lose/Push":null,"Ethan":null,"Jaime Bet Amount":null,"Jaime Win/Lose/Push":null,"Jaime":null,"Nathan Bet Amount":null,"Nathan Win/Lose/Push":null,"Nathan":null,"Evan Bet Amount":null,"Evan Win/Lose/Push":null,"Evan":null,"Brandon Bet Amount":null,"Brandon Win/Lose/Push":null,"Brandon":null,"Total Team Bet":null,"Legends Bet":null,"Leaders Bet":null,"To Win":null,"Payout":null,"TOTALS":null,"Mitch Totals":null,"Phil Totals":null,"Bryce Totals":null,"Cory Totals":null,"JB Totals":null,"Ethan Totals":null,"Jaime Totals":null,"Nate Totals":null,"Evan Totals":null,"Brandon Totals":null},{"Week":"84","Date":"03/28/2025","Mitch Bet Amount":null,"Mitch Win/Lose/Push":null,"Mitch":null,"Phil Bet Amount":null,"Phil Win/Lose/Push":null,"Phil":null,"Bryce Bet Amount":null,"Bryce Win/Lose/Push":null,"Bryce":null,"Cory Bet Amount":null,"Cory Win/Lose/Push":null,"Cory":null,"JB Bet Amount":null,"JB Win/Lose/Push":null,"JB":null,"Ethan Bet Amount":null,"Ethan Win/Lose/Push":null,"Ethan":null,"Jaime Bet Amount":null,"Jaime Win/Lose/Push":null,"Jaime":null,"Nathan Bet Amount":null,"Nathan Win/Lose/Push":null,"Nathan":null,"Evan Bet Amount":null,"Evan Win/Lose/Push":null,"Evan":null,"Brandon Bet Amount":null,"Brandon Win/Lose/Push":null,"Brandon":null,"Total Team Bet":null,"Legends Bet":null,"Leaders Bet":null,"To Win":null,"Payout":null,"TOTALS":null,"Mitch Totals":null,"Phil Totals":null,"Bryce Totals":null,"Cory Totals":null,"JB Totals":null,"Ethan Totals":null,"Jaime Totals":null,"Nate Totals":null,"Evan Totals":null,"Brandon Totals":null},{"Week":"85","Date":"04/04/2025","Mitch Bet Amount":null,"Mitch Win/Lose/Push":null,"Mitch":null,"Phil Bet Amount":null,"Phil Win/Lose/Push":null,"Phil":null,"Bryce Bet Amount":null,"Bryce Win/Lose/Push":null,"Bryce":null,"Cory Bet Amount":null,"Cory Win/Lose/Push":null,"Cory":null,"JB Bet Amount":null,"JB Win/Lose/Push":null,"JB":null,"Ethan Bet Amount":null,"Ethan Win/Lose/Push":null,"Ethan":null,"Jaime Bet Amount":null,"Jaime Win/Lose/Push":null,"Jaime":null,"Nathan Bet Amount":null,"Nathan Win/Lose/Push":null,"Nathan":null,"Evan Bet Amount":null,"Evan Win/Lose/Push":null,"Evan":null,"Brandon Bet Amount":null,"Brandon Win/Lose/Push":null,"Brandon":null,"Total Team Bet":null,"Legends Bet":null,"Leaders Bet":null,"To Win":null,"Payout":null,"TOTALS":null,"Mitch Totals":null,"Phil Totals":null,"Bryce Totals":null,"Cory Totals":null,"JB Totals":null,"Ethan Totals":null,"Jaime Totals":null,"Nate Totals":null,"Evan Totals":null,"Brandon Totals":null},{"Week":"86","Date":"04/11/2025","Mitch Bet Amount":null,"Mitch Win/Lose/Push":null,"Mitch":null,"Phil Bet Amount":null,"Phil Win/Lose/Push":null,"Phil":null,"Bryce Bet Amount":null,"Bryce Win/Lose/Push":null,"Bryce":null,"Cory Bet Amount":null,"Cory Win/Lose/Push":null,"Cory":null,"JB Bet Amount":null,"JB Win/Lose/Push":null,"JB":null,"Ethan Bet Amount":null,"Ethan Win/Lose/Push":null,"Ethan":null,"Jaime Bet Amount":null,"Jaime Win/Lose/Push":null,"Jaime":null,"Nathan Bet Amount":null,"Nathan Win/Lose/Push":null,"Nathan":null,"Evan Bet Amount":null,"Evan Win/Lose/Push":null,"Evan":null,"Brandon Bet Amount":null,"Brandon Win/Lose/Push":null,"Brandon":null,"Total Team Bet":null,"Legends Bet":null,"Leaders Bet":null,"To Win":null,"Payout":null,"TOTALS":null,"Mitch Totals":null,"Phil Totals":null,"Bryce Totals":null,"Cory Totals":null,"JB Totals":null,"Ethan Totals":null,"Jaime Totals":null,"Nate Totals":null,"Evan Totals":null,"Brandon Totals":null},{"Week":"87","Date":"04/18/2025","Mitch Bet Amount":null,"Mitch Win/Lose/Push":null,"Mitch":null,"Phil Bet Amount":null,"Phil Win/Lose/Push":null,"Phil":null,"Bryce Bet Amount":null,"Bryce Win/Lose/Push":null,"Bryce":null,"Cory Bet Amount":null,"Cory Win/Lose/Push":null,"Cory":null,"JB Bet Amount":null,"JB Win/Lose/Push":null,"JB":null,"Ethan Bet Amount":null,"Ethan Win/Lose/Push":null,"Ethan":null,"Jaime Bet Amount":null,"Jaime Win/Lose/Push":null,"Jaime":null,"Nathan Bet Amount":null,"Nathan Win/Lose/Push":null,"Nathan":null,"Evan Bet Amount":null,"Evan Win/Lose/Push":null,"Evan":null,"Brandon Bet Amount":null,"Brandon Win/Lose/Push":null,"Brandon":null,"Total Team Bet":null,"Legends Bet":null,"Leaders Bet":null,"To Win":null,"Payout":null,"TOTALS":null,"Mitch Totals":null,"Phil Totals":null,"Bryce Totals":null,"Cory Totals":null,"JB Totals":null,"Ethan Totals":null,"Jaime Totals":null,"Nate Totals":null,"Evan Totals":null,"Brandon Totals":null},{"Week":"88","Date":"04/25/2025","Mitch Bet Amount":null,"Mitch Win/Lose/Push":null,"Mitch":null,"Phil Bet Amount":null,"Phil Win/Lose/Push":null,"Phil":null,"Bryce Bet Amount":null,"Bryce Win/Lose/Push":null,"Bryce":null,"Cory Bet Amount":null,"Cory Win/Lose/Push":null,"Cory":null,"JB Bet Amount":null,"JB Win/Lose/Push":null,"JB":null,"Ethan Bet Amount":null,"Ethan Win/Lose/Push":null,"Ethan":null,"Jaime Bet Amount":null,"Jaime Win/Lose/Push":null,"Jaime":null,"Nathan Bet Amount":null,"Nathan Win/Lose/Push":null,"Nathan":null,"Evan Bet Amount":null,"Evan Win/Lose/Push":null,"Evan":null,"Brandon Bet Amount":null,"Brandon Win/Lose/Push":null,"Brandon":null,"Total Team Bet":null,"Legends Bet":null,"Leaders Bet":null,"To Win":null,"Payout":null,"TOTALS":null,"Mitch Totals":null,"Phil Totals":null,"Bryce Totals":null,"Cory Totals":null,"JB Totals":null,"Ethan Totals":null,"Jaime Totals":null,"Nate Totals":null,"Evan Totals":null,"Brandon Totals":null},{"Week":"89","Date":"05/02/2025","Mitch Bet Amount":null,"Mitch Win/Lose/Push":null,"Mitch":null,"Phil Bet Amount":null,"Phil Win/Lose/Push":null,"Phil":null,"Bryce Bet Amount":null,"Bryce Win/Lose/Push":null,"Bryce":null,"Cory Bet Amount":null,"Cory Win/Lose/Push":null,"Cory":null,"JB Bet Amount":null,"JB Win/Lose/Push":null,"JB":null,"Ethan Bet Amount":null,"Ethan Win/Lose/Push":null,"Ethan":null,"Jaime Bet Amount":null,"Jaime Win/Lose/Push":null,"Jaime":null,"Nathan Bet Amount":null,"Nathan Win/Lose/Push":null,"Nathan":null,"Evan Bet Amount":null,"Evan Win/Lose/Push":null,"Evan":null,"Brandon Bet Amount":null,"Brandon Win/Lose/Push":null,"Brandon":null,"Total Team Bet":null,"Legends Bet":null,"Leaders Bet":null,"To Win":null,"Payout":null,"TOTALS":null,"Mitch Totals":null,"Phil Totals":null,"Bryce Totals":null,"Cory Totals":null,"JB Totals":null,"Ethan Totals":null,"Jaime Totals":null,"Nate Totals":null,"Evan Totals":null,"Brandon Totals":null},{"Week":"90","Date":"05/09/2025","Mitch Bet Amount":null,"Mitch Win/Lose/Push":null,"Mitch":null,"Phil Bet Amount":null,"Phil Win/Lose/Push":null,"Phil":null,"Bryce Bet Amount":null,"Bryce Win/Lose/Push":null,"Bryce":null,"Cory Bet Amount":null,"Cory Win/Lose/Push":null,"Cory":null,"JB Bet Amount":null,"JB Win/Lose/Push":null,"JB":null,"Ethan Bet Amount":null,"Ethan Win/Lose/Push":null,"Ethan":null,"Jaime Bet Amount":null,"Jaime Win/Lose/Push":null,"Jaime":null,"Nathan Bet Amount":null,"Nathan Win/Lose/Push":null,"Nathan":null,"Evan Bet Amount":null,"Evan Win/Lose/Push":null,"Evan":null,"Brandon Bet Amount":null,"Brandon Win/Lose/Push":null,"Brandon":null,"Total Team Bet":null,"Legends Bet":null,"Leaders Bet":null,"To Win":null,"Payout":null,"TOTALS":null,"Mitch Totals":null,"Phil Totals":null,"Bryce Totals":null,"Cory Totals":null,"JB Totals":null,"Ethan Totals":null,"Jaime Totals":null,"Nate Totals":null,"Evan Totals":null,"Brandon Totals":null},{"Week":"91","Date":"05/16/2025","Mitch Bet Amount":null,"Mitch Win/Lose/Push":null,"Mitch":null,"Phil Bet Amount":null,"Phil Win/Lose/Push":null,"Phil":null,"Bryce Bet Amount":null,"Bryce Win/Lose/Push":null,"Bryce":null,"Cory Bet Amount":null,"Cory Win/Lose/Push":null,"Cory":null,"JB Bet Amount":null,"JB Win/Lose/Push":null,"JB":null,"Ethan Bet Amount":null,"Ethan Win/Lose/Push":null,"Ethan":null,"Jaime Bet Amount":null,"Jaime Win/Lose/Push":null,"Jaime":null,"Nathan Bet Amount":null,"Nathan Win/Lose/Push":null,"Nathan":null,"Evan Bet Amount":null,"Evan Win/Lose/Push":null,"Evan":null,"Brandon Bet Amount":null,"Brandon Win/Lose/Push":null,"Brandon":null,"Total Team Bet":null,"Legends Bet":null,"Leaders Bet":null,"To Win":null,"Payout":null,"TOTALS":null,"Mitch Totals":null,"Phil Totals":null,"Bryce Totals":null,"Cory Totals":null,"JB Totals":null,"Ethan Totals":null,"Jaime Totals":null,"Nate Totals":null,"Evan Totals":null,"Brandon Totals":null},{"Week":"92","Date":"05/23/2025","Mitch Bet Amount":null,"Mitch Win/Lose/Push":null,"Mitch":null,"Phil Bet Amount":null,"Phil Win/Lose/Push":null,"Phil":null,"Bryce Bet Amount":null,"Bryce Win/Lose/Push":null,"Bryce":null,"Cory Bet Amount":null,"Cory Win/Lose/Push":null,"Cory":null,"JB Bet Amount":null,"JB Win/Lose/Push":null,"JB":null,"Ethan Bet Amount":null,"Ethan Win/Lose/Push":null,"Ethan":null,"Jaime Bet Amount":null,"Jaime Win/Lose/Push":null,"Jaime":null,"Nathan Bet Amount":null,"Nathan Win/Lose/Push":null,"Nathan":null,"Evan Bet Amount":null,"Evan Win/Lose/Push":null,"Evan":null,"Brandon Bet Amount":null,"Brandon Win/Lose/Push":null,"Brandon":null,"Total Team Bet":null,"Legends Bet":null,"Leaders Bet":null,"To Win":null,"Payout":null,"TOTALS":null,"Mitch Totals":null,"Phil Totals":null,"Bryce Totals":null,"Cory Totals":null,"JB Totals":null,"Ethan Totals":null,"Jaime Totals":null,"Nate Totals":null,"Evan Totals":null,"Brandon Totals":null},{"Week":"93","Date":"05/30/2025","Mitch Bet Amount":null,"Mitch Win/Lose/Push":null,"Mitch":null,"Phil Bet Amount":null,"Phil Win/Lose/Push":null,"Phil":null,"Bryce Bet Amount":null,"Bryce Win/Lose/Push":null,"Bryce":null,"Cory Bet Amount":null,"Cory Win/Lose/Push":null,"Cory":null,"JB Bet Amount":null,"JB Win/Lose/Push":null,"JB":null,"Ethan Bet Amount":null,"Ethan Win/Lose/Push":null,"Ethan":null,"Jaime Bet Amount":null,"Jaime Win/Lose/Push":null,"Jaime":null,"Nathan Bet Amount":null,"Nathan Win/Lose/Push":null,"Nathan":null,"Evan Bet Amount":null,"Evan Win/Lose/Push":null,"Evan":null,"Brandon Bet Amount":null,"Brandon Win/Lose/Push":null,"Brandon":null,"Total Team Bet":null,"Legends Bet":null,"Leaders Bet":null,"To Win":null,"Payout":null,"TOTALS":null,"Mitch Totals":null,"Phil Totals":null,"Bryce Totals":null,"Cory Totals":null,"JB Totals":null,"Ethan Totals":null,"Jaime Totals":null,"Nate Totals":null,"Evan Totals":null,"Brandon Totals":null},{"Week":"94","Date":"06/06/2025","Mitch Bet Amount":null,"Mitch Win/Lose/Push":null,"Mitch":null,"Phil Bet Amount":null,"Phil Win/Lose/Push":null,"Phil":null,"Bryce Bet Amount":null,"Bryce Win/Lose/Push":null,"Bryce":null,"Cory Bet Amount":null,"Cory Win/Lose/Push":null,"Cory":null,"JB Bet Amount":null,"JB Win/Lose/Push":null,"JB":null,"Ethan Bet Amount":null,"Ethan Win/Lose/Push":null,"Ethan":null,"Jaime Bet Amount":null,"Jaime Win/Lose/Push":null,"Jaime":null,"Nathan Bet Amount":null,"Nathan Win/Lose/Push":null,"Nathan":null,"Evan Bet Amount":null,"Evan Win/Lose/Push":null,"Evan":null,"Brandon Bet Amount":null,"Brandon Win/Lose/Push":null,"Brandon":null,"Total Team Bet":null,"Legends Bet":null,"Leaders Bet":null,"To Win":null,"Payout":null,"TOTALS":null,"Mitch Totals":null,"Phil Totals":null,"Bryce Totals":null,"Cory Totals":null,"JB Totals":null,"Ethan Totals":null,"Jaime Totals":null,"Nate Totals":null,"Evan Totals":null,"Brandon Totals":null},{"Week":"95","Date":"06/13/2025","Mitch Bet Amount":null,"Mitch Win/Lose/Push":null,"Mitch":null,"Phil Bet Amount":null,"Phil Win/Lose/Push":null,"Phil":null,"Bryce Bet Amount":null,"Bryce Win/Lose/Push":null,"Bryce":null,"Cory Bet Amount":null,"Cory Win/Lose/Push":null,"Cory":null,"JB Bet Amount":null,"JB Win/Lose/Push":null,"JB":null,"Ethan Bet Amount":null,"Ethan Win/Lose/Push":null,"Ethan":null,"Jaime Bet Amount":null,"Jaime Win/Lose/Push":null,"Jaime":null,"Nathan Bet Amount":null,"Nathan Win/Lose/Push":null,"Nathan":null,"Evan Bet Amount":null,"Evan Win/Lose/Push":null,"Evan":null,"Brandon Bet Amount":null,"Brandon Win/Lose/Push":null,"Brandon":null,"Total Team Bet":null,"Legends Bet":null,"Leaders Bet":null,"To Win":null,"Payout":null,"TOTALS":null,"Mitch Totals":null,"Phil Totals":null,"Bryce Totals":null,"Cory Totals":null,"JB Totals":null,"Ethan Totals":null,"Jaime Totals":null,"Nate Totals":null,"Evan Totals":null,"Brandon Totals":null},{"Week":"96","Date":"06/20/2025","Mitch Bet Amount":null,"Mitch Win/Lose/Push":null,"Mitch":null,"Phil Bet Amount":null,"Phil Win/Lose/Push":null,"Phil":null,"Bryce Bet Amount":null,"Bryce Win/Lose/Push":null,"Bryce":null,"Cory Bet Amount":null,"Cory Win/Lose/Push":null,"Cory":null,"JB Bet Amount":null,"JB Win/Lose/Push":null,"JB":null,"Ethan Bet Amount":null,"Ethan Win/Lose/Push":null,"Ethan":null,"Jaime Bet Amount":null,"Jaime Win/Lose/Push":null,"Jaime":null,"Nathan Bet Amount":null,"Nathan Win/Lose/Push":null,"Nathan":null,"Evan Bet Amount":null,"Evan Win/Lose/Push":null,"Evan":null,"Brandon Bet Amount":null,"Brandon Win/Lose/Push":null,"Brandon":null,"Total Team Bet":null,"Legends Bet":null,"Leaders Bet":null,"To Win":null,"Payout":null,"TOTALS":null,"Mitch Totals":null,"Phil Totals":null,"Bryce Totals":null,"Cory Totals":null,"JB Totals":null,"Ethan Totals":null,"Jaime Totals":null,"Nate Totals":null,"Evan Totals":null,"Brandon Totals":null},{"Week":"97","Date":"06/27/2025","Mitch Bet Amount":null,"Mitch Win/Lose/Push":null,"Mitch":null,"Phil Bet Amount":null,"Phil Win/Lose/Push":null,"Phil":null,"Bryce Bet Amount":null,"Bryce Win/Lose/Push":null,"Bryce":null,"Cory Bet Amount":null,"Cory Win/Lose/Push":null,"Cory":null,"JB Bet Amount":null,"JB Win/Lose/Push":null,"JB":null,"Ethan Bet Amount":null,"Ethan Win/Lose/Push":null,"Ethan":null,"Jaime Bet Amount":null,"Jaime Win/Lose/Push":null,"Jaime":null,"Nathan Bet Amount":null,"Nathan Win/Lose/Push":null,"Nathan":null,"Evan Bet Amount":null,"Evan Win/Lose/Push":null,"Evan":null,"Brandon Bet Amount":null,"Brandon Win/Lose/Push":null,"Brandon":null,"Total Team Bet":null,"Legends Bet":null,"Leaders Bet":null,"To Win":null,"Payout":null,"TOTALS":null,"Mitch Totals":null,"Phil Totals":null,"Bryce Totals":null,"Cory Totals":null,"JB Totals":null,"Ethan Totals":null,"Jaime Totals":null,"Nate Totals":null,"Evan Totals":null,"Brandon Totals":null},{"Week":"98","Date":"07/04/2025","Mitch Bet Amount":null,"Mitch Win/Lose/Push":null,"Mitch":null,"Phil Bet Amount":null,"Phil Win/Lose/Push":null,"Phil":null,"Bryce Bet Amount":null,"Bryce Win/Lose/Push":null,"Bryce":null,"Cory Bet Amount":null,"Cory Win/Lose/Push":null,"Cory":null,"JB Bet Amount":null,"JB Win/Lose/Push":null,"JB":null,"Ethan Bet Amount":null,"Ethan Win/Lose/Push":null,"Ethan":null,"Jaime Bet Amount":null,"Jaime Win/Lose/Push":null,"Jaime":null,"Nathan Bet Amount":null,"Nathan Win/Lose/Push":null,"Nathan":null,"Evan Bet Amount":null,"Evan Win/Lose/Push":null,"Evan":null,"Brandon Bet Amount":null,"Brandon Win/Lose/Push":null,"Brandon":null,"Total Team Bet":null,"Legends Bet":null,"Leaders Bet":null,"To Win":null,"Payout":null,"TOTALS":null,"Mitch Totals":null,"Phil Totals":null,"Bryce Totals":null,"Cory Totals":null,"JB Totals":null,"Ethan Totals":null,"Jaime Totals":null,"Nate Totals":null,"Evan Totals":null,"Brandon Totals":null},{"Week":"99","Date":"07/11/2025","Mitch Bet Amount":null,"Mitch Win/Lose/Push":null,"Mitch":null,"Phil Bet Amount":null,"Phil Win/Lose/Push":null,"Phil":null,"Bryce Bet Amount":null,"Bryce Win/Lose/Push":null,"Bryce":null,"Cory Bet Amount":null,"Cory Win/Lose/Push":null,"Cory":null,"JB Bet Amount":null,"JB Win/Lose/Push":null,"JB":null,"Ethan Bet Amount":null,"Ethan Win/Lose/Push":null,"Ethan":null,"Jaime Bet Amount":null,"Jaime Win/Lose/Push":null,"Jaime":null,"Nathan Bet Amount":null,"Nathan Win/Lose/Push":null,"Nathan":null,"Evan Bet Amount":null,"Evan Win/Lose/Push":null,"Evan":null,"Brandon Bet Amount":null,"Brandon Win/Lose/Push":null,"Brandon":null,"Total Team Bet":null,"Legends Bet":null,"Leaders Bet":null,"To Win":null,"Payout":null,"TOTALS":null,"Mitch Totals":null,"Phil Totals":null,"Bryce Totals":null,"Cory Totals":null,"JB Totals":null,"Ethan Totals":null,"Jaime Totals":null,"Nate Totals":null,"Evan Totals":null,"Brandon Totals":null},{"Week":"100","Date":"07/18/2025","Mitch Bet Amount":null,"Mitch Win/Lose/Push":null,"Mitch":null,"Phil Bet Amount":null,"Phil Win/Lose/Push":null,"Phil":null,"Bryce Bet Amount":null,"Bryce Win/Lose/Push":null,"Bryce":null,"Cory Bet Amount":null,"Cory Win/Lose/Push":null,"Cory":null,"JB Bet Amount":null,"JB Win/Lose/Push":null,"JB":null,"Ethan Bet Amount":null,"Ethan Win/Lose/Push":null,"Ethan":null,"Jaime Bet Amount":null,"Jaime Win/Lose/Push":null,"Jaime":null,"Nathan Bet Amount":null,"Nathan Win/Lose/Push":null,"Nathan":null,"Evan Bet Amount":null,"Evan Win/Lose/Push":null,"Evan":null,"Brandon Bet Amount":null,"Brandon Win/Lose/Push":null,"Brandon":null,"Total Team Bet":null,"Legends Bet":null,"Leaders Bet":null,"To Win":null,"Payout":null,"TOTALS":null,"Mitch Totals":null,"Phil Totals":null,"Bryce Totals":null,"Cory Totals":null,"JB Totals":null,"Ethan Totals":null,"Jaime Totals":null,"Nate Totals":null,"Evan Totals":null,"Brandon Totals":null},{"Week":"101","Date":"07/25/2025","Mitch Bet Amount":null,"Mitch Win/Lose/Push":null,"Mitch":null,"Phil Bet Amount":null,"Phil Win/Lose/Push":null,"Phil":null,"Bryce Bet Amount":null,"Bryce Win/Lose/Push":null,"Bryce":null,"Cory Bet Amount":null,"Cory Win/Lose/Push":null,"Cory":null,"JB Bet Amount":null,"JB Win/Lose/Push":null,"JB":null,"Ethan Bet Amount":null,"Ethan Win/Lose/Push":null,"Ethan":null,"Jaime Bet Amount":null,"Jaime Win/Lose/Push":null,"Jaime":null,"Nathan Bet Amount":null,"Nathan Win/Lose/Push":null,"Nathan":null,"Evan Bet Amount":null,"Evan Win/Lose/Push":null,"Evan":null,"Brandon Bet Amount":null,"Brandon Win/Lose/Push":null,"Brandon":null,"Total Team Bet":null,"Legends Bet":null,"Leaders Bet":null,"To Win":null,"Payout":null,"TOTALS":null,"Mitch Totals":null,"Phil Totals":null,"Bryce Totals":null,"Cory Totals":null,"JB Totals":null,"Ethan Totals":null,"Jaime Totals":null,"Nate Totals":null,"Evan Totals":null,"Brandon Totals":null},{"Week":"102","Date":"08/01/2025","Mitch Bet Amount":null,"Mitch Win/Lose/Push":null,"Mitch":null,"Phil Bet Amount":null,"Phil Win/Lose/Push":null,"Phil":null,"Bryce Bet Amount":null,"Bryce Win/Lose/Push":null,"Bryce":null,"Cory Bet Amount":null,"Cory Win/Lose/Push":null,"Cory":null,"JB Bet Amount":null,"JB Win/Lose/Push":null,"JB":null,"Ethan Bet Amount":null,"Ethan Win/Lose/Push":null,"Ethan":null,"Jaime Bet Amount":null,"Jaime Win/Lose/Push":null,"Jaime":null,"Nathan Bet Amount":null,"Nathan Win/Lose/Push":null,"Nathan":null,"Evan Bet Amount":null,"Evan Win/Lose/Push":null,"Evan":null,"Brandon Bet Amount":null,"Brandon Win/Lose/Push":null,"Brandon":null,"Total Team Bet":null,"Legends Bet":null,"Leaders Bet":null,"To Win":null,"Payout":null,"TOTALS":null,"Mitch Totals":null,"Phil Totals":null,"Bryce Totals":null,"Cory Totals":null,"JB Totals":null,"Ethan Totals":null,"Jaime Totals":null,"Nate Totals":null,"Evan Totals":null,"Brandon Totals":null},{"Week":"103","Date":"08/08/2025","Mitch Bet Amount":null,"Mitch Win/Lose/Push":null,"Mitch":null,"Phil Bet Amount":null,"Phil Win/Lose/Push":null,"Phil":null,"Bryce Bet Amount":null,"Bryce Win/Lose/Push":null,"Bryce":null,"Cory Bet Amount":null,"Cory Win/Lose/Push":null,"Cory":null,"JB Bet Amount":null,"JB Win/Lose/Push":null,"JB":null,"Ethan Bet Amount":null,"Ethan Win/Lose/Push":null,"Ethan":null,"Jaime Bet Amount":null,"Jaime Win/Lose/Push":null,"Jaime":null,"Nathan Bet Amount":null,"Nathan Win/Lose/Push":null,"Nathan":null,"Evan Bet Amount":null,"Evan Win/Lose/Push":null,"Evan":null,"Brandon Bet Amount":null,"Brandon Win/Lose/Push":null,"Brandon":null,"Total Team Bet":null,"Legends Bet":null,"Leaders Bet":null,"To Win":null,"Payout":null,"TOTALS":null,"Mitch Totals":null,"Phil Totals":null,"Bryce Totals":null,"Cory Totals":null,"JB Totals":null,"Ethan Totals":null,"Jaime Totals":null,"Nate Totals":null,"Evan Totals":null,"Brandon Totals":null},{"Week":"104","Date":"08/15/2025","Mitch Bet Amount":null,"Mitch Win/Lose/Push":null,"Mitch":null,"Phil Bet Amount":null,"Phil Win/Lose/Push":null,"Phil":null,"Bryce Bet Amount":null,"Bryce Win/Lose/Push":null,"Bryce":null,"Cory Bet Amount":null,"Cory Win/Lose/Push":null,"Cory":null,"JB Bet Amount":null,"JB Win/Lose/Push":null,"JB":null,"Ethan Bet Amount":null,"Ethan Win/Lose/Push":null,"Ethan":null,"Jaime Bet Amount":null,"Jaime Win/Lose/Push":null,"Jaime":null,"Nathan Bet Amount":null,"Nathan Win/Lose/Push":null,"Nathan":null,"Evan Bet Amount":null,"Evan Win/Lose/Push":null,"Evan":null,"Brandon Bet Amount":null,"Brandon Win/Lose/Push":null,"Brandon":null,"Total Team Bet":null,"Legends Bet":null,"Leaders Bet":null,"To Win":null,"Payout":null,"TOTALS":null,"Mitch Totals":null,"Phil Totals":null,"Bryce Totals":null,"Cory Totals":null,"JB Totals":null,"Ethan Totals":null,"Jaime Totals":null,"Nate Totals":null,"Evan Totals":null,"Brandon Totals":null},{"Week":"105","Date":"08/22/2025","Mitch Bet Amount":null,"Mitch Win/Lose/Push":null,"Mitch":null,"Phil Bet Amount":null,"Phil Win/Lose/Push":null,"Phil":null,"Bryce Bet Amount":null,"Bryce Win/Lose/Push":null,"Bryce":null,"Cory Bet Amount":null,"Cory Win/Lose/Push":null,"Cory":null,"JB Bet Amount":null,"JB Win/Lose/Push":null,"JB":null,"Ethan Bet Amount":null,"Ethan Win/Lose/Push":null,"Ethan":null,"Jaime Bet Amount":null,"Jaime Win/Lose/Push":null,"Jaime":null,"Nathan Bet Amount":null,"Nathan Win/Lose/Push":null,"Nathan":null,"Evan Bet Amount":null,"Evan Win/Lose/Push":null,"Evan":null,"Brandon Bet Amount":null,"Brandon Win/Lose/Push":null,"Brandon":null,"Total Team Bet":null,"Legends Bet":null,"Leaders Bet":null,"To Win":null,"Payout":null,"TOTALS":null,"Mitch Totals":null,"Phil Totals":null,"Bryce Totals":null,"Cory Totals":null,"JB Totals":null,"Ethan Totals":null,"Jaime Totals":null,"Nate Totals":null,"Evan Totals":null,"Brandon Totals":null},{"Week":"106","Date":"08/29/2025","Mitch Bet Amount":null,"Mitch Win/Lose/Push":null,"Mitch":null,"Phil Bet Amount":null,"Phil Win/Lose/Push":null,"Phil":null,"Bryce Bet Amount":null,"Bryce Win/Lose/Push":null,"Bryce":null,"Cory Bet Amount":null,"Cory Win/Lose/Push":null,"Cory":null,"JB Bet Amount":null,"JB Win/Lose/Push":null,"JB":null,"Ethan Bet Amount":null,"Ethan Win/Lose/Push":null,"Ethan":null,"Jaime Bet Amount":null,"Jaime Win/Lose/Push":null,"Jaime":null,"Nathan Bet Amount":null,"Nathan Win/Lose/Push":null,"Nathan":null,"Evan Bet Amount":null,"Evan Win/Lose/Push":null,"Evan":null,"Brandon Bet Amount":null,"Brandon Win/Lose/Push":null,"Brandon":null,"Total Team Bet":null,"Legends Bet":null,"Leaders Bet":null,"To Win":null,"Payout":null,"TOTALS":null,"Mitch Totals":null,"Phil Totals":null,"Bryce Totals":null,"Cory Totals":null,"JB Totals":null,"Ethan Totals":null,"Jaime Totals":null,"Nate Totals":null,"Evan Totals":null,"Brandon Totals":null},{"Week":"107","Date":"09/05/2025","Mitch Bet Amount":null,"Mitch Win/Lose/Push":null,"Mitch":null,"Phil Bet Amount":null,"Phil Win/Lose/Push":null,"Phil":null,"Bryce Bet Amount":null,"Bryce Win/Lose/Push":null,"Bryce":null,"Cory Bet Amount":null,"Cory Win/Lose/Push":null,"Cory":null,"JB Bet Amount":null,"JB Win/Lose/Push":null,"JB":null,"Ethan Bet Amount":null,"Ethan Win/Lose/Push":null,"Ethan":null,"Jaime Bet Amount":null,"Jaime Win/Lose/Push":null,"Jaime":null,"Nathan Bet Amount":null,"Nathan Win/Lose/Push":null,"Nathan":null,"Evan Bet Amount":null,"Evan Win/Lose/Push":null,"Evan":null,"Brandon Bet Amount":null,"Brandon Win/Lose/Push":null,"Brandon":null,"Total Team Bet":null,"Legends Bet":null,"Leaders Bet":null,"To Win":null,"Payout":null,"TOTALS":null,"Mitch Totals":null,"Phil Totals":null,"Bryce Totals":null,"Cory Totals":null,"JB Totals":null,"Ethan Totals":null,"Jaime Totals":null,"Nate Totals":null,"Evan Totals":null,"Brandon Totals":null},{"Week":"108","Date":"09/12/2025","Mitch Bet Amount":null,"Mitch Win/Lose/Push":null,"Mitch":null,"Phil Bet Amount":null,"Phil Win/Lose/Push":null,"Phil":null,"Bryce Bet Amount":null,"Bryce Win/Lose/Push":null,"Bryce":null,"Cory Bet Amount":null,"Cory Win/Lose/Push":null,"Cory":null,"JB Bet Amount":null,"JB Win/Lose/Push":null,"JB":null,"Ethan Bet Amount":null,"Ethan Win/Lose/Push":null,"Ethan":null,"Jaime Bet Amount":null,"Jaime Win/Lose/Push":null,"Jaime":null,"Nathan Bet Amount":null,"Nathan Win/Lose/Push":null,"Nathan":null,"Evan Bet Amount":null,"Evan Win/Lose/Push":null,"Evan":null,"Brandon Bet Amount":null,"Brandon Win/Lose/Push":null,"Brandon":null,"Total Team Bet":null,"Legends Bet":null,"Leaders Bet":null,"To Win":null,"Payout":null,"TOTALS":null,"Mitch Totals":null,"Phil Totals":null,"Bryce Totals":null,"Cory Totals":null,"JB Totals":null,"Ethan Totals":null,"Jaime Totals":null,"Nate Totals":null,"Evan Totals":null,"Brandon Totals":null},{"Week":"109","Date":"09/19/2025","Mitch Bet Amount":null,"Mitch Win/Lose/Push":null,"Mitch":null,"Phil Bet Amount":null,"Phil Win/Lose/Push":null,"Phil":null,"Bryce Bet Amount":null,"Bryce Win/Lose/Push":null,"Bryce":null,"Cory Bet Amount":null,"Cory Win/Lose/Push":null,"Cory":null,"JB Bet Amount":null,"JB Win/Lose/Push":null,"JB":null,"Ethan Bet Amount":null,"Ethan Win/Lose/Push":null,"Ethan":null,"Jaime Bet Amount":null,"Jaime Win/Lose/Push":null,"Jaime":null,"Nathan Bet Amount":null,"Nathan Win/Lose/Push":null,"Nathan":null,"Evan Bet Amount":null,"Evan Win/Lose/Push":null,"Evan":null,"Brandon Bet Amount":null,"Brandon Win/Lose/Push":null,"Brandon":null,"Total Team Bet":null,"Legends Bet":null,"Leaders Bet":null,"To Win":null,"Payout":null,"TOTALS":null,"Mitch Totals":null,"Phil Totals":null,"Bryce Totals":null,"Cory Totals":null,"JB Totals":null,"Ethan Totals":null,"Jaime Totals":null,"Nate Totals":null,"Evan Totals":null,"Brandon Totals":null},{"Week":"110","Date":"09/26/2025","Mitch Bet Amount":null,"Mitch Win/Lose/Push":null,"Mitch":null,"Phil Bet Amount":null,"Phil Win/Lose/Push":null,"Phil":null,"Bryce Bet Amount":null,"Bryce Win/Lose/Push":null,"Bryce":null,"Cory Bet Amount":null,"Cory Win/Lose/Push":null,"Cory":null,"JB Bet Amount":null,"JB Win/Lose/Push":null,"JB":null,"Ethan Bet Amount":null,"Ethan Win/Lose/Push":null,"Ethan":null,"Jaime Bet Amount":null,"Jaime Win/Lose/Push":null,"Jaime":null,"Nathan Bet Amount":null,"Nathan Win/Lose/Push":null,"Nathan":null,"Evan Bet Amount":null,"Evan Win/Lose/Push":null,"Evan":null,"Brandon Bet Amount":null,"Brandon Win/Lose/Push":null,"Brandon":null,"Total Team Bet":null,"Legends Bet":null,"Leaders Bet":null,"To Win":null,"Payout":null,"TOTALS":null,"Mitch Totals":null,"Phil Totals":null,"Bryce Totals":null,"Cory Totals":null,"JB Totals":null,"Ethan Totals":null,"Jaime Totals":null,"Nate Totals":null,"Evan Totals":null,"Brandon Totals":null},{"Week":"111","Date":"10/03/2025","Mitch Bet Amount":null,"Mitch Win/Lose/Push":null,"Mitch":null,"Phil Bet Amount":null,"Phil Win/Lose/Push":null,"Phil":null,"Bryce Bet Amount":null,"Bryce Win/Lose/Push":null,"Bryce":null,"Cory Bet Amount":null,"Cory Win/Lose/Push":null,"Cory":null,"JB Bet Amount":null,"JB Win/Lose/Push":null,"JB":null,"Ethan Bet Amount":null,"Ethan Win/Lose/Push":null,"Ethan":null,"Jaime Bet Amount":null,"Jaime Win/Lose/Push":null,"Jaime":null,"Nathan Bet Amount":null,"Nathan Win/Lose/Push":null,"Nathan":null,"Evan Bet Amount":null,"Evan Win/Lose/Push":null,"Evan":null,"Brandon Bet Amount":null,"Brandon Win/Lose/Push":null,"Brandon":null,"Total Team Bet":null,"Legends Bet":null,"Leaders Bet":null,"To Win":null,"Payout":null,"TOTALS":null,"Mitch Totals":null,"Phil Totals":null,"Bryce Totals":null,"Cory Totals":null,"JB Totals":null,"Ethan Totals":null,"Jaime Totals":null,"Nate Totals":null,"Evan Totals":null,"Brandon Totals":null},{"Week":"112","Date":"10/10/2025","Mitch Bet Amount":null,"Mitch Win/Lose/Push":null,"Mitch":null,"Phil Bet Amount":null,"Phil Win/Lose/Push":null,"Phil":null,"Bryce Bet Amount":null,"Bryce Win/Lose/Push":null,"Bryce":null,"Cory Bet Amount":null,"Cory Win/Lose/Push":null,"Cory":null,"JB Bet Amount":null,"JB Win/Lose/Push":null,"JB":null,"Ethan Bet Amount":null,"Ethan Win/Lose/Push":null,"Ethan":null,"Jaime Bet Amount":null,"Jaime Win/Lose/Push":null,"Jaime":null,"Nathan Bet Amount":null,"Nathan Win/Lose/Push":null,"Nathan":null,"Evan Bet Amount":null,"Evan Win/Lose/Push":null,"Evan":null,"Brandon Bet Amount":null,"Brandon Win/Lose/Push":null,"Brandon":null,"Total Team Bet":null,"Legends Bet":null,"Leaders Bet":null,"To Win":null,"Payout":null,"TOTALS":null,"Mitch Totals":null,"Phil Totals":null,"Bryce Totals":null,"Cory Totals":null,"JB Totals":null,"Ethan Totals":null,"Jaime Totals":null,"Nate Totals":null,"Evan Totals":null,"Brandon Totals":null},{"Week":"113","Date":"10/17/2025","Mitch Bet Amount":null,"Mitch Win/Lose/Push":null,"Mitch":null,"Phil Bet Amount":null,"Phil Win/Lose/Push":null,"Phil":null,"Bryce Bet Amount":null,"Bryce Win/Lose/Push":null,"Bryce":null,"Cory Bet Amount":null,"Cory Win/Lose/Push":null,"Cory":null,"JB Bet Amount":null,"JB Win/Lose/Push":null,"JB":null,"Ethan Bet Amount":null,"Ethan Win/Lose/Push":null,"Ethan":null,"Jaime Bet Amount":null,"Jaime Win/Lose/Push":null,"Jaime":null,"Nathan Bet Amount":null,"Nathan Win/Lose/Push":null,"Nathan":null,"Evan Bet Amount":null,"Evan Win/Lose/Push":null,"Evan":null,"Brandon Bet Amount":null,"Brandon Win/Lose/Push":null,"Brandon":null,"Total Team Bet":null,"Legends Bet":null,"Leaders Bet":null,"To Win":null,"Payout":null,"TOTALS":null,"Mitch Totals":null,"Phil Totals":null,"Bryce Totals":null,"Cory Totals":null,"JB Totals":null,"Ethan Totals":null,"Jaime Totals":null,"Nate Totals":null,"Evan Totals":null,"Brandon Totals":null},{"Week":"114","Date":"10/24/2025","Mitch Bet Amount":null,"Mitch Win/Lose/Push":null,"Mitch":null,"Phil Bet Amount":null,"Phil Win/Lose/Push":null,"Phil":null,"Bryce Bet Amount":null,"Bryce Win/Lose/Push":null,"Bryce":null,"Cory Bet Amount":null,"Cory Win/Lose/Push":null,"Cory":null,"JB Bet Amount":null,"JB Win/Lose/Push":null,"JB":null,"Ethan Bet Amount":null,"Ethan Win/Lose/Push":null,"Ethan":null,"Jaime Bet Amount":null,"Jaime Win/Lose/Push":null,"Jaime":null,"Nathan Bet Amount":null,"Nathan Win/Lose/Push":null,"Nathan":null,"Evan Bet Amount":null,"Evan Win/Lose/Push":null,"Evan":null,"Brandon Bet Amount":null,"Brandon Win/Lose/Push":null,"Brandon":null,"Total Team Bet":null,"Legends Bet":null,"Leaders Bet":null,"To Win":null,"Payout":null,"TOTALS":null,"Mitch Totals":null,"Phil Totals":null,"Bryce Totals":null,"Cory Totals":null,"JB Totals":null,"Ethan Totals":null,"Jaime Totals":null,"Nate Totals":null,"Evan Totals":null,"Brandon Totals":null},{"Week":"115","Date":"10/31/2025","Mitch Bet Amount":null,"Mitch Win/Lose/Push":null,"Mitch":null,"Phil Bet Amount":null,"Phil Win/Lose/Push":null,"Phil":null,"Bryce Bet Amount":null,"Bryce Win/Lose/Push":null,"Bryce":null,"Cory Bet Amount":null,"Cory Win/Lose/Push":null,"Cory":null,"JB Bet Amount":null,"JB Win/Lose/Push":null,"JB":null,"Ethan Bet Amount":null,"Ethan Win/Lose/Push":null,"Ethan":null,"Jaime Bet Amount":null,"Jaime Win/Lose/Push":null,"Jaime":null,"Nathan Bet Amount":null,"Nathan Win/Lose/Push":null,"Nathan":null,"Evan Bet Amount":null,"Evan Win/Lose/Push":null,"Evan":null,"Brandon Bet Amount":null,"Brandon Win/Lose/Push":null,"Brandon":null,"Total Team Bet":null,"Legends Bet":null,"Leaders Bet":null,"To Win":null,"Payout":null,"TOTALS":null,"Mitch Totals":null,"Phil Totals":null,"Bryce Totals":null,"Cory Totals":null,"JB Totals":null,"Ethan Totals":null,"Jaime Totals":null,"Nate Totals":null,"Evan Totals":null,"Brandon Totals":null},{"Week":"116","Date":"11/07/2025","Mitch Bet Amount":null,"Mitch Win/Lose/Push":null,"Mitch":null,"Phil Bet Amount":null,"Phil Win/Lose/Push":null,"Phil":null,"Bryce Bet Amount":null,"Bryce Win/Lose/Push":null,"Bryce":null,"Cory Bet Amount":null,"Cory Win/Lose/Push":null,"Cory":null,"JB Bet Amount":null,"JB Win/Lose/Push":null,"JB":null,"Ethan Bet Amount":null,"Ethan Win/Lose/Push":null,"Ethan":null,"Jaime Bet Amount":null,"Jaime Win/Lose/Push":null,"Jaime":null,"Nathan Bet Amount":null,"Nathan Win/Lose/Push":null,"Nathan":null,"Evan Bet Amount":null,"Evan Win/Lose/Push":null,"Evan":null,"Brandon Bet Amount":null,"Brandon Win/Lose/Push":null,"Brandon":null,"Total Team Bet":null,"Legends Bet":null,"Leaders Bet":null,"To Win":null,"Payout":null,"TOTALS":null,"Mitch Totals":null,"Phil Totals":null,"Bryce Totals":null,"Cory Totals":null,"JB Totals":null,"Ethan Totals":null,"Jaime Totals":null,"Nate Totals":null,"Evan Totals":null,"Brandon Totals":null},{"Week":"117","Date":"11/14/2025","Mitch Bet Amount":null,"Mitch Win/Lose/Push":null,"Mitch":null,"Phil Bet Amount":null,"Phil Win/Lose/Push":null,"Phil":null,"Bryce Bet Amount":null,"Bryce Win/Lose/Push":null,"Bryce":null,"Cory Bet Amount":null,"Cory Win/Lose/Push":null,"Cory":null,"JB Bet Amount":null,"JB Win/Lose/Push":null,"JB":null,"Ethan Bet Amount":null,"Ethan Win/Lose/Push":null,"Ethan":null,"Jaime Bet Amount":null,"Jaime Win/Lose/Push":null,"Jaime":null,"Nathan Bet Amount":null,"Nathan Win/Lose/Push":null,"Nathan":null,"Evan Bet Amount":null,"Evan Win/Lose/Push":null,"Evan":null,"Brandon Bet Amount":null,"Brandon Win/Lose/Push":null,"Brandon":null,"Total Team Bet":null,"Legends Bet":null,"Leaders Bet":null,"To Win":null,"Payout":null,"TOTALS":null,"Mitch Totals":null,"Phil Totals":null,"Bryce Totals":null,"Cory Totals":null,"JB Totals":null,"Ethan Totals":null,"Jaime Totals":null,"Nate Totals":null,"Evan Totals":null,"Brandon Totals":null},{"Week":"118","Date":"11/21/2025","Mitch Bet Amount":null,"Mitch Win/Lose/Push":null,"Mitch":null,"Phil Bet Amount":null,"Phil Win/Lose/Push":null,"Phil":null,"Bryce Bet Amount":null,"Bryce Win/Lose/Push":null,"Bryce":null,"Cory Bet Amount":null,"Cory Win/Lose/Push":null,"Cory":null,"JB Bet Amount":null,"JB Win/Lose/Push":null,"JB":null,"Ethan Bet Amount":null,"Ethan Win/Lose/Push":null,"Ethan":null,"Jaime Bet Amount":null,"Jaime Win/Lose/Push":null,"Jaime":null,"Nathan Bet Amount":null,"Nathan Win/Lose/Push":null,"Nathan":null,"Evan Bet Amount":null,"Evan Win/Lose/Push":null,"Evan":null,"Brandon Bet Amount":null,"Brandon Win/Lose/Push":null,"Brandon":null,"Total Team Bet":null,"Legends Bet":null,"Leaders Bet":null,"To Win":null,"Payout":null,"TOTALS":null,"Mitch Totals":null,"Phil Totals":null,"Bryce Totals":null,"Cory Totals":null,"JB Totals":null,"Ethan Totals":null,"Jaime Totals":null,"Nate Totals":null,"Evan Totals":null,"Brandon Totals":null},{"Week":"119","Date":"11/28/2025","Mitch Bet Amount":null,"Mitch Win/Lose/Push":null,"Mitch":null,"Phil Bet Amount":null,"Phil Win/Lose/Push":null,"Phil":null,"Bryce Bet Amount":null,"Bryce Win/Lose/Push":null,"Bryce":null,"Cory Bet Amount":null,"Cory Win/Lose/Push":null,"Cory":null,"JB Bet Amount":null,"JB Win/Lose/Push":null,"JB":null,"Ethan Bet Amount":null,"Ethan Win/Lose/Push":null,"Ethan":null,"Jaime Bet Amount":null,"Jaime Win/Lose/Push":null,"Jaime":null,"Nathan Bet Amount":null,"Nathan Win/Lose/Push":null,"Nathan":null,"Evan Bet Amount":null,"Evan Win/Lose/Push":null,"Evan":null,"Brandon Bet Amount":null,"Brandon Win/Lose/Push":null,"Brandon":null,"Total Team Bet":null,"Legends Bet":null,"Leaders Bet":null,"To Win":null,"Payout":null,"TOTALS":null,"Mitch Totals":null,"Phil Totals":null,"Bryce Totals":null,"Cory Totals":null,"JB Totals":null,"Ethan Totals":null,"Jaime Totals":null,"Nate Totals":null,"Evan Totals":null,"Brandon Totals":null},{"Week":"120","Date":"12/05/2025","Mitch Bet Amount":null,"Mitch Win/Lose/Push":null,"Mitch":null,"Phil Bet Amount":null,"Phil Win/Lose/Push":null,"Phil":null,"Bryce Bet Amount":null,"Bryce Win/Lose/Push":null,"Bryce":null,"Cory Bet Amount":null,"Cory Win/Lose/Push":null,"Cory":null,"JB Bet Amount":null,"JB Win/Lose/Push":null,"JB":null,"Ethan Bet Amount":null,"Ethan Win/Lose/Push":null,"Ethan":null,"Jaime Bet Amount":null,"Jaime Win/Lose/Push":null,"Jaime":null,"Nathan Bet Amount":null,"Nathan Win/Lose/Push":null,"Nathan":null,"Evan Bet Amount":null,"Evan Win/Lose/Push":null,"Evan":null,"Brandon Bet Amount":null,"Brandon Win/Lose/Push":null,"Brandon":null,"Total Team Bet":null,"Legends Bet":null,"Leaders Bet":null,"To Win":null,"Payout":null,"TOTALS":null,"Mitch Totals":null,"Phil Totals":null,"Bryce Totals":null,"Cory Totals":null,"JB Totals":null,"Ethan Totals":null,"Jaime Totals":null,"Nate Totals":null,"Evan Totals":null,"Brandon Totals":null},{"Week":"121","Date":"12/12/2025","Mitch Bet Amount":null,"Mitch Win/Lose/Push":null,"Mitch":null,"Phil Bet Amount":null,"Phil Win/Lose/Push":null,"Phil":null,"Bryce Bet Amount":null,"Bryce Win/Lose/Push":null,"Bryce":null,"Cory Bet Amount":null,"Cory Win/Lose/Push":null,"Cory":null,"JB Bet Amount":null,"JB Win/Lose/Push":null,"JB":null,"Ethan Bet Amount":null,"Ethan Win/Lose/Push":null,"Ethan":null,"Jaime Bet Amount":null,"Jaime Win/Lose/Push":null,"Jaime":null,"Nathan Bet Amount":null,"Nathan Win/Lose/Push":null,"Nathan":null,"Evan Bet Amount":null,"Evan Win/Lose/Push":null,"Evan":null,"Brandon Bet Amount":null,"Brandon Win/Lose/Push":null,"Brandon":null,"Total Team Bet":null,"Legends Bet":null,"Leaders Bet":null,"To Win":null,"Payout":null,"TOTALS":null,"Mitch Totals":null,"Phil Totals":null,"Bryce Totals":null,"Cory Totals":null,"JB Totals":null,"Ethan Totals":null,"Jaime Totals":null,"Nate Totals":null,"Evan Totals":null,"Brandon Totals":null},{"Week":"122","Date":"12/19/2025","Mitch Bet Amount":null,"Mitch Win/Lose/Push":null,"Mitch":null,"Phil Bet Amount":null,"Phil Win/Lose/Push":null,"Phil":null,"Bryce Bet Amount":null,"Bryce Win/Lose/Push":null,"Bryce":null,"Cory Bet Amount":null,"Cory Win/Lose/Push":null,"Cory":null,"JB Bet Amount":null,"JB Win/Lose/Push":null,"JB":null,"Ethan Bet Amount":null,"Ethan Win/Lose/Push":null,"Ethan":null,"Jaime Bet Amount":null,"Jaime Win/Lose/Push":null,"Jaime":null,"Nathan Bet Amount":null,"Nathan Win/Lose/Push":null,"Nathan":null,"Evan Bet Amount":null,"Evan Win/Lose/Push":null,"Evan":null,"Brandon Bet Amount":null,"Brandon Win/Lose/Push":null,"Brandon":null,"Total Team Bet":null,"Legends Bet":null,"Leaders Bet":null,"To Win":null,"Payout":null,"TOTALS":null,"Mitch Totals":null,"Phil Totals":null,"Bryce Totals":null,"Cory Totals":null,"JB Totals":null,"Ethan Totals":null,"Jaime Totals":null,"Nate Totals":null,"Evan Totals":null,"Brandon Totals":null},{"Week":"123","Date":"12/26/2025","Mitch Bet Amount":null,"Mitch Win/Lose/Push":null,"Mitch":null,"Phil Bet Amount":null,"Phil Win/Lose/Push":null,"Phil":null,"Bryce Bet Amount":null,"Bryce Win/Lose/Push":null,"Bryce":null,"Cory Bet Amount":null,"Cory Win/Lose/Push":null,"Cory":null,"JB Bet Amount":null,"JB Win/Lose/Push":null,"JB":null,"Ethan Bet Amount":null,"Ethan Win/Lose/Push":null,"Ethan":null,"Jaime Bet Amount":null,"Jaime Win/Lose/Push":null,"Jaime":null,"Nathan Bet Amount":null,"Nathan Win/Lose/Push":null,"Nathan":null,"Evan Bet Amount":null,"Evan Win/Lose/Push":null,"Evan":null,"Brandon Bet Amount":null,"Brandon Win/Lose/Push":null,"Brandon":null,"Total Team Bet":null,"Legends Bet":null,"Leaders Bet":null,"To Win":null,"Payout":null,"TOTALS":null,"Mitch Totals":null,"Phil Totals":null,"Bryce Totals":null,"Cory Totals":null,"JB Totals":null,"Ethan Totals":null,"Jaime Totals":null,"Nate Totals":null,"Evan Totals":null,"Brandon Totals":null},{"Week":"124","Date":"01/02/2026","Mitch Bet Amount":null,"Mitch Win/Lose/Push":null,"Mitch":null,"Phil Bet Amount":null,"Phil Win/Lose/Push":null,"Phil":null,"Bryce Bet Amount":null,"Bryce Win/Lose/Push":null,"Bryce":null,"Cory Bet Amount":null,"Cory Win/Lose/Push":null,"Cory":null,"JB Bet Amount":null,"JB Win/Lose/Push":null,"JB":null,"Ethan Bet Amount":null,"Ethan Win/Lose/Push":null,"Ethan":null,"Jaime Bet Amount":null,"Jaime Win/Lose/Push":null,"Jaime":null,"Nathan Bet Amount":null,"Nathan Win/Lose/Push":null,"Nathan":null,"Evan Bet Amount":null,"Evan Win/Lose/Push":null,"Evan":null,"Brandon Bet Amount":null,"Brandon Win/Lose/Push":null,"Brandon":null,"Total Team Bet":null,"Legends Bet":null,"Leaders Bet":null,"To Win":null,"Payout":null,"TOTALS":null,"Mitch Totals":null,"Phil Totals":null,"Bryce Totals":null,"Cory Totals":null,"JB Totals":null,"Ethan Totals":null,"Jaime Totals":null,"Nate Totals":null,"Evan Totals":null,"Brandon Totals":null},{"Week":"125","Date":"01/09/2026","Mitch Bet Amount":null,"Mitch Win/Lose/Push":null,"Mitch":null,"Phil Bet Amount":null,"Phil Win/Lose/Push":null,"Phil":null,"Bryce Bet Amount":null,"Bryce Win/Lose/Push":null,"Bryce":null,"Cory Bet Amount":null,"Cory Win/Lose/Push":null,"Cory":null,"JB Bet Amount":null,"JB Win/Lose/Push":null,"JB":null,"Ethan Bet Amount":null,"Ethan Win/Lose/Push":null,"Ethan":null,"Jaime Bet Amount":null,"Jaime Win/Lose/Push":null,"Jaime":null,"Nathan Bet Amount":null,"Nathan Win/Lose/Push":null,"Nathan":null,"Evan Bet Amount":null,"Evan Win/Lose/Push":null,"Evan":null,"Brandon Bet Amount":null,"Brandon Win/Lose/Push":null,"Brandon":null,"Total Team Bet":null,"Legends Bet":null,"Leaders Bet":null,"To Win":null,"Payout":null,"TOTALS":null,"Mitch Totals":null,"Phil Totals":null,"Bryce Totals":null,"Cory Totals":null,"JB Totals":null,"Ethan Totals":null,"Jaime Totals":null,"Nate Totals":null,"Evan Totals":null,"Brandon Totals":null}]
3:31:44 AM [express] GET /api/data 200 in 180ms :: [{"Week":"1","Date":"8/23/24","Mitch Bet Amount":"$5","Mitch Win/Lose/Push":"Loss","Mitch":"FSU -10.5","Phil Bet Amount":"$5","Phil Win/Lose/Push":"Loss","Phil":"Montana State -13.5","Bryce Bet Amount":"$15","Bryce Win/Lose/Push":"Win","Bryce":"Burns over Im","Cory Bet Amount":"$5","Cory Win/Lose/Push":"Loss","Cory":"Ludvig or Clark ","JB Bet Amount":"$5","JB Win/Lose/Push":"Loss","JB":"Colorado","Ethan Bet Amount":"$5","Ethan Win/Lose/Push":"Win","Ethan":"Gophers UNC Under","Jaime Bet Amount":"5","Jaime Win/Lose/Push":"Win","Jaime":"Tail Ethan","Nathan Bet Amount":"","Nathan Win/Lose/Push":"","Nathan":"","Evan Bet Amount":"","Evan Win/Lose/Push":"","Evan":"","Brandon Bet Amount":"","Brandon Win/Lose/Push":"","Brandon":"","Total Team Bet":"$45.00","Legends Bet":"","Leaders Bet":"","To Win":"","Payout":"","TOTALS":"Total Bet","Mitch Totals":"360","Phil Totals":"385","Bryce Totals":"300","Cory Totals":"365","JB Totals":"260","Ethan Totals":"295","Jaime Totals":"415","Nate Totals":"0","Evan Totals":"0","Brandon Totals":"0"},{"Week":"2","Date":"8/30/24","Mitch Bet Amount":"$10","Mitch Win/Lose/Push":"Loss","Mitch":"Texas CSU over","Phil Bet Amount":"$10","Phil Win/Lose/Push":"Win","Phil":"Clemson uga under","Bryce Bet Amount":"$5","Bryce Win/Lose/Push":"Win","Bryce":"Notre Dame ","Cory Bet Amount":"$10","Cory Win/Lose/Push":"Win","Cory":"Penn state cover","JB Bet Amount":"$10","JB Win/Lose/Push":"Win","JB":"Florida over","Ethan Bet Amount":"$5","Ethan Win/Lose/Push":"Win","Ethan":"Georgia -12","Jaime Bet Amount":"5","Jaime Win/Lose/Push":"Win","Jaime":"Tail Ethan","Nathan Bet Amount":"","Nathan Win/Lose/Push":"","Nathan":"","Evan Bet Amount":"","Evan Win/Lose/Push":"","Evan":"","Brandon Bet Amount":"","Brandon Win/Lose/Push":"","Brandon":"","Total Team Bet":"$55.00","Legends Bet":"","Leaders Bet":"","To Win":"","Payout":"","TOTALS":"Total Wins","Mitch Totals":"13","Phil Totals":"12","Bryce Totals":"17","Cory Totals":"10","JB Totals":"16","Ethan Totals":"15","Jaime Totals":"11","Nate Totals":"0","Evan Totals":"0","Brandon Totals":"0"},{"Week":"3","Date":"9/6/24","Mitch Bet Amount":"$15","Mitch Win/Lose/Push":"Loss","Mitch":"Maryland Cover","Phil Bet Amount":"$5","Phil Win/Lose/Push":"Loss","Phil":"Michigan Texas Under","Bryce Bet Amount":"$5","Bryce Win/Lose/Push":"Loss","Bryce":"Iowa ","Cory Bet Amount":"$5","Cory Win/Lose/Push":"Win","Cory":"Clemson over ","JB Bet Amount":"$5","JB Win/Lose/Push":"Loss","JB":"Oregon","Ethan Bet Amount":"$5","Ethan Win/Lose/Push":"Loss","Ethan":"Colorado cover ","Jaime Bet Amount":"5","Jaime Win/Lose/Push":"Loss","Jaime":"Tail Ethan","Nathan Bet Amount":"","Nathan Win/Lose/Push":"","Nathan":"","Evan Bet Amount":"","Evan Win/Lose/Push":"","Evan":"","Brandon Bet Amount":"","Brandon Win/Lose/Push":"","Brandon":"","Total Team Bet":"$45.00","Legends Bet":"","Leaders Bet":"","To Win":"","Payout":"","TOTALS":"Total Losses","Mitch Totals":"17","Phil Totals":"19","Bryce Totals":"14","Cory Totals":"19","JB Totals":"15","Ethan Totals":"16","Jaime Totals":"18","Nate Totals":"0","Evan Totals":"0","Brandon Totals":"0"},{"Week":"4","Date":"9/13/24","Mitch Bet Amount":"$20","Mitch Win/Lose/Push":"Loss","Mitch":"Bryce","Phil Bet Amount":"$10","Phil Win/Lose/Push":"Loss","Phil":"LA Tech NC State Under","Bryce Bet Amount":"$10","Bryce Win/Lose/Push":"Loss","Bryce":"Oregon State ","Cory Bet Amount":"$5","Cory Win/Lose/Push":"Loss","Cory":"Georgia ","JB Bet Amount":"$10","JB Win/Lose/Push":"Win","JB":"indiana","Ethan Bet Amount":"$10","Ethan Win/Lose/Push":"Win","Ethan":"Gopher under ","Jaime Bet Amount":"10","Jaime Win/Lose/Push":"Loss","Jaime":"Tail Cory","Nathan Bet Amount":"","Nathan Win/Lose/Push":"","Nathan":"","Evan Bet Amount":"","Evan Win/Lose/Push":"","Evan":"","Brandon Bet Amount":"","Brandon Win/Lose/Push":"","Brandon":"","Total Team Bet":"$75.00","Legends Bet":"","Leaders Bet":"","To Win":"","Payout":"","TOTALS":"Total Pushes","Mitch Totals":"1","Phil Totals":"0","Bryce Totals":"0","Cory Totals":"2","JB Totals":"0","Ethan Totals":"0","Jaime Totals":"2","Nate Totals":"0","Evan Totals":"0","Brandon Totals":"0"},{"Week":"5","Date":"9/20/24","Mitch Bet Amount":"$25","Mitch Win/Lose/Push":"Loss","Mitch":"Ethan ","Phil Bet Amount":"$15","Phil Win/Lose/Push":"Loss","Phil":"Gophers Iowa Under ","Bryce Bet Amount":"$15","Bryce Win/Lose/Push":"Loss","Bryce":"OSU ","Cory Bet Amount":"$10","Cory Win/Lose/Push":"Win","Cory":"Clemson over  ","JB Bet Amount":"$5","JB Win/Lose/Push":"Win","JB":"Colorado State under ","Ethan Bet Amount":"$5","Ethan Win/Lose/Push":"Loss","Ethan":"USC ","Jaime Bet Amount":"15","Jaime Win/Lose/Push":"Win","Jaime":"Tail Cory ","Nathan Bet Amount":"","Nathan Win/Lose/Push":"","Nathan":"","Evan Bet Amount":"","Evan Win/Lose/Push":"","Evan":"","Brandon Bet Amount":"","Brandon Win/Lose/Push":"","Brandon":"","Total Team Bet":"$90.00","Legends Bet":"","Leaders Bet":"","To Win":"","Payout":"","TOTALS":"Win Percentage","Mitch Totals":"43.33%","Phil Totals":"38.71%","Bryce Totals":"54.84%","Cory Totals":"34.48%","JB Totals":"51.61%","Ethan Totals":"48.39%","Jaime Totals":"37.93%","Nate Totals":"0.00%","Evan Totals":"0.00%","Brandon Totals":"0.00%"},{"Week":"6","Date":"9/27/24","Mitch Bet Amount":"$30","Mitch Win/Lose/Push":"Loss","Mitch":"JB","Phil Bet Amount":"$20","Phil Win/Lose/Push":"Loss","Phil":"Cory","Bryce Bet Amount":"$20","Bryce Win/Lose/Push":"Loss","Bryce":"JB ","Cory Bet Amount":"$5","Cory Win/Lose/Push":"Loss","Cory":"Penn state over","JB Bet Amount":"$5","JB Win/Lose/Push":"Loss","JB":"Michigan","Ethan Bet Amount":"$10","Ethan Win/Lose/Push":"Loss","Ethan":"Georgia","Jaime Bet Amount":"5","Jaime Win/Lose/Push":"Loss","Jaime":"Texas Miss St Over","Nathan Bet Amount":"","Nathan Win/Lose/Push":"","Nathan":"","Evan Bet Amount":"","Evan Win/Lose/Push":"","Evan":"","Brandon Bet Amount":"","Brandon Win/Lose/Push":"","Brandon":"","Total Team Bet":"$95.00","Legends Bet":null,"Leaders Bet":null,"To Win":null,"Payout":null,"TOTALS":null,"Mitch Totals":null,"Phil Totals":null,"Bryce Totals":null,"Cory Totals":null,"JB Totals":null,"Ethan Totals":null,"Jaime Totals":null,"Nate Totals":null,"Evan Totals":null,"Brandon Totals":null},{"Week":"7","Date":"10/4/24","Mitch Bet Amount":"$35","Mitch Win/Lose/Push":"Win","Mitch":"JB","Phil Bet Amount":"$25","Phil Win/Lose/Push":"Loss","Phil":"Jaime","Bryce Bet Amount":"$25","Bryce Win/Lose/Push":"Win","Bryce":"JB","Cory Bet Amount":"$10","Cory Win/Lose/Push":"Loss","Cory":"South Carolina cover","JB Bet Amount":"$10","JB Win/Lose/Push":"Win","JB":"Ohio st","Ethan Bet Amount":"$15","Ethan Win/Lose/Push":"Loss","Ethan":"Northwestern","Jaime Bet Amount":"10","Jaime Win/Lose/Push":"Loss","Jaime":"Michigan Cover","Nathan Bet Amount":"","Nathan Win/Lose/Push":"","Nathan":"","Evan Bet Amount":"","Evan Win/Lose/Push":"","Evan":"","Brandon Bet Amount":"","Brandon Win/Lose/Push":"","Brandon":"","Total Team Bet":"$130.00","Legends Bet":null,"Leaders Bet":null,"To Win":null,"Payout":null,"TOTALS":null,"Mitch Totals":null,"Phil Totals":null,"Bryce Totals":null,"Cory Totals":null,"JB Totals":null,"Ethan Totals":null,"Jaime Totals":null,"Nate Totals":null,"Evan Totals":null,"Brandon Totals":null},{"Week":"8","Date":"10/11/24","Mitch Bet Amount":"$5","Mitch Win/Lose/Push":"Win","Mitch":"Penn State","Phil Bet Amount":"$30","Phil Win/Lose/Push":"Loss","Phil":"JB","Bryce Bet Amount":"$5","Bryce Win/Lose/Push":"Loss","Bryce":"Ohio state","Cory Bet Amount":"$15","Cory Win/Lose/Push":"Loss","Cory":"Boise over ","JB Bet Amount":"$5","JB Win/Lose/Push":"Loss","JB":"Kentucky","Ethan Bet Amount":"$20","Ethan Win/Lose/Push":"Loss","Ethan":"Cory","Jaime Bet Amount":"15","Jaime Win/Lose/Push":"Win","Jaime":"ND/Stanford Over","Nathan Bet Amount":"","Nathan Win/Lose/Push":"","Nathan":"","Evan Bet Amount":"","Evan Win/Lose/Push":"","Evan":"","Brandon Bet Amount":"","Brandon Win/Lose/Push":"","Brandon":"","Total Team Bet":"$95.00","Legends Bet":null,"Leaders Bet":null,"To Win":null,"Payout":null,"TOTALS":null,"Mitch Totals":null,"Phil Totals":null,"Bryce Totals":null,"Cory Totals":null,"JB Totals":null,"Ethan Totals":null,"Jaime Totals":null,"Nate Totals":null,"Evan Totals":null,"Brandon Totals":null},{"Week":"9","Date":"10/17/24","Mitch Bet Amount":"$5","Mitch Win/Lose/Push":"Win","Mitch":"Kansas St","Phil Bet Amount":"$35","Phil Win/Lose/Push":"Loss","Phil":"JB","Bryce Bet Amount":"$10","Bryce Win/Lose/Push":"Win","Bryce":"Illinois","Cory Bet Amount":"$20","Cory Win/Lose/Push":"Push","Cory":"Jaime","JB Bet Amount":"$10","JB Win/Lose/Push":"Loss","JB":"Rutgers","Ethan Bet Amount":"$25","Ethan Win/Lose/Push":"Loss","Ethan":"JB","Jaime Bet Amount":"5","Jaime Win/Lose/Push":"Push","Jaime":"Army Cover","Nathan Bet Amount":"","Nathan Win/Lose/Push":"","Nathan":"","Evan Bet Amount":"","Evan Win/Lose/Push":"","Evan":"","Brandon Bet Amount":"","Brandon Win/Lose/Push":"","Brandon":"","Total Team Bet":"$110.00","Legends Bet":null,"Leaders Bet":null,"To Win":null,"Payout":null,"TOTALS":null,"Mitch Totals":null,"Phil Totals":null,"Bryce Totals":null,"Cory Totals":null,"JB Totals":null,"Ethan Totals":null,"Jaime Totals":null,"Nate Totals":null,"Evan Totals":null,"Brandon Totals":null},{"Week":"10","Date":"10/25/24","Mitch Bet Amount":"$5","Mitch Win/Lose/Push":"Loss","Mitch":"UCF ","Phil Bet Amount":"$40","Phil Win/Lose/Push":"Win","Phil":"JB ","Bryce Bet Amount":"$5","Bryce Win/Lose/Push":"Loss","Bryce":"\"Illinois, I guess\" ","Cory Bet Amount":"$20","Cory Win/Lose/Push":"Win","Cory":"Jaime ","JB Bet Amount":"$15","JB Win/Lose/Push":"Win","JB":"Miami ","Ethan Bet Amount":"$30","Ethan Win/Lose/Push":"Win","Ethan":"Jaime ","Jaime Bet Amount":"5","Jaime Win/Lose/Push":"Win","Jaime":"PSU Cover ","Nathan Bet Amount":"","Nathan Win/Lose/Push":"","Nathan":"","Evan Bet Amount":"","Evan Win/Lose/Push":"","Evan":"","Brandon Bet Amount":"","Brandon Win/Lose/Push":"","Brandon":"","Total Team Bet":"$120.00","Legends Bet":null,"Leaders Bet":null,"To Win":null,"Payout":null,"TOTALS":null,"Mitch Totals":null,"Phil Totals":null,"Bryce Totals":null,"Cory Totals":null,"JB Totals":null,"Ethan Totals":null,"Jaime Totals":null,"Nate Totals":null,"Evan Totals":null,"Brandon Totals":null},{"Week":"11","Date":"11/1/24","Mitch Bet Amount":"$10","Mitch Win/Lose/Push":"Win","Mitch":"Indiana","Phil Bet Amount":"$5","Phil Win/Lose/Push":"Win","Phil":"Ethan ","Bryce Bet Amount":"$10","Bryce Win/Lose/Push":"Win","Bryce":"Vikings ","Cory Bet Amount":"$5","Cory Win/Lose/Push":"Loss","Cory":"Navy over","JB Bet Amount":"$5","JB Win/Lose/Push":"Loss","JB":"Kansas St","Ethan Bet Amount":"$5","Ethan Win/Lose/Push":"Win","Ethan":"Ohio state ","Jaime Bet Amount":"5","Jaime Win/Lose/Push":"Loss","Jaime":"Army/AF Over","Nathan Bet Amount":"","Nathan Win/Lose/Push":"","Nathan":"","Evan Bet Amount":"","Evan Win/Lose/Push":"","Evan":"","Brandon Bet Amount":"","Brandon Win/Lose/Push":"","Brandon":"","Total Team Bet":"$45.00","Legends Bet":null,"Leaders Bet":null,"To Win":null,"Payout":null,"TOTALS":null,"Mitch Totals":null,"Phil Totals":null,"Bryce Totals":null,"Cory Totals":null,"JB Totals":null,"Ethan Totals":null,"Jaime Totals":null,"Nate Totals":null,"Evan Totals":null,"Brandon Totals":null},{"Week":"12","Date":"11/8/24","Mitch Bet Amount":"$5","Mitch Win/Lose/Push":"Loss","Mitch":"Gophers","Phil Bet Amount":"$5","Phil Win/Lose/Push":"Loss","Phil":"Mitch","Bryce Bet Amount":"$5","Bryce Win/Lose/Push":"Loss","Bryce":"Vikings ","Cory Bet Amount":"$10","Cory Win/Lose/Push":"Loss","Cory":"Clemson over","JB Bet Amount":"$10","JB Win/Lose/Push":"Loss","JB":"bryce","Ethan Bet Amount":"$5","Ethan Win/Lose/Push":"Win","Ethan":"Steelers +3","Jaime Bet Amount":"10","Jaime Win/Lose/Push":"Loss","Jaime":"Georgia Cover","Nathan Bet Amount":"","Nathan Win/Lose/Push":"","Nathan":"","Evan Bet Amount":"","Evan Win/Lose/Push":"","Evan":"","Brandon Bet Amount":"","Brandon Win/Lose/Push":"","Brandon":"","Total Team Bet":"$50.00","Legends Bet":null,"Leaders Bet":null,"To Win":null,"Payout":null,"TOTALS":null,"Mitch Totals":null,"Phil Totals":null,"Bryce Totals":null,"Cory Totals":null,"JB Totals":null,"Ethan Totals":null,"Jaime Totals":null,"Nate Totals":null,"Evan Totals":null,"Brandon Totals":null},{"Week":"13","Date":"11/15/24","Mitch Bet Amount":"$10","Mitch Win/Lose/Push":"Loss","Mitch":"Oregon","Phil Bet Amount":"$10","Phil Win/Lose/Push":"Loss","Phil":"JB","Bryce Bet Amount":"$10","Bryce Win/Lose/Push":"Win","Bryce":"Vikings","Cory Bet Amount":"$15","Cory Win/Lose/Push":"Loss","Cory":"KSU over ","JB Bet Amount":"$15","JB Win/Lose/Push":"Loss","JB":"SMU","Ethan Bet Amount":"$5","Ethan Win/Lose/Push":"Win","Ethan":"Illinois","Jaime Bet Amount":"15","Jaime Win/Lose/Push":"Loss","Jaime":"Packers Cover","Nathan Bet Amount":"","Nathan Win/Lose/Push":"","Nathan":"","Evan Bet Amount":"","Evan Win/Lose/Push":"","Evan":"","Brandon Bet Amount":"","Brandon Win/Lose/Push":"","Brandon":"","Total Team Bet":"$80.00","Legends Bet":null,"Leaders Bet":null,"To Win":null,"Payout":null,"TOTALS":null,"Mitch Totals":null,"Phil Totals":null,"Bryce Totals":null,"Cory Totals":null,"JB Totals":null,"Ethan Totals":null,"Jaime Totals":null,"Nate Totals":null,"Evan Totals":null,"Brandon Totals":null},{"Week":"14","Date":"11/22/24","Mitch Bet Amount":"$15","Mitch Win/Lose/Push":"Win","Mitch":"Boston College  ","Phil Bet Amount":"$15","Phil Win/Lose/Push":"Loss","Phil":"UNC / Boston College Under ","Bryce Bet Amount":"$5","Bryce Win/Lose/Push":"Win","Bryce":"Lions ","Cory Bet Amount":"$20","Cory Win/Lose/Push":"Win","Cory":"Bryce  ","JB Bet Amount":"$20","JB Win/Lose/Push":"Win","JB":"Bruce ","Ethan Bet Amount":"$5","Ethan Win/Lose/Push":"Loss","Ethan":"Gopher under ","Jaime Bet Amount":"20","Jaime Win/Lose/Push":"Loss","Jaime":"Tail Ethan ","Nathan Bet Amount":"","Nathan Win/Lose/Push":"","Nathan":"","Evan Bet Amount":"","Evan Win/Lose/Push":"","Evan":"","Brandon Bet Amount":"","Brandon Win/Lose/Push":"","Brandon":"","Total Team Bet":"$100.00","Legends Bet":null,"Leaders Bet":null,"To Win":null,"Payout":null,"TOTALS":null,"Mitch Totals":null,"Phil Totals":null,"Bryce Totals":null,"Cory Totals":null,"JB Totals":null,"Ethan Totals":null,"Jaime Totals":null,"Nate Totals":null,"Evan Totals":null,"Brandon Totals":null},{"Week":"15","Date":"11/29/24","Mitch Bet Amount":"$5","Mitch Win/Lose/Push":"Loss","Mitch":"Kansas ","Phil Bet Amount":"$20","Phil Win/Lose/Push":"Win","Phil":"Cory","Bryce Bet Amount":"$5","Bryce Win/Lose/Push":"Loss","Bryce":"Maryland ","Cory Bet Amount":"$5","Cory Win/Lose/Push":"Win","Cory":"Notre dame ","JB Bet Amount":"$5","JB Win/Lose/Push":"Loss","JB":"usf","Ethan Bet Amount":"$10","Ethan Win/Lose/Push":"Loss","Ethan":"Tennessee titans  ","Jaime Bet Amount":"25","Jaime Win/Lose/Push":"Win","Jaime":"Tail Cory","Nathan Bet Amount":"","Nathan Win/Lose/Push":"","Nathan":"","Evan Bet Amount":"","Evan Win/Lose/Push":"","Evan":"","Brandon Bet Amount":"","Brandon Win/Lose/Push":"","Brandon":"","Total Team Bet":"$75.00","Legends Bet":null,"Leaders Bet":null,"To Win":null,"Payout":null,"TOTALS":null,"Mitch Totals":null,"Phil Totals":null,"Bryce Totals":null,"Cory Totals":null,"JB Totals":null,"Ethan Totals":null,"Jaime Totals":null,"Nate Totals":null,"Evan Totals":null,"Brandon Totals":null},{"Week":"16","Date":"12/6/24","Mitch Bet Amount":"$10","Mitch Win/Lose/Push":"Loss","Mitch":"Miami (OH) ","Phil Bet Amount":"$5","Phil Win/Lose/Push":"Win","Phil":"Ethan ","Bryce Bet Amount":"$10","Bryce Win/Lose/Push":"Loss","Bryce":"Texas ","Cory Bet Amount":"$5","Cory Win/Lose/Push":"Loss","Cory":"Smu ","JB Bet Amount":"$10","JB Win/Lose/Push":"Win","JB":"ethan ","Ethan Bet Amount":"$15","Ethan Win/Lose/Push":"Win","Ethan":"QUACK ","Jaime Bet Amount":"5","Jaime Win/Lose/Push":"Win","Jaime":"Tampa Bay -6.5","Nathan Bet Amount":"","Nathan Win/Lose/Push":"","Nathan":"","Evan Bet Amount":"","Evan Win/Lose/Push":"","Evan":"","Brandon Bet Amount":"","Brandon Win/Lose/Push":"","Brandon":"","Total Team Bet":"$60.00","Legends Bet":null,"Leaders Bet":null,"To Win":null,"Payout":null,"TOTALS":null,"Mitch Totals":null,"Phil Totals":null,"Bryce Totals":null,"Cory Totals":null,"JB Totals":null,"Ethan Totals":null,"Jaime Totals":null,"Nate Totals":null,"Evan Totals":null,"Brandon Totals":null},{"Week":"17","Date":"12/13/24","Mitch Bet Amount":"$15","Mitch Win/Lose/Push":"Loss","Mitch":"Ethan ","Phil Bet Amount":"$5","Phil Win/Lose/Push":"Loss","Phil":"Army/navy Under ","Bryce Bet Amount":"$15","Bryce Win/Lose/Push":"Win","Bryce":"Vikings ","Cory Bet Amount":"$10","Cory Win/Lose/Push":"Win","Cory":"Unlv cover  ","JB Bet Amount":"$5","JB Win/Lose/Push":"Loss","JB":"Mississippi st ","Ethan Bet Amount":"$5","Ethan Win/Lose/Push":"Loss","Ethan":"Georgia southern ","Jaime Bet Amount":"5","Jaime Win/Lose/Push":"Loss","Jaime":"Jack St/SC St Over ","Nathan Bet Amount":"","Nathan Win/Lose/Push":"","Nathan":"","Evan Bet Amount":"","Evan Win/Lose/Push":"","Evan":"","Brandon Bet Amount":"","Brandon Win/Lose/Push":"","Brandon":"","Total Team Bet":"$60.00","Legends Bet":null,"Leaders Bet":null,"To Win":null,"Payout":null,"TOTALS":null,"Mitch Totals":null,"Phil Totals":null,"Bryce Totals":null,"Cory Totals":null,"JB Totals":null,"Ethan Totals":null,"Jaime Totals":null,"Nate Totals":null,"Evan Totals":null,"Brandon Totals":null},{"Week":"18","Date":"12/20/24","Mitch Bet Amount":"$20","Mitch Win/Lose/Push":"Loss","Mitch":"Cory","Phil Bet Amount":"$10","Phil Win/Lose/Push":"Loss","Phil":"Texas/Clemson Under","Bryce Bet Amount":"$5","Bryce Win/Lose/Push":"Win","Bryce":"lions","Cory Bet Amount":"$5","Cory Win/Lose/Push":"Loss","Cory":"Eagles","JB Bet Amount":"$10","JB Win/Lose/Push":"Loss","JB":"wild over ","Ethan Bet Amount":"$10","Ethan Win/Lose/Push":"Win","Ethan":"Texas","Jaime Bet Amount":"10","Jaime Win/Lose/Push":"Win","Jaime":"Colts Cover","Nathan Bet Amount":"","Nathan Win/Lose/Push":"","Nathan":"","Evan Bet Amount":"","Evan Win/Lose/Push":"","Evan":"","Brandon Bet Amount":"","Brandon Win/Lose/Push":"","Brandon":"","Total Team Bet":"$70.00","Legends Bet":null,"Leaders Bet":null,"To Win":null,"Payout":null,"TOTALS":null,"Mitch Totals":null,"Phil Totals":null,"Bryce Totals":null,"Cory Totals":null,"JB Totals":null,"Ethan Totals":null,"Jaime Totals":null,"Nate Totals":null,"Evan Totals":null,"Brandon Totals":null},{"Week":"19","Date":"12/27/24","Mitch Bet Amount":"$25","Mitch Win/Lose/Push":"Win","Mitch":"Ethan","Phil Bet Amount":"$15","Phil Win/Lose/Push":"Win","Phil":"Iowa State/Miami Over","Bryce Bet Amount":"$5","Bryce Win/Lose/Push":"Win","Bryce":"vikes","Cory Bet Amount":"$10","Cory Win/Lose/Push":"Win","Cory":"Det lions","JB Bet Amount":"$15","JB Win/Lose/Push":"Win","JB":"Penn St","Ethan Bet Amount":"$5","Ethan Win/Lose/Push":"Win","Ethan":"Gophers","Jaime Bet Amount":"5","Jaime Win/Lose/Push":"Loss","Jaime":"Panthers Cover","Nathan Bet Amount":"","Nathan Win/Lose/Push":"","Nathan":"","Evan Bet Amount":"","Evan Win/Lose/Push":"","Evan":"","Brandon Bet Amount":"","Brandon Win/Lose/Push":"","Brandon":"","Total Team Bet":"$80.00","Legends Bet":null,"Leaders Bet":null,"To Win":null,"Payout":null,"TOTALS":null,"Mitch Totals":null,"Phil Totals":null,"Bryce Totals":null,"Cory Totals":null,"JB Totals":null,"Ethan Totals":null,"Jaime Totals":null,"Nate Totals":null,"Evan Totals":null,"Brandon Totals":null},{"Week":"20","Date":"1/3/25","Mitch Bet Amount":"$5","Mitch Win/Lose/Push":"Win","Mitch":"Ethan","Phil Bet Amount":"$5","Phil Win/Lose/Push":"Win","Phil":"Buffalo -3 v Liberty","Bryce Bet Amount":"$5","Bryce Win/Lose/Push":"Loss","Bryce":"Vikings ","Cory Bet Amount":"$5","Cory Win/Lose/Push":"Loss","Cory":"Penn state","JB Bet Amount":"$5","JB Win/Lose/Push":"Win","JB":"chargers -4.5","Ethan Bet Amount":"$5","Ethan Win/Lose/Push":"Win","Ethan":"Osu","Jaime Bet Amount":"10","Jaime Win/Lose/Push":"Loss","Jaime":"OSU/Texas Over","Nathan Bet Amount":"","Nathan Win/Lose/Push":"","Nathan":"","Evan Bet Amount":"","Evan Win/Lose/Push":"","Evan":"","Brandon Bet Amount":"","Brandon Win/Lose/Push":"","Brandon":"","Total Team Bet":"$40.00","Legends Bet":null,"Leaders Bet":null,"To Win":null,"Payout":null,"TOTALS":null,"Mitch Totals":null,"Phil Totals":null,"Bryce Totals":null,"Cory Totals":null,"JB Totals":null,"Ethan Totals":null,"Jaime Totals":null,"Nate Totals":null,"Evan Totals":null,"Brandon Totals":null},{"Week":"21","Date":"1/10/25","Mitch Bet Amount":"$5","Mitch Win/Lose/Push":"Loss","Mitch":"Ethan","Phil Bet Amount":"$5","Phil Win/Lose/Push":"Win","Phil":"Pittsburgh/Baltimore Under","Bryce Bet Amount":"$10","Bryce Win/Lose/Push":"Loss","Bryce":"Vikings","Cory Bet Amount":"$10","Cory Win/Lose/Push":"Loss","Cory":"Chargers ","JB Bet Amount":"$5","JB Win/Lose/Push":"Win","JB":"Saint Mary's bball","Ethan Bet Amount":"$5","Ethan Win/Lose/Push":"Loss","Ethan":"Wolves under","Jaime Bet Amount":"15","Jaime Win/Lose/Push":"Loss","Jaime":"Packers Cover","Nathan Bet Amount":"","Nathan Win/Lose/Push":"","Nathan":"","Evan Bet Amount":"","Evan Win/Lose/Push":"","Evan":"","Brandon Bet Amount":"","Brandon Win/Lose/Push":"","Brandon":"","Total Team Bet":"$55.00","Legends Bet":null,"Leaders Bet":null,"To Win":null,"Payout":null,"TOTALS":null,"Mitch Totals":null,"Phil Totals":null,"Bryce Totals":null,"Cory Totals":null,"JB Totals":null,"Ethan Totals":null,"Jaime Totals":null,"Nate Totals":null,"Evan Totals":null,"Brandon Totals":null},{"Week":"22","Date":"1/17/25","Mitch Bet Amount":"$10","Mitch Win/Lose/Push":"Loss","Mitch":"Houston ","Phil Bet Amount":"$5","Phil Win/Lose/Push":"Win","Phil":"Alabama","Bryce Bet Amount":"$15","Bryce Win/Lose/Push":"Loss","Bryce":"Ravens","Cory Bet Amount":"$15","Cory Win/Lose/Push":"Push","Cory":"Eagles ","JB Bet Amount":"$5","JB Win/Lose/Push":"Win","JB":"Cleveland cavs","Ethan Bet Amount":"$10","Ethan Win/Lose/Push":"Win","Ethan":"Tail JB ","Jaime Bet Amount":"20","Jaime Win/Lose/Push":"Loss","Jaime":"Tail Bryce","Nathan Bet Amount":"","Nathan Win/Lose/Push":"","Nathan":"","Evan Bet Amount":"","Evan Win/Lose/Push":"","Evan":"","Brandon Bet Amount":"","Brandon Win/Lose/Push":"","Brandon":"","Total Team Bet":"$80.00","Legends Bet":null,"Leaders Bet":null,"To Win":null,"Payout":null,"TOTALS":null,"Mitch Totals":null,"Phil Totals":null,"Bryce Totals":null,"Cory Totals":null,"JB Totals":null,"Ethan Totals":null,"Jaime Totals":null,"Nate Totals":null,"Evan Totals":null,"Brandon Totals":null},{"Week":"23","Date":"1/24/25","Mitch Bet Amount":"$15","Mitch Win/Lose/Push":"Loss","Mitch":"Duke","Phil Bet Amount":"$5","Phil Win/Lose/Push":"Loss","Phil":"Kansas bball","Bryce Bet Amount":"$20","Bryce Win/Lose/Push":"Loss","Bryce":"Cory, I guess","Cory Bet Amount":"$15","Cory Win/Lose/Push":"Loss","Cory":"Gophers b ball to not cover ","JB Bet Amount":"$5","JB Win/Lose/Push":"Loss","JB":"Denver nuggets","Ethan Bet Amount":"$5","Ethan Win/Lose/Push":"Win","Ethan":"St Thomas","Jaime Bet Amount":"25","Jaime Win/Lose/Push":"Loss","Jaime":"Tail Phil","Nathan Bet Amount":"","Nathan Win/Lose/Push":"","Nathan":"","Evan Bet Amount":"","Evan Win/Lose/Push":"","Evan":"","Brandon Bet Amount":"","Brandon Win/Lose/Push":"","Brandon":"","Total Team Bet":"$90.00","Legends Bet":null,"Leaders Bet":null,"To Win":null,"Payout":null,"TOTALS":null,"Mitch Totals":null,"Phil Totals":null,"Bryce Totals":null,"Cory Totals":null,"JB Totals":null,"Ethan Totals":null,"Jaime Totals":null,"Nate Totals":null,"Evan Totals":null,"Brandon Totals":null},{"Week":"24","Date":"1/31/25","Mitch Bet Amount":"$20","Mitch Win/Lose/Push":"Win","Mitch":"Phil","Phil Bet Amount":"$10","Phil Win/Lose/Push":"Win","Phil":"Tennessee bball","Bryce Bet Amount":"$25","Bryce Win/Lose/Push":"Win","Bryce":"JB","Cory Bet Amount":"$20","Cory Win/Lose/Push":"Loss","Cory":"Ethan","JB Bet Amount":"$10","JB Win/Lose/Push":"Win","JB":"duke","Ethan Bet Amount":"$5","Ethan Win/Lose/Push":"Loss","Ethan":"Wolves over ","Jaime Bet Amount":"30","Jaime Win/Lose/Push":"Loss","Jaime":"Tail Ethan","Nathan Bet Amount":"","Nathan Win/Lose/Push":"","Nathan":"","Evan Bet Amount":"","Evan Win/Lose/Push":"","Evan":"","Brandon Bet Amount":"","Brandon Win/Lose/Push":"","Brandon":"","Total Team Bet":"$120.00","Legends Bet":null,"Leaders Bet":null,"To Win":null,"Payout":null,"TOTALS":null,"Mitch Totals":null,"Phil Totals":null,"Bryce Totals":null,"Cory Totals":null,"JB Totals":null,"Ethan Totals":null,"Jaime Totals":null,"Nate Totals":null,"Evan Totals":null,"Brandon Totals":null},{"Week":"25","Date":"2/7/25","Mitch Bet Amount":"$5","Mitch Win/Lose/Push":"Push","Mitch":"Michigan","Phil Bet Amount":"$5","Phil Win/Lose/Push":"Loss","Phil":"Mizzou","Bryce Bet Amount":"$5","Bryce Win/Lose/Push":"Loss","Bryce":"KC","Cory Bet Amount":"$25","Cory Win/Lose/Push":"Loss","Cory":"JB","JB Bet Amount":"$5","JB Win/Lose/Push":"Loss","JB":"Butler Under","Ethan Bet Amount":"$10","Ethan Win/Lose/Push":"Win","Ethan":"Creighton","Jaime Bet Amount":"35","Jaime Win/Lose/Push":"Push","Jaime":"Mitch","Nathan Bet Amount":"","Nathan Win/Lose/Push":"","Nathan":"","Evan Bet Amount":"","Evan Win/Lose/Push":"","Evan":"","Brandon Bet Amount":"","Brandon Win/Lose/Push":"","Brandon":"","Total Team Bet":"$90.00","Legends Bet":null,"Leaders Bet":null,"To Win":null,"Payout":null,"TOTALS":null,"Mitch Totals":null,"Phil Totals":null,"Bryce Totals":null,"Cory Totals":null,"JB Totals":null,"Ethan Totals":null,"Jaime Totals":null,"Nate Totals":null,"Evan Totals":null,"Brandon Totals":null},{"Week":"26","Date":"2/14/25","Mitch Bet Amount":"$5","Mitch Win/Lose/Push":"Win","Mitch":"Houston Cougars ","Phil Bet Amount":"$10","Phil Win/Lose/Push":"Win","Phil":"Wisconsin/purdue over ","Bryce Bet Amount":"$10","Bryce Win/Lose/Push":"Win","Bryce":"2 chances Scottie/aberg","Cory Bet Amount":"$30","Cory Win/Lose/Push":"Win","Cory":"Phil ","JB Bet Amount":"$10","JB Win/Lose/Push":"Win","JB":"Baylor over ","Ethan Bet Amount":"$5","Ethan Win/Lose/Push":"Loss","Ethan":"George mason -3.5 ","Jaime Bet Amount":"35","Jaime Win/Lose/Push":"Loss","Jaime":"Tail E ","Nathan Bet Amount":"","Nathan Win/Lose/Push":"","Nathan":"","Evan Bet Amount":"","Evan Win/Lose/Push":"","Evan":"","Brandon Bet Amount":"","Brandon Win/Lose/Push":"","Brandon":"","Total Team Bet":"$105.00","Legends Bet":null,"Leaders Bet":null,"To Win":null,"Payout":null,"TOTALS":null,"Mitch Totals":null,"Phil Totals":null,"Bryce Totals":null,"Cory Totals":null,"JB Totals":null,"Ethan Totals":null,"Jaime Totals":null,"Nate Totals":null,"Evan Totals":null,"Brandon Totals":null},{"Week":"27","Date":"2/21/25","Mitch Bet Amount":"$5","Mitch Win/Lose/Push":"Win","Mitch":"Florida","Phil Bet Amount":"$5","Phil Win/Lose/Push":"Win","Phil":"Alabama","Bryce Bet Amount":"$5","Bryce Win/Lose/Push":"Win","Bryce":"Iowa state","Cory Bet Amount":"$5","Cory Win/Lose/Push":"Win","Cory":"Duke","JB Bet Amount":"$5","JB Win/Lose/Push":"Win","JB":"Bama Under","Ethan Bet Amount":"$10","Ethan Win/Lose/Push":"Loss","Ethan":"Gophers","Jaime Bet Amount":"40","Jaime Win/Lose/Push":"Win","Jaime":"Cory ","Nathan Bet Amount":"","Nathan Win/Lose/Push":"","Nathan":"","Evan Bet Amount":"","Evan Win/Lose/Push":"","Evan":"","Brandon Bet Amount":"","Brandon Win/Lose/Push":"","Brandon":"","Total Team Bet":"$75.00","Legends Bet":null,"Leaders Bet":null,"To Win":null,"Payout":null,"TOTALS":null,"Mitch Totals":null,"Phil Totals":null,"Bryce Totals":null,"Cory Totals":null,"JB Totals":null,"Ethan Totals":null,"Jaime Totals":null,"Nate Totals":null,"Evan Totals":null,"Brandon Totals":null},{"Week":"28","Date":"2/28/25","Mitch Bet Amount":"$5","Mitch Win/Lose/Push":"Win","Mitch":"Clemson ","Phil Bet Amount":"$5","Phil Win/Lose/Push":"Loss","Phil":"Texas Tech/Kansas Under","Bryce Bet Amount":"$5","Bryce Win/Lose/Push":"Win","Bryce":"DUQUESNE","Cory Bet Amount":"$5","Cory Win/Lose/Push":"Loss","Cory":"Min woo lee over spieth","JB Bet Amount":"$5","JB Win/Lose/Push":"Win","JB":"wyoming ","Ethan Bet Amount":"$15","Ethan Win/Lose/Push":"Win","Ethan":"Wizards +4 ","Jaime Bet Amount":"5","Jaime Win/Lose/Push":"Win","Jaime":"Mitch","Nathan Bet Amount":"","Nathan Win/Lose/Push":"","Nathan":"","Evan Bet Amount":"","Evan Win/Lose/Push":"","Evan":"","Brandon Bet Amount":"","Brandon Win/Lose/Push":"","Brandon":"","Total Team Bet":"$45.00","Legends Bet":null,"Leaders Bet":null,"To Win":null,"Payout":null,"TOTALS":null,"Mitch Totals":null,"Phil Totals":null,"Bryce Totals":null,"Cory Totals":null,"JB Totals":null,"Ethan Totals":null,"Jaime Totals":null,"Nate Totals":null,"Evan Totals":null,"Brandon Totals":null},{"Week":"29","Date":"3/7/25","Mitch Bet Amount":"$5","Mitch Win/Lose/Push":"Win","Mitch":"Texas AM","Phil Bet Amount":"$10","Phil Win/Lose/Push":"Loss","Phil":"Marquette","Bryce Bet Amount":"$5","Bryce Win/Lose/Push":"Win","Bryce":"Brunno Ferreira ","Cory Bet Amount":"$10","Cory Win/Lose/Push":"Loss","Cory":"Ethan ","JB Bet Amount":"$5","JB Win/Lose/Push":"Loss","JB":"phil","Ethan Bet Amount":"$5","Ethan Win/Lose/Push":"Loss","Ethan":"Georgetown under","Jaime Bet Amount":"5","Jaime Win/Lose/Push":"Loss","Jaime":"Houston","Nathan Bet Amount":"","Nathan Win/Lose/Push":"","Nathan":"","Evan Bet Amount":"","Evan Win/Lose/Push":"","Evan":"","Brandon Bet Amount":"","Brandon Win/Lose/Push":"","Brandon":"","Total Team Bet":"$45.00","Legends Bet":null,"Leaders Bet":null,"To Win":null,"Payout":null,"TOTALS":null,"Mitch Totals":null,"Phil Totals":null,"Bryce Totals":null,"Cory Totals":null,"JB Totals":null,"Ethan Totals":null,"Jaime Totals":null,"Nate Totals":null,"Evan Totals":null,"Brandon Totals":null},{"Week":"30","Date":"3/14/25","Mitch Bet Amount":"$5","Mitch Win/Lose/Push":"Win","Mitch":"St. John's ","Phil Bet Amount":"$15","Phil Win/Lose/Push":"Loss","Phil":"Tulane Memphis Under","Bryce Bet Amount":"$5","Bryce Win/Lose/Push":"Win","Bryce":"Manitoba Moose","Cory Bet Amount":"$15","Cory Win/Lose/Push":"Loss","Cory":"JB","JB Bet Amount":"$10","JB Win/Lose/Push":"Loss","JB":"Akron ","Ethan Bet Amount":"$10","Ethan Win/Lose/Push":"Loss","Ethan":"Michigan under","Jaime Bet Amount":"10","Jaime Win/Lose/Push":"Win","Jaime":"Colorado State","Nathan Bet Amount":"","Nathan Win/Lose/Push":"","Nathan":"","Evan Bet Amount":"","Evan Win/Lose/Push":"","Evan":"","Brandon Bet Amount":"","Brandon Win/Lose/Push":"","Brandon":"","Total Team Bet":"$70.00","Legends Bet":null,"Leaders Bet":null,"To Win":null,"Payout":null,"TOTALS":null,"Mitch Totals":null,"Phil Totals":null,"Bryce Totals":null,"Cory Totals":null,"JB Totals":null,"Ethan Totals":null,"Jaime Totals":null,"Nate Totals":null,"Evan Totals":null,"Brandon Totals":null},{"Week":"31","Date":"3/21/25","Mitch Bet Amount":"$5","Mitch Win/Lose/Push":"Loss","Mitch":"Florida men's basketball to cover the spread","Phil Bet Amount":"$20","Phil Win/Lose/Push":"Loss","Phil":"Mitch","Bryce Bet Amount":"$5","Bryce Win/Lose/Push":"Win","Bryce":"PAULA BADOSA","Cory Bet Amount":"$20","Cory Win/Lose/Push":"Loss","Cory":"Mitch","JB Bet Amount":"$15","JB Win/Lose/Push":"Win","JB":"tennessee","Ethan Bet Amount":"$15","Ethan Win/Lose/Push":"Loss","Ethan":"Iowa St","Jaime Bet Amount":"5","Jaime Win/Lose/Push":"Loss","Jaime":"Wisconsin","Nathan Bet Amount":"","Nathan Win/Lose/Push":"","Nathan":"","Evan Bet Amount":"","Evan Win/Lose/Push":"","Evan":"","Brandon Bet Amount":"","Brandon Win/Lose/Push":"","Brandon":"","Total Team Bet":"$85.00","Legends Bet":null,"Leaders Bet":null,"To Win":null,"Payout":null,"TOTALS":null,"Mitch Totals":null,"Phil Totals":null,"Bryce Totals":null,"Cory Totals":null,"JB Totals":null,"Ethan Totals":null,"Jaime Totals":null,"Nate Totals":null,"Evan Totals":null,"Brandon Totals":null},{"Week":"32","Date":"03/28/2025","Mitch Bet Amount":"$10","Mitch Win/Lose/Push":"","Mitch":"","Phil Bet Amount":"$25","Phil Win/Lose/Push":"","Phil":"","Bryce Bet Amount":"$5","Bryce Win/Lose/Push":"","Bryce":"","Cory Bet Amount":"$25","Cory Win/Lose/Push":"","Cory":"","JB Bet Amount":"$5","JB Win/Lose/Push":"","JB":"","Ethan Bet Amount":"$20","Ethan Win/Lose/Push":"","Ethan":"","Jaime Bet Amount":"$10","Jaime Win/Lose/Push":null,"Jaime":null,"Nathan Bet Amount":null,"Nathan Win/Lose/Push":null,"Nathan":null,"Evan Bet Amount":null,"Evan Win/Lose/Push":null,"Evan":null,"Brandon Bet Amount":null,"Brandon Win/Lose/Push":null,"Brandon":null,"Total Team Bet":null,"Legends Bet":null,"Leaders Bet":null,"To Win":null,"Payout":null,"TOTALS":null,"Mitch Totals":null,"Phil Totals":null,"Bryce Totals":null,"Cory Totals":null,"JB Totals":null,"Ethan Totals":null,"Jaime Totals":null,"Nate Totals":null,"Evan Totals":null,"Brandon Totals":null},{"Week":"33","Date":"04/04/2025","Mitch Bet Amount":null,"Mitch Win/Lose/Push":null,"Mitch":null,"Phil Bet Amount":null,"Phil Win/Lose/Push":null,"Phil":null,"Bryce Bet Amount":null,"Bryce Win/Lose/Push":null,"Bryce":null,"Cory Bet Amount":null,"Cory Win/Lose/Push":null,"Cory":null,"JB Bet Amount":null,"JB Win/Lose/Push":null,"JB":null,"Ethan Bet Amount":null,"Ethan Win/Lose/Push":null,"Ethan":null,"Jaime Bet Amount":null,"Jaime Win/Lose/Push":null,"Jaime":null,"Nathan Bet Amount":null,"Nathan Win/Lose/Push":null,"Nathan":null,"Evan Bet Amount":null,"Evan Win/Lose/Push":null,"Evan":null,"Brandon Bet Amount":null,"Brandon Win/Lose/Push":null,"Brandon":null,"Total Team Bet":null,"Legends Bet":null,"Leaders Bet":null,"To Win":null,"Payout":null,"TOTALS":null,"Mitch Totals":null,"Phil Totals":null,"Bryce Totals":null,"Cory Totals":null,"JB Totals":null,"Ethan Totals":null,"Jaime Totals":null,"Nate Totals":null,"Evan Totals":null,"Brandon Totals":null},{"Week":"34","Date":"04/11/2025","Mitch Bet Amount":null,"Mitch Win/Lose/Push":null,"Mitch":null,"Phil Bet Amount":null,"Phil Win/Lose/Push":null,"Phil":null,"Bryce Bet Amount":null,"Bryce Win/Lose/Push":null,"Bryce":null,"Cory Bet Amount":null,"Cory Win/Lose/Push":null,"Cory":null,"JB Bet Amount":null,"JB Win/Lose/Push":null,"JB":null,"Ethan Bet Amount":null,"Ethan Win/Lose/Push":null,"Ethan":null,"Jaime Bet Amount":null,"Jaime Win/Lose/Push":null,"Jaime":null,"Nathan Bet Amount":null,"Nathan Win/Lose/Push":null,"Nathan":null,"Evan Bet Amount":null,"Evan Win/Lose/Push":null,"Evan":null,"Brandon Bet Amount":null,"Brandon Win/Lose/Push":null,"Brandon":null,"Total Team Bet":null,"Legends Bet":null,"Leaders Bet":null,"To Win":null,"Payout":null,"TOTALS":null,"Mitch Totals":null,"Phil Totals":null,"Bryce Totals":null,"Cory Totals":null,"JB Totals":null,"Ethan Totals":null,"Jaime Totals":null,"Nate Totals":null,"Evan Totals":null,"Brandon Totals":null},{"Week":"35","Date":"04/18/2025","Mitch Bet Amount":null,"Mitch Win/Lose/Push":null,"Mitch":null,"Phil Bet Amount":null,"Phil Win/Lose/Push":null,"Phil":null,"Bryce Bet Amount":null,"Bryce Win/Lose/Push":null,"Bryce":null,"Cory Bet Amount":null,"Cory Win/Lose/Push":null,"Cory":null,"JB Bet Amount":null,"JB Win/Lose/Push":null,"JB":null,"Ethan Bet Amount":null,"Ethan Win/Lose/Push":null,"Ethan":null,"Jaime Bet Amount":null,"Jaime Win/Lose/Push":null,"Jaime":null,"Nathan Bet Amount":null,"Nathan Win/Lose/Push":null,"Nathan":null,"Evan Bet Amount":null,"Evan Win/Lose/Push":null,"Evan":null,"Brandon Bet Amount":null,"Brandon Win/Lose/Push":null,"Brandon":null,"Total Team Bet":null,"Legends Bet":null,"Leaders Bet":null,"To Win":null,"Payout":null,"TOTALS":null,"Mitch Totals":null,"Phil Totals":null,"Bryce Totals":null,"Cory Totals":null,"JB Totals":null,"Ethan Totals":null,"Jaime Totals":null,"Nate Totals":null,"Evan Totals":null,"Brandon Totals":null},{"Week":"36","Date":"04/25/2025","Mitch Bet Amount":null,"Mitch Win/Lose/Push":null,"Mitch":null,"Phil Bet Amount":null,"Phil Win/Lose/Push":null,"Phil":null,"Bryce Bet Amount":null,"Bryce Win/Lose/Push":null,"Bryce":null,"Cory Bet Amount":null,"Cory Win/Lose/Push":null,"Cory":null,"JB Bet Amount":null,"JB Win/Lose/Push":null,"JB":null,"Ethan Bet Amount":null,"Ethan Win/Lose/Push":null,"Ethan":null,"Jaime Bet Amount":null,"Jaime Win/Lose/Push":null,"Jaime":null,"Nathan Bet Amount":null,"Nathan Win/Lose/Push":null,"Nathan":null,"Evan Bet Amount":null,"Evan Win/Lose/Push":null,"Evan":null,"Brandon Bet Amount":null,"Brandon Win/Lose/Push":null,"Brandon":null,"Total Team Bet":null,"Legends Bet":null,"Leaders Bet":null,"To Win":null,"Payout":null,"TOTALS":null,"Mitch Totals":null,"Phil Totals":null,"Bryce Totals":null,"Cory Totals":null,"JB Totals":null,"Ethan Totals":null,"Jaime Totals":null,"Nate Totals":null,"Evan Totals":null,"Brandon Totals":null},{"Week":"37","Date":"05/02/2025","Mitch Bet Amount":null,"Mitch Win/Lose/Push":null,"Mitch":null,"Phil Bet Amount":null,"Phil Win/Lose/Push":null,"Phil":null,"Bryce Bet Amount":null,"Bryce Win/Lose/Push":null,"Bryce":null,"Cory Bet Amount":null,"Cory Win/Lose/Push":null,"Cory":null,"JB Bet Amount":null,"JB Win/Lose/Push":null,"JB":null,"Ethan Bet Amount":null,"Ethan Win/Lose/Push":null,"Ethan":null,"Jaime Bet Amount":null,"Jaime Win/Lose/Push":null,"Jaime":null,"Nathan Bet Amount":null,"Nathan Win/Lose/Push":null,"Nathan":null,"Evan Bet Amount":null,"Evan Win/Lose/Push":null,"Evan":null,"Brandon Bet Amount":null,"Brandon Win/Lose/Push":null,"Brandon":null,"Total Team Bet":null,"Legends Bet":null,"Leaders Bet":null,"To Win":null,"Payout":null,"TOTALS":null,"Mitch Totals":null,"Phil Totals":null,"Bryce Totals":null,"Cory Totals":null,"JB Totals":null,"Ethan Totals":null,"Jaime Totals":null,"Nate Totals":null,"Evan Totals":null,"Brandon Totals":null},{"Week":"38","Date":"05/09/2025","Mitch Bet Amount":null,"Mitch Win/Lose/Push":null,"Mitch":null,"Phil Bet Amount":null,"Phil Win/Lose/Push":null,"Phil":null,"Bryce Bet Amount":null,"Bryce Win/Lose/Push":null,"Bryce":null,"Cory Bet Amount":null,"Cory Win/Lose/Push":null,"Cory":null,"JB Bet Amount":null,"JB Win/Lose/Push":null,"JB":null,"Ethan Bet Amount":null,"Ethan Win/Lose/Push":null,"Ethan":null,"Jaime Bet Amount":null,"Jaime Win/Lose/Push":null,"Jaime":null,"Nathan Bet Amount":null,"Nathan Win/Lose/Push":null,"Nathan":null,"Evan Bet Amount":null,"Evan Win/Lose/Push":null,"Evan":null,"Brandon Bet Amount":null,"Brandon Win/Lose/Push":null,"Brandon":null,"Total Team Bet":null,"Legends Bet":null,"Leaders Bet":null,"To Win":null,"Payout":null,"TOTALS":null,"Mitch Totals":null,"Phil Totals":null,"Bryce Totals":null,"Cory Totals":null,"JB Totals":null,"Ethan Totals":null,"Jaime Totals":null,"Nate Totals":null,"Evan Totals":null,"Brandon Totals":null},{"Week":"39","Date":"05/16/2025","Mitch Bet Amount":null,"Mitch Win/Lose/Push":null,"Mitch":null,"Phil Bet Amount":null,"Phil Win/Lose/Push":null,"Phil":null,"Bryce Bet Amount":null,"Bryce Win/Lose/Push":null,"Bryce":null,"Cory Bet Amount":null,"Cory Win/Lose/Push":null,"Cory":null,"JB Bet Amount":null,"JB Win/Lose/Push":null,"JB":null,"Ethan Bet Amount":null,"Ethan Win/Lose/Push":null,"Ethan":null,"Jaime Bet Amount":null,"Jaime Win/Lose/Push":null,"Jaime":null,"Nathan Bet Amount":null,"Nathan Win/Lose/Push":null,"Nathan":null,"Evan Bet Amount":null,"Evan Win/Lose/Push":null,"Evan":null,"Brandon Bet Amount":null,"Brandon Win/Lose/Push":null,"Brandon":null,"Total Team Bet":null,"Legends Bet":null,"Leaders Bet":null,"To Win":null,"Payout":null,"TOTALS":null,"Mitch Totals":null,"Phil Totals":null,"Bryce Totals":null,"Cory Totals":null,"JB Totals":null,"Ethan Totals":null,"Jaime Totals":null,"Nate Totals":null,"Evan Totals":null,"Brandon Totals":null},{"Week":"40","Date":"05/23/2025","Mitch Bet Amount":null,"Mitch Win/Lose/Push":null,"Mitch":null,"Phil Bet Amount":null,"Phil Win/Lose/Push":null,"Phil":null,"Bryce Bet Amount":null,"Bryce Win/Lose/Push":null,"Bryce":null,"Cory Bet Amount":null,"Cory Win/Lose/Push":null,"Cory":null,"JB Bet Amount":null,"JB Win/Lose/Push":null,"JB":null,"Ethan Bet Amount":null,"Ethan Win/Lose/Push":null,"Ethan":null,"Jaime Bet Amount":null,"Jaime Win/Lose/Push":null,"Jaime":null,"Nathan Bet Amount":null,"Nathan Win/Lose/Push":null,"Nathan":null,"Evan Bet Amount":null,"Evan Win/Lose/Push":null,"Evan":null,"Brandon Bet Amount":null,"Brandon Win/Lose/Push":null,"Brandon":null,"Total Team Bet":null,"Legends Bet":null,"Leaders Bet":null,"To Win":null,"Payout":null,"TOTALS":null,"Mitch Totals":null,"Phil Totals":null,"Bryce Totals":null,"Cory Totals":null,"JB Totals":null,"Ethan Totals":null,"Jaime Totals":null,"Nate Totals":null,"Evan Totals":null,"Brandon Totals":null},{"Week":"41","Date":"05/30/2025","Mitch Bet Amount":null,"Mitch Win/Lose/Push":null,"Mitch":null,"Phil Bet Amount":null,"Phil Win/Lose/Push":null,"Phil":null,"Bryce Bet Amount":null,"Bryce Win/Lose/Push":null,"Bryce":null,"Cory Bet Amount":null,"Cory Win/Lose/Push":null,"Cory":null,"JB Bet Amount":null,"JB Win/Lose/Push":null,"JB":null,"Ethan Bet Amount":null,"Ethan Win/Lose/Push":null,"Ethan":null,"Jaime Bet Amount":null,"Jaime Win/Lose/Push":null,"Jaime":null,"Nathan Bet Amount":null,"Nathan Win/Lose/Push":null,"Nathan":null,"Evan Bet Amount":null,"Evan Win/Lose/Push":null,"Evan":null,"Brandon Bet Amount":null,"Brandon Win/Lose/Push":null,"Brandon":null,"Total Team Bet":null,"Legends Bet":null,"Leaders Bet":null,"To Win":null,"Payout":null,"TOTALS":null,"Mitch Totals":null,"Phil Totals":null,"Bryce Totals":null,"Cory Totals":null,"JB Totals":null,"Ethan Totals":null,"Jaime Totals":null,"Nate Totals":null,"Evan Totals":null,"Brandon Totals":null},{"Week":"42","Date":"06/06/2025","Mitch Bet Amount":null,"Mitch Win/Lose/Push":null,"Mitch":null,"Phil Bet Amount":null,"Phil Win/Lose/Push":null,"Phil":null,"Bryce Bet Amount":null,"Bryce Win/Lose/Push":null,"Bryce":null,"Cory Bet Amount":null,"Cory Win/Lose/Push":null,"Cory":null,"JB Bet Amount":null,"JB Win/Lose/Push":null,"JB":null,"Ethan Bet Amount":null,"Ethan Win/Lose/Push":null,"Ethan":null,"Jaime Bet Amount":null,"Jaime Win/Lose/Push":null,"Jaime":null,"Nathan Bet Amount":null,"Nathan Win/Lose/Push":null,"Nathan":null,"Evan Bet Amount":null,"Evan Win/Lose/Push":null,"Evan":null,"Brandon Bet Amount":null,"Brandon Win/Lose/Push":null,"Brandon":null,"Total Team Bet":null,"Legends Bet":null,"Leaders Bet":null,"To Win":null,"Payout":null,"TOTALS":null,"Mitch Totals":null,"Phil Totals":null,"Bryce Totals":null,"Cory Totals":null,"JB Totals":null,"Ethan Totals":null,"Jaime Totals":null,"Nate Totals":null,"Evan Totals":null,"Brandon Totals":null},{"Week":"43","Date":"06/13/2025","Mitch Bet Amount":null,"Mitch Win/Lose/Push":null,"Mitch":null,"Phil Bet Amount":null,"Phil Win/Lose/Push":null,"Phil":null,"Bryce Bet Amount":null,"Bryce Win/Lose/Push":null,"Bryce":null,"Cory Bet Amount":null,"Cory Win/Lose/Push":null,"Cory":null,"JB Bet Amount":null,"JB Win/Lose/Push":null,"JB":null,"Ethan Bet Amount":null,"Ethan Win/Lose/Push":null,"Ethan":null,"Jaime Bet Amount":null,"Jaime Win/Lose/Push":null,"Jaime":null,"Nathan Bet Amount":null,"Nathan Win/Lose/Push":null,"Nathan":null,"Evan Bet Amount":null,"Evan Win/Lose/Push":null,"Evan":null,"Brandon Bet Amount":null,"Brandon Win/Lose/Push":null,"Brandon":null,"Total Team Bet":null,"Legends Bet":null,"Leaders Bet":null,"To Win":null,"Payout":null,"TOTALS":null,"Mitch Totals":null,"Phil Totals":null,"Bryce Totals":null,"Cory Totals":null,"JB Totals":null,"Ethan Totals":null,"Jaime Totals":null,"Nate Totals":null,"Evan Totals":null,"Brandon Totals":null},{"Week":"44","Date":"06/20/2025","Mitch Bet Amount":null,"Mitch Win/Lose/Push":null,"Mitch":null,"Phil Bet Amount":null,"Phil Win/Lose/Push":null,"Phil":null,"Bryce Bet Amount":null,"Bryce Win/Lose/Push":null,"Bryce":null,"Cory Bet Amount":null,"Cory Win/Lose/Push":null,"Cory":null,"JB Bet Amount":null,"JB Win/Lose/Push":null,"JB":null,"Ethan Bet Amount":null,"Ethan Win/Lose/Push":null,"Ethan":null,"Jaime Bet Amount":null,"Jaime Win/Lose/Push":null,"Jaime":null,"Nathan Bet Amount":null,"Nathan Win/Lose/Push":null,"Nathan":null,"Evan Bet Amount":null,"Evan Win/Lose/Push":null,"Evan":null,"Brandon Bet Amount":null,"Brandon Win/Lose/Push":null,"Brandon":null,"Total Team Bet":null,"Legends Bet":null,"Leaders Bet":null,"To Win":null,"Payout":null,"TOTALS":null,"Mitch Totals":null,"Phil Totals":null,"Bryce Totals":null,"Cory Totals":null,"JB Totals":null,"Ethan Totals":null,"Jaime Totals":null,"Nate Totals":null,"Evan Totals":null,"Brandon Totals":null},{"Week":"45","Date":"06/27/2025","Mitch Bet Amount":null,"Mitch Win/Lose/Push":null,"Mitch":null,"Phil Bet Amount":null,"Phil Win/Lose/Push":null,"Phil":null,"Bryce Bet Amount":null,"Bryce Win/Lose/Push":null,"Bryce":null,"Cory Bet Amount":null,"Cory Win/Lose/Push":null,"Cory":null,"JB Bet Amount":null,"JB Win/Lose/Push":null,"JB":null,"Ethan Bet Amount":null,"Ethan Win/Lose/Push":null,"Ethan":null,"Jaime Bet Amount":null,"Jaime Win/Lose/Push":null,"Jaime":null,"Nathan Bet Amount":null,"Nathan Win/Lose/Push":null,"Nathan":null,"Evan Bet Amount":null,"Evan Win/Lose/Push":null,"Evan":null,"Brandon Bet Amount":null,"Brandon Win/Lose/Push":null,"Brandon":null,"Total Team Bet":null,"Legends Bet":null,"Leaders Bet":null,"To Win":null,"Payout":null,"TOTALS":null,"Mitch Totals":null,"Phil Totals":null,"Bryce Totals":null,"Cory Totals":null,"JB Totals":null,"Ethan Totals":null,"Jaime Totals":null,"Nate Totals":null,"Evan Totals":null,"Brandon Totals":null},{"Week":"46","Date":"07/04/2025","Mitch Bet Amount":null,"Mitch Win/Lose/Push":null,"Mitch":null,"Phil Bet Amount":null,"Phil Win/Lose/Push":null,"Phil":null,"Bryce Bet Amount":null,"Bryce Win/Lose/Push":null,"Bryce":null,"Cory Bet Amount":null,"Cory Win/Lose/Push":null,"Cory":null,"JB Bet Amount":null,"JB Win/Lose/Push":null,"JB":null,"Ethan Bet Amount":null,"Ethan Win/Lose/Push":null,"Ethan":null,"Jaime Bet Amount":null,"Jaime Win/Lose/Push":null,"Jaime":null,"Nathan Bet Amount":null,"Nathan Win/Lose/Push":null,"Nathan":null,"Evan Bet Amount":null,"Evan Win/Lose/Push":null,"Evan":null,"Brandon Bet Amount":null,"Brandon Win/Lose/Push":null,"Brandon":null,"Total Team Bet":null,"Legends Bet":null,"Leaders Bet":null,"To Win":null,"Payout":null,"TOTALS":null,"Mitch Totals":null,"Phil Totals":null,"Bryce Totals":null,"Cory Totals":null,"JB Totals":null,"Ethan Totals":null,"Jaime Totals":null,"Nate Totals":null,"Evan Totals":null,"Brandon Totals":null},{"Week":"47","Date":"07/11/2025","Mitch Bet Amount":null,"Mitch Win/Lose/Push":null,"Mitch":null,"Phil Bet Amount":null,"Phil Win/Lose/Push":null,"Phil":null,"Bryce Bet Amount":null,"Bryce Win/Lose/Push":null,"Bryce":null,"Cory Bet Amount":null,"Cory Win/Lose/Push":null,"Cory":null,"JB Bet Amount":null,"JB Win/Lose/Push":null,"JB":null,"Ethan Bet Amount":null,"Ethan Win/Lose/Push":null,"Ethan":null,"Jaime Bet Amount":null,"Jaime Win/Lose/Push":null,"Jaime":null,"Nathan Bet Amount":null,"Nathan Win/Lose/Push":null,"Nathan":null,"Evan Bet Amount":null,"Evan Win/Lose/Push":null,"Evan":null,"Brandon Bet Amount":null,"Brandon Win/Lose/Push":null,"Brandon":null,"Total Team Bet":null,"Legends Bet":null,"Leaders Bet":null,"To Win":null,"Payout":null,"TOTALS":null,"Mitch Totals":null,"Phil Totals":null,"Bryce Totals":null,"Cory Totals":null,"JB Totals":null,"Ethan Totals":null,"Jaime Totals":null,"Nate Totals":null,"Evan Totals":null,"Brandon Totals":null},{"Week":"48","Date":"07/18/2025","Mitch Bet Amount":null,"Mitch Win/Lose/Push":null,"Mitch":null,"Phil Bet Amount":null,"Phil Win/Lose/Push":null,"Phil":null,"Bryce Bet Amount":null,"Bryce Win/Lose/Push":null,"Bryce":null,"Cory Bet Amount":null,"Cory Win/Lose/Push":null,"Cory":null,"JB Bet Amount":null,"JB Win/Lose/Push":null,"JB":null,"Ethan Bet Amount":null,"Ethan Win/Lose/Push":null,"Ethan":null,"Jaime Bet Amount":null,"Jaime Win/Lose/Push":null,"Jaime":null,"Nathan Bet Amount":null,"Nathan Win/Lose/Push":null,"Nathan":null,"Evan Bet Amount":null,"Evan Win/Lose/Push":null,"Evan":null,"Brandon Bet Amount":null,"Brandon Win/Lose/Push":null,"Brandon":null,"Total Team Bet":null,"Legends Bet":null,"Leaders Bet":null,"To Win":null,"Payout":null,"TOTALS":null,"Mitch Totals":null,"Phil Totals":null,"Bryce Totals":null,"Cory Totals":null,"JB Totals":null,"Ethan Totals":null,"Jaime Totals":null,"Nate Totals":null,"Evan Totals":null,"Brandon Totals":null},{"Week":"49","Date":"07/25/2025","Mitch Bet Amount":null,"Mitch Win/Lose/Push":null,"Mitch":null,"Phil Bet Amount":null,"Phil Win/Lose/Push":null,"Phil":null,"Bryce Bet Amount":null,"Bryce Win/Lose/Push":null,"Bryce":null,"Cory Bet Amount":null,"Cory Win/Lose/Push":null,"Cory":null,"JB Bet Amount":null,"JB Win/Lose/Push":null,"JB":null,"Ethan Bet Amount":null,"Ethan Win/Lose/Push":null,"Ethan":null,"Jaime Bet Amount":null,"Jaime Win/Lose/Push":null,"Jaime":null,"Nathan Bet Amount":null,"Nathan Win/Lose/Push":null,"Nathan":null,"Evan Bet Amount":null,"Evan Win/Lose/Push":null,"Evan":null,"Brandon Bet Amount":null,"Brandon Win/Lose/Push":null,"Brandon":null,"Total Team Bet":null,"Legends Bet":null,"Leaders Bet":null,"To Win":null,"Payout":null,"TOTALS":null,"Mitch Totals":null,"Phil Totals":null,"Bryce Totals":null,"Cory Totals":null,"JB Totals":null,"Ethan Totals":null,"Jaime Totals":null,"Nate Totals":null,"Evan Totals":null,"Brandon Totals":null},{"Week":"50","Date":"08/01/2025","Mitch Bet Amount":null,"Mitch Win/Lose/Push":null,"Mitch":null,"Phil Bet Amount":null,"Phil Win/Lose/Push":null,"Phil":null,"Bryce Bet Amount":null,"Bryce Win/Lose/Push":null,"Bryce":null,"Cory Bet Amount":null,"Cory Win/Lose/Push":null,"Cory":null,"JB Bet Amount":null,"JB Win/Lose/Push":null,"JB":null,"Ethan Bet Amount":null,"Ethan Win/Lose/Push":null,"Ethan":null,"Jaime Bet Amount":null,"Jaime Win/Lose/Push":null,"Jaime":null,"Nathan Bet Amount":null,"Nathan Win/Lose/Push":null,"Nathan":null,"Evan Bet Amount":null,"Evan Win/Lose/Push":null,"Evan":null,"Brandon Bet Amount":null,"Brandon Win/Lose/Push":null,"Brandon":null,"Total Team Bet":null,"Legends Bet":null,"Leaders Bet":null,"To Win":null,"Payout":null,"TOTALS":null,"Mitch Totals":null,"Phil Totals":null,"Bryce Totals":null,"Cory Totals":null,"JB Totals":null,"Ethan Totals":null,"Jaime Totals":null,"Nate Totals":null,"Evan Totals":null,"Brandon Totals":null},{"Week":"51","Date":"08/08/2025","Mitch Bet Amount":null,"Mitch Win/Lose/Push":null,"Mitch":null,"Phil Bet Amount":null,"Phil Win/Lose/Push":null,"Phil":null,"Bryce Bet Amount":null,"Bryce Win/Lose/Push":null,"Bryce":null,"Cory Bet Amount":null,"Cory Win/Lose/Push":null,"Cory":null,"JB Bet Amount":null,"JB Win/Lose/Push":null,"JB":null,"Ethan Bet Amount":null,"Ethan Win/Lose/Push":null,"Ethan":null,"Jaime Bet Amount":null,"Jaime Win/Lose/Push":null,"Jaime":null,"Nathan Bet Amount":null,"Nathan Win/Lose/Push":null,"Nathan":null,"Evan Bet Amount":null,"Evan Win/Lose/Push":null,"Evan":null,"Brandon Bet Amount":null,"Brandon Win/Lose/Push":null,"Brandon":null,"Total Team Bet":null,"Legends Bet":null,"Leaders Bet":null,"To Win":null,"Payout":null,"TOTALS":null,"Mitch Totals":null,"Phil Totals":null,"Bryce Totals":null,"Cory Totals":null,"JB Totals":null,"Ethan Totals":null,"Jaime Totals":null,"Nate Totals":null,"Evan Totals":null,"Brandon Totals":null},{"Week":"52","Date":"08/15/2025","Mitch Bet Amount":null,"Mitch Win/Lose/Push":null,"Mitch":null,"Phil Bet Amount":null,"Phil Win/Lose/Push":null,"Phil":null,"Bryce Bet Amount":null,"Bryce Win/Lose/Push":null,"Bryce":null,"Cory Bet Amount":null,"Cory Win/Lose/Push":null,"Cory":null,"JB Bet Amount":null,"JB Win/Lose/Push":null,"JB":null,"Ethan Bet Amount":null,"Ethan Win/Lose/Push":null,"Ethan":null,"Jaime Bet Amount":null,"Jaime Win/Lose/Push":null,"Jaime":null,"Nathan Bet Amount":null,"Nathan Win/Lose/Push":null,"Nathan":null,"Evan Bet Amount":null,"Evan Win/Lose/Push":null,"Evan":null,"Brandon Bet Amount":null,"Brandon Win/Lose/Push":null,"Brandon":null,"Total Team Bet":null,"Legends Bet":null,"Leaders Bet":null,"To Win":null,"Payout":null,"TOTALS":null,"Mitch Totals":null,"Phil Totals":null,"Bryce Totals":null,"Cory Totals":null,"JB Totals":null,"Ethan Totals":null,"Jaime Totals":null,"Nate Totals":null,"Evan Totals":null,"Brandon Totals":null},{"Week":"53","Date":"08/22/2025","Mitch Bet Amount":null,"Mitch Win/Lose/Push":null,"Mitch":null,"Phil Bet Amount":null,"Phil Win/Lose/Push":null,"Phil":null,"Bryce Bet Amount":null,"Bryce Win/Lose/Push":null,"Bryce":null,"Cory Bet Amount":null,"Cory Win/Lose/Push":null,"Cory":null,"JB Bet Amount":null,"JB Win/Lose/Push":null,"JB":null,"Ethan Bet Amount":null,"Ethan Win/Lose/Push":null,"Ethan":null,"Jaime Bet Amount":null,"Jaime Win/Lose/Push":null,"Jaime":null,"Nathan Bet Amount":null,"Nathan Win/Lose/Push":null,"Nathan":null,"Evan Bet Amount":null,"Evan Win/Lose/Push":null,"Evan":null,"Brandon Bet Amount":null,"Brandon Win/Lose/Push":null,"Brandon":null,"Total Team Bet":null,"Legends Bet":null,"Leaders Bet":null,"To Win":null,"Payout":null,"TOTALS":null,"Mitch Totals":null,"Phil Totals":null,"Bryce Totals":null,"Cory Totals":null,"JB Totals":null,"Ethan Totals":null,"Jaime Totals":null,"Nate Totals":null,"Evan Totals":null,"Brandon Totals":null},{"Week":"54","Date":"08/29/2025","Mitch Bet Amount":null,"Mitch Win/Lose/Push":null,"Mitch":null,"Phil Bet Amount":null,"Phil Win/Lose/Push":null,"Phil":null,"Bryce Bet Amount":null,"Bryce Win/Lose/Push":null,"Bryce":null,"Cory Bet Amount":null,"Cory Win/Lose/Push":null,"Cory":null,"JB Bet Amount":null,"JB Win/Lose/Push":null,"JB":null,"Ethan Bet Amount":null,"Ethan Win/Lose/Push":null,"Ethan":null,"Jaime Bet Amount":null,"Jaime Win/Lose/Push":null,"Jaime":null,"Nathan Bet Amount":null,"Nathan Win/Lose/Push":null,"Nathan":null,"Evan Bet Amount":null,"Evan Win/Lose/Push":null,"Evan":null,"Brandon Bet Amount":null,"Brandon Win/Lose/Push":null,"Brandon":null,"Total Team Bet":null,"Legends Bet":null,"Leaders Bet":null,"To Win":null,"Payout":null,"TOTALS":null,"Mitch Totals":null,"Phil Totals":null,"Bryce Totals":null,"Cory Totals":null,"JB Totals":null,"Ethan Totals":null,"Jaime Totals":null,"Nate Totals":null,"Evan Totals":null,"Brandon Totals":null},{"Week":"55","Date":"09/05/2025","Mitch Bet Amount":null,"Mitch Win/Lose/Push":null,"Mitch":null,"Phil Bet Amount":null,"Phil Win/Lose/Push":null,"Phil":null,"Bryce Bet Amount":null,"Bryce Win/Lose/Push":null,"Bryce":null,"Cory Bet Amount":null,"Cory Win/Lose/Push":null,"Cory":null,"JB Bet Amount":null,"JB Win/Lose/Push":null,"JB":null,"Ethan Bet Amount":null,"Ethan Win/Lose/Push":null,"Ethan":null,"Jaime Bet Amount":null,"Jaime Win/Lose/Push":null,"Jaime":null,"Nathan Bet Amount":null,"Nathan Win/Lose/Push":null,"Nathan":null,"Evan Bet Amount":null,"Evan Win/Lose/Push":null,"Evan":null,"Brandon Bet Amount":null,"Brandon Win/Lose/Push":null,"Brandon":null,"Total Team Bet":null,"Legends Bet":null,"Leaders Bet":null,"To Win":null,"Payout":null,"TOTALS":null,"Mitch Totals":null,"Phil Totals":null,"Bryce Totals":null,"Cory Totals":null,"JB Totals":null,"Ethan Totals":null,"Jaime Totals":null,"Nate Totals":null,"Evan Totals":null,"Brandon Totals":null},{"Week":"56","Date":"09/12/2025","Mitch Bet Amount":null,"Mitch Win/Lose/Push":null,"Mitch":null,"Phil Bet Amount":null,"Phil Win/Lose/Push":null,"Phil":null,"Bryce Bet Amount":null,"Bryce Win/Lose/Push":null,"Bryce":null,"Cory Bet Amount":null,"Cory Win/Lose/Push":null,"Cory":null,"JB Bet Amount":null,"JB Win/Lose/Push":null,"JB":null,"Ethan Bet Amount":null,"Ethan Win/Lose/Push":null,"Ethan":null,"Jaime Bet Amount":null,"Jaime Win/Lose/Push":null,"Jaime":null,"Nathan Bet Amount":null,"Nathan Win/Lose/Push":null,"Nathan":null,"Evan Bet Amount":null,"Evan Win/Lose/Push":null,"Evan":null,"Brandon Bet Amount":null,"Brandon Win/Lose/Push":null,"Brandon":null,"Total Team Bet":null,"Legends Bet":null,"Leaders Bet":null,"To Win":null,"Payout":null,"TOTALS":null,"Mitch Totals":null,"Phil Totals":null,"Bryce Totals":null,"Cory Totals":null,"JB Totals":null,"Ethan Totals":null,"Jaime Totals":null,"Nate Totals":null,"Evan Totals":null,"Brandon Totals":null},{"Week":"57","Date":"09/19/2025","Mitch Bet Amount":null,"Mitch Win/Lose/Push":null,"Mitch":null,"Phil Bet Amount":null,"Phil Win/Lose/Push":null,"Phil":null,"Bryce Bet Amount":null,"Bryce Win/Lose/Push":null,"Bryce":null,"Cory Bet Amount":null,"Cory Win/Lose/Push":null,"Cory":null,"JB Bet Amount":null,"JB Win/Lose/Push":null,"JB":null,"Ethan Bet Amount":null,"Ethan Win/Lose/Push":null,"Ethan":null,"Jaime Bet Amount":null,"Jaime Win/Lose/Push":null,"Jaime":null,"Nathan Bet Amount":null,"Nathan Win/Lose/Push":null,"Nathan":null,"Evan Bet Amount":null,"Evan Win/Lose/Push":null,"Evan":null,"Brandon Bet Amount":null,"Brandon Win/Lose/Push":null,"Brandon":null,"Total Team Bet":null,"Legends Bet":null,"Leaders Bet":null,"To Win":null,"Payout":null,"TOTALS":null,"Mitch Totals":null,"Phil Totals":null,"Bryce Totals":null,"Cory Totals":null,"JB Totals":null,"Ethan Totals":null,"Jaime Totals":null,"Nate Totals":null,"Evan Totals":null,"Brandon Totals":null},{"Week":"58","Date":"09/26/2025","Mitch Bet Amount":null,"Mitch Win/Lose/Push":null,"Mitch":null,"Phil Bet Amount":null,"Phil Win/Lose/Push":null,"Phil":null,"Bryce Bet Amount":null,"Bryce Win/Lose/Push":null,"Bryce":null,"Cory Bet Amount":null,"Cory Win/Lose/Push":null,"Cory":null,"JB Bet Amount":null,"JB Win/Lose/Push":null,"JB":null,"Ethan Bet Amount":null,"Ethan Win/Lose/Push":null,"Ethan":null,"Jaime Bet Amount":null,"Jaime Win/Lose/Push":null,"Jaime":null,"Nathan Bet Amount":null,"Nathan Win/Lose/Push":null,"Nathan":null,"Evan Bet Amount":null,"Evan Win/Lose/Push":null,"Evan":null,"Brandon Bet Amount":null,"Brandon Win/Lose/Push":null,"Brandon":null,"Total Team Bet":null,"Legends Bet":null,"Leaders Bet":null,"To Win":null,"Payout":null,"TOTALS":null,"Mitch Totals":null,"Phil Totals":null,"Bryce Totals":null,"Cory Totals":null,"JB Totals":null,"Ethan Totals":null,"Jaime Totals":null,"Nate Totals":null,"Evan Totals":null,"Brandon Totals":null},{"Week":"59","Date":"10/03/2025","Mitch Bet Amount":null,"Mitch Win/Lose/Push":null,"Mitch":null,"Phil Bet Amount":null,"Phil Win/Lose/Push":null,"Phil":null,"Bryce Bet Amount":null,"Bryce Win/Lose/Push":null,"Bryce":null,"Cory Bet Amount":null,"Cory Win/Lose/Push":null,"Cory":null,"JB Bet Amount":null,"JB Win/Lose/Push":null,"JB":null,"Ethan Bet Amount":null,"Ethan Win/Lose/Push":null,"Ethan":null,"Jaime Bet Amount":null,"Jaime Win/Lose/Push":null,"Jaime":null,"Nathan Bet Amount":null,"Nathan Win/Lose/Push":null,"Nathan":null,"Evan Bet Amount":null,"Evan Win/Lose/Push":null,"Evan":null,"Brandon Bet Amount":null,"Brandon Win/Lose/Push":null,"Brandon":null,"Total Team Bet":null,"Legends Bet":null,"Leaders Bet":null,"To Win":null,"Payout":null,"TOTALS":null,"Mitch Totals":null,"Phil Totals":null,"Bryce Totals":null,"Cory Totals":null,"JB Totals":null,"Ethan Totals":null,"Jaime Totals":null,"Nate Totals":null,"Evan Totals":null,"Brandon Totals":null},{"Week":"60","Date":"10/10/2025","Mitch Bet Amount":null,"Mitch Win/Lose/Push":null,"Mitch":null,"Phil Bet Amount":null,"Phil Win/Lose/Push":null,"Phil":null,"Bryce Bet Amount":null,"Bryce Win/Lose/Push":null,"Bryce":null,"Cory Bet Amount":null,"Cory Win/Lose/Push":null,"Cory":null,"JB Bet Amount":null,"JB Win/Lose/Push":null,"JB":null,"Ethan Bet Amount":null,"Ethan Win/Lose/Push":null,"Ethan":null,"Jaime Bet Amount":null,"Jaime Win/Lose/Push":null,"Jaime":null,"Nathan Bet Amount":null,"Nathan Win/Lose/Push":null,"Nathan":null,"Evan Bet Amount":null,"Evan Win/Lose/Push":null,"Evan":null,"Brandon Bet Amount":null,"Brandon Win/Lose/Push":null,"Brandon":null,"Total Team Bet":null,"Legends Bet":null,"Leaders Bet":null,"To Win":null,"Payout":null,"TOTALS":null,"Mitch Totals":null,"Phil Totals":null,"Bryce Totals":null,"Cory Totals":null,"JB Totals":null,"Ethan Totals":null,"Jaime Totals":null,"Nate Totals":null,"Evan Totals":null,"Brandon Totals":null},{"Week":"61","Date":"10/17/2025","Mitch Bet Amount":null,"Mitch Win/Lose/Push":null,"Mitch":null,"Phil Bet Amount":null,"Phil Win/Lose/Push":null,"Phil":null,"Bryce Bet Amount":null,"Bryce Win/Lose/Push":null,"Bryce":null,"Cory Bet Amount":null,"Cory Win/Lose/Push":null,"Cory":null,"JB Bet Amount":null,"JB Win/Lose/Push":null,"JB":null,"Ethan Bet Amount":null,"Ethan Win/Lose/Push":null,"Ethan":null,"Jaime Bet Amount":null,"Jaime Win/Lose/Push":null,"Jaime":null,"Nathan Bet Amount":null,"Nathan Win/Lose/Push":null,"Nathan":null,"Evan Bet Amount":null,"Evan Win/Lose/Push":null,"Evan":null,"Brandon Bet Amount":null,"Brandon Win/Lose/Push":null,"Brandon":null,"Total Team Bet":null,"Legends Bet":null,"Leaders Bet":null,"To Win":null,"Payout":null,"TOTALS":null,"Mitch Totals":null,"Phil Totals":null,"Bryce Totals":null,"Cory Totals":null,"JB Totals":null,"Ethan Totals":null,"Jaime Totals":null,"Nate Totals":null,"Evan Totals":null,"Brandon Totals":null},{"Week":"62","Date":"10/24/2025","Mitch Bet Amount":null,"Mitch Win/Lose/Push":null,"Mitch":null,"Phil Bet Amount":null,"Phil Win/Lose/Push":null,"Phil":null,"Bryce Bet Amount":null,"Bryce Win/Lose/Push":null,"Bryce":null,"Cory Bet Amount":null,"Cory Win/Lose/Push":null,"Cory":null,"JB Bet Amount":null,"JB Win/Lose/Push":null,"JB":null,"Ethan Bet Amount":null,"Ethan Win/Lose/Push":null,"Ethan":null,"Jaime Bet Amount":null,"Jaime Win/Lose/Push":null,"Jaime":null,"Nathan Bet Amount":null,"Nathan Win/Lose/Push":null,"Nathan":null,"Evan Bet Amount":null,"Evan Win/Lose/Push":null,"Evan":null,"Brandon Bet Amount":null,"Brandon Win/Lose/Push":null,"Brandon":null,"Total Team Bet":null,"Legends Bet":null,"Leaders Bet":null,"To Win":null,"Payout":null,"TOTALS":null,"Mitch Totals":null,"Phil Totals":null,"Bryce Totals":null,"Cory Totals":null,"JB Totals":null,"Ethan Totals":null,"Jaime Totals":null,"Nate Totals":null,"Evan Totals":null,"Brandon Totals":null},{"Week":"63","Date":"10/31/2025","Mitch Bet Amount":null,"Mitch Win/Lose/Push":null,"Mitch":null,"Phil Bet Amount":null,"Phil Win/Lose/Push":null,"Phil":null,"Bryce Bet Amount":null,"Bryce Win/Lose/Push":null,"Bryce":null,"Cory Bet Amount":null,"Cory Win/Lose/Push":null,"Cory":null,"JB Bet Amount":null,"JB Win/Lose/Push":null,"JB":null,"Ethan Bet Amount":null,"Ethan Win/Lose/Push":null,"Ethan":null,"Jaime Bet Amount":null,"Jaime Win/Lose/Push":null,"Jaime":null,"Nathan Bet Amount":null,"Nathan Win/Lose/Push":null,"Nathan":null,"Evan Bet Amount":null,"Evan Win/Lose/Push":null,"Evan":null,"Brandon Bet Amount":null,"Brandon Win/Lose/Push":null,"Brandon":null,"Total Team Bet":null,"Legends Bet":null,"Leaders Bet":null,"To Win":null,"Payout":null,"TOTALS":null,"Mitch Totals":null,"Phil Totals":null,"Bryce Totals":null,"Cory Totals":null,"JB Totals":null,"Ethan Totals":null,"Jaime Totals":null,"Nate Totals":null,"Evan Totals":null,"Brandon Totals":null},{"Week":"64","Date":"11/07/2025","Mitch Bet Amount":null,"Mitch Win/Lose/Push":null,"Mitch":null,"Phil Bet Amount":null,"Phil Win/Lose/Push":null,"Phil":null,"Bryce Bet Amount":null,"Bryce Win/Lose/Push":null,"Bryce":null,"Cory Bet Amount":null,"Cory Win/Lose/Push":null,"Cory":null,"JB Bet Amount":null,"JB Win/Lose/Push":null,"JB":null,"Ethan Bet Amount":null,"Ethan Win/Lose/Push":null,"Ethan":null,"Jaime Bet Amount":null,"Jaime Win/Lose/Push":null,"Jaime":null,"Nathan Bet Amount":null,"Nathan Win/Lose/Push":null,"Nathan":null,"Evan Bet Amount":null,"Evan Win/Lose/Push":null,"Evan":null,"Brandon Bet Amount":null,"Brandon Win/Lose/Push":null,"Brandon":null,"Total Team Bet":null,"Legends Bet":null,"Leaders Bet":null,"To Win":null,"Payout":null,"TOTALS":null,"Mitch Totals":null,"Phil Totals":null,"Bryce Totals":null,"Cory Totals":null,"JB Totals":null,"Ethan Totals":null,"Jaime Totals":null,"Nate Totals":null,"Evan Totals":null,"Brandon Totals":null},{"Week":"65","Date":"11/14/2025","Mitch Bet Amount":null,"Mitch Win/Lose/Push":null,"Mitch":null,"Phil Bet Amount":null,"Phil Win/Lose/Push":null,"Phil":null,"Bryce Bet Amount":null,"Bryce Win/Lose/Push":null,"Bryce":null,"Cory Bet Amount":null,"Cory Win/Lose/Push":null,"Cory":null,"JB Bet Amount":null,"JB Win/Lose/Push":null,"JB":null,"Ethan Bet Amount":null,"Ethan Win/Lose/Push":null,"Ethan":null,"Jaime Bet Amount":null,"Jaime Win/Lose/Push":null,"Jaime":null,"Nathan Bet Amount":null,"Nathan Win/Lose/Push":null,"Nathan":null,"Evan Bet Amount":null,"Evan Win/Lose/Push":null,"Evan":null,"Brandon Bet Amount":null,"Brandon Win/Lose/Push":null,"Brandon":null,"Total Team Bet":null,"Legends Bet":null,"Leaders Bet":null,"To Win":null,"Payout":null,"TOTALS":null,"Mitch Totals":null,"Phil Totals":null,"Bryce Totals":null,"Cory Totals":null,"JB Totals":null,"Ethan Totals":null,"Jaime Totals":null,"Nate Totals":null,"Evan Totals":null,"Brandon Totals":null},{"Week":"66","Date":"11/21/2025","Mitch Bet Amount":null,"Mitch Win/Lose/Push":null,"Mitch":null,"Phil Bet Amount":null,"Phil Win/Lose/Push":null,"Phil":null,"Bryce Bet Amount":null,"Bryce Win/Lose/Push":null,"Bryce":null,"Cory Bet Amount":null,"Cory Win/Lose/Push":null,"Cory":null,"JB Bet Amount":null,"JB Win/Lose/Push":null,"JB":null,"Ethan Bet Amount":null,"Ethan Win/Lose/Push":null,"Ethan":null,"Jaime Bet Amount":null,"Jaime Win/Lose/Push":null,"Jaime":null,"Nathan Bet Amount":null,"Nathan Win/Lose/Push":null,"Nathan":null,"Evan Bet Amount":null,"Evan Win/Lose/Push":null,"Evan":null,"Brandon Bet Amount":null,"Brandon Win/Lose/Push":null,"Brandon":null,"Total Team Bet":null,"Legends Bet":null,"Leaders Bet":null,"To Win":null,"Payout":null,"TOTALS":null,"Mitch Totals":null,"Phil Totals":null,"Bryce Totals":null,"Cory Totals":null,"JB Totals":null,"Ethan Totals":null,"Jaime Totals":null,"Nate Totals":null,"Evan Totals":null,"Brandon Totals":null},{"Week":"67","Date":"11/28/2025","Mitch Bet Amount":null,"Mitch Win/Lose/Push":null,"Mitch":null,"Phil Bet Amount":null,"Phil Win/Lose/Push":null,"Phil":null,"Bryce Bet Amount":null,"Bryce Win/Lose/Push":null,"Bryce":null,"Cory Bet Amount":null,"Cory Win/Lose/Push":null,"Cory":null,"JB Bet Amount":null,"JB Win/Lose/Push":null,"JB":null,"Ethan Bet Amount":null,"Ethan Win/Lose/Push":null,"Ethan":null,"Jaime Bet Amount":null,"Jaime Win/Lose/Push":null,"Jaime":null,"Nathan Bet Amount":null,"Nathan Win/Lose/Push":null,"Nathan":null,"Evan Bet Amount":null,"Evan Win/Lose/Push":null,"Evan":null,"Brandon Bet Amount":null,"Brandon Win/Lose/Push":null,"Brandon":null,"Total Team Bet":null,"Legends Bet":null,"Leaders Bet":null,"To Win":null,"Payout":null,"TOTALS":null,"Mitch Totals":null,"Phil Totals":null,"Bryce Totals":null,"Cory Totals":null,"JB Totals":null,"Ethan Totals":null,"Jaime Totals":null,"Nate Totals":null,"Evan Totals":null,"Brandon Totals":null},{"Week":"68","Date":"12/05/2025","Mitch Bet Amount":null,"Mitch Win/Lose/Push":null,"Mitch":null,"Phil Bet Amount":null,"Phil Win/Lose/Push":null,"Phil":null,"Bryce Bet Amount":null,"Bryce Win/Lose/Push":null,"Bryce":null,"Cory Bet Amount":null,"Cory Win/Lose/Push":null,"Cory":null,"JB Bet Amount":null,"JB Win/Lose/Push":null,"JB":null,"Ethan Bet Amount":null,"Ethan Win/Lose/Push":null,"Ethan":null,"Jaime Bet Amount":null,"Jaime Win/Lose/Push":null,"Jaime":null,"Nathan Bet Amount":null,"Nathan Win/Lose/Push":null,"Nathan":null,"Evan Bet Amount":null,"Evan Win/Lose/Push":null,"Evan":null,"Brandon Bet Amount":null,"Brandon Win/Lose/Push":null,"Brandon":null,"Total Team Bet":null,"Legends Bet":null,"Leaders Bet":null,"To Win":null,"Payout":null,"TOTALS":null,"Mitch Totals":null,"Phil Totals":null,"Bryce Totals":null,"Cory Totals":null,"JB Totals":null,"Ethan Totals":null,"Jaime Totals":null,"Nate Totals":null,"Evan Totals":null,"Brandon Totals":null},{"Week":"69","Date":"12/12/2025","Mitch Bet Amount":null,"Mitch Win/Lose/Push":null,"Mitch":null,"Phil Bet Amount":null,"Phil Win/Lose/Push":null,"Phil":null,"Bryce Bet Amount":null,"Bryce Win/Lose/Push":null,"Bryce":null,"Cory Bet Amount":null,"Cory Win/Lose/Push":null,"Cory":null,"JB Bet Amount":null,"JB Win/Lose/Push":null,"JB":null,"Ethan Bet Amount":null,"Ethan Win/Lose/Push":null,"Ethan":null,"Jaime Bet Amount":null,"Jaime Win/Lose/Push":null,"Jaime":null,"Nathan Bet Amount":null,"Nathan Win/Lose/Push":null,"Nathan":null,"Evan Bet Amount":null,"Evan Win/Lose/Push":null,"Evan":null,"Brandon Bet Amount":null,"Brandon Win/Lose/Push":null,"Brandon":null,"Total Team Bet":null,"Legends Bet":null,"Leaders Bet":null,"To Win":null,"Payout":null,"TOTALS":null,"Mitch Totals":null,"Phil Totals":null,"Bryce Totals":null,"Cory Totals":null,"JB Totals":null,"Ethan Totals":null,"Jaime Totals":null,"Nate Totals":null,"Evan Totals":null,"Brandon Totals":null},{"Week":"70","Date":"12/19/2025","Mitch Bet Amount":null,"Mitch Win/Lose/Push":null,"Mitch":null,"Phil Bet Amount":null,"Phil Win/Lose/Push":null,"Phil":null,"Bryce Bet Amount":null,"Bryce Win/Lose/Push":null,"Bryce":null,"Cory Bet Amount":null,"Cory Win/Lose/Push":null,"Cory":null,"JB Bet Amount":null,"JB Win/Lose/Push":null,"JB":null,"Ethan Bet Amount":null,"Ethan Win/Lose/Push":null,"Ethan":null,"Jaime Bet Amount":null,"Jaime Win/Lose/Push":null,"Jaime":null,"Nathan Bet Amount":null,"Nathan Win/Lose/Push":null,"Nathan":null,"Evan Bet Amount":null,"Evan Win/Lose/Push":null,"Evan":null,"Brandon Bet Amount":null,"Brandon Win/Lose/Push":null,"Brandon":null,"Total Team Bet":null,"Legends Bet":null,"Leaders Bet":null,"To Win":null,"Payout":null,"TOTALS":null,"Mitch Totals":null,"Phil Totals":null,"Bryce Totals":null,"Cory Totals":null,"JB Totals":null,"Ethan Totals":null,"Jaime Totals":null,"Nate Totals":null,"Evan Totals":null,"Brandon Totals":null},{"Week":"71","Date":"12/26/2025","Mitch Bet Amount":null,"Mitch Win/Lose/Push":null,"Mitch":null,"Phil Bet Amount":null,"Phil Win/Lose/Push":null,"Phil":null,"Bryce Bet Amount":null,"Bryce Win/Lose/Push":null,"Bryce":null,"Cory Bet Amount":null,"Cory Win/Lose/Push":null,"Cory":null,"JB Bet Amount":null,"JB Win/Lose/Push":null,"JB":null,"Ethan Bet Amount":null,"Ethan Win/Lose/Push":null,"Ethan":null,"Jaime Bet Amount":null,"Jaime Win/Lose/Push":null,"Jaime":null,"Nathan Bet Amount":null,"Nathan Win/Lose/Push":null,"Nathan":null,"Evan Bet Amount":null,"Evan Win/Lose/Push":null,"Evan":null,"Brandon Bet Amount":null,"Brandon Win/Lose/Push":null,"Brandon":null,"Total Team Bet":null,"Legends Bet":null,"Leaders Bet":null,"To Win":null,"Payout":null,"TOTALS":null,"Mitch Totals":null,"Phil Totals":null,"Bryce Totals":null,"Cory Totals":null,"JB Totals":null,"Ethan Totals":null,"Jaime Totals":null,"Nate Totals":null,"Evan Totals":null,"Brandon Totals":null},{"Week":"72","Date":"01/02/2026","Mitch Bet Amount":null,"Mitch Win/Lose/Push":null,"Mitch":null,"Phil Bet Amount":null,"Phil Win/Lose/Push":null,"Phil":null,"Bryce Bet Amount":null,"Bryce Win/Lose/Push":null,"Bryce":null,"Cory Bet Amount":null,"Cory Win/Lose/Push":null,"Cory":null,"JB Bet Amount":null,"JB Win/Lose/Push":null,"JB":null,"Ethan Bet Amount":null,"Ethan Win/Lose/Push":null,"Ethan":null,"Jaime Bet Amount":null,"Jaime Win/Lose/Push":null,"Jaime":null,"Nathan Bet Amount":null,"Nathan Win/Lose/Push":null,"Nathan":null,"Evan Bet Amount":null,"Evan Win/Lose/Push":null,"Evan":null,"Brandon Bet Amount":null,"Brandon Win/Lose/Push":null,"Brandon":null,"Total Team Bet":null,"Legends Bet":null,"Leaders Bet":null,"To Win":null,"Payout":null,"TOTALS":null,"Mitch Totals":null,"Phil Totals":null,"Bryce Totals":null,"Cory Totals":null,"JB Totals":null,"Ethan Totals":null,"Jaime Totals":null,"Nate Totals":null,"Evan Totals":null,"Brandon Totals":null},{"Week":"73","Date":"01/09/2026","Mitch Bet Amount":null,"Mitch Win/Lose/Push":null,"Mitch":null,"Phil Bet Amount":null,"Phil Win/Lose/Push":null,"Phil":null,"Bryce Bet Amount":null,"Bryce Win/Lose/Push":null,"Bryce":null,"Cory Bet Amount":null,"Cory Win/Lose/Push":null,"Cory":null,"JB Bet Amount":null,"JB Win/Lose/Push":null,"JB":null,"Ethan Bet Amount":null,"Ethan Win/Lose/Push":null,"Ethan":null,"Jaime Bet Amount":null,"Jaime Win/Lose/Push":null,"Jaime":null,"Nathan Bet Amount":null,"Nathan Win/Lose/Push":null,"Nathan":null,"Evan Bet Amount":null,"Evan Win/Lose/Push":null,"Evan":null,"Brandon Bet Amount":null,"Brandon Win/Lose/Push":null,"Brandon":null,"Total Team Bet":null,"Legends Bet":null,"Leaders Bet":null,"To Win":null,"Payout":null,"TOTALS":null,"Mitch Totals":null,"Phil Totals":null,"Bryce Totals":null,"Cory Totals":null,"JB Totals":null,"Ethan Totals":null,"Jaime Totals":null,"Nate Totals":null,"Evan Totals":null,"Brandon Totals":null}]
3:31:44 AM [express] GET /api/data 304 in 8ms :: [{"Week":"1","Date":"10/21/22","Mitch Bet Amount":"$5.00","Mitch Win/Lose/Push":"Loss","Mitch":"Washington -7.5","Phil Bet Amount":"$5.00","Phil Win/Lose/Push":"Loss","Phil":"MN vs. PSU U43","Bryce Bet Amount":"$5.00","Bryce Win/Lose/Push":"Loss","Bryce":"Purdue ML vs. Wisconsin","Cory Bet Amount":"$5.00","Cory Win/Lose/Push":"Loss","Cory":"Ole Miss -1.5","JB Bet Amount":"$5.00","JB Win/Lose/Push":"Loss","JB":"Oregon vs. UCLA U71","Ethan Bet Amount":"$5.00","Ethan Win/Lose/Push":"Loss","Ethan":"Iowa +30","Jaime Bet Amount":"","Jaime Win/Lose/Push":"","Jaime":"","Nathan Bet Amount":"$5.00","Nathan Win/Lose/Push":"","Nathan":"Nate - PSU -5","Evan Bet Amount":"","Evan Win/Lose/Push":"","Evan":"","Brandon Bet Amount":"","Brandon Win/Lose/Push":"","Brandon":"","Total Team Bet":"$35.00","Legends Bet":"","Leaders Bet":"","To Win":"$3,273.20","Payout":"$0.00","TOTALS":"Total Bet","Mitch Totals":"195","Phil Totals":"260","Bryce Totals":"275","Cory Totals":"345","JB Totals":"255","Ethan Totals":"235"},{"Week":"2","Date":"10/28/22","Mitch Bet Amount":"$10.00","Mitch Win/Lose/Push":"Win","Mitch":"TCU -7.5 ","Phil Bet Amount":"$10.00","Phil Win/Lose/Push":"Loss","Phil":"OSU v PSU U61 ","Bryce Bet Amount":"$10.00","Bryce Win/Lose/Push":"Loss","Bryce":"OSU -16 ","Cory Bet Amount":"$10.00","Cory Win/Lose/Push":"Loss","Cory":"Wild over 6.5 ","JB Bet Amount":"$10.00","JB Win/Lose/Push":"Win","JB":"unc -3 ","Ethan Bet Amount":"$10.00","Ethan Win/Lose/Push":"Loss","Ethan":"Rutgers +14 ","Jaime Bet Amount":"","Jaime Win/Lose/Push":"","Jaime":"","Nathan Bet Amount":"","Nathan Win/Lose/Push":"","Nathan":"","Evan Bet Amount":"","Evan Win/Lose/Push":"","Evan":"","Brandon Bet Amount":"","Brandon Win/Lose/Push":"","Brandon":"","Total Team Bet":"$60.00","Legends Bet":"","Leaders Bet":"","To Win":"$2,792.00","Payout":"$0.00","TOTALS":"Total Wins","Mitch Totals":"15","Phil Totals":"13","Bryce Totals":"11","Cory Totals":"10","JB Totals":"14","Ethan Totals":"13"},{"Week":"3","Date":"11/4/22","Mitch Bet Amount":"$5.00","Mitch Win/Lose/Push":"Win","Mitch":"Marshall -3","Phil Bet Amount":"$15.00","Phil Win/Lose/Push":"Win","Phil":"TCU -8","Bryce Bet Amount":"$15.00","Bryce Win/Lose/Push":"Loss","Bryce":"Clemson  -3.5","Cory Bet Amount":"$15.00","Cory Win/Lose/Push":"Loss","Cory":"Maryland +5","JB Bet Amount":"$5.00","JB Win/Lose/Push":"Win","JB":"Louisville -7","Ethan Bet Amount":"$15.00","Ethan Win/Lose/Push":"Push","Ethan":"Vikings -3","Jaime Bet Amount":"","Jaime Win/Lose/Push":"","Jaime":"","Nathan Bet Amount":"","Nathan Win/Lose/Push":"","Nathan":"","Evan Bet Amount":"","Evan Win/Lose/Push":"","Evan":"","Brandon Bet Amount":"","Brandon Win/Lose/Push":"","Brandon":"","Total Team Bet":"$70.00","Legends Bet":"","Leaders Bet":"","To Win":"$3,130.04","Payout":"$0.00","TOTALS":"Total Losses","Mitch Totals":"12","Phil Totals":"14","Bryce Totals":"14","Cory Totals":"16","JB Totals":"13","Ethan Totals":"13"},{"Week":"4","Date":"11/11/22","Mitch Bet Amount":"$5.00","Mitch Win/Lose/Push":"Loss","Mitch":"LSU -4 ","Phil Bet Amount":"$5.00","Phil Win/Lose/Push":"Win","Phil":"Ole Miss +11.5 ","Bryce Bet Amount":"$20.00","Bryce Win/Lose/Push":"Win","Bryce":"PSU-10.5  ","Cory Bet Amount":"$20.00","Cory Win/Lose/Push":"Win","Cory":"Tcu +7.5  ","JB Bet Amount":"$5.00","JB Win/Lose/Push":"Win","JB":"Clemson-7 ","Ethan Bet Amount":"$15.00","Ethan Win/Lose/Push":"Win","Ethan":"Vikings +3  ","Jaime Bet Amount":"","Jaime Win/Lose/Push":"","Jaime":"","Nathan Bet Amount":"","Nathan Win/Lose/Push":"","Nathan":"","Evan Bet Amount":"","Evan Win/Lose/Push":"","Evan":"","Brandon Bet Amount":"","Brandon Win/Lose/Push":"","Brandon":"","Total Team Bet":"$70.00","Legends Bet":"","Leaders Bet":"","To Win":"$3,479.65","Payout":"$0.00","TOTALS":"Total Pushes","Mitch Totals":"0","Phil Totals":"0","Bryce Totals":"2","Cory Totals":"1","JB Totals":"0","Ethan Totals":"1"},{"Week":"5","Date":"11/18/22","Mitch Bet Amount":"$10.00","Mitch Win/Lose/Push":"Win","Mitch":"Wash St -4 ","Phil Bet Amount":"$5.00","Phil Win/Lose/Push":"Win","Phil":"Louisville -4 ","Bryce Bet Amount":"$5.00","Bryce Win/Lose/Push":"Loss","Bryce":"Vikings +1.5 ","Cory Bet Amount":"$5.00","Cory Win/Lose/Push":"Loss","Cory":"TCU -2.5 ","JB Bet Amount":"$5.00","JB Win/Lose/Push":"Win","JB":"auburn -5.5 ","Ethan Bet Amount":"$5.00","Ethan Win/Lose/Push":"Loss","Ethan":"76ers -2 ","Jaime Bet Amount":"","Jaime Win/Lose/Push":"","Jaime":"","Nathan Bet Amount":"","Nathan Win/Lose/Push":"","Nathan":"","Evan Bet Amount":"","Evan Win/Lose/Push":"","Evan":"","Brandon Bet Amount":"","Brandon Win/Lose/Push":"","Brandon":"","Total Team Bet":"$35.00","Legends Bet":"","Leaders Bet":"","To Win":"$1,697.00","Payout":"$0.00","TOTALS":"Win Percentage","Mitch Totals":"55.56%","Phil Totals":"48.15%","Bryce Totals":"44.00%","Cory Totals":"38.46%","JB Totals":"51.85%","Ethan Totals":"50.00%"},{"Week":"6","Date":"11/25/22","Mitch Bet Amount":"$5.00","Mitch Win/Lose/Push":"Loss","Mitch":"Marshall -6 ","Phil Bet Amount":"$5.00","Phil Win/Lose/Push":"Loss","Phil":"Louisville +3 ","Bryce Bet Amount":"$10.00","Bryce Win/Lose/Push":"Win","Bryce":"Washington commanders -4 ","Cory Bet Amount":"$10.00","Cory Win/Lose/Push":"Loss","Cory":"Ravens -3 ","JB Bet Amount":"$5.00","JB Win/Lose/Push":"Loss","JB":"oregon -3 ","Ethan Bet Amount":"$10.00","Ethan Win/Lose/Push":"Win","Ethan":"Gophers + 3.5 ","Jaime Bet Amount":"","Jaime Win/Lose/Push":"","Jaime":"","Nathan Bet Amount":"","Nathan Win/Lose/Push":"","Nathan":"","Evan Bet Amount":"","Evan Win/Lose/Push":"","Evan":"","Brandon Bet Amount":"","Brandon Win/Lose/Push":"","Brandon":"","Total Team Bet":"$45.00","Legends Bet":"","Leaders Bet":"","To Win":"$1,862.92","Payout":"$0.00","TOTALS":null,"Mitch Totals":null,"Phil Totals":null,"Bryce Totals":null,"Cory Totals":null,"JB Totals":null,"Ethan Totals":null},{"Week":"7","Date":"12/2/22","Mitch Bet Amount":"$10.00","Mitch Win/Lose/Push":"Win","Mitch":"Tulane/UCF over 57 ","Phil Bet Amount":"$10.00","Phil Win/Lose/Push":"Win","Phil":"Vikings -3 ","Bryce Bet Amount":"$5.00","Bryce Win/Lose/Push":"Loss","Bryce":"KC -2 ","Cory Bet Amount":"$15.00","Cory Win/Lose/Push":"Loss","Cory":"Dolphins +4 ","JB Bet Amount":"$10.00","JB Win/Lose/Push":"Win","JB":"Michigan -16.5 ","Ethan Bet Amount":"$5.00","Ethan Win/Lose/Push":"Win","Ethan":"Mich -16.5 ","Jaime Bet Amount":"","Jaime Win/Lose/Push":"","Jaime":"","Nathan Bet Amount":"","Nathan Win/Lose/Push":"","Nathan":"","Evan Bet Amount":"","Evan Win/Lose/Push":"","Evan":"","Brandon Bet Amount":"","Brandon Win/Lose/Push":"","Brandon":"","Total Team Bet":"$55.00","Legends Bet":"","Leaders Bet":"","To Win":"$1,250.83","Payout":"$0.00","TOTALS":null,"Mitch Totals":null,"Phil Totals":null,"Bryce Totals":null,"Cory Totals":null,"JB Totals":null,"Ethan Totals":null},{"Week":"8","Date":"12/9/22","Mitch Bet Amount":"$5.00","Mitch Win/Lose/Push":"Win","Mitch":"kansas -4 ","Phil Bet Amount":"$5.00","Phil Win/Lose/Push":"Loss","Phil":"Army/Navy U32.5 ","Bryce Bet Amount":"$10.00","Bryce Win/Lose/Push":"Loss","Bryce":"TEN -3.5 ","Cory Bet Amount":"$20.00","Cory Win/Lose/Push":"Loss","Cory":"purdue -8.5 @ neb ","JB Bet Amount":"$5.00","JB Win/Lose/Push":"Loss","JB":"purdue -8.5 @ neb ","Ethan Bet Amount":"$5.00","Ethan Win/Lose/Push":"Win","Ethan":"Trail Blazers -5 ","Jaime Bet Amount":"","Jaime Win/Lose/Push":"","Jaime":"","Nathan Bet Amount":"","Nathan Win/Lose/Push":"","Nathan":"","Evan Bet Amount":"","Evan Win/Lose/Push":"","Evan":"","Brandon Bet Amount":"","Brandon Win/Lose/Push":"","Brandon":"","Total Team Bet":"$50.00","Legends Bet":"","Leaders Bet":"","To Win":"$1,195.25","Payout":"$0.00","TOTALS":null,"Mitch Totals":null,"Phil Totals":null,"Bryce Totals":null,"Cory Totals":null,"JB Totals":null,"Ethan Totals":null},{"Week":"9","Date":"12/16/22","Mitch Bet Amount":"$5.00","Mitch Win/Lose/Push":"Win","Mitch":"Southern Miss -6.5 ","Phil Bet Amount":"$10.00","Phil Win/Lose/Push":"Win","Phil":"Fresno St -4 (football) ","Bryce Bet Amount":"$15.00","Bryce Win/Lose/Push":"Loss","Bryce":"Team Woods","Cory Bet Amount":"$25.00","Cory Win/Lose/Push":"Loss","Cory":"Vikes -3.5 ","JB Bet Amount":"$10.00","JB Win/Lose/Push":"Loss","JB":"Vikes -3.5 ","Ethan Bet Amount":"$5.00","Ethan Win/Lose/Push":"Win","Ethan":"Atl falcons +4 ","Jaime Bet Amount":"","Jaime Win/Lose/Push":"","Jaime":"","Nathan Bet Amount":"","Nathan Win/Lose/Push":"","Nathan":"","Evan Bet Amount":"","Evan Win/Lose/Push":"","Evan":"","Brandon Bet Amount":"","Brandon Win/Lose/Push":"","Brandon":"","Total Team Bet":"$70.00","Legends Bet":"","Leaders Bet":"","To Win":"$4,579.16","Payout":"$0.00","TOTALS":null,"Mitch Totals":null,"Phil Totals":null,"Bryce Totals":null,"Cory Totals":null,"JB Totals":null,"Ethan Totals":null},{"Week":"10","Date":"12/23/22","Mitch Bet Amount":"$5.00","Mitch Win/Lose/Push":"Win","Mitch":"Memphis -7.5 ","Phil Bet Amount":"$5.00","Phil Win/Lose/Push":"Win","Phil":"Buffalo v Chicago Over 40 ","Bryce Bet Amount":"$20.00","Bryce Win/Lose/Push":"Loss","Bryce":"wisconsin okst over","Cory Bet Amount":"$30.00","Cory Win/Lose/Push":"Loss","Cory":"Lions Carolina under 44 ","JB Bet Amount":"$15.00","JB Win/Lose/Push":"Loss","JB":"wisconsin okst over","Ethan Bet Amount":"$5.00","Ethan Win/Lose/Push":"Loss","Ethan":"Lions Carolina under 44 ","Jaime Bet Amount":"","Jaime Win/Lose/Push":"","Jaime":"","Nathan Bet Amount":"","Nathan Win/Lose/Push":"","Nathan":"","Evan Bet Amount":"","Evan Win/Lose/Push":"","Evan":"","Brandon Bet Amount":"","Brandon Win/Lose/Push":"","Brandon":"","Total Team Bet":"$80.00","Legends Bet":"","Leaders Bet":"","To Win":"$960.66","Payout":"$0.00","TOTALS":null,"Mitch Totals":null,"Phil Totals":null,"Bryce Totals":null,"Cory Totals":null,"JB Totals":null,"Ethan Totals":null},{"Week":"11","Date":"12/30/22","Mitch Bet Amount":"$5.00","Mitch Win/Lose/Push":"Loss","Mitch":"Utah -2 ","Phil Bet Amount":"$5.00","Phil Win/Lose/Push":"Loss","Phil":"USC -2 ","Bryce Bet Amount":"$25.00","Bryce Win/Lose/Push":"Loss","Bryce":"Tail Phil ","Cory Bet Amount":"$35.00","Cory Win/Lose/Push":"Loss","Cory":"Tail Phil ","JB Bet Amount":"$20.00","JB Win/Lose/Push":"Loss","JB":"Tail Phil ","Ethan Bet Amount":"$10.00","Ethan Win/Lose/Push":"Loss","Ethan":"Georgia -6 ","Jaime Bet Amount":"","Jaime Win/Lose/Push":"","Jaime":"","Nathan Bet Amount":"","Nathan Win/Lose/Push":"","Nathan":"","Evan Bet Amount":"","Evan Win/Lose/Push":"","Evan":"","Brandon Bet Amount":"","Brandon Win/Lose/Push":"","Brandon":"","Total Team Bet":"$100.00","Legends Bet":"","Leaders Bet":"","To Win":"$595.79","Payout":"$0.00","TOTALS":null,"Mitch Totals":null,"Phil Totals":null,"Bryce Totals":null,"Cory Totals":null,"JB Totals":null,"Ethan Totals":null},{"Week":"12","Date":"1/6/23","Mitch Bet Amount":"$10.00","Mitch Win/Lose/Push":"Win","Mitch":"Kansas -1.5 ","Phil Bet Amount":"$10.00","Phil Win/Lose/Push":"Win","Phil":"Xavier +1.5 ","Bryce Bet Amount":"$30.00","Bryce Win/Lose/Push":"Win","Bryce":"Tail Mitch ","Cory Bet Amount":"$40.00","Cory Win/Lose/Push":"Win","Cory":"Tail Mitch ","JB Bet Amount":"$25.00","JB Win/Lose/Push":"Win","JB":"Tail Ethan  ","Ethan Bet Amount":"$15.00","Ethan Win/Lose/Push":"Win","Ethan":"Carolina Panthers +3.5 ","Jaime Bet Amount":"","Jaime Win/Lose/Push":"","Jaime":"","Nathan Bet Amount":"","Nathan Win/Lose/Push":"","Nathan":"","Evan Bet Amount":"","Evan Win/Lose/Push":"","Evan":"","Brandon Bet Amount":"","Brandon Win/Lose/Push":"","Brandon":"","Total Team Bet":"$130.00","Legends Bet":"","Leaders Bet":"","To Win":"$722.84","Payout":"$852.84","TOTALS":null,"Mitch Totals":null,"Phil Totals":null,"Bryce Totals":null,"Cory Totals":null,"JB Totals":null,"Ethan Totals":null},{"Week":"13","Date":"1/13/23","Mitch Bet Amount":"$5.00","Mitch Win/Lose/Push":"Loss","Mitch":"Chargers -2.5 ","Phil Bet Amount":"$5.00","Phil Win/Lose/Push":"Win","Phil":"Minn NYG over 48","Bryce Bet Amount":"$5.00","Bryce Win/Lose/Push":"Loss","Bryce":"Vikes -3 for Luda  ","Cory Bet Amount":"$5.00","Cory Win/Lose/Push":"Win","Cory":"Dallas -2.5 ","JB Bet Amount":"$5.00","JB Win/Lose/Push":"Win","JB":"bama -15 ","Ethan Bet Amount":"$5.00","Ethan Win/Lose/Push":"Loss","Ethan":"Seahawks +10 ","Jaime Bet Amount":"","Jaime Win/Lose/Push":"","Jaime":"","Nathan Bet Amount":"","Nathan Win/Lose/Push":"","Nathan":"","Evan Bet Amount":"","Evan Win/Lose/Push":"","Evan":"","Brandon Bet Amount":"","Brandon Win/Lose/Push":"","Brandon":"","Total Team Bet":"$30.00","Legends Bet":"","Leaders Bet":"","To Win":"$1,464.30","Payout":"$0.00","TOTALS":null,"Mitch Totals":null,"Phil Totals":null,"Bryce Totals":null,"Cory Totals":null,"JB Totals":null,"Ethan Totals":null},{"Week":"14","Date":"1/20/23","Mitch Bet Amount":"$10.00","Mitch Win/Lose/Push":"Win","Mitch":"alabama -4.5 ","Phil Bet Amount":"$5.00","Phil Win/Lose/Push":"Win","Phil":"Kansas state -4 ","Bryce Bet Amount":"$10.00","Bryce Win/Lose/Push":"Win","Bryce":"philly -7.5 ","Cory Bet Amount":"$5.00","Cory Win/Lose/Push":"Loss","Cory":"Buffalo/cinny over 49","JB Bet Amount":"$5.00","JB Win/Lose/Push":"Loss","JB":"under 6.5 wild/fla ","Ethan Bet Amount":"$10.00","Ethan Win/Lose/Push":"Win","Ethan":"Wolves -8 ","Jaime Bet Amount":"","Jaime Win/Lose/Push":"","Jaime":"","Nathan Bet Amount":"","Nathan Win/Lose/Push":"","Nathan":"","Evan Bet Amount":"","Evan Win/Lose/Push":"","Evan":"","Brandon Bet Amount":"","Brandon Win/Lose/Push":"","Brandon":"","Total Team Bet":"$45.00","Legends Bet":"","Leaders Bet":"","To Win":"$2,122.99","Payout":"$0.00","TOTALS":null,"Mitch Totals":null,"Phil Totals":null,"Bryce Totals":null,"Cory Totals":null,"JB Totals":null,"Ethan Totals":null},{"Week":"15","Date":"1/27/23","Mitch Bet Amount":"$5.00","Mitch Win/Lose/Push":"Loss","Mitch":"Alabama -6.5 ","Phil Bet Amount":"$5.00","Phil Win/Lose/Push":"Loss","Phil":"Baylor -6.5 ","Bryce Bet Amount":"$5.00","Bryce Win/Lose/Push":"Loss","Bryce":"Bengals ","Cory Bet Amount":"$10.00","Cory Win/Lose/Push":"Loss","Cory":"Rahm  ","JB Bet Amount":"$10.00","JB Win/Lose/Push":"Loss","JB":"Xavier over ","Ethan Bet Amount":"$5.00","Ethan Win/Lose/Push":"Win","Ethan":"Eagles -2.5","Jaime Bet Amount":"","Jaime Win/Lose/Push":"","Jaime":"","Nathan Bet Amount":"","Nathan Win/Lose/Push":"","Nathan":"","Evan Bet Amount":"","Evan Win/Lose/Push":"","Evan":"","Brandon Bet Amount":"","Brandon Win/Lose/Push":"","Brandon":"","Total Team Bet":"$40.00","Legends Bet":"","Leaders Bet":"","To Win":"$1,908.22","Payout":"$0.00","TOTALS":null,"Mitch Totals":null,"Phil Totals":null,"Bryce Totals":null,"Cory Totals":null,"JB Totals":null,"Ethan Totals":null},{"Week":"16","Date":"2/3/23","Mitch Bet Amount":"$10.00","Mitch Win/Lose/Push":"Win","Mitch":"duke/unc under 144 ","Phil Bet Amount":"$10.00","Phil Win/Lose/Push":"Loss","Phil":"Clemson -2 ","Bryce Bet Amount":"$10.00","Bryce Win/Lose/Push":"Win","Bryce":"auburn? ","Cory Bet Amount":"$15.00","Cory Win/Lose/Push":"Loss","Cory":"Purdue ","JB Bet Amount":"$15.00","JB Win/Lose/Push":"Win","JB":"Norfolk st -9 ","Ethan Bet Amount":"$5.00","Ethan Win/Lose/Push":"Loss","Ethan":"Purdue (tail Cory) ","Jaime Bet Amount":"","Jaime Win/Lose/Push":"","Jaime":"","Nathan Bet Amount":"","Nathan Win/Lose/Push":"","Nathan":"","Evan Bet Amount":"","Evan Win/Lose/Push":"","Evan":"","Brandon Bet Amount":"","Brandon Win/Lose/Push":"","Brandon":"","Total Team Bet":"$65.00","Legends Bet":"","Leaders Bet":"","To Win":"$1,583.34","Payout":"$0.00","TOTALS":null,"Mitch Totals":null,"Phil Totals":null,"Bryce Totals":null,"Cory Totals":null,"JB Totals":null,"Ethan Totals":null},{"Week":"17","Date":"2/10/23","Mitch Bet Amount":"$5.00","Mitch Win/Lose/Push":"Win","Mitch":"Creighton/UConn under ","Phil Bet Amount":"$15.00","Phil Win/Lose/Push":"Loss","Phil":"Providence -4.5 ","Bryce Bet Amount":"$5.00","Bryce Win/Lose/Push":"Win","Bryce":"Superbowl over ","Cory Bet Amount":"$20.00","Cory Win/Lose/Push":"Win","Cory":"Tail Mitch ","JB Bet Amount":"$5.00","JB Win/Lose/Push":"Loss","JB":"north dakota -6 ","Ethan Bet Amount":"$10.00","Ethan Win/Lose/Push":"Loss","Ethan":"Dallas mavericks +1.5","Jaime Bet Amount":"","Jaime Win/Lose/Push":"","Jaime":"","Nathan Bet Amount":"","Nathan Win/Lose/Push":"","Nathan":"","Evan Bet Amount":"","Evan Win/Lose/Push":"","Evan":"","Brandon Bet Amount":"","Brandon Win/Lose/Push":"","Brandon":"","Total Team Bet":"$60.00","Legends Bet":"","Leaders Bet":"","To Win":"$1,401.16","Payout":"$0.00","TOTALS":null,"Mitch Totals":null,"Phil Totals":null,"Bryce Totals":null,"Cory Totals":null,"JB Totals":null,"Ethan Totals":null},{"Week":"18","Date":"2/17/23","Mitch Bet Amount":"$5.00","Mitch Win/Lose/Push":"Loss","Mitch":"Missouri -2 ","Phil Bet Amount":"$20.00","Phil Win/Lose/Push":"Loss","Phil":"Tail Mitch","Bryce Bet Amount":"$5.00","Bryce Win/Lose/Push":"Win","Bryce":"3rd Round Match-Up - J. Rahm Vs R. McIlroy - Rahm ","Cory Bet Amount":"$5.00","Cory Win/Lose/Push":"Loss","Cory":"Penn state-8 ","JB Bet Amount":"$10.00","JB Win/Lose/Push":"Loss","JB":"wisco rutgers Over ","Ethan Bet Amount":"$15.00","Ethan Win/Lose/Push":"Win","Ethan":"Nd/Virginia under ","Jaime Bet Amount":"","Jaime Win/Lose/Push":"","Jaime":"","Nathan Bet Amount":"","Nathan Win/Lose/Push":"","Nathan":"","Evan Bet Amount":"","Evan Win/Lose/Push":"","Evan":"","Brandon Bet Amount":"","Brandon Win/Lose/Push":"","Brandon":"","Total Team Bet":"$60.00","Legends Bet":"","Leaders Bet":"","To Win":"$1,434.30","Payout":"$0.00","TOTALS":null,"Mitch Totals":null,"Phil Totals":null,"Bryce Totals":null,"Cory Totals":null,"JB Totals":null,"Ethan Totals":null},{"Week":"19","Date":"2/24/23","Mitch Bet Amount":"$10.00","Mitch Win/Lose/Push":"Win","Mitch":"Gonzaga -5.5 ","Phil Bet Amount":"$25.00","Phil Win/Lose/Push":"Loss","Phil":"Tail Ethan ","Bryce Bet Amount":"$5.00","Bryce Win/Lose/Push":"Loss","Bryce":"LIV golf 2nd round match up - Koepka vs Garcia - Koepka ","Cory Bet Amount":"$10.00","Cory Win/Lose/Push":"Win","Cory":"Nebraska -8 ","JB Bet Amount":"$15.00","JB Win/Lose/Push":"Win","JB":"zaga over","Ethan Bet Amount":"$5.00","Ethan Win/Lose/Push":"Loss","Ethan":"San Diego state -3 ","Jaime Bet Amount":"","Jaime Win/Lose/Push":"","Jaime":"","Nathan Bet Amount":"","Nathan Win/Lose/Push":"","Nathan":"","Evan Bet Amount":"","Evan Win/Lose/Push":"","Evan":"","Brandon Bet Amount":"","Brandon Win/Lose/Push":"","Brandon":"","Total Team Bet":"$70.00","Legends Bet":"","Leaders Bet":"","To Win":"$1,836.16","Payout":"$0.00","TOTALS":null,"Mitch Totals":null,"Phil Totals":null,"Bryce Totals":null,"Cory Totals":null,"JB Totals":null,"Ethan Totals":null},{"Week":"20","Date":"3/3/23","Mitch Bet Amount":"$5.00","Mitch Win/Lose/Push":"Loss","Mitch":"UNC -2.5 ","Phil Bet Amount":"$30.00","Phil Win/Lose/Push":"Win","Phil":"Tail Ethan ","Bryce Bet Amount":"$10.00","Bryce Win/Lose/Push":"Win","Bryce":"3rd Round Match-Up - X. Schauffele Vs J. Thomas - JT ","Cory Bet Amount":"$5.00","Cory Win/Lose/Push":"Win","Cory":"Rahm vs Rory - Rory ","JB Bet Amount":"$5.00","JB Win/Lose/Push":"Win","JB":"wild under ","Ethan Bet Amount":"$20.00","Ethan Win/Lose/Push":"Win","Ethan":"West Virginia -4.5 ","Jaime Bet Amount":"","Jaime Win/Lose/Push":"","Jaime":"","Nathan Bet Amount":"","Nathan Win/Lose/Push":"","Nathan":"","Evan Bet Amount":"","Evan Win/Lose/Push":"","Evan":"","Brandon Bet Amount":"","Brandon Win/Lose/Push":"","Brandon":"","Total Team Bet":"$75.00","Legends Bet":"","Leaders Bet":"","To Win":"$1,937.12","Payout":"$0.00","TOTALS":null,"Mitch Totals":null,"Phil Totals":null,"Bryce Totals":null,"Cory Totals":null,"JB Totals":null,"Ethan Totals":null},{"Week":"21","Date":"3/10/23","Mitch Bet Amount":"$10.00","Mitch Win/Lose/Push":"Win","Mitch":"VCU -3.5 ","Phil Bet Amount":"$5.00","Phil Win/Lose/Push":"Loss","Phil":"Pennsylvania +2.5 ","Bryce Bet Amount":"$5.00","Bryce Win/Lose/Push":"Loss","Bryce":"Homa over Speith ","Cory Bet Amount":"$5.00","Cory Win/Lose/Push":"Push","Cory":"Day over hovland ","JB Bet Amount":"$5.00","JB Win/Lose/Push":"Win","JB":"purdue ","Ethan Bet Amount":"$5.00","Ethan Win/Lose/Push":"Win","Ethan":"Tail JB ","Jaime Bet Amount":"","Jaime Win/Lose/Push":"","Jaime":"","Nathan Bet Amount":"","Nathan Win/Lose/Push":"","Nathan":"","Evan Bet Amount":"","Evan Win/Lose/Push":"","Evan":"","Brandon Bet Amount":"","Brandon Win/Lose/Push":"","Brandon":"","Total Team Bet":"$35.00","Legends Bet":"","Leaders Bet":"","To Win":"$670.83","Payout":"$0.00","TOTALS":null,"Mitch Totals":null,"Phil Totals":null,"Bryce Totals":null,"Cory Totals":null,"JB Totals":null,"Ethan Totals":null},{"Week":"22","Date":"3/24/23","Mitch Bet Amount":"$5.00","Mitch Win/Lose/Push":"Loss","Mitch":"Tail JB ","Phil Bet Amount":"$10.00","Phil Win/Lose/Push":"Win","Phil":"Gonz/UConn Under ","Bryce Bet Amount":"$10.00","Bryce Win/Lose/Push":"Win","Bryce":"Sam burns +125 over Cantlay","Cory Bet Amount":"$5.00","Cory Win/Lose/Push":"Win","Cory":"Wild under 6 ","JB Bet Amount":"$5.00","JB Win/Lose/Push":"Loss","JB":"KSU -1 ","Ethan Bet Amount":"$5.00","Ethan Win/Lose/Push":"Loss","Ethan":"Creighton -1 ","Jaime Bet Amount":"","Jaime Win/Lose/Push":"","Jaime":"","Nathan Bet Amount":"","Nathan Win/Lose/Push":"","Nathan":"","Evan Bet Amount":"","Evan Win/Lose/Push":"","Evan":"","Brandon Bet Amount":"","Brandon Win/Lose/Push":"","Brandon":"","Total Team Bet":"$40.00","Legends Bet":"","Leaders Bet":"","To Win":"$977.98","Payout":"$0.00","TOTALS":null,"Mitch Totals":null,"Phil Totals":null,"Bryce Totals":null,"Cory Totals":null,"JB Totals":null,"Ethan Totals":null},{"Week":"23","Date":"4/1/23","Mitch Bet Amount":"$10.00","Mitch Win/Lose/Push":"Win","Mitch":"UConn -5.5 ","Phil Bet Amount":"$5.00","Phil Win/Lose/Push":"Win","Phil":"Miami/UConn Under ","Bryce Bet Amount":"$5.00","Bryce Win/Lose/Push":"Push","Bryce":"3rd Round Match-Up - C. Conners Vs C. Kirk, Conners ","Cory Bet Amount":"$5.00","Cory Win/Lose/Push":"Win","Cory":"Golden knights to beat wild ","JB Bet Amount":"$10.00","JB Win/Lose/Push":"Loss","JB":"iowa -3 (ladies) ","Ethan Bet Amount":"$10.00","Ethan Win/Lose/Push":"Win","Ethan":"Pelicans -3 ","Jaime Bet Amount":"","Jaime Win/Lose/Push":"","Jaime":"","Nathan Bet Amount":"","Nathan Win/Lose/Push":"","Nathan":"","Evan Bet Amount":"","Evan Win/Lose/Push":"","Evan":"","Brandon Bet Amount":"","Brandon Win/Lose/Push":"","Brandon":"","Total Team Bet":"$45.00","Legends Bet":"","Leaders Bet":"","To Win":"$944.70","Payout":"$0.00","TOTALS":null,"Mitch Totals":null,"Phil Totals":null,"Bryce Totals":null,"Cory Totals":null,"JB Totals":null,"Ethan Totals":null},{"Week":"24","Date":"4/8/23","Mitch Bet Amount":"$5.00","Mitch Win/Lose/Push":"Loss","Mitch":"Detroit/Boston U8 (baseball) ","Phil Bet Amount":"$5.00","Phil Win/Lose/Push":"Loss","Phil":"Spurs +14 ","Bryce Bet Amount":"$5.00","Bryce Win/Lose/Push":"Loss","Bryce":"Koepka wins Masters ","Cory Bet Amount":"$5.00","Cory Win/Lose/Push":"Loss","Cory":"Burns top 10 ","JB Bet Amount":"$15.00","JB Win/Lose/Push":"Loss","JB":"wild U ","Ethan Bet Amount":"$5.00","Ethan Win/Lose/Push":"Loss","Ethan":"Tail Phil ","Jaime Bet Amount":"","Jaime Win/Lose/Push":"","Jaime":"","Nathan Bet Amount":"","Nathan Win/Lose/Push":"","Nathan":"","Evan Bet Amount":"","Evan Win/Lose/Push":"","Evan":"","Brandon Bet Amount":"","Brandon Win/Lose/Push":"","Brandon":"","Total Team Bet":"$40.00","Legends Bet":"","Leaders Bet":"","To Win":"$616.03","Payout":"$0.00","TOTALS":null,"Mitch Totals":null,"Phil Totals":null,"Bryce Totals":null,"Cory Totals":null,"JB Totals":null,"Ethan Totals":null},{"Week":"25","Date":"4/21/23","Mitch Bet Amount":"$10.00","Mitch Win/Lose/Push":"Loss","Mitch":"Twins -1.5 (4/22)","Phil Bet Amount":"$10.00","Phil Win/Lose/Push":"Loss","Phil":"Tail Ethan","Bryce Bet Amount":"$10.00","Bryce Win/Lose/Push":"Push","Bryce":"Bryce passed ","Cory Bet Amount":"$10.00","Cory Win/Lose/Push":"Win","Cory":"Wild over ","JB Bet Amount":"$20.00","JB Win/Lose/Push":"Win","JB":"tail Cory","Ethan Bet Amount":"$10.00","Ethan Win/Lose/Push":"Loss","Ethan":"Wolves 1st half -.5","Jaime Bet Amount":"","Jaime Win/Lose/Push":"","Jaime":"","Nathan Bet Amount":"","Nathan Win/Lose/Push":"","Nathan":"","Evan Bet Amount":"","Evan Win/Lose/Push":"","Evan":"","Brandon Bet Amount":"","Brandon Win/Lose/Push":"","Brandon":"","Total Team Bet":"$70.00","Legends Bet":"","Leaders Bet":"","To Win":"$393.08","Payout":"$0.00","TOTALS":null,"Mitch Totals":null,"Phil Totals":null,"Bryce Totals":null,"Cory Totals":null,"JB Totals":null,"Ethan Totals":null},{"Week":"26","Date":"4/28/23","Mitch Bet Amount":"$15.00","Mitch Win/Lose/Push":"Win","Mitch":"Denver -3 ","Phil Bet Amount":"$15.00","Phil Win/Lose/Push":"Win","Phil":"Tail Mitch ","Bryce Bet Amount":"$10.00","Bryce Win/Lose/Push":"Win","Bryce":"Mexico Open - 2/3 Balls - Props- 3rd Round Props - Hole 1 Winner - Tony Finau ","Cory Bet Amount":"$5.00","Cory Win/Lose/Push":"Win","Cory":"Fla/Boston over ","JB Bet Amount":"$5.00","JB Win/Lose/Push":"Win","JB":"edm/LA OVER ","Ethan Bet Amount":"$15.00","Ethan Win/Lose/Push":"Win","Ethan":"Miami heat +4.5 ","Jaime Bet Amount":"","Jaime Win/Lose/Push":"","Jaime":"","Nathan Bet Amount":"","Nathan Win/Lose/Push":"","Nathan":"","Evan Bet Amount":"","Evan Win/Lose/Push":"","Evan":"","Brandon Bet Amount":"","Brandon Win/Lose/Push":"","Brandon":"","Total Team Bet":"$65.00","Legends Bet":"","Leaders Bet":"","To Win":"$1,646.62","Payout":"$1,711.62","TOTALS":null,"Mitch Totals":null,"Phil Totals":null,"Bryce Totals":null,"Cory Totals":null,"JB Totals":null,"Ethan Totals":null},{"Week":"27","Date":"5/5/23","Mitch Bet Amount":"$5.00","Mitch Win/Lose/Push":"Loss","Mitch":"Denver +3.5","Phil Bet Amount":"$5.00","Phil Win/Lose/Push":"Loss","Phil":"Tail Cory","Bryce Bet Amount":"$5.00","Bryce Win/Lose/Push":"Win","Bryce":"Florida Panthers","Cory Bet Amount":"$5.00","Cory Win/Lose/Push":"Loss","Cory":"Edmonton/Vegas over ","JB Bet Amount":"$5.00","JB Win/Lose/Push":"Win","JB":"twins under ","Ethan Bet Amount":"$5.00","Ethan Win/Lose/Push":"Loss","Ethan":"Twins","Jaime Bet Amount":"","Jaime Win/Lose/Push":"","Jaime":"","Nathan Bet Amount":"$5.00","Nathan Win/Lose/Push":"","Nathan":"","Evan Bet Amount":"","Evan Win/Lose/Push":"","Evan":"","Brandon Bet Amount":"","Brandon Win/Lose/Push":"","Brandon":"","Total Team Bet":"$35.00","Legends Bet":"","Leaders Bet":"","To Win":"$680.31","Payout":"$0.00","TOTALS":null,"Mitch Totals":null,"Phil Totals":null,"Bryce Totals":null,"Cory Totals":null,"JB Totals":null,"Ethan Totals":null},{"Week":"28","Date":"05/12/2023","Mitch Bet Amount":"$10","Mitch Win/Lose/Push":"","Mitch":"","Phil Bet Amount":"$10","Phil Win/Lose/Push":"","Phil":"","Bryce Bet Amount":"$5","Bryce Win/Lose/Push":"","Bryce":"","Cory Bet Amount":"$10","Cory Win/Lose/Push":"","Cory":"","JB Bet Amount":"$5","JB Win/Lose/Push":"","JB":"","Ethan Bet Amount":"$10","Ethan Win/Lose/Push":null,"Ethan":null,"Jaime Bet Amount":null,"Jaime Win/Lose/Push":null,"Jaime":null,"Nathan Bet Amount":null,"Nathan Win/Lose/Push":null,"Nathan":null,"Evan Bet Amount":null,"Evan Win/Lose/Push":null,"Evan":null,"Brandon Bet Amount":null,"Brandon Win/Lose/Push":null,"Brandon":null,"Total Team Bet":null,"Legends Bet":null,"Leaders Bet":null,"To Win":null,"Payout":null,"TOTALS":null,"Mitch Totals":null,"Phil Totals":null,"Bryce Totals":null,"Cory Totals":null,"JB Totals":null,"Ethan Totals":null},{"Week":"29","Date":"05/19/2023","Mitch Bet Amount":null,"Mitch Win/Lose/Push":null,"Mitch":null,"Phil Bet Amount":null,"Phil Win/Lose/Push":null,"Phil":null,"Bryce Bet Amount":null,"Bryce Win/Lose/Push":null,"Bryce":null,"Cory Bet Amount":null,"Cory Win/Lose/Push":null,"Cory":null,"JB Bet Amount":null,"JB Win/Lose/Push":null,"JB":null,"Ethan Bet Amount":null,"Ethan Win/Lose/Push":null,"Ethan":null,"Jaime Bet Amount":null,"Jaime Win/Lose/Push":null,"Jaime":null,"Nathan Bet Amount":null,"Nathan Win/Lose/Push":null,"Nathan":null,"Evan Bet Amount":null,"Evan Win/Lose/Push":null,"Evan":null,"Brandon Bet Amount":null,"Brandon Win/Lose/Push":null,"Brandon":null,"Total Team Bet":null,"Legends Bet":null,"Leaders Bet":null,"To Win":null,"Payout":null,"TOTALS":null,"Mitch Totals":null,"Phil Totals":null,"Bryce Totals":null,"Cory Totals":null,"JB Totals":null,"Ethan Totals":null},{"Week":"30","Date":"05/26/2023","Mitch Bet Amount":null,"Mitch Win/Lose/Push":null,"Mitch":null,"Phil Bet Amount":null,"Phil Win/Lose/Push":null,"Phil":null,"Bryce Bet Amount":null,"Bryce Win/Lose/Push":null,"Bryce":null,"Cory Bet Amount":null,"Cory Win/Lose/Push":null,"Cory":null,"JB Bet Amount":null,"JB Win/Lose/Push":null,"JB":null,"Ethan Bet Amount":null,"Ethan Win/Lose/Push":null,"Ethan":null,"Jaime Bet Amount":null,"Jaime Win/Lose/Push":null,"Jaime":null,"Nathan Bet Amount":null,"Nathan Win/Lose/Push":null,"Nathan":null,"Evan Bet Amount":null,"Evan Win/Lose/Push":null,"Evan":null,"Brandon Bet Amount":null,"Brandon Win/Lose/Push":null,"Brandon":null,"Total Team Bet":null,"Legends Bet":null,"Leaders Bet":null,"To Win":null,"Payout":null,"TOTALS":null,"Mitch Totals":null,"Phil Totals":null,"Bryce Totals":null,"Cory Totals":null,"JB Totals":null,"Ethan Totals":null},{"Week":"31","Date":"06/02/2023","Mitch Bet Amount":null,"Mitch Win/Lose/Push":null,"Mitch":null,"Phil Bet Amount":null,"Phil Win/Lose/Push":null,"Phil":null,"Bryce Bet Amount":null,"Bryce Win/Lose/Push":null,"Bryce":null,"Cory Bet Amount":null,"Cory Win/Lose/Push":null,"Cory":null,"JB Bet Amount":null,"JB Win/Lose/Push":null,"JB":null,"Ethan Bet Amount":null,"Ethan Win/Lose/Push":null,"Ethan":null,"Jaime Bet Amount":null,"Jaime Win/Lose/Push":null,"Jaime":null,"Nathan Bet Amount":null,"Nathan Win/Lose/Push":null,"Nathan":null,"Evan Bet Amount":null,"Evan Win/Lose/Push":null,"Evan":null,"Brandon Bet Amount":null,"Brandon Win/Lose/Push":null,"Brandon":null,"Total Team Bet":null,"Legends Bet":null,"Leaders Bet":null,"To Win":null,"Payout":null,"TOTALS":null,"Mitch Totals":null,"Phil Totals":null,"Bryce Totals":null,"Cory Totals":null,"JB Totals":null,"Ethan Totals":null},{"Week":"32","Date":"06/09/2023","Mitch Bet Amount":null,"Mitch Win/Lose/Push":null,"Mitch":null,"Phil Bet Amount":null,"Phil Win/Lose/Push":null,"Phil":null,"Bryce Bet Amount":null,"Bryce Win/Lose/Push":null,"Bryce":null,"Cory Bet Amount":null,"Cory Win/Lose/Push":null,"Cory":null,"JB Bet Amount":null,"JB Win/Lose/Push":null,"JB":null,"Ethan Bet Amount":null,"Ethan Win/Lose/Push":null,"Ethan":null,"Jaime Bet Amount":null,"Jaime Win/Lose/Push":null,"Jaime":null,"Nathan Bet Amount":null,"Nathan Win/Lose/Push":null,"Nathan":null,"Evan Bet Amount":null,"Evan Win/Lose/Push":null,"Evan":null,"Brandon Bet Amount":null,"Brandon Win/Lose/Push":null,"Brandon":null,"Total Team Bet":null,"Legends Bet":null,"Leaders Bet":null,"To Win":null,"Payout":null,"TOTALS":null,"Mitch Totals":null,"Phil Totals":null,"Bryce Totals":null,"Cory Totals":null,"JB Totals":null,"Ethan Totals":null},{"Week":"33","Date":"06/16/2023","Mitch Bet Amount":null,"Mitch Win/Lose/Push":null,"Mitch":null,"Phil Bet Amount":null,"Phil Win/Lose/Push":null,"Phil":null,"Bryce Bet Amount":null,"Bryce Win/Lose/Push":null,"Bryce":null,"Cory Bet Amount":null,"Cory Win/Lose/Push":null,"Cory":null,"JB Bet Amount":null,"JB Win/Lose/Push":null,"JB":null,"Ethan Bet Amount":null,"Ethan Win/Lose/Push":null,"Ethan":null,"Jaime Bet Amount":null,"Jaime Win/Lose/Push":null,"Jaime":null,"Nathan Bet Amount":null,"Nathan Win/Lose/Push":null,"Nathan":null,"Evan Bet Amount":null,"Evan Win/Lose/Push":null,"Evan":null,"Brandon Bet Amount":null,"Brandon Win/Lose/Push":null,"Brandon":null,"Total Team Bet":null,"Legends Bet":null,"Leaders Bet":null,"To Win":null,"Payout":null,"TOTALS":null,"Mitch Totals":null,"Phil Totals":null,"Bryce Totals":null,"Cory Totals":null,"JB Totals":null,"Ethan Totals":null},{"Week":"34","Date":"06/23/2023","Mitch Bet Amount":null,"Mitch Win/Lose/Push":null,"Mitch":null,"Phil Bet Amount":null,"Phil Win/Lose/Push":null,"Phil":null,"Bryce Bet Amount":null,"Bryce Win/Lose/Push":null,"Bryce":null,"Cory Bet Amount":null,"Cory Win/Lose/Push":null,"Cory":null,"JB Bet Amount":null,"JB Win/Lose/Push":null,"JB":null,"Ethan Bet Amount":null,"Ethan Win/Lose/Push":null,"Ethan":null,"Jaime Bet Amount":null,"Jaime Win/Lose/Push":null,"Jaime":null,"Nathan Bet Amount":null,"Nathan Win/Lose/Push":null,"Nathan":null,"Evan Bet Amount":null,"Evan Win/Lose/Push":null,"Evan":null,"Brandon Bet Amount":null,"Brandon Win/Lose/Push":null,"Brandon":null,"Total Team Bet":null,"Legends Bet":null,"Leaders Bet":null,"To Win":null,"Payout":null,"TOTALS":null,"Mitch Totals":null,"Phil Totals":null,"Bryce Totals":null,"Cory Totals":null,"JB Totals":null,"Ethan Totals":null},{"Week":"35","Date":"06/30/2023","Mitch Bet Amount":null,"Mitch Win/Lose/Push":null,"Mitch":null,"Phil Bet Amount":null,"Phil Win/Lose/Push":null,"Phil":null,"Bryce Bet Amount":null,"Bryce Win/Lose/Push":null,"Bryce":null,"Cory Bet Amount":null,"Cory Win/Lose/Push":null,"Cory":null,"JB Bet Amount":null,"JB Win/Lose/Push":null,"JB":null,"Ethan Bet Amount":null,"Ethan Win/Lose/Push":null,"Ethan":null,"Jaime Bet Amount":null,"Jaime Win/Lose/Push":null,"Jaime":null,"Nathan Bet Amount":null,"Nathan Win/Lose/Push":null,"Nathan":null,"Evan Bet Amount":null,"Evan Win/Lose/Push":null,"Evan":null,"Brandon Bet Amount":null,"Brandon Win/Lose/Push":null,"Brandon":null,"Total Team Bet":null,"Legends Bet":null,"Leaders Bet":null,"To Win":null,"Payout":null,"TOTALS":null,"Mitch Totals":null,"Phil Totals":null,"Bryce Totals":null,"Cory Totals":null,"JB Totals":null,"Ethan Totals":null},{"Week":"36","Date":"07/07/2023","Mitch Bet Amount":null,"Mitch Win/Lose/Push":null,"Mitch":null,"Phil Bet Amount":null,"Phil Win/Lose/Push":null,"Phil":null,"Bryce Bet Amount":null,"Bryce Win/Lose/Push":null,"Bryce":null,"Cory Bet Amount":null,"Cory Win/Lose/Push":null,"Cory":null,"JB Bet Amount":null,"JB Win/Lose/Push":null,"JB":null,"Ethan Bet Amount":null,"Ethan Win/Lose/Push":null,"Ethan":null,"Jaime Bet Amount":null,"Jaime Win/Lose/Push":null,"Jaime":null,"Nathan Bet Amount":null,"Nathan Win/Lose/Push":null,"Nathan":null,"Evan Bet Amount":null,"Evan Win/Lose/Push":null,"Evan":null,"Brandon Bet Amount":null,"Brandon Win/Lose/Push":null,"Brandon":null,"Total Team Bet":null,"Legends Bet":null,"Leaders Bet":null,"To Win":null,"Payout":null,"TOTALS":null,"Mitch Totals":null,"Phil Totals":null,"Bryce Totals":null,"Cory Totals":null,"JB Totals":null,"Ethan Totals":null},{"Week":"37","Date":"07/14/2023","Mitch Bet Amount":null,"Mitch Win/Lose/Push":null,"Mitch":null,"Phil Bet Amount":null,"Phil Win/Lose/Push":null,"Phil":null,"Bryce Bet Amount":null,"Bryce Win/Lose/Push":null,"Bryce":null,"Cory Bet Amount":null,"Cory Win/Lose/Push":null,"Cory":null,"JB Bet Amount":null,"JB Win/Lose/Push":null,"JB":null,"Ethan Bet Amount":null,"Ethan Win/Lose/Push":null,"Ethan":null,"Jaime Bet Amount":null,"Jaime Win/Lose/Push":null,"Jaime":null,"Nathan Bet Amount":null,"Nathan Win/Lose/Push":null,"Nathan":null,"Evan Bet Amount":null,"Evan Win/Lose/Push":null,"Evan":null,"Brandon Bet Amount":null,"Brandon Win/Lose/Push":null,"Brandon":null,"Total Team Bet":null,"Legends Bet":null,"Leaders Bet":null,"To Win":null,"Payout":null,"TOTALS":null,"Mitch Totals":null,"Phil Totals":null,"Bryce Totals":null,"Cory Totals":null,"JB Totals":null,"Ethan Totals":null},{"Week":"38","Date":"07/21/2023","Mitch Bet Amount":null,"Mitch Win/Lose/Push":null,"Mitch":null,"Phil Bet Amount":null,"Phil Win/Lose/Push":null,"Phil":null,"Bryce Bet Amount":null,"Bryce Win/Lose/Push":null,"Bryce":null,"Cory Bet Amount":null,"Cory Win/Lose/Push":null,"Cory":null,"JB Bet Amount":null,"JB Win/Lose/Push":null,"JB":null,"Ethan Bet Amount":null,"Ethan Win/Lose/Push":null,"Ethan":null,"Jaime Bet Amount":null,"Jaime Win/Lose/Push":null,"Jaime":null,"Nathan Bet Amount":null,"Nathan Win/Lose/Push":null,"Nathan":null,"Evan Bet Amount":null,"Evan Win/Lose/Push":null,"Evan":null,"Brandon Bet Amount":null,"Brandon Win/Lose/Push":null,"Brandon":null,"Total Team Bet":null,"Legends Bet":null,"Leaders Bet":null,"To Win":null,"Payout":null,"TOTALS":null,"Mitch Totals":null,"Phil Totals":null,"Bryce Totals":null,"Cory Totals":null,"JB Totals":null,"Ethan Totals":null},{"Week":"39","Date":"07/28/2023","Mitch Bet Amount":null,"Mitch Win/Lose/Push":null,"Mitch":null,"Phil Bet Amount":null,"Phil Win/Lose/Push":null,"Phil":null,"Bryce Bet Amount":null,"Bryce Win/Lose/Push":null,"Bryce":null,"Cory Bet Amount":null,"Cory Win/Lose/Push":null,"Cory":null,"JB Bet Amount":null,"JB Win/Lose/Push":null,"JB":null,"Ethan Bet Amount":null,"Ethan Win/Lose/Push":null,"Ethan":null,"Jaime Bet Amount":null,"Jaime Win/Lose/Push":null,"Jaime":null,"Nathan Bet Amount":null,"Nathan Win/Lose/Push":null,"Nathan":null,"Evan Bet Amount":null,"Evan Win/Lose/Push":null,"Evan":null,"Brandon Bet Amount":null,"Brandon Win/Lose/Push":null,"Brandon":null,"Total Team Bet":null,"Legends Bet":null,"Leaders Bet":null,"To Win":null,"Payout":null,"TOTALS":null,"Mitch Totals":null,"Phil Totals":null,"Bryce Totals":null,"Cory Totals":null,"JB Totals":null,"Ethan Totals":null},{"Week":"40","Date":"08/04/2023","Mitch Bet Amount":null,"Mitch Win/Lose/Push":null,"Mitch":null,"Phil Bet Amount":null,"Phil Win/Lose/Push":null,"Phil":null,"Bryce Bet Amount":null,"Bryce Win/Lose/Push":null,"Bryce":null,"Cory Bet Amount":null,"Cory Win/Lose/Push":null,"Cory":null,"JB Bet Amount":null,"JB Win/Lose/Push":null,"JB":null,"Ethan Bet Amount":null,"Ethan Win/Lose/Push":null,"Ethan":null,"Jaime Bet Amount":null,"Jaime Win/Lose/Push":null,"Jaime":null,"Nathan Bet Amount":null,"Nathan Win/Lose/Push":null,"Nathan":null,"Evan Bet Amount":null,"Evan Win/Lose/Push":null,"Evan":null,"Brandon Bet Amount":null,"Brandon Win/Lose/Push":null,"Brandon":null,"Total Team Bet":null,"Legends Bet":null,"Leaders Bet":null,"To Win":null,"Payout":null,"TOTALS":null,"Mitch Totals":null,"Phil Totals":null,"Bryce Totals":null,"Cory Totals":null,"JB Totals":null,"Ethan Totals":null},{"Week":"41","Date":"08/11/2023","Mitch Bet Amount":null,"Mitch Win/Lose/Push":null,"Mitch":null,"Phil Bet Amount":null,"Phil Win/Lose/Push":null,"Phil":null,"Bryce Bet Amount":null,"Bryce Win/Lose/Push":null,"Bryce":null,"Cory Bet Amount":null,"Cory Win/Lose/Push":null,"Cory":null,"JB Bet Amount":null,"JB Win/Lose/Push":null,"JB":null,"Ethan Bet Amount":null,"Ethan Win/Lose/Push":null,"Ethan":null,"Jaime Bet Amount":null,"Jaime Win/Lose/Push":null,"Jaime":null,"Nathan Bet Amount":null,"Nathan Win/Lose/Push":null,"Nathan":null,"Evan Bet Amount":null,"Evan Win/Lose/Push":null,"Evan":null,"Brandon Bet Amount":null,"Brandon Win/Lose/Push":null,"Brandon":null,"Total Team Bet":null,"Legends Bet":null,"Leaders Bet":null,"To Win":null,"Payout":null,"TOTALS":null,"Mitch Totals":null,"Phil Totals":null,"Bryce Totals":null,"Cory Totals":null,"JB Totals":null,"Ethan Totals":null},{"Week":"42","Date":"08/18/2023","Mitch Bet Amount":null,"Mitch Win/Lose/Push":null,"Mitch":null,"Phil Bet Amount":null,"Phil Win/Lose/Push":null,"Phil":null,"Bryce Bet Amount":null,"Bryce Win/Lose/Push":null,"Bryce":null,"Cory Bet Amount":null,"Cory Win/Lose/Push":null,"Cory":null,"JB Bet Amount":null,"JB Win/Lose/Push":null,"JB":null,"Ethan Bet Amount":null,"Ethan Win/Lose/Push":null,"Ethan":null,"Jaime Bet Amount":null,"Jaime Win/Lose/Push":null,"Jaime":null,"Nathan Bet Amount":null,"Nathan Win/Lose/Push":null,"Nathan":null,"Evan Bet Amount":null,"Evan Win/Lose/Push":null,"Evan":null,"Brandon Bet Amount":null,"Brandon Win/Lose/Push":null,"Brandon":null,"Total Team Bet":null,"Legends Bet":null,"Leaders Bet":null,"To Win":null,"Payout":null,"TOTALS":null,"Mitch Totals":null,"Phil Totals":null,"Bryce Totals":null,"Cory Totals":null,"JB Totals":null,"Ethan Totals":null},{"Week":"43","Date":"08/25/2023","Mitch Bet Amount":null,"Mitch Win/Lose/Push":null,"Mitch":null,"Phil Bet Amount":null,"Phil Win/Lose/Push":null,"Phil":null,"Bryce Bet Amount":null,"Bryce Win/Lose/Push":null,"Bryce":null,"Cory Bet Amount":null,"Cory Win/Lose/Push":null,"Cory":null,"JB Bet Amount":null,"JB Win/Lose/Push":null,"JB":null,"Ethan Bet Amount":null,"Ethan Win/Lose/Push":null,"Ethan":null,"Jaime Bet Amount":null,"Jaime Win/Lose/Push":null,"Jaime":null,"Nathan Bet Amount":null,"Nathan Win/Lose/Push":null,"Nathan":null,"Evan Bet Amount":null,"Evan Win/Lose/Push":null,"Evan":null,"Brandon Bet Amount":null,"Brandon Win/Lose/Push":null,"Brandon":null,"Total Team Bet":null,"Legends Bet":null,"Leaders Bet":null,"To Win":null,"Payout":null,"TOTALS":null,"Mitch Totals":null,"Phil Totals":null,"Bryce Totals":null,"Cory Totals":null,"JB Totals":null,"Ethan Totals":null},{"Week":"44","Date":"09/01/2023","Mitch Bet Amount":null,"Mitch Win/Lose/Push":null,"Mitch":null,"Phil Bet Amount":null,"Phil Win/Lose/Push":null,"Phil":null,"Bryce Bet Amount":null,"Bryce Win/Lose/Push":null,"Bryce":null,"Cory Bet Amount":null,"Cory Win/Lose/Push":null,"Cory":null,"JB Bet Amount":null,"JB Win/Lose/Push":null,"JB":null,"Ethan Bet Amount":null,"Ethan Win/Lose/Push":null,"Ethan":null,"Jaime Bet Amount":null,"Jaime Win/Lose/Push":null,"Jaime":null,"Nathan Bet Amount":null,"Nathan Win/Lose/Push":null,"Nathan":null,"Evan Bet Amount":null,"Evan Win/Lose/Push":null,"Evan":null,"Brandon Bet Amount":null,"Brandon Win/Lose/Push":null,"Brandon":null,"Total Team Bet":null,"Legends Bet":null,"Leaders Bet":null,"To Win":null,"Payout":null,"TOTALS":null,"Mitch Totals":null,"Phil Totals":null,"Bryce Totals":null,"Cory Totals":null,"JB Totals":null,"Ethan Totals":null},{"Week":"45","Date":"09/08/2023","Mitch Bet Amount":null,"Mitch Win/Lose/Push":null,"Mitch":null,"Phil Bet Amount":null,"Phil Win/Lose/Push":null,"Phil":null,"Bryce Bet Amount":null,"Bryce Win/Lose/Push":null,"Bryce":null,"Cory Bet Amount":null,"Cory Win/Lose/Push":null,"Cory":null,"JB Bet Amount":null,"JB Win/Lose/Push":null,"JB":null,"Ethan Bet Amount":null,"Ethan Win/Lose/Push":null,"Ethan":null,"Jaime Bet Amount":null,"Jaime Win/Lose/Push":null,"Jaime":null,"Nathan Bet Amount":null,"Nathan Win/Lose/Push":null,"Nathan":null,"Evan Bet Amount":null,"Evan Win/Lose/Push":null,"Evan":null,"Brandon Bet Amount":null,"Brandon Win/Lose/Push":null,"Brandon":null,"Total Team Bet":null,"Legends Bet":null,"Leaders Bet":null,"To Win":null,"Payout":null,"TOTALS":null,"Mitch Totals":null,"Phil Totals":null,"Bryce Totals":null,"Cory Totals":null,"JB Totals":null,"Ethan Totals":null},{"Week":"46","Date":"09/15/2023","Mitch Bet Amount":null,"Mitch Win/Lose/Push":null,"Mitch":null,"Phil Bet Amount":null,"Phil Win/Lose/Push":null,"Phil":null,"Bryce Bet Amount":null,"Bryce Win/Lose/Push":null,"Bryce":null,"Cory Bet Amount":null,"Cory Win/Lose/Push":null,"Cory":null,"JB Bet Amount":null,"JB Win/Lose/Push":null,"JB":null,"Ethan Bet Amount":null,"Ethan Win/Lose/Push":null,"Ethan":null,"Jaime Bet Amount":null,"Jaime Win/Lose/Push":null,"Jaime":null,"Nathan Bet Amount":null,"Nathan Win/Lose/Push":null,"Nathan":null,"Evan Bet Amount":null,"Evan Win/Lose/Push":null,"Evan":null,"Brandon Bet Amount":null,"Brandon Win/Lose/Push":null,"Brandon":null,"Total Team Bet":null,"Legends Bet":null,"Leaders Bet":null,"To Win":null,"Payout":null,"TOTALS":null,"Mitch Totals":null,"Phil Totals":null,"Bryce Totals":null,"Cory Totals":null,"JB Totals":null,"Ethan Totals":null},{"Week":"47","Date":"09/22/2023","Mitch Bet Amount":null,"Mitch Win/Lose/Push":null,"Mitch":null,"Phil Bet Amount":null,"Phil Win/Lose/Push":null,"Phil":null,"Bryce Bet Amount":null,"Bryce Win/Lose/Push":null,"Bryce":null,"Cory Bet Amount":null,"Cory Win/Lose/Push":null,"Cory":null,"JB Bet Amount":null,"JB Win/Lose/Push":null,"JB":null,"Ethan Bet Amount":null,"Ethan Win/Lose/Push":null,"Ethan":null,"Jaime Bet Amount":null,"Jaime Win/Lose/Push":null,"Jaime":null,"Nathan Bet Amount":null,"Nathan Win/Lose/Push":null,"Nathan":null,"Evan Bet Amount":null,"Evan Win/Lose/Push":null,"Evan":null,"Brandon Bet Amount":null,"Brandon Win/Lose/Push":null,"Brandon":null,"Total Team Bet":null,"Legends Bet":null,"Leaders Bet":null,"To Win":null,"Payout":null,"TOTALS":null,"Mitch Totals":null,"Phil Totals":null,"Bryce Totals":null,"Cory Totals":null,"JB Totals":null,"Ethan Totals":null},{"Week":"48","Date":"09/29/2023","Mitch Bet Amount":null,"Mitch Win/Lose/Push":null,"Mitch":null,"Phil Bet Amount":null,"Phil Win/Lose/Push":null,"Phil":null,"Bryce Bet Amount":null,"Bryce Win/Lose/Push":null,"Bryce":null,"Cory Bet Amount":null,"Cory Win/Lose/Push":null,"Cory":null,"JB Bet Amount":null,"JB Win/Lose/Push":null,"JB":null,"Ethan Bet Amount":null,"Ethan Win/Lose/Push":null,"Ethan":null,"Jaime Bet Amount":null,"Jaime Win/Lose/Push":null,"Jaime":null,"Nathan Bet Amount":null,"Nathan Win/Lose/Push":null,"Nathan":null,"Evan Bet Amount":null,"Evan Win/Lose/Push":null,"Evan":null,"Brandon Bet Amount":null,"Brandon Win/Lose/Push":null,"Brandon":null,"Total Team Bet":null,"Legends Bet":null,"Leaders Bet":null,"To Win":null,"Payout":null,"TOTALS":null,"Mitch Totals":null,"Phil Totals":null,"Bryce Totals":null,"Cory Totals":null,"JB Totals":null,"Ethan Totals":null},{"Week":"49","Date":"10/06/2023","Mitch Bet Amount":null,"Mitch Win/Lose/Push":null,"Mitch":null,"Phil Bet Amount":null,"Phil Win/Lose/Push":null,"Phil":null,"Bryce Bet Amount":null,"Bryce Win/Lose/Push":null,"Bryce":null,"Cory Bet Amount":null,"Cory Win/Lose/Push":null,"Cory":null,"JB Bet Amount":null,"JB Win/Lose/Push":null,"JB":null,"Ethan Bet Amount":null,"Ethan Win/Lose/Push":null,"Ethan":null,"Jaime Bet Amount":null,"Jaime Win/Lose/Push":null,"Jaime":null,"Nathan Bet Amount":null,"Nathan Win/Lose/Push":null,"Nathan":null,"Evan Bet Amount":null,"Evan Win/Lose/Push":null,"Evan":null,"Brandon Bet Amount":null,"Brandon Win/Lose/Push":null,"Brandon":null,"Total Team Bet":null,"Legends Bet":null,"Leaders Bet":null,"To Win":null,"Payout":null,"TOTALS":null,"Mitch Totals":null,"Phil Totals":null,"Bryce Totals":null,"Cory Totals":null,"JB Totals":null,"Ethan Totals":null},{"Week":"50","Date":"10/13/2023","Mitch Bet Amount":null,"Mitch Win/Lose/Push":null,"Mitch":null,"Phil Bet Amount":null,"Phil Win/Lose/Push":null,"Phil":null,"Bryce Bet Amount":null,"Bryce Win/Lose/Push":null,"Bryce":null,"Cory Bet Amount":null,"Cory Win/Lose/Push":null,"Cory":null,"JB Bet Amount":null,"JB Win/Lose/Push":null,"JB":null,"Ethan Bet Amount":null,"Ethan Win/Lose/Push":null,"Ethan":null,"Jaime Bet Amount":null,"Jaime Win/Lose/Push":null,"Jaime":null,"Nathan Bet Amount":null,"Nathan Win/Lose/Push":null,"Nathan":null,"Evan Bet Amount":null,"Evan Win/Lose/Push":null,"Evan":null,"Brandon Bet Amount":null,"Brandon Win/Lose/Push":null,"Brandon":null,"Total Team Bet":null,"Legends Bet":null,"Leaders Bet":null,"To Win":null,"Payout":null,"TOTALS":null,"Mitch Totals":null,"Phil Totals":null,"Bryce Totals":null,"Cory Totals":null,"JB Totals":null,"Ethan Totals":null},{"Week":"51","Date":"10/20/2023","Mitch Bet Amount":null,"Mitch Win/Lose/Push":null,"Mitch":null,"Phil Bet Amount":null,"Phil Win/Lose/Push":null,"Phil":null,"Bryce Bet Amount":null,"Bryce Win/Lose/Push":null,"Bryce":null,"Cory Bet Amount":null,"Cory Win/Lose/Push":null,"Cory":null,"JB Bet Amount":null,"JB Win/Lose/Push":null,"JB":null,"Ethan Bet Amount":null,"Ethan Win/Lose/Push":null,"Ethan":null,"Jaime Bet Amount":null,"Jaime Win/Lose/Push":null,"Jaime":null,"Nathan Bet Amount":null,"Nathan Win/Lose/Push":null,"Nathan":null,"Evan Bet Amount":null,"Evan Win/Lose/Push":null,"Evan":null,"Brandon Bet Amount":null,"Brandon Win/Lose/Push":null,"Brandon":null,"Total Team Bet":null,"Legends Bet":null,"Leaders Bet":null,"To Win":null,"Payout":null,"TOTALS":null,"Mitch Totals":null,"Phil Totals":null,"Bryce Totals":null,"Cory Totals":null,"JB Totals":null,"Ethan Totals":null},{"Week":"52","Date":"10/27/2023","Mitch Bet Amount":null,"Mitch Win/Lose/Push":null,"Mitch":null,"Phil Bet Amount":null,"Phil Win/Lose/Push":null,"Phil":null,"Bryce Bet Amount":null,"Bryce Win/Lose/Push":null,"Bryce":null,"Cory Bet Amount":null,"Cory Win/Lose/Push":null,"Cory":null,"JB Bet Amount":null,"JB Win/Lose/Push":null,"JB":null,"Ethan Bet Amount":null,"Ethan Win/Lose/Push":null,"Ethan":null,"Jaime Bet Amount":null,"Jaime Win/Lose/Push":null,"Jaime":null,"Nathan Bet Amount":null,"Nathan Win/Lose/Push":null,"Nathan":null,"Evan Bet Amount":null,"Evan Win/Lose/Push":null,"Evan":null,"Brandon Bet Amount":null,"Brandon Win/Lose/Push":null,"Brandon":null,"Total Team Bet":null,"Legends Bet":null,"Leaders Bet":null,"To Win":null,"Payout":null,"TOTALS":null,"Mitch Totals":null,"Phil Totals":null,"Bryce Totals":null,"Cory Totals":null,"JB Totals":null,"Ethan Totals":null},{"Week":"53","Date":"11/03/2023","Mitch Bet Amount":null,"Mitch Win/Lose/Push":null,"Mitch":null,"Phil Bet Amount":null,"Phil Win/Lose/Push":null,"Phil":null,"Bryce Bet Amount":null,"Bryce Win/Lose/Push":null,"Bryce":null,"Cory Bet Amount":null,"Cory Win/Lose/Push":null,"Cory":null,"JB Bet Amount":null,"JB Win/Lose/Push":null,"JB":null,"Ethan Bet Amount":null,"Ethan Win/Lose/Push":null,"Ethan":null,"Jaime Bet Amount":null,"Jaime Win/Lose/Push":null,"Jaime":null,"Nathan Bet Amount":null,"Nathan Win/Lose/Push":null,"Nathan":null,"Evan Bet Amount":null,"Evan Win/Lose/Push":null,"Evan":null,"Brandon Bet Amount":null,"Brandon Win/Lose/Push":null,"Brandon":null,"Total Team Bet":null,"Legends Bet":null,"Leaders Bet":null,"To Win":null,"Payout":null,"TOTALS":null,"Mitch Totals":null,"Phil Totals":null,"Bryce Totals":null,"Cory Totals":null,"JB Totals":null,"Ethan Totals":null},{"Week":"54","Date":"11/10/2023","Mitch Bet Amount":null,"Mitch Win/Lose/Push":null,"Mitch":null,"Phil Bet Amount":null,"Phil Win/Lose/Push":null,"Phil":null,"Bryce Bet Amount":null,"Bryce Win/Lose/Push":null,"Bryce":null,"Cory Bet Amount":null,"Cory Win/Lose/Push":null,"Cory":null,"JB Bet Amount":null,"JB Win/Lose/Push":null,"JB":null,"Ethan Bet Amount":null,"Ethan Win/Lose/Push":null,"Ethan":null,"Jaime Bet Amount":null,"Jaime Win/Lose/Push":null,"Jaime":null,"Nathan Bet Amount":null,"Nathan Win/Lose/Push":null,"Nathan":null,"Evan Bet Amount":null,"Evan Win/Lose/Push":null,"Evan":null,"Brandon Bet Amount":null,"Brandon Win/Lose/Push":null,"Brandon":null,"Total Team Bet":null,"Legends Bet":null,"Leaders Bet":null,"To Win":null,"Payout":null,"TOTALS":null,"Mitch Totals":null,"Phil Totals":null,"Bryce Totals":null,"Cory Totals":null,"JB Totals":null,"Ethan Totals":null},{"Week":"55","Date":"11/17/2023","Mitch Bet Amount":null,"Mitch Win/Lose/Push":null,"Mitch":null,"Phil Bet Amount":null,"Phil Win/Lose/Push":null,"Phil":null,"Bryce Bet Amount":null,"Bryce Win/Lose/Push":null,"Bryce":null,"Cory Bet Amount":null,"Cory Win/Lose/Push":null,"Cory":null,"JB Bet Amount":null,"JB Win/Lose/Push":null,"JB":null,"Ethan Bet Amount":null,"Ethan Win/Lose/Push":null,"Ethan":null,"Jaime Bet Amount":null,"Jaime Win/Lose/Push":null,"Jaime":null,"Nathan Bet Amount":null,"Nathan Win/Lose/Push":null,"Nathan":null,"Evan Bet Amount":null,"Evan Win/Lose/Push":null,"Evan":null,"Brandon Bet Amount":null,"Brandon Win/Lose/Push":null,"Brandon":null,"Total Team Bet":null,"Legends Bet":null,"Leaders Bet":null,"To Win":null,"Payout":null,"TOTALS":null,"Mitch Totals":null,"Phil Totals":null,"Bryce Totals":null,"Cory Totals":null,"JB Totals":null,"Ethan Totals":null},{"Week":"56","Date":"11/24/2023","Mitch Bet Amount":null,"Mitch Win/Lose/Push":null,"Mitch":null,"Phil Bet Amount":null,"Phil Win/Lose/Push":null,"Phil":null,"Bryce Bet Amount":null,"Bryce Win/Lose/Push":null,"Bryce":null,"Cory Bet Amount":null,"Cory Win/Lose/Push":null,"Cory":null,"JB Bet Amount":null,"JB Win/Lose/Push":null,"JB":null,"Ethan Bet Amount":null,"Ethan Win/Lose/Push":null,"Ethan":null,"Jaime Bet Amount":null,"Jaime Win/Lose/Push":null,"Jaime":null,"Nathan Bet Amount":null,"Nathan Win/Lose/Push":null,"Nathan":null,"Evan Bet Amount":null,"Evan Win/Lose/Push":null,"Evan":null,"Brandon Bet Amount":null,"Brandon Win/Lose/Push":null,"Brandon":null,"Total Team Bet":null,"Legends Bet":null,"Leaders Bet":null,"To Win":null,"Payout":null,"TOTALS":null,"Mitch Totals":null,"Phil Totals":null,"Bryce Totals":null,"Cory Totals":null,"JB Totals":null,"Ethan Totals":null},{"Week":"57","Date":"12/01/2023","Mitch Bet Amount":null,"Mitch Win/Lose/Push":null,"Mitch":null,"Phil Bet Amount":null,"Phil Win/Lose/Push":null,"Phil":null,"Bryce Bet Amount":null,"Bryce Win/Lose/Push":null,"Bryce":null,"Cory Bet Amount":null,"Cory Win/Lose/Push":null,"Cory":null,"JB Bet Amount":null,"JB Win/Lose/Push":null,"JB":null,"Ethan Bet Amount":null,"Ethan Win/Lose/Push":null,"Ethan":null,"Jaime Bet Amount":null,"Jaime Win/Lose/Push":null,"Jaime":null,"Nathan Bet Amount":null,"Nathan Win/Lose/Push":null,"Nathan":null,"Evan Bet Amount":null,"Evan Win/Lose/Push":null,"Evan":null,"Brandon Bet Amount":null,"Brandon Win/Lose/Push":null,"Brandon":null,"Total Team Bet":null,"Legends Bet":null,"Leaders Bet":null,"To Win":null,"Payout":null,"TOTALS":null,"Mitch Totals":null,"Phil Totals":null,"Bryce Totals":null,"Cory Totals":null,"JB Totals":null,"Ethan Totals":null},{"Week":"58","Date":"12/08/2023","Mitch Bet Amount":null,"Mitch Win/Lose/Push":null,"Mitch":null,"Phil Bet Amount":null,"Phil Win/Lose/Push":null,"Phil":null,"Bryce Bet Amount":null,"Bryce Win/Lose/Push":null,"Bryce":null,"Cory Bet Amount":null,"Cory Win/Lose/Push":null,"Cory":null,"JB Bet Amount":null,"JB Win/Lose/Push":null,"JB":null,"Ethan Bet Amount":null,"Ethan Win/Lose/Push":null,"Ethan":null,"Jaime Bet Amount":null,"Jaime Win/Lose/Push":null,"Jaime":null,"Nathan Bet Amount":null,"Nathan Win/Lose/Push":null,"Nathan":null,"Evan Bet Amount":null,"Evan Win/Lose/Push":null,"Evan":null,"Brandon Bet Amount":null,"Brandon Win/Lose/Push":null,"Brandon":null,"Total Team Bet":null,"Legends Bet":null,"Leaders Bet":null,"To Win":null,"Payout":null,"TOTALS":null,"Mitch Totals":null,"Phil Totals":null,"Bryce Totals":null,"Cory Totals":null,"JB Totals":null,"Ethan Totals":null},{"Week":"59","Date":"12/15/2023","Mitch Bet Amount":null,"Mitch Win/Lose/Push":null,"Mitch":null,"Phil Bet Amount":null,"Phil Win/Lose/Push":null,"Phil":null,"Bryce Bet Amount":null,"Bryce Win/Lose/Push":null,"Bryce":null,"Cory Bet Amount":null,"Cory Win/Lose/Push":null,"Cory":null,"JB Bet Amount":null,"JB Win/Lose/Push":null,"JB":null,"Ethan Bet Amount":null,"Ethan Win/Lose/Push":null,"Ethan":null,"Jaime Bet Amount":null,"Jaime Win/Lose/Push":null,"Jaime":null,"Nathan Bet Amount":null,"Nathan Win/Lose/Push":null,"Nathan":null,"Evan Bet Amount":null,"Evan Win/Lose/Push":null,"Evan":null,"Brandon Bet Amount":null,"Brandon Win/Lose/Push":null,"Brandon":null,"Total Team Bet":null,"Legends Bet":null,"Leaders Bet":null,"To Win":null,"Payout":null,"TOTALS":null,"Mitch Totals":null,"Phil Totals":null,"Bryce Totals":null,"Cory Totals":null,"JB Totals":null,"Ethan Totals":null},{"Week":"60","Date":"12/22/2023","Mitch Bet Amount":null,"Mitch Win/Lose/Push":null,"Mitch":null,"Phil Bet Amount":null,"Phil Win/Lose/Push":null,"Phil":null,"Bryce Bet Amount":null,"Bryce Win/Lose/Push":null,"Bryce":null,"Cory Bet Amount":null,"Cory Win/Lose/Push":null,"Cory":null,"JB Bet Amount":null,"JB Win/Lose/Push":null,"JB":null,"Ethan Bet Amount":null,"Ethan Win/Lose/Push":null,"Ethan":null,"Jaime Bet Amount":null,"Jaime Win/Lose/Push":null,"Jaime":null,"Nathan Bet Amount":null,"Nathan Win/Lose/Push":null,"Nathan":null,"Evan Bet Amount":null,"Evan Win/Lose/Push":null,"Evan":null,"Brandon Bet Amount":null,"Brandon Win/Lose/Push":null,"Brandon":null,"Total Team Bet":null,"Legends Bet":null,"Leaders Bet":null,"To Win":null,"Payout":null,"TOTALS":null,"Mitch Totals":null,"Phil Totals":null,"Bryce Totals":null,"Cory Totals":null,"JB Totals":null,"Ethan Totals":null},{"Week":"61","Date":"12/29/2023","Mitch Bet Amount":null,"Mitch Win/Lose/Push":null,"Mitch":null,"Phil Bet Amount":null,"Phil Win/Lose/Push":null,"Phil":null,"Bryce Bet Amount":null,"Bryce Win/Lose/Push":null,"Bryce":null,"Cory Bet Amount":null,"Cory Win/Lose/Push":null,"Cory":null,"JB Bet Amount":null,"JB Win/Lose/Push":null,"JB":null,"Ethan Bet Amount":null,"Ethan Win/Lose/Push":null,"Ethan":null,"Jaime Bet Amount":null,"Jaime Win/Lose/Push":null,"Jaime":null,"Nathan Bet Amount":null,"Nathan Win/Lose/Push":null,"Nathan":null,"Evan Bet Amount":null,"Evan Win/Lose/Push":null,"Evan":null,"Brandon Bet Amount":null,"Brandon Win/Lose/Push":null,"Brandon":null,"Total Team Bet":null,"Legends Bet":null,"Leaders Bet":null,"To Win":null,"Payout":null,"TOTALS":null,"Mitch Totals":null,"Phil Totals":null,"Bryce Totals":null,"Cory Totals":null,"JB Totals":null,"Ethan Totals":null},{"Week":"62","Date":"01/05/2024","Mitch Bet Amount":null,"Mitch Win/Lose/Push":null,"Mitch":null,"Phil Bet Amount":null,"Phil Win/Lose/Push":null,"Phil":null,"Bryce Bet Amount":null,"Bryce Win/Lose/Push":null,"Bryce":null,"Cory Bet Amount":null,"Cory Win/Lose/Push":null,"Cory":null,"JB Bet Amount":null,"JB Win/Lose/Push":null,"JB":null,"Ethan Bet Amount":null,"Ethan Win/Lose/Push":null,"Ethan":null,"Jaime Bet Amount":null,"Jaime Win/Lose/Push":null,"Jaime":null,"Nathan Bet Amount":null,"Nathan Win/Lose/Push":null,"Nathan":null,"Evan Bet Amount":null,"Evan Win/Lose/Push":null,"Evan":null,"Brandon Bet Amount":null,"Brandon Win/Lose/Push":null,"Brandon":null,"Total Team Bet":null,"Legends Bet":null,"Leaders Bet":null,"To Win":null,"Payout":null,"TOTALS":null,"Mitch Totals":null,"Phil Totals":null,"Bryce Totals":null,"Cory Totals":null,"JB Totals":null,"Ethan Totals":null},{"Week":"63","Date":"01/12/2024","Mitch Bet Amount":null,"Mitch Win/Lose/Push":null,"Mitch":null,"Phil Bet Amount":null,"Phil Win/Lose/Push":null,"Phil":null,"Bryce Bet Amount":null,"Bryce Win/Lose/Push":null,"Bryce":null,"Cory Bet Amount":null,"Cory Win/Lose/Push":null,"Cory":null,"JB Bet Amount":null,"JB Win/Lose/Push":null,"JB":null,"Ethan Bet Amount":null,"Ethan Win/Lose/Push":null,"Ethan":null,"Jaime Bet Amount":null,"Jaime Win/Lose/Push":null,"Jaime":null,"Nathan Bet Amount":null,"Nathan Win/Lose/Push":null,"Nathan":null,"Evan Bet Amount":null,"Evan Win/Lose/Push":null,"Evan":null,"Brandon Bet Amount":null,"Brandon Win/Lose/Push":null,"Brandon":null,"Total Team Bet":null,"Legends Bet":null,"Leaders Bet":null,"To Win":null,"Payout":null,"TOTALS":null,"Mitch Totals":null,"Phil Totals":null,"Bryce Totals":null,"Cory Totals":null,"JB Totals":null,"Ethan Totals":null},{"Week":"64","Date":"01/19/2024","Mitch Bet Amount":null,"Mitch Win/Lose/Push":null,"Mitch":null,"Phil Bet Amount":null,"Phil Win/Lose/Push":null,"Phil":null,"Bryce Bet Amount":null,"Bryce Win/Lose/Push":null,"Bryce":null,"Cory Bet Amount":null,"Cory Win/Lose/Push":null,"Cory":null,"JB Bet Amount":null,"JB Win/Lose/Push":null,"JB":null,"Ethan Bet Amount":null,"Ethan Win/Lose/Push":null,"Ethan":null,"Jaime Bet Amount":null,"Jaime Win/Lose/Push":null,"Jaime":null,"Nathan Bet Amount":null,"Nathan Win/Lose/Push":null,"Nathan":null,"Evan Bet Amount":null,"Evan Win/Lose/Push":null,"Evan":null,"Brandon Bet Amount":null,"Brandon Win/Lose/Push":null,"Brandon":null,"Total Team Bet":null,"Legends Bet":null,"Leaders Bet":null,"To Win":null,"Payout":null,"TOTALS":null,"Mitch Totals":null,"Phil Totals":null,"Bryce Totals":null,"Cory Totals":null,"JB Totals":null,"Ethan Totals":null},{"Week":"65","Date":"01/26/2024","Mitch Bet Amount":null,"Mitch Win/Lose/Push":null,"Mitch":null,"Phil Bet Amount":null,"Phil Win/Lose/Push":null,"Phil":null,"Bryce Bet Amount":null,"Bryce Win/Lose/Push":null,"Bryce":null,"Cory Bet Amount":null,"Cory Win/Lose/Push":null,"Cory":null,"JB Bet Amount":null,"JB Win/Lose/Push":null,"JB":null,"Ethan Bet Amount":null,"Ethan Win/Lose/Push":null,"Ethan":null,"Jaime Bet Amount":null,"Jaime Win/Lose/Push":null,"Jaime":null,"Nathan Bet Amount":null,"Nathan Win/Lose/Push":null,"Nathan":null,"Evan Bet Amount":null,"Evan Win/Lose/Push":null,"Evan":null,"Brandon Bet Amount":null,"Brandon Win/Lose/Push":null,"Brandon":null,"Total Team Bet":null,"Legends Bet":null,"Leaders Bet":null,"To Win":null,"Payout":null,"TOTALS":null,"Mitch Totals":null,"Phil Totals":null,"Bryce Totals":null,"Cory Totals":null,"JB Totals":null,"Ethan Totals":null},{"Week":"66","Date":"02/02/2024","Mitch Bet Amount":null,"Mitch Win/Lose/Push":null,"Mitch":null,"Phil Bet Amount":null,"Phil Win/Lose/Push":null,"Phil":null,"Bryce Bet Amount":null,"Bryce Win/Lose/Push":null,"Bryce":null,"Cory Bet Amount":null,"Cory Win/Lose/Push":null,"Cory":null,"JB Bet Amount":null,"JB Win/Lose/Push":null,"JB":null,"Ethan Bet Amount":null,"Ethan Win/Lose/Push":null,"Ethan":null,"Jaime Bet Amount":null,"Jaime Win/Lose/Push":null,"Jaime":null,"Nathan Bet Amount":null,"Nathan Win/Lose/Push":null,"Nathan":null,"Evan Bet Amount":null,"Evan Win/Lose/Push":null,"Evan":null,"Brandon Bet Amount":null,"Brandon Win/Lose/Push":null,"Brandon":null,"Total Team Bet":null,"Legends Bet":null,"Leaders Bet":null,"To Win":null,"Payout":null,"TOTALS":null,"Mitch Totals":null,"Phil Totals":null,"Bryce Totals":null,"Cory Totals":null,"JB Totals":null,"Ethan Totals":null},{"Week":"67","Date":"02/09/2024","Mitch Bet Amount":null,"Mitch Win/Lose/Push":null,"Mitch":null,"Phil Bet Amount":null,"Phil Win/Lose/Push":null,"Phil":null,"Bryce Bet Amount":null,"Bryce Win/Lose/Push":null,"Bryce":null,"Cory Bet Amount":null,"Cory Win/Lose/Push":null,"Cory":null,"JB Bet Amount":null,"JB Win/Lose/Push":null,"JB":null,"Ethan Bet Amount":null,"Ethan Win/Lose/Push":null,"Ethan":null,"Jaime Bet Amount":null,"Jaime Win/Lose/Push":null,"Jaime":null,"Nathan Bet Amount":null,"Nathan Win/Lose/Push":null,"Nathan":null,"Evan Bet Amount":null,"Evan Win/Lose/Push":null,"Evan":null,"Brandon Bet Amount":null,"Brandon Win/Lose/Push":null,"Brandon":null,"Total Team Bet":null,"Legends Bet":null,"Leaders Bet":null,"To Win":null,"Payout":null,"TOTALS":null,"Mitch Totals":null,"Phil Totals":null,"Bryce Totals":null,"Cory Totals":null,"JB Totals":null,"Ethan Totals":null},{"Week":"68","Date":"02/16/2024","Mitch Bet Amount":null,"Mitch Win/Lose/Push":null,"Mitch":null,"Phil Bet Amount":null,"Phil Win/Lose/Push":null,"Phil":null,"Bryce Bet Amount":null,"Bryce Win/Lose/Push":null,"Bryce":null,"Cory Bet Amount":null,"Cory Win/Lose/Push":null,"Cory":null,"JB Bet Amount":null,"JB Win/Lose/Push":null,"JB":null,"Ethan Bet Amount":null,"Ethan Win/Lose/Push":null,"Ethan":null,"Jaime Bet Amount":null,"Jaime Win/Lose/Push":null,"Jaime":null,"Nathan Bet Amount":null,"Nathan Win/Lose/Push":null,"Nathan":null,"Evan Bet Amount":null,"Evan Win/Lose/Push":null,"Evan":null,"Brandon Bet Amount":null,"Brandon Win/Lose/Push":null,"Brandon":null,"Total Team Bet":null,"Legends Bet":null,"Leaders Bet":null,"To Win":null,"Payout":null,"TOTALS":null,"Mitch Totals":null,"Phil Totals":null,"Bryce Totals":null,"Cory Totals":null,"JB Totals":null,"Ethan Totals":null},{"Week":"69","Date":"02/23/2024","Mitch Bet Amount":null,"Mitch Win/Lose/Push":null,"Mitch":null,"Phil Bet Amount":null,"Phil Win/Lose/Push":null,"Phil":null,"Bryce Bet Amount":null,"Bryce Win/Lose/Push":null,"Bryce":null,"Cory Bet Amount":null,"Cory Win/Lose/Push":null,"Cory":null,"JB Bet Amount":null,"JB Win/Lose/Push":null,"JB":null,"Ethan Bet Amount":null,"Ethan Win/Lose/Push":null,"Ethan":null,"Jaime Bet Amount":null,"Jaime Win/Lose/Push":null,"Jaime":null,"Nathan Bet Amount":null,"Nathan Win/Lose/Push":null,"Nathan":null,"Evan Bet Amount":null,"Evan Win/Lose/Push":null,"Evan":null,"Brandon Bet Amount":null,"Brandon Win/Lose/Push":null,"Brandon":null,"Total Team Bet":null,"Legends Bet":null,"Leaders Bet":null,"To Win":null,"Payout":null,"TOTALS":null,"Mitch Totals":null,"Phil Totals":null,"Bryce Totals":null,"Cory Totals":null,"JB Totals":null,"Ethan Totals":null},{"Week":"70","Date":"03/01/2024","Mitch Bet Amount":null,"Mitch Win/Lose/Push":null,"Mitch":null,"Phil Bet Amount":null,"Phil Win/Lose/Push":null,"Phil":null,"Bryce Bet Amount":null,"Bryce Win/Lose/Push":null,"Bryce":null,"Cory Bet Amount":null,"Cory Win/Lose/Push":null,"Cory":null,"JB Bet Amount":null,"JB Win/Lose/Push":null,"JB":null,"Ethan Bet Amount":null,"Ethan Win/Lose/Push":null,"Ethan":null,"Jaime Bet Amount":null,"Jaime Win/Lose/Push":null,"Jaime":null,"Nathan Bet Amount":null,"Nathan Win/Lose/Push":null,"Nathan":null,"Evan Bet Amount":null,"Evan Win/Lose/Push":null,"Evan":null,"Brandon Bet Amount":null,"Brandon Win/Lose/Push":null,"Brandon":null,"Total Team Bet":null,"Legends Bet":null,"Leaders Bet":null,"To Win":null,"Payout":null,"TOTALS":null,"Mitch Totals":null,"Phil Totals":null,"Bryce Totals":null,"Cory Totals":null,"JB Totals":null,"Ethan Totals":null},{"Week":"71","Date":"03/08/2024","Mitch Bet Amount":null,"Mitch Win/Lose/Push":null,"Mitch":null,"Phil Bet Amount":null,"Phil Win/Lose/Push":null,"Phil":null,"Bryce Bet Amount":null,"Bryce Win/Lose/Push":null,"Bryce":null,"Cory Bet Amount":null,"Cory Win/Lose/Push":null,"Cory":null,"JB Bet Amount":null,"JB Win/Lose/Push":null,"JB":null,"Ethan Bet Amount":null,"Ethan Win/Lose/Push":null,"Ethan":null,"Jaime Bet Amount":null,"Jaime Win/Lose/Push":null,"Jaime":null,"Nathan Bet Amount":null,"Nathan Win/Lose/Push":null,"Nathan":null,"Evan Bet Amount":null,"Evan Win/Lose/Push":null,"Evan":null,"Brandon Bet Amount":null,"Brandon Win/Lose/Push":null,"Brandon":null,"Total Team Bet":null,"Legends Bet":null,"Leaders Bet":null,"To Win":null,"Payout":null,"TOTALS":null,"Mitch Totals":null,"Phil Totals":null,"Bryce Totals":null,"Cory Totals":null,"JB Totals":null,"Ethan Totals":null},{"Week":"72","Date":"03/15/2024","Mitch Bet Amount":null,"Mitch Win/Lose/Push":null,"Mitch":null,"Phil Bet Amount":null,"Phil Win/Lose/Push":null,"Phil":null,"Bryce Bet Amount":null,"Bryce Win/Lose/Push":null,"Bryce":null,"Cory Bet Amount":null,"Cory Win/Lose/Push":null,"Cory":null,"JB Bet Amount":null,"JB Win/Lose/Push":null,"JB":null,"Ethan Bet Amount":null,"Ethan Win/Lose/Push":null,"Ethan":null,"Jaime Bet Amount":null,"Jaime Win/Lose/Push":null,"Jaime":null,"Nathan Bet Amount":null,"Nathan Win/Lose/Push":null,"Nathan":null,"Evan Bet Amount":null,"Evan Win/Lose/Push":null,"Evan":null,"Brandon Bet Amount":null,"Brandon Win/Lose/Push":null,"Brandon":null,"Total Team Bet":null,"Legends Bet":null,"Leaders Bet":null,"To Win":null,"Payout":null,"TOTALS":null,"Mitch Totals":null,"Phil Totals":null,"Bryce Totals":null,"Cory Totals":null,"JB Totals":null,"Ethan Totals":null},{"Week":"73","Date":"03/22/2024","Mitch Bet Amount":null,"Mitch Win/Lose/Push":null,"Mitch":null,"Phil Bet Amount":null,"Phil Win/Lose/Push":null,"Phil":null,"Bryce Bet Amount":null,"Bryce Win/Lose/Push":null,"Bryce":null,"Cory Bet Amount":null,"Cory Win/Lose/Push":null,"Cory":null,"JB Bet Amount":null,"JB Win/Lose/Push":null,"JB":null,"Ethan Bet Amount":null,"Ethan Win/Lose/Push":null,"Ethan":null,"Jaime Bet Amount":null,"Jaime Win/Lose/Push":null,"Jaime":null,"Nathan Bet Amount":null,"Nathan Win/Lose/Push":null,"Nathan":null,"Evan Bet Amount":null,"Evan Win/Lose/Push":null,"Evan":null,"Brandon Bet Amount":null,"Brandon Win/Lose/Push":null,"Brandon":null,"Total Team Bet":null,"Legends Bet":null,"Leaders Bet":null,"To Win":null,"Payout":null,"TOTALS":null,"Mitch Totals":null,"Phil Totals":null,"Bryce Totals":null,"Cory Totals":null,"JB Totals":null,"Ethan Totals":null},{"Week":"74","Date":"03/29/2024","Mitch Bet Amount":null,"Mitch Win/Lose/Push":null,"Mitch":null,"Phil Bet Amount":null,"Phil Win/Lose/Push":null,"Phil":null,"Bryce Bet Amount":null,"Bryce Win/Lose/Push":null,"Bryce":null,"Cory Bet Amount":null,"Cory Win/Lose/Push":null,"Cory":null,"JB Bet Amount":null,"JB Win/Lose/Push":null,"JB":null,"Ethan Bet Amount":null,"Ethan Win/Lose/Push":null,"Ethan":null,"Jaime Bet Amount":null,"Jaime Win/Lose/Push":null,"Jaime":null,"Nathan Bet Amount":null,"Nathan Win/Lose/Push":null,"Nathan":null,"Evan Bet Amount":null,"Evan Win/Lose/Push":null,"Evan":null,"Brandon Bet Amount":null,"Brandon Win/Lose/Push":null,"Brandon":null,"Total Team Bet":null,"Legends Bet":null,"Leaders Bet":null,"To Win":null,"Payout":null,"TOTALS":null,"Mitch Totals":null,"Phil Totals":null,"Bryce Totals":null,"Cory Totals":null,"JB Totals":null,"Ethan Totals":null},{"Week":"75","Date":"04/05/2024","Mitch Bet Amount":null,"Mitch Win/Lose/Push":null,"Mitch":null,"Phil Bet Amount":null,"Phil Win/Lose/Push":null,"Phil":null,"Bryce Bet Amount":null,"Bryce Win/Lose/Push":null,"Bryce":null,"Cory Bet Amount":null,"Cory Win/Lose/Push":null,"Cory":null,"JB Bet Amount":null,"JB Win/Lose/Push":null,"JB":null,"Ethan Bet Amount":null,"Ethan Win/Lose/Push":null,"Ethan":null,"Jaime Bet Amount":null,"Jaime Win/Lose/Push":null,"Jaime":null,"Nathan Bet Amount":null,"Nathan Win/Lose/Push":null,"Nathan":null,"Evan Bet Amount":null,"Evan Win/Lose/Push":null,"Evan":null,"Brandon Bet Amount":null,"Brandon Win/Lose/Push":null,"Brandon":null,"Total Team Bet":null,"Legends Bet":null,"Leaders Bet":null,"To Win":null,"Payout":null,"TOTALS":null,"Mitch Totals":null,"Phil Totals":null,"Bryce Totals":null,"Cory Totals":null,"JB Totals":null,"Ethan Totals":null},{"Week":"76","Date":"04/12/2024","Mitch Bet Amount":null,"Mitch Win/Lose/Push":null,"Mitch":null,"Phil Bet Amount":null,"Phil Win/Lose/Push":null,"Phil":null,"Bryce Bet Amount":null,"Bryce Win/Lose/Push":null,"Bryce":null,"Cory Bet Amount":null,"Cory Win/Lose/Push":null,"Cory":null,"JB Bet Amount":null,"JB Win/Lose/Push":null,"JB":null,"Ethan Bet Amount":null,"Ethan Win/Lose/Push":null,"Ethan":null,"Jaime Bet Amount":null,"Jaime Win/Lose/Push":null,"Jaime":null,"Nathan Bet Amount":null,"Nathan Win/Lose/Push":null,"Nathan":null,"Evan Bet Amount":null,"Evan Win/Lose/Push":null,"Evan":null,"Brandon Bet Amount":null,"Brandon Win/Lose/Push":null,"Brandon":null,"Total Team Bet":null,"Legends Bet":null,"Leaders Bet":null,"To Win":null,"Payout":null,"TOTALS":null,"Mitch Totals":null,"Phil Totals":null,"Bryce Totals":null,"Cory Totals":null,"JB Totals":null,"Ethan Totals":null},{"Week":"77","Date":"04/19/2024","Mitch Bet Amount":null,"Mitch Win/Lose/Push":null,"Mitch":null,"Phil Bet Amount":null,"Phil Win/Lose/Push":null,"Phil":null,"Bryce Bet Amount":null,"Bryce Win/Lose/Push":null,"Bryce":null,"Cory Bet Amount":null,"Cory Win/Lose/Push":null,"Cory":null,"JB Bet Amount":null,"JB Win/Lose/Push":null,"JB":null,"Ethan Bet Amount":null,"Ethan Win/Lose/Push":null,"Ethan":null,"Jaime Bet Amount":null,"Jaime Win/Lose/Push":null,"Jaime":null,"Nathan Bet Amount":null,"Nathan Win/Lose/Push":null,"Nathan":null,"Evan Bet Amount":null,"Evan Win/Lose/Push":null,"Evan":null,"Brandon Bet Amount":null,"Brandon Win/Lose/Push":null,"Brandon":null,"Total Team Bet":null,"Legends Bet":null,"Leaders Bet":null,"To Win":null,"Payout":null,"TOTALS":null,"Mitch Totals":null,"Phil Totals":null,"Bryce Totals":null,"Cory Totals":null,"JB Totals":null,"Ethan Totals":null},{"Week":"78","Date":"04/26/2024","Mitch Bet Amount":null,"Mitch Win/Lose/Push":null,"Mitch":null,"Phil Bet Amount":null,"Phil Win/Lose/Push":null,"Phil":null,"Bryce Bet Amount":null,"Bryce Win/Lose/Push":null,"Bryce":null,"Cory Bet Amount":null,"Cory Win/Lose/Push":null,"Cory":null,"JB Bet Amount":null,"JB Win/Lose/Push":null,"JB":null,"Ethan Bet Amount":null,"Ethan Win/Lose/Push":null,"Ethan":null,"Jaime Bet Amount":null,"Jaime Win/Lose/Push":null,"Jaime":null,"Nathan Bet Amount":null,"Nathan Win/Lose/Push":null,"Nathan":null,"Evan Bet Amount":null,"Evan Win/Lose/Push":null,"Evan":null,"Brandon Bet Amount":null,"Brandon Win/Lose/Push":null,"Brandon":null,"Total Team Bet":null,"Legends Bet":null,"Leaders Bet":null,"To Win":null,"Payout":null,"TOTALS":null,"Mitch Totals":null,"Phil Totals":null,"Bryce Totals":null,"Cory Totals":null,"JB Totals":null,"Ethan Totals":null},{"Week":"79","Date":"05/03/2024","Mitch Bet Amount":null,"Mitch Win/Lose/Push":null,"Mitch":null,"Phil Bet Amount":null,"Phil Win/Lose/Push":null,"Phil":null,"Bryce Bet Amount":null,"Bryce Win/Lose/Push":null,"Bryce":null,"Cory Bet Amount":null,"Cory Win/Lose/Push":null,"Cory":null,"JB Bet Amount":null,"JB Win/Lose/Push":null,"JB":null,"Ethan Bet Amount":null,"Ethan Win/Lose/Push":null,"Ethan":null,"Jaime Bet Amount":null,"Jaime Win/Lose/Push":null,"Jaime":null,"Nathan Bet Amount":null,"Nathan Win/Lose/Push":null,"Nathan":null,"Evan Bet Amount":null,"Evan Win/Lose/Push":null,"Evan":null,"Brandon Bet Amount":null,"Brandon Win/Lose/Push":null,"Brandon":null,"Total Team Bet":null,"Legends Bet":null,"Leaders Bet":null,"To Win":null,"Payout":null,"TOTALS":null,"Mitch Totals":null,"Phil Totals":null,"Bryce Totals":null,"Cory Totals":null,"JB Totals":null,"Ethan Totals":null},{"Week":"80","Date":"05/10/2024","Mitch Bet Amount":null,"Mitch Win/Lose/Push":null,"Mitch":null,"Phil Bet Amount":null,"Phil Win/Lose/Push":null,"Phil":null,"Bryce Bet Amount":null,"Bryce Win/Lose/Push":null,"Bryce":null,"Cory Bet Amount":null,"Cory Win/Lose/Push":null,"Cory":null,"JB Bet Amount":null,"JB Win/Lose/Push":null,"JB":null,"Ethan Bet Amount":null,"Ethan Win/Lose/Push":null,"Ethan":null,"Jaime Bet Amount":null,"Jaime Win/Lose/Push":null,"Jaime":null,"Nathan Bet Amount":null,"Nathan Win/Lose/Push":null,"Nathan":null,"Evan Bet Amount":null,"Evan Win/Lose/Push":null,"Evan":null,"Brandon Bet Amount":null,"Brandon Win/Lose/Push":null,"Brandon":null,"Total Team Bet":null,"Legends Bet":null,"Leaders Bet":null,"To Win":null,"Payout":null,"TOTALS":null,"Mitch Totals":null,"Phil Totals":null,"Bryce Totals":null,"Cory Totals":null,"JB Totals":null,"Ethan Totals":null},{"Week":"81","Date":"05/17/2024","Mitch Bet Amount":null,"Mitch Win/Lose/Push":null,"Mitch":null,"Phil Bet Amount":null,"Phil Win/Lose/Push":null,"Phil":null,"Bryce Bet Amount":null,"Bryce Win/Lose/Push":null,"Bryce":null,"Cory Bet Amount":null,"Cory Win/Lose/Push":null,"Cory":null,"JB Bet Amount":null,"JB Win/Lose/Push":null,"JB":null,"Ethan Bet Amount":null,"Ethan Win/Lose/Push":null,"Ethan":null,"Jaime Bet Amount":null,"Jaime Win/Lose/Push":null,"Jaime":null,"Nathan Bet Amount":null,"Nathan Win/Lose/Push":null,"Nathan":null,"Evan Bet Amount":null,"Evan Win/Lose/Push":null,"Evan":null,"Brandon Bet Amount":null,"Brandon Win/Lose/Push":null,"Brandon":null,"Total Team Bet":null,"Legends Bet":null,"Leaders Bet":null,"To Win":null,"Payout":null,"TOTALS":null,"Mitch Totals":null,"Phil Totals":null,"Bryce Totals":null,"Cory Totals":null,"JB Totals":null,"Ethan Totals":null},{"Week":"82","Date":"05/24/2024","Mitch Bet Amount":null,"Mitch Win/Lose/Push":null,"Mitch":null,"Phil Bet Amount":null,"Phil Win/Lose/Push":null,"Phil":null,"Bryce Bet Amount":null,"Bryce Win/Lose/Push":null,"Bryce":null,"Cory Bet Amount":null,"Cory Win/Lose/Push":null,"Cory":null,"JB Bet Amount":null,"JB Win/Lose/Push":null,"JB":null,"Ethan Bet Amount":null,"Ethan Win/Lose/Push":null,"Ethan":null,"Jaime Bet Amount":null,"Jaime Win/Lose/Push":null,"Jaime":null,"Nathan Bet Amount":null,"Nathan Win/Lose/Push":null,"Nathan":null,"Evan Bet Amount":null,"Evan Win/Lose/Push":null,"Evan":null,"Brandon Bet Amount":null,"Brandon Win/Lose/Push":null,"Brandon":null,"Total Team Bet":null,"Legends Bet":null,"Leaders Bet":null,"To Win":null,"Payout":null,"TOTALS":null,"Mitch Totals":null,"Phil Totals":null,"Bryce Totals":null,"Cory Totals":null,"JB Totals":null,"Ethan Totals":null},{"Week":"83","Date":"05/31/2024","Mitch Bet Amount":null,"Mitch Win/Lose/Push":null,"Mitch":null,"Phil Bet Amount":null,"Phil Win/Lose/Push":null,"Phil":null,"Bryce Bet Amount":null,"Bryce Win/Lose/Push":null,"Bryce":null,"Cory Bet Amount":null,"Cory Win/Lose/Push":null,"Cory":null,"JB Bet Amount":null,"JB Win/Lose/Push":null,"JB":null,"Ethan Bet Amount":null,"Ethan Win/Lose/Push":null,"Ethan":null,"Jaime Bet Amount":null,"Jaime Win/Lose/Push":null,"Jaime":null,"Nathan Bet Amount":null,"Nathan Win/Lose/Push":null,"Nathan":null,"Evan Bet Amount":null,"Evan Win/Lose/Push":null,"Evan":null,"Brandon Bet Amount":null,"Brandon Win/Lose/Push":null,"Brandon":null,"Total Team Bet":null,"Legends Bet":null,"Leaders Bet":null,"To Win":null,"Payout":null,"TOTALS":null,"Mitch Totals":null,"Phil Totals":null,"Bryce Totals":null,"Cory Totals":null,"JB Totals":null,"Ethan Totals":null},{"Week":"84","Date":"06/07/2024","Mitch Bet Amount":null,"Mitch Win/Lose/Push":null,"Mitch":null,"Phil Bet Amount":null,"Phil Win/Lose/Push":null,"Phil":null,"Bryce Bet Amount":null,"Bryce Win/Lose/Push":null,"Bryce":null,"Cory Bet Amount":null,"Cory Win/Lose/Push":null,"Cory":null,"JB Bet Amount":null,"JB Win/Lose/Push":null,"JB":null,"Ethan Bet Amount":null,"Ethan Win/Lose/Push":null,"Ethan":null,"Jaime Bet Amount":null,"Jaime Win/Lose/Push":null,"Jaime":null,"Nathan Bet Amount":null,"Nathan Win/Lose/Push":null,"Nathan":null,"Evan Bet Amount":null,"Evan Win/Lose/Push":null,"Evan":null,"Brandon Bet Amount":null,"Brandon Win/Lose/Push":null,"Brandon":null,"Total Team Bet":null,"Legends Bet":null,"Leaders Bet":null,"To Win":null,"Payout":null,"TOTALS":null,"Mitch Totals":null,"Phil Totals":null,"Bryce Totals":null,"Cory Totals":null,"JB Totals":null,"Ethan Totals":null},{"Week":"85","Date":"06/14/2024","Mitch Bet Amount":null,"Mitch Win/Lose/Push":null,"Mitch":null,"Phil Bet Amount":null,"Phil Win/Lose/Push":null,"Phil":null,"Bryce Bet Amount":null,"Bryce Win/Lose/Push":null,"Bryce":null,"Cory Bet Amount":null,"Cory Win/Lose/Push":null,"Cory":null,"JB Bet Amount":null,"JB Win/Lose/Push":null,"JB":null,"Ethan Bet Amount":null,"Ethan Win/Lose/Push":null,"Ethan":null,"Jaime Bet Amount":null,"Jaime Win/Lose/Push":null,"Jaime":null,"Nathan Bet Amount":null,"Nathan Win/Lose/Push":null,"Nathan":null,"Evan Bet Amount":null,"Evan Win/Lose/Push":null,"Evan":null,"Brandon Bet Amount":null,"Brandon Win/Lose/Push":null,"Brandon":null,"Total Team Bet":null,"Legends Bet":null,"Leaders Bet":null,"To Win":null,"Payout":null,"TOTALS":null,"Mitch Totals":null,"Phil Totals":null,"Bryce Totals":null,"Cory Totals":null,"JB Totals":null,"Ethan Totals":null},{"Week":"86","Date":"06/21/2024","Mitch Bet Amount":null,"Mitch Win/Lose/Push":null,"Mitch":null,"Phil Bet Amount":null,"Phil Win/Lose/Push":null,"Phil":null,"Bryce Bet Amount":null,"Bryce Win/Lose/Push":null,"Bryce":null,"Cory Bet Amount":null,"Cory Win/Lose/Push":null,"Cory":null,"JB Bet Amount":null,"JB Win/Lose/Push":null,"JB":null,"Ethan Bet Amount":null,"Ethan Win/Lose/Push":null,"Ethan":null,"Jaime Bet Amount":null,"Jaime Win/Lose/Push":null,"Jaime":null,"Nathan Bet Amount":null,"Nathan Win/Lose/Push":null,"Nathan":null,"Evan Bet Amount":null,"Evan Win/Lose/Push":null,"Evan":null,"Brandon Bet Amount":null,"Brandon Win/Lose/Push":null,"Brandon":null,"Total Team Bet":null,"Legends Bet":null,"Leaders Bet":null,"To Win":null,"Payout":null,"TOTALS":null,"Mitch Totals":null,"Phil Totals":null,"Bryce Totals":null,"Cory Totals":null,"JB Totals":null,"Ethan Totals":null},{"Week":"87","Date":"06/28/2024","Mitch Bet Amount":null,"Mitch Win/Lose/Push":null,"Mitch":null,"Phil Bet Amount":null,"Phil Win/Lose/Push":null,"Phil":null,"Bryce Bet Amount":null,"Bryce Win/Lose/Push":null,"Bryce":null,"Cory Bet Amount":null,"Cory Win/Lose/Push":null,"Cory":null,"JB Bet Amount":null,"JB Win/Lose/Push":null,"JB":null,"Ethan Bet Amount":null,"Ethan Win/Lose/Push":null,"Ethan":null,"Jaime Bet Amount":null,"Jaime Win/Lose/Push":null,"Jaime":null,"Nathan Bet Amount":null,"Nathan Win/Lose/Push":null,"Nathan":null,"Evan Bet Amount":null,"Evan Win/Lose/Push":null,"Evan":null,"Brandon Bet Amount":null,"Brandon Win/Lose/Push":null,"Brandon":null,"Total Team Bet":null,"Legends Bet":null,"Leaders Bet":null,"To Win":null,"Payout":null,"TOTALS":null,"Mitch Totals":null,"Phil Totals":null,"Bryce Totals":null,"Cory Totals":null,"JB Totals":null,"Ethan Totals":null},{"Week":"88","Date":"07/05/2024","Mitch Bet Amount":null,"Mitch Win/Lose/Push":null,"Mitch":null,"Phil Bet Amount":null,"Phil Win/Lose/Push":null,"Phil":null,"Bryce Bet Amount":null,"Bryce Win/Lose/Push":null,"Bryce":null,"Cory Bet Amount":null,"Cory Win/Lose/Push":null,"Cory":null,"JB Bet Amount":null,"JB Win/Lose/Push":null,"JB":null,"Ethan Bet Amount":null,"Ethan Win/Lose/Push":null,"Ethan":null,"Jaime Bet Amount":null,"Jaime Win/Lose/Push":null,"Jaime":null,"Nathan Bet Amount":null,"Nathan Win/Lose/Push":null,"Nathan":null,"Evan Bet Amount":null,"Evan Win/Lose/Push":null,"Evan":null,"Brandon Bet Amount":null,"Brandon Win/Lose/Push":null,"Brandon":null,"Total Team Bet":null,"Legends Bet":null,"Leaders Bet":null,"To Win":null,"Payout":null,"TOTALS":null,"Mitch Totals":null,"Phil Totals":null,"Bryce Totals":null,"Cory Totals":null,"JB Totals":null,"Ethan Totals":null},{"Week":"89","Date":"07/12/2024","Mitch Bet Amount":null,"Mitch Win/Lose/Push":null,"Mitch":null,"Phil Bet Amount":null,"Phil Win/Lose/Push":null,"Phil":null,"Bryce Bet Amount":null,"Bryce Win/Lose/Push":null,"Bryce":null,"Cory Bet Amount":null,"Cory Win/Lose/Push":null,"Cory":null,"JB Bet Amount":null,"JB Win/Lose/Push":null,"JB":null,"Ethan Bet Amount":null,"Ethan Win/Lose/Push":null,"Ethan":null,"Jaime Bet Amount":null,"Jaime Win/Lose/Push":null,"Jaime":null,"Nathan Bet Amount":null,"Nathan Win/Lose/Push":null,"Nathan":null,"Evan Bet Amount":null,"Evan Win/Lose/Push":null,"Evan":null,"Brandon Bet Amount":null,"Brandon Win/Lose/Push":null,"Brandon":null,"Total Team Bet":null,"Legends Bet":null,"Leaders Bet":null,"To Win":null,"Payout":null,"TOTALS":null,"Mitch Totals":null,"Phil Totals":null,"Bryce Totals":null,"Cory Totals":null,"JB Totals":null,"Ethan Totals":null},{"Week":"90","Date":"07/19/2024","Mitch Bet Amount":null,"Mitch Win/Lose/Push":null,"Mitch":null,"Phil Bet Amount":null,"Phil Win/Lose/Push":null,"Phil":null,"Bryce Bet Amount":null,"Bryce Win/Lose/Push":null,"Bryce":null,"Cory Bet Amount":null,"Cory Win/Lose/Push":null,"Cory":null,"JB Bet Amount":null,"JB Win/Lose/Push":null,"JB":null,"Ethan Bet Amount":null,"Ethan Win/Lose/Push":null,"Ethan":null,"Jaime Bet Amount":null,"Jaime Win/Lose/Push":null,"Jaime":null,"Nathan Bet Amount":null,"Nathan Win/Lose/Push":null,"Nathan":null,"Evan Bet Amount":null,"Evan Win/Lose/Push":null,"Evan":null,"Brandon Bet Amount":null,"Brandon Win/Lose/Push":null,"Brandon":null,"Total Team Bet":null,"Legends Bet":null,"Leaders Bet":null,"To Win":null,"Payout":null,"TOTALS":null,"Mitch Totals":null,"Phil Totals":null,"Bryce Totals":null,"Cory Totals":null,"JB Totals":null,"Ethan Totals":null},{"Week":"91","Date":"07/26/2024","Mitch Bet Amount":null,"Mitch Win/Lose/Push":null,"Mitch":null,"Phil Bet Amount":null,"Phil Win/Lose/Push":null,"Phil":null,"Bryce Bet Amount":null,"Bryce Win/Lose/Push":null,"Bryce":null,"Cory Bet Amount":null,"Cory Win/Lose/Push":null,"Cory":null,"JB Bet Amount":null,"JB Win/Lose/Push":null,"JB":null,"Ethan Bet Amount":null,"Ethan Win/Lose/Push":null,"Ethan":null,"Jaime Bet Amount":null,"Jaime Win/Lose/Push":null,"Jaime":null,"Nathan Bet Amount":null,"Nathan Win/Lose/Push":null,"Nathan":null,"Evan Bet Amount":null,"Evan Win/Lose/Push":null,"Evan":null,"Brandon Bet Amount":null,"Brandon Win/Lose/Push":null,"Brandon":null,"Total Team Bet":null,"Legends Bet":null,"Leaders Bet":null,"To Win":null,"Payout":null,"TOTALS":null,"Mitch Totals":null,"Phil Totals":null,"Bryce Totals":null,"Cory Totals":null,"JB Totals":null,"Ethan Totals":null},{"Week":"92","Date":"08/02/2024","Mitch Bet Amount":null,"Mitch Win/Lose/Push":null,"Mitch":null,"Phil Bet Amount":null,"Phil Win/Lose/Push":null,"Phil":null,"Bryce Bet Amount":null,"Bryce Win/Lose/Push":null,"Bryce":null,"Cory Bet Amount":null,"Cory Win/Lose/Push":null,"Cory":null,"JB Bet Amount":null,"JB Win/Lose/Push":null,"JB":null,"Ethan Bet Amount":null,"Ethan Win/Lose/Push":null,"Ethan":null,"Jaime Bet Amount":null,"Jaime Win/Lose/Push":null,"Jaime":null,"Nathan Bet Amount":null,"Nathan Win/Lose/Push":null,"Nathan":null,"Evan Bet Amount":null,"Evan Win/Lose/Push":null,"Evan":null,"Brandon Bet Amount":null,"Brandon Win/Lose/Push":null,"Brandon":null,"Total Team Bet":null,"Legends Bet":null,"Leaders Bet":null,"To Win":null,"Payout":null,"TOTALS":null,"Mitch Totals":null,"Phil Totals":null,"Bryce Totals":null,"Cory Totals":null,"JB Totals":null,"Ethan Totals":null},{"Week":"93","Date":"08/09/2024","Mitch Bet Amount":null,"Mitch Win/Lose/Push":null,"Mitch":null,"Phil Bet Amount":null,"Phil Win/Lose/Push":null,"Phil":null,"Bryce Bet Amount":null,"Bryce Win/Lose/Push":null,"Bryce":null,"Cory Bet Amount":null,"Cory Win/Lose/Push":null,"Cory":null,"JB Bet Amount":null,"JB Win/Lose/Push":null,"JB":null,"Ethan Bet Amount":null,"Ethan Win/Lose/Push":null,"Ethan":null,"Jaime Bet Amount":null,"Jaime Win/Lose/Push":null,"Jaime":null,"Nathan Bet Amount":null,"Nathan Win/Lose/Push":null,"Nathan":null,"Evan Bet Amount":null,"Evan Win/Lose/Push":null,"Evan":null,"Brandon Bet Amount":null,"Brandon Win/Lose/Push":null,"Brandon":null,"Total Team Bet":null,"Legends Bet":null,"Leaders Bet":null,"To Win":null,"Payout":null,"TOTALS":null,"Mitch Totals":null,"Phil Totals":null,"Bryce Totals":null,"Cory Totals":null,"JB Totals":null,"Ethan Totals":null},{"Week":"94","Date":"08/16/2024","Mitch Bet Amount":null,"Mitch Win/Lose/Push":null,"Mitch":null,"Phil Bet Amount":null,"Phil Win/Lose/Push":null,"Phil":null,"Bryce Bet Amount":null,"Bryce Win/Lose/Push":null,"Bryce":null,"Cory Bet Amount":null,"Cory Win/Lose/Push":null,"Cory":null,"JB Bet Amount":null,"JB Win/Lose/Push":null,"JB":null,"Ethan Bet Amount":null,"Ethan Win/Lose/Push":null,"Ethan":null,"Jaime Bet Amount":null,"Jaime Win/Lose/Push":null,"Jaime":null,"Nathan Bet Amount":null,"Nathan Win/Lose/Push":null,"Nathan":null,"Evan Bet Amount":null,"Evan Win/Lose/Push":null,"Evan":null,"Brandon Bet Amount":null,"Brandon Win/Lose/Push":null,"Brandon":null,"Total Team Bet":null,"Legends Bet":null,"Leaders Bet":null,"To Win":null,"Payout":null,"TOTALS":null,"Mitch Totals":null,"Phil Totals":null,"Bryce Totals":null,"Cory Totals":null,"JB Totals":null,"Ethan Totals":null},{"Week":"95","Date":"08/23/2024","Mitch Bet Amount":null,"Mitch Win/Lose/Push":null,"Mitch":null,"Phil Bet Amount":null,"Phil Win/Lose/Push":null,"Phil":null,"Bryce Bet Amount":null,"Bryce Win/Lose/Push":null,"Bryce":null,"Cory Bet Amount":null,"Cory Win/Lose/Push":null,"Cory":null,"JB Bet Amount":null,"JB Win/Lose/Push":null,"JB":null,"Ethan Bet Amount":null,"Ethan Win/Lose/Push":null,"Ethan":null,"Jaime Bet Amount":null,"Jaime Win/Lose/Push":null,"Jaime":null,"Nathan Bet Amount":null,"Nathan Win/Lose/Push":null,"Nathan":null,"Evan Bet Amount":null,"Evan Win/Lose/Push":null,"Evan":null,"Brandon Bet Amount":null,"Brandon Win/Lose/Push":null,"Brandon":null,"Total Team Bet":null,"Legends Bet":null,"Leaders Bet":null,"To Win":null,"Payout":null,"TOTALS":null,"Mitch Totals":null,"Phil Totals":null,"Bryce Totals":null,"Cory Totals":null,"JB Totals":null,"Ethan Totals":null},{"Week":"96","Date":"08/30/2024","Mitch Bet Amount":null,"Mitch Win/Lose/Push":null,"Mitch":null,"Phil Bet Amount":null,"Phil Win/Lose/Push":null,"Phil":null,"Bryce Bet Amount":null,"Bryce Win/Lose/Push":null,"Bryce":null,"Cory Bet Amount":null,"Cory Win/Lose/Push":null,"Cory":null,"JB Bet Amount":null,"JB Win/Lose/Push":null,"JB":null,"Ethan Bet Amount":null,"Ethan Win/Lose/Push":null,"Ethan":null,"Jaime Bet Amount":null,"Jaime Win/Lose/Push":null,"Jaime":null,"Nathan Bet Amount":null,"Nathan Win/Lose/Push":null,"Nathan":null,"Evan Bet Amount":null,"Evan Win/Lose/Push":null,"Evan":null,"Brandon Bet Amount":null,"Brandon Win/Lose/Push":null,"Brandon":null,"Total Team Bet":null,"Legends Bet":null,"Leaders Bet":null,"To Win":null,"Payout":null,"TOTALS":null,"Mitch Totals":null,"Phil Totals":null,"Bryce Totals":null,"Cory Totals":null,"JB Totals":null,"Ethan Totals":null},{"Week":"97","Date":"09/06/2024","Mitch Bet Amount":null,"Mitch Win/Lose/Push":null,"Mitch":null,"Phil Bet Amount":null,"Phil Win/Lose/Push":null,"Phil":null,"Bryce Bet Amount":null,"Bryce Win/Lose/Push":null,"Bryce":null,"Cory Bet Amount":null,"Cory Win/Lose/Push":null,"Cory":null,"JB Bet Amount":null,"JB Win/Lose/Push":null,"JB":null,"Ethan Bet Amount":null,"Ethan Win/Lose/Push":null,"Ethan":null,"Jaime Bet Amount":null,"Jaime Win/Lose/Push":null,"Jaime":null,"Nathan Bet Amount":null,"Nathan Win/Lose/Push":null,"Nathan":null,"Evan Bet Amount":null,"Evan Win/Lose/Push":null,"Evan":null,"Brandon Bet Amount":null,"Brandon Win/Lose/Push":null,"Brandon":null,"Total Team Bet":null,"Legends Bet":null,"Leaders Bet":null,"To Win":null,"Payout":null,"TOTALS":null,"Mitch Totals":null,"Phil Totals":null,"Bryce Totals":null,"Cory Totals":null,"JB Totals":null,"Ethan Totals":null},{"Week":"98","Date":"09/13/2024","Mitch Bet Amount":null,"Mitch Win/Lose/Push":null,"Mitch":null,"Phil Bet Amount":null,"Phil Win/Lose/Push":null,"Phil":null,"Bryce Bet Amount":null,"Bryce Win/Lose/Push":null,"Bryce":null,"Cory Bet Amount":null,"Cory Win/Lose/Push":null,"Cory":null,"JB Bet Amount":null,"JB Win/Lose/Push":null,"JB":null,"Ethan Bet Amount":null,"Ethan Win/Lose/Push":null,"Ethan":null,"Jaime Bet Amount":null,"Jaime Win/Lose/Push":null,"Jaime":null,"Nathan Bet Amount":null,"Nathan Win/Lose/Push":null,"Nathan":null,"Evan Bet Amount":null,"Evan Win/Lose/Push":null,"Evan":null,"Brandon Bet Amount":null,"Brandon Win/Lose/Push":null,"Brandon":null,"Total Team Bet":null,"Legends Bet":null,"Leaders Bet":null,"To Win":null,"Payout":null,"TOTALS":null,"Mitch Totals":null,"Phil Totals":null,"Bryce Totals":null,"Cory Totals":null,"JB Totals":null,"Ethan Totals":null},{"Week":"99","Date":"09/20/2024","Mitch Bet Amount":null,"Mitch Win/Lose/Push":null,"Mitch":null,"Phil Bet Amount":null,"Phil Win/Lose/Push":null,"Phil":null,"Bryce Bet Amount":null,"Bryce Win/Lose/Push":null,"Bryce":null,"Cory Bet Amount":null,"Cory Win/Lose/Push":null,"Cory":null,"JB Bet Amount":null,"JB Win/Lose/Push":null,"JB":null,"Ethan Bet Amount":null,"Ethan Win/Lose/Push":null,"Ethan":null,"Jaime Bet Amount":null,"Jaime Win/Lose/Push":null,"Jaime":null,"Nathan Bet Amount":null,"Nathan Win/Lose/Push":null,"Nathan":null,"Evan Bet Amount":null,"Evan Win/Lose/Push":null,"Evan":null,"Brandon Bet Amount":null,"Brandon Win/Lose/Push":null,"Brandon":null,"Total Team Bet":null,"Legends Bet":null,"Leaders Bet":null,"To Win":null,"Payout":null,"TOTALS":null,"Mitch Totals":null,"Phil Totals":null,"Bryce Totals":null,"Cory Totals":null,"JB Totals":null,"Ethan Totals":null},{"Week":"100","Date":"09/27/2024","Mitch Bet Amount":null,"Mitch Win/Lose/Push":null,"Mitch":null,"Phil Bet Amount":null,"Phil Win/Lose/Push":null,"Phil":null,"Bryce Bet Amount":null,"Bryce Win/Lose/Push":null,"Bryce":null,"Cory Bet Amount":null,"Cory Win/Lose/Push":null,"Cory":null,"JB Bet Amount":null,"JB Win/Lose/Push":null,"JB":null,"Ethan Bet Amount":null,"Ethan Win/Lose/Push":null,"Ethan":null,"Jaime Bet Amount":null,"Jaime Win/Lose/Push":null,"Jaime":null,"Nathan Bet Amount":null,"Nathan Win/Lose/Push":null,"Nathan":null,"Evan Bet Amount":null,"Evan Win/Lose/Push":null,"Evan":null,"Brandon Bet Amount":null,"Brandon Win/Lose/Push":null,"Brandon":null,"Total Team Bet":null,"Legends Bet":null,"Leaders Bet":null,"To Win":null,"Payout":null,"TOTALS":null,"Mitch Totals":null,"Phil Totals":null,"Bryce Totals":null,"Cory Totals":null,"JB Totals":null,"Ethan Totals":null},{"Week":"101","Date":"10/04/2024","Mitch Bet Amount":null,"Mitch Win/Lose/Push":null,"Mitch":null,"Phil Bet Amount":null,"Phil Win/Lose/Push":null,"Phil":null,"Bryce Bet Amount":null,"Bryce Win/Lose/Push":null,"Bryce":null,"Cory Bet Amount":null,"Cory Win/Lose/Push":null,"Cory":null,"JB Bet Amount":null,"JB Win/Lose/Push":null,"JB":null,"Ethan Bet Amount":null,"Ethan Win/Lose/Push":null,"Ethan":null,"Jaime Bet Amount":null,"Jaime Win/Lose/Push":null,"Jaime":null,"Nathan Bet Amount":null,"Nathan Win/Lose/Push":null,"Nathan":null,"Evan Bet Amount":null,"Evan Win/Lose/Push":null,"Evan":null,"Brandon Bet Amount":null,"Brandon Win/Lose/Push":null,"Brandon":null,"Total Team Bet":null,"Legends Bet":null,"Leaders Bet":null,"To Win":null,"Payout":null,"TOTALS":null,"Mitch Totals":null,"Phil Totals":null,"Bryce Totals":null,"Cory Totals":null,"JB Totals":null,"Ethan Totals":null},{"Week":"102","Date":"10/11/2024","Mitch Bet Amount":null,"Mitch Win/Lose/Push":null,"Mitch":null,"Phil Bet Amount":null,"Phil Win/Lose/Push":null,"Phil":null,"Bryce Bet Amount":null,"Bryce Win/Lose/Push":null,"Bryce":null,"Cory Bet Amount":null,"Cory Win/Lose/Push":null,"Cory":null,"JB Bet Amount":null,"JB Win/Lose/Push":null,"JB":null,"Ethan Bet Amount":null,"Ethan Win/Lose/Push":null,"Ethan":null,"Jaime Bet Amount":null,"Jaime Win/Lose/Push":null,"Jaime":null,"Nathan Bet Amount":null,"Nathan Win/Lose/Push":null,"Nathan":null,"Evan Bet Amount":null,"Evan Win/Lose/Push":null,"Evan":null,"Brandon Bet Amount":null,"Brandon Win/Lose/Push":null,"Brandon":null,"Total Team Bet":null,"Legends Bet":null,"Leaders Bet":null,"To Win":null,"Payout":null,"TOTALS":null,"Mitch Totals":null,"Phil Totals":null,"Bryce Totals":null,"Cory Totals":null,"JB Totals":null,"Ethan Totals":null},{"Week":"103","Date":"10/18/2024","Mitch Bet Amount":null,"Mitch Win/Lose/Push":null,"Mitch":null,"Phil Bet Amount":null,"Phil Win/Lose/Push":null,"Phil":null,"Bryce Bet Amount":null,"Bryce Win/Lose/Push":null,"Bryce":null,"Cory Bet Amount":null,"Cory Win/Lose/Push":null,"Cory":null,"JB Bet Amount":null,"JB Win/Lose/Push":null,"JB":null,"Ethan Bet Amount":null,"Ethan Win/Lose/Push":null,"Ethan":null,"Jaime Bet Amount":null,"Jaime Win/Lose/Push":null,"Jaime":null,"Nathan Bet Amount":null,"Nathan Win/Lose/Push":null,"Nathan":null,"Evan Bet Amount":null,"Evan Win/Lose/Push":null,"Evan":null,"Brandon Bet Amount":null,"Brandon Win/Lose/Push":null,"Brandon":null,"Total Team Bet":null,"Legends Bet":null,"Leaders Bet":null,"To Win":null,"Payout":null,"TOTALS":null,"Mitch Totals":null,"Phil Totals":null,"Bryce Totals":null,"Cory Totals":null,"JB Totals":null,"Ethan Totals":null},{"Week":"104","Date":"10/25/2024","Mitch Bet Amount":null,"Mitch Win/Lose/Push":null,"Mitch":null,"Phil Bet Amount":null,"Phil Win/Lose/Push":null,"Phil":null,"Bryce Bet Amount":null,"Bryce Win/Lose/Push":null,"Bryce":null,"Cory Bet Amount":null,"Cory Win/Lose/Push":null,"Cory":null,"JB Bet Amount":null,"JB Win/Lose/Push":null,"JB":null,"Ethan Bet Amount":null,"Ethan Win/Lose/Push":null,"Ethan":null,"Jaime Bet Amount":null,"Jaime Win/Lose/Push":null,"Jaime":null,"Nathan Bet Amount":null,"Nathan Win/Lose/Push":null,"Nathan":null,"Evan Bet Amount":null,"Evan Win/Lose/Push":null,"Evan":null,"Brandon Bet Amount":null,"Brandon Win/Lose/Push":null,"Brandon":null,"Total Team Bet":null,"Legends Bet":null,"Leaders Bet":null,"To Win":null,"Payout":null,"TOTALS":null,"Mitch Totals":null,"Phil Totals":null,"Bryce Totals":null,"Cory Totals":null,"JB Totals":null,"Ethan Totals":null},{"Week":"105","Date":"11/01/2024","Mitch Bet Amount":null,"Mitch Win/Lose/Push":null,"Mitch":null,"Phil Bet Amount":null,"Phil Win/Lose/Push":null,"Phil":null,"Bryce Bet Amount":null,"Bryce Win/Lose/Push":null,"Bryce":null,"Cory Bet Amount":null,"Cory Win/Lose/Push":null,"Cory":null,"JB Bet Amount":null,"JB Win/Lose/Push":null,"JB":null,"Ethan Bet Amount":null,"Ethan Win/Lose/Push":null,"Ethan":null,"Jaime Bet Amount":null,"Jaime Win/Lose/Push":null,"Jaime":null,"Nathan Bet Amount":null,"Nathan Win/Lose/Push":null,"Nathan":null,"Evan Bet Amount":null,"Evan Win/Lose/Push":null,"Evan":null,"Brandon Bet Amount":null,"Brandon Win/Lose/Push":null,"Brandon":null,"Total Team Bet":null,"Legends Bet":null,"Leaders Bet":null,"To Win":null,"Payout":null,"TOTALS":null,"Mitch Totals":null,"Phil Totals":null,"Bryce Totals":null,"Cory Totals":null,"JB Totals":null,"Ethan Totals":null},{"Week":"106","Date":"11/08/2024","Mitch Bet Amount":null,"Mitch Win/Lose/Push":null,"Mitch":null,"Phil Bet Amount":null,"Phil Win/Lose/Push":null,"Phil":null,"Bryce Bet Amount":null,"Bryce Win/Lose/Push":null,"Bryce":null,"Cory Bet Amount":null,"Cory Win/Lose/Push":null,"Cory":null,"JB Bet Amount":null,"JB Win/Lose/Push":null,"JB":null,"Ethan Bet Amount":null,"Ethan Win/Lose/Push":null,"Ethan":null,"Jaime Bet Amount":null,"Jaime Win/Lose/Push":null,"Jaime":null,"Nathan Bet Amount":null,"Nathan Win/Lose/Push":null,"Nathan":null,"Evan Bet Amount":null,"Evan Win/Lose/Push":null,"Evan":null,"Brandon Bet Amount":null,"Brandon Win/Lose/Push":null,"Brandon":null,"Total Team Bet":null,"Legends Bet":null,"Leaders Bet":null,"To Win":null,"Payout":null,"TOTALS":null,"Mitch Totals":null,"Phil Totals":null,"Bryce Totals":null,"Cory Totals":null,"JB Totals":null,"Ethan Totals":null},{"Week":"107","Date":"11/15/2024","Mitch Bet Amount":null,"Mitch Win/Lose/Push":null,"Mitch":null,"Phil Bet Amount":null,"Phil Win/Lose/Push":null,"Phil":null,"Bryce Bet Amount":null,"Bryce Win/Lose/Push":null,"Bryce":null,"Cory Bet Amount":null,"Cory Win/Lose/Push":null,"Cory":null,"JB Bet Amount":null,"JB Win/Lose/Push":null,"JB":null,"Ethan Bet Amount":null,"Ethan Win/Lose/Push":null,"Ethan":null,"Jaime Bet Amount":null,"Jaime Win/Lose/Push":null,"Jaime":null,"Nathan Bet Amount":null,"Nathan Win/Lose/Push":null,"Nathan":null,"Evan Bet Amount":null,"Evan Win/Lose/Push":null,"Evan":null,"Brandon Bet Amount":null,"Brandon Win/Lose/Push":null,"Brandon":null,"Total Team Bet":null,"Legends Bet":null,"Leaders Bet":null,"To Win":null,"Payout":null,"TOTALS":null,"Mitch Totals":null,"Phil Totals":null,"Bryce Totals":null,"Cory Totals":null,"JB Totals":null,"Ethan Totals":null},{"Week":"108","Date":"11/22/2024","Mitch Bet Amount":null,"Mitch Win/Lose/Push":null,"Mitch":null,"Phil Bet Amount":null,"Phil Win/Lose/Push":null,"Phil":null,"Bryce Bet Amount":null,"Bryce Win/Lose/Push":null,"Bryce":null,"Cory Bet Amount":null,"Cory Win/Lose/Push":null,"Cory":null,"JB Bet Amount":null,"JB Win/Lose/Push":null,"JB":null,"Ethan Bet Amount":null,"Ethan Win/Lose/Push":null,"Ethan":null,"Jaime Bet Amount":null,"Jaime Win/Lose/Push":null,"Jaime":null,"Nathan Bet Amount":null,"Nathan Win/Lose/Push":null,"Nathan":null,"Evan Bet Amount":null,"Evan Win/Lose/Push":null,"Evan":null,"Brandon Bet Amount":null,"Brandon Win/Lose/Push":null,"Brandon":null,"Total Team Bet":null,"Legends Bet":null,"Leaders Bet":null,"To Win":null,"Payout":null,"TOTALS":null,"Mitch Totals":null,"Phil Totals":null,"Bryce Totals":null,"Cory Totals":null,"JB Totals":null,"Ethan Totals":null},{"Week":"109","Date":"11/29/2024","Mitch Bet Amount":null,"Mitch Win/Lose/Push":null,"Mitch":null,"Phil Bet Amount":null,"Phil Win/Lose/Push":null,"Phil":null,"Bryce Bet Amount":null,"Bryce Win/Lose/Push":null,"Bryce":null,"Cory Bet Amount":null,"Cory Win/Lose/Push":null,"Cory":null,"JB Bet Amount":null,"JB Win/Lose/Push":null,"JB":null,"Ethan Bet Amount":null,"Ethan Win/Lose/Push":null,"Ethan":null,"Jaime Bet Amount":null,"Jaime Win/Lose/Push":null,"Jaime":null,"Nathan Bet Amount":null,"Nathan Win/Lose/Push":null,"Nathan":null,"Evan Bet Amount":null,"Evan Win/Lose/Push":null,"Evan":null,"Brandon Bet Amount":null,"Brandon Win/Lose/Push":null,"Brandon":null,"Total Team Bet":null,"Legends Bet":null,"Leaders Bet":null,"To Win":null,"Payout":null,"TOTALS":null,"Mitch Totals":null,"Phil Totals":null,"Bryce Totals":null,"Cory Totals":null,"JB Totals":null,"Ethan Totals":null},{"Week":"110","Date":"12/06/2024","Mitch Bet Amount":null,"Mitch Win/Lose/Push":null,"Mitch":null,"Phil Bet Amount":null,"Phil Win/Lose/Push":null,"Phil":null,"Bryce Bet Amount":null,"Bryce Win/Lose/Push":null,"Bryce":null,"Cory Bet Amount":null,"Cory Win/Lose/Push":null,"Cory":null,"JB Bet Amount":null,"JB Win/Lose/Push":null,"JB":null,"Ethan Bet Amount":null,"Ethan Win/Lose/Push":null,"Ethan":null,"Jaime Bet Amount":null,"Jaime Win/Lose/Push":null,"Jaime":null,"Nathan Bet Amount":null,"Nathan Win/Lose/Push":null,"Nathan":null,"Evan Bet Amount":null,"Evan Win/Lose/Push":null,"Evan":null,"Brandon Bet Amount":null,"Brandon Win/Lose/Push":null,"Brandon":null,"Total Team Bet":null,"Legends Bet":null,"Leaders Bet":null,"To Win":null,"Payout":null,"TOTALS":null,"Mitch Totals":null,"Phil Totals":null,"Bryce Totals":null,"Cory Totals":null,"JB Totals":null,"Ethan Totals":null},{"Week":"111","Date":"12/13/2024","Mitch Bet Amount":null,"Mitch Win/Lose/Push":null,"Mitch":null,"Phil Bet Amount":null,"Phil Win/Lose/Push":null,"Phil":null,"Bryce Bet Amount":null,"Bryce Win/Lose/Push":null,"Bryce":null,"Cory Bet Amount":null,"Cory Win/Lose/Push":null,"Cory":null,"JB Bet Amount":null,"JB Win/Lose/Push":null,"JB":null,"Ethan Bet Amount":null,"Ethan Win/Lose/Push":null,"Ethan":null,"Jaime Bet Amount":null,"Jaime Win/Lose/Push":null,"Jaime":null,"Nathan Bet Amount":null,"Nathan Win/Lose/Push":null,"Nathan":null,"Evan Bet Amount":null,"Evan Win/Lose/Push":null,"Evan":null,"Brandon Bet Amount":null,"Brandon Win/Lose/Push":null,"Brandon":null,"Total Team Bet":null,"Legends Bet":null,"Leaders Bet":null,"To Win":null,"Payout":null,"TOTALS":null,"Mitch Totals":null,"Phil Totals":null,"Bryce Totals":null,"Cory Totals":null,"JB Totals":null,"Ethan Totals":null},{"Week":"112","Date":"12/20/2024","Mitch Bet Amount":null,"Mitch Win/Lose/Push":null,"Mitch":null,"Phil Bet Amount":null,"Phil Win/Lose/Push":null,"Phil":null,"Bryce Bet Amount":null,"Bryce Win/Lose/Push":null,"Bryce":null,"Cory Bet Amount":null,"Cory Win/Lose/Push":null,"Cory":null,"JB Bet Amount":null,"JB Win/Lose/Push":null,"JB":null,"Ethan Bet Amount":null,"Ethan Win/Lose/Push":null,"Ethan":null,"Jaime Bet Amount":null,"Jaime Win/Lose/Push":null,"Jaime":null,"Nathan Bet Amount":null,"Nathan Win/Lose/Push":null,"Nathan":null,"Evan Bet Amount":null,"Evan Win/Lose/Push":null,"Evan":null,"Brandon Bet Amount":null,"Brandon Win/Lose/Push":null,"Brandon":null,"Total Team Bet":null,"Legends Bet":null,"Leaders Bet":null,"To Win":null,"Payout":null,"TOTALS":null,"Mitch Totals":null,"Phil Totals":null,"Bryce Totals":null,"Cory Totals":null,"JB Totals":null,"Ethan Totals":null},{"Week":"113","Date":"12/27/2024","Mitch Bet Amount":null,"Mitch Win/Lose/Push":null,"Mitch":null,"Phil Bet Amount":null,"Phil Win/Lose/Push":null,"Phil":null,"Bryce Bet Amount":null,"Bryce Win/Lose/Push":null,"Bryce":null,"Cory Bet Amount":null,"Cory Win/Lose/Push":null,"Cory":null,"JB Bet Amount":null,"JB Win/Lose/Push":null,"JB":null,"Ethan Bet Amount":null,"Ethan Win/Lose/Push":null,"Ethan":null,"Jaime Bet Amount":null,"Jaime Win/Lose/Push":null,"Jaime":null,"Nathan Bet Amount":null,"Nathan Win/Lose/Push":null,"Nathan":null,"Evan Bet Amount":null,"Evan Win/Lose/Push":null,"Evan":null,"Brandon Bet Amount":null,"Brandon Win/Lose/Push":null,"Brandon":null,"Total Team Bet":null,"Legends Bet":null,"Leaders Bet":null,"To Win":null,"Payout":null,"TOTALS":null,"Mitch Totals":null,"Phil Totals":null,"Bryce Totals":null,"Cory Totals":null,"JB Totals":null,"Ethan Totals":null},{"Week":"114","Date":"01/03/2025","Mitch Bet Amount":null,"Mitch Win/Lose/Push":null,"Mitch":null,"Phil Bet Amount":null,"Phil Win/Lose/Push":null,"Phil":null,"Bryce Bet Amount":null,"Bryce Win/Lose/Push":null,"Bryce":null,"Cory Bet Amount":null,"Cory Win/Lose/Push":null,"Cory":null,"JB Bet Amount":null,"JB Win/Lose/Push":null,"JB":null,"Ethan Bet Amount":null,"Ethan Win/Lose/Push":null,"Ethan":null,"Jaime Bet Amount":null,"Jaime Win/Lose/Push":null,"Jaime":null,"Nathan Bet Amount":null,"Nathan Win/Lose/Push":null,"Nathan":null,"Evan Bet Amount":null,"Evan Win/Lose/Push":null,"Evan":null,"Brandon Bet Amount":null,"Brandon Win/Lose/Push":null,"Brandon":null,"Total Team Bet":null,"Legends Bet":null,"Leaders Bet":null,"To Win":null,"Payout":null,"TOTALS":null,"Mitch Totals":null,"Phil Totals":null,"Bryce Totals":null,"Cory Totals":null,"JB Totals":null,"Ethan Totals":null},{"Week":"115","Date":"01/10/2025","Mitch Bet Amount":null,"Mitch Win/Lose/Push":null,"Mitch":null,"Phil Bet Amount":null,"Phil Win/Lose/Push":null,"Phil":null,"Bryce Bet Amount":null,"Bryce Win/Lose/Push":null,"Bryce":null,"Cory Bet Amount":null,"Cory Win/Lose/Push":null,"Cory":null,"JB Bet Amount":null,"JB Win/Lose/Push":null,"JB":null,"Ethan Bet Amount":null,"Ethan Win/Lose/Push":null,"Ethan":null,"Jaime Bet Amount":null,"Jaime Win/Lose/Push":null,"Jaime":null,"Nathan Bet Amount":null,"Nathan Win/Lose/Push":null,"Nathan":null,"Evan Bet Amount":null,"Evan Win/Lose/Push":null,"Evan":null,"Brandon Bet Amount":null,"Brandon Win/Lose/Push":null,"Brandon":null,"Total Team Bet":null,"Legends Bet":null,"Leaders Bet":null,"To Win":null,"Payout":null,"TOTALS":null,"Mitch Totals":null,"Phil Totals":null,"Bryce Totals":null,"Cory Totals":null,"JB Totals":null,"Ethan Totals":null},{"Week":"116","Date":"01/17/2025","Mitch Bet Amount":null,"Mitch Win/Lose/Push":null,"Mitch":null,"Phil Bet Amount":null,"Phil Win/Lose/Push":null,"Phil":null,"Bryce Bet Amount":null,"Bryce Win/Lose/Push":null,"Bryce":null,"Cory Bet Amount":null,"Cory Win/Lose/Push":null,"Cory":null,"JB Bet Amount":null,"JB Win/Lose/Push":null,"JB":null,"Ethan Bet Amount":null,"Ethan Win/Lose/Push":null,"Ethan":null,"Jaime Bet Amount":null,"Jaime Win/Lose/Push":null,"Jaime":null,"Nathan Bet Amount":null,"Nathan Win/Lose/Push":null,"Nathan":null,"Evan Bet Amount":null,"Evan Win/Lose/Push":null,"Evan":null,"Brandon Bet Amount":null,"Brandon Win/Lose/Push":null,"Brandon":null,"Total Team Bet":null,"Legends Bet":null,"Leaders Bet":null,"To Win":null,"Payout":null,"TOTALS":null,"Mitch Totals":null,"Phil Totals":null,"Bryce Totals":null,"Cory Totals":null,"JB Totals":null,"Ethan Totals":null},{"Week":"117","Date":"01/24/2025","Mitch Bet Amount":null,"Mitch Win/Lose/Push":null,"Mitch":null,"Phil Bet Amount":null,"Phil Win/Lose/Push":null,"Phil":null,"Bryce Bet Amount":null,"Bryce Win/Lose/Push":null,"Bryce":null,"Cory Bet Amount":null,"Cory Win/Lose/Push":null,"Cory":null,"JB Bet Amount":null,"JB Win/Lose/Push":null,"JB":null,"Ethan Bet Amount":null,"Ethan Win/Lose/Push":null,"Ethan":null,"Jaime Bet Amount":null,"Jaime Win/Lose/Push":null,"Jaime":null,"Nathan Bet Amount":null,"Nathan Win/Lose/Push":null,"Nathan":null,"Evan Bet Amount":null,"Evan Win/Lose/Push":null,"Evan":null,"Brandon Bet Amount":null,"Brandon Win/Lose/Push":null,"Brandon":null,"Total Team Bet":null,"Legends Bet":null,"Leaders Bet":null,"To Win":null,"Payout":null,"TOTALS":null,"Mitch Totals":null,"Phil Totals":null,"Bryce Totals":null,"Cory Totals":null,"JB Totals":null,"Ethan Totals":null},{"Week":"118","Date":"01/31/2025","Mitch Bet Amount":null,"Mitch Win/Lose/Push":null,"Mitch":null,"Phil Bet Amount":null,"Phil Win/Lose/Push":null,"Phil":null,"Bryce Bet Amount":null,"Bryce Win/Lose/Push":null,"Bryce":null,"Cory Bet Amount":null,"Cory Win/Lose/Push":null,"Cory":null,"JB Bet Amount":null,"JB Win/Lose/Push":null,"JB":null,"Ethan Bet Amount":null,"Ethan Win/Lose/Push":null,"Ethan":null,"Jaime Bet Amount":null,"Jaime Win/Lose/Push":null,"Jaime":null,"Nathan Bet Amount":null,"Nathan Win/Lose/Push":null,"Nathan":null,"Evan Bet Amount":null,"Evan Win/Lose/Push":null,"Evan":null,"Brandon Bet Amount":null,"Brandon Win/Lose/Push":null,"Brandon":null,"Total Team Bet":null,"Legends Bet":null,"Leaders Bet":null,"To Win":null,"Payout":null,"TOTALS":null,"Mitch Totals":null,"Phil Totals":null,"Bryce Totals":null,"Cory Totals":null,"JB Totals":null,"Ethan Totals":null},{"Week":"119","Date":"02/07/2025","Mitch Bet Amount":null,"Mitch Win/Lose/Push":null,"Mitch":null,"Phil Bet Amount":null,"Phil Win/Lose/Push":null,"Phil":null,"Bryce Bet Amount":null,"Bryce Win/Lose/Push":null,"Bryce":null,"Cory Bet Amount":null,"Cory Win/Lose/Push":null,"Cory":null,"JB Bet Amount":null,"JB Win/Lose/Push":null,"JB":null,"Ethan Bet Amount":null,"Ethan Win/Lose/Push":null,"Ethan":null,"Jaime Bet Amount":null,"Jaime Win/Lose/Push":null,"Jaime":null,"Nathan Bet Amount":null,"Nathan Win/Lose/Push":null,"Nathan":null,"Evan Bet Amount":null,"Evan Win/Lose/Push":null,"Evan":null,"Brandon Bet Amount":null,"Brandon Win/Lose/Push":null,"Brandon":null,"Total Team Bet":null,"Legends Bet":null,"Leaders Bet":null,"To Win":null,"Payout":null,"TOTALS":null,"Mitch Totals":null,"Phil Totals":null,"Bryce Totals":null,"Cory Totals":null,"JB Totals":null,"Ethan Totals":null},{"Week":"120","Date":"02/14/2025","Mitch Bet Amount":null,"Mitch Win/Lose/Push":null,"Mitch":null,"Phil Bet Amount":null,"Phil Win/Lose/Push":null,"Phil":null,"Bryce Bet Amount":null,"Bryce Win/Lose/Push":null,"Bryce":null,"Cory Bet Amount":null,"Cory Win/Lose/Push":null,"Cory":null,"JB Bet Amount":null,"JB Win/Lose/Push":null,"JB":null,"Ethan Bet Amount":null,"Ethan Win/Lose/Push":null,"Ethan":null,"Jaime Bet Amount":null,"Jaime Win/Lose/Push":null,"Jaime":null,"Nathan Bet Amount":null,"Nathan Win/Lose/Push":null,"Nathan":null,"Evan Bet Amount":null,"Evan Win/Lose/Push":null,"Evan":null,"Brandon Bet Amount":null,"Brandon Win/Lose/Push":null,"Brandon":null,"Total Team Bet":null,"Legends Bet":null,"Leaders Bet":null,"To Win":null,"Payout":null,"TOTALS":null,"Mitch Totals":null,"Phil Totals":null,"Bryce Totals":null,"Cory Totals":null,"JB Totals":null,"Ethan Totals":null},{"Week":"121","Date":"02/21/2025","Mitch Bet Amount":null,"Mitch Win/Lose/Push":null,"Mitch":null,"Phil Bet Amount":null,"Phil Win/Lose/Push":null,"Phil":null,"Bryce Bet Amount":null,"Bryce Win/Lose/Push":null,"Bryce":null,"Cory Bet Amount":null,"Cory Win/Lose/Push":null,"Cory":null,"JB Bet Amount":null,"JB Win/Lose/Push":null,"JB":null,"Ethan Bet Amount":null,"Ethan Win/Lose/Push":null,"Ethan":null,"Jaime Bet Amount":null,"Jaime Win/Lose/Push":null,"Jaime":null,"Nathan Bet Amount":null,"Nathan Win/Lose/Push":null,"Nathan":null,"Evan Bet Amount":null,"Evan Win/Lose/Push":null,"Evan":null,"Brandon Bet Amount":null,"Brandon Win/Lose/Push":null,"Brandon":null,"Total Team Bet":null,"Legends Bet":null,"Leaders Bet":null,"To Win":null,"Payout":null,"TOTALS":null,"Mitch Totals":null,"Phil Totals":null,"Bryce Totals":null,"Cory Totals":null,"JB Totals":null,"Ethan Totals":null},{"Week":"122","Date":"02/28/2025","Mitch Bet Amount":null,"Mitch Win/Lose/Push":null,"Mitch":null,"Phil Bet Amount":null,"Phil Win/Lose/Push":null,"Phil":null,"Bryce Bet Amount":null,"Bryce Win/Lose/Push":null,"Bryce":null,"Cory Bet Amount":null,"Cory Win/Lose/Push":null,"Cory":null,"JB Bet Amount":null,"JB Win/Lose/Push":null,"JB":null,"Ethan Bet Amount":null,"Ethan Win/Lose/Push":null,"Ethan":null,"Jaime Bet Amount":null,"Jaime Win/Lose/Push":null,"Jaime":null,"Nathan Bet Amount":null,"Nathan Win/Lose/Push":null,"Nathan":null,"Evan Bet Amount":null,"Evan Win/Lose/Push":null,"Evan":null,"Brandon Bet Amount":null,"Brandon Win/Lose/Push":null,"Brandon":null,"Total Team Bet":null,"Legends Bet":null,"Leaders Bet":null,"To Win":null,"Payout":null,"TOTALS":null,"Mitch Totals":null,"Phil Totals":null,"Bryce Totals":null,"Cory Totals":null,"JB Totals":null,"Ethan Totals":null},{"Week":"123","Date":"03/07/2025","Mitch Bet Amount":null,"Mitch Win/Lose/Push":null,"Mitch":null,"Phil Bet Amount":null,"Phil Win/Lose/Push":null,"Phil":null,"Bryce Bet Amount":null,"Bryce Win/Lose/Push":null,"Bryce":null,"Cory Bet Amount":null,"Cory Win/Lose/Push":null,"Cory":null,"JB Bet Amount":null,"JB Win/Lose/Push":null,"JB":null,"Ethan Bet Amount":null,"Ethan Win/Lose/Push":null,"Ethan":null,"Jaime Bet Amount":null,"Jaime Win/Lose/Push":null,"Jaime":null,"Nathan Bet Amount":null,"Nathan Win/Lose/Push":null,"Nathan":null,"Evan Bet Amount":null,"Evan Win/Lose/Push":null,"Evan":null,"Brandon Bet Amount":null,"Brandon Win/Lose/Push":null,"Brandon":null,"Total Team Bet":null,"Legends Bet":null,"Leaders Bet":null,"To Win":null,"Payout":null,"TOTALS":null,"Mitch Totals":null,"Phil Totals":null,"Bryce Totals":null,"Cory Totals":null,"JB Totals":null,"Ethan Totals":null},{"Week":"124","Date":"03/14/2025","Mitch Bet Amount":null,"Mitch Win/Lose/Push":null,"Mitch":null,"Phil Bet Amount":null,"Phil Win/Lose/Push":null,"Phil":null,"Bryce Bet Amount":null,"Bryce Win/Lose/Push":null,"Bryce":null,"Cory Bet Amount":null,"Cory Win/Lose/Push":null,"Cory":null,"JB Bet Amount":null,"JB Win/Lose/Push":null,"JB":null,"Ethan Bet Amount":null,"Ethan Win/Lose/Push":null,"Ethan":null,"Jaime Bet Amount":null,"Jaime Win/Lose/Push":null,"Jaime":null,"Nathan Bet Amount":null,"Nathan Win/Lose/Push":null,"Nathan":null,"Evan Bet Amount":null,"Evan Win/Lose/Push":null,"Evan":null,"Brandon Bet Amount":null,"Brandon Win/Lose/Push":null,"Brandon":null,"Total Team Bet":null,"Legends Bet":null,"Leaders Bet":null,"To Win":null,"Payout":null,"TOTALS":null,"Mitch Totals":null,"Phil Totals":null,"Bryce Totals":null,"Cory Totals":null,"JB Totals":null,"Ethan Totals":null},{"Week":"125","Date":"03/21/2025","Mitch Bet Amount":null,"Mitch Win/Lose/Push":null,"Mitch":null,"Phil Bet Amount":null,"Phil Win/Lose/Push":null,"Phil":null,"Bryce Bet Amount":null,"Bryce Win/Lose/Push":null,"Bryce":null,"Cory Bet Amount":null,"Cory Win/Lose/Push":null,"Cory":null,"JB Bet Amount":null,"JB Win/Lose/Push":null,"JB":null,"Ethan Bet Amount":null,"Ethan Win/Lose/Push":null,"Ethan":null,"Jaime Bet Amount":null,"Jaime Win/Lose/Push":null,"Jaime":null,"Nathan Bet Amount":null,"Nathan Win/Lose/Push":null,"Nathan":null,"Evan Bet Amount":null,"Evan Win/Lose/Push":null,"Evan":null,"Brandon Bet Amount":null,"Brandon Win/Lose/Push":null,"Brandon":null,"Total Team Bet":null,"Legends Bet":null,"Leaders Bet":null,"To Win":null,"Payout":null,"TOTALS":null,"Mitch Totals":null,"Phil Totals":null,"Bryce Totals":null,"Cory Totals":null,"JB Totals":null,"Ethan Totals":null},{"Week":"126","Date":"03/28/2025","Mitch Bet Amount":null,"Mitch Win/Lose/Push":null,"Mitch":null,"Phil Bet Amount":null,"Phil Win/Lose/Push":null,"Phil":null,"Bryce Bet Amount":null,"Bryce Win/Lose/Push":null,"Bryce":null,"Cory Bet Amount":null,"Cory Win/Lose/Push":null,"Cory":null,"JB Bet Amount":null,"JB Win/Lose/Push":null,"JB":null,"Ethan Bet Amount":null,"Ethan Win/Lose/Push":null,"Ethan":null,"Jaime Bet Amount":null,"Jaime Win/Lose/Push":null,"Jaime":null,"Nathan Bet Amount":null,"Nathan Win/Lose/Push":null,"Nathan":null,"Evan Bet Amount":null,"Evan Win/Lose/Push":null,"Evan":null,"Brandon Bet Amount":null,"Brandon Win/Lose/Push":null,"Brandon":null,"Total Team Bet":null,"Legends Bet":null,"Leaders Bet":null,"To Win":null,"Payout":null,"TOTALS":null,"Mitch Totals":null,"Phil Totals":null,"Bryce Totals":null,"Cory Totals":null,"JB Totals":null,"Ethan Totals":null},{"Week":"127","Date":"04/04/2025","Mitch Bet Amount":null,"Mitch Win/Lose/Push":null,"Mitch":null,"Phil Bet Amount":null,"Phil Win/Lose/Push":null,"Phil":null,"Bryce Bet Amount":null,"Bryce Win/Lose/Push":null,"Bryce":null,"Cory Bet Amount":null,"Cory Win/Lose/Push":null,"Cory":null,"JB Bet Amount":null,"JB Win/Lose/Push":null,"JB":null,"Ethan Bet Amount":null,"Ethan Win/Lose/Push":null,"Ethan":null,"Jaime Bet Amount":null,"Jaime Win/Lose/Push":null,"Jaime":null,"Nathan Bet Amount":null,"Nathan Win/Lose/Push":null,"Nathan":null,"Evan Bet Amount":null,"Evan Win/Lose/Push":null,"Evan":null,"Brandon Bet Amount":null,"Brandon Win/Lose/Push":null,"Brandon":null,"Total Team Bet":null,"Legends Bet":null,"Leaders Bet":null,"To Win":null,"Payout":null,"TOTALS":null,"Mitch Totals":null,"Phil Totals":null,"Bryce Totals":null,"Cory Totals":null,"JB Totals":null,"Ethan Totals":null},{"Week":"128","Date":"04/11/2025","Mitch Bet Amount":null,"Mitch Win/Lose/Push":null,"Mitch":null,"Phil Bet Amount":null,"Phil Win/Lose/Push":null,"Phil":null,"Bryce Bet Amount":null,"Bryce Win/Lose/Push":null,"Bryce":null,"Cory Bet Amount":null,"Cory Win/Lose/Push":null,"Cory":null,"JB Bet Amount":null,"JB Win/Lose/Push":null,"JB":null,"Ethan Bet Amount":null,"Ethan Win/Lose/Push":null,"Ethan":null,"Jaime Bet Amount":null,"Jaime Win/Lose/Push":null,"Jaime":null,"Nathan Bet Amount":null,"Nathan Win/Lose/Push":null,"Nathan":null,"Evan Bet Amount":null,"Evan Win/Lose/Push":null,"Evan":null,"Brandon Bet Amount":null,"Brandon Win/Lose/Push":null,"Brandon":null,"Total Team Bet":null,"Legends Bet":null,"Leaders Bet":null,"To Win":null,"Payout":null,"TOTALS":null,"Mitch Totals":null,"Phil Totals":null,"Bryce Totals":null,"Cory Totals":null,"JB Totals":null,"Ethan Totals":null},{"Week":"129","Date":"04/18/2025","Mitch Bet Amount":null,"Mitch Win/Lose/Push":null,"Mitch":null,"Phil Bet Amount":null,"Phil Win/Lose/Push":null,"Phil":null,"Bryce Bet Amount":null,"Bryce Win/Lose/Push":null,"Bryce":null,"Cory Bet Amount":null,"Cory Win/Lose/Push":null,"Cory":null,"JB Bet Amount":null,"JB Win/Lose/Push":null,"JB":null,"Ethan Bet Amount":null,"Ethan Win/Lose/Push":null,"Ethan":null,"Jaime Bet Amount":null,"Jaime Win/Lose/Push":null,"Jaime":null,"Nathan Bet Amount":null,"Nathan Win/Lose/Push":null,"Nathan":null,"Evan Bet Amount":null,"Evan Win/Lose/Push":null,"Evan":null,"Brandon Bet Amount":null,"Brandon Win/Lose/Push":null,"Brandon":null,"Total Team Bet":null,"Legends Bet":null,"Leaders Bet":null,"To Win":null,"Payout":null,"TOTALS":null,"Mitch Totals":null,"Phil Totals":null,"Bryce Totals":null,"Cory Totals":null,"JB Totals":null,"Ethan Totals":null},{"Week":"130","Date":"04/25/2025","Mitch Bet Amount":null,"Mitch Win/Lose/Push":null,"Mitch":null,"Phil Bet Amount":null,"Phil Win/Lose/Push":null,"Phil":null,"Bryce Bet Amount":null,"Bryce Win/Lose/Push":null,"Bryce":null,"Cory Bet Amount":null,"Cory Win/Lose/Push":null,"Cory":null,"JB Bet Amount":null,"JB Win/Lose/Push":null,"JB":null,"Ethan Bet Amount":null,"Ethan Win/Lose/Push":null,"Ethan":null,"Jaime Bet Amount":null,"Jaime Win/Lose/Push":null,"Jaime":null,"Nathan Bet Amount":null,"Nathan Win/Lose/Push":null,"Nathan":null,"Evan Bet Amount":null,"Evan Win/Lose/Push":null,"Evan":null,"Brandon Bet Amount":null,"Brandon Win/Lose/Push":null,"Brandon":null,"Total Team Bet":null,"Legends Bet":null,"Leaders Bet":null,"To Win":null,"Payout":null,"TOTALS":null,"Mitch Totals":null,"Phil Totals":null,"Bryce Totals":null,"Cory Totals":null,"JB Totals":null,"Ethan Totals":null},{"Week":"131","Date":"05/02/2025","Mitch Bet Amount":null,"Mitch Win/Lose/Push":null,"Mitch":null,"Phil Bet Amount":null,"Phil Win/Lose/Push":null,"Phil":null,"Bryce Bet Amount":null,"Bryce Win/Lose/Push":null,"Bryce":null,"Cory Bet Amount":null,"Cory Win/Lose/Push":null,"Cory":null,"JB Bet Amount":null,"JB Win/Lose/Push":null,"JB":null,"Ethan Bet Amount":null,"Ethan Win/Lose/Push":null,"Ethan":null,"Jaime Bet Amount":null,"Jaime Win/Lose/Push":null,"Jaime":null,"Nathan Bet Amount":null,"Nathan Win/Lose/Push":null,"Nathan":null,"Evan Bet Amount":null,"Evan Win/Lose/Push":null,"Evan":null,"Brandon Bet Amount":null,"Brandon Win/Lose/Push":null,"Brandon":null,"Total Team Bet":null,"Legends Bet":null,"Leaders Bet":null,"To Win":null,"Payout":null,"TOTALS":null,"Mitch Totals":null,"Phil Totals":null,"Bryce Totals":null,"Cory Totals":null,"JB Totals":null,"Ethan Totals":null},{"Week":"132","Date":"05/09/2025","Mitch Bet Amount":null,"Mitch Win/Lose/Push":null,"Mitch":null,"Phil Bet Amount":null,"Phil Win/Lose/Push":null,"Phil":null,"Bryce Bet Amount":null,"Bryce Win/Lose/Push":null,"Bryce":null,"Cory Bet Amount":null,"Cory Win/Lose/Push":null,"Cory":null,"JB Bet Amount":null,"JB Win/Lose/Push":null,"JB":null,"Ethan Bet Amount":null,"Ethan Win/Lose/Push":null,"Ethan":null,"Jaime Bet Amount":null,"Jaime Win/Lose/Push":null,"Jaime":null,"Nathan Bet Amount":null,"Nathan Win/Lose/Push":null,"Nathan":null,"Evan Bet Amount":null,"Evan Win/Lose/Push":null,"Evan":null,"Brandon Bet Amount":null,"Brandon Win/Lose/Push":null,"Brandon":null,"Total Team Bet":null,"Legends Bet":null,"Leaders Bet":null,"To Win":null,"Payout":null,"TOTALS":null,"Mitch Totals":null,"Phil Totals":null,"Bryce Totals":null,"Cory Totals":null,"JB Totals":null,"Ethan Totals":null},{"Week":"133","Date":"05/16/2025","Mitch Bet Amount":null,"Mitch Win/Lose/Push":null,"Mitch":null,"Phil Bet Amount":null,"Phil Win/Lose/Push":null,"Phil":null,"Bryce Bet Amount":null,"Bryce Win/Lose/Push":null,"Bryce":null,"Cory Bet Amount":null,"Cory Win/Lose/Push":null,"Cory":null,"JB Bet Amount":null,"JB Win/Lose/Push":null,"JB":null,"Ethan Bet Amount":null,"Ethan Win/Lose/Push":null,"Ethan":null,"Jaime Bet Amount":null,"Jaime Win/Lose/Push":null,"Jaime":null,"Nathan Bet Amount":null,"Nathan Win/Lose/Push":null,"Nathan":null,"Evan Bet Amount":null,"Evan Win/Lose/Push":null,"Evan":null,"Brandon Bet Amount":null,"Brandon Win/Lose/Push":null,"Brandon":null,"Total Team Bet":null,"Legends Bet":null,"Leaders Bet":null,"To Win":null,"Payout":null,"TOTALS":null,"Mitch Totals":null,"Phil Totals":null,"Bryce Totals":null,"Cory Totals":null,"JB Totals":null,"Ethan Totals":null},{"Week":"134","Date":"05/23/2025","Mitch Bet Amount":null,"Mitch Win/Lose/Push":null,"Mitch":null,"Phil Bet Amount":null,"Phil Win/Lose/Push":null,"Phil":null,"Bryce Bet Amount":null,"Bryce Win/Lose/Push":null,"Bryce":null,"Cory Bet Amount":null,"Cory Win/Lose/Push":null,"Cory":null,"JB Bet Amount":null,"JB Win/Lose/Push":null,"JB":null,"Ethan Bet Amount":null,"Ethan Win/Lose/Push":null,"Ethan":null,"Jaime Bet Amount":null,"Jaime Win/Lose/Push":null,"Jaime":null,"Nathan Bet Amount":null,"Nathan Win/Lose/Push":null,"Nathan":null,"Evan Bet Amount":null,"Evan Win/Lose/Push":null,"Evan":null,"Brandon Bet Amount":null,"Brandon Win/Lose/Push":null,"Brandon":null,"Total Team Bet":null,"Legends Bet":null,"Leaders Bet":null,"To Win":null,"Payout":null,"TOTALS":null,"Mitch Totals":null,"Phil Totals":null,"Bryce Totals":null,"Cory Totals":null,"JB Totals":null,"Ethan Totals":null},{"Week":"135","Date":"05/30/2025","Mitch Bet Amount":null,"Mitch Win/Lose/Push":null,"Mitch":null,"Phil Bet Amount":null,"Phil Win/Lose/Push":null,"Phil":null,"Bryce Bet Amount":null,"Bryce Win/Lose/Push":null,"Bryce":null,"Cory Bet Amount":null,"Cory Win/Lose/Push":null,"Cory":null,"JB Bet Amount":null,"JB Win/Lose/Push":null,"JB":null,"Ethan Bet Amount":null,"Ethan Win/Lose/Push":null,"Ethan":null,"Jaime Bet Amount":null,"Jaime Win/Lose/Push":null,"Jaime":null,"Nathan Bet Amount":null,"Nathan Win/Lose/Push":null,"Nathan":null,"Evan Bet Amount":null,"Evan Win/Lose/Push":null,"Evan":null,"Brandon Bet Amount":null,"Brandon Win/Lose/Push":null,"Brandon":null,"Total Team Bet":null,"Legends Bet":null,"Leaders Bet":null,"To Win":null,"Payout":null,"TOTALS":null,"Mitch Totals":null,"Phil Totals":null,"Bryce Totals":null,"Cory Totals":null,"JB Totals":null,"Ethan Totals":null},{"Week":"136","Date":"06/06/2025","Mitch Bet Amount":null,"Mitch Win/Lose/Push":null,"Mitch":null,"Phil Bet Amount":null,"Phil Win/Lose/Push":null,"Phil":null,"Bryce Bet Amount":null,"Bryce Win/Lose/Push":null,"Bryce":null,"Cory Bet Amount":null,"Cory Win/Lose/Push":null,"Cory":null,"JB Bet Amount":null,"JB Win/Lose/Push":null,"JB":null,"Ethan Bet Amount":null,"Ethan Win/Lose/Push":null,"Ethan":null,"Jaime Bet Amount":null,"Jaime Win/Lose/Push":null,"Jaime":null,"Nathan Bet Amount":null,"Nathan Win/Lose/Push":null,"Nathan":null,"Evan Bet Amount":null,"Evan Win/Lose/Push":null,"Evan":null,"Brandon Bet Amount":null,"Brandon Win/Lose/Push":null,"Brandon":null,"Total Team Bet":null,"Legends Bet":null,"Leaders Bet":null,"To Win":null,"Payout":null,"TOTALS":null,"Mitch Totals":null,"Phil Totals":null,"Bryce Totals":null,"Cory Totals":null,"JB Totals":null,"Ethan Totals":null},{"Week":"137","Date":"06/13/2025","Mitch Bet Amount":null,"Mitch Win/Lose/Push":null,"Mitch":null,"Phil Bet Amount":null,"Phil Win/Lose/Push":null,"Phil":null,"Bryce Bet Amount":null,"Bryce Win/Lose/Push":null,"Bryce":null,"Cory Bet Amount":null,"Cory Win/Lose/Push":null,"Cory":null,"JB Bet Amount":null,"JB Win/Lose/Push":null,"JB":null,"Ethan Bet Amount":null,"Ethan Win/Lose/Push":null,"Ethan":null,"Jaime Bet Amount":null,"Jaime Win/Lose/Push":null,"Jaime":null,"Nathan Bet Amount":null,"Nathan Win/Lose/Push":null,"Nathan":null,"Evan Bet Amount":null,"Evan Win/Lose/Push":null,"Evan":null,"Brandon Bet Amount":null,"Brandon Win/Lose/Push":null,"Brandon":null,"Total Team Bet":null,"Legends Bet":null,"Leaders Bet":null,"To Win":null,"Payout":null,"TOTALS":null,"Mitch Totals":null,"Phil Totals":null,"Bryce Totals":null,"Cory Totals":null,"JB Totals":null,"Ethan Totals":null},{"Week":"138","Date":"06/20/2025","Mitch Bet Amount":null,"Mitch Win/Lose/Push":null,"Mitch":null,"Phil Bet Amount":null,"Phil Win/Lose/Push":null,"Phil":null,"Bryce Bet Amount":null,"Bryce Win/Lose/Push":null,"Bryce":null,"Cory Bet Amount":null,"Cory Win/Lose/Push":null,"Cory":null,"JB Bet Amount":null,"JB Win/Lose/Push":null,"JB":null,"Ethan Bet Amount":null,"Ethan Win/Lose/Push":null,"Ethan":null,"Jaime Bet Amount":null,"Jaime Win/Lose/Push":null,"Jaime":null,"Nathan Bet Amount":null,"Nathan Win/Lose/Push":null,"Nathan":null,"Evan Bet Amount":null,"Evan Win/Lose/Push":null,"Evan":null,"Brandon Bet Amount":null,"Brandon Win/Lose/Push":null,"Brandon":null,"Total Team Bet":null,"Legends Bet":null,"Leaders Bet":null,"To Win":null,"Payout":null,"TOTALS":null,"Mitch Totals":null,"Phil Totals":null,"Bryce Totals":null,"Cory Totals":null,"JB Totals":null,"Ethan Totals":null},{"Week":"139","Date":"06/27/2025","Mitch Bet Amount":null,"Mitch Win/Lose/Push":null,"Mitch":null,"Phil Bet Amount":null,"Phil Win/Lose/Push":null,"Phil":null,"Bryce Bet Amount":null,"Bryce Win/Lose/Push":null,"Bryce":null,"Cory Bet Amount":null,"Cory Win/Lose/Push":null,"Cory":null,"JB Bet Amount":null,"JB Win/Lose/Push":null,"JB":null,"Ethan Bet Amount":null,"Ethan Win/Lose/Push":null,"Ethan":null,"Jaime Bet Amount":null,"Jaime Win/Lose/Push":null,"Jaime":null,"Nathan Bet Amount":null,"Nathan Win/Lose/Push":null,"Nathan":null,"Evan Bet Amount":null,"Evan Win/Lose/Push":null,"Evan":null,"Brandon Bet Amount":null,"Brandon Win/Lose/Push":null,"Brandon":null,"Total Team Bet":null,"Legends Bet":null,"Leaders Bet":null,"To Win":null,"Payout":null,"TOTALS":null,"Mitch Totals":null,"Phil Totals":null,"Bryce Totals":null,"Cory Totals":null,"JB Totals":null,"Ethan Totals":null},{"Week":"140","Date":"07/04/2025","Mitch Bet Amount":null,"Mitch Win/Lose/Push":null,"Mitch":null,"Phil Bet Amount":null,"Phil Win/Lose/Push":null,"Phil":null,"Bryce Bet Amount":null,"Bryce Win/Lose/Push":null,"Bryce":null,"Cory Bet Amount":null,"Cory Win/Lose/Push":null,"Cory":null,"JB Bet Amount":null,"JB Win/Lose/Push":null,"JB":null,"Ethan Bet Amount":null,"Ethan Win/Lose/Push":null,"Ethan":null,"Jaime Bet Amount":null,"Jaime Win/Lose/Push":null,"Jaime":null,"Nathan Bet Amount":null,"Nathan Win/Lose/Push":null,"Nathan":null,"Evan Bet Amount":null,"Evan Win/Lose/Push":null,"Evan":null,"Brandon Bet Amount":null,"Brandon Win/Lose/Push":null,"Brandon":null,"Total Team Bet":null,"Legends Bet":null,"Leaders Bet":null,"To Win":null,"Payout":null,"TOTALS":null,"Mitch Totals":null,"Phil Totals":null,"Bryce Totals":null,"Cory Totals":null,"JB Totals":null,"Ethan Totals":null},{"Week":"141","Date":"07/11/2025","Mitch Bet Amount":null,"Mitch Win/Lose/Push":null,"Mitch":null,"Phil Bet Amount":null,"Phil Win/Lose/Push":null,"Phil":null,"Bryce Bet Amount":null,"Bryce Win/Lose/Push":null,"Bryce":null,"Cory Bet Amount":null,"Cory Win/Lose/Push":null,"Cory":null,"JB Bet Amount":null,"JB Win/Lose/Push":null,"JB":null,"Ethan Bet Amount":null,"Ethan Win/Lose/Push":null,"Ethan":null,"Jaime Bet Amount":null,"Jaime Win/Lose/Push":null,"Jaime":null,"Nathan Bet Amount":null,"Nathan Win/Lose/Push":null,"Nathan":null,"Evan Bet Amount":null,"Evan Win/Lose/Push":null,"Evan":null,"Brandon Bet Amount":null,"Brandon Win/Lose/Push":null,"Brandon":null,"Total Team Bet":null,"Legends Bet":null,"Leaders Bet":null,"To Win":null,"Payout":null,"TOTALS":null,"Mitch Totals":null,"Phil Totals":null,"Bryce Totals":null,"Cory Totals":null,"JB Totals":null,"Ethan Totals":null},{"Week":"142","Date":"07/18/2025","Mitch Bet Amount":null,"Mitch Win/Lose/Push":null,"Mitch":null,"Phil Bet Amount":null,"Phil Win/Lose/Push":null,"Phil":null,"Bryce Bet Amount":null,"Bryce Win/Lose/Push":null,"Bryce":null,"Cory Bet Amount":null,"Cory Win/Lose/Push":null,"Cory":null,"JB Bet Amount":null,"JB Win/Lose/Push":null,"JB":null,"Ethan Bet Amount":null,"Ethan Win/Lose/Push":null,"Ethan":null,"Jaime Bet Amount":null,"Jaime Win/Lose/Push":null,"Jaime":null,"Nathan Bet Amount":null,"Nathan Win/Lose/Push":null,"Nathan":null,"Evan Bet Amount":null,"Evan Win/Lose/Push":null,"Evan":null,"Brandon Bet Amount":null,"Brandon Win/Lose/Push":null,"Brandon":null,"Total Team Bet":null,"Legends Bet":null,"Leaders Bet":null,"To Win":null,"Payout":null,"TOTALS":null,"Mitch Totals":null,"Phil Totals":null,"Bryce Totals":null,"Cory Totals":null,"JB Totals":null,"Ethan Totals":null},{"Week":"143","Date":"07/25/2025","Mitch Bet Amount":null,"Mitch Win/Lose/Push":null,"Mitch":null,"Phil Bet Amount":null,"Phil Win/Lose/Push":null,"Phil":null,"Bryce Bet Amount":null,"Bryce Win/Lose/Push":null,"Bryce":null,"Cory Bet Amount":null,"Cory Win/Lose/Push":null,"Cory":null,"JB Bet Amount":null,"JB Win/Lose/Push":null,"JB":null,"Ethan Bet Amount":null,"Ethan Win/Lose/Push":null,"Ethan":null,"Jaime Bet Amount":null,"Jaime Win/Lose/Push":null,"Jaime":null,"Nathan Bet Amount":null,"Nathan Win/Lose/Push":null,"Nathan":null,"Evan Bet Amount":null,"Evan Win/Lose/Push":null,"Evan":null,"Brandon Bet Amount":null,"Brandon Win/Lose/Push":null,"Brandon":null,"Total Team Bet":null,"Legends Bet":null,"Leaders Bet":null,"To Win":null,"Payout":null,"TOTALS":null,"Mitch Totals":null,"Phil Totals":null,"Bryce Totals":null,"Cory Totals":null,"JB Totals":null,"Ethan Totals":null},{"Week":"144","Date":"08/01/2025","Mitch Bet Amount":null,"Mitch Win/Lose/Push":null,"Mitch":null,"Phil Bet Amount":null,"Phil Win/Lose/Push":null,"Phil":null,"Bryce Bet Amount":null,"Bryce Win/Lose/Push":null,"Bryce":null,"Cory Bet Amount":null,"Cory Win/Lose/Push":null,"Cory":null,"JB Bet Amount":null,"JB Win/Lose/Push":null,"JB":null,"Ethan Bet Amount":null,"Ethan Win/Lose/Push":null,"Ethan":null,"Jaime Bet Amount":null,"Jaime Win/Lose/Push":null,"Jaime":null,"Nathan Bet Amount":null,"Nathan Win/Lose/Push":null,"Nathan":null,"Evan Bet Amount":null,"Evan Win/Lose/Push":null,"Evan":null,"Brandon Bet Amount":null,"Brandon Win/Lose/Push":null,"Brandon":null,"Total Team Bet":null,"Legends Bet":null,"Leaders Bet":null,"To Win":null,"Payout":null,"TOTALS":null,"Mitch Totals":null,"Phil Totals":null,"Bryce Totals":null,"Cory Totals":null,"JB Totals":null,"Ethan Totals":null},{"Week":"145","Date":"08/08/2025","Mitch Bet Amount":null,"Mitch Win/Lose/Push":null,"Mitch":null,"Phil Bet Amount":null,"Phil Win/Lose/Push":null,"Phil":null,"Bryce Bet Amount":null,"Bryce Win/Lose/Push":null,"Bryce":null,"Cory Bet Amount":null,"Cory Win/Lose/Push":null,"Cory":null,"JB Bet Amount":null,"JB Win/Lose/Push":null,"JB":null,"Ethan Bet Amount":null,"Ethan Win/Lose/Push":null,"Ethan":null,"Jaime Bet Amount":null,"Jaime Win/Lose/Push":null,"Jaime":null,"Nathan Bet Amount":null,"Nathan Win/Lose/Push":null,"Nathan":null,"Evan Bet Amount":null,"Evan Win/Lose/Push":null,"Evan":null,"Brandon Bet Amount":null,"Brandon Win/Lose/Push":null,"Brandon":null,"Total Team Bet":null,"Legends Bet":null,"Leaders Bet":null,"To Win":null,"Payout":null,"TOTALS":null,"Mitch Totals":null,"Phil Totals":null,"Bryce Totals":null,"Cory Totals":null,"JB Totals":null,"Ethan Totals":null},{"Week":"146","Date":"08/15/2025","Mitch Bet Amount":null,"Mitch Win/Lose/Push":null,"Mitch":null,"Phil Bet Amount":null,"Phil Win/Lose/Push":null,"Phil":null,"Bryce Bet Amount":null,"Bryce Win/Lose/Push":null,"Bryce":null,"Cory Bet Amount":null,"Cory Win/Lose/Push":null,"Cory":null,"JB Bet Amount":null,"JB Win/Lose/Push":null,"JB":null,"Ethan Bet Amount":null,"Ethan Win/Lose/Push":null,"Ethan":null,"Jaime Bet Amount":null,"Jaime Win/Lose/Push":null,"Jaime":null,"Nathan Bet Amount":null,"Nathan Win/Lose/Push":null,"Nathan":null,"Evan Bet Amount":null,"Evan Win/Lose/Push":null,"Evan":null,"Brandon Bet Amount":null,"Brandon Win/Lose/Push":null,"Brandon":null,"Total Team Bet":null,"Legends Bet":null,"Leaders Bet":null,"To Win":null,"Payout":null,"TOTALS":null,"Mitch Totals":null,"Phil Totals":null,"Bryce Totals":null,"Cory Totals":null,"JB Totals":null,"Ethan Totals":null},{"Week":"147","Date":"08/22/2025","Mitch Bet Amount":null,"Mitch Win/Lose/Push":null,"Mitch":null,"Phil Bet Amount":null,"Phil Win/Lose/Push":null,"Phil":null,"Bryce Bet Amount":null,"Bryce Win/Lose/Push":null,"Bryce":null,"Cory Bet Amount":null,"Cory Win/Lose/Push":null,"Cory":null,"JB Bet Amount":null,"JB Win/Lose/Push":null,"JB":null,"Ethan Bet Amount":null,"Ethan Win/Lose/Push":null,"Ethan":null,"Jaime Bet Amount":null,"Jaime Win/Lose/Push":null,"Jaime":null,"Nathan Bet Amount":null,"Nathan Win/Lose/Push":null,"Nathan":null,"Evan Bet Amount":null,"Evan Win/Lose/Push":null,"Evan":null,"Brandon Bet Amount":null,"Brandon Win/Lose/Push":null,"Brandon":null,"Total Team Bet":null,"Legends Bet":null,"Leaders Bet":null,"To Win":null,"Payout":null,"TOTALS":null,"Mitch Totals":null,"Phil Totals":null,"Bryce Totals":null,"Cory Totals":null,"JB Totals":null,"Ethan Totals":null},{"Week":"148","Date":"08/29/2025","Mitch Bet Amount":null,"Mitch Win/Lose/Push":null,"Mitch":null,"Phil Bet Amount":null,"Phil Win/Lose/Push":null,"Phil":null,"Bryce Bet Amount":null,"Bryce Win/Lose/Push":null,"Bryce":null,"Cory Bet Amount":null,"Cory Win/Lose/Push":null,"Cory":null,"JB Bet Amount":null,"JB Win/Lose/Push":null,"JB":null,"Ethan Bet Amount":null,"Ethan Win/Lose/Push":null,"Ethan":null,"Jaime Bet Amount":null,"Jaime Win/Lose/Push":null,"Jaime":null,"Nathan Bet Amount":null,"Nathan Win/Lose/Push":null,"Nathan":null,"Evan Bet Amount":null,"Evan Win/Lose/Push":null,"Evan":null,"Brandon Bet Amount":null,"Brandon Win/Lose/Push":null,"Brandon":null,"Total Team Bet":null,"Legends Bet":null,"Leaders Bet":null,"To Win":null,"Payout":null,"TOTALS":null,"Mitch Totals":null,"Phil Totals":null,"Bryce Totals":null,"Cory Totals":null,"JB Totals":null,"Ethan Totals":null},{"Week":"149","Date":"09/05/2025","Mitch Bet Amount":null,"Mitch Win/Lose/Push":null,"Mitch":null,"Phil Bet Amount":null,"Phil Win/Lose/Push":null,"Phil":null,"Bryce Bet Amount":null,"Bryce Win/Lose/Push":null,"Bryce":null,"Cory Bet Amount":null,"Cory Win/Lose/Push":null,"Cory":null,"JB Bet Amount":null,"JB Win/Lose/Push":null,"JB":null,"Ethan Bet Amount":null,"Ethan Win/Lose/Push":null,"Ethan":null,"Jaime Bet Amount":null,"Jaime Win/Lose/Push":null,"Jaime":null,"Nathan Bet Amount":null,"Nathan Win/Lose/Push":null,"Nathan":null,"Evan Bet Amount":null,"Evan Win/Lose/Push":null,"Evan":null,"Brandon Bet Amount":null,"Brandon Win/Lose/Push":null,"Brandon":null,"Total Team Bet":null,"Legends Bet":null,"Leaders Bet":null,"To Win":null,"Payout":null,"TOTALS":null,"Mitch Totals":null,"Phil Totals":null,"Bryce Totals":null,"Cory Totals":null,"JB Totals":null,"Ethan Totals":null},{"Week":"150","Date":"09/12/2025","Mitch Bet Amount":null,"Mitch Win/Lose/Push":null,"Mitch":null,"Phil Bet Amount":null,"Phil Win/Lose/Push":null,"Phil":null,"Bryce Bet Amount":null,"Bryce Win/Lose/Push":null,"Bryce":null,"Cory Bet Amount":null,"Cory Win/Lose/Push":null,"Cory":null,"JB Bet Amount":null,"JB Win/Lose/Push":null,"JB":null,"Ethan Bet Amount":null,"Ethan Win/Lose/Push":null,"Ethan":null,"Jaime Bet Amount":null,"Jaime Win/Lose/Push":null,"Jaime":null,"Nathan Bet Amount":null,"Nathan Win/Lose/Push":null,"Nathan":null,"Evan Bet Amount":null,"Evan Win/Lose/Push":null,"Evan":null,"Brandon Bet Amount":null,"Brandon Win/Lose/Push":null,"Brandon":null,"Total Team Bet":null,"Legends Bet":null,"Leaders Bet":null,"To Win":null,"Payout":null,"TOTALS":null,"Mitch Totals":null,"Phil Totals":null,"Bryce Totals":null,"Cory Totals":null,"JB Totals":null,"Ethan Totals":null},{"Week":"151","Date":"09/19/2025","Mitch Bet Amount":null,"Mitch Win/Lose/Push":null,"Mitch":null,"Phil Bet Amount":null,"Phil Win/Lose/Push":null,"Phil":null,"Bryce Bet Amount":null,"Bryce Win/Lose/Push":null,"Bryce":null,"Cory Bet Amount":null,"Cory Win/Lose/Push":null,"Cory":null,"JB Bet Amount":null,"JB Win/Lose/Push":null,"JB":null,"Ethan Bet Amount":null,"Ethan Win/Lose/Push":null,"Ethan":null,"Jaime Bet Amount":null,"Jaime Win/Lose/Push":null,"Jaime":null,"Nathan Bet Amount":null,"Nathan Win/Lose/Push":null,"Nathan":null,"Evan Bet Amount":null,"Evan Win/Lose/Push":null,"Evan":null,"Brandon Bet Amount":null,"Brandon Win/Lose/Push":null,"Brandon":null,"Total Team Bet":null,"Legends Bet":null,"Leaders Bet":null,"To Win":null,"Payout":null,"TOTALS":null,"Mitch Totals":null,"Phil Totals":null,"Bryce Totals":null,"Cory Totals":null,"JB Totals":null,"Ethan Totals":null},{"Week":"152","Date":"09/26/2025","Mitch Bet Amount":null,"Mitch Win/Lose/Push":null,"Mitch":null,"Phil Bet Amount":null,"Phil Win/Lose/Push":null,"Phil":null,"Bryce Bet Amount":null,"Bryce Win/Lose/Push":null,"Bryce":null,"Cory Bet Amount":null,"Cory Win/Lose/Push":null,"Cory":null,"JB Bet Amount":null,"JB Win/Lose/Push":null,"JB":null,"Ethan Bet Amount":null,"Ethan Win/Lose/Push":null,"Ethan":null,"Jaime Bet Amount":null,"Jaime Win/Lose/Push":null,"Jaime":null,"Nathan Bet Amount":null,"Nathan Win/Lose/Push":null,"Nathan":null,"Evan Bet Amount":null,"Evan Win/Lose/Push":null,"Evan":null,"Brandon Bet Amount":null,"Brandon Win/Lose/Push":null,"Brandon":null,"Total Team Bet":null,"Legends Bet":null,"Leaders Bet":null,"To Win":null,"Payout":null,"TOTALS":null,"Mitch Totals":null,"Phil Totals":null,"Bryce Totals":null,"Cory Totals":null,"JB Totals":null,"Ethan Totals":null},{"Week":"153","Date":"10/03/2025","Mitch Bet Amount":null,"Mitch Win/Lose/Push":null,"Mitch":null,"Phil Bet Amount":null,"Phil Win/Lose/Push":null,"Phil":null,"Bryce Bet Amount":null,"Bryce Win/Lose/Push":null,"Bryce":null,"Cory Bet Amount":null,"Cory Win/Lose/Push":null,"Cory":null,"JB Bet Amount":null,"JB Win/Lose/Push":null,"JB":null,"Ethan Bet Amount":null,"Ethan Win/Lose/Push":null,"Ethan":null,"Jaime Bet Amount":null,"Jaime Win/Lose/Push":null,"Jaime":null,"Nathan Bet Amount":null,"Nathan Win/Lose/Push":null,"Nathan":null,"Evan Bet Amount":null,"Evan Win/Lose/Push":null,"Evan":null,"Brandon Bet Amount":null,"Brandon Win/Lose/Push":null,"Brandon":null,"Total Team Bet":null,"Legends Bet":null,"Leaders Bet":null,"To Win":null,"Payout":null,"TOTALS":null,"Mitch Totals":null,"Phil Totals":null,"Bryce Totals":null,"Cory Totals":null,"JB Totals":null,"Ethan Totals":null},{"Week":"154","Date":"10/10/2025","Mitch Bet Amount":null,"Mitch Win/Lose/Push":null,"Mitch":null,"Phil Bet Amount":null,"Phil Win/Lose/Push":null,"Phil":null,"Bryce Bet Amount":null,"Bryce Win/Lose/Push":null,"Bryce":null,"Cory Bet Amount":null,"Cory Win/Lose/Push":null,"Cory":null,"JB Bet Amount":null,"JB Win/Lose/Push":null,"JB":null,"Ethan Bet Amount":null,"Ethan Win/Lose/Push":null,"Ethan":null,"Jaime Bet Amount":null,"Jaime Win/Lose/Push":null,"Jaime":null,"Nathan Bet Amount":null,"Nathan Win/Lose/Push":null,"Nathan":null,"Evan Bet Amount":null,"Evan Win/Lose/Push":null,"Evan":null,"Brandon Bet Amount":null,"Brandon Win/Lose/Push":null,"Brandon":null,"Total Team Bet":null,"Legends Bet":null,"Leaders Bet":null,"To Win":null,"Payout":null,"TOTALS":null,"Mitch Totals":null,"Phil Totals":null,"Bryce Totals":null,"Cory Totals":null,"JB Totals":null,"Ethan Totals":null},{"Week":"155","Date":"10/17/2025","Mitch Bet Amount":null,"Mitch Win/Lose/Push":null,"Mitch":null,"Phil Bet Amount":null,"Phil Win/Lose/Push":null,"Phil":null,"Bryce Bet Amount":null,"Bryce Win/Lose/Push":null,"Bryce":null,"Cory Bet Amount":null,"Cory Win/Lose/Push":null,"Cory":null,"JB Bet Amount":null,"JB Win/Lose/Push":null,"JB":null,"Ethan Bet Amount":null,"Ethan Win/Lose/Push":null,"Ethan":null,"Jaime Bet Amount":null,"Jaime Win/Lose/Push":null,"Jaime":null,"Nathan Bet Amount":null,"Nathan Win/Lose/Push":null,"Nathan":null,"Evan Bet Amount":null,"Evan Win/Lose/Push":null,"Evan":null,"Brandon Bet Amount":null,"Brandon Win/Lose/Push":null,"Brandon":null,"Total Team Bet":null,"Legends Bet":null,"Leaders Bet":null,"To Win":null,"Payout":null,"TOTALS":null,"Mitch Totals":null,"Phil Totals":null,"Bryce Totals":null,"Cory Totals":null,"JB Totals":null,"Ethan Totals":null},{"Week":"156","Date":"10/24/2025","Mitch Bet Amount":null,"Mitch Win/Lose/Push":null,"Mitch":null,"Phil Bet Amount":null,"Phil Win/Lose/Push":null,"Phil":null,"Bryce Bet Amount":null,"Bryce Win/Lose/Push":null,"Bryce":null,"Cory Bet Amount":null,"Cory Win/Lose/Push":null,"Cory":null,"JB Bet Amount":null,"JB Win/Lose/Push":null,"JB":null,"Ethan Bet Amount":null,"Ethan Win/Lose/Push":null,"Ethan":null,"Jaime Bet Amount":null,"Jaime Win/Lose/Push":null,"Jaime":null,"Nathan Bet Amount":null,"Nathan Win/Lose/Push":null,"Nathan":null,"Evan Bet Amount":null,"Evan Win/Lose/Push":null,"Evan":null,"Brandon Bet Amount":null,"Brandon Win/Lose/Push":null,"Brandon":null,"Total Team Bet":null,"Legends Bet":null,"Leaders Bet":null,"To Win":null,"Payout":null,"TOTALS":null,"Mitch Totals":null,"Phil Totals":null,"Bryce Totals":null,"Cory Totals":null,"JB Totals":null,"Ethan Totals":null},{"Week":"157","Date":"10/31/2025","Mitch Bet Amount":null,"Mitch Win/Lose/Push":null,"Mitch":null,"Phil Bet Amount":null,"Phil Win/Lose/Push":null,"Phil":null,"Bryce Bet Amount":null,"Bryce Win/Lose/Push":null,"Bryce":null,"Cory Bet Amount":null,"Cory Win/Lose/Push":null,"Cory":null,"JB Bet Amount":null,"JB Win/Lose/Push":null,"JB":null,"Ethan Bet Amount":null,"Ethan Win/Lose/Push":null,"Ethan":null,"Jaime Bet Amount":null,"Jaime Win/Lose/Push":null,"Jaime":null,"Nathan Bet Amount":null,"Nathan Win/Lose/Push":null,"Nathan":null,"Evan Bet Amount":null,"Evan Win/Lose/Push":null,"Evan":null,"Brandon Bet Amount":null,"Brandon Win/Lose/Push":null,"Brandon":null,"Total Team Bet":null,"Legends Bet":null,"Leaders Bet":null,"To Win":null,"Payout":null,"TOTALS":null,"Mitch Totals":null,"Phil Totals":null,"Bryce Totals":null,"Cory Totals":null,"JB Totals":null,"Ethan Totals":null},{"Week":"158","Date":"11/07/2025","Mitch Bet Amount":null,"Mitch Win/Lose/Push":null,"Mitch":null,"Phil Bet Amount":null,"Phil Win/Lose/Push":null,"Phil":null,"Bryce Bet Amount":null,"Bryce Win/Lose/Push":null,"Bryce":null,"Cory Bet Amount":null,"Cory Win/Lose/Push":null,"Cory":null,"JB Bet Amount":null,"JB Win/Lose/Push":null,"JB":null,"Ethan Bet Amount":null,"Ethan Win/Lose/Push":null,"Ethan":null,"Jaime Bet Amount":null,"Jaime Win/Lose/Push":null,"Jaime":null,"Nathan Bet Amount":null,"Nathan Win/Lose/Push":null,"Nathan":null,"Evan Bet Amount":null,"Evan Win/Lose/Push":null,"Evan":null,"Brandon Bet Amount":null,"Brandon Win/Lose/Push":null,"Brandon":null,"Total Team Bet":null,"Legends Bet":null,"Leaders Bet":null,"To Win":null,"Payout":null,"TOTALS":null,"Mitch Totals":null,"Phil Totals":null,"Bryce Totals":null,"Cory Totals":null,"JB Totals":null,"Ethan Totals":null},{"Week":"159","Date":"11/14/2025","Mitch Bet Amount":null,"Mitch Win/Lose/Push":null,"Mitch":null,"Phil Bet Amount":null,"Phil Win/Lose/Push":null,"Phil":null,"Bryce Bet Amount":null,"Bryce Win/Lose/Push":null,"Bryce":null,"Cory Bet Amount":null,"Cory Win/Lose/Push":null,"Cory":null,"JB Bet Amount":null,"JB Win/Lose/Push":null,"JB":null,"Ethan Bet Amount":null,"Ethan Win/Lose/Push":null,"Ethan":null,"Jaime Bet Amount":null,"Jaime Win/Lose/Push":null,"Jaime":null,"Nathan Bet Amount":null,"Nathan Win/Lose/Push":null,"Nathan":null,"Evan Bet Amount":null,"Evan Win/Lose/Push":null,"Evan":null,"Brandon Bet Amount":null,"Brandon Win/Lose/Push":null,"Brandon":null,"Total Team Bet":null,"Legends Bet":null,"Leaders Bet":null,"To Win":null,"Payout":null,"TOTALS":null,"Mitch Totals":null,"Phil Totals":null,"Bryce Totals":null,"Cory Totals":null,"JB Totals":null,"Ethan Totals":null},{"Week":"160","Date":"11/21/2025","Mitch Bet Amount":null,"Mitch Win/Lose/Push":null,"Mitch":null,"Phil Bet Amount":null,"Phil Win/Lose/Push":null,"Phil":null,"Bryce Bet Amount":null,"Bryce Win/Lose/Push":null,"Bryce":null,"Cory Bet Amount":null,"Cory Win/Lose/Push":null,"Cory":null,"JB Bet Amount":null,"JB Win/Lose/Push":null,"JB":null,"Ethan Bet Amount":null,"Ethan Win/Lose/Push":null,"Ethan":null,"Jaime Bet Amount":null,"Jaime Win/Lose/Push":null,"Jaime":null,"Nathan Bet Amount":null,"Nathan Win/Lose/Push":null,"Nathan":null,"Evan Bet Amount":null,"Evan Win/Lose/Push":null,"Evan":null,"Brandon Bet Amount":null,"Brandon Win/Lose/Push":null,"Brandon":null,"Total Team Bet":null,"Legends Bet":null,"Leaders Bet":null,"To Win":null,"Payout":null,"TOTALS":null,"Mitch Totals":null,"Phil Totals":null,"Bryce Totals":null,"Cory Totals":null,"JB Totals":null,"Ethan Totals":null},{"Week":"161","Date":"11/28/2025","Mitch Bet Amount":null,"Mitch Win/Lose/Push":null,"Mitch":null,"Phil Bet Amount":null,"Phil Win/Lose/Push":null,"Phil":null,"Bryce Bet Amount":null,"Bryce Win/Lose/Push":null,"Bryce":null,"Cory Bet Amount":null,"Cory Win/Lose/Push":null,"Cory":null,"JB Bet Amount":null,"JB Win/Lose/Push":null,"JB":null,"Ethan Bet Amount":null,"Ethan Win/Lose/Push":null,"Ethan":null,"Jaime Bet Amount":null,"Jaime Win/Lose/Push":null,"Jaime":null,"Nathan Bet Amount":null,"Nathan Win/Lose/Push":null,"Nathan":null,"Evan Bet Amount":null,"Evan Win/Lose/Push":null,"Evan":null,"Brandon Bet Amount":null,"Brandon Win/Lose/Push":null,"Brandon":null,"Total Team Bet":null,"Legends Bet":null,"Leaders Bet":null,"To Win":null,"Payout":null,"TOTALS":null,"Mitch Totals":null,"Phil Totals":null,"Bryce Totals":null,"Cory Totals":null,"JB Totals":null,"Ethan Totals":null},{"Week":"162","Date":"12/05/2025","Mitch Bet Amount":null,"Mitch Win/Lose/Push":null,"Mitch":null,"Phil Bet Amount":null,"Phil Win/Lose/Push":null,"Phil":null,"Bryce Bet Amount":null,"Bryce Win/Lose/Push":null,"Bryce":null,"Cory Bet Amount":null,"Cory Win/Lose/Push":null,"Cory":null,"JB Bet Amount":null,"JB Win/Lose/Push":null,"JB":null,"Ethan Bet Amount":null,"Ethan Win/Lose/Push":null,"Ethan":null,"Jaime Bet Amount":null,"Jaime Win/Lose/Push":null,"Jaime":null,"Nathan Bet Amount":null,"Nathan Win/Lose/Push":null,"Nathan":null,"Evan Bet Amount":null,"Evan Win/Lose/Push":null,"Evan":null,"Brandon Bet Amount":null,"Brandon Win/Lose/Push":null,"Brandon":null,"Total Team Bet":null,"Legends Bet":null,"Leaders Bet":null,"To Win":null,"Payout":null,"TOTALS":null,"Mitch Totals":null,"Phil Totals":null,"Bryce Totals":null,"Cory Totals":null,"JB Totals":null,"Ethan Totals":null},{"Week":"163","Date":"12/12/2025","Mitch Bet Amount":null,"Mitch Win/Lose/Push":null,"Mitch":null,"Phil Bet Amount":null,"Phil Win/Lose/Push":null,"Phil":null,"Bryce Bet Amount":null,"Bryce Win/Lose/Push":null,"Bryce":null,"Cory Bet Amount":null,"Cory Win/Lose/Push":null,"Cory":null,"JB Bet Amount":null,"JB Win/Lose/Push":null,"JB":null,"Ethan Bet Amount":null,"Ethan Win/Lose/Push":null,"Ethan":null,"Jaime Bet Amount":null,"Jaime Win/Lose/Push":null,"Jaime":null,"Nathan Bet Amount":null,"Nathan Win/Lose/Push":null,"Nathan":null,"Evan Bet Amount":null,"Evan Win/Lose/Push":null,"Evan":null,"Brandon Bet Amount":null,"Brandon Win/Lose/Push":null,"Brandon":null,"Total Team Bet":null,"Legends Bet":null,"Leaders Bet":null,"To Win":null,"Payout":null,"TOTALS":null,"Mitch Totals":null,"Phil Totals":null,"Bryce Totals":null,"Cory Totals":null,"JB Totals":null,"Ethan Totals":null},{"Week":"164","Date":"12/19/2025","Mitch Bet Amount":null,"Mitch Win/Lose/Push":null,"Mitch":null,"Phil Bet Amount":null,"Phil Win/Lose/Push":null,"Phil":null,"Bryce Bet Amount":null,"Bryce Win/Lose/Push":null,"Bryce":null,"Cory Bet Amount":null,"Cory Win/Lose/Push":null,"Cory":null,"JB Bet Amount":null,"JB Win/Lose/Push":null,"JB":null,"Ethan Bet Amount":null,"Ethan Win/Lose/Push":null,"Ethan":null,"Jaime Bet Amount":null,"Jaime Win/Lose/Push":null,"Jaime":null,"Nathan Bet Amount":null,"Nathan Win/Lose/Push":null,"Nathan":null,"Evan Bet Amount":null,"Evan Win/Lose/Push":null,"Evan":null,"Brandon Bet Amount":null,"Brandon Win/Lose/Push":null,"Brandon":null,"Total Team Bet":null,"Legends Bet":null,"Leaders Bet":null,"To Win":null,"Payout":null,"TOTALS":null,"Mitch Totals":null,"Phil Totals":null,"Bryce Totals":null,"Cory Totals":null,"JB Totals":null,"Ethan Totals":null},{"Week":"165","Date":"12/26/2025","Mitch Bet Amount":null,"Mitch Win/Lose/Push":null,"Mitch":null,"Phil Bet Amount":null,"Phil Win/Lose/Push":null,"Phil":null,"Bryce Bet Amount":null,"Bryce Win/Lose/Push":null,"Bryce":null,"Cory Bet Amount":null,"Cory Win/Lose/Push":null,"Cory":null,"JB Bet Amount":null,"JB Win/Lose/Push":null,"JB":null,"Ethan Bet Amount":null,"Ethan Win/Lose/Push":null,"Ethan":null,"Jaime Bet Amount":null,"Jaime Win/Lose/Push":null,"Jaime":null,"Nathan Bet Amount":null,"Nathan Win/Lose/Push":null,"Nathan":null,"Evan Bet Amount":null,"Evan Win/Lose/Push":null,"Evan":null,"Brandon Bet Amount":null,"Brandon Win/Lose/Push":null,"Brandon":null,"Total Team Bet":null,"Legends Bet":null,"Leaders Bet":null,"To Win":null,"Payout":null,"TOTALS":null,"Mitch Totals":null,"Phil Totals":null,"Bryce Totals":null,"Cory Totals":null,"JB Totals":null,"Ethan Totals":null},{"Week":"166","Date":"01/02/2026","Mitch Bet Amount":null,"Mitch Win/Lose/Push":null,"Mitch":null,"Phil Bet Amount":null,"Phil Win/Lose/Push":null,"Phil":null,"Bryce Bet Amount":null,"Bryce Win/Lose/Push":null,"Bryce":null,"Cory Bet Amount":null,"Cory Win/Lose/Push":null,"Cory":null,"JB Bet Amount":null,"JB Win/Lose/Push":null,"JB":null,"Ethan Bet Amount":null,"Ethan Win/Lose/Push":null,"Ethan":null,"Jaime Bet Amount":null,"Jaime Win/Lose/Push":null,"Jaime":null,"Nathan Bet Amount":null,"Nathan Win/Lose/Push":null,"Nathan":null,"Evan Bet Amount":null,"Evan Win/Lose/Push":null,"Evan":null,"Brandon Bet Amount":null,"Brandon Win/Lose/Push":null,"Brandon":null,"Total Team Bet":null,"Legends Bet":null,"Leaders Bet":null,"To Win":null,"Payout":null,"TOTALS":null,"Mitch Totals":null,"Phil Totals":null,"Bryce Totals":null,"Cory Totals":null,"JB Totals":null,"Ethan Totals":null},{"Week":"167","Date":"01/09/2026","Mitch Bet Amount":null,"Mitch Win/Lose/Push":null,"Mitch":null,"Phil Bet Amount":null,"Phil Win/Lose/Push":null,"Phil":null,"Bryce Bet Amount":null,"Bryce Win/Lose/Push":null,"Bryce":null,"Cory Bet Amount":null,"Cory Win/Lose/Push":null,"Cory":null,"JB Bet Amount":null,"JB Win/Lose/Push":null,"JB":null,"Ethan Bet Amount":null,"Ethan Win/Lose/Push":null,"Ethan":null,"Jaime Bet Amount":null,"Jaime Win/Lose/Push":null,"Jaime":null,"Nathan Bet Amount":null,"Nathan Win/Lose/Push":null,"Nathan":null,"Evan Bet Amount":null,"Evan Win/Lose/Push":null,"Evan":null,"Brandon Bet Amount":null,"Brandon Win/Lose/Push":null,"Brandon":null,"Total Team Bet":null,"Legends Bet":null,"Leaders Bet":null,"To Win":null,"Payout":null,"TOTALS":null,"Mitch Totals":null,"Phil Totals":null,"Bryce Totals":null,"Cory Totals":null,"JB Totals":null,"Ethan Totals":null}]
3:31:44 AM [express] GET /api/data 304 in 3ms :: [{"Week":"1","Date":"8/23/24","Mitch Bet Amount":"$5","Mitch Win/Lose/Push":"Loss","Mitch":"FSU -10.5","Phil Bet Amount":"$5","Phil Win/Lose/Push":"Loss","Phil":"Montana State -13.5","Bryce Bet Amount":"$15","Bryce Win/Lose/Push":"Win","Bryce":"Burns over Im","Cory Bet Amount":"$5","Cory Win/Lose/Push":"Loss","Cory":"Ludvig or Clark ","JB Bet Amount":"$5","JB Win/Lose/Push":"Loss","JB":"Colorado","Ethan Bet Amount":"$5","Ethan Win/Lose/Push":"Win","Ethan":"Gophers UNC Under","Jaime Bet Amount":"5","Jaime Win/Lose/Push":"Win","Jaime":"Tail Ethan","Nathan Bet Amount":"","Nathan Win/Lose/Push":"","Nathan":"","Evan Bet Amount":"","Evan Win/Lose/Push":"","Evan":"","Brandon Bet Amount":"","Brandon Win/Lose/Push":"","Brandon":"","Total Team Bet":"$45.00","Legends Bet":"","Leaders Bet":"","To Win":"","Payout":"","TOTALS":"Total Bet","Mitch Totals":"360","Phil Totals":"385","Bryce Totals":"300","Cory Totals":"365","JB Totals":"260","Ethan Totals":"295","Jaime Totals":"415","Nate Totals":"0","Evan Totals":"0","Brandon Totals":"0"},{"Week":"2","Date":"8/30/24","Mitch Bet Amount":"$10","Mitch Win/Lose/Push":"Loss","Mitch":"Texas CSU over","Phil Bet Amount":"$10","Phil Win/Lose/Push":"Win","Phil":"Clemson uga under","Bryce Bet Amount":"$5","Bryce Win/Lose/Push":"Win","Bryce":"Notre Dame ","Cory Bet Amount":"$10","Cory Win/Lose/Push":"Win","Cory":"Penn state cover","JB Bet Amount":"$10","JB Win/Lose/Push":"Win","JB":"Florida over","Ethan Bet Amount":"$5","Ethan Win/Lose/Push":"Win","Ethan":"Georgia -12","Jaime Bet Amount":"5","Jaime Win/Lose/Push":"Win","Jaime":"Tail Ethan","Nathan Bet Amount":"","Nathan Win/Lose/Push":"","Nathan":"","Evan Bet Amount":"","Evan Win/Lose/Push":"","Evan":"","Brandon Bet Amount":"","Brandon Win/Lose/Push":"","Brandon":"","Total Team Bet":"$55.00","Legends Bet":"","Leaders Bet":"","To Win":"","Payout":"","TOTALS":"Total Wins","Mitch Totals":"13","Phil Totals":"12","Bryce Totals":"17","Cory Totals":"10","JB Totals":"16","Ethan Totals":"15","Jaime Totals":"11","Nate Totals":"0","Evan Totals":"0","Brandon Totals":"0"},{"Week":"3","Date":"9/6/24","Mitch Bet Amount":"$15","Mitch Win/Lose/Push":"Loss","Mitch":"Maryland Cover","Phil Bet Amount":"$5","Phil Win/Lose/Push":"Loss","Phil":"Michigan Texas Under","Bryce Bet Amount":"$5","Bryce Win/Lose/Push":"Loss","Bryce":"Iowa ","Cory Bet Amount":"$5","Cory Win/Lose/Push":"Win","Cory":"Clemson over ","JB Bet Amount":"$5","JB Win/Lose/Push":"Loss","JB":"Oregon","Ethan Bet Amount":"$5","Ethan Win/Lose/Push":"Loss","Ethan":"Colorado cover ","Jaime Bet Amount":"5","Jaime Win/Lose/Push":"Loss","Jaime":"Tail Ethan","Nathan Bet Amount":"","Nathan Win/Lose/Push":"","Nathan":"","Evan Bet Amount":"","Evan Win/Lose/Push":"","Evan":"","Brandon Bet Amount":"","Brandon Win/Lose/Push":"","Brandon":"","Total Team Bet":"$45.00","Legends Bet":"","Leaders Bet":"","To Win":"","Payout":"","TOTALS":"Total Losses","Mitch Totals":"17","Phil Totals":"19","Bryce Totals":"14","Cory Totals":"19","JB Totals":"15","Ethan Totals":"16","Jaime Totals":"18","Nate Totals":"0","Evan Totals":"0","Brandon Totals":"0"},{"Week":"4","Date":"9/13/24","Mitch Bet Amount":"$20","Mitch Win/Lose/Push":"Loss","Mitch":"Bryce","Phil Bet Amount":"$10","Phil Win/Lose/Push":"Loss","Phil":"LA Tech NC State Under","Bryce Bet Amount":"$10","Bryce Win/Lose/Push":"Loss","Bryce":"Oregon State ","Cory Bet Amount":"$5","Cory Win/Lose/Push":"Loss","Cory":"Georgia ","JB Bet Amount":"$10","JB Win/Lose/Push":"Win","JB":"indiana","Ethan Bet Amount":"$10","Ethan Win/Lose/Push":"Win","Ethan":"Gopher under ","Jaime Bet Amount":"10","Jaime Win/Lose/Push":"Loss","Jaime":"Tail Cory","Nathan Bet Amount":"","Nathan Win/Lose/Push":"","Nathan":"","Evan Bet Amount":"","Evan Win/Lose/Push":"","Evan":"","Brandon Bet Amount":"","Brandon Win/Lose/Push":"","Brandon":"","Total Team Bet":"$75.00","Legends Bet":"","Leaders Bet":"","To Win":"","Payout":"","TOTALS":"Total Pushes","Mitch Totals":"1","Phil Totals":"0","Bryce Totals":"0","Cory Totals":"2","JB Totals":"0","Ethan Totals":"0","Jaime Totals":"2","Nate Totals":"0","Evan Totals":"0","Brandon Totals":"0"},{"Week":"5","Date":"9/20/24","Mitch Bet Amount":"$25","Mitch Win/Lose/Push":"Loss","Mitch":"Ethan ","Phil Bet Amount":"$15","Phil Win/Lose/Push":"Loss","Phil":"Gophers Iowa Under ","Bryce Bet Amount":"$15","Bryce Win/Lose/Push":"Loss","Bryce":"OSU ","Cory Bet Amount":"$10","Cory Win/Lose/Push":"Win","Cory":"Clemson over  ","JB Bet Amount":"$5","JB Win/Lose/Push":"Win","JB":"Colorado State under ","Ethan Bet Amount":"$5","Ethan Win/Lose/Push":"Loss","Ethan":"USC ","Jaime Bet Amount":"15","Jaime Win/Lose/Push":"Win","Jaime":"Tail Cory ","Nathan Bet Amount":"","Nathan Win/Lose/Push":"","Nathan":"","Evan Bet Amount":"","Evan Win/Lose/Push":"","Evan":"","Brandon Bet Amount":"","Brandon Win/Lose/Push":"","Brandon":"","Total Team Bet":"$90.00","Legends Bet":"","Leaders Bet":"","To Win":"","Payout":"","TOTALS":"Win Percentage","Mitch Totals":"43.33%","Phil Totals":"38.71%","Bryce Totals":"54.84%","Cory Totals":"34.48%","JB Totals":"51.61%","Ethan Totals":"48.39%","Jaime Totals":"37.93%","Nate Totals":"0.00%","Evan Totals":"0.00%","Brandon Totals":"0.00%"},{"Week":"6","Date":"9/27/24","Mitch Bet Amount":"$30","Mitch Win/Lose/Push":"Loss","Mitch":"JB","Phil Bet Amount":"$20","Phil Win/Lose/Push":"Loss","Phil":"Cory","Bryce Bet Amount":"$20","Bryce Win/Lose/Push":"Loss","Bryce":"JB ","Cory Bet Amount":"$5","Cory Win/Lose/Push":"Loss","Cory":"Penn state over","JB Bet Amount":"$5","JB Win/Lose/Push":"Loss","JB":"Michigan","Ethan Bet Amount":"$10","Ethan Win/Lose/Push":"Loss","Ethan":"Georgia","Jaime Bet Amount":"5","Jaime Win/Lose/Push":"Loss","Jaime":"Texas Miss St Over","Nathan Bet Amount":"","Nathan Win/Lose/Push":"","Nathan":"","Evan Bet Amount":"","Evan Win/Lose/Push":"","Evan":"","Brandon Bet Amount":"","Brandon Win/Lose/Push":"","Brandon":"","Total Team Bet":"$95.00","Legends Bet":null,"Leaders Bet":null,"To Win":null,"Payout":null,"TOTALS":null,"Mitch Totals":null,"Phil Totals":null,"Bryce Totals":null,"Cory Totals":null,"JB Totals":null,"Ethan Totals":null,"Jaime Totals":null,"Nate Totals":null,"Evan Totals":null,"Brandon Totals":null},{"Week":"7","Date":"10/4/24","Mitch Bet Amount":"$35","Mitch Win/Lose/Push":"Win","Mitch":"JB","Phil Bet Amount":"$25","Phil Win/Lose/Push":"Loss","Phil":"Jaime","Bryce Bet Amount":"$25","Bryce Win/Lose/Push":"Win","Bryce":"JB","Cory Bet Amount":"$10","Cory Win/Lose/Push":"Loss","Cory":"South Carolina cover","JB Bet Amount":"$10","JB Win/Lose/Push":"Win","JB":"Ohio st","Ethan Bet Amount":"$15","Ethan Win/Lose/Push":"Loss","Ethan":"Northwestern","Jaime Bet Amount":"10","Jaime Win/Lose/Push":"Loss","Jaime":"Michigan Cover","Nathan Bet Amount":"","Nathan Win/Lose/Push":"","Nathan":"","Evan Bet Amount":"","Evan Win/Lose/Push":"","Evan":"","Brandon Bet Amount":"","Brandon Win/Lose/Push":"","Brandon":"","Total Team Bet":"$130.00","Legends Bet":null,"Leaders Bet":null,"To Win":null,"Payout":null,"TOTALS":null,"Mitch Totals":null,"Phil Totals":null,"Bryce Totals":null,"Cory Totals":null,"JB Totals":null,"Ethan Totals":null,"Jaime Totals":null,"Nate Totals":null,"Evan Totals":null,"Brandon Totals":null},{"Week":"8","Date":"10/11/24","Mitch Bet Amount":"$5","Mitch Win/Lose/Push":"Win","Mitch":"Penn State","Phil Bet Amount":"$30","Phil Win/Lose/Push":"Loss","Phil":"JB","Bryce Bet Amount":"$5","Bryce Win/Lose/Push":"Loss","Bryce":"Ohio state","Cory Bet Amount":"$15","Cory Win/Lose/Push":"Loss","Cory":"Boise over ","JB Bet Amount":"$5","JB Win/Lose/Push":"Loss","JB":"Kentucky","Ethan Bet Amount":"$20","Ethan Win/Lose/Push":"Loss","Ethan":"Cory","Jaime Bet Amount":"15","Jaime Win/Lose/Push":"Win","Jaime":"ND/Stanford Over","Nathan Bet Amount":"","Nathan Win/Lose/Push":"","Nathan":"","Evan Bet Amount":"","Evan Win/Lose/Push":"","Evan":"","Brandon Bet Amount":"","Brandon Win/Lose/Push":"","Brandon":"","Total Team Bet":"$95.00","Legends Bet":null,"Leaders Bet":null,"To Win":null,"Payout":null,"TOTALS":null,"Mitch Totals":null,"Phil Totals":null,"Bryce Totals":null,"Cory Totals":null,"JB Totals":null,"Ethan Totals":null,"Jaime Totals":null,"Nate Totals":null,"Evan Totals":null,"Brandon Totals":null},{"Week":"9","Date":"10/17/24","Mitch Bet Amount":"$5","Mitch Win/Lose/Push":"Win","Mitch":"Kansas St","Phil Bet Amount":"$35","Phil Win/Lose/Push":"Loss","Phil":"JB","Bryce Bet Amount":"$10","Bryce Win/Lose/Push":"Win","Bryce":"Illinois","Cory Bet Amount":"$20","Cory Win/Lose/Push":"Push","Cory":"Jaime","JB Bet Amount":"$10","JB Win/Lose/Push":"Loss","JB":"Rutgers","Ethan Bet Amount":"$25","Ethan Win/Lose/Push":"Loss","Ethan":"JB","Jaime Bet Amount":"5","Jaime Win/Lose/Push":"Push","Jaime":"Army Cover","Nathan Bet Amount":"","Nathan Win/Lose/Push":"","Nathan":"","Evan Bet Amount":"","Evan Win/Lose/Push":"","Evan":"","Brandon Bet Amount":"","Brandon Win/Lose/Push":"","Brandon":"","Total Team Bet":"$110.00","Legends Bet":null,"Leaders Bet":null,"To Win":null,"Payout":null,"TOTALS":null,"Mitch Totals":null,"Phil Totals":null,"Bryce Totals":null,"Cory Totals":null,"JB Totals":null,"Ethan Totals":null,"Jaime Totals":null,"Nate Totals":null,"Evan Totals":null,"Brandon Totals":null},{"Week":"10","Date":"10/25/24","Mitch Bet Amount":"$5","Mitch Win/Lose/Push":"Loss","Mitch":"UCF ","Phil Bet Amount":"$40","Phil Win/Lose/Push":"Win","Phil":"JB ","Bryce Bet Amount":"$5","Bryce Win/Lose/Push":"Loss","Bryce":"\"Illinois, I guess\" ","Cory Bet Amount":"$20","Cory Win/Lose/Push":"Win","Cory":"Jaime ","JB Bet Amount":"$15","JB Win/Lose/Push":"Win","JB":"Miami ","Ethan Bet Amount":"$30","Ethan Win/Lose/Push":"Win","Ethan":"Jaime ","Jaime Bet Amount":"5","Jaime Win/Lose/Push":"Win","Jaime":"PSU Cover ","Nathan Bet Amount":"","Nathan Win/Lose/Push":"","Nathan":"","Evan Bet Amount":"","Evan Win/Lose/Push":"","Evan":"","Brandon Bet Amount":"","Brandon Win/Lose/Push":"","Brandon":"","Total Team Bet":"$120.00","Legends Bet":null,"Leaders Bet":null,"To Win":null,"Payout":null,"TOTALS":null,"Mitch Totals":null,"Phil Totals":null,"Bryce Totals":null,"Cory Totals":null,"JB Totals":null,"Ethan Totals":null,"Jaime Totals":null,"Nate Totals":null,"Evan Totals":null,"Brandon Totals":null},{"Week":"11","Date":"11/1/24","Mitch Bet Amount":"$10","Mitch Win/Lose/Push":"Win","Mitch":"Indiana","Phil Bet Amount":"$5","Phil Win/Lose/Push":"Win","Phil":"Ethan ","Bryce Bet Amount":"$10","Bryce Win/Lose/Push":"Win","Bryce":"Vikings ","Cory Bet Amount":"$5","Cory Win/Lose/Push":"Loss","Cory":"Navy over","JB Bet Amount":"$5","JB Win/Lose/Push":"Loss","JB":"Kansas St","Ethan Bet Amount":"$5","Ethan Win/Lose/Push":"Win","Ethan":"Ohio state ","Jaime Bet Amount":"5","Jaime Win/Lose/Push":"Loss","Jaime":"Army/AF Over","Nathan Bet Amount":"","Nathan Win/Lose/Push":"","Nathan":"","Evan Bet Amount":"","Evan Win/Lose/Push":"","Evan":"","Brandon Bet Amount":"","Brandon Win/Lose/Push":"","Brandon":"","Total Team Bet":"$45.00","Legends Bet":null,"Leaders Bet":null,"To Win":null,"Payout":null,"TOTALS":null,"Mitch Totals":null,"Phil Totals":null,"Bryce Totals":null,"Cory Totals":null,"JB Totals":null,"Ethan Totals":null,"Jaime Totals":null,"Nate Totals":null,"Evan Totals":null,"Brandon Totals":null},{"Week":"12","Date":"11/8/24","Mitch Bet Amount":"$5","Mitch Win/Lose/Push":"Loss","Mitch":"Gophers","Phil Bet Amount":"$5","Phil Win/Lose/Push":"Loss","Phil":"Mitch","Bryce Bet Amount":"$5","Bryce Win/Lose/Push":"Loss","Bryce":"Vikings ","Cory Bet Amount":"$10","Cory Win/Lose/Push":"Loss","Cory":"Clemson over","JB Bet Amount":"$10","JB Win/Lose/Push":"Loss","JB":"bryce","Ethan Bet Amount":"$5","Ethan Win/Lose/Push":"Win","Ethan":"Steelers +3","Jaime Bet Amount":"10","Jaime Win/Lose/Push":"Loss","Jaime":"Georgia Cover","Nathan Bet Amount":"","Nathan Win/Lose/Push":"","Nathan":"","Evan Bet Amount":"","Evan Win/Lose/Push":"","Evan":"","Brandon Bet Amount":"","Brandon Win/Lose/Push":"","Brandon":"","Total Team Bet":"$50.00","Legends Bet":null,"Leaders Bet":null,"To Win":null,"Payout":null,"TOTALS":null,"Mitch Totals":null,"Phil Totals":null,"Bryce Totals":null,"Cory Totals":null,"JB Totals":null,"Ethan Totals":null,"Jaime Totals":null,"Nate Totals":null,"Evan Totals":null,"Brandon Totals":null},{"Week":"13","Date":"11/15/24","Mitch Bet Amount":"$10","Mitch Win/Lose/Push":"Loss","Mitch":"Oregon","Phil Bet Amount":"$10","Phil Win/Lose/Push":"Loss","Phil":"JB","Bryce Bet Amount":"$10","Bryce Win/Lose/Push":"Win","Bryce":"Vikings","Cory Bet Amount":"$15","Cory Win/Lose/Push":"Loss","Cory":"KSU over ","JB Bet Amount":"$15","JB Win/Lose/Push":"Loss","JB":"SMU","Ethan Bet Amount":"$5","Ethan Win/Lose/Push":"Win","Ethan":"Illinois","Jaime Bet Amount":"15","Jaime Win/Lose/Push":"Loss","Jaime":"Packers Cover","Nathan Bet Amount":"","Nathan Win/Lose/Push":"","Nathan":"","Evan Bet Amount":"","Evan Win/Lose/Push":"","Evan":"","Brandon Bet Amount":"","Brandon Win/Lose/Push":"","Brandon":"","Total Team Bet":"$80.00","Legends Bet":null,"Leaders Bet":null,"To Win":null,"Payout":null,"TOTALS":null,"Mitch Totals":null,"Phil Totals":null,"Bryce Totals":null,"Cory Totals":null,"JB Totals":null,"Ethan Totals":null,"Jaime Totals":null,"Nate Totals":null,"Evan Totals":null,"Brandon Totals":null},{"Week":"14","Date":"11/22/24","Mitch Bet Amount":"$15","Mitch Win/Lose/Push":"Win","Mitch":"Boston College  ","Phil Bet Amount":"$15","Phil Win/Lose/Push":"Loss","Phil":"UNC / Boston College Under ","Bryce Bet Amount":"$5","Bryce Win/Lose/Push":"Win","Bryce":"Lions ","Cory Bet Amount":"$20","Cory Win/Lose/Push":"Win","Cory":"Bryce  ","JB Bet Amount":"$20","JB Win/Lose/Push":"Win","JB":"Bruce ","Ethan Bet Amount":"$5","Ethan Win/Lose/Push":"Loss","Ethan":"Gopher under ","Jaime Bet Amount":"20","Jaime Win/Lose/Push":"Loss","Jaime":"Tail Ethan ","Nathan Bet Amount":"","Nathan Win/Lose/Push":"","Nathan":"","Evan Bet Amount":"","Evan Win/Lose/Push":"","Evan":"","Brandon Bet Amount":"","Brandon Win/Lose/Push":"","Brandon":"","Total Team Bet":"$100.00","Legends Bet":null,"Leaders Bet":null,"To Win":null,"Payout":null,"TOTALS":null,"Mitch Totals":null,"Phil Totals":null,"Bryce Totals":null,"Cory Totals":null,"JB Totals":null,"Ethan Totals":null,"Jaime Totals":null,"Nate Totals":null,"Evan Totals":null,"Brandon Totals":null},{"Week":"15","Date":"11/29/24","Mitch Bet Amount":"$5","Mitch Win/Lose/Push":"Loss","Mitch":"Kansas ","Phil Bet Amount":"$20","Phil Win/Lose/Push":"Win","Phil":"Cory","Bryce Bet Amount":"$5","Bryce Win/Lose/Push":"Loss","Bryce":"Maryland ","Cory Bet Amount":"$5","Cory Win/Lose/Push":"Win","Cory":"Notre dame ","JB Bet Amount":"$5","JB Win/Lose/Push":"Loss","JB":"usf","Ethan Bet Amount":"$10","Ethan Win/Lose/Push":"Loss","Ethan":"Tennessee titans  ","Jaime Bet Amount":"25","Jaime Win/Lose/Push":"Win","Jaime":"Tail Cory","Nathan Bet Amount":"","Nathan Win/Lose/Push":"","Nathan":"","Evan Bet Amount":"","Evan Win/Lose/Push":"","Evan":"","Brandon Bet Amount":"","Brandon Win/Lose/Push":"","Brandon":"","Total Team Bet":"$75.00","Legends Bet":null,"Leaders Bet":null,"To Win":null,"Payout":null,"TOTALS":null,"Mitch Totals":null,"Phil Totals":null,"Bryce Totals":null,"Cory Totals":null,"JB Totals":null,"Ethan Totals":null,"Jaime Totals":null,"Nate Totals":null,"Evan Totals":null,"Brandon Totals":null},{"Week":"16","Date":"12/6/24","Mitch Bet Amount":"$10","Mitch Win/Lose/Push":"Loss","Mitch":"Miami (OH) ","Phil Bet Amount":"$5","Phil Win/Lose/Push":"Win","Phil":"Ethan ","Bryce Bet Amount":"$10","Bryce Win/Lose/Push":"Loss","Bryce":"Texas ","Cory Bet Amount":"$5","Cory Win/Lose/Push":"Loss","Cory":"Smu ","JB Bet Amount":"$10","JB Win/Lose/Push":"Win","JB":"ethan ","Ethan Bet Amount":"$15","Ethan Win/Lose/Push":"Win","Ethan":"QUACK ","Jaime Bet Amount":"5","Jaime Win/Lose/Push":"Win","Jaime":"Tampa Bay -6.5","Nathan Bet Amount":"","Nathan Win/Lose/Push":"","Nathan":"","Evan Bet Amount":"","Evan Win/Lose/Push":"","Evan":"","Brandon Bet Amount":"","Brandon Win/Lose/Push":"","Brandon":"","Total Team Bet":"$60.00","Legends Bet":null,"Leaders Bet":null,"To Win":null,"Payout":null,"TOTALS":null,"Mitch Totals":null,"Phil Totals":null,"Bryce Totals":null,"Cory Totals":null,"JB Totals":null,"Ethan Totals":null,"Jaime Totals":null,"Nate Totals":null,"Evan Totals":null,"Brandon Totals":null},{"Week":"17","Date":"12/13/24","Mitch Bet Amount":"$15","Mitch Win/Lose/Push":"Loss","Mitch":"Ethan ","Phil Bet Amount":"$5","Phil Win/Lose/Push":"Loss","Phil":"Army/navy Under ","Bryce Bet Amount":"$15","Bryce Win/Lose/Push":"Win","Bryce":"Vikings ","Cory Bet Amount":"$10","Cory Win/Lose/Push":"Win","Cory":"Unlv cover  ","JB Bet Amount":"$5","JB Win/Lose/Push":"Loss","JB":"Mississippi st ","Ethan Bet Amount":"$5","Ethan Win/Lose/Push":"Loss","Ethan":"Georgia southern ","Jaime Bet Amount":"5","Jaime Win/Lose/Push":"Loss","Jaime":"Jack St/SC St Over ","Nathan Bet Amount":"","Nathan Win/Lose/Push":"","Nathan":"","Evan Bet Amount":"","Evan Win/Lose/Push":"","Evan":"","Brandon Bet Amount":"","Brandon Win/Lose/Push":"","Brandon":"","Total Team Bet":"$60.00","Legends Bet":null,"Leaders Bet":null,"To Win":null,"Payout":null,"TOTALS":null,"Mitch Totals":null,"Phil Totals":null,"Bryce Totals":null,"Cory Totals":null,"JB Totals":null,"Ethan Totals":null,"Jaime Totals":null,"Nate Totals":null,"Evan Totals":null,"Brandon Totals":null},{"Week":"18","Date":"12/20/24","Mitch Bet Amount":"$20","Mitch Win/Lose/Push":"Loss","Mitch":"Cory","Phil Bet Amount":"$10","Phil Win/Lose/Push":"Loss","Phil":"Texas/Clemson Under","Bryce Bet Amount":"$5","Bryce Win/Lose/Push":"Win","Bryce":"lions","Cory Bet Amount":"$5","Cory Win/Lose/Push":"Loss","Cory":"Eagles","JB Bet Amount":"$10","JB Win/Lose/Push":"Loss","JB":"wild over ","Ethan Bet Amount":"$10","Ethan Win/Lose/Push":"Win","Ethan":"Texas","Jaime Bet Amount":"10","Jaime Win/Lose/Push":"Win","Jaime":"Colts Cover","Nathan Bet Amount":"","Nathan Win/Lose/Push":"","Nathan":"","Evan Bet Amount":"","Evan Win/Lose/Push":"","Evan":"","Brandon Bet Amount":"","Brandon Win/Lose/Push":"","Brandon":"","Total Team Bet":"$70.00","Legends Bet":null,"Leaders Bet":null,"To Win":null,"Payout":null,"TOTALS":null,"Mitch Totals":null,"Phil Totals":null,"Bryce Totals":null,"Cory Totals":null,"JB Totals":null,"Ethan Totals":null,"Jaime Totals":null,"Nate Totals":null,"Evan Totals":null,"Brandon Totals":null},{"Week":"19","Date":"12/27/24","Mitch Bet Amount":"$25","Mitch Win/Lose/Push":"Win","Mitch":"Ethan","Phil Bet Amount":"$15","Phil Win/Lose/Push":"Win","Phil":"Iowa State/Miami Over","Bryce Bet Amount":"$5","Bryce Win/Lose/Push":"Win","Bryce":"vikes","Cory Bet Amount":"$10","Cory Win/Lose/Push":"Win","Cory":"Det lions","JB Bet Amount":"$15","JB Win/Lose/Push":"Win","JB":"Penn St","Ethan Bet Amount":"$5","Ethan Win/Lose/Push":"Win","Ethan":"Gophers","Jaime Bet Amount":"5","Jaime Win/Lose/Push":"Loss","Jaime":"Panthers Cover","Nathan Bet Amount":"","Nathan Win/Lose/Push":"","Nathan":"","Evan Bet Amount":"","Evan Win/Lose/Push":"","Evan":"","Brandon Bet Amount":"","Brandon Win/Lose/Push":"","Brandon":"","Total Team Bet":"$80.00","Legends Bet":null,"Leaders Bet":null,"To Win":null,"Payout":null,"TOTALS":null,"Mitch Totals":null,"Phil Totals":null,"Bryce Totals":null,"Cory Totals":null,"JB Totals":null,"Ethan Totals":null,"Jaime Totals":null,"Nate Totals":null,"Evan Totals":null,"Brandon Totals":null},{"Week":"20","Date":"1/3/25","Mitch Bet Amount":"$5","Mitch Win/Lose/Push":"Win","Mitch":"Ethan","Phil Bet Amount":"$5","Phil Win/Lose/Push":"Win","Phil":"Buffalo -3 v Liberty","Bryce Bet Amount":"$5","Bryce Win/Lose/Push":"Loss","Bryce":"Vikings ","Cory Bet Amount":"$5","Cory Win/Lose/Push":"Loss","Cory":"Penn state","JB Bet Amount":"$5","JB Win/Lose/Push":"Win","JB":"chargers -4.5","Ethan Bet Amount":"$5","Ethan Win/Lose/Push":"Win","Ethan":"Osu","Jaime Bet Amount":"10","Jaime Win/Lose/Push":"Loss","Jaime":"OSU/Texas Over","Nathan Bet Amount":"","Nathan Win/Lose/Push":"","Nathan":"","Evan Bet Amount":"","Evan Win/Lose/Push":"","Evan":"","Brandon Bet Amount":"","Brandon Win/Lose/Push":"","Brandon":"","Total Team Bet":"$40.00","Legends Bet":null,"Leaders Bet":null,"To Win":null,"Payout":null,"TOTALS":null,"Mitch Totals":null,"Phil Totals":null,"Bryce Totals":null,"Cory Totals":null,"JB Totals":null,"Ethan Totals":null,"Jaime Totals":null,"Nate Totals":null,"Evan Totals":null,"Brandon Totals":null},{"Week":"21","Date":"1/10/25","Mitch Bet Amount":"$5","Mitch Win/Lose/Push":"Loss","Mitch":"Ethan","Phil Bet Amount":"$5","Phil Win/Lose/Push":"Win","Phil":"Pittsburgh/Baltimore Under","Bryce Bet Amount":"$10","Bryce Win/Lose/Push":"Loss","Bryce":"Vikings","Cory Bet Amount":"$10","Cory Win/Lose/Push":"Loss","Cory":"Chargers ","JB Bet Amount":"$5","JB Win/Lose/Push":"Win","JB":"Saint Mary's bball","Ethan Bet Amount":"$5","Ethan Win/Lose/Push":"Loss","Ethan":"Wolves under","Jaime Bet Amount":"15","Jaime Win/Lose/Push":"Loss","Jaime":"Packers Cover","Nathan Bet Amount":"","Nathan Win/Lose/Push":"","Nathan":"","Evan Bet Amount":"","Evan Win/Lose/Push":"","Evan":"","Brandon Bet Amount":"","Brandon Win/Lose/Push":"","Brandon":"","Total Team Bet":"$55.00","Legends Bet":null,"Leaders Bet":null,"To Win":null,"Payout":null,"TOTALS":null,"Mitch Totals":null,"Phil Totals":null,"Bryce Totals":null,"Cory Totals":null,"JB Totals":null,"Ethan Totals":null,"Jaime Totals":null,"Nate Totals":null,"Evan Totals":null,"Brandon Totals":null},{"Week":"22","Date":"1/17/25","Mitch Bet Amount":"$10","Mitch Win/Lose/Push":"Loss","Mitch":"Houston ","Phil Bet Amount":"$5","Phil Win/Lose/Push":"Win","Phil":"Alabama","Bryce Bet Amount":"$15","Bryce Win/Lose/Push":"Loss","Bryce":"Ravens","Cory Bet Amount":"$15","Cory Win/Lose/Push":"Push","Cory":"Eagles ","JB Bet Amount":"$5","JB Win/Lose/Push":"Win","JB":"Cleveland cavs","Ethan Bet Amount":"$10","Ethan Win/Lose/Push":"Win","Ethan":"Tail JB ","Jaime Bet Amount":"20","Jaime Win/Lose/Push":"Loss","Jaime":"Tail Bryce","Nathan Bet Amount":"","Nathan Win/Lose/Push":"","Nathan":"","Evan Bet Amount":"","Evan Win/Lose/Push":"","Evan":"","Brandon Bet Amount":"","Brandon Win/Lose/Push":"","Brandon":"","Total Team Bet":"$80.00","Legends Bet":null,"Leaders Bet":null,"To Win":null,"Payout":null,"TOTALS":null,"Mitch Totals":null,"Phil Totals":null,"Bryce Totals":null,"Cory Totals":null,"JB Totals":null,"Ethan Totals":null,"Jaime Totals":null,"Nate Totals":null,"Evan Totals":null,"Brandon Totals":null},{"Week":"23","Date":"1/24/25","Mitch Bet Amount":"$15","Mitch Win/Lose/Push":"Loss","Mitch":"Duke","Phil Bet Amount":"$5","Phil Win/Lose/Push":"Loss","Phil":"Kansas bball","Bryce Bet Amount":"$20","Bryce Win/Lose/Push":"Loss","Bryce":"Cory, I guess","Cory Bet Amount":"$15","Cory Win/Lose/Push":"Loss","Cory":"Gophers b ball to not cover ","JB Bet Amount":"$5","JB Win/Lose/Push":"Loss","JB":"Denver nuggets","Ethan Bet Amount":"$5","Ethan Win/Lose/Push":"Win","Ethan":"St Thomas","Jaime Bet Amount":"25","Jaime Win/Lose/Push":"Loss","Jaime":"Tail Phil","Nathan Bet Amount":"","Nathan Win/Lose/Push":"","Nathan":"","Evan Bet Amount":"","Evan Win/Lose/Push":"","Evan":"","Brandon Bet Amount":"","Brandon Win/Lose/Push":"","Brandon":"","Total Team Bet":"$90.00","Legends Bet":null,"Leaders Bet":null,"To Win":null,"Payout":null,"TOTALS":null,"Mitch Totals":null,"Phil Totals":null,"Bryce Totals":null,"Cory Totals":null,"JB Totals":null,"Ethan Totals":null,"Jaime Totals":null,"Nate Totals":null,"Evan Totals":null,"Brandon Totals":null},{"Week":"24","Date":"1/31/25","Mitch Bet Amount":"$20","Mitch Win/Lose/Push":"Win","Mitch":"Phil","Phil Bet Amount":"$10","Phil Win/Lose/Push":"Win","Phil":"Tennessee bball","Bryce Bet Amount":"$25","Bryce Win/Lose/Push":"Win","Bryce":"JB","Cory Bet Amount":"$20","Cory Win/Lose/Push":"Loss","Cory":"Ethan","JB Bet Amount":"$10","JB Win/Lose/Push":"Win","JB":"duke","Ethan Bet Amount":"$5","Ethan Win/Lose/Push":"Loss","Ethan":"Wolves over ","Jaime Bet Amount":"30","Jaime Win/Lose/Push":"Loss","Jaime":"Tail Ethan","Nathan Bet Amount":"","Nathan Win/Lose/Push":"","Nathan":"","Evan Bet Amount":"","Evan Win/Lose/Push":"","Evan":"","Brandon Bet Amount":"","Brandon Win/Lose/Push":"","Brandon":"","Total Team Bet":"$120.00","Legends Bet":null,"Leaders Bet":null,"To Win":null,"Payout":null,"TOTALS":null,"Mitch Totals":null,"Phil Totals":null,"Bryce Totals":null,"Cory Totals":null,"JB Totals":null,"Ethan Totals":null,"Jaime Totals":null,"Nate Totals":null,"Evan Totals":null,"Brandon Totals":null},{"Week":"25","Date":"2/7/25","Mitch Bet Amount":"$5","Mitch Win/Lose/Push":"Push","Mitch":"Michigan","Phil Bet Amount":"$5","Phil Win/Lose/Push":"Loss","Phil":"Mizzou","Bryce Bet Amount":"$5","Bryce Win/Lose/Push":"Loss","Bryce":"KC","Cory Bet Amount":"$25","Cory Win/Lose/Push":"Loss","Cory":"JB","JB Bet Amount":"$5","JB Win/Lose/Push":"Loss","JB":"Butler Under","Ethan Bet Amount":"$10","Ethan Win/Lose/Push":"Win","Ethan":"Creighton","Jaime Bet Amount":"35","Jaime Win/Lose/Push":"Push","Jaime":"Mitch","Nathan Bet Amount":"","Nathan Win/Lose/Push":"","Nathan":"","Evan Bet Amount":"","Evan Win/Lose/Push":"","Evan":"","Brandon Bet Amount":"","Brandon Win/Lose/Push":"","Brandon":"","Total Team Bet":"$90.00","Legends Bet":null,"Leaders Bet":null,"To Win":null,"Payout":null,"TOTALS":null,"Mitch Totals":null,"Phil Totals":null,"Bryce Totals":null,"Cory Totals":null,"JB Totals":null,"Ethan Totals":null,"Jaime Totals":null,"Nate Totals":null,"Evan Totals":null,"Brandon Totals":null},{"Week":"26","Date":"2/14/25","Mitch Bet Amount":"$5","Mitch Win/Lose/Push":"Win","Mitch":"Houston Cougars ","Phil Bet Amount":"$10","Phil Win/Lose/Push":"Win","Phil":"Wisconsin/purdue over ","Bryce Bet Amount":"$10","Bryce Win/Lose/Push":"Win","Bryce":"2 chances Scottie/aberg","Cory Bet Amount":"$30","Cory Win/Lose/Push":"Win","Cory":"Phil ","JB Bet Amount":"$10","JB Win/Lose/Push":"Win","JB":"Baylor over ","Ethan Bet Amount":"$5","Ethan Win/Lose/Push":"Loss","Ethan":"George mason -3.5 ","Jaime Bet Amount":"35","Jaime Win/Lose/Push":"Loss","Jaime":"Tail E ","Nathan Bet Amount":"","Nathan Win/Lose/Push":"","Nathan":"","Evan Bet Amount":"","Evan Win/Lose/Push":"","Evan":"","Brandon Bet Amount":"","Brandon Win/Lose/Push":"","Brandon":"","Total Team Bet":"$105.00","Legends Bet":null,"Leaders Bet":null,"To Win":null,"Payout":null,"TOTALS":null,"Mitch Totals":null,"Phil Totals":null,"Bryce Totals":null,"Cory Totals":null,"JB Totals":null,"Ethan Totals":null,"Jaime Totals":null,"Nate Totals":null,"Evan Totals":null,"Brandon Totals":null},{"Week":"27","Date":"2/21/25","Mitch Bet Amount":"$5","Mitch Win/Lose/Push":"Win","Mitch":"Florida","Phil Bet Amount":"$5","Phil Win/Lose/Push":"Win","Phil":"Alabama","Bryce Bet Amount":"$5","Bryce Win/Lose/Push":"Win","Bryce":"Iowa state","Cory Bet Amount":"$5","Cory Win/Lose/Push":"Win","Cory":"Duke","JB Bet Amount":"$5","JB Win/Lose/Push":"Win","JB":"Bama Under","Ethan Bet Amount":"$10","Ethan Win/Lose/Push":"Loss","Ethan":"Gophers","Jaime Bet Amount":"40","Jaime Win/Lose/Push":"Win","Jaime":"Cory ","Nathan Bet Amount":"","Nathan Win/Lose/Push":"","Nathan":"","Evan Bet Amount":"","Evan Win/Lose/Push":"","Evan":"","Brandon Bet Amount":"","Brandon Win/Lose/Push":"","Brandon":"","Total Team Bet":"$75.00","Legends Bet":null,"Leaders Bet":null,"To Win":null,"Payout":null,"TOTALS":null,"Mitch Totals":null,"Phil Totals":null,"Bryce Totals":null,"Cory Totals":null,"JB Totals":null,"Ethan Totals":null,"Jaime Totals":null,"Nate Totals":null,"Evan Totals":null,"Brandon Totals":null},{"Week":"28","Date":"2/28/25","Mitch Bet Amount":"$5","Mitch Win/Lose/Push":"Win","Mitch":"Clemson ","Phil Bet Amount":"$5","Phil Win/Lose/Push":"Loss","Phil":"Texas Tech/Kansas Under","Bryce Bet Amount":"$5","Bryce Win/Lose/Push":"Win","Bryce":"DUQUESNE","Cory Bet Amount":"$5","Cory Win/Lose/Push":"Loss","Cory":"Min woo lee over spieth","JB Bet Amount":"$5","JB Win/Lose/Push":"Win","JB":"wyoming ","Ethan Bet Amount":"$15","Ethan Win/Lose/Push":"Win","Ethan":"Wizards +4 ","Jaime Bet Amount":"5","Jaime Win/Lose/Push":"Win","Jaime":"Mitch","Nathan Bet Amount":"","Nathan Win/Lose/Push":"","Nathan":"","Evan Bet Amount":"","Evan Win/Lose/Push":"","Evan":"","Brandon Bet Amount":"","Brandon Win/Lose/Push":"","Brandon":"","Total Team Bet":"$45.00","Legends Bet":null,"Leaders Bet":null,"To Win":null,"Payout":null,"TOTALS":null,"Mitch Totals":null,"Phil Totals":null,"Bryce Totals":null,"Cory Totals":null,"JB Totals":null,"Ethan Totals":null,"Jaime Totals":null,"Nate Totals":null,"Evan Totals":null,"Brandon Totals":null},{"Week":"29","Date":"3/7/25","Mitch Bet Amount":"$5","Mitch Win/Lose/Push":"Win","Mitch":"Texas AM","Phil Bet Amount":"$10","Phil Win/Lose/Push":"Loss","Phil":"Marquette","Bryce Bet Amount":"$5","Bryce Win/Lose/Push":"Win","Bryce":"Brunno Ferreira ","Cory Bet Amount":"$10","Cory Win/Lose/Push":"Loss","Cory":"Ethan ","JB Bet Amount":"$5","JB Win/Lose/Push":"Loss","JB":"phil","Ethan Bet Amount":"$5","Ethan Win/Lose/Push":"Loss","Ethan":"Georgetown under","Jaime Bet Amount":"5","Jaime Win/Lose/Push":"Loss","Jaime":"Houston","Nathan Bet Amount":"","Nathan Win/Lose/Push":"","Nathan":"","Evan Bet Amount":"","Evan Win/Lose/Push":"","Evan":"","Brandon Bet Amount":"","Brandon Win/Lose/Push":"","Brandon":"","Total Team Bet":"$45.00","Legends Bet":null,"Leaders Bet":null,"To Win":null,"Payout":null,"TOTALS":null,"Mitch Totals":null,"Phil Totals":null,"Bryce Totals":null,"Cory Totals":null,"JB Totals":null,"Ethan Totals":null,"Jaime Totals":null,"Nate Totals":null,"Evan Totals":null,"Brandon Totals":null},{"Week":"30","Date":"3/14/25","Mitch Bet Amount":"$5","Mitch Win/Lose/Push":"Win","Mitch":"St. John's ","Phil Bet Amount":"$15","Phil Win/Lose/Push":"Loss","Phil":"Tulane Memphis Under","Bryce Bet Amount":"$5","Bryce Win/Lose/Push":"Win","Bryce":"Manitoba Moose","Cory Bet Amount":"$15","Cory Win/Lose/Push":"Loss","Cory":"JB","JB Bet Amount":"$10","JB Win/Lose/Push":"Loss","JB":"Akron ","Ethan Bet Amount":"$10","Ethan Win/Lose/Push":"Loss","Ethan":"Michigan under","Jaime Bet Amount":"10","Jaime Win/Lose/Push":"Win","Jaime":"Colorado State","Nathan Bet Amount":"","Nathan Win/Lose/Push":"","Nathan":"","Evan Bet Amount":"","Evan Win/Lose/Push":"","Evan":"","Brandon Bet Amount":"","Brandon Win/Lose/Push":"","Brandon":"","Total Team Bet":"$70.00","Legends Bet":null,"Leaders Bet":null,"To Win":null,"Payout":null,"TOTALS":null,"Mitch Totals":null,"Phil Totals":null,"Bryce Totals":null,"Cory Totals":null,"JB Totals":null,"Ethan Totals":null,"Jaime Totals":null,"Nate Totals":null,"Evan Totals":null,"Brandon Totals":null},{"Week":"31","Date":"3/21/25","Mitch Bet Amount":"$5","Mitch Win/Lose/Push":"Loss","Mitch":"Florida men's basketball to cover the spread","Phil Bet Amount":"$20","Phil Win/Lose/Push":"Loss","Phil":"Mitch","Bryce Bet Amount":"$5","Bryce Win/Lose/Push":"Win","Bryce":"PAULA BADOSA","Cory Bet Amount":"$20","Cory Win/Lose/Push":"Loss","Cory":"Mitch","JB Bet Amount":"$15","JB Win/Lose/Push":"Win","JB":"tennessee","Ethan Bet Amount":"$15","Ethan Win/Lose/Push":"Loss","Ethan":"Iowa St","Jaime Bet Amount":"5","Jaime Win/Lose/Push":"Loss","Jaime":"Wisconsin","Nathan Bet Amount":"","Nathan Win/Lose/Push":"","Nathan":"","Evan Bet Amount":"","Evan Win/Lose/Push":"","Evan":"","Brandon Bet Amount":"","Brandon Win/Lose/Push":"","Brandon":"","Total Team Bet":"$85.00","Legends Bet":null,"Leaders Bet":null,"To Win":null,"Payout":null,"TOTALS":null,"Mitch Totals":null,"Phil Totals":null,"Bryce Totals":null,"Cory Totals":null,"JB Totals":null,"Ethan Totals":null,"Jaime Totals":null,"Nate Totals":null,"Evan Totals":null,"Brandon Totals":null},{"Week":"32","Date":"03/28/2025","Mitch Bet Amount":"$10","Mitch Win/Lose/Push":"","Mitch":"","Phil Bet Amount":"$25","Phil Win/Lose/Push":"","Phil":"","Bryce Bet Amount":"$5","Bryce Win/Lose/Push":"","Bryce":"","Cory Bet Amount":"$25","Cory Win/Lose/Push":"","Cory":"","JB Bet Amount":"$5","JB Win/Lose/Push":"","JB":"","Ethan Bet Amount":"$20","Ethan Win/Lose/Push":"","Ethan":"","Jaime Bet Amount":"$10","Jaime Win/Lose/Push":null,"Jaime":null,"Nathan Bet Amount":null,"Nathan Win/Lose/Push":null,"Nathan":null,"Evan Bet Amount":null,"Evan Win/Lose/Push":null,"Evan":null,"Brandon Bet Amount":null,"Brandon Win/Lose/Push":null,"Brandon":null,"Total Team Bet":null,"Legends Bet":null,"Leaders Bet":null,"To Win":null,"Payout":null,"TOTALS":null,"Mitch Totals":null,"Phil Totals":null,"Bryce Totals":null,"Cory Totals":null,"JB Totals":null,"Ethan Totals":null,"Jaime Totals":null,"Nate Totals":null,"Evan Totals":null,"Brandon Totals":null},{"Week":"33","Date":"04/04/2025","Mitch Bet Amount":null,"Mitch Win/Lose/Push":null,"Mitch":null,"Phil Bet Amount":null,"Phil Win/Lose/Push":null,"Phil":null,"Bryce Bet Amount":null,"Bryce Win/Lose/Push":null,"Bryce":null,"Cory Bet Amount":null,"Cory Win/Lose/Push":null,"Cory":null,"JB Bet Amount":null,"JB Win/Lose/Push":null,"JB":null,"Ethan Bet Amount":null,"Ethan Win/Lose/Push":null,"Ethan":null,"Jaime Bet Amount":null,"Jaime Win/Lose/Push":null,"Jaime":null,"Nathan Bet Amount":null,"Nathan Win/Lose/Push":null,"Nathan":null,"Evan Bet Amount":null,"Evan Win/Lose/Push":null,"Evan":null,"Brandon Bet Amount":null,"Brandon Win/Lose/Push":null,"Brandon":null,"Total Team Bet":null,"Legends Bet":null,"Leaders Bet":null,"To Win":null,"Payout":null,"TOTALS":null,"Mitch Totals":null,"Phil Totals":null,"Bryce Totals":null,"Cory Totals":null,"JB Totals":null,"Ethan Totals":null,"Jaime Totals":null,"Nate Totals":null,"Evan Totals":null,"Brandon Totals":null},{"Week":"34","Date":"04/11/2025","Mitch Bet Amount":null,"Mitch Win/Lose/Push":null,"Mitch":null,"Phil Bet Amount":null,"Phil Win/Lose/Push":null,"Phil":null,"Bryce Bet Amount":null,"Bryce Win/Lose/Push":null,"Bryce":null,"Cory Bet Amount":null,"Cory Win/Lose/Push":null,"Cory":null,"JB Bet Amount":null,"JB Win/Lose/Push":null,"JB":null,"Ethan Bet Amount":null,"Ethan Win/Lose/Push":null,"Ethan":null,"Jaime Bet Amount":null,"Jaime Win/Lose/Push":null,"Jaime":null,"Nathan Bet Amount":null,"Nathan Win/Lose/Push":null,"Nathan":null,"Evan Bet Amount":null,"Evan Win/Lose/Push":null,"Evan":null,"Brandon Bet Amount":null,"Brandon Win/Lose/Push":null,"Brandon":null,"Total Team Bet":null,"Legends Bet":null,"Leaders Bet":null,"To Win":null,"Payout":null,"TOTALS":null,"Mitch Totals":null,"Phil Totals":null,"Bryce Totals":null,"Cory Totals":null,"JB Totals":null,"Ethan Totals":null,"Jaime Totals":null,"Nate Totals":null,"Evan Totals":null,"Brandon Totals":null},{"Week":"35","Date":"04/18/2025","Mitch Bet Amount":null,"Mitch Win/Lose/Push":null,"Mitch":null,"Phil Bet Amount":null,"Phil Win/Lose/Push":null,"Phil":null,"Bryce Bet Amount":null,"Bryce Win/Lose/Push":null,"Bryce":null,"Cory Bet Amount":null,"Cory Win/Lose/Push":null,"Cory":null,"JB Bet Amount":null,"JB Win/Lose/Push":null,"JB":null,"Ethan Bet Amount":null,"Ethan Win/Lose/Push":null,"Ethan":null,"Jaime Bet Amount":null,"Jaime Win/Lose/Push":null,"Jaime":null,"Nathan Bet Amount":null,"Nathan Win/Lose/Push":null,"Nathan":null,"Evan Bet Amount":null,"Evan Win/Lose/Push":null,"Evan":null,"Brandon Bet Amount":null,"Brandon Win/Lose/Push":null,"Brandon":null,"Total Team Bet":null,"Legends Bet":null,"Leaders Bet":null,"To Win":null,"Payout":null,"TOTALS":null,"Mitch Totals":null,"Phil Totals":null,"Bryce Totals":null,"Cory Totals":null,"JB Totals":null,"Ethan Totals":null,"Jaime Totals":null,"Nate Totals":null,"Evan Totals":null,"Brandon Totals":null},{"Week":"36","Date":"04/25/2025","Mitch Bet Amount":null,"Mitch Win/Lose/Push":null,"Mitch":null,"Phil Bet Amount":null,"Phil Win/Lose/Push":null,"Phil":null,"Bryce Bet Amount":null,"Bryce Win/Lose/Push":null,"Bryce":null,"Cory Bet Amount":null,"Cory Win/Lose/Push":null,"Cory":null,"JB Bet Amount":null,"JB Win/Lose/Push":null,"JB":null,"Ethan Bet Amount":null,"Ethan Win/Lose/Push":null,"Ethan":null,"Jaime Bet Amount":null,"Jaime Win/Lose/Push":null,"Jaime":null,"Nathan Bet Amount":null,"Nathan Win/Lose/Push":null,"Nathan":null,"Evan Bet Amount":null,"Evan Win/Lose/Push":null,"Evan":null,"Brandon Bet Amount":null,"Brandon Win/Lose/Push":null,"Brandon":null,"Total Team Bet":null,"Legends Bet":null,"Leaders Bet":null,"To Win":null,"Payout":null,"TOTALS":null,"Mitch Totals":null,"Phil Totals":null,"Bryce Totals":null,"Cory Totals":null,"JB Totals":null,"Ethan Totals":null,"Jaime Totals":null,"Nate Totals":null,"Evan Totals":null,"Brandon Totals":null},{"Week":"37","Date":"05/02/2025","Mitch Bet Amount":null,"Mitch Win/Lose/Push":null,"Mitch":null,"Phil Bet Amount":null,"Phil Win/Lose/Push":null,"Phil":null,"Bryce Bet Amount":null,"Bryce Win/Lose/Push":null,"Bryce":null,"Cory Bet Amount":null,"Cory Win/Lose/Push":null,"Cory":null,"JB Bet Amount":null,"JB Win/Lose/Push":null,"JB":null,"Ethan Bet Amount":null,"Ethan Win/Lose/Push":null,"Ethan":null,"Jaime Bet Amount":null,"Jaime Win/Lose/Push":null,"Jaime":null,"Nathan Bet Amount":null,"Nathan Win/Lose/Push":null,"Nathan":null,"Evan Bet Amount":null,"Evan Win/Lose/Push":null,"Evan":null,"Brandon Bet Amount":null,"Brandon Win/Lose/Push":null,"Brandon":null,"Total Team Bet":null,"Legends Bet":null,"Leaders Bet":null,"To Win":null,"Payout":null,"TOTALS":null,"Mitch Totals":null,"Phil Totals":null,"Bryce Totals":null,"Cory Totals":null,"JB Totals":null,"Ethan Totals":null,"Jaime Totals":null,"Nate Totals":null,"Evan Totals":null,"Brandon Totals":null},{"Week":"38","Date":"05/09/2025","Mitch Bet Amount":null,"Mitch Win/Lose/Push":null,"Mitch":null,"Phil Bet Amount":null,"Phil Win/Lose/Push":null,"Phil":null,"Bryce Bet Amount":null,"Bryce Win/Lose/Push":null,"Bryce":null,"Cory Bet Amount":null,"Cory Win/Lose/Push":null,"Cory":null,"JB Bet Amount":null,"JB Win/Lose/Push":null,"JB":null,"Ethan Bet Amount":null,"Ethan Win/Lose/Push":null,"Ethan":null,"Jaime Bet Amount":null,"Jaime Win/Lose/Push":null,"Jaime":null,"Nathan Bet Amount":null,"Nathan Win/Lose/Push":null,"Nathan":null,"Evan Bet Amount":null,"Evan Win/Lose/Push":null,"Evan":null,"Brandon Bet Amount":null,"Brandon Win/Lose/Push":null,"Brandon":null,"Total Team Bet":null,"Legends Bet":null,"Leaders Bet":null,"To Win":null,"Payout":null,"TOTALS":null,"Mitch Totals":null,"Phil Totals":null,"Bryce Totals":null,"Cory Totals":null,"JB Totals":null,"Ethan Totals":null,"Jaime Totals":null,"Nate Totals":null,"Evan Totals":null,"Brandon Totals":null},{"Week":"39","Date":"05/16/2025","Mitch Bet Amount":null,"Mitch Win/Lose/Push":null,"Mitch":null,"Phil Bet Amount":null,"Phil Win/Lose/Push":null,"Phil":null,"Bryce Bet Amount":null,"Bryce Win/Lose/Push":null,"Bryce":null,"Cory Bet Amount":null,"Cory Win/Lose/Push":null,"Cory":null,"JB Bet Amount":null,"JB Win/Lose/Push":null,"JB":null,"Ethan Bet Amount":null,"Ethan Win/Lose/Push":null,"Ethan":null,"Jaime Bet Amount":null,"Jaime Win/Lose/Push":null,"Jaime":null,"Nathan Bet Amount":null,"Nathan Win/Lose/Push":null,"Nathan":null,"Evan Bet Amount":null,"Evan Win/Lose/Push":null,"Evan":null,"Brandon Bet Amount":null,"Brandon Win/Lose/Push":null,"Brandon":null,"Total Team Bet":null,"Legends Bet":null,"Leaders Bet":null,"To Win":null,"Payout":null,"TOTALS":null,"Mitch Totals":null,"Phil Totals":null,"Bryce Totals":null,"Cory Totals":null,"JB Totals":null,"Ethan Totals":null,"Jaime Totals":null,"Nate Totals":null,"Evan Totals":null,"Brandon Totals":null},{"Week":"40","Date":"05/23/2025","Mitch Bet Amount":null,"Mitch Win/Lose/Push":null,"Mitch":null,"Phil Bet Amount":null,"Phil Win/Lose/Push":null,"Phil":null,"Bryce Bet Amount":null,"Bryce Win/Lose/Push":null,"Bryce":null,"Cory Bet Amount":null,"Cory Win/Lose/Push":null,"Cory":null,"JB Bet Amount":null,"JB Win/Lose/Push":null,"JB":null,"Ethan Bet Amount":null,"Ethan Win/Lose/Push":null,"Ethan":null,"Jaime Bet Amount":null,"Jaime Win/Lose/Push":null,"Jaime":null,"Nathan Bet Amount":null,"Nathan Win/Lose/Push":null,"Nathan":null,"Evan Bet Amount":null,"Evan Win/Lose/Push":null,"Evan":null,"Brandon Bet Amount":null,"Brandon Win/Lose/Push":null,"Brandon":null,"Total Team Bet":null,"Legends Bet":null,"Leaders Bet":null,"To Win":null,"Payout":null,"TOTALS":null,"Mitch Totals":null,"Phil Totals":null,"Bryce Totals":null,"Cory Totals":null,"JB Totals":null,"Ethan Totals":null,"Jaime Totals":null,"Nate Totals":null,"Evan Totals":null,"Brandon Totals":null},{"Week":"41","Date":"05/30/2025","Mitch Bet Amount":null,"Mitch Win/Lose/Push":null,"Mitch":null,"Phil Bet Amount":null,"Phil Win/Lose/Push":null,"Phil":null,"Bryce Bet Amount":null,"Bryce Win/Lose/Push":null,"Bryce":null,"Cory Bet Amount":null,"Cory Win/Lose/Push":null,"Cory":null,"JB Bet Amount":null,"JB Win/Lose/Push":null,"JB":null,"Ethan Bet Amount":null,"Ethan Win/Lose/Push":null,"Ethan":null,"Jaime Bet Amount":null,"Jaime Win/Lose/Push":null,"Jaime":null,"Nathan Bet Amount":null,"Nathan Win/Lose/Push":null,"Nathan":null,"Evan Bet Amount":null,"Evan Win/Lose/Push":null,"Evan":null,"Brandon Bet Amount":null,"Brandon Win/Lose/Push":null,"Brandon":null,"Total Team Bet":null,"Legends Bet":null,"Leaders Bet":null,"To Win":null,"Payout":null,"TOTALS":null,"Mitch Totals":null,"Phil Totals":null,"Bryce Totals":null,"Cory Totals":null,"JB Totals":null,"Ethan Totals":null,"Jaime Totals":null,"Nate Totals":null,"Evan Totals":null,"Brandon Totals":null},{"Week":"42","Date":"06/06/2025","Mitch Bet Amount":null,"Mitch Win/Lose/Push":null,"Mitch":null,"Phil Bet Amount":null,"Phil Win/Lose/Push":null,"Phil":null,"Bryce Bet Amount":null,"Bryce Win/Lose/Push":null,"Bryce":null,"Cory Bet Amount":null,"Cory Win/Lose/Push":null,"Cory":null,"JB Bet Amount":null,"JB Win/Lose/Push":null,"JB":null,"Ethan Bet Amount":null,"Ethan Win/Lose/Push":null,"Ethan":null,"Jaime Bet Amount":null,"Jaime Win/Lose/Push":null,"Jaime":null,"Nathan Bet Amount":null,"Nathan Win/Lose/Push":null,"Nathan":null,"Evan Bet Amount":null,"Evan Win/Lose/Push":null,"Evan":null,"Brandon Bet Amount":null,"Brandon Win/Lose/Push":null,"Brandon":null,"Total Team Bet":null,"Legends Bet":null,"Leaders Bet":null,"To Win":null,"Payout":null,"TOTALS":null,"Mitch Totals":null,"Phil Totals":null,"Bryce Totals":null,"Cory Totals":null,"JB Totals":null,"Ethan Totals":null,"Jaime Totals":null,"Nate Totals":null,"Evan Totals":null,"Brandon Totals":null},{"Week":"43","Date":"06/13/2025","Mitch Bet Amount":null,"Mitch Win/Lose/Push":null,"Mitch":null,"Phil Bet Amount":null,"Phil Win/Lose/Push":null,"Phil":null,"Bryce Bet Amount":null,"Bryce Win/Lose/Push":null,"Bryce":null,"Cory Bet Amount":null,"Cory Win/Lose/Push":null,"Cory":null,"JB Bet Amount":null,"JB Win/Lose/Push":null,"JB":null,"Ethan Bet Amount":null,"Ethan Win/Lose/Push":null,"Ethan":null,"Jaime Bet Amount":null,"Jaime Win/Lose/Push":null,"Jaime":null,"Nathan Bet Amount":null,"Nathan Win/Lose/Push":null,"Nathan":null,"Evan Bet Amount":null,"Evan Win/Lose/Push":null,"Evan":null,"Brandon Bet Amount":null,"Brandon Win/Lose/Push":null,"Brandon":null,"Total Team Bet":null,"Legends Bet":null,"Leaders Bet":null,"To Win":null,"Payout":null,"TOTALS":null,"Mitch Totals":null,"Phil Totals":null,"Bryce Totals":null,"Cory Totals":null,"JB Totals":null,"Ethan Totals":null,"Jaime Totals":null,"Nate Totals":null,"Evan Totals":null,"Brandon Totals":null},{"Week":"44","Date":"06/20/2025","Mitch Bet Amount":null,"Mitch Win/Lose/Push":null,"Mitch":null,"Phil Bet Amount":null,"Phil Win/Lose/Push":null,"Phil":null,"Bryce Bet Amount":null,"Bryce Win/Lose/Push":null,"Bryce":null,"Cory Bet Amount":null,"Cory Win/Lose/Push":null,"Cory":null,"JB Bet Amount":null,"JB Win/Lose/Push":null,"JB":null,"Ethan Bet Amount":null,"Ethan Win/Lose/Push":null,"Ethan":null,"Jaime Bet Amount":null,"Jaime Win/Lose/Push":null,"Jaime":null,"Nathan Bet Amount":null,"Nathan Win/Lose/Push":null,"Nathan":null,"Evan Bet Amount":null,"Evan Win/Lose/Push":null,"Evan":null,"Brandon Bet Amount":null,"Brandon Win/Lose/Push":null,"Brandon":null,"Total Team Bet":null,"Legends Bet":null,"Leaders Bet":null,"To Win":null,"Payout":null,"TOTALS":null,"Mitch Totals":null,"Phil Totals":null,"Bryce Totals":null,"Cory Totals":null,"JB Totals":null,"Ethan Totals":null,"Jaime Totals":null,"Nate Totals":null,"Evan Totals":null,"Brandon Totals":null},{"Week":"45","Date":"06/27/2025","Mitch Bet Amount":null,"Mitch Win/Lose/Push":null,"Mitch":null,"Phil Bet Amount":null,"Phil Win/Lose/Push":null,"Phil":null,"Bryce Bet Amount":null,"Bryce Win/Lose/Push":null,"Bryce":null,"Cory Bet Amount":null,"Cory Win/Lose/Push":null,"Cory":null,"JB Bet Amount":null,"JB Win/Lose/Push":null,"JB":null,"Ethan Bet Amount":null,"Ethan Win/Lose/Push":null,"Ethan":null,"Jaime Bet Amount":null,"Jaime Win/Lose/Push":null,"Jaime":null,"Nathan Bet Amount":null,"Nathan Win/Lose/Push":null,"Nathan":null,"Evan Bet Amount":null,"Evan Win/Lose/Push":null,"Evan":null,"Brandon Bet Amount":null,"Brandon Win/Lose/Push":null,"Brandon":null,"Total Team Bet":null,"Legends Bet":null,"Leaders Bet":null,"To Win":null,"Payout":null,"TOTALS":null,"Mitch Totals":null,"Phil Totals":null,"Bryce Totals":null,"Cory Totals":null,"JB Totals":null,"Ethan Totals":null,"Jaime Totals":null,"Nate Totals":null,"Evan Totals":null,"Brandon Totals":null},{"Week":"46","Date":"07/04/2025","Mitch Bet Amount":null,"Mitch Win/Lose/Push":null,"Mitch":null,"Phil Bet Amount":null,"Phil Win/Lose/Push":null,"Phil":null,"Bryce Bet Amount":null,"Bryce Win/Lose/Push":null,"Bryce":null,"Cory Bet Amount":null,"Cory Win/Lose/Push":null,"Cory":null,"JB Bet Amount":null,"JB Win/Lose/Push":null,"JB":null,"Ethan Bet Amount":null,"Ethan Win/Lose/Push":null,"Ethan":null,"Jaime Bet Amount":null,"Jaime Win/Lose/Push":null,"Jaime":null,"Nathan Bet Amount":null,"Nathan Win/Lose/Push":null,"Nathan":null,"Evan Bet Amount":null,"Evan Win/Lose/Push":null,"Evan":null,"Brandon Bet Amount":null,"Brandon Win/Lose/Push":null,"Brandon":null,"Total Team Bet":null,"Legends Bet":null,"Leaders Bet":null,"To Win":null,"Payout":null,"TOTALS":null,"Mitch Totals":null,"Phil Totals":null,"Bryce Totals":null,"Cory Totals":null,"JB Totals":null,"Ethan Totals":null,"Jaime Totals":null,"Nate Totals":null,"Evan Totals":null,"Brandon Totals":null},{"Week":"47","Date":"07/11/2025","Mitch Bet Amount":null,"Mitch Win/Lose/Push":null,"Mitch":null,"Phil Bet Amount":null,"Phil Win/Lose/Push":null,"Phil":null,"Bryce Bet Amount":null,"Bryce Win/Lose/Push":null,"Bryce":null,"Cory Bet Amount":null,"Cory Win/Lose/Push":null,"Cory":null,"JB Bet Amount":null,"JB Win/Lose/Push":null,"JB":null,"Ethan Bet Amount":null,"Ethan Win/Lose/Push":null,"Ethan":null,"Jaime Bet Amount":null,"Jaime Win/Lose/Push":null,"Jaime":null,"Nathan Bet Amount":null,"Nathan Win/Lose/Push":null,"Nathan":null,"Evan Bet Amount":null,"Evan Win/Lose/Push":null,"Evan":null,"Brandon Bet Amount":null,"Brandon Win/Lose/Push":null,"Brandon":null,"Total Team Bet":null,"Legends Bet":null,"Leaders Bet":null,"To Win":null,"Payout":null,"TOTALS":null,"Mitch Totals":null,"Phil Totals":null,"Bryce Totals":null,"Cory Totals":null,"JB Totals":null,"Ethan Totals":null,"Jaime Totals":null,"Nate Totals":null,"Evan Totals":null,"Brandon Totals":null},{"Week":"48","Date":"07/18/2025","Mitch Bet Amount":null,"Mitch Win/Lose/Push":null,"Mitch":null,"Phil Bet Amount":null,"Phil Win/Lose/Push":null,"Phil":null,"Bryce Bet Amount":null,"Bryce Win/Lose/Push":null,"Bryce":null,"Cory Bet Amount":null,"Cory Win/Lose/Push":null,"Cory":null,"JB Bet Amount":null,"JB Win/Lose/Push":null,"JB":null,"Ethan Bet Amount":null,"Ethan Win/Lose/Push":null,"Ethan":null,"Jaime Bet Amount":null,"Jaime Win/Lose/Push":null,"Jaime":null,"Nathan Bet Amount":null,"Nathan Win/Lose/Push":null,"Nathan":null,"Evan Bet Amount":null,"Evan Win/Lose/Push":null,"Evan":null,"Brandon Bet Amount":null,"Brandon Win/Lose/Push":null,"Brandon":null,"Total Team Bet":null,"Legends Bet":null,"Leaders Bet":null,"To Win":null,"Payout":null,"TOTALS":null,"Mitch Totals":null,"Phil Totals":null,"Bryce Totals":null,"Cory Totals":null,"JB Totals":null,"Ethan Totals":null,"Jaime Totals":null,"Nate Totals":null,"Evan Totals":null,"Brandon Totals":null},{"Week":"49","Date":"07/25/2025","Mitch Bet Amount":null,"Mitch Win/Lose/Push":null,"Mitch":null,"Phil Bet Amount":null,"Phil Win/Lose/Push":null,"Phil":null,"Bryce Bet Amount":null,"Bryce Win/Lose/Push":null,"Bryce":null,"Cory Bet Amount":null,"Cory Win/Lose/Push":null,"Cory":null,"JB Bet Amount":null,"JB Win/Lose/Push":null,"JB":null,"Ethan Bet Amount":null,"Ethan Win/Lose/Push":null,"Ethan":null,"Jaime Bet Amount":null,"Jaime Win/Lose/Push":null,"Jaime":null,"Nathan Bet Amount":null,"Nathan Win/Lose/Push":null,"Nathan":null,"Evan Bet Amount":null,"Evan Win/Lose/Push":null,"Evan":null,"Brandon Bet Amount":null,"Brandon Win/Lose/Push":null,"Brandon":null,"Total Team Bet":null,"Legends Bet":null,"Leaders Bet":null,"To Win":null,"Payout":null,"TOTALS":null,"Mitch Totals":null,"Phil Totals":null,"Bryce Totals":null,"Cory Totals":null,"JB Totals":null,"Ethan Totals":null,"Jaime Totals":null,"Nate Totals":null,"Evan Totals":null,"Brandon Totals":null},{"Week":"50","Date":"08/01/2025","Mitch Bet Amount":null,"Mitch Win/Lose/Push":null,"Mitch":null,"Phil Bet Amount":null,"Phil Win/Lose/Push":null,"Phil":null,"Bryce Bet Amount":null,"Bryce Win/Lose/Push":null,"Bryce":null,"Cory Bet Amount":null,"Cory Win/Lose/Push":null,"Cory":null,"JB Bet Amount":null,"JB Win/Lose/Push":null,"JB":null,"Ethan Bet Amount":null,"Ethan Win/Lose/Push":null,"Ethan":null,"Jaime Bet Amount":null,"Jaime Win/Lose/Push":null,"Jaime":null,"Nathan Bet Amount":null,"Nathan Win/Lose/Push":null,"Nathan":null,"Evan Bet Amount":null,"Evan Win/Lose/Push":null,"Evan":null,"Brandon Bet Amount":null,"Brandon Win/Lose/Push":null,"Brandon":null,"Total Team Bet":null,"Legends Bet":null,"Leaders Bet":null,"To Win":null,"Payout":null,"TOTALS":null,"Mitch Totals":null,"Phil Totals":null,"Bryce Totals":null,"Cory Totals":null,"JB Totals":null,"Ethan Totals":null,"Jaime Totals":null,"Nate Totals":null,"Evan Totals":null,"Brandon Totals":null},{"Week":"51","Date":"08/08/2025","Mitch Bet Amount":null,"Mitch Win/Lose/Push":null,"Mitch":null,"Phil Bet Amount":null,"Phil Win/Lose/Push":null,"Phil":null,"Bryce Bet Amount":null,"Bryce Win/Lose/Push":null,"Bryce":null,"Cory Bet Amount":null,"Cory Win/Lose/Push":null,"Cory":null,"JB Bet Amount":null,"JB Win/Lose/Push":null,"JB":null,"Ethan Bet Amount":null,"Ethan Win/Lose/Push":null,"Ethan":null,"Jaime Bet Amount":null,"Jaime Win/Lose/Push":null,"Jaime":null,"Nathan Bet Amount":null,"Nathan Win/Lose/Push":null,"Nathan":null,"Evan Bet Amount":null,"Evan Win/Lose/Push":null,"Evan":null,"Brandon Bet Amount":null,"Brandon Win/Lose/Push":null,"Brandon":null,"Total Team Bet":null,"Legends Bet":null,"Leaders Bet":null,"To Win":null,"Payout":null,"TOTALS":null,"Mitch Totals":null,"Phil Totals":null,"Bryce Totals":null,"Cory Totals":null,"JB Totals":null,"Ethan Totals":null,"Jaime Totals":null,"Nate Totals":null,"Evan Totals":null,"Brandon Totals":null},{"Week":"52","Date":"08/15/2025","Mitch Bet Amount":null,"Mitch Win/Lose/Push":null,"Mitch":null,"Phil Bet Amount":null,"Phil Win/Lose/Push":null,"Phil":null,"Bryce Bet Amount":null,"Bryce Win/Lose/Push":null,"Bryce":null,"Cory Bet Amount":null,"Cory Win/Lose/Push":null,"Cory":null,"JB Bet Amount":null,"JB Win/Lose/Push":null,"JB":null,"Ethan Bet Amount":null,"Ethan Win/Lose/Push":null,"Ethan":null,"Jaime Bet Amount":null,"Jaime Win/Lose/Push":null,"Jaime":null,"Nathan Bet Amount":null,"Nathan Win/Lose/Push":null,"Nathan":null,"Evan Bet Amount":null,"Evan Win/Lose/Push":null,"Evan":null,"Brandon Bet Amount":null,"Brandon Win/Lose/Push":null,"Brandon":null,"Total Team Bet":null,"Legends Bet":null,"Leaders Bet":null,"To Win":null,"Payout":null,"TOTALS":null,"Mitch Totals":null,"Phil Totals":null,"Bryce Totals":null,"Cory Totals":null,"JB Totals":null,"Ethan Totals":null,"Jaime Totals":null,"Nate Totals":null,"Evan Totals":null,"Brandon Totals":null},{"Week":"53","Date":"08/22/2025","Mitch Bet Amount":null,"Mitch Win/Lose/Push":null,"Mitch":null,"Phil Bet Amount":null,"Phil Win/Lose/Push":null,"Phil":null,"Bryce Bet Amount":null,"Bryce Win/Lose/Push":null,"Bryce":null,"Cory Bet Amount":null,"Cory Win/Lose/Push":null,"Cory":null,"JB Bet Amount":null,"JB Win/Lose/Push":null,"JB":null,"Ethan Bet Amount":null,"Ethan Win/Lose/Push":null,"Ethan":null,"Jaime Bet Amount":null,"Jaime Win/Lose/Push":null,"Jaime":null,"Nathan Bet Amount":null,"Nathan Win/Lose/Push":null,"Nathan":null,"Evan Bet Amount":null,"Evan Win/Lose/Push":null,"Evan":null,"Brandon Bet Amount":null,"Brandon Win/Lose/Push":null,"Brandon":null,"Total Team Bet":null,"Legends Bet":null,"Leaders Bet":null,"To Win":null,"Payout":null,"TOTALS":null,"Mitch Totals":null,"Phil Totals":null,"Bryce Totals":null,"Cory Totals":null,"JB Totals":null,"Ethan Totals":null,"Jaime Totals":null,"Nate Totals":null,"Evan Totals":null,"Brandon Totals":null},{"Week":"54","Date":"08/29/2025","Mitch Bet Amount":null,"Mitch Win/Lose/Push":null,"Mitch":null,"Phil Bet Amount":null,"Phil Win/Lose/Push":null,"Phil":null,"Bryce Bet Amount":null,"Bryce Win/Lose/Push":null,"Bryce":null,"Cory Bet Amount":null,"Cory Win/Lose/Push":null,"Cory":null,"JB Bet Amount":null,"JB Win/Lose/Push":null,"JB":null,"Ethan Bet Amount":null,"Ethan Win/Lose/Push":null,"Ethan":null,"Jaime Bet Amount":null,"Jaime Win/Lose/Push":null,"Jaime":null,"Nathan Bet Amount":null,"Nathan Win/Lose/Push":null,"Nathan":null,"Evan Bet Amount":null,"Evan Win/Lose/Push":null,"Evan":null,"Brandon Bet Amount":null,"Brandon Win/Lose/Push":null,"Brandon":null,"Total Team Bet":null,"Legends Bet":null,"Leaders Bet":null,"To Win":null,"Payout":null,"TOTALS":null,"Mitch Totals":null,"Phil Totals":null,"Bryce Totals":null,"Cory Totals":null,"JB Totals":null,"Ethan Totals":null,"Jaime Totals":null,"Nate Totals":null,"Evan Totals":null,"Brandon Totals":null},{"Week":"55","Date":"09/05/2025","Mitch Bet Amount":null,"Mitch Win/Lose/Push":null,"Mitch":null,"Phil Bet Amount":null,"Phil Win/Lose/Push":null,"Phil":null,"Bryce Bet Amount":null,"Bryce Win/Lose/Push":null,"Bryce":null,"Cory Bet Amount":null,"Cory Win/Lose/Push":null,"Cory":null,"JB Bet Amount":null,"JB Win/Lose/Push":null,"JB":null,"Ethan Bet Amount":null,"Ethan Win/Lose/Push":null,"Ethan":null,"Jaime Bet Amount":null,"Jaime Win/Lose/Push":null,"Jaime":null,"Nathan Bet Amount":null,"Nathan Win/Lose/Push":null,"Nathan":null,"Evan Bet Amount":null,"Evan Win/Lose/Push":null,"Evan":null,"Brandon Bet Amount":null,"Brandon Win/Lose/Push":null,"Brandon":null,"Total Team Bet":null,"Legends Bet":null,"Leaders Bet":null,"To Win":null,"Payout":null,"TOTALS":null,"Mitch Totals":null,"Phil Totals":null,"Bryce Totals":null,"Cory Totals":null,"JB Totals":null,"Ethan Totals":null,"Jaime Totals":null,"Nate Totals":null,"Evan Totals":null,"Brandon Totals":null},{"Week":"56","Date":"09/12/2025","Mitch Bet Amount":null,"Mitch Win/Lose/Push":null,"Mitch":null,"Phil Bet Amount":null,"Phil Win/Lose/Push":null,"Phil":null,"Bryce Bet Amount":null,"Bryce Win/Lose/Push":null,"Bryce":null,"Cory Bet Amount":null,"Cory Win/Lose/Push":null,"Cory":null,"JB Bet Amount":null,"JB Win/Lose/Push":null,"JB":null,"Ethan Bet Amount":null,"Ethan Win/Lose/Push":null,"Ethan":null,"Jaime Bet Amount":null,"Jaime Win/Lose/Push":null,"Jaime":null,"Nathan Bet Amount":null,"Nathan Win/Lose/Push":null,"Nathan":null,"Evan Bet Amount":null,"Evan Win/Lose/Push":null,"Evan":null,"Brandon Bet Amount":null,"Brandon Win/Lose/Push":null,"Brandon":null,"Total Team Bet":null,"Legends Bet":null,"Leaders Bet":null,"To Win":null,"Payout":null,"TOTALS":null,"Mitch Totals":null,"Phil Totals":null,"Bryce Totals":null,"Cory Totals":null,"JB Totals":null,"Ethan Totals":null,"Jaime Totals":null,"Nate Totals":null,"Evan Totals":null,"Brandon Totals":null},{"Week":"57","Date":"09/19/2025","Mitch Bet Amount":null,"Mitch Win/Lose/Push":null,"Mitch":null,"Phil Bet Amount":null,"Phil Win/Lose/Push":null,"Phil":null,"Bryce Bet Amount":null,"Bryce Win/Lose/Push":null,"Bryce":null,"Cory Bet Amount":null,"Cory Win/Lose/Push":null,"Cory":null,"JB Bet Amount":null,"JB Win/Lose/Push":null,"JB":null,"Ethan Bet Amount":null,"Ethan Win/Lose/Push":null,"Ethan":null,"Jaime Bet Amount":null,"Jaime Win/Lose/Push":null,"Jaime":null,"Nathan Bet Amount":null,"Nathan Win/Lose/Push":null,"Nathan":null,"Evan Bet Amount":null,"Evan Win/Lose/Push":null,"Evan":null,"Brandon Bet Amount":null,"Brandon Win/Lose/Push":null,"Brandon":null,"Total Team Bet":null,"Legends Bet":null,"Leaders Bet":null,"To Win":null,"Payout":null,"TOTALS":null,"Mitch Totals":null,"Phil Totals":null,"Bryce Totals":null,"Cory Totals":null,"JB Totals":null,"Ethan Totals":null,"Jaime Totals":null,"Nate Totals":null,"Evan Totals":null,"Brandon Totals":null},{"Week":"58","Date":"09/26/2025","Mitch Bet Amount":null,"Mitch Win/Lose/Push":null,"Mitch":null,"Phil Bet Amount":null,"Phil Win/Lose/Push":null,"Phil":null,"Bryce Bet Amount":null,"Bryce Win/Lose/Push":null,"Bryce":null,"Cory Bet Amount":null,"Cory Win/Lose/Push":null,"Cory":null,"JB Bet Amount":null,"JB Win/Lose/Push":null,"JB":null,"Ethan Bet Amount":null,"Ethan Win/Lose/Push":null,"Ethan":null,"Jaime Bet Amount":null,"Jaime Win/Lose/Push":null,"Jaime":null,"Nathan Bet Amount":null,"Nathan Win/Lose/Push":null,"Nathan":null,"Evan Bet Amount":null,"Evan Win/Lose/Push":null,"Evan":null,"Brandon Bet Amount":null,"Brandon Win/Lose/Push":null,"Brandon":null,"Total Team Bet":null,"Legends Bet":null,"Leaders Bet":null,"To Win":null,"Payout":null,"TOTALS":null,"Mitch Totals":null,"Phil Totals":null,"Bryce Totals":null,"Cory Totals":null,"JB Totals":null,"Ethan Totals":null,"Jaime Totals":null,"Nate Totals":null,"Evan Totals":null,"Brandon Totals":null},{"Week":"59","Date":"10/03/2025","Mitch Bet Amount":null,"Mitch Win/Lose/Push":null,"Mitch":null,"Phil Bet Amount":null,"Phil Win/Lose/Push":null,"Phil":null,"Bryce Bet Amount":null,"Bryce Win/Lose/Push":null,"Bryce":null,"Cory Bet Amount":null,"Cory Win/Lose/Push":null,"Cory":null,"JB Bet Amount":null,"JB Win/Lose/Push":null,"JB":null,"Ethan Bet Amount":null,"Ethan Win/Lose/Push":null,"Ethan":null,"Jaime Bet Amount":null,"Jaime Win/Lose/Push":null,"Jaime":null,"Nathan Bet Amount":null,"Nathan Win/Lose/Push":null,"Nathan":null,"Evan Bet Amount":null,"Evan Win/Lose/Push":null,"Evan":null,"Brandon Bet Amount":null,"Brandon Win/Lose/Push":null,"Brandon":null,"Total Team Bet":null,"Legends Bet":null,"Leaders Bet":null,"To Win":null,"Payout":null,"TOTALS":null,"Mitch Totals":null,"Phil Totals":null,"Bryce Totals":null,"Cory Totals":null,"JB Totals":null,"Ethan Totals":null,"Jaime Totals":null,"Nate Totals":null,"Evan Totals":null,"Brandon Totals":null},{"Week":"60","Date":"10/10/2025","Mitch Bet Amount":null,"Mitch Win/Lose/Push":null,"Mitch":null,"Phil Bet Amount":null,"Phil Win/Lose/Push":null,"Phil":null,"Bryce Bet Amount":null,"Bryce Win/Lose/Push":null,"Bryce":null,"Cory Bet Amount":null,"Cory Win/Lose/Push":null,"Cory":null,"JB Bet Amount":null,"JB Win/Lose/Push":null,"JB":null,"Ethan Bet Amount":null,"Ethan Win/Lose/Push":null,"Ethan":null,"Jaime Bet Amount":null,"Jaime Win/Lose/Push":null,"Jaime":null,"Nathan Bet Amount":null,"Nathan Win/Lose/Push":null,"Nathan":null,"Evan Bet Amount":null,"Evan Win/Lose/Push":null,"Evan":null,"Brandon Bet Amount":null,"Brandon Win/Lose/Push":null,"Brandon":null,"Total Team Bet":null,"Legends Bet":null,"Leaders Bet":null,"To Win":null,"Payout":null,"TOTALS":null,"Mitch Totals":null,"Phil Totals":null,"Bryce Totals":null,"Cory Totals":null,"JB Totals":null,"Ethan Totals":null,"Jaime Totals":null,"Nate Totals":null,"Evan Totals":null,"Brandon Totals":null},{"Week":"61","Date":"10/17/2025","Mitch Bet Amount":null,"Mitch Win/Lose/Push":null,"Mitch":null,"Phil Bet Amount":null,"Phil Win/Lose/Push":null,"Phil":null,"Bryce Bet Amount":null,"Bryce Win/Lose/Push":null,"Bryce":null,"Cory Bet Amount":null,"Cory Win/Lose/Push":null,"Cory":null,"JB Bet Amount":null,"JB Win/Lose/Push":null,"JB":null,"Ethan Bet Amount":null,"Ethan Win/Lose/Push":null,"Ethan":null,"Jaime Bet Amount":null,"Jaime Win/Lose/Push":null,"Jaime":null,"Nathan Bet Amount":null,"Nathan Win/Lose/Push":null,"Nathan":null,"Evan Bet Amount":null,"Evan Win/Lose/Push":null,"Evan":null,"Brandon Bet Amount":null,"Brandon Win/Lose/Push":null,"Brandon":null,"Total Team Bet":null,"Legends Bet":null,"Leaders Bet":null,"To Win":null,"Payout":null,"TOTALS":null,"Mitch Totals":null,"Phil Totals":null,"Bryce Totals":null,"Cory Totals":null,"JB Totals":null,"Ethan Totals":null,"Jaime Totals":null,"Nate Totals":null,"Evan Totals":null,"Brandon Totals":null},{"Week":"62","Date":"10/24/2025","Mitch Bet Amount":null,"Mitch Win/Lose/Push":null,"Mitch":null,"Phil Bet Amount":null,"Phil Win/Lose/Push":null,"Phil":null,"Bryce Bet Amount":null,"Bryce Win/Lose/Push":null,"Bryce":null,"Cory Bet Amount":null,"Cory Win/Lose/Push":null,"Cory":null,"JB Bet Amount":null,"JB Win/Lose/Push":null,"JB":null,"Ethan Bet Amount":null,"Ethan Win/Lose/Push":null,"Ethan":null,"Jaime Bet Amount":null,"Jaime Win/Lose/Push":null,"Jaime":null,"Nathan Bet Amount":null,"Nathan Win/Lose/Push":null,"Nathan":null,"Evan Bet Amount":null,"Evan Win/Lose/Push":null,"Evan":null,"Brandon Bet Amount":null,"Brandon Win/Lose/Push":null,"Brandon":null,"Total Team Bet":null,"Legends Bet":null,"Leaders Bet":null,"To Win":null,"Payout":null,"TOTALS":null,"Mitch Totals":null,"Phil Totals":null,"Bryce Totals":null,"Cory Totals":null,"JB Totals":null,"Ethan Totals":null,"Jaime Totals":null,"Nate Totals":null,"Evan Totals":null,"Brandon Totals":null},{"Week":"63","Date":"10/31/2025","Mitch Bet Amount":null,"Mitch Win/Lose/Push":null,"Mitch":null,"Phil Bet Amount":null,"Phil Win/Lose/Push":null,"Phil":null,"Bryce Bet Amount":null,"Bryce Win/Lose/Push":null,"Bryce":null,"Cory Bet Amount":null,"Cory Win/Lose/Push":null,"Cory":null,"JB Bet Amount":null,"JB Win/Lose/Push":null,"JB":null,"Ethan Bet Amount":null,"Ethan Win/Lose/Push":null,"Ethan":null,"Jaime Bet Amount":null,"Jaime Win/Lose/Push":null,"Jaime":null,"Nathan Bet Amount":null,"Nathan Win/Lose/Push":null,"Nathan":null,"Evan Bet Amount":null,"Evan Win/Lose/Push":null,"Evan":null,"Brandon Bet Amount":null,"Brandon Win/Lose/Push":null,"Brandon":null,"Total Team Bet":null,"Legends Bet":null,"Leaders Bet":null,"To Win":null,"Payout":null,"TOTALS":null,"Mitch Totals":null,"Phil Totals":null,"Bryce Totals":null,"Cory Totals":null,"JB Totals":null,"Ethan Totals":null,"Jaime Totals":null,"Nate Totals":null,"Evan Totals":null,"Brandon Totals":null},{"Week":"64","Date":"11/07/2025","Mitch Bet Amount":null,"Mitch Win/Lose/Push":null,"Mitch":null,"Phil Bet Amount":null,"Phil Win/Lose/Push":null,"Phil":null,"Bryce Bet Amount":null,"Bryce Win/Lose/Push":null,"Bryce":null,"Cory Bet Amount":null,"Cory Win/Lose/Push":null,"Cory":null,"JB Bet Amount":null,"JB Win/Lose/Push":null,"JB":null,"Ethan Bet Amount":null,"Ethan Win/Lose/Push":null,"Ethan":null,"Jaime Bet Amount":null,"Jaime Win/Lose/Push":null,"Jaime":null,"Nathan Bet Amount":null,"Nathan Win/Lose/Push":null,"Nathan":null,"Evan Bet Amount":null,"Evan Win/Lose/Push":null,"Evan":null,"Brandon Bet Amount":null,"Brandon Win/Lose/Push":null,"Brandon":null,"Total Team Bet":null,"Legends Bet":null,"Leaders Bet":null,"To Win":null,"Payout":null,"TOTALS":null,"Mitch Totals":null,"Phil Totals":null,"Bryce Totals":null,"Cory Totals":null,"JB Totals":null,"Ethan Totals":null,"Jaime Totals":null,"Nate Totals":null,"Evan Totals":null,"Brandon Totals":null},{"Week":"65","Date":"11/14/2025","Mitch Bet Amount":null,"Mitch Win/Lose/Push":null,"Mitch":null,"Phil Bet Amount":null,"Phil Win/Lose/Push":null,"Phil":null,"Bryce Bet Amount":null,"Bryce Win/Lose/Push":null,"Bryce":null,"Cory Bet Amount":null,"Cory Win/Lose/Push":null,"Cory":null,"JB Bet Amount":null,"JB Win/Lose/Push":null,"JB":null,"Ethan Bet Amount":null,"Ethan Win/Lose/Push":null,"Ethan":null,"Jaime Bet Amount":null,"Jaime Win/Lose/Push":null,"Jaime":null,"Nathan Bet Amount":null,"Nathan Win/Lose/Push":null,"Nathan":null,"Evan Bet Amount":null,"Evan Win/Lose/Push":null,"Evan":null,"Brandon Bet Amount":null,"Brandon Win/Lose/Push":null,"Brandon":null,"Total Team Bet":null,"Legends Bet":null,"Leaders Bet":null,"To Win":null,"Payout":null,"TOTALS":null,"Mitch Totals":null,"Phil Totals":null,"Bryce Totals":null,"Cory Totals":null,"JB Totals":null,"Ethan Totals":null,"Jaime Totals":null,"Nate Totals":null,"Evan Totals":null,"Brandon Totals":null},{"Week":"66","Date":"11/21/2025","Mitch Bet Amount":null,"Mitch Win/Lose/Push":null,"Mitch":null,"Phil Bet Amount":null,"Phil Win/Lose/Push":null,"Phil":null,"Bryce Bet Amount":null,"Bryce Win/Lose/Push":null,"Bryce":null,"Cory Bet Amount":null,"Cory Win/Lose/Push":null,"Cory":null,"JB Bet Amount":null,"JB Win/Lose/Push":null,"JB":null,"Ethan Bet Amount":null,"Ethan Win/Lose/Push":null,"Ethan":null,"Jaime Bet Amount":null,"Jaime Win/Lose/Push":null,"Jaime":null,"Nathan Bet Amount":null,"Nathan Win/Lose/Push":null,"Nathan":null,"Evan Bet Amount":null,"Evan Win/Lose/Push":null,"Evan":null,"Brandon Bet Amount":null,"Brandon Win/Lose/Push":null,"Brandon":null,"Total Team Bet":null,"Legends Bet":null,"Leaders Bet":null,"To Win":null,"Payout":null,"TOTALS":null,"Mitch Totals":null,"Phil Totals":null,"Bryce Totals":null,"Cory Totals":null,"JB Totals":null,"Ethan Totals":null,"Jaime Totals":null,"Nate Totals":null,"Evan Totals":null,"Brandon Totals":null},{"Week":"67","Date":"11/28/2025","Mitch Bet Amount":null,"Mitch Win/Lose/Push":null,"Mitch":null,"Phil Bet Amount":null,"Phil Win/Lose/Push":null,"Phil":null,"Bryce Bet Amount":null,"Bryce Win/Lose/Push":null,"Bryce":null,"Cory Bet Amount":null,"Cory Win/Lose/Push":null,"Cory":null,"JB Bet Amount":null,"JB Win/Lose/Push":null,"JB":null,"Ethan Bet Amount":null,"Ethan Win/Lose/Push":null,"Ethan":null,"Jaime Bet Amount":null,"Jaime Win/Lose/Push":null,"Jaime":null,"Nathan Bet Amount":null,"Nathan Win/Lose/Push":null,"Nathan":null,"Evan Bet Amount":null,"Evan Win/Lose/Push":null,"Evan":null,"Brandon Bet Amount":null,"Brandon Win/Lose/Push":null,"Brandon":null,"Total Team Bet":null,"Legends Bet":null,"Leaders Bet":null,"To Win":null,"Payout":null,"TOTALS":null,"Mitch Totals":null,"Phil Totals":null,"Bryce Totals":null,"Cory Totals":null,"JB Totals":null,"Ethan Totals":null,"Jaime Totals":null,"Nate Totals":null,"Evan Totals":null,"Brandon Totals":null},{"Week":"68","Date":"12/05/2025","Mitch Bet Amount":null,"Mitch Win/Lose/Push":null,"Mitch":null,"Phil Bet Amount":null,"Phil Win/Lose/Push":null,"Phil":null,"Bryce Bet Amount":null,"Bryce Win/Lose/Push":null,"Bryce":null,"Cory Bet Amount":null,"Cory Win/Lose/Push":null,"Cory":null,"JB Bet Amount":null,"JB Win/Lose/Push":null,"JB":null,"Ethan Bet Amount":null,"Ethan Win/Lose/Push":null,"Ethan":null,"Jaime Bet Amount":null,"Jaime Win/Lose/Push":null,"Jaime":null,"Nathan Bet Amount":null,"Nathan Win/Lose/Push":null,"Nathan":null,"Evan Bet Amount":null,"Evan Win/Lose/Push":null,"Evan":null,"Brandon Bet Amount":null,"Brandon Win/Lose/Push":null,"Brandon":null,"Total Team Bet":null,"Legends Bet":null,"Leaders Bet":null,"To Win":null,"Payout":null,"TOTALS":null,"Mitch Totals":null,"Phil Totals":null,"Bryce Totals":null,"Cory Totals":null,"JB Totals":null,"Ethan Totals":null,"Jaime Totals":null,"Nate Totals":null,"Evan Totals":null,"Brandon Totals":null},{"Week":"69","Date":"12/12/2025","Mitch Bet Amount":null,"Mitch Win/Lose/Push":null,"Mitch":null,"Phil Bet Amount":null,"Phil Win/Lose/Push":null,"Phil":null,"Bryce Bet Amount":null,"Bryce Win/Lose/Push":null,"Bryce":null,"Cory Bet Amount":null,"Cory Win/Lose/Push":null,"Cory":null,"JB Bet Amount":null,"JB Win/Lose/Push":null,"JB":null,"Ethan Bet Amount":null,"Ethan Win/Lose/Push":null,"Ethan":null,"Jaime Bet Amount":null,"Jaime Win/Lose/Push":null,"Jaime":null,"Nathan Bet Amount":null,"Nathan Win/Lose/Push":null,"Nathan":null,"Evan Bet Amount":null,"Evan Win/Lose/Push":null,"Evan":null,"Brandon Bet Amount":null,"Brandon Win/Lose/Push":null,"Brandon":null,"Total Team Bet":null,"Legends Bet":null,"Leaders Bet":null,"To Win":null,"Payout":null,"TOTALS":null,"Mitch Totals":null,"Phil Totals":null,"Bryce Totals":null,"Cory Totals":null,"JB Totals":null,"Ethan Totals":null,"Jaime Totals":null,"Nate Totals":null,"Evan Totals":null,"Brandon Totals":null},{"Week":"70","Date":"12/19/2025","Mitch Bet Amount":null,"Mitch Win/Lose/Push":null,"Mitch":null,"Phil Bet Amount":null,"Phil Win/Lose/Push":null,"Phil":null,"Bryce Bet Amount":null,"Bryce Win/Lose/Push":null,"Bryce":null,"Cory Bet Amount":null,"Cory Win/Lose/Push":null,"Cory":null,"JB Bet Amount":null,"JB Win/Lose/Push":null,"JB":null,"Ethan Bet Amount":null,"Ethan Win/Lose/Push":null,"Ethan":null,"Jaime Bet Amount":null,"Jaime Win/Lose/Push":null,"Jaime":null,"Nathan Bet Amount":null,"Nathan Win/Lose/Push":null,"Nathan":null,"Evan Bet Amount":null,"Evan Win/Lose/Push":null,"Evan":null,"Brandon Bet Amount":null,"Brandon Win/Lose/Push":null,"Brandon":null,"Total Team Bet":null,"Legends Bet":null,"Leaders Bet":null,"To Win":null,"Payout":null,"TOTALS":null,"Mitch Totals":null,"Phil Totals":null,"Bryce Totals":null,"Cory Totals":null,"JB Totals":null,"Ethan Totals":null,"Jaime Totals":null,"Nate Totals":null,"Evan Totals":null,"Brandon Totals":null},{"Week":"71","Date":"12/26/2025","Mitch Bet Amount":null,"Mitch Win/Lose/Push":null,"Mitch":null,"Phil Bet Amount":null,"Phil Win/Lose/Push":null,"Phil":null,"Bryce Bet Amount":null,"Bryce Win/Lose/Push":null,"Bryce":null,"Cory Bet Amount":null,"Cory Win/Lose/Push":null,"Cory":null,"JB Bet Amount":null,"JB Win/Lose/Push":null,"JB":null,"Ethan Bet Amount":null,"Ethan Win/Lose/Push":null,"Ethan":null,"Jaime Bet Amount":null,"Jaime Win/Lose/Push":null,"Jaime":null,"Nathan Bet Amount":null,"Nathan Win/Lose/Push":null,"Nathan":null,"Evan Bet Amount":null,"Evan Win/Lose/Push":null,"Evan":null,"Brandon Bet Amount":null,"Brandon Win/Lose/Push":null,"Brandon":null,"Total Team Bet":null,"Legends Bet":null,"Leaders Bet":null,"To Win":null,"Payout":null,"TOTALS":null,"Mitch Totals":null,"Phil Totals":null,"Bryce Totals":null,"Cory Totals":null,"JB Totals":null,"Ethan Totals":null,"Jaime Totals":null,"Nate Totals":null,"Evan Totals":null,"Brandon Totals":null},{"Week":"72","Date":"01/02/2026","Mitch Bet Amount":null,"Mitch Win/Lose/Push":null,"Mitch":null,"Phil Bet Amount":null,"Phil Win/Lose/Push":null,"Phil":null,"Bryce Bet Amount":null,"Bryce Win/Lose/Push":null,"Bryce":null,"Cory Bet Amount":null,"Cory Win/Lose/Push":null,"Cory":null,"JB Bet Amount":null,"JB Win/Lose/Push":null,"JB":null,"Ethan Bet Amount":null,"Ethan Win/Lose/Push":null,"Ethan":null,"Jaime Bet Amount":null,"Jaime Win/Lose/Push":null,"Jaime":null,"Nathan Bet Amount":null,"Nathan Win/Lose/Push":null,"Nathan":null,"Evan Bet Amount":null,"Evan Win/Lose/Push":null,"Evan":null,"Brandon Bet Amount":null,"Brandon Win/Lose/Push":null,"Brandon":null,"Total Team Bet":null,"Legends Bet":null,"Leaders Bet":null,"To Win":null,"Payout":null,"TOTALS":null,"Mitch Totals":null,"Phil Totals":null,"Bryce Totals":null,"Cory Totals":null,"JB Totals":null,"Ethan Totals":null,"Jaime Totals":null,"Nate Totals":null,"Evan Totals":null,"Brandon Totals":null},{"Week":"73","Date":"01/09/2026","Mitch Bet Amount":null,"Mitch Win/Lose/Push":null,"Mitch":null,"Phil Bet Amount":null,"Phil Win/Lose/Push":null,"Phil":null,"Bryce Bet Amount":null,"Bryce Win/Lose/Push":null,"Bryce":null,"Cory Bet Amount":null,"Cory Win/Lose/Push":null,"Cory":null,"JB Bet Amount":null,"JB Win/Lose/Push":null,"JB":null,"Ethan Bet Amount":null,"Ethan Win/Lose/Push":null,"Ethan":null,"Jaime Bet Amount":null,"Jaime Win/Lose/Push":null,"Jaime":null,"Nathan Bet Amount":null,"Nathan Win/Lose/Push":null,"Nathan":null,"Evan Bet Amount":null,"Evan Win/Lose/Push":null,"Evan":null,"Brandon Bet Amount":null,"Brandon Win/Lose/Push":null,"Brandon":null,"Total Team Bet":null,"Legends Bet":null,"Leaders Bet":null,"To Win":null,"Payout":null,"TOTALS":null,"Mitch Totals":null,"Phil Totals":null,"Bryce Totals":null,"Cory Totals":null,"JB Totals":null,"Ethan Totals":null,"Jaime Totals":null,"Nate Totals":null,"Evan Totals":null,"Brandon Totals":null}]
3:31:44 AM [express] GET /api/data 304 in 6ms :: [{"Week":"1","Date":"8/25/23","Mitch Bet Amount":"$10","Mitch Win/Lose/Push":"Win","Mitch":"San Diego St -2.5","Phil Bet Amount":"$10","Phil Win/Lose/Push":"Win","Phil":"Hawaii/Vanderbilt Over","Bryce Bet Amount":"$5","Bryce Win/Lose/Push":"Win","Bryce":"Glover over Henley","Cory Bet Amount":"$10","Cory Win/Lose/Push":"Win","Cory":"Nebraska +7.5","JB Bet Amount":"$5","JB Win/Lose/Push":"Win","JB":"Utah","Ethan Bet Amount":"$10","Ethan Win/Lose/Push":"Win","Ethan":"MN/Neb Under","Jaime Bet Amount":"","Jaime Win/Lose/Push":"","Jaime":"","Nathan Bet Amount":"","Nathan Win/Lose/Push":"","Nathan":"","Evan Bet Amount":"","Evan Win/Lose/Push":"","Evan":"","Brandon Bet Amount":"","Brandon Win/Lose/Push":"","Brandon":"","Total Team Bet":"$50.00","Legends Bet":"","Leaders Bet":"","To Win":"2752.57","Payout":"$2,802.57","TOTALS":"Total Bet","Mitch Totals":"290","Phil Totals":"260","Bryce Totals":"240","Cory Totals":"360","JB Totals":"405","Ethan Totals":"295","Jaime Totals":"0","Nate Totals":"0","Evan Totals":"0","Brandon Totals":"0"},{"Week":"2","Date":"9/1/23","Mitch Bet Amount":"$5","Mitch Win/Lose/Push":"Win","Mitch":"Washington -14","Phil Bet Amount":"$5","Phil Win/Lose/Push":"Loss","Phil":"Purdue/Fresno Under","Bryce Bet Amount":"$5","Bryce Win/Lose/Push":"Win","Bryce":"Tail Ethan","Cory Bet Amount":"$5","Cory Win/Lose/Push":"Loss","Cory":"Wisconsin under","JB Bet Amount":"$5","JB Win/Lose/Push":"Loss","JB":"Utsa. meep meep","Ethan Bet Amount":"$5","Ethan Win/Lose/Push":"Win","Ethan":"Iowa Under","Jaime Bet Amount":"","Jaime Win/Lose/Push":"","Jaime":"","Nathan Bet Amount":"","Nathan Win/Lose/Push":"","Nathan":"","Evan Bet Amount":"","Evan Win/Lose/Push":"","Evan":"","Brandon Bet Amount":"","Brandon Win/Lose/Push":"","Brandon":"","Total Team Bet":"$30.00","Legends Bet":"","Leaders Bet":"","To Win":"","Payout":"","TOTALS":"Total Wins","Mitch Totals":"17","Phil Totals":"17","Bryce Totals":"18","Cory Totals":"11","JB Totals":"11","Ethan Totals":"17","Jaime Totals":"0","Nate Totals":"0","Evan Totals":"0","Brandon Totals":"0"},{"Week":"3","Date":"9/8/23","Mitch Bet Amount":"$5","Mitch Win/Lose/Push":"Win","Mitch":"Georgia Southern -7","Phil Bet Amount":"$10","Phil Win/Lose/Push":"Win","Phil":"Nebraska/Coach Prime Under","Bryce Bet Amount":"$5","Bryce Win/Lose/Push":"Win","Bryce":"Gophers under","Cory Bet Amount":"$10","Cory Win/Lose/Push":"Loss","Cory":"Bears -1.5","JB Bet Amount":"$10","JB Win/Lose/Push":"Win","JB":"coach prime -3","Ethan Bet Amount":"$5","Ethan Win/Lose/Push":"Win","Ethan":"Tail Phil ","Jaime Bet Amount":"","Jaime Win/Lose/Push":"","Jaime":"","Nathan Bet Amount":"","Nathan Win/Lose/Push":"","Nathan":"","Evan Bet Amount":"","Evan Win/Lose/Push":"","Evan":"","Brandon Bet Amount":"","Brandon Win/Lose/Push":"","Brandon":"","Total Team Bet":"$45.00","Legends Bet":"","Leaders Bet":"","To Win":"","Payout":"","TOTALS":"Total Losses","Mitch Totals":"12","Phil Totals":"11","Bryce Totals":"13","Cory Totals":"18","JB Totals":"18","Ethan Totals":"14","Jaime Totals":"0","Nate Totals":"0","Evan Totals":"0","Brandon Totals":"0"},{"Week":"4","Date":"9/15/23","Mitch Bet Amount":"$5","Mitch Win/Lose/Push":"Win","Mitch":"Rutgers -7","Phil Bet Amount":"$5","Phil Win/Lose/Push":"Win","Phil":"Indiana under","Bryce Bet Amount":"$5","Bryce Win/Lose/Push":"Loss","Bryce":"Nebraska under","Cory Bet Amount":"$15","Cory Win/Lose/Push":"Loss","Cory":"Ohio st under","JB Bet Amount":"$5","JB Win/Lose/Push":"Win","JB":"Wisconsin -20 ","Ethan Bet Amount":"$5","Ethan Win/Lose/Push":"Win","Ethan":"Florida +5.5","Jaime Bet Amount":"","Jaime Win/Lose/Push":"","Jaime":"","Nathan Bet Amount":"","Nathan Win/Lose/Push":"","Nathan":"","Evan Bet Amount":"","Evan Win/Lose/Push":"","Evan":"","Brandon Bet Amount":"","Brandon Win/Lose/Push":"","Brandon":"","Total Team Bet":"$40.00","Legends Bet":"","Leaders Bet":"","To Win":"","Payout":"","TOTALS":"Total Pushes","Mitch Totals":"2","Phil Totals":"3","Bryce Totals":"0","Cory Totals":"2","JB Totals":"2","Ethan Totals":"0","Jaime Totals":"0","Nate Totals":"0","Evan Totals":"0","Brandon Totals":"0"},{"Week":"5","Date":"9/22/23","Mitch Bet Amount":"$5","Mitch Win/Lose/Push":"Win","Mitch":"Texas A&M -9 ","Phil Bet Amount":"$5","Phil Win/Lose/Push":"Win","Phil":"TCU/SMU Under ","Bryce Bet Amount":"$10","Bryce Win/Lose/Push":"Loss","Bryce":"Vikings -1 ","Cory Bet Amount":"$20","Cory Win/Lose/Push":"Loss","Cory":"Tail JB ","JB Bet Amount":"$5","JB Win/Lose/Push":"Loss","JB":"Psu over ","Ethan Bet Amount":"$5","Ethan Win/Lose/Push":"Loss","Ethan":"Gophs Cover ","Jaime Bet Amount":"","Jaime Win/Lose/Push":"","Jaime":"","Nathan Bet Amount":"","Nathan Win/Lose/Push":"","Nathan":"","Evan Bet Amount":"","Evan Win/Lose/Push":"","Evan":"","Brandon Bet Amount":"","Brandon Win/Lose/Push":"","Brandon":"","Total Team Bet":"$50.00","Legends Bet":"","Leaders Bet":"","To Win":"","Payout":"","TOTALS":"Win Percentage","Mitch Totals":"58.62%","Phil Totals":"60.71%","Bryce Totals":"58.06%","Cory Totals":"37.93%","JB Totals":"37.93%","Ethan Totals":"54.84%","Jaime Totals":"0.00%","Nate Totals":"0.00%","Evan Totals":"0.00%","Brandon Totals":"0.00%"},{"Week":"6","Date":"9/29/23","Mitch Bet Amount":"$5","Mitch Win/Lose/Push":"Push","Mitch":"Memphis -3","Phil Bet Amount":"$5","Phil Win/Lose/Push":"Win","Phil":"Texas A&M/Arkansas Over","Bryce Bet Amount":"$15","Bryce Win/Lose/Push":"Win","Bryce":"Colorado cover","Cory Bet Amount":"$25","Cory Win/Lose/Push":"Push","Cory":"Mitch ","JB Bet Amount":"$10","JB Win/Lose/Push":"Loss","JB":"UNLV under","Ethan Bet Amount":"$10","Ethan Win/Lose/Push":"Loss","Ethan":"Iowa -10.5","Jaime Bet Amount":"","Jaime Win/Lose/Push":"","Jaime":"","Nathan Bet Amount":"","Nathan Win/Lose/Push":"","Nathan":"","Evan Bet Amount":"","Evan Win/Lose/Push":"","Evan":"","Brandon Bet Amount":"","Brandon Win/Lose/Push":"","Brandon":"","Total Team Bet":"$70.00","Legends Bet":null,"Leaders Bet":null,"To Win":null,"Payout":null,"TOTALS":null,"Mitch Totals":null,"Phil Totals":null,"Bryce Totals":null,"Cory Totals":null,"JB Totals":null,"Ethan Totals":null,"Jaime Totals":null,"Nate Totals":null,"Evan Totals":null,"Brandon Totals":null},{"Week":"7","Date":"10/6/23","Mitch Bet Amount":"$5","Mitch Win/Lose/Push":"Loss","Mitch":"Notre Dame -6.5","Phil Bet Amount":"$5","Phil Win/Lose/Push":"Win","Phil":"LSU/Mizzou Over","Bryce Bet Amount":"$5","Bryce Win/Lose/Push":"Win","Bryce":"Rutgers ","Cory Bet Amount":"$25","Cory Win/Lose/Push":"Win","Cory":"JB","JB Bet Amount":"$15","JB Win/Lose/Push":"Win","JB":"MichigaN -20","Ethan Bet Amount":"$15","Ethan Win/Lose/Push":"Loss","Ethan":"Gopher under","Jaime Bet Amount":"","Jaime Win/Lose/Push":"","Jaime":"","Nathan Bet Amount":"","Nathan Win/Lose/Push":"","Nathan":"","Evan Bet Amount":"","Evan Win/Lose/Push":"","Evan":"","Brandon Bet Amount":"","Brandon Win/Lose/Push":"","Brandon":"","Total Team Bet":"$70.00","Legends Bet":null,"Leaders Bet":null,"To Win":null,"Payout":null,"TOTALS":null,"Mitch Totals":null,"Phil Totals":null,"Bryce Totals":null,"Cory Totals":null,"JB Totals":null,"Ethan Totals":null,"Jaime Totals":null,"Nate Totals":null,"Evan Totals":null,"Brandon Totals":null},{"Week":"8","Date":"10/13/23","Mitch Bet Amount":"$10","Mitch Win/Lose/Push":"Win","Mitch":"Kansas St/TT Over","Phil Bet Amount":"$5","Phil Win/Lose/Push":"Win","Phil":"OSU/Purdue Under","Bryce Bet Amount":"$5","Bryce Win/Lose/Push":"Win","Bryce":"Washington cover","Cory Bet Amount":"$5","Cory Win/Lose/Push":"Loss","Cory":"Louisville cover","JB Bet Amount":"$5","JB Win/Lose/Push":"Loss","JB":"Temple Over","Ethan Bet Amount":"$20","Ethan Win/Lose/Push":"Loss","Ethan":"Tail Cory","Jaime Bet Amount":"","Jaime Win/Lose/Push":"","Jaime":"","Nathan Bet Amount":"","Nathan Win/Lose/Push":"","Nathan":"","Evan Bet Amount":"","Evan Win/Lose/Push":"","Evan":"","Brandon Bet Amount":"","Brandon Win/Lose/Push":"","Brandon":"","Total Team Bet":"$50.00","Legends Bet":null,"Leaders Bet":null,"To Win":null,"Payout":null,"TOTALS":null,"Mitch Totals":null,"Phil Totals":null,"Bryce Totals":null,"Cory Totals":null,"JB Totals":null,"Ethan Totals":null,"Jaime Totals":null,"Nate Totals":null,"Evan Totals":null,"Brandon Totals":null},{"Week":"9","Date":"10/20/23","Mitch Bet Amount":"$5","Mitch Win/Lose/Push":"Win","Mitch":"Kansas St -5.5 ","Phil Bet Amount":"$5","Phil Win/Lose/Push":"Win","Phil":"Air Force/navy under ","Bryce Bet Amount":"$5","Bryce Win/Lose/Push":"Win","Bryce":"Utah  ","Cory Bet Amount":"$10","Cory Win/Lose/Push":"Loss","Cory":"Iowa ","JB Bet Amount":"$10","JB Win/Lose/Push":"Win","JB":"michigan ","Ethan Bet Amount":"$25","Ethan Win/Lose/Push":"Win","Ethan":"Tail Mitch  ","Jaime Bet Amount":"","Jaime Win/Lose/Push":"","Jaime":"","Nathan Bet Amount":"","Nathan Win/Lose/Push":"","Nathan":"","Evan Bet Amount":"","Evan Win/Lose/Push":"","Evan":"","Brandon Bet Amount":"","Brandon Win/Lose/Push":"","Brandon":"","Total Team Bet":"$60.00","Legends Bet":null,"Leaders Bet":null,"To Win":null,"Payout":null,"TOTALS":null,"Mitch Totals":null,"Phil Totals":null,"Bryce Totals":null,"Cory Totals":null,"JB Totals":null,"Ethan Totals":null,"Jaime Totals":null,"Nate Totals":null,"Evan Totals":null,"Brandon Totals":null},{"Week":"10","Date":"10/27/23","Mitch Bet Amount":"$5","Mitch Win/Lose/Push":"Loss","Mitch":"Maryland -14 ","Phil Bet Amount":"$5","Phil Win/Lose/Push":"Win","Phil":"UConn/BC Under ","Bryce Bet Amount":"$5","Bryce Win/Lose/Push":"Loss","Bryce":"Oregon St ","Cory Bet Amount":"$15","Cory Win/Lose/Push":"Win","Cory":"Vikings ","JB Bet Amount":"$5","JB Win/Lose/Push":"Loss","JB":"Oklahoma -9 ","Ethan Bet Amount":"$5","Ethan Win/Lose/Push":"Loss","Ethan":"Memphis N Texas U 68 ","Jaime Bet Amount":"","Jaime Win/Lose/Push":"","Jaime":"","Nathan Bet Amount":"","Nathan Win/Lose/Push":"","Nathan":"","Evan Bet Amount":"","Evan Win/Lose/Push":"","Evan":"","Brandon Bet Amount":"","Brandon Win/Lose/Push":"","Brandon":"","Total Team Bet":"$40.00","Legends Bet":null,"Leaders Bet":null,"To Win":null,"Payout":null,"TOTALS":null,"Mitch Totals":null,"Phil Totals":null,"Bryce Totals":null,"Cory Totals":null,"JB Totals":null,"Ethan Totals":null,"Jaime Totals":null,"Nate Totals":null,"Evan Totals":null,"Brandon Totals":null},{"Week":"11","Date":"11/3/23","Mitch Bet Amount":"$10","Mitch Win/Lose/Push":"Loss","Mitch":"Nebraska -3","Phil Bet Amount":"$5","Phil Win/Lose/Push":"Loss","Phil":"Arkansas/Florida Under","Bryce Bet Amount":"$10","Bryce Win/Lose/Push":"Win","Bryce":"Washington (whoever is playing USC)","Cory Bet Amount":"$5","Cory Win/Lose/Push":"Loss","Cory":"Gophers under","JB Bet Amount":"$10","JB Win/Lose/Push":"Win","JB":"Michigan Over","Ethan Bet Amount":"$10","Ethan Win/Lose/Push":"Win","Ethan":"Bama -3","Jaime Bet Amount":"","Jaime Win/Lose/Push":"","Jaime":"","Nathan Bet Amount":"","Nathan Win/Lose/Push":"","Nathan":"","Evan Bet Amount":"","Evan Win/Lose/Push":"","Evan":"","Brandon Bet Amount":"","Brandon Win/Lose/Push":"","Brandon":"","Total Team Bet":"$50.00","Legends Bet":null,"Leaders Bet":null,"To Win":null,"Payout":null,"TOTALS":null,"Mitch Totals":null,"Phil Totals":null,"Bryce Totals":null,"Cory Totals":null,"JB Totals":null,"Ethan Totals":null,"Jaime Totals":null,"Nate Totals":null,"Evan Totals":null,"Brandon Totals":null},{"Week":"12","Date":"11/10/23","Mitch Bet Amount":"$15","Mitch Win/Lose/Push":"Loss","Mitch":"Washington cover ","Phil Bet Amount":"$10","Phil Win/Lose/Push":"Win","Phil":"Maryland Nebraska under ","Bryce Bet Amount":"$5","Bryce Win/Lose/Push":"Win","Bryce":"vikes ","Cory Bet Amount":"$10","Cory Win/Lose/Push":"Loss","Cory":"Gb/pitt under ","JB Bet Amount":"$5","JB Win/Lose/Push":"Loss","JB":"fsu -14 ","Ethan Bet Amount":"$5","Ethan Win/Lose/Push":"Loss","Ethan":"Falcons -1.5 ","Jaime Bet Amount":"","Jaime Win/Lose/Push":"","Jaime":"","Nathan Bet Amount":"","Nathan Win/Lose/Push":"","Nathan":"","Evan Bet Amount":"","Evan Win/Lose/Push":"","Evan":"","Brandon Bet Amount":"","Brandon Win/Lose/Push":"","Brandon":"","Total Team Bet":"$50.00","Legends Bet":null,"Leaders Bet":null,"To Win":null,"Payout":null,"TOTALS":null,"Mitch Totals":null,"Phil Totals":null,"Bryce Totals":null,"Cory Totals":null,"JB Totals":null,"Ethan Totals":null,"Jaime Totals":null,"Nate Totals":null,"Evan Totals":null,"Brandon Totals":null},{"Week":"13","Date":"11/17/23","Mitch Bet Amount":"$20","Mitch Win/Lose/Push":"Win","Mitch":"Phil","Phil Bet Amount":"$5","Phil Win/Lose/Push":"Win","Phil":"Tulane FAU under","Bryce Bet Amount":"$5","Bryce Win/Lose/Push":"Win","Bryce":"vikes","Cory Bet Amount":"$15","Cory Win/Lose/Push":"Win","Cory":"Osu cover","JB Bet Amount":"$10","JB Win/Lose/Push":"Win","JB":"Georgia","Ethan Bet Amount":"$10","Ethan Win/Lose/Push":"Loss","Ethan":"Nebraska Wisconsin under","Jaime Bet Amount":"","Jaime Win/Lose/Push":"","Jaime":"","Nathan Bet Amount":"","Nathan Win/Lose/Push":"","Nathan":"","Evan Bet Amount":"","Evan Win/Lose/Push":"","Evan":"","Brandon Bet Amount":"","Brandon Win/Lose/Push":"","Brandon":"","Total Team Bet":"$65.00","Legends Bet":null,"Leaders Bet":null,"To Win":null,"Payout":null,"TOTALS":null,"Mitch Totals":null,"Phil Totals":null,"Bryce Totals":null,"Cory Totals":null,"JB Totals":null,"Ethan Totals":null,"Jaime Totals":null,"Nate Totals":null,"Evan Totals":null,"Brandon Totals":null},{"Week":"14","Date":"11/24/23","Mitch Bet Amount":"$5","Mitch Win/Lose/Push":"Win","Mitch":"Kansas -7 ","Phil Bet Amount":"$5","Phil Win/Lose/Push":"Loss","Phil":"Kentucky Louisville Under","Bryce Bet Amount":"$5","Bryce Win/Lose/Push":"Loss","Bryce":"Vikes ","Cory Bet Amount":"$5","Cory Win/Lose/Push":"Win","Cory":"Isu/ksu over ","JB Bet Amount":"$5","JB Win/Lose/Push":"Loss","JB":"Alabama ","Ethan Bet Amount":"$15","Ethan Win/Lose/Push":"Loss","Ethan":"Mich osu under  ","Jaime Bet Amount":"","Jaime Win/Lose/Push":"","Jaime":"","Nathan Bet Amount":"","Nathan Win/Lose/Push":"","Nathan":"","Evan Bet Amount":"","Evan Win/Lose/Push":"","Evan":"","Brandon Bet Amount":"","Brandon Win/Lose/Push":"","Brandon":"","Total Team Bet":"$40.00","Legends Bet":null,"Leaders Bet":null,"To Win":null,"Payout":null,"TOTALS":null,"Mitch Totals":null,"Phil Totals":null,"Bryce Totals":null,"Cory Totals":null,"JB Totals":null,"Ethan Totals":null,"Jaime Totals":null,"Nate Totals":null,"Evan Totals":null,"Brandon Totals":null},{"Week":"15","Date":"12/1/23","Mitch Bet Amount":"$5","Mitch Win/Lose/Push":"Loss","Mitch":"Georgia ","Phil Bet Amount":"$10","Phil Win/Lose/Push":"Win","Phil":"Iowa/Michigan Under","Bryce Bet Amount":"$10","Bryce Win/Lose/Push":"Win","Bryce":"3 Chances - Sheffler/Morikowa/Fitzpatrick ","Cory Bet Amount":"$5","Cory Win/Lose/Push":"Win","Cory":"Lions","JB Bet Amount":"$10","JB Win/Lose/Push":"Loss","JB":"Steelers","Ethan Bet Amount":"$20","Ethan Win/Lose/Push":"Win","Ethan":"Tail Phil","Jaime Bet Amount":"","Jaime Win/Lose/Push":"","Jaime":"","Nathan Bet Amount":"","Nathan Win/Lose/Push":"","Nathan":"","Evan Bet Amount":"","Evan Win/Lose/Push":"","Evan":"","Brandon Bet Amount":"","Brandon Win/Lose/Push":"","Brandon":"","Total Team Bet":"$60.00","Legends Bet":null,"Leaders Bet":null,"To Win":null,"Payout":null,"TOTALS":null,"Mitch Totals":null,"Phil Totals":null,"Bryce Totals":null,"Cory Totals":null,"JB Totals":null,"Ethan Totals":null,"Jaime Totals":null,"Nate Totals":null,"Evan Totals":null,"Brandon Totals":null},{"Week":"16","Date":"12/8/23","Mitch Bet Amount":"$10","Mitch Win/Lose/Push":"Win","Mitch":"gophers bball ","Phil Bet Amount":"$5","Phil Win/Lose/Push":"Push","Phil":"Army/Navy Under ","Bryce Bet Amount":"$5","Bryce Win/Lose/Push":"Loss","Bryce":"Cory ","Cory Bet Amount":"$5","Cory Win/Lose/Push":"Loss","Cory":"Texans Cover ","JB Bet Amount":"$15","JB Win/Lose/Push":"Win","JB":"Arizona bball ","Ethan Bet Amount":"$5","Ethan Win/Lose/Push":"Win","Ethan":"Tail Mitch  ","Jaime Bet Amount":"","Jaime Win/Lose/Push":"","Jaime":"","Nathan Bet Amount":"","Nathan Win/Lose/Push":"","Nathan":"","Evan Bet Amount":"","Evan Win/Lose/Push":"","Evan":"","Brandon Bet Amount":"","Brandon Win/Lose/Push":"","Brandon":"","Total Team Bet":"$45.00","Legends Bet":null,"Leaders Bet":null,"To Win":null,"Payout":null,"TOTALS":null,"Mitch Totals":null,"Phil Totals":null,"Bryce Totals":null,"Cory Totals":null,"JB Totals":null,"Ethan Totals":null,"Jaime Totals":null,"Nate Totals":null,"Evan Totals":null,"Brandon Totals":null},{"Week":"17","Date":"12/15/23","Mitch Bet Amount":"$5","Mitch Win/Lose/Push":"Loss","Mitch":"Kansas bball  ","Phil Bet Amount":"$5","Phil Win/Lose/Push":"Loss","Phil":"UCLA/boise under ","Bryce Bet Amount":"$10","Bryce Win/Lose/Push":"Loss","Bryce":"2 chances, team woods / team Thomas ","Cory Bet Amount":"$10","Cory Win/Lose/Push":"Win","Cory":"San Fran cover ","JB Bet Amount":"$5","JB Win/Lose/Push":"Loss","JB":"Myrtle Beach Bowl Under ","Ethan Bet Amount":"$5","Ethan Win/Lose/Push":"Win","Ethan":"Twolves Under ","Jaime Bet Amount":"","Jaime Win/Lose/Push":"","Jaime":"","Nathan Bet Amount":"","Nathan Win/Lose/Push":"","Nathan":"","Evan Bet Amount":"","Evan Win/Lose/Push":"","Evan":"","Brandon Bet Amount":"","Brandon Win/Lose/Push":"","Brandon":"","Total Team Bet":"$40.00","Legends Bet":null,"Leaders Bet":null,"To Win":null,"Payout":null,"TOTALS":null,"Mitch Totals":null,"Phil Totals":null,"Bryce Totals":null,"Cory Totals":null,"JB Totals":null,"Ethan Totals":null,"Jaime Totals":null,"Nate Totals":null,"Evan Totals":null,"Brandon Totals":null},{"Week":"18","Date":"12/22/23","Mitch Bet Amount":"$10","Mitch Win/Lose/Push":"Loss","Mitch":"Troy ","Phil Bet Amount":"$10","Phil Win/Lose/Push":"Loss","Phil":"Minnesota/bowling green under ","Bryce Bet Amount":"$15","Bryce Win/Lose/Push":"Loss","Bryce":"Utah  ","Cory Bet Amount":"$5","Cory Win/Lose/Push":"Loss","Cory":"James Madison ","JB Bet Amount":"$10","JB Win/Lose/Push":"Loss","JB":"Nu/UTAH over ","Ethan Bet Amount":"$5","Ethan Win/Lose/Push":"Win","Ethan":"Lions -3 ","Jaime Bet Amount":"","Jaime Win/Lose/Push":"","Jaime":"","Nathan Bet Amount":"","Nathan Win/Lose/Push":"","Nathan":"","Evan Bet Amount":"","Evan Win/Lose/Push":"","Evan":"","Brandon Bet Amount":"","Brandon Win/Lose/Push":"","Brandon":"","Total Team Bet":"$55.00","Legends Bet":null,"Leaders Bet":null,"To Win":null,"Payout":null,"TOTALS":null,"Mitch Totals":null,"Phil Totals":null,"Bryce Totals":null,"Cory Totals":null,"JB Totals":null,"Ethan Totals":null,"Jaime Totals":null,"Nate Totals":null,"Evan Totals":null,"Brandon Totals":null},{"Week":"19","Date":"12/29/23","Mitch Bet Amount":"$15","Mitch Win/Lose/Push":"Loss","Mitch":"FIU bball","Phil Bet Amount":"$15","Phil Win/Lose/Push":"Win","Phil":"Ole Miss/Penn State Over","Bryce Bet Amount":"$20","Bryce Win/Lose/Push":"Win","Bryce":"when Phil overs you don't think twice","Cory Bet Amount":"$10","Cory Win/Lose/Push":"Loss","Cory":"Bucs over ","JB Bet Amount":"$15","JB Win/Lose/Push":"Loss","JB":"georgia under","Ethan Bet Amount":"$5","Ethan Win/Lose/Push":"Loss","Ethan":"Lakers/Wolves Over 225","Jaime Bet Amount":"","Jaime Win/Lose/Push":"","Jaime":"","Nathan Bet Amount":"","Nathan Win/Lose/Push":"","Nathan":"","Evan Bet Amount":"","Evan Win/Lose/Push":"","Evan":"","Brandon Bet Amount":"","Brandon Win/Lose/Push":"","Brandon":"","Total Team Bet":"$80.00","Legends Bet":null,"Leaders Bet":null,"To Win":null,"Payout":null,"TOTALS":null,"Mitch Totals":null,"Phil Totals":null,"Bryce Totals":null,"Cory Totals":null,"JB Totals":null,"Ethan Totals":null,"Jaime Totals":null,"Nate Totals":null,"Evan Totals":null,"Brandon Totals":null},{"Week":"20","Date":"1/5/24","Mitch Bet Amount":"$20","Mitch Win/Lose/Push":"Loss","Mitch":"Tail Ethan ","Phil Bet Amount":"$5","Phil Win/Lose/Push":"Loss","Phil":"Baltimore ravens +3","Bryce Bet Amount":"$5","Bryce Win/Lose/Push":"Loss","Bryce":"Washington +4.5","Cory Bet Amount":"$15","Cory Win/Lose/Push":"Loss","Cory":"Wild under","JB Bet Amount":"$20","JB Win/Lose/Push":"Loss","JB":"phil","Ethan Bet Amount":"$10","Ethan Win/Lose/Push":"Loss","Ethan":"Bucks -5 @ rockets","Jaime Bet Amount":"","Jaime Win/Lose/Push":"","Jaime":"","Nathan Bet Amount":"","Nathan Win/Lose/Push":"","Nathan":"","Evan Bet Amount":"","Evan Win/Lose/Push":"","Evan":"","Brandon Bet Amount":"","Brandon Win/Lose/Push":"","Brandon":"","Total Team Bet":"$75.00","Legends Bet":null,"Leaders Bet":null,"To Win":null,"Payout":null,"TOTALS":null,"Mitch Totals":null,"Phil Totals":null,"Bryce Totals":null,"Cory Totals":null,"JB Totals":null,"Ethan Totals":null,"Jaime Totals":null,"Nate Totals":null,"Evan Totals":null,"Brandon Totals":null},{"Week":"21","Date":"1/12/24","Mitch Bet Amount":"$25","Mitch Win/Lose/Push":"Push","Mitch":"phil ","Phil Bet Amount":"$10","Phil Win/Lose/Push":"Push","Phil":"Pittsburgh/Buffalo under 33 ","Bryce Bet Amount":"$10","Bryce Win/Lose/Push":"Win","Bryce":"Rams +3 ","Cory Bet Amount":"$20","Cory Win/Lose/Push":"Push","Cory":"Phil ","JB Bet Amount":"$25","JB Win/Lose/Push":"Push","JB":"phil ","Ethan Bet Amount":"$15","Ethan Win/Lose/Push":"Loss","Ethan":"Dolphins +4.5 ","Jaime Bet Amount":"","Jaime Win/Lose/Push":"","Jaime":"","Nathan Bet Amount":"","Nathan Win/Lose/Push":"","Nathan":"","Evan Bet Amount":"","Evan Win/Lose/Push":"","Evan":"","Brandon Bet Amount":"","Brandon Win/Lose/Push":"","Brandon":"","Total Team Bet":"$105.00","Legends Bet":null,"Leaders Bet":null,"To Win":null,"Payout":null,"TOTALS":null,"Mitch Totals":null,"Phil Totals":null,"Bryce Totals":null,"Cory Totals":null,"JB Totals":null,"Ethan Totals":null,"Jaime Totals":null,"Nate Totals":null,"Evan Totals":null,"Brandon Totals":null},{"Week":"22","Date":"1/19/24","Mitch Bet Amount":"$25","Mitch Win/Lose/Push":"Win","Mitch":"Bryce ","Phil Bet Amount":"$10","Phil Win/Lose/Push":"Push","Phil":"Baltimore/Houston Under ","Bryce Bet Amount":"$5","Bryce Win/Lose/Push":"Win","Bryce":"Tampa / Detroit Over ","Cory Bet Amount":"$20","Cory Win/Lose/Push":"Win","Cory":"Bryce ","JB Bet Amount":"$20","JB Win/Lose/Push":"Push","JB":"Phil ","Ethan Bet Amount":"$20","Ethan Win/Lose/Push":"Win","Ethan":"Bryce ","Jaime Bet Amount":"","Jaime Win/Lose/Push":"","Jaime":"","Nathan Bet Amount":"","Nathan Win/Lose/Push":"","Nathan":"","Evan Bet Amount":"","Evan Win/Lose/Push":"","Evan":"","Brandon Bet Amount":"","Brandon Win/Lose/Push":"","Brandon":"","Total Team Bet":"$100.00","Legends Bet":"","Leaders Bet":"","To Win":"256.92","Payout":"$186.00","TOTALS":null,"Mitch Totals":null,"Phil Totals":null,"Bryce Totals":null,"Cory Totals":null,"JB Totals":null,"Ethan Totals":null,"Jaime Totals":null,"Nate Totals":null,"Evan Totals":null,"Brandon Totals":null},{"Week":"23","Date":"1/26/24","Mitch Bet Amount":"$5","Mitch Win/Lose/Push":"Win","Mitch":"Arizona -3.5 ","Phil Bet Amount":"$10","Phil Win/Lose/Push":"Loss","Phil":"Georgia/Florida Under ","Bryce Bet Amount":"$5","Bryce Win/Lose/Push":"Loss","Bryce":"KC / Baltimore Over ","Cory Bet Amount":"$5","Cory Win/Lose/Push":"Loss","Cory":"Det/sf under ","JB Bet Amount":"$20","JB Win/Lose/Push":"Loss","JB":"4th times a charm (Phil) ","Ethan Bet Amount":"$5","Ethan Win/Lose/Push":"Win","Ethan":"Sac kings +1.5 ","Jaime Bet Amount":"","Jaime Win/Lose/Push":"","Jaime":"","Nathan Bet Amount":"","Nathan Win/Lose/Push":"","Nathan":"","Evan Bet Amount":"","Evan Win/Lose/Push":"","Evan":"","Brandon Bet Amount":"","Brandon Win/Lose/Push":"","Brandon":"","Total Team Bet":"$50.00","Legends Bet":null,"Leaders Bet":null,"To Win":null,"Payout":null,"TOTALS":null,"Mitch Totals":null,"Phil Totals":null,"Bryce Totals":null,"Cory Totals":null,"JB Totals":null,"Ethan Totals":null,"Jaime Totals":null,"Nate Totals":null,"Evan Totals":null,"Brandon Totals":null},{"Week":"24","Date":"2/2/24","Mitch Bet Amount":"$5","Mitch Win/Lose/Push":"Loss","Mitch":"Oklahoma -1.5 ","Phil Bet Amount":"$15","Phil Win/Lose/Push":"Loss","Phil":"Houston -1 ","Bryce Bet Amount":"$10","Bryce Win/Lose/Push":"Loss","Bryce":"Gophers Hockey ","Cory Bet Amount":"$10","Cory Win/Lose/Push":"Loss","Cory":"Tail Ethan  ","JB Bet Amount":"$25","JB Win/Lose/Push":"Loss","JB":"a tale of ethan ","Ethan Bet Amount":"$5","Ethan Win/Lose/Push":"Loss","Ethan":"Northwestern +.5 ","Jaime Bet Amount":"","Jaime Win/Lose/Push":"","Jaime":"","Nathan Bet Amount":"","Nathan Win/Lose/Push":"","Nathan":"","Evan Bet Amount":"","Evan Win/Lose/Push":"","Evan":"","Brandon Bet Amount":"","Brandon Win/Lose/Push":"","Brandon":"","Total Team Bet":"$70.00","Legends Bet":null,"Leaders Bet":null,"To Win":null,"Payout":null,"TOTALS":null,"Mitch Totals":null,"Phil Totals":null,"Bryce Totals":null,"Cory Totals":null,"JB Totals":null,"Ethan Totals":null,"Jaime Totals":null,"Nate Totals":null,"Evan Totals":null,"Brandon Totals":null},{"Week":"25","Date":"2/9/24","Mitch Bet Amount":"$10","Mitch Win/Lose/Push":"Loss","Mitch":"Kentucky -4","Phil Bet Amount":"$20","Phil Win/Lose/Push":"Loss","Phil":"Tail Mitch","Bryce Bet Amount":"$15","Bryce Win/Lose/Push":"Win","Bryce":"Tail Cory","Cory Bet Amount":"$15","Cory Win/Lose/Push":"Win","Cory":"KC ML","JB Bet Amount":"$30","JB Win/Lose/Push":"Loss","JB":"Coach Rigdon","Ethan Bet Amount":"$10","Ethan Win/Lose/Push":"Loss","Ethan":"Butler","Jaime Bet Amount":"","Jaime Win/Lose/Push":"","Jaime":"","Nathan Bet Amount":"","Nathan Win/Lose/Push":"","Nathan":"","Evan Bet Amount":"","Evan Win/Lose/Push":"","Evan":"","Brandon Bet Amount":"","Brandon Win/Lose/Push":"","Brandon":"","Total Team Bet":"$100.00","Legends Bet":null,"Leaders Bet":null,"To Win":null,"Payout":null,"TOTALS":null,"Mitch Totals":null,"Phil Totals":null,"Bryce Totals":null,"Cory Totals":null,"JB Totals":null,"Ethan Totals":null,"Jaime Totals":null,"Nate Totals":null,"Evan Totals":null,"Brandon Totals":null},{"Week":"26","Date":"2/16/24","Mitch Bet Amount":"$15","Mitch Win/Lose/Push":"Win","Mitch":"Duke  ","Phil Bet Amount":"$25","Phil Win/Lose/Push":"Win","Phil":"Ethan ","Bryce Bet Amount":"$5","Bryce Win/Lose/Push":"Win","Bryce":"Genesis - Match ups (Cam Young over Tom Kim)  ","Cory Bet Amount":"$5","Cory Win/Lose/Push":"Loss","Cory":"South Carolina  ","JB Bet Amount":"$35","JB Win/Lose/Push":"Loss","JB":"suburban husband, flowing blond hair ","Ethan Bet Amount":"$15","Ethan Win/Lose/Push":"Win","Ethan":"UConn ","Jaime Bet Amount":"","Jaime Win/Lose/Push":"","Jaime":"","Nathan Bet Amount":"","Nathan Win/Lose/Push":"","Nathan":"","Evan Bet Amount":"","Evan Win/Lose/Push":"","Evan":"","Brandon Bet Amount":"","Brandon Win/Lose/Push":"","Brandon":"","Total Team Bet":"$100.00","Legends Bet":null,"Leaders Bet":null,"To Win":null,"Payout":null,"TOTALS":null,"Mitch Totals":null,"Phil Totals":null,"Bryce Totals":null,"Cory Totals":null,"JB Totals":null,"Ethan Totals":null,"Jaime Totals":null,"Nate Totals":null,"Evan Totals":null,"Brandon Totals":null},{"Week":"27","Date":"2/23/24","Mitch Bet Amount":"$5","Mitch Win/Lose/Push":"Win","Mitch":"TCU ","Phil Bet Amount":"$5","Phil Win/Lose/Push":"Loss","Phil":"Missouri / Arkansas Under 145.5 ","Bryce Bet Amount":"$5","Bryce Win/Lose/Push":"Loss","Bryce":"Utah  ","Cory Bet Amount":"$10","Cory Win/Lose/Push":"Loss","Cory":"Kraken ","JB Bet Amount":"$40","JB Win/Lose/Push":"Win","JB":"mitch ","Ethan Bet Amount":"$5","Ethan Win/Lose/Push":"Win","Ethan":"Arkansas -5 ","Jaime Bet Amount":"","Jaime Win/Lose/Push":"","Jaime":"","Nathan Bet Amount":"","Nathan Win/Lose/Push":"","Nathan":"","Evan Bet Amount":"","Evan Win/Lose/Push":"","Evan":"","Brandon Bet Amount":"","Brandon Win/Lose/Push":"","Brandon":"","Total Team Bet":"$70.00","Legends Bet":null,"Leaders Bet":null,"To Win":null,"Payout":null,"TOTALS":null,"Mitch Totals":null,"Phil Totals":null,"Bryce Totals":null,"Cory Totals":null,"JB Totals":null,"Ethan Totals":null,"Jaime Totals":null,"Nate Totals":null,"Evan Totals":null,"Brandon Totals":null},{"Week":"28","Date":"3/1/24","Mitch Bet Amount":"$5","Mitch Win/Lose/Push":"Win","Mitch":"wazzu -6","Phil Bet Amount":"$10","Phil Win/Lose/Push":"Win","Phil":"Mitch","Bryce Bet Amount":"$10","Bryce Win/Lose/Push":"Win","Bryce":"3rd round match up - j. knapp","Cory Bet Amount":"$15","Cory Win/Lose/Push":"Loss","Cory":"Minn -6.5","JB Bet Amount":"$5","JB Win/Lose/Push":"Loss","JB":"ethan","Ethan Bet Amount":"$5","Ethan Win/Lose/Push":"Loss","Ethan":"Northwestern -3.5","Jaime Bet Amount":null,"Jaime Win/Lose/Push":null,"Jaime":null,"Nathan Bet Amount":null,"Nathan Win/Lose/Push":null,"Nathan":null,"Evan Bet Amount":null,"Evan Win/Lose/Push":null,"Evan":null,"Brandon Bet Amount":null,"Brandon Win/Lose/Push":null,"Brandon":null,"Total Team Bet":null,"Legends Bet":null,"Leaders Bet":null,"To Win":null,"Payout":null,"TOTALS":null,"Mitch Totals":null,"Phil Totals":null,"Bryce Totals":null,"Cory Totals":null,"JB Totals":null,"Ethan Totals":null,"Jaime Totals":null,"Nate Totals":null,"Evan Totals":null,"Brandon Totals":null},{"Week":"29","Date":"3/8/24","Mitch Bet Amount":"$5","Mitch Win/Lose/Push":"Win","Mitch":"Marquette","Phil Bet Amount":"$5","Phil Win/Lose/Push":"Win","Phil":"Western Kentucky +5.5","Bryce Bet Amount":"$5","Bryce Win/Lose/Push":"Win","Bryce":"Arnold Palmer Top 20 Finish - Nick Taylor  ","Cory Bet Amount":"$20","Cory Win/Lose/Push":"Win","Cory":"Ethan","JB Bet Amount":"$10","JB Win/Lose/Push":"Win","JB":"mitch","Ethan Bet Amount":"$10","Ethan Win/Lose/Push":"Win","Ethan":"Creighton -1","Jaime Bet Amount":"","Jaime Win/Lose/Push":"","Jaime":"","Nathan Bet Amount":"","Nathan Win/Lose/Push":"","Nathan":"","Evan Bet Amount":"","Evan Win/Lose/Push":"","Evan":"","Brandon Bet Amount":"","Brandon Win/Lose/Push":"","Brandon":"","Total Team Bet":"","Legends Bet":"","Leaders Bet":"","To Win":"319.76","Payout":"$319.76","TOTALS":null,"Mitch Totals":null,"Phil Totals":null,"Bryce Totals":null,"Cory Totals":null,"JB Totals":null,"Ethan Totals":null,"Jaime Totals":null,"Nate Totals":null,"Evan Totals":null,"Brandon Totals":null},{"Week":"30","Date":"3/15/24","Mitch Bet Amount":"$5","Mitch Win/Lose/Push":"Loss","Mitch":"Auburn -7.5","Phil Bet Amount":"$5","Phil Win/Lose/Push":"Loss","Phil":"UTEP +3.5","Bryce Bet Amount":"$5","Bryce Win/Lose/Push":"Loss","Bryce":"Tail Cory","Cory Bet Amount":"$5","Cory Win/Lose/Push":"Loss","Cory":"English over theegala ","JB Bet Amount":"$5","JB Win/Lose/Push":"Loss","JB":"mitch","Ethan Bet Amount":"$5","Ethan Win/Lose/Push":"Win","Ethan":"Wisconsin +6","Jaime Bet Amount":null,"Jaime Win/Lose/Push":null,"Jaime":null,"Nathan Bet Amount":null,"Nathan Win/Lose/Push":null,"Nathan":null,"Evan Bet Amount":null,"Evan Win/Lose/Push":null,"Evan":null,"Brandon Bet Amount":null,"Brandon Win/Lose/Push":null,"Brandon":null,"Total Team Bet":null,"Legends Bet":null,"Leaders Bet":null,"To Win":null,"Payout":null,"TOTALS":null,"Mitch Totals":null,"Phil Totals":null,"Bryce Totals":null,"Cory Totals":null,"JB Totals":null,"Ethan Totals":null,"Jaime Totals":null,"Nate Totals":null,"Evan Totals":null,"Brandon Totals":null},{"Week":"31","Date":"3/22/24","Mitch Bet Amount":"$10","Mitch Win/Lose/Push":"Win","Mitch":"UNC -4  ","Phil Bet Amount":"$10","Phil Win/Lose/Push":"Win","Phil":"Texas/Tennessee under  ","Bryce Bet Amount":"$10","Bryce Win/Lose/Push":"Loss","Bryce":"cam young over wallace  ","Cory Bet Amount":"$10","Cory Win/Lose/Push":"Win","Cory":"Hugh's over Todd   ","JB Bet Amount":"$10","JB Win/Lose/Push":"Win","JB":"Vegas knights under  ","Ethan Bet Amount":"$5","Ethan Win/Lose/Push":"Win","Ethan":"Iowa St -6.5  ","Jaime Bet Amount":"","Jaime Win/Lose/Push":"","Jaime":"","Nathan Bet Amount":"","Nathan Win/Lose/Push":"","Nathan":"","Evan Bet Amount":"","Evan Win/Lose/Push":"","Evan":"","Brandon Bet Amount":"","Brandon Win/Lose/Push":"","Brandon":"","Total Team Bet":"","Legends Bet":"","Leaders Bet":"","To Win":"1505.6","Payout":"$1,505.60","TOTALS":null,"Mitch Totals":null,"Phil Totals":null,"Bryce Totals":null,"Cory Totals":null,"JB Totals":null,"Ethan Totals":null,"Jaime Totals":null,"Nate Totals":null,"Evan Totals":null,"Brandon Totals":null},{"Week":"32","Date":"03/29/2024","Mitch Bet Amount":"$5","Mitch Win/Lose/Push":"","Mitch":"","Phil Bet Amount":"$5","Phil Win/Lose/Push":"","Phil":"","Bryce Bet Amount":"$15","Bryce Win/Lose/Push":"","Bryce":"","Cory Bet Amount":"$5","Cory Win/Lose/Push":"","Cory":"","JB Bet Amount":"$5","JB Win/Lose/Push":"","JB":"","Ethan Bet Amount":"$5","Ethan Win/Lose/Push":null,"Ethan":null,"Jaime Bet Amount":null,"Jaime Win/Lose/Push":null,"Jaime":null,"Nathan Bet Amount":null,"Nathan Win/Lose/Push":null,"Nathan":null,"Evan Bet Amount":null,"Evan Win/Lose/Push":null,"Evan":null,"Brandon Bet Amount":null,"Brandon Win/Lose/Push":null,"Brandon":null,"Total Team Bet":null,"Legends Bet":null,"Leaders Bet":null,"To Win":null,"Payout":null,"TOTALS":null,"Mitch Totals":null,"Phil Totals":null,"Bryce Totals":null,"Cory Totals":null,"JB Totals":null,"Ethan Totals":null,"Jaime Totals":null,"Nate Totals":null,"Evan Totals":null,"Brandon Totals":null},{"Week":"33","Date":"04/05/2024","Mitch Bet Amount":null,"Mitch Win/Lose/Push":null,"Mitch":null,"Phil Bet Amount":null,"Phil Win/Lose/Push":null,"Phil":null,"Bryce Bet Amount":null,"Bryce Win/Lose/Push":null,"Bryce":null,"Cory Bet Amount":null,"Cory Win/Lose/Push":null,"Cory":null,"JB Bet Amount":null,"JB Win/Lose/Push":null,"JB":null,"Ethan Bet Amount":null,"Ethan Win/Lose/Push":null,"Ethan":null,"Jaime Bet Amount":null,"Jaime Win/Lose/Push":null,"Jaime":null,"Nathan Bet Amount":null,"Nathan Win/Lose/Push":null,"Nathan":null,"Evan Bet Amount":null,"Evan Win/Lose/Push":null,"Evan":null,"Brandon Bet Amount":null,"Brandon Win/Lose/Push":null,"Brandon":null,"Total Team Bet":null,"Legends Bet":null,"Leaders Bet":null,"To Win":null,"Payout":null,"TOTALS":null,"Mitch Totals":null,"Phil Totals":null,"Bryce Totals":null,"Cory Totals":null,"JB Totals":null,"Ethan Totals":null,"Jaime Totals":null,"Nate Totals":null,"Evan Totals":null,"Brandon Totals":null},{"Week":"34","Date":"04/12/2024","Mitch Bet Amount":null,"Mitch Win/Lose/Push":null,"Mitch":null,"Phil Bet Amount":null,"Phil Win/Lose/Push":null,"Phil":null,"Bryce Bet Amount":null,"Bryce Win/Lose/Push":null,"Bryce":null,"Cory Bet Amount":null,"Cory Win/Lose/Push":null,"Cory":null,"JB Bet Amount":null,"JB Win/Lose/Push":null,"JB":null,"Ethan Bet Amount":null,"Ethan Win/Lose/Push":null,"Ethan":null,"Jaime Bet Amount":null,"Jaime Win/Lose/Push":null,"Jaime":null,"Nathan Bet Amount":null,"Nathan Win/Lose/Push":null,"Nathan":null,"Evan Bet Amount":null,"Evan Win/Lose/Push":null,"Evan":null,"Brandon Bet Amount":null,"Brandon Win/Lose/Push":null,"Brandon":null,"Total Team Bet":null,"Legends Bet":null,"Leaders Bet":null,"To Win":null,"Payout":null,"TOTALS":null,"Mitch Totals":null,"Phil Totals":null,"Bryce Totals":null,"Cory Totals":null,"JB Totals":null,"Ethan Totals":null,"Jaime Totals":null,"Nate Totals":null,"Evan Totals":null,"Brandon Totals":null},{"Week":"35","Date":"04/19/2024","Mitch Bet Amount":null,"Mitch Win/Lose/Push":null,"Mitch":null,"Phil Bet Amount":null,"Phil Win/Lose/Push":null,"Phil":null,"Bryce Bet Amount":null,"Bryce Win/Lose/Push":null,"Bryce":null,"Cory Bet Amount":null,"Cory Win/Lose/Push":null,"Cory":null,"JB Bet Amount":null,"JB Win/Lose/Push":null,"JB":null,"Ethan Bet Amount":null,"Ethan Win/Lose/Push":null,"Ethan":null,"Jaime Bet Amount":null,"Jaime Win/Lose/Push":null,"Jaime":null,"Nathan Bet Amount":null,"Nathan Win/Lose/Push":null,"Nathan":null,"Evan Bet Amount":null,"Evan Win/Lose/Push":null,"Evan":null,"Brandon Bet Amount":null,"Brandon Win/Lose/Push":null,"Brandon":null,"Total Team Bet":null,"Legends Bet":null,"Leaders Bet":null,"To Win":null,"Payout":null,"TOTALS":null,"Mitch Totals":null,"Phil Totals":null,"Bryce Totals":null,"Cory Totals":null,"JB Totals":null,"Ethan Totals":null,"Jaime Totals":null,"Nate Totals":null,"Evan Totals":null,"Brandon Totals":null},{"Week":"36","Date":"04/26/2024","Mitch Bet Amount":null,"Mitch Win/Lose/Push":null,"Mitch":null,"Phil Bet Amount":null,"Phil Win/Lose/Push":null,"Phil":null,"Bryce Bet Amount":null,"Bryce Win/Lose/Push":null,"Bryce":null,"Cory Bet Amount":null,"Cory Win/Lose/Push":null,"Cory":null,"JB Bet Amount":null,"JB Win/Lose/Push":null,"JB":null,"Ethan Bet Amount":null,"Ethan Win/Lose/Push":null,"Ethan":null,"Jaime Bet Amount":null,"Jaime Win/Lose/Push":null,"Jaime":null,"Nathan Bet Amount":null,"Nathan Win/Lose/Push":null,"Nathan":null,"Evan Bet Amount":null,"Evan Win/Lose/Push":null,"Evan":null,"Brandon Bet Amount":null,"Brandon Win/Lose/Push":null,"Brandon":null,"Total Team Bet":null,"Legends Bet":null,"Leaders Bet":null,"To Win":null,"Payout":null,"TOTALS":null,"Mitch Totals":null,"Phil Totals":null,"Bryce Totals":null,"Cory Totals":null,"JB Totals":null,"Ethan Totals":null,"Jaime Totals":null,"Nate Totals":null,"Evan Totals":null,"Brandon Totals":null},{"Week":"37","Date":"05/03/2024","Mitch Bet Amount":null,"Mitch Win/Lose/Push":null,"Mitch":null,"Phil Bet Amount":null,"Phil Win/Lose/Push":null,"Phil":null,"Bryce Bet Amount":null,"Bryce Win/Lose/Push":null,"Bryce":null,"Cory Bet Amount":null,"Cory Win/Lose/Push":null,"Cory":null,"JB Bet Amount":null,"JB Win/Lose/Push":null,"JB":null,"Ethan Bet Amount":null,"Ethan Win/Lose/Push":null,"Ethan":null,"Jaime Bet Amount":null,"Jaime Win/Lose/Push":null,"Jaime":null,"Nathan Bet Amount":null,"Nathan Win/Lose/Push":null,"Nathan":null,"Evan Bet Amount":null,"Evan Win/Lose/Push":null,"Evan":null,"Brandon Bet Amount":null,"Brandon Win/Lose/Push":null,"Brandon":null,"Total Team Bet":null,"Legends Bet":null,"Leaders Bet":null,"To Win":null,"Payout":null,"TOTALS":null,"Mitch Totals":null,"Phil Totals":null,"Bryce Totals":null,"Cory Totals":null,"JB Totals":null,"Ethan Totals":null,"Jaime Totals":null,"Nate Totals":null,"Evan Totals":null,"Brandon Totals":null},{"Week":"38","Date":"05/10/2024","Mitch Bet Amount":null,"Mitch Win/Lose/Push":null,"Mitch":null,"Phil Bet Amount":null,"Phil Win/Lose/Push":null,"Phil":null,"Bryce Bet Amount":null,"Bryce Win/Lose/Push":null,"Bryce":null,"Cory Bet Amount":null,"Cory Win/Lose/Push":null,"Cory":null,"JB Bet Amount":null,"JB Win/Lose/Push":null,"JB":null,"Ethan Bet Amount":null,"Ethan Win/Lose/Push":null,"Ethan":null,"Jaime Bet Amount":null,"Jaime Win/Lose/Push":null,"Jaime":null,"Nathan Bet Amount":null,"Nathan Win/Lose/Push":null,"Nathan":null,"Evan Bet Amount":null,"Evan Win/Lose/Push":null,"Evan":null,"Brandon Bet Amount":null,"Brandon Win/Lose/Push":null,"Brandon":null,"Total Team Bet":null,"Legends Bet":null,"Leaders Bet":null,"To Win":null,"Payout":null,"TOTALS":null,"Mitch Totals":null,"Phil Totals":null,"Bryce Totals":null,"Cory Totals":null,"JB Totals":null,"Ethan Totals":null,"Jaime Totals":null,"Nate Totals":null,"Evan Totals":null,"Brandon Totals":null},{"Week":"39","Date":"05/17/2024","Mitch Bet Amount":null,"Mitch Win/Lose/Push":null,"Mitch":null,"Phil Bet Amount":null,"Phil Win/Lose/Push":null,"Phil":null,"Bryce Bet Amount":null,"Bryce Win/Lose/Push":null,"Bryce":null,"Cory Bet Amount":null,"Cory Win/Lose/Push":null,"Cory":null,"JB Bet Amount":null,"JB Win/Lose/Push":null,"JB":null,"Ethan Bet Amount":null,"Ethan Win/Lose/Push":null,"Ethan":null,"Jaime Bet Amount":null,"Jaime Win/Lose/Push":null,"Jaime":null,"Nathan Bet Amount":null,"Nathan Win/Lose/Push":null,"Nathan":null,"Evan Bet Amount":null,"Evan Win/Lose/Push":null,"Evan":null,"Brandon Bet Amount":null,"Brandon Win/Lose/Push":null,"Brandon":null,"Total Team Bet":null,"Legends Bet":null,"Leaders Bet":null,"To Win":null,"Payout":null,"TOTALS":null,"Mitch Totals":null,"Phil Totals":null,"Bryce Totals":null,"Cory Totals":null,"JB Totals":null,"Ethan Totals":null,"Jaime Totals":null,"Nate Totals":null,"Evan Totals":null,"Brandon Totals":null},{"Week":"40","Date":"05/24/2024","Mitch Bet Amount":null,"Mitch Win/Lose/Push":null,"Mitch":null,"Phil Bet Amount":null,"Phil Win/Lose/Push":null,"Phil":null,"Bryce Bet Amount":null,"Bryce Win/Lose/Push":null,"Bryce":null,"Cory Bet Amount":null,"Cory Win/Lose/Push":null,"Cory":null,"JB Bet Amount":null,"JB Win/Lose/Push":null,"JB":null,"Ethan Bet Amount":null,"Ethan Win/Lose/Push":null,"Ethan":null,"Jaime Bet Amount":null,"Jaime Win/Lose/Push":null,"Jaime":null,"Nathan Bet Amount":null,"Nathan Win/Lose/Push":null,"Nathan":null,"Evan Bet Amount":null,"Evan Win/Lose/Push":null,"Evan":null,"Brandon Bet Amount":null,"Brandon Win/Lose/Push":null,"Brandon":null,"Total Team Bet":null,"Legends Bet":null,"Leaders Bet":null,"To Win":null,"Payout":null,"TOTALS":null,"Mitch Totals":null,"Phil Totals":null,"Bryce Totals":null,"Cory Totals":null,"JB Totals":null,"Ethan Totals":null,"Jaime Totals":null,"Nate Totals":null,"Evan Totals":null,"Brandon Totals":null},{"Week":"41","Date":"05/31/2024","Mitch Bet Amount":null,"Mitch Win/Lose/Push":null,"Mitch":null,"Phil Bet Amount":null,"Phil Win/Lose/Push":null,"Phil":null,"Bryce Bet Amount":null,"Bryce Win/Lose/Push":null,"Bryce":null,"Cory Bet Amount":null,"Cory Win/Lose/Push":null,"Cory":null,"JB Bet Amount":null,"JB Win/Lose/Push":null,"JB":null,"Ethan Bet Amount":null,"Ethan Win/Lose/Push":null,"Ethan":null,"Jaime Bet Amount":null,"Jaime Win/Lose/Push":null,"Jaime":null,"Nathan Bet Amount":null,"Nathan Win/Lose/Push":null,"Nathan":null,"Evan Bet Amount":null,"Evan Win/Lose/Push":null,"Evan":null,"Brandon Bet Amount":null,"Brandon Win/Lose/Push":null,"Brandon":null,"Total Team Bet":null,"Legends Bet":null,"Leaders Bet":null,"To Win":null,"Payout":null,"TOTALS":null,"Mitch Totals":null,"Phil Totals":null,"Bryce Totals":null,"Cory Totals":null,"JB Totals":null,"Ethan Totals":null,"Jaime Totals":null,"Nate Totals":null,"Evan Totals":null,"Brandon Totals":null},{"Week":"42","Date":"06/07/2024","Mitch Bet Amount":null,"Mitch Win/Lose/Push":null,"Mitch":null,"Phil Bet Amount":null,"Phil Win/Lose/Push":null,"Phil":null,"Bryce Bet Amount":null,"Bryce Win/Lose/Push":null,"Bryce":null,"Cory Bet Amount":null,"Cory Win/Lose/Push":null,"Cory":null,"JB Bet Amount":null,"JB Win/Lose/Push":null,"JB":null,"Ethan Bet Amount":null,"Ethan Win/Lose/Push":null,"Ethan":null,"Jaime Bet Amount":null,"Jaime Win/Lose/Push":null,"Jaime":null,"Nathan Bet Amount":null,"Nathan Win/Lose/Push":null,"Nathan":null,"Evan Bet Amount":null,"Evan Win/Lose/Push":null,"Evan":null,"Brandon Bet Amount":null,"Brandon Win/Lose/Push":null,"Brandon":null,"Total Team Bet":null,"Legends Bet":null,"Leaders Bet":null,"To Win":null,"Payout":null,"TOTALS":null,"Mitch Totals":null,"Phil Totals":null,"Bryce Totals":null,"Cory Totals":null,"JB Totals":null,"Ethan Totals":null,"Jaime Totals":null,"Nate Totals":null,"Evan Totals":null,"Brandon Totals":null},{"Week":"43","Date":"06/14/2024","Mitch Bet Amount":null,"Mitch Win/Lose/Push":null,"Mitch":null,"Phil Bet Amount":null,"Phil Win/Lose/Push":null,"Phil":null,"Bryce Bet Amount":null,"Bryce Win/Lose/Push":null,"Bryce":null,"Cory Bet Amount":null,"Cory Win/Lose/Push":null,"Cory":null,"JB Bet Amount":null,"JB Win/Lose/Push":null,"JB":null,"Ethan Bet Amount":null,"Ethan Win/Lose/Push":null,"Ethan":null,"Jaime Bet Amount":null,"Jaime Win/Lose/Push":null,"Jaime":null,"Nathan Bet Amount":null,"Nathan Win/Lose/Push":null,"Nathan":null,"Evan Bet Amount":null,"Evan Win/Lose/Push":null,"Evan":null,"Brandon Bet Amount":null,"Brandon Win/Lose/Push":null,"Brandon":null,"Total Team Bet":null,"Legends Bet":null,"Leaders Bet":null,"To Win":null,"Payout":null,"TOTALS":null,"Mitch Totals":null,"Phil Totals":null,"Bryce Totals":null,"Cory Totals":null,"JB Totals":null,"Ethan Totals":null,"Jaime Totals":null,"Nate Totals":null,"Evan Totals":null,"Brandon Totals":null},{"Week":"44","Date":"06/21/2024","Mitch Bet Amount":null,"Mitch Win/Lose/Push":null,"Mitch":null,"Phil Bet Amount":null,"Phil Win/Lose/Push":null,"Phil":null,"Bryce Bet Amount":null,"Bryce Win/Lose/Push":null,"Bryce":null,"Cory Bet Amount":null,"Cory Win/Lose/Push":null,"Cory":null,"JB Bet Amount":null,"JB Win/Lose/Push":null,"JB":null,"Ethan Bet Amount":null,"Ethan Win/Lose/Push":null,"Ethan":null,"Jaime Bet Amount":null,"Jaime Win/Lose/Push":null,"Jaime":null,"Nathan Bet Amount":null,"Nathan Win/Lose/Push":null,"Nathan":null,"Evan Bet Amount":null,"Evan Win/Lose/Push":null,"Evan":null,"Brandon Bet Amount":null,"Brandon Win/Lose/Push":null,"Brandon":null,"Total Team Bet":null,"Legends Bet":null,"Leaders Bet":null,"To Win":null,"Payout":null,"TOTALS":null,"Mitch Totals":null,"Phil Totals":null,"Bryce Totals":null,"Cory Totals":null,"JB Totals":null,"Ethan Totals":null,"Jaime Totals":null,"Nate Totals":null,"Evan Totals":null,"Brandon Totals":null},{"Week":"45","Date":"06/28/2024","Mitch Bet Amount":null,"Mitch Win/Lose/Push":null,"Mitch":null,"Phil Bet Amount":null,"Phil Win/Lose/Push":null,"Phil":null,"Bryce Bet Amount":null,"Bryce Win/Lose/Push":null,"Bryce":null,"Cory Bet Amount":null,"Cory Win/Lose/Push":null,"Cory":null,"JB Bet Amount":null,"JB Win/Lose/Push":null,"JB":null,"Ethan Bet Amount":null,"Ethan Win/Lose/Push":null,"Ethan":null,"Jaime Bet Amount":null,"Jaime Win/Lose/Push":null,"Jaime":null,"Nathan Bet Amount":null,"Nathan Win/Lose/Push":null,"Nathan":null,"Evan Bet Amount":null,"Evan Win/Lose/Push":null,"Evan":null,"Brandon Bet Amount":null,"Brandon Win/Lose/Push":null,"Brandon":null,"Total Team Bet":null,"Legends Bet":null,"Leaders Bet":null,"To Win":null,"Payout":null,"TOTALS":null,"Mitch Totals":null,"Phil Totals":null,"Bryce Totals":null,"Cory Totals":null,"JB Totals":null,"Ethan Totals":null,"Jaime Totals":null,"Nate Totals":null,"Evan Totals":null,"Brandon Totals":null},{"Week":"46","Date":"07/05/2024","Mitch Bet Amount":null,"Mitch Win/Lose/Push":null,"Mitch":null,"Phil Bet Amount":null,"Phil Win/Lose/Push":null,"Phil":null,"Bryce Bet Amount":null,"Bryce Win/Lose/Push":null,"Bryce":null,"Cory Bet Amount":null,"Cory Win/Lose/Push":null,"Cory":null,"JB Bet Amount":null,"JB Win/Lose/Push":null,"JB":null,"Ethan Bet Amount":null,"Ethan Win/Lose/Push":null,"Ethan":null,"Jaime Bet Amount":null,"Jaime Win/Lose/Push":null,"Jaime":null,"Nathan Bet Amount":null,"Nathan Win/Lose/Push":null,"Nathan":null,"Evan Bet Amount":null,"Evan Win/Lose/Push":null,"Evan":null,"Brandon Bet Amount":null,"Brandon Win/Lose/Push":null,"Brandon":null,"Total Team Bet":null,"Legends Bet":null,"Leaders Bet":null,"To Win":null,"Payout":null,"TOTALS":null,"Mitch Totals":null,"Phil Totals":null,"Bryce Totals":null,"Cory Totals":null,"JB Totals":null,"Ethan Totals":null,"Jaime Totals":null,"Nate Totals":null,"Evan Totals":null,"Brandon Totals":null},{"Week":"47","Date":"07/12/2024","Mitch Bet Amount":null,"Mitch Win/Lose/Push":null,"Mitch":null,"Phil Bet Amount":null,"Phil Win/Lose/Push":null,"Phil":null,"Bryce Bet Amount":null,"Bryce Win/Lose/Push":null,"Bryce":null,"Cory Bet Amount":null,"Cory Win/Lose/Push":null,"Cory":null,"JB Bet Amount":null,"JB Win/Lose/Push":null,"JB":null,"Ethan Bet Amount":null,"Ethan Win/Lose/Push":null,"Ethan":null,"Jaime Bet Amount":null,"Jaime Win/Lose/Push":null,"Jaime":null,"Nathan Bet Amount":null,"Nathan Win/Lose/Push":null,"Nathan":null,"Evan Bet Amount":null,"Evan Win/Lose/Push":null,"Evan":null,"Brandon Bet Amount":null,"Brandon Win/Lose/Push":null,"Brandon":null,"Total Team Bet":null,"Legends Bet":null,"Leaders Bet":null,"To Win":null,"Payout":null,"TOTALS":null,"Mitch Totals":null,"Phil Totals":null,"Bryce Totals":null,"Cory Totals":null,"JB Totals":null,"Ethan Totals":null,"Jaime Totals":null,"Nate Totals":null,"Evan Totals":null,"Brandon Totals":null},{"Week":"48","Date":"07/19/2024","Mitch Bet Amount":null,"Mitch Win/Lose/Push":null,"Mitch":null,"Phil Bet Amount":null,"Phil Win/Lose/Push":null,"Phil":null,"Bryce Bet Amount":null,"Bryce Win/Lose/Push":null,"Bryce":null,"Cory Bet Amount":null,"Cory Win/Lose/Push":null,"Cory":null,"JB Bet Amount":null,"JB Win/Lose/Push":null,"JB":null,"Ethan Bet Amount":null,"Ethan Win/Lose/Push":null,"Ethan":null,"Jaime Bet Amount":null,"Jaime Win/Lose/Push":null,"Jaime":null,"Nathan Bet Amount":null,"Nathan Win/Lose/Push":null,"Nathan":null,"Evan Bet Amount":null,"Evan Win/Lose/Push":null,"Evan":null,"Brandon Bet Amount":null,"Brandon Win/Lose/Push":null,"Brandon":null,"Total Team Bet":null,"Legends Bet":null,"Leaders Bet":null,"To Win":null,"Payout":null,"TOTALS":null,"Mitch Totals":null,"Phil Totals":null,"Bryce Totals":null,"Cory Totals":null,"JB Totals":null,"Ethan Totals":null,"Jaime Totals":null,"Nate Totals":null,"Evan Totals":null,"Brandon Totals":null},{"Week":"49","Date":"07/26/2024","Mitch Bet Amount":null,"Mitch Win/Lose/Push":null,"Mitch":null,"Phil Bet Amount":null,"Phil Win/Lose/Push":null,"Phil":null,"Bryce Bet Amount":null,"Bryce Win/Lose/Push":null,"Bryce":null,"Cory Bet Amount":null,"Cory Win/Lose/Push":null,"Cory":null,"JB Bet Amount":null,"JB Win/Lose/Push":null,"JB":null,"Ethan Bet Amount":null,"Ethan Win/Lose/Push":null,"Ethan":null,"Jaime Bet Amount":null,"Jaime Win/Lose/Push":null,"Jaime":null,"Nathan Bet Amount":null,"Nathan Win/Lose/Push":null,"Nathan":null,"Evan Bet Amount":null,"Evan Win/Lose/Push":null,"Evan":null,"Brandon Bet Amount":null,"Brandon Win/Lose/Push":null,"Brandon":null,"Total Team Bet":null,"Legends Bet":null,"Leaders Bet":null,"To Win":null,"Payout":null,"TOTALS":null,"Mitch Totals":null,"Phil Totals":null,"Bryce Totals":null,"Cory Totals":null,"JB Totals":null,"Ethan Totals":null,"Jaime Totals":null,"Nate Totals":null,"Evan Totals":null,"Brandon Totals":null},{"Week":"50","Date":"08/02/2024","Mitch Bet Amount":null,"Mitch Win/Lose/Push":null,"Mitch":null,"Phil Bet Amount":null,"Phil Win/Lose/Push":null,"Phil":null,"Bryce Bet Amount":null,"Bryce Win/Lose/Push":null,"Bryce":null,"Cory Bet Amount":null,"Cory Win/Lose/Push":null,"Cory":null,"JB Bet Amount":null,"JB Win/Lose/Push":null,"JB":null,"Ethan Bet Amount":null,"Ethan Win/Lose/Push":null,"Ethan":null,"Jaime Bet Amount":null,"Jaime Win/Lose/Push":null,"Jaime":null,"Nathan Bet Amount":null,"Nathan Win/Lose/Push":null,"Nathan":null,"Evan Bet Amount":null,"Evan Win/Lose/Push":null,"Evan":null,"Brandon Bet Amount":null,"Brandon Win/Lose/Push":null,"Brandon":null,"Total Team Bet":null,"Legends Bet":null,"Leaders Bet":null,"To Win":null,"Payout":null,"TOTALS":null,"Mitch Totals":null,"Phil Totals":null,"Bryce Totals":null,"Cory Totals":null,"JB Totals":null,"Ethan Totals":null,"Jaime Totals":null,"Nate Totals":null,"Evan Totals":null,"Brandon Totals":null},{"Week":"51","Date":"08/09/2024","Mitch Bet Amount":null,"Mitch Win/Lose/Push":null,"Mitch":null,"Phil Bet Amount":null,"Phil Win/Lose/Push":null,"Phil":null,"Bryce Bet Amount":null,"Bryce Win/Lose/Push":null,"Bryce":null,"Cory Bet Amount":null,"Cory Win/Lose/Push":null,"Cory":null,"JB Bet Amount":null,"JB Win/Lose/Push":null,"JB":null,"Ethan Bet Amount":null,"Ethan Win/Lose/Push":null,"Ethan":null,"Jaime Bet Amount":null,"Jaime Win/Lose/Push":null,"Jaime":null,"Nathan Bet Amount":null,"Nathan Win/Lose/Push":null,"Nathan":null,"Evan Bet Amount":null,"Evan Win/Lose/Push":null,"Evan":null,"Brandon Bet Amount":null,"Brandon Win/Lose/Push":null,"Brandon":null,"Total Team Bet":null,"Legends Bet":null,"Leaders Bet":null,"To Win":null,"Payout":null,"TOTALS":null,"Mitch Totals":null,"Phil Totals":null,"Bryce Totals":null,"Cory Totals":null,"JB Totals":null,"Ethan Totals":null,"Jaime Totals":null,"Nate Totals":null,"Evan Totals":null,"Brandon Totals":null},{"Week":"52","Date":"08/16/2024","Mitch Bet Amount":null,"Mitch Win/Lose/Push":null,"Mitch":null,"Phil Bet Amount":null,"Phil Win/Lose/Push":null,"Phil":null,"Bryce Bet Amount":null,"Bryce Win/Lose/Push":null,"Bryce":null,"Cory Bet Amount":null,"Cory Win/Lose/Push":null,"Cory":null,"JB Bet Amount":null,"JB Win/Lose/Push":null,"JB":null,"Ethan Bet Amount":null,"Ethan Win/Lose/Push":null,"Ethan":null,"Jaime Bet Amount":null,"Jaime Win/Lose/Push":null,"Jaime":null,"Nathan Bet Amount":null,"Nathan Win/Lose/Push":null,"Nathan":null,"Evan Bet Amount":null,"Evan Win/Lose/Push":null,"Evan":null,"Brandon Bet Amount":null,"Brandon Win/Lose/Push":null,"Brandon":null,"Total Team Bet":null,"Legends Bet":null,"Leaders Bet":null,"To Win":null,"Payout":null,"TOTALS":null,"Mitch Totals":null,"Phil Totals":null,"Bryce Totals":null,"Cory Totals":null,"JB Totals":null,"Ethan Totals":null,"Jaime Totals":null,"Nate Totals":null,"Evan Totals":null,"Brandon Totals":null},{"Week":"53","Date":"08/23/2024","Mitch Bet Amount":null,"Mitch Win/Lose/Push":null,"Mitch":null,"Phil Bet Amount":null,"Phil Win/Lose/Push":null,"Phil":null,"Bryce Bet Amount":null,"Bryce Win/Lose/Push":null,"Bryce":null,"Cory Bet Amount":null,"Cory Win/Lose/Push":null,"Cory":null,"JB Bet Amount":null,"JB Win/Lose/Push":null,"JB":null,"Ethan Bet Amount":null,"Ethan Win/Lose/Push":null,"Ethan":null,"Jaime Bet Amount":null,"Jaime Win/Lose/Push":null,"Jaime":null,"Nathan Bet Amount":null,"Nathan Win/Lose/Push":null,"Nathan":null,"Evan Bet Amount":null,"Evan Win/Lose/Push":null,"Evan":null,"Brandon Bet Amount":null,"Brandon Win/Lose/Push":null,"Brandon":null,"Total Team Bet":null,"Legends Bet":null,"Leaders Bet":null,"To Win":null,"Payout":null,"TOTALS":null,"Mitch Totals":null,"Phil Totals":null,"Bryce Totals":null,"Cory Totals":null,"JB Totals":null,"Ethan Totals":null,"Jaime Totals":null,"Nate Totals":null,"Evan Totals":null,"Brandon Totals":null},{"Week":"54","Date":"08/30/2024","Mitch Bet Amount":null,"Mitch Win/Lose/Push":null,"Mitch":null,"Phil Bet Amount":null,"Phil Win/Lose/Push":null,"Phil":null,"Bryce Bet Amount":null,"Bryce Win/Lose/Push":null,"Bryce":null,"Cory Bet Amount":null,"Cory Win/Lose/Push":null,"Cory":null,"JB Bet Amount":null,"JB Win/Lose/Push":null,"JB":null,"Ethan Bet Amount":null,"Ethan Win/Lose/Push":null,"Ethan":null,"Jaime Bet Amount":null,"Jaime Win/Lose/Push":null,"Jaime":null,"Nathan Bet Amount":null,"Nathan Win/Lose/Push":null,"Nathan":null,"Evan Bet Amount":null,"Evan Win/Lose/Push":null,"Evan":null,"Brandon Bet Amount":null,"Brandon Win/Lose/Push":null,"Brandon":null,"Total Team Bet":null,"Legends Bet":null,"Leaders Bet":null,"To Win":null,"Payout":null,"TOTALS":null,"Mitch Totals":null,"Phil Totals":null,"Bryce Totals":null,"Cory Totals":null,"JB Totals":null,"Ethan Totals":null,"Jaime Totals":null,"Nate Totals":null,"Evan Totals":null,"Brandon Totals":null},{"Week":"55","Date":"09/06/2024","Mitch Bet Amount":null,"Mitch Win/Lose/Push":null,"Mitch":null,"Phil Bet Amount":null,"Phil Win/Lose/Push":null,"Phil":null,"Bryce Bet Amount":null,"Bryce Win/Lose/Push":null,"Bryce":null,"Cory Bet Amount":null,"Cory Win/Lose/Push":null,"Cory":null,"JB Bet Amount":null,"JB Win/Lose/Push":null,"JB":null,"Ethan Bet Amount":null,"Ethan Win/Lose/Push":null,"Ethan":null,"Jaime Bet Amount":null,"Jaime Win/Lose/Push":null,"Jaime":null,"Nathan Bet Amount":null,"Nathan Win/Lose/Push":null,"Nathan":null,"Evan Bet Amount":null,"Evan Win/Lose/Push":null,"Evan":null,"Brandon Bet Amount":null,"Brandon Win/Lose/Push":null,"Brandon":null,"Total Team Bet":null,"Legends Bet":null,"Leaders Bet":null,"To Win":null,"Payout":null,"TOTALS":null,"Mitch Totals":null,"Phil Totals":null,"Bryce Totals":null,"Cory Totals":null,"JB Totals":null,"Ethan Totals":null,"Jaime Totals":null,"Nate Totals":null,"Evan Totals":null,"Brandon Totals":null},{"Week":"56","Date":"09/13/2024","Mitch Bet Amount":null,"Mitch Win/Lose/Push":null,"Mitch":null,"Phil Bet Amount":null,"Phil Win/Lose/Push":null,"Phil":null,"Bryce Bet Amount":null,"Bryce Win/Lose/Push":null,"Bryce":null,"Cory Bet Amount":null,"Cory Win/Lose/Push":null,"Cory":null,"JB Bet Amount":null,"JB Win/Lose/Push":null,"JB":null,"Ethan Bet Amount":null,"Ethan Win/Lose/Push":null,"Ethan":null,"Jaime Bet Amount":null,"Jaime Win/Lose/Push":null,"Jaime":null,"Nathan Bet Amount":null,"Nathan Win/Lose/Push":null,"Nathan":null,"Evan Bet Amount":null,"Evan Win/Lose/Push":null,"Evan":null,"Brandon Bet Amount":null,"Brandon Win/Lose/Push":null,"Brandon":null,"Total Team Bet":null,"Legends Bet":null,"Leaders Bet":null,"To Win":null,"Payout":null,"TOTALS":null,"Mitch Totals":null,"Phil Totals":null,"Bryce Totals":null,"Cory Totals":null,"JB Totals":null,"Ethan Totals":null,"Jaime Totals":null,"Nate Totals":null,"Evan Totals":null,"Brandon Totals":null},{"Week":"57","Date":"09/20/2024","Mitch Bet Amount":null,"Mitch Win/Lose/Push":null,"Mitch":null,"Phil Bet Amount":null,"Phil Win/Lose/Push":null,"Phil":null,"Bryce Bet Amount":null,"Bryce Win/Lose/Push":null,"Bryce":null,"Cory Bet Amount":null,"Cory Win/Lose/Push":null,"Cory":null,"JB Bet Amount":null,"JB Win/Lose/Push":null,"JB":null,"Ethan Bet Amount":null,"Ethan Win/Lose/Push":null,"Ethan":null,"Jaime Bet Amount":null,"Jaime Win/Lose/Push":null,"Jaime":null,"Nathan Bet Amount":null,"Nathan Win/Lose/Push":null,"Nathan":null,"Evan Bet Amount":null,"Evan Win/Lose/Push":null,"Evan":null,"Brandon Bet Amount":null,"Brandon Win/Lose/Push":null,"Brandon":null,"Total Team Bet":null,"Legends Bet":null,"Leaders Bet":null,"To Win":null,"Payout":null,"TOTALS":null,"Mitch Totals":null,"Phil Totals":null,"Bryce Totals":null,"Cory Totals":null,"JB Totals":null,"Ethan Totals":null,"Jaime Totals":null,"Nate Totals":null,"Evan Totals":null,"Brandon Totals":null},{"Week":"58","Date":"09/27/2024","Mitch Bet Amount":null,"Mitch Win/Lose/Push":null,"Mitch":null,"Phil Bet Amount":null,"Phil Win/Lose/Push":null,"Phil":null,"Bryce Bet Amount":null,"Bryce Win/Lose/Push":null,"Bryce":null,"Cory Bet Amount":null,"Cory Win/Lose/Push":null,"Cory":null,"JB Bet Amount":null,"JB Win/Lose/Push":null,"JB":null,"Ethan Bet Amount":null,"Ethan Win/Lose/Push":null,"Ethan":null,"Jaime Bet Amount":null,"Jaime Win/Lose/Push":null,"Jaime":null,"Nathan Bet Amount":null,"Nathan Win/Lose/Push":null,"Nathan":null,"Evan Bet Amount":null,"Evan Win/Lose/Push":null,"Evan":null,"Brandon Bet Amount":null,"Brandon Win/Lose/Push":null,"Brandon":null,"Total Team Bet":null,"Legends Bet":null,"Leaders Bet":null,"To Win":null,"Payout":null,"TOTALS":null,"Mitch Totals":null,"Phil Totals":null,"Bryce Totals":null,"Cory Totals":null,"JB Totals":null,"Ethan Totals":null,"Jaime Totals":null,"Nate Totals":null,"Evan Totals":null,"Brandon Totals":null},{"Week":"59","Date":"10/04/2024","Mitch Bet Amount":null,"Mitch Win/Lose/Push":null,"Mitch":null,"Phil Bet Amount":null,"Phil Win/Lose/Push":null,"Phil":null,"Bryce Bet Amount":null,"Bryce Win/Lose/Push":null,"Bryce":null,"Cory Bet Amount":null,"Cory Win/Lose/Push":null,"Cory":null,"JB Bet Amount":null,"JB Win/Lose/Push":null,"JB":null,"Ethan Bet Amount":null,"Ethan Win/Lose/Push":null,"Ethan":null,"Jaime Bet Amount":null,"Jaime Win/Lose/Push":null,"Jaime":null,"Nathan Bet Amount":null,"Nathan Win/Lose/Push":null,"Nathan":null,"Evan Bet Amount":null,"Evan Win/Lose/Push":null,"Evan":null,"Brandon Bet Amount":null,"Brandon Win/Lose/Push":null,"Brandon":null,"Total Team Bet":null,"Legends Bet":null,"Leaders Bet":null,"To Win":null,"Payout":null,"TOTALS":null,"Mitch Totals":null,"Phil Totals":null,"Bryce Totals":null,"Cory Totals":null,"JB Totals":null,"Ethan Totals":null,"Jaime Totals":null,"Nate Totals":null,"Evan Totals":null,"Brandon Totals":null},{"Week":"60","Date":"10/11/2024","Mitch Bet Amount":null,"Mitch Win/Lose/Push":null,"Mitch":null,"Phil Bet Amount":null,"Phil Win/Lose/Push":null,"Phil":null,"Bryce Bet Amount":null,"Bryce Win/Lose/Push":null,"Bryce":null,"Cory Bet Amount":null,"Cory Win/Lose/Push":null,"Cory":null,"JB Bet Amount":null,"JB Win/Lose/Push":null,"JB":null,"Ethan Bet Amount":null,"Ethan Win/Lose/Push":null,"Ethan":null,"Jaime Bet Amount":null,"Jaime Win/Lose/Push":null,"Jaime":null,"Nathan Bet Amount":null,"Nathan Win/Lose/Push":null,"Nathan":null,"Evan Bet Amount":null,"Evan Win/Lose/Push":null,"Evan":null,"Brandon Bet Amount":null,"Brandon Win/Lose/Push":null,"Brandon":null,"Total Team Bet":null,"Legends Bet":null,"Leaders Bet":null,"To Win":null,"Payout":null,"TOTALS":null,"Mitch Totals":null,"Phil Totals":null,"Bryce Totals":null,"Cory Totals":null,"JB Totals":null,"Ethan Totals":null,"Jaime Totals":null,"Nate Totals":null,"Evan Totals":null,"Brandon Totals":null},{"Week":"61","Date":"10/18/2024","Mitch Bet Amount":null,"Mitch Win/Lose/Push":null,"Mitch":null,"Phil Bet Amount":null,"Phil Win/Lose/Push":null,"Phil":null,"Bryce Bet Amount":null,"Bryce Win/Lose/Push":null,"Bryce":null,"Cory Bet Amount":null,"Cory Win/Lose/Push":null,"Cory":null,"JB Bet Amount":null,"JB Win/Lose/Push":null,"JB":null,"Ethan Bet Amount":null,"Ethan Win/Lose/Push":null,"Ethan":null,"Jaime Bet Amount":null,"Jaime Win/Lose/Push":null,"Jaime":null,"Nathan Bet Amount":null,"Nathan Win/Lose/Push":null,"Nathan":null,"Evan Bet Amount":null,"Evan Win/Lose/Push":null,"Evan":null,"Brandon Bet Amount":null,"Brandon Win/Lose/Push":null,"Brandon":null,"Total Team Bet":null,"Legends Bet":null,"Leaders Bet":null,"To Win":null,"Payout":null,"TOTALS":null,"Mitch Totals":null,"Phil Totals":null,"Bryce Totals":null,"Cory Totals":null,"JB Totals":null,"Ethan Totals":null,"Jaime Totals":null,"Nate Totals":null,"Evan Totals":null,"Brandon Totals":null},{"Week":"62","Date":"10/25/2024","Mitch Bet Amount":null,"Mitch Win/Lose/Push":null,"Mitch":null,"Phil Bet Amount":null,"Phil Win/Lose/Push":null,"Phil":null,"Bryce Bet Amount":null,"Bryce Win/Lose/Push":null,"Bryce":null,"Cory Bet Amount":null,"Cory Win/Lose/Push":null,"Cory":null,"JB Bet Amount":null,"JB Win/Lose/Push":null,"JB":null,"Ethan Bet Amount":null,"Ethan Win/Lose/Push":null,"Ethan":null,"Jaime Bet Amount":null,"Jaime Win/Lose/Push":null,"Jaime":null,"Nathan Bet Amount":null,"Nathan Win/Lose/Push":null,"Nathan":null,"Evan Bet Amount":null,"Evan Win/Lose/Push":null,"Evan":null,"Brandon Bet Amount":null,"Brandon Win/Lose/Push":null,"Brandon":null,"Total Team Bet":null,"Legends Bet":null,"Leaders Bet":null,"To Win":null,"Payout":null,"TOTALS":null,"Mitch Totals":null,"Phil Totals":null,"Bryce Totals":null,"Cory Totals":null,"JB Totals":null,"Ethan Totals":null,"Jaime Totals":null,"Nate Totals":null,"Evan Totals":null,"Brandon Totals":null},{"Week":"63","Date":"11/01/2024","Mitch Bet Amount":null,"Mitch Win/Lose/Push":null,"Mitch":null,"Phil Bet Amount":null,"Phil Win/Lose/Push":null,"Phil":null,"Bryce Bet Amount":null,"Bryce Win/Lose/Push":null,"Bryce":null,"Cory Bet Amount":null,"Cory Win/Lose/Push":null,"Cory":null,"JB Bet Amount":null,"JB Win/Lose/Push":null,"JB":null,"Ethan Bet Amount":null,"Ethan Win/Lose/Push":null,"Ethan":null,"Jaime Bet Amount":null,"Jaime Win/Lose/Push":null,"Jaime":null,"Nathan Bet Amount":null,"Nathan Win/Lose/Push":null,"Nathan":null,"Evan Bet Amount":null,"Evan Win/Lose/Push":null,"Evan":null,"Brandon Bet Amount":null,"Brandon Win/Lose/Push":null,"Brandon":null,"Total Team Bet":null,"Legends Bet":null,"Leaders Bet":null,"To Win":null,"Payout":null,"TOTALS":null,"Mitch Totals":null,"Phil Totals":null,"Bryce Totals":null,"Cory Totals":null,"JB Totals":null,"Ethan Totals":null,"Jaime Totals":null,"Nate Totals":null,"Evan Totals":null,"Brandon Totals":null},{"Week":"64","Date":"11/08/2024","Mitch Bet Amount":null,"Mitch Win/Lose/Push":null,"Mitch":null,"Phil Bet Amount":null,"Phil Win/Lose/Push":null,"Phil":null,"Bryce Bet Amount":null,"Bryce Win/Lose/Push":null,"Bryce":null,"Cory Bet Amount":null,"Cory Win/Lose/Push":null,"Cory":null,"JB Bet Amount":null,"JB Win/Lose/Push":null,"JB":null,"Ethan Bet Amount":null,"Ethan Win/Lose/Push":null,"Ethan":null,"Jaime Bet Amount":null,"Jaime Win/Lose/Push":null,"Jaime":null,"Nathan Bet Amount":null,"Nathan Win/Lose/Push":null,"Nathan":null,"Evan Bet Amount":null,"Evan Win/Lose/Push":null,"Evan":null,"Brandon Bet Amount":null,"Brandon Win/Lose/Push":null,"Brandon":null,"Total Team Bet":null,"Legends Bet":null,"Leaders Bet":null,"To Win":null,"Payout":null,"TOTALS":null,"Mitch Totals":null,"Phil Totals":null,"Bryce Totals":null,"Cory Totals":null,"JB Totals":null,"Ethan Totals":null,"Jaime Totals":null,"Nate Totals":null,"Evan Totals":null,"Brandon Totals":null},{"Week":"65","Date":"11/15/2024","Mitch Bet Amount":null,"Mitch Win/Lose/Push":null,"Mitch":null,"Phil Bet Amount":null,"Phil Win/Lose/Push":null,"Phil":null,"Bryce Bet Amount":null,"Bryce Win/Lose/Push":null,"Bryce":null,"Cory Bet Amount":null,"Cory Win/Lose/Push":null,"Cory":null,"JB Bet Amount":null,"JB Win/Lose/Push":null,"JB":null,"Ethan Bet Amount":null,"Ethan Win/Lose/Push":null,"Ethan":null,"Jaime Bet Amount":null,"Jaime Win/Lose/Push":null,"Jaime":null,"Nathan Bet Amount":null,"Nathan Win/Lose/Push":null,"Nathan":null,"Evan Bet Amount":null,"Evan Win/Lose/Push":null,"Evan":null,"Brandon Bet Amount":null,"Brandon Win/Lose/Push":null,"Brandon":null,"Total Team Bet":null,"Legends Bet":null,"Leaders Bet":null,"To Win":null,"Payout":null,"TOTALS":null,"Mitch Totals":null,"Phil Totals":null,"Bryce Totals":null,"Cory Totals":null,"JB Totals":null,"Ethan Totals":null,"Jaime Totals":null,"Nate Totals":null,"Evan Totals":null,"Brandon Totals":null},{"Week":"66","Date":"11/22/2024","Mitch Bet Amount":null,"Mitch Win/Lose/Push":null,"Mitch":null,"Phil Bet Amount":null,"Phil Win/Lose/Push":null,"Phil":null,"Bryce Bet Amount":null,"Bryce Win/Lose/Push":null,"Bryce":null,"Cory Bet Amount":null,"Cory Win/Lose/Push":null,"Cory":null,"JB Bet Amount":null,"JB Win/Lose/Push":null,"JB":null,"Ethan Bet Amount":null,"Ethan Win/Lose/Push":null,"Ethan":null,"Jaime Bet Amount":null,"Jaime Win/Lose/Push":null,"Jaime":null,"Nathan Bet Amount":null,"Nathan Win/Lose/Push":null,"Nathan":null,"Evan Bet Amount":null,"Evan Win/Lose/Push":null,"Evan":null,"Brandon Bet Amount":null,"Brandon Win/Lose/Push":null,"Brandon":null,"Total Team Bet":null,"Legends Bet":null,"Leaders Bet":null,"To Win":null,"Payout":null,"TOTALS":null,"Mitch Totals":null,"Phil Totals":null,"Bryce Totals":null,"Cory Totals":null,"JB Totals":null,"Ethan Totals":null,"Jaime Totals":null,"Nate Totals":null,"Evan Totals":null,"Brandon Totals":null},{"Week":"67","Date":"11/29/2024","Mitch Bet Amount":null,"Mitch Win/Lose/Push":null,"Mitch":null,"Phil Bet Amount":null,"Phil Win/Lose/Push":null,"Phil":null,"Bryce Bet Amount":null,"Bryce Win/Lose/Push":null,"Bryce":null,"Cory Bet Amount":null,"Cory Win/Lose/Push":null,"Cory":null,"JB Bet Amount":null,"JB Win/Lose/Push":null,"JB":null,"Ethan Bet Amount":null,"Ethan Win/Lose/Push":null,"Ethan":null,"Jaime Bet Amount":null,"Jaime Win/Lose/Push":null,"Jaime":null,"Nathan Bet Amount":null,"Nathan Win/Lose/Push":null,"Nathan":null,"Evan Bet Amount":null,"Evan Win/Lose/Push":null,"Evan":null,"Brandon Bet Amount":null,"Brandon Win/Lose/Push":null,"Brandon":null,"Total Team Bet":null,"Legends Bet":null,"Leaders Bet":null,"To Win":null,"Payout":null,"TOTALS":null,"Mitch Totals":null,"Phil Totals":null,"Bryce Totals":null,"Cory Totals":null,"JB Totals":null,"Ethan Totals":null,"Jaime Totals":null,"Nate Totals":null,"Evan Totals":null,"Brandon Totals":null},{"Week":"68","Date":"12/06/2024","Mitch Bet Amount":null,"Mitch Win/Lose/Push":null,"Mitch":null,"Phil Bet Amount":null,"Phil Win/Lose/Push":null,"Phil":null,"Bryce Bet Amount":null,"Bryce Win/Lose/Push":null,"Bryce":null,"Cory Bet Amount":null,"Cory Win/Lose/Push":null,"Cory":null,"JB Bet Amount":null,"JB Win/Lose/Push":null,"JB":null,"Ethan Bet Amount":null,"Ethan Win/Lose/Push":null,"Ethan":null,"Jaime Bet Amount":null,"Jaime Win/Lose/Push":null,"Jaime":null,"Nathan Bet Amount":null,"Nathan Win/Lose/Push":null,"Nathan":null,"Evan Bet Amount":null,"Evan Win/Lose/Push":null,"Evan":null,"Brandon Bet Amount":null,"Brandon Win/Lose/Push":null,"Brandon":null,"Total Team Bet":null,"Legends Bet":null,"Leaders Bet":null,"To Win":null,"Payout":null,"TOTALS":null,"Mitch Totals":null,"Phil Totals":null,"Bryce Totals":null,"Cory Totals":null,"JB Totals":null,"Ethan Totals":null,"Jaime Totals":null,"Nate Totals":null,"Evan Totals":null,"Brandon Totals":null},{"Week":"69","Date":"12/13/2024","Mitch Bet Amount":null,"Mitch Win/Lose/Push":null,"Mitch":null,"Phil Bet Amount":null,"Phil Win/Lose/Push":null,"Phil":null,"Bryce Bet Amount":null,"Bryce Win/Lose/Push":null,"Bryce":null,"Cory Bet Amount":null,"Cory Win/Lose/Push":null,"Cory":null,"JB Bet Amount":null,"JB Win/Lose/Push":null,"JB":null,"Ethan Bet Amount":null,"Ethan Win/Lose/Push":null,"Ethan":null,"Jaime Bet Amount":null,"Jaime Win/Lose/Push":null,"Jaime":null,"Nathan Bet Amount":null,"Nathan Win/Lose/Push":null,"Nathan":null,"Evan Bet Amount":null,"Evan Win/Lose/Push":null,"Evan":null,"Brandon Bet Amount":null,"Brandon Win/Lose/Push":null,"Brandon":null,"Total Team Bet":null,"Legends Bet":null,"Leaders Bet":null,"To Win":null,"Payout":null,"TOTALS":null,"Mitch Totals":null,"Phil Totals":null,"Bryce Totals":null,"Cory Totals":null,"JB Totals":null,"Ethan Totals":null,"Jaime Totals":null,"Nate Totals":null,"Evan Totals":null,"Brandon Totals":null},{"Week":"70","Date":"12/20/2024","Mitch Bet Amount":null,"Mitch Win/Lose/Push":null,"Mitch":null,"Phil Bet Amount":null,"Phil Win/Lose/Push":null,"Phil":null,"Bryce Bet Amount":null,"Bryce Win/Lose/Push":null,"Bryce":null,"Cory Bet Amount":null,"Cory Win/Lose/Push":null,"Cory":null,"JB Bet Amount":null,"JB Win/Lose/Push":null,"JB":null,"Ethan Bet Amount":null,"Ethan Win/Lose/Push":null,"Ethan":null,"Jaime Bet Amount":null,"Jaime Win/Lose/Push":null,"Jaime":null,"Nathan Bet Amount":null,"Nathan Win/Lose/Push":null,"Nathan":null,"Evan Bet Amount":null,"Evan Win/Lose/Push":null,"Evan":null,"Brandon Bet Amount":null,"Brandon Win/Lose/Push":null,"Brandon":null,"Total Team Bet":null,"Legends Bet":null,"Leaders Bet":null,"To Win":null,"Payout":null,"TOTALS":null,"Mitch Totals":null,"Phil Totals":null,"Bryce Totals":null,"Cory Totals":null,"JB Totals":null,"Ethan Totals":null,"Jaime Totals":null,"Nate Totals":null,"Evan Totals":null,"Brandon Totals":null},{"Week":"71","Date":"12/27/2024","Mitch Bet Amount":null,"Mitch Win/Lose/Push":null,"Mitch":null,"Phil Bet Amount":null,"Phil Win/Lose/Push":null,"Phil":null,"Bryce Bet Amount":null,"Bryce Win/Lose/Push":null,"Bryce":null,"Cory Bet Amount":null,"Cory Win/Lose/Push":null,"Cory":null,"JB Bet Amount":null,"JB Win/Lose/Push":null,"JB":null,"Ethan Bet Amount":null,"Ethan Win/Lose/Push":null,"Ethan":null,"Jaime Bet Amount":null,"Jaime Win/Lose/Push":null,"Jaime":null,"Nathan Bet Amount":null,"Nathan Win/Lose/Push":null,"Nathan":null,"Evan Bet Amount":null,"Evan Win/Lose/Push":null,"Evan":null,"Brandon Bet Amount":null,"Brandon Win/Lose/Push":null,"Brandon":null,"Total Team Bet":null,"Legends Bet":null,"Leaders Bet":null,"To Win":null,"Payout":null,"TOTALS":null,"Mitch Totals":null,"Phil Totals":null,"Bryce Totals":null,"Cory Totals":null,"JB Totals":null,"Ethan Totals":null,"Jaime Totals":null,"Nate Totals":null,"Evan Totals":null,"Brandon Totals":null},{"Week":"72","Date":"01/03/2025","Mitch Bet Amount":null,"Mitch Win/Lose/Push":null,"Mitch":null,"Phil Bet Amount":null,"Phil Win/Lose/Push":null,"Phil":null,"Bryce Bet Amount":null,"Bryce Win/Lose/Push":null,"Bryce":null,"Cory Bet Amount":null,"Cory Win/Lose/Push":null,"Cory":null,"JB Bet Amount":null,"JB Win/Lose/Push":null,"JB":null,"Ethan Bet Amount":null,"Ethan Win/Lose/Push":null,"Ethan":null,"Jaime Bet Amount":null,"Jaime Win/Lose/Push":null,"Jaime":null,"Nathan Bet Amount":null,"Nathan Win/Lose/Push":null,"Nathan":null,"Evan Bet Amount":null,"Evan Win/Lose/Push":null,"Evan":null,"Brandon Bet Amount":null,"Brandon Win/Lose/Push":null,"Brandon":null,"Total Team Bet":null,"Legends Bet":null,"Leaders Bet":null,"To Win":null,"Payout":null,"TOTALS":null,"Mitch Totals":null,"Phil Totals":null,"Bryce Totals":null,"Cory Totals":null,"JB Totals":null,"Ethan Totals":null,"Jaime Totals":null,"Nate Totals":null,"Evan Totals":null,"Brandon Totals":null},{"Week":"73","Date":"01/10/2025","Mitch Bet Amount":null,"Mitch Win/Lose/Push":null,"Mitch":null,"Phil Bet Amount":null,"Phil Win/Lose/Push":null,"Phil":null,"Bryce Bet Amount":null,"Bryce Win/Lose/Push":null,"Bryce":null,"Cory Bet Amount":null,"Cory Win/Lose/Push":null,"Cory":null,"JB Bet Amount":null,"JB Win/Lose/Push":null,"JB":null,"Ethan Bet Amount":null,"Ethan Win/Lose/Push":null,"Ethan":null,"Jaime Bet Amount":null,"Jaime Win/Lose/Push":null,"Jaime":null,"Nathan Bet Amount":null,"Nathan Win/Lose/Push":null,"Nathan":null,"Evan Bet Amount":null,"Evan Win/Lose/Push":null,"Evan":null,"Brandon Bet Amount":null,"Brandon Win/Lose/Push":null,"Brandon":null,"Total Team Bet":null,"Legends Bet":null,"Leaders Bet":null,"To Win":null,"Payout":null,"TOTALS":null,"Mitch Totals":null,"Phil Totals":null,"Bryce Totals":null,"Cory Totals":null,"JB Totals":null,"Ethan Totals":null,"Jaime Totals":null,"Nate Totals":null,"Evan Totals":null,"Brandon Totals":null},{"Week":"74","Date":"01/17/2025","Mitch Bet Amount":null,"Mitch Win/Lose/Push":null,"Mitch":null,"Phil Bet Amount":null,"Phil Win/Lose/Push":null,"Phil":null,"Bryce Bet Amount":null,"Bryce Win/Lose/Push":null,"Bryce":null,"Cory Bet Amount":null,"Cory Win/Lose/Push":null,"Cory":null,"JB Bet Amount":null,"JB Win/Lose/Push":null,"JB":null,"Ethan Bet Amount":null,"Ethan Win/Lose/Push":null,"Ethan":null,"Jaime Bet Amount":null,"Jaime Win/Lose/Push":null,"Jaime":null,"Nathan Bet Amount":null,"Nathan Win/Lose/Push":null,"Nathan":null,"Evan Bet Amount":null,"Evan Win/Lose/Push":null,"Evan":null,"Brandon Bet Amount":null,"Brandon Win/Lose/Push":null,"Brandon":null,"Total Team Bet":null,"Legends Bet":null,"Leaders Bet":null,"To Win":null,"Payout":null,"TOTALS":null,"Mitch Totals":null,"Phil Totals":null,"Bryce Totals":null,"Cory Totals":null,"JB Totals":null,"Ethan Totals":null,"Jaime Totals":null,"Nate Totals":null,"Evan Totals":null,"Brandon Totals":null},{"Week":"75","Date":"01/24/2025","Mitch Bet Amount":null,"Mitch Win/Lose/Push":null,"Mitch":null,"Phil Bet Amount":null,"Phil Win/Lose/Push":null,"Phil":null,"Bryce Bet Amount":null,"Bryce Win/Lose/Push":null,"Bryce":null,"Cory Bet Amount":null,"Cory Win/Lose/Push":null,"Cory":null,"JB Bet Amount":null,"JB Win/Lose/Push":null,"JB":null,"Ethan Bet Amount":null,"Ethan Win/Lose/Push":null,"Ethan":null,"Jaime Bet Amount":null,"Jaime Win/Lose/Push":null,"Jaime":null,"Nathan Bet Amount":null,"Nathan Win/Lose/Push":null,"Nathan":null,"Evan Bet Amount":null,"Evan Win/Lose/Push":null,"Evan":null,"Brandon Bet Amount":null,"Brandon Win/Lose/Push":null,"Brandon":null,"Total Team Bet":null,"Legends Bet":null,"Leaders Bet":null,"To Win":null,"Payout":null,"TOTALS":null,"Mitch Totals":null,"Phil Totals":null,"Bryce Totals":null,"Cory Totals":null,"JB Totals":null,"Ethan Totals":null,"Jaime Totals":null,"Nate Totals":null,"Evan Totals":null,"Brandon Totals":null},{"Week":"76","Date":"01/31/2025","Mitch Bet Amount":null,"Mitch Win/Lose/Push":null,"Mitch":null,"Phil Bet Amount":null,"Phil Win/Lose/Push":null,"Phil":null,"Bryce Bet Amount":null,"Bryce Win/Lose/Push":null,"Bryce":null,"Cory Bet Amount":null,"Cory Win/Lose/Push":null,"Cory":null,"JB Bet Amount":null,"JB Win/Lose/Push":null,"JB":null,"Ethan Bet Amount":null,"Ethan Win/Lose/Push":null,"Ethan":null,"Jaime Bet Amount":null,"Jaime Win/Lose/Push":null,"Jaime":null,"Nathan Bet Amount":null,"Nathan Win/Lose/Push":null,"Nathan":null,"Evan Bet Amount":null,"Evan Win/Lose/Push":null,"Evan":null,"Brandon Bet Amount":null,"Brandon Win/Lose/Push":null,"Brandon":null,"Total Team Bet":null,"Legends Bet":null,"Leaders Bet":null,"To Win":null,"Payout":null,"TOTALS":null,"Mitch Totals":null,"Phil Totals":null,"Bryce Totals":null,"Cory Totals":null,"JB Totals":null,"Ethan Totals":null,"Jaime Totals":null,"Nate Totals":null,"Evan Totals":null,"Brandon Totals":null},{"Week":"77","Date":"02/07/2025","Mitch Bet Amount":null,"Mitch Win/Lose/Push":null,"Mitch":null,"Phil Bet Amount":null,"Phil Win/Lose/Push":null,"Phil":null,"Bryce Bet Amount":null,"Bryce Win/Lose/Push":null,"Bryce":null,"Cory Bet Amount":null,"Cory Win/Lose/Push":null,"Cory":null,"JB Bet Amount":null,"JB Win/Lose/Push":null,"JB":null,"Ethan Bet Amount":null,"Ethan Win/Lose/Push":null,"Ethan":null,"Jaime Bet Amount":null,"Jaime Win/Lose/Push":null,"Jaime":null,"Nathan Bet Amount":null,"Nathan Win/Lose/Push":null,"Nathan":null,"Evan Bet Amount":null,"Evan Win/Lose/Push":null,"Evan":null,"Brandon Bet Amount":null,"Brandon Win/Lose/Push":null,"Brandon":null,"Total Team Bet":null,"Legends Bet":null,"Leaders Bet":null,"To Win":null,"Payout":null,"TOTALS":null,"Mitch Totals":null,"Phil Totals":null,"Bryce Totals":null,"Cory Totals":null,"JB Totals":null,"Ethan Totals":null,"Jaime Totals":null,"Nate Totals":null,"Evan Totals":null,"Brandon Totals":null},{"Week":"78","Date":"02/14/2025","Mitch Bet Amount":null,"Mitch Win/Lose/Push":null,"Mitch":null,"Phil Bet Amount":null,"Phil Win/Lose/Push":null,"Phil":null,"Bryce Bet Amount":null,"Bryce Win/Lose/Push":null,"Bryce":null,"Cory Bet Amount":null,"Cory Win/Lose/Push":null,"Cory":null,"JB Bet Amount":null,"JB Win/Lose/Push":null,"JB":null,"Ethan Bet Amount":null,"Ethan Win/Lose/Push":null,"Ethan":null,"Jaime Bet Amount":null,"Jaime Win/Lose/Push":null,"Jaime":null,"Nathan Bet Amount":null,"Nathan Win/Lose/Push":null,"Nathan":null,"Evan Bet Amount":null,"Evan Win/Lose/Push":null,"Evan":null,"Brandon Bet Amount":null,"Brandon Win/Lose/Push":null,"Brandon":null,"Total Team Bet":null,"Legends Bet":null,"Leaders Bet":null,"To Win":null,"Payout":null,"TOTALS":null,"Mitch Totals":null,"Phil Totals":null,"Bryce Totals":null,"Cory Totals":null,"JB Totals":null,"Ethan Totals":null,"Jaime Totals":null,"Nate Totals":null,"Evan Totals":null,"Brandon Totals":null},{"Week":"79","Date":"02/21/2025","Mitch Bet Amount":null,"Mitch Win/Lose/Push":null,"Mitch":null,"Phil Bet Amount":null,"Phil Win/Lose/Push":null,"Phil":null,"Bryce Bet Amount":null,"Bryce Win/Lose/Push":null,"Bryce":null,"Cory Bet Amount":null,"Cory Win/Lose/Push":null,"Cory":null,"JB Bet Amount":null,"JB Win/Lose/Push":null,"JB":null,"Ethan Bet Amount":null,"Ethan Win/Lose/Push":null,"Ethan":null,"Jaime Bet Amount":null,"Jaime Win/Lose/Push":null,"Jaime":null,"Nathan Bet Amount":null,"Nathan Win/Lose/Push":null,"Nathan":null,"Evan Bet Amount":null,"Evan Win/Lose/Push":null,"Evan":null,"Brandon Bet Amount":null,"Brandon Win/Lose/Push":null,"Brandon":null,"Total Team Bet":null,"Legends Bet":null,"Leaders Bet":null,"To Win":null,"Payout":null,"TOTALS":null,"Mitch Totals":null,"Phil Totals":null,"Bryce Totals":null,"Cory Totals":null,"JB Totals":null,"Ethan Totals":null,"Jaime Totals":null,"Nate Totals":null,"Evan Totals":null,"Brandon Totals":null},{"Week":"80","Date":"02/28/2025","Mitch Bet Amount":null,"Mitch Win/Lose/Push":null,"Mitch":null,"Phil Bet Amount":null,"Phil Win/Lose/Push":null,"Phil":null,"Bryce Bet Amount":null,"Bryce Win/Lose/Push":null,"Bryce":null,"Cory Bet Amount":null,"Cory Win/Lose/Push":null,"Cory":null,"JB Bet Amount":null,"JB Win/Lose/Push":null,"JB":null,"Ethan Bet Amount":null,"Ethan Win/Lose/Push":null,"Ethan":null,"Jaime Bet Amount":null,"Jaime Win/Lose/Push":null,"Jaime":null,"Nathan Bet Amount":null,"Nathan Win/Lose/Push":null,"Nathan":null,"Evan Bet Amount":null,"Evan Win/Lose/Push":null,"Evan":null,"Brandon Bet Amount":null,"Brandon Win/Lose/Push":null,"Brandon":null,"Total Team Bet":null,"Legends Bet":null,"Leaders Bet":null,"To Win":null,"Payout":null,"TOTALS":null,"Mitch Totals":null,"Phil Totals":null,"Bryce Totals":null,"Cory Totals":null,"JB Totals":null,"Ethan Totals":null,"Jaime Totals":null,"Nate Totals":null,"Evan Totals":null,"Brandon Totals":null},{"Week":"81","Date":"03/07/2025","Mitch Bet Amount":null,"Mitch Win/Lose/Push":null,"Mitch":null,"Phil Bet Amount":null,"Phil Win/Lose/Push":null,"Phil":null,"Bryce Bet Amount":null,"Bryce Win/Lose/Push":null,"Bryce":null,"Cory Bet Amount":null,"Cory Win/Lose/Push":null,"Cory":null,"JB Bet Amount":null,"JB Win/Lose/Push":null,"JB":null,"Ethan Bet Amount":null,"Ethan Win/Lose/Push":null,"Ethan":null,"Jaime Bet Amount":null,"Jaime Win/Lose/Push":null,"Jaime":null,"Nathan Bet Amount":null,"Nathan Win/Lose/Push":null,"Nathan":null,"Evan Bet Amount":null,"Evan Win/Lose/Push":null,"Evan":null,"Brandon Bet Amount":null,"Brandon Win/Lose/Push":null,"Brandon":null,"Total Team Bet":null,"Legends Bet":null,"Leaders Bet":null,"To Win":null,"Payout":null,"TOTALS":null,"Mitch Totals":null,"Phil Totals":null,"Bryce Totals":null,"Cory Totals":null,"JB Totals":null,"Ethan Totals":null,"Jaime Totals":null,"Nate Totals":null,"Evan Totals":null,"Brandon Totals":null},{"Week":"82","Date":"03/14/2025","Mitch Bet Amount":null,"Mitch Win/Lose/Push":null,"Mitch":null,"Phil Bet Amount":null,"Phil Win/Lose/Push":null,"Phil":null,"Bryce Bet Amount":null,"Bryce Win/Lose/Push":null,"Bryce":null,"Cory Bet Amount":null,"Cory Win/Lose/Push":null,"Cory":null,"JB Bet Amount":null,"JB Win/Lose/Push":null,"JB":null,"Ethan Bet Amount":null,"Ethan Win/Lose/Push":null,"Ethan":null,"Jaime Bet Amount":null,"Jaime Win/Lose/Push":null,"Jaime":null,"Nathan Bet Amount":null,"Nathan Win/Lose/Push":null,"Nathan":null,"Evan Bet Amount":null,"Evan Win/Lose/Push":null,"Evan":null,"Brandon Bet Amount":null,"Brandon Win/Lose/Push":null,"Brandon":null,"Total Team Bet":null,"Legends Bet":null,"Leaders Bet":null,"To Win":null,"Payout":null,"TOTALS":null,"Mitch Totals":null,"Phil Totals":null,"Bryce Totals":null,"Cory Totals":null,"JB Totals":null,"Ethan Totals":null,"Jaime Totals":null,"Nate Totals":null,"Evan Totals":null,"Brandon Totals":null},{"Week":"83","Date":"03/21/2025","Mitch Bet Amount":null,"Mitch Win/Lose/Push":null,"Mitch":null,"Phil Bet Amount":null,"Phil Win/Lose/Push":null,"Phil":null,"Bryce Bet Amount":null,"Bryce Win/Lose/Push":null,"Bryce":null,"Cory Bet Amount":null,"Cory Win/Lose/Push":null,"Cory":null,"JB Bet Amount":null,"JB Win/Lose/Push":null,"JB":null,"Ethan Bet Amount":null,"Ethan Win/Lose/Push":null,"Ethan":null,"Jaime Bet Amount":null,"Jaime Win/Lose/Push":null,"Jaime":null,"Nathan Bet Amount":null,"Nathan Win/Lose/Push":null,"Nathan":null,"Evan Bet Amount":null,"Evan Win/Lose/Push":null,"Evan":null,"Brandon Bet Amount":null,"Brandon Win/Lose/Push":null,"Brandon":null,"Total Team Bet":null,"Legends Bet":null,"Leaders Bet":null,"To Win":null,"Payout":null,"TOTALS":null,"Mitch Totals":null,"Phil Totals":null,"Bryce Totals":null,"Cory Totals":null,"JB Totals":null,"Ethan Totals":null,"Jaime Totals":null,"Nate Totals":null,"Evan Totals":null,"Brandon Totals":null},{"Week":"84","Date":"03/28/2025","Mitch Bet Amount":null,"Mitch Win/Lose/Push":null,"Mitch":null,"Phil Bet Amount":null,"Phil Win/Lose/Push":null,"Phil":null,"Bryce Bet Amount":null,"Bryce Win/Lose/Push":null,"Bryce":null,"Cory Bet Amount":null,"Cory Win/Lose/Push":null,"Cory":null,"JB Bet Amount":null,"JB Win/Lose/Push":null,"JB":null,"Ethan Bet Amount":null,"Ethan Win/Lose/Push":null,"Ethan":null,"Jaime Bet Amount":null,"Jaime Win/Lose/Push":null,"Jaime":null,"Nathan Bet Amount":null,"Nathan Win/Lose/Push":null,"Nathan":null,"Evan Bet Amount":null,"Evan Win/Lose/Push":null,"Evan":null,"Brandon Bet Amount":null,"Brandon Win/Lose/Push":null,"Brandon":null,"Total Team Bet":null,"Legends Bet":null,"Leaders Bet":null,"To Win":null,"Payout":null,"TOTALS":null,"Mitch Totals":null,"Phil Totals":null,"Bryce Totals":null,"Cory Totals":null,"JB Totals":null,"Ethan Totals":null,"Jaime Totals":null,"Nate Totals":null,"Evan Totals":null,"Brandon Totals":null},{"Week":"85","Date":"04/04/2025","Mitch Bet Amount":null,"Mitch Win/Lose/Push":null,"Mitch":null,"Phil Bet Amount":null,"Phil Win/Lose/Push":null,"Phil":null,"Bryce Bet Amount":null,"Bryce Win/Lose/Push":null,"Bryce":null,"Cory Bet Amount":null,"Cory Win/Lose/Push":null,"Cory":null,"JB Bet Amount":null,"JB Win/Lose/Push":null,"JB":null,"Ethan Bet Amount":null,"Ethan Win/Lose/Push":null,"Ethan":null,"Jaime Bet Amount":null,"Jaime Win/Lose/Push":null,"Jaime":null,"Nathan Bet Amount":null,"Nathan Win/Lose/Push":null,"Nathan":null,"Evan Bet Amount":null,"Evan Win/Lose/Push":null,"Evan":null,"Brandon Bet Amount":null,"Brandon Win/Lose/Push":null,"Brandon":null,"Total Team Bet":null,"Legends Bet":null,"Leaders Bet":null,"To Win":null,"Payout":null,"TOTALS":null,"Mitch Totals":null,"Phil Totals":null,"Bryce Totals":null,"Cory Totals":null,"JB Totals":null,"Ethan Totals":null,"Jaime Totals":null,"Nate Totals":null,"Evan Totals":null,"Brandon Totals":null},{"Week":"86","Date":"04/11/2025","Mitch Bet Amount":null,"Mitch Win/Lose/Push":null,"Mitch":null,"Phil Bet Amount":null,"Phil Win/Lose/Push":null,"Phil":null,"Bryce Bet Amount":null,"Bryce Win/Lose/Push":null,"Bryce":null,"Cory Bet Amount":null,"Cory Win/Lose/Push":null,"Cory":null,"JB Bet Amount":null,"JB Win/Lose/Push":null,"JB":null,"Ethan Bet Amount":null,"Ethan Win/Lose/Push":null,"Ethan":null,"Jaime Bet Amount":null,"Jaime Win/Lose/Push":null,"Jaime":null,"Nathan Bet Amount":null,"Nathan Win/Lose/Push":null,"Nathan":null,"Evan Bet Amount":null,"Evan Win/Lose/Push":null,"Evan":null,"Brandon Bet Amount":null,"Brandon Win/Lose/Push":null,"Brandon":null,"Total Team Bet":null,"Legends Bet":null,"Leaders Bet":null,"To Win":null,"Payout":null,"TOTALS":null,"Mitch Totals":null,"Phil Totals":null,"Bryce Totals":null,"Cory Totals":null,"JB Totals":null,"Ethan Totals":null,"Jaime Totals":null,"Nate Totals":null,"Evan Totals":null,"Brandon Totals":null},{"Week":"87","Date":"04/18/2025","Mitch Bet Amount":null,"Mitch Win/Lose/Push":null,"Mitch":null,"Phil Bet Amount":null,"Phil Win/Lose/Push":null,"Phil":null,"Bryce Bet Amount":null,"Bryce Win/Lose/Push":null,"Bryce":null,"Cory Bet Amount":null,"Cory Win/Lose/Push":null,"Cory":null,"JB Bet Amount":null,"JB Win/Lose/Push":null,"JB":null,"Ethan Bet Amount":null,"Ethan Win/Lose/Push":null,"Ethan":null,"Jaime Bet Amount":null,"Jaime Win/Lose/Push":null,"Jaime":null,"Nathan Bet Amount":null,"Nathan Win/Lose/Push":null,"Nathan":null,"Evan Bet Amount":null,"Evan Win/Lose/Push":null,"Evan":null,"Brandon Bet Amount":null,"Brandon Win/Lose/Push":null,"Brandon":null,"Total Team Bet":null,"Legends Bet":null,"Leaders Bet":null,"To Win":null,"Payout":null,"TOTALS":null,"Mitch Totals":null,"Phil Totals":null,"Bryce Totals":null,"Cory Totals":null,"JB Totals":null,"Ethan Totals":null,"Jaime Totals":null,"Nate Totals":null,"Evan Totals":null,"Brandon Totals":null},{"Week":"88","Date":"04/25/2025","Mitch Bet Amount":null,"Mitch Win/Lose/Push":null,"Mitch":null,"Phil Bet Amount":null,"Phil Win/Lose/Push":null,"Phil":null,"Bryce Bet Amount":null,"Bryce Win/Lose/Push":null,"Bryce":null,"Cory Bet Amount":null,"Cory Win/Lose/Push":null,"Cory":null,"JB Bet Amount":null,"JB Win/Lose/Push":null,"JB":null,"Ethan Bet Amount":null,"Ethan Win/Lose/Push":null,"Ethan":null,"Jaime Bet Amount":null,"Jaime Win/Lose/Push":null,"Jaime":null,"Nathan Bet Amount":null,"Nathan Win/Lose/Push":null,"Nathan":null,"Evan Bet Amount":null,"Evan Win/Lose/Push":null,"Evan":null,"Brandon Bet Amount":null,"Brandon Win/Lose/Push":null,"Brandon":null,"Total Team Bet":null,"Legends Bet":null,"Leaders Bet":null,"To Win":null,"Payout":null,"TOTALS":null,"Mitch Totals":null,"Phil Totals":null,"Bryce Totals":null,"Cory Totals":null,"JB Totals":null,"Ethan Totals":null,"Jaime Totals":null,"Nate Totals":null,"Evan Totals":null,"Brandon Totals":null},{"Week":"89","Date":"05/02/2025","Mitch Bet Amount":null,"Mitch Win/Lose/Push":null,"Mitch":null,"Phil Bet Amount":null,"Phil Win/Lose/Push":null,"Phil":null,"Bryce Bet Amount":null,"Bryce Win/Lose/Push":null,"Bryce":null,"Cory Bet Amount":null,"Cory Win/Lose/Push":null,"Cory":null,"JB Bet Amount":null,"JB Win/Lose/Push":null,"JB":null,"Ethan Bet Amount":null,"Ethan Win/Lose/Push":null,"Ethan":null,"Jaime Bet Amount":null,"Jaime Win/Lose/Push":null,"Jaime":null,"Nathan Bet Amount":null,"Nathan Win/Lose/Push":null,"Nathan":null,"Evan Bet Amount":null,"Evan Win/Lose/Push":null,"Evan":null,"Brandon Bet Amount":null,"Brandon Win/Lose/Push":null,"Brandon":null,"Total Team Bet":null,"Legends Bet":null,"Leaders Bet":null,"To Win":null,"Payout":null,"TOTALS":null,"Mitch Totals":null,"Phil Totals":null,"Bryce Totals":null,"Cory Totals":null,"JB Totals":null,"Ethan Totals":null,"Jaime Totals":null,"Nate Totals":null,"Evan Totals":null,"Brandon Totals":null},{"Week":"90","Date":"05/09/2025","Mitch Bet Amount":null,"Mitch Win/Lose/Push":null,"Mitch":null,"Phil Bet Amount":null,"Phil Win/Lose/Push":null,"Phil":null,"Bryce Bet Amount":null,"Bryce Win/Lose/Push":null,"Bryce":null,"Cory Bet Amount":null,"Cory Win/Lose/Push":null,"Cory":null,"JB Bet Amount":null,"JB Win/Lose/Push":null,"JB":null,"Ethan Bet Amount":null,"Ethan Win/Lose/Push":null,"Ethan":null,"Jaime Bet Amount":null,"Jaime Win/Lose/Push":null,"Jaime":null,"Nathan Bet Amount":null,"Nathan Win/Lose/Push":null,"Nathan":null,"Evan Bet Amount":null,"Evan Win/Lose/Push":null,"Evan":null,"Brandon Bet Amount":null,"Brandon Win/Lose/Push":null,"Brandon":null,"Total Team Bet":null,"Legends Bet":null,"Leaders Bet":null,"To Win":null,"Payout":null,"TOTALS":null,"Mitch Totals":null,"Phil Totals":null,"Bryce Totals":null,"Cory Totals":null,"JB Totals":null,"Ethan Totals":null,"Jaime Totals":null,"Nate Totals":null,"Evan Totals":null,"Brandon Totals":null},{"Week":"91","Date":"05/16/2025","Mitch Bet Amount":null,"Mitch Win/Lose/Push":null,"Mitch":null,"Phil Bet Amount":null,"Phil Win/Lose/Push":null,"Phil":null,"Bryce Bet Amount":null,"Bryce Win/Lose/Push":null,"Bryce":null,"Cory Bet Amount":null,"Cory Win/Lose/Push":null,"Cory":null,"JB Bet Amount":null,"JB Win/Lose/Push":null,"JB":null,"Ethan Bet Amount":null,"Ethan Win/Lose/Push":null,"Ethan":null,"Jaime Bet Amount":null,"Jaime Win/Lose/Push":null,"Jaime":null,"Nathan Bet Amount":null,"Nathan Win/Lose/Push":null,"Nathan":null,"Evan Bet Amount":null,"Evan Win/Lose/Push":null,"Evan":null,"Brandon Bet Amount":null,"Brandon Win/Lose/Push":null,"Brandon":null,"Total Team Bet":null,"Legends Bet":null,"Leaders Bet":null,"To Win":null,"Payout":null,"TOTALS":null,"Mitch Totals":null,"Phil Totals":null,"Bryce Totals":null,"Cory Totals":null,"JB Totals":null,"Ethan Totals":null,"Jaime Totals":null,"Nate Totals":null,"Evan Totals":null,"Brandon Totals":null},{"Week":"92","Date":"05/23/2025","Mitch Bet Amount":null,"Mitch Win/Lose/Push":null,"Mitch":null,"Phil Bet Amount":null,"Phil Win/Lose/Push":null,"Phil":null,"Bryce Bet Amount":null,"Bryce Win/Lose/Push":null,"Bryce":null,"Cory Bet Amount":null,"Cory Win/Lose/Push":null,"Cory":null,"JB Bet Amount":null,"JB Win/Lose/Push":null,"JB":null,"Ethan Bet Amount":null,"Ethan Win/Lose/Push":null,"Ethan":null,"Jaime Bet Amount":null,"Jaime Win/Lose/Push":null,"Jaime":null,"Nathan Bet Amount":null,"Nathan Win/Lose/Push":null,"Nathan":null,"Evan Bet Amount":null,"Evan Win/Lose/Push":null,"Evan":null,"Brandon Bet Amount":null,"Brandon Win/Lose/Push":null,"Brandon":null,"Total Team Bet":null,"Legends Bet":null,"Leaders Bet":null,"To Win":null,"Payout":null,"TOTALS":null,"Mitch Totals":null,"Phil Totals":null,"Bryce Totals":null,"Cory Totals":null,"JB Totals":null,"Ethan Totals":null,"Jaime Totals":null,"Nate Totals":null,"Evan Totals":null,"Brandon Totals":null},{"Week":"93","Date":"05/30/2025","Mitch Bet Amount":null,"Mitch Win/Lose/Push":null,"Mitch":null,"Phil Bet Amount":null,"Phil Win/Lose/Push":null,"Phil":null,"Bryce Bet Amount":null,"Bryce Win/Lose/Push":null,"Bryce":null,"Cory Bet Amount":null,"Cory Win/Lose/Push":null,"Cory":null,"JB Bet Amount":null,"JB Win/Lose/Push":null,"JB":null,"Ethan Bet Amount":null,"Ethan Win/Lose/Push":null,"Ethan":null,"Jaime Bet Amount":null,"Jaime Win/Lose/Push":null,"Jaime":null,"Nathan Bet Amount":null,"Nathan Win/Lose/Push":null,"Nathan":null,"Evan Bet Amount":null,"Evan Win/Lose/Push":null,"Evan":null,"Brandon Bet Amount":null,"Brandon Win/Lose/Push":null,"Brandon":null,"Total Team Bet":null,"Legends Bet":null,"Leaders Bet":null,"To Win":null,"Payout":null,"TOTALS":null,"Mitch Totals":null,"Phil Totals":null,"Bryce Totals":null,"Cory Totals":null,"JB Totals":null,"Ethan Totals":null,"Jaime Totals":null,"Nate Totals":null,"Evan Totals":null,"Brandon Totals":null},{"Week":"94","Date":"06/06/2025","Mitch Bet Amount":null,"Mitch Win/Lose/Push":null,"Mitch":null,"Phil Bet Amount":null,"Phil Win/Lose/Push":null,"Phil":null,"Bryce Bet Amount":null,"Bryce Win/Lose/Push":null,"Bryce":null,"Cory Bet Amount":null,"Cory Win/Lose/Push":null,"Cory":null,"JB Bet Amount":null,"JB Win/Lose/Push":null,"JB":null,"Ethan Bet Amount":null,"Ethan Win/Lose/Push":null,"Ethan":null,"Jaime Bet Amount":null,"Jaime Win/Lose/Push":null,"Jaime":null,"Nathan Bet Amount":null,"Nathan Win/Lose/Push":null,"Nathan":null,"Evan Bet Amount":null,"Evan Win/Lose/Push":null,"Evan":null,"Brandon Bet Amount":null,"Brandon Win/Lose/Push":null,"Brandon":null,"Total Team Bet":null,"Legends Bet":null,"Leaders Bet":null,"To Win":null,"Payout":null,"TOTALS":null,"Mitch Totals":null,"Phil Totals":null,"Bryce Totals":null,"Cory Totals":null,"JB Totals":null,"Ethan Totals":null,"Jaime Totals":null,"Nate Totals":null,"Evan Totals":null,"Brandon Totals":null},{"Week":"95","Date":"06/13/2025","Mitch Bet Amount":null,"Mitch Win/Lose/Push":null,"Mitch":null,"Phil Bet Amount":null,"Phil Win/Lose/Push":null,"Phil":null,"Bryce Bet Amount":null,"Bryce Win/Lose/Push":null,"Bryce":null,"Cory Bet Amount":null,"Cory Win/Lose/Push":null,"Cory":null,"JB Bet Amount":null,"JB Win/Lose/Push":null,"JB":null,"Ethan Bet Amount":null,"Ethan Win/Lose/Push":null,"Ethan":null,"Jaime Bet Amount":null,"Jaime Win/Lose/Push":null,"Jaime":null,"Nathan Bet Amount":null,"Nathan Win/Lose/Push":null,"Nathan":null,"Evan Bet Amount":null,"Evan Win/Lose/Push":null,"Evan":null,"Brandon Bet Amount":null,"Brandon Win/Lose/Push":null,"Brandon":null,"Total Team Bet":null,"Legends Bet":null,"Leaders Bet":null,"To Win":null,"Payout":null,"TOTALS":null,"Mitch Totals":null,"Phil Totals":null,"Bryce Totals":null,"Cory Totals":null,"JB Totals":null,"Ethan Totals":null,"Jaime Totals":null,"Nate Totals":null,"Evan Totals":null,"Brandon Totals":null},{"Week":"96","Date":"06/20/2025","Mitch Bet Amount":null,"Mitch Win/Lose/Push":null,"Mitch":null,"Phil Bet Amount":null,"Phil Win/Lose/Push":null,"Phil":null,"Bryce Bet Amount":null,"Bryce Win/Lose/Push":null,"Bryce":null,"Cory Bet Amount":null,"Cory Win/Lose/Push":null,"Cory":null,"JB Bet Amount":null,"JB Win/Lose/Push":null,"JB":null,"Ethan Bet Amount":null,"Ethan Win/Lose/Push":null,"Ethan":null,"Jaime Bet Amount":null,"Jaime Win/Lose/Push":null,"Jaime":null,"Nathan Bet Amount":null,"Nathan Win/Lose/Push":null,"Nathan":null,"Evan Bet Amount":null,"Evan Win/Lose/Push":null,"Evan":null,"Brandon Bet Amount":null,"Brandon Win/Lose/Push":null,"Brandon":null,"Total Team Bet":null,"Legends Bet":null,"Leaders Bet":null,"To Win":null,"Payout":null,"TOTALS":null,"Mitch Totals":null,"Phil Totals":null,"Bryce Totals":null,"Cory Totals":null,"JB Totals":null,"Ethan Totals":null,"Jaime Totals":null,"Nate Totals":null,"Evan Totals":null,"Brandon Totals":null},{"Week":"97","Date":"06/27/2025","Mitch Bet Amount":null,"Mitch Win/Lose/Push":null,"Mitch":null,"Phil Bet Amount":null,"Phil Win/Lose/Push":null,"Phil":null,"Bryce Bet Amount":null,"Bryce Win/Lose/Push":null,"Bryce":null,"Cory Bet Amount":null,"Cory Win/Lose/Push":null,"Cory":null,"JB Bet Amount":null,"JB Win/Lose/Push":null,"JB":null,"Ethan Bet Amount":null,"Ethan Win/Lose/Push":null,"Ethan":null,"Jaime Bet Amount":null,"Jaime Win/Lose/Push":null,"Jaime":null,"Nathan Bet Amount":null,"Nathan Win/Lose/Push":null,"Nathan":null,"Evan Bet Amount":null,"Evan Win/Lose/Push":null,"Evan":null,"Brandon Bet Amount":null,"Brandon Win/Lose/Push":null,"Brandon":null,"Total Team Bet":null,"Legends Bet":null,"Leaders Bet":null,"To Win":null,"Payout":null,"TOTALS":null,"Mitch Totals":null,"Phil Totals":null,"Bryce Totals":null,"Cory Totals":null,"JB Totals":null,"Ethan Totals":null,"Jaime Totals":null,"Nate Totals":null,"Evan Totals":null,"Brandon Totals":null},{"Week":"98","Date":"07/04/2025","Mitch Bet Amount":null,"Mitch Win/Lose/Push":null,"Mitch":null,"Phil Bet Amount":null,"Phil Win/Lose/Push":null,"Phil":null,"Bryce Bet Amount":null,"Bryce Win/Lose/Push":null,"Bryce":null,"Cory Bet Amount":null,"Cory Win/Lose/Push":null,"Cory":null,"JB Bet Amount":null,"JB Win/Lose/Push":null,"JB":null,"Ethan Bet Amount":null,"Ethan Win/Lose/Push":null,"Ethan":null,"Jaime Bet Amount":null,"Jaime Win/Lose/Push":null,"Jaime":null,"Nathan Bet Amount":null,"Nathan Win/Lose/Push":null,"Nathan":null,"Evan Bet Amount":null,"Evan Win/Lose/Push":null,"Evan":null,"Brandon Bet Amount":null,"Brandon Win/Lose/Push":null,"Brandon":null,"Total Team Bet":null,"Legends Bet":null,"Leaders Bet":null,"To Win":null,"Payout":null,"TOTALS":null,"Mitch Totals":null,"Phil Totals":null,"Bryce Totals":null,"Cory Totals":null,"JB Totals":null,"Ethan Totals":null,"Jaime Totals":null,"Nate Totals":null,"Evan Totals":null,"Brandon Totals":null},{"Week":"99","Date":"07/11/2025","Mitch Bet Amount":null,"Mitch Win/Lose/Push":null,"Mitch":null,"Phil Bet Amount":null,"Phil Win/Lose/Push":null,"Phil":null,"Bryce Bet Amount":null,"Bryce Win/Lose/Push":null,"Bryce":null,"Cory Bet Amount":null,"Cory Win/Lose/Push":null,"Cory":null,"JB Bet Amount":null,"JB Win/Lose/Push":null,"JB":null,"Ethan Bet Amount":null,"Ethan Win/Lose/Push":null,"Ethan":null,"Jaime Bet Amount":null,"Jaime Win/Lose/Push":null,"Jaime":null,"Nathan Bet Amount":null,"Nathan Win/Lose/Push":null,"Nathan":null,"Evan Bet Amount":null,"Evan Win/Lose/Push":null,"Evan":null,"Brandon Bet Amount":null,"Brandon Win/Lose/Push":null,"Brandon":null,"Total Team Bet":null,"Legends Bet":null,"Leaders Bet":null,"To Win":null,"Payout":null,"TOTALS":null,"Mitch Totals":null,"Phil Totals":null,"Bryce Totals":null,"Cory Totals":null,"JB Totals":null,"Ethan Totals":null,"Jaime Totals":null,"Nate Totals":null,"Evan Totals":null,"Brandon Totals":null},{"Week":"100","Date":"07/18/2025","Mitch Bet Amount":null,"Mitch Win/Lose/Push":null,"Mitch":null,"Phil Bet Amount":null,"Phil Win/Lose/Push":null,"Phil":null,"Bryce Bet Amount":null,"Bryce Win/Lose/Push":null,"Bryce":null,"Cory Bet Amount":null,"Cory Win/Lose/Push":null,"Cory":null,"JB Bet Amount":null,"JB Win/Lose/Push":null,"JB":null,"Ethan Bet Amount":null,"Ethan Win/Lose/Push":null,"Ethan":null,"Jaime Bet Amount":null,"Jaime Win/Lose/Push":null,"Jaime":null,"Nathan Bet Amount":null,"Nathan Win/Lose/Push":null,"Nathan":null,"Evan Bet Amount":null,"Evan Win/Lose/Push":null,"Evan":null,"Brandon Bet Amount":null,"Brandon Win/Lose/Push":null,"Brandon":null,"Total Team Bet":null,"Legends Bet":null,"Leaders Bet":null,"To Win":null,"Payout":null,"TOTALS":null,"Mitch Totals":null,"Phil Totals":null,"Bryce Totals":null,"Cory Totals":null,"JB Totals":null,"Ethan Totals":null,"Jaime Totals":null,"Nate Totals":null,"Evan Totals":null,"Brandon Totals":null},{"Week":"101","Date":"07/25/2025","Mitch Bet Amount":null,"Mitch Win/Lose/Push":null,"Mitch":null,"Phil Bet Amount":null,"Phil Win/Lose/Push":null,"Phil":null,"Bryce Bet Amount":null,"Bryce Win/Lose/Push":null,"Bryce":null,"Cory Bet Amount":null,"Cory Win/Lose/Push":null,"Cory":null,"JB Bet Amount":null,"JB Win/Lose/Push":null,"JB":null,"Ethan Bet Amount":null,"Ethan Win/Lose/Push":null,"Ethan":null,"Jaime Bet Amount":null,"Jaime Win/Lose/Push":null,"Jaime":null,"Nathan Bet Amount":null,"Nathan Win/Lose/Push":null,"Nathan":null,"Evan Bet Amount":null,"Evan Win/Lose/Push":null,"Evan":null,"Brandon Bet Amount":null,"Brandon Win/Lose/Push":null,"Brandon":null,"Total Team Bet":null,"Legends Bet":null,"Leaders Bet":null,"To Win":null,"Payout":null,"TOTALS":null,"Mitch Totals":null,"Phil Totals":null,"Bryce Totals":null,"Cory Totals":null,"JB Totals":null,"Ethan Totals":null,"Jaime Totals":null,"Nate Totals":null,"Evan Totals":null,"Brandon Totals":null},{"Week":"102","Date":"08/01/2025","Mitch Bet Amount":null,"Mitch Win/Lose/Push":null,"Mitch":null,"Phil Bet Amount":null,"Phil Win/Lose/Push":null,"Phil":null,"Bryce Bet Amount":null,"Bryce Win/Lose/Push":null,"Bryce":null,"Cory Bet Amount":null,"Cory Win/Lose/Push":null,"Cory":null,"JB Bet Amount":null,"JB Win/Lose/Push":null,"JB":null,"Ethan Bet Amount":null,"Ethan Win/Lose/Push":null,"Ethan":null,"Jaime Bet Amount":null,"Jaime Win/Lose/Push":null,"Jaime":null,"Nathan Bet Amount":null,"Nathan Win/Lose/Push":null,"Nathan":null,"Evan Bet Amount":null,"Evan Win/Lose/Push":null,"Evan":null,"Brandon Bet Amount":null,"Brandon Win/Lose/Push":null,"Brandon":null,"Total Team Bet":null,"Legends Bet":null,"Leaders Bet":null,"To Win":null,"Payout":null,"TOTALS":null,"Mitch Totals":null,"Phil Totals":null,"Bryce Totals":null,"Cory Totals":null,"JB Totals":null,"Ethan Totals":null,"Jaime Totals":null,"Nate Totals":null,"Evan Totals":null,"Brandon Totals":null},{"Week":"103","Date":"08/08/2025","Mitch Bet Amount":null,"Mitch Win/Lose/Push":null,"Mitch":null,"Phil Bet Amount":null,"Phil Win/Lose/Push":null,"Phil":null,"Bryce Bet Amount":null,"Bryce Win/Lose/Push":null,"Bryce":null,"Cory Bet Amount":null,"Cory Win/Lose/Push":null,"Cory":null,"JB Bet Amount":null,"JB Win/Lose/Push":null,"JB":null,"Ethan Bet Amount":null,"Ethan Win/Lose/Push":null,"Ethan":null,"Jaime Bet Amount":null,"Jaime Win/Lose/Push":null,"Jaime":null,"Nathan Bet Amount":null,"Nathan Win/Lose/Push":null,"Nathan":null,"Evan Bet Amount":null,"Evan Win/Lose/Push":null,"Evan":null,"Brandon Bet Amount":null,"Brandon Win/Lose/Push":null,"Brandon":null,"Total Team Bet":null,"Legends Bet":null,"Leaders Bet":null,"To Win":null,"Payout":null,"TOTALS":null,"Mitch Totals":null,"Phil Totals":null,"Bryce Totals":null,"Cory Totals":null,"JB Totals":null,"Ethan Totals":null,"Jaime Totals":null,"Nate Totals":null,"Evan Totals":null,"Brandon Totals":null},{"Week":"104","Date":"08/15/2025","Mitch Bet Amount":null,"Mitch Win/Lose/Push":null,"Mitch":null,"Phil Bet Amount":null,"Phil Win/Lose/Push":null,"Phil":null,"Bryce Bet Amount":null,"Bryce Win/Lose/Push":null,"Bryce":null,"Cory Bet Amount":null,"Cory Win/Lose/Push":null,"Cory":null,"JB Bet Amount":null,"JB Win/Lose/Push":null,"JB":null,"Ethan Bet Amount":null,"Ethan Win/Lose/Push":null,"Ethan":null,"Jaime Bet Amount":null,"Jaime Win/Lose/Push":null,"Jaime":null,"Nathan Bet Amount":null,"Nathan Win/Lose/Push":null,"Nathan":null,"Evan Bet Amount":null,"Evan Win/Lose/Push":null,"Evan":null,"Brandon Bet Amount":null,"Brandon Win/Lose/Push":null,"Brandon":null,"Total Team Bet":null,"Legends Bet":null,"Leaders Bet":null,"To Win":null,"Payout":null,"TOTALS":null,"Mitch Totals":null,"Phil Totals":null,"Bryce Totals":null,"Cory Totals":null,"JB Totals":null,"Ethan Totals":null,"Jaime Totals":null,"Nate Totals":null,"Evan Totals":null,"Brandon Totals":null},{"Week":"105","Date":"08/22/2025","Mitch Bet Amount":null,"Mitch Win/Lose/Push":null,"Mitch":null,"Phil Bet Amount":null,"Phil Win/Lose/Push":null,"Phil":null,"Bryce Bet Amount":null,"Bryce Win/Lose/Push":null,"Bryce":null,"Cory Bet Amount":null,"Cory Win/Lose/Push":null,"Cory":null,"JB Bet Amount":null,"JB Win/Lose/Push":null,"JB":null,"Ethan Bet Amount":null,"Ethan Win/Lose/Push":null,"Ethan":null,"Jaime Bet Amount":null,"Jaime Win/Lose/Push":null,"Jaime":null,"Nathan Bet Amount":null,"Nathan Win/Lose/Push":null,"Nathan":null,"Evan Bet Amount":null,"Evan Win/Lose/Push":null,"Evan":null,"Brandon Bet Amount":null,"Brandon Win/Lose/Push":null,"Brandon":null,"Total Team Bet":null,"Legends Bet":null,"Leaders Bet":null,"To Win":null,"Payout":null,"TOTALS":null,"Mitch Totals":null,"Phil Totals":null,"Bryce Totals":null,"Cory Totals":null,"JB Totals":null,"Ethan Totals":null,"Jaime Totals":null,"Nate Totals":null,"Evan Totals":null,"Brandon Totals":null},{"Week":"106","Date":"08/29/2025","Mitch Bet Amount":null,"Mitch Win/Lose/Push":null,"Mitch":null,"Phil Bet Amount":null,"Phil Win/Lose/Push":null,"Phil":null,"Bryce Bet Amount":null,"Bryce Win/Lose/Push":null,"Bryce":null,"Cory Bet Amount":null,"Cory Win/Lose/Push":null,"Cory":null,"JB Bet Amount":null,"JB Win/Lose/Push":null,"JB":null,"Ethan Bet Amount":null,"Ethan Win/Lose/Push":null,"Ethan":null,"Jaime Bet Amount":null,"Jaime Win/Lose/Push":null,"Jaime":null,"Nathan Bet Amount":null,"Nathan Win/Lose/Push":null,"Nathan":null,"Evan Bet Amount":null,"Evan Win/Lose/Push":null,"Evan":null,"Brandon Bet Amount":null,"Brandon Win/Lose/Push":null,"Brandon":null,"Total Team Bet":null,"Legends Bet":null,"Leaders Bet":null,"To Win":null,"Payout":null,"TOTALS":null,"Mitch Totals":null,"Phil Totals":null,"Bryce Totals":null,"Cory Totals":null,"JB Totals":null,"Ethan Totals":null,"Jaime Totals":null,"Nate Totals":null,"Evan Totals":null,"Brandon Totals":null},{"Week":"107","Date":"09/05/2025","Mitch Bet Amount":null,"Mitch Win/Lose/Push":null,"Mitch":null,"Phil Bet Amount":null,"Phil Win/Lose/Push":null,"Phil":null,"Bryce Bet Amount":null,"Bryce Win/Lose/Push":null,"Bryce":null,"Cory Bet Amount":null,"Cory Win/Lose/Push":null,"Cory":null,"JB Bet Amount":null,"JB Win/Lose/Push":null,"JB":null,"Ethan Bet Amount":null,"Ethan Win/Lose/Push":null,"Ethan":null,"Jaime Bet Amount":null,"Jaime Win/Lose/Push":null,"Jaime":null,"Nathan Bet Amount":null,"Nathan Win/Lose/Push":null,"Nathan":null,"Evan Bet Amount":null,"Evan Win/Lose/Push":null,"Evan":null,"Brandon Bet Amount":null,"Brandon Win/Lose/Push":null,"Brandon":null,"Total Team Bet":null,"Legends Bet":null,"Leaders Bet":null,"To Win":null,"Payout":null,"TOTALS":null,"Mitch Totals":null,"Phil Totals":null,"Bryce Totals":null,"Cory Totals":null,"JB Totals":null,"Ethan Totals":null,"Jaime Totals":null,"Nate Totals":null,"Evan Totals":null,"Brandon Totals":null},{"Week":"108","Date":"09/12/2025","Mitch Bet Amount":null,"Mitch Win/Lose/Push":null,"Mitch":null,"Phil Bet Amount":null,"Phil Win/Lose/Push":null,"Phil":null,"Bryce Bet Amount":null,"Bryce Win/Lose/Push":null,"Bryce":null,"Cory Bet Amount":null,"Cory Win/Lose/Push":null,"Cory":null,"JB Bet Amount":null,"JB Win/Lose/Push":null,"JB":null,"Ethan Bet Amount":null,"Ethan Win/Lose/Push":null,"Ethan":null,"Jaime Bet Amount":null,"Jaime Win/Lose/Push":null,"Jaime":null,"Nathan Bet Amount":null,"Nathan Win/Lose/Push":null,"Nathan":null,"Evan Bet Amount":null,"Evan Win/Lose/Push":null,"Evan":null,"Brandon Bet Amount":null,"Brandon Win/Lose/Push":null,"Brandon":null,"Total Team Bet":null,"Legends Bet":null,"Leaders Bet":null,"To Win":null,"Payout":null,"TOTALS":null,"Mitch Totals":null,"Phil Totals":null,"Bryce Totals":null,"Cory Totals":null,"JB Totals":null,"Ethan Totals":null,"Jaime Totals":null,"Nate Totals":null,"Evan Totals":null,"Brandon Totals":null},{"Week":"109","Date":"09/19/2025","Mitch Bet Amount":null,"Mitch Win/Lose/Push":null,"Mitch":null,"Phil Bet Amount":null,"Phil Win/Lose/Push":null,"Phil":null,"Bryce Bet Amount":null,"Bryce Win/Lose/Push":null,"Bryce":null,"Cory Bet Amount":null,"Cory Win/Lose/Push":null,"Cory":null,"JB Bet Amount":null,"JB Win/Lose/Push":null,"JB":null,"Ethan Bet Amount":null,"Ethan Win/Lose/Push":null,"Ethan":null,"Jaime Bet Amount":null,"Jaime Win/Lose/Push":null,"Jaime":null,"Nathan Bet Amount":null,"Nathan Win/Lose/Push":null,"Nathan":null,"Evan Bet Amount":null,"Evan Win/Lose/Push":null,"Evan":null,"Brandon Bet Amount":null,"Brandon Win/Lose/Push":null,"Brandon":null,"Total Team Bet":null,"Legends Bet":null,"Leaders Bet":null,"To Win":null,"Payout":null,"TOTALS":null,"Mitch Totals":null,"Phil Totals":null,"Bryce Totals":null,"Cory Totals":null,"JB Totals":null,"Ethan Totals":null,"Jaime Totals":null,"Nate Totals":null,"Evan Totals":null,"Brandon Totals":null},{"Week":"110","Date":"09/26/2025","Mitch Bet Amount":null,"Mitch Win/Lose/Push":null,"Mitch":null,"Phil Bet Amount":null,"Phil Win/Lose/Push":null,"Phil":null,"Bryce Bet Amount":null,"Bryce Win/Lose/Push":null,"Bryce":null,"Cory Bet Amount":null,"Cory Win/Lose/Push":null,"Cory":null,"JB Bet Amount":null,"JB Win/Lose/Push":null,"JB":null,"Ethan Bet Amount":null,"Ethan Win/Lose/Push":null,"Ethan":null,"Jaime Bet Amount":null,"Jaime Win/Lose/Push":null,"Jaime":null,"Nathan Bet Amount":null,"Nathan Win/Lose/Push":null,"Nathan":null,"Evan Bet Amount":null,"Evan Win/Lose/Push":null,"Evan":null,"Brandon Bet Amount":null,"Brandon Win/Lose/Push":null,"Brandon":null,"Total Team Bet":null,"Legends Bet":null,"Leaders Bet":null,"To Win":null,"Payout":null,"TOTALS":null,"Mitch Totals":null,"Phil Totals":null,"Bryce Totals":null,"Cory Totals":null,"JB Totals":null,"Ethan Totals":null,"Jaime Totals":null,"Nate Totals":null,"Evan Totals":null,"Brandon Totals":null},{"Week":"111","Date":"10/03/2025","Mitch Bet Amount":null,"Mitch Win/Lose/Push":null,"Mitch":null,"Phil Bet Amount":null,"Phil Win/Lose/Push":null,"Phil":null,"Bryce Bet Amount":null,"Bryce Win/Lose/Push":null,"Bryce":null,"Cory Bet Amount":null,"Cory Win/Lose/Push":null,"Cory":null,"JB Bet Amount":null,"JB Win/Lose/Push":null,"JB":null,"Ethan Bet Amount":null,"Ethan Win/Lose/Push":null,"Ethan":null,"Jaime Bet Amount":null,"Jaime Win/Lose/Push":null,"Jaime":null,"Nathan Bet Amount":null,"Nathan Win/Lose/Push":null,"Nathan":null,"Evan Bet Amount":null,"Evan Win/Lose/Push":null,"Evan":null,"Brandon Bet Amount":null,"Brandon Win/Lose/Push":null,"Brandon":null,"Total Team Bet":null,"Legends Bet":null,"Leaders Bet":null,"To Win":null,"Payout":null,"TOTALS":null,"Mitch Totals":null,"Phil Totals":null,"Bryce Totals":null,"Cory Totals":null,"JB Totals":null,"Ethan Totals":null,"Jaime Totals":null,"Nate Totals":null,"Evan Totals":null,"Brandon Totals":null},{"Week":"112","Date":"10/10/2025","Mitch Bet Amount":null,"Mitch Win/Lose/Push":null,"Mitch":null,"Phil Bet Amount":null,"Phil Win/Lose/Push":null,"Phil":null,"Bryce Bet Amount":null,"Bryce Win/Lose/Push":null,"Bryce":null,"Cory Bet Amount":null,"Cory Win/Lose/Push":null,"Cory":null,"JB Bet Amount":null,"JB Win/Lose/Push":null,"JB":null,"Ethan Bet Amount":null,"Ethan Win/Lose/Push":null,"Ethan":null,"Jaime Bet Amount":null,"Jaime Win/Lose/Push":null,"Jaime":null,"Nathan Bet Amount":null,"Nathan Win/Lose/Push":null,"Nathan":null,"Evan Bet Amount":null,"Evan Win/Lose/Push":null,"Evan":null,"Brandon Bet Amount":null,"Brandon Win/Lose/Push":null,"Brandon":null,"Total Team Bet":null,"Legends Bet":null,"Leaders Bet":null,"To Win":null,"Payout":null,"TOTALS":null,"Mitch Totals":null,"Phil Totals":null,"Bryce Totals":null,"Cory Totals":null,"JB Totals":null,"Ethan Totals":null,"Jaime Totals":null,"Nate Totals":null,"Evan Totals":null,"Brandon Totals":null},{"Week":"113","Date":"10/17/2025","Mitch Bet Amount":null,"Mitch Win/Lose/Push":null,"Mitch":null,"Phil Bet Amount":null,"Phil Win/Lose/Push":null,"Phil":null,"Bryce Bet Amount":null,"Bryce Win/Lose/Push":null,"Bryce":null,"Cory Bet Amount":null,"Cory Win/Lose/Push":null,"Cory":null,"JB Bet Amount":null,"JB Win/Lose/Push":null,"JB":null,"Ethan Bet Amount":null,"Ethan Win/Lose/Push":null,"Ethan":null,"Jaime Bet Amount":null,"Jaime Win/Lose/Push":null,"Jaime":null,"Nathan Bet Amount":null,"Nathan Win/Lose/Push":null,"Nathan":null,"Evan Bet Amount":null,"Evan Win/Lose/Push":null,"Evan":null,"Brandon Bet Amount":null,"Brandon Win/Lose/Push":null,"Brandon":null,"Total Team Bet":null,"Legends Bet":null,"Leaders Bet":null,"To Win":null,"Payout":null,"TOTALS":null,"Mitch Totals":null,"Phil Totals":null,"Bryce Totals":null,"Cory Totals":null,"JB Totals":null,"Ethan Totals":null,"Jaime Totals":null,"Nate Totals":null,"Evan Totals":null,"Brandon Totals":null},{"Week":"114","Date":"10/24/2025","Mitch Bet Amount":null,"Mitch Win/Lose/Push":null,"Mitch":null,"Phil Bet Amount":null,"Phil Win/Lose/Push":null,"Phil":null,"Bryce Bet Amount":null,"Bryce Win/Lose/Push":null,"Bryce":null,"Cory Bet Amount":null,"Cory Win/Lose/Push":null,"Cory":null,"JB Bet Amount":null,"JB Win/Lose/Push":null,"JB":null,"Ethan Bet Amount":null,"Ethan Win/Lose/Push":null,"Ethan":null,"Jaime Bet Amount":null,"Jaime Win/Lose/Push":null,"Jaime":null,"Nathan Bet Amount":null,"Nathan Win/Lose/Push":null,"Nathan":null,"Evan Bet Amount":null,"Evan Win/Lose/Push":null,"Evan":null,"Brandon Bet Amount":null,"Brandon Win/Lose/Push":null,"Brandon":null,"Total Team Bet":null,"Legends Bet":null,"Leaders Bet":null,"To Win":null,"Payout":null,"TOTALS":null,"Mitch Totals":null,"Phil Totals":null,"Bryce Totals":null,"Cory Totals":null,"JB Totals":null,"Ethan Totals":null,"Jaime Totals":null,"Nate Totals":null,"Evan Totals":null,"Brandon Totals":null},{"Week":"115","Date":"10/31/2025","Mitch Bet Amount":null,"Mitch Win/Lose/Push":null,"Mitch":null,"Phil Bet Amount":null,"Phil Win/Lose/Push":null,"Phil":null,"Bryce Bet Amount":null,"Bryce Win/Lose/Push":null,"Bryce":null,"Cory Bet Amount":null,"Cory Win/Lose/Push":null,"Cory":null,"JB Bet Amount":null,"JB Win/Lose/Push":null,"JB":null,"Ethan Bet Amount":null,"Ethan Win/Lose/Push":null,"Ethan":null,"Jaime Bet Amount":null,"Jaime Win/Lose/Push":null,"Jaime":null,"Nathan Bet Amount":null,"Nathan Win/Lose/Push":null,"Nathan":null,"Evan Bet Amount":null,"Evan Win/Lose/Push":null,"Evan":null,"Brandon Bet Amount":null,"Brandon Win/Lose/Push":null,"Brandon":null,"Total Team Bet":null,"Legends Bet":null,"Leaders Bet":null,"To Win":null,"Payout":null,"TOTALS":null,"Mitch Totals":null,"Phil Totals":null,"Bryce Totals":null,"Cory Totals":null,"JB Totals":null,"Ethan Totals":null,"Jaime Totals":null,"Nate Totals":null,"Evan Totals":null,"Brandon Totals":null},{"Week":"116","Date":"11/07/2025","Mitch Bet Amount":null,"Mitch Win/Lose/Push":null,"Mitch":null,"Phil Bet Amount":null,"Phil Win/Lose/Push":null,"Phil":null,"Bryce Bet Amount":null,"Bryce Win/Lose/Push":null,"Bryce":null,"Cory Bet Amount":null,"Cory Win/Lose/Push":null,"Cory":null,"JB Bet Amount":null,"JB Win/Lose/Push":null,"JB":null,"Ethan Bet Amount":null,"Ethan Win/Lose/Push":null,"Ethan":null,"Jaime Bet Amount":null,"Jaime Win/Lose/Push":null,"Jaime":null,"Nathan Bet Amount":null,"Nathan Win/Lose/Push":null,"Nathan":null,"Evan Bet Amount":null,"Evan Win/Lose/Push":null,"Evan":null,"Brandon Bet Amount":null,"Brandon Win/Lose/Push":null,"Brandon":null,"Total Team Bet":null,"Legends Bet":null,"Leaders Bet":null,"To Win":null,"Payout":null,"TOTALS":null,"Mitch Totals":null,"Phil Totals":null,"Bryce Totals":null,"Cory Totals":null,"JB Totals":null,"Ethan Totals":null,"Jaime Totals":null,"Nate Totals":null,"Evan Totals":null,"Brandon Totals":null},{"Week":"117","Date":"11/14/2025","Mitch Bet Amount":null,"Mitch Win/Lose/Push":null,"Mitch":null,"Phil Bet Amount":null,"Phil Win/Lose/Push":null,"Phil":null,"Bryce Bet Amount":null,"Bryce Win/Lose/Push":null,"Bryce":null,"Cory Bet Amount":null,"Cory Win/Lose/Push":null,"Cory":null,"JB Bet Amount":null,"JB Win/Lose/Push":null,"JB":null,"Ethan Bet Amount":null,"Ethan Win/Lose/Push":null,"Ethan":null,"Jaime Bet Amount":null,"Jaime Win/Lose/Push":null,"Jaime":null,"Nathan Bet Amount":null,"Nathan Win/Lose/Push":null,"Nathan":null,"Evan Bet Amount":null,"Evan Win/Lose/Push":null,"Evan":null,"Brandon Bet Amount":null,"Brandon Win/Lose/Push":null,"Brandon":null,"Total Team Bet":null,"Legends Bet":null,"Leaders Bet":null,"To Win":null,"Payout":null,"TOTALS":null,"Mitch Totals":null,"Phil Totals":null,"Bryce Totals":null,"Cory Totals":null,"JB Totals":null,"Ethan Totals":null,"Jaime Totals":null,"Nate Totals":null,"Evan Totals":null,"Brandon Totals":null},{"Week":"118","Date":"11/21/2025","Mitch Bet Amount":null,"Mitch Win/Lose/Push":null,"Mitch":null,"Phil Bet Amount":null,"Phil Win/Lose/Push":null,"Phil":null,"Bryce Bet Amount":null,"Bryce Win/Lose/Push":null,"Bryce":null,"Cory Bet Amount":null,"Cory Win/Lose/Push":null,"Cory":null,"JB Bet Amount":null,"JB Win/Lose/Push":null,"JB":null,"Ethan Bet Amount":null,"Ethan Win/Lose/Push":null,"Ethan":null,"Jaime Bet Amount":null,"Jaime Win/Lose/Push":null,"Jaime":null,"Nathan Bet Amount":null,"Nathan Win/Lose/Push":null,"Nathan":null,"Evan Bet Amount":null,"Evan Win/Lose/Push":null,"Evan":null,"Brandon Bet Amount":null,"Brandon Win/Lose/Push":null,"Brandon":null,"Total Team Bet":null,"Legends Bet":null,"Leaders Bet":null,"To Win":null,"Payout":null,"TOTALS":null,"Mitch Totals":null,"Phil Totals":null,"Bryce Totals":null,"Cory Totals":null,"JB Totals":null,"Ethan Totals":null,"Jaime Totals":null,"Nate Totals":null,"Evan Totals":null,"Brandon Totals":null},{"Week":"119","Date":"11/28/2025","Mitch Bet Amount":null,"Mitch Win/Lose/Push":null,"Mitch":null,"Phil Bet Amount":null,"Phil Win/Lose/Push":null,"Phil":null,"Bryce Bet Amount":null,"Bryce Win/Lose/Push":null,"Bryce":null,"Cory Bet Amount":null,"Cory Win/Lose/Push":null,"Cory":null,"JB Bet Amount":null,"JB Win/Lose/Push":null,"JB":null,"Ethan Bet Amount":null,"Ethan Win/Lose/Push":null,"Ethan":null,"Jaime Bet Amount":null,"Jaime Win/Lose/Push":null,"Jaime":null,"Nathan Bet Amount":null,"Nathan Win/Lose/Push":null,"Nathan":null,"Evan Bet Amount":null,"Evan Win/Lose/Push":null,"Evan":null,"Brandon Bet Amount":null,"Brandon Win/Lose/Push":null,"Brandon":null,"Total Team Bet":null,"Legends Bet":null,"Leaders Bet":null,"To Win":null,"Payout":null,"TOTALS":null,"Mitch Totals":null,"Phil Totals":null,"Bryce Totals":null,"Cory Totals":null,"JB Totals":null,"Ethan Totals":null,"Jaime Totals":null,"Nate Totals":null,"Evan Totals":null,"Brandon Totals":null},{"Week":"120","Date":"12/05/2025","Mitch Bet Amount":null,"Mitch Win/Lose/Push":null,"Mitch":null,"Phil Bet Amount":null,"Phil Win/Lose/Push":null,"Phil":null,"Bryce Bet Amount":null,"Bryce Win/Lose/Push":null,"Bryce":null,"Cory Bet Amount":null,"Cory Win/Lose/Push":null,"Cory":null,"JB Bet Amount":null,"JB Win/Lose/Push":null,"JB":null,"Ethan Bet Amount":null,"Ethan Win/Lose/Push":null,"Ethan":null,"Jaime Bet Amount":null,"Jaime Win/Lose/Push":null,"Jaime":null,"Nathan Bet Amount":null,"Nathan Win/Lose/Push":null,"Nathan":null,"Evan Bet Amount":null,"Evan Win/Lose/Push":null,"Evan":null,"Brandon Bet Amount":null,"Brandon Win/Lose/Push":null,"Brandon":null,"Total Team Bet":null,"Legends Bet":null,"Leaders Bet":null,"To Win":null,"Payout":null,"TOTALS":null,"Mitch Totals":null,"Phil Totals":null,"Bryce Totals":null,"Cory Totals":null,"JB Totals":null,"Ethan Totals":null,"Jaime Totals":null,"Nate Totals":null,"Evan Totals":null,"Brandon Totals":null},{"Week":"121","Date":"12/12/2025","Mitch Bet Amount":null,"Mitch Win/Lose/Push":null,"Mitch":null,"Phil Bet Amount":null,"Phil Win/Lose/Push":null,"Phil":null,"Bryce Bet Amount":null,"Bryce Win/Lose/Push":null,"Bryce":null,"Cory Bet Amount":null,"Cory Win/Lose/Push":null,"Cory":null,"JB Bet Amount":null,"JB Win/Lose/Push":null,"JB":null,"Ethan Bet Amount":null,"Ethan Win/Lose/Push":null,"Ethan":null,"Jaime Bet Amount":null,"Jaime Win/Lose/Push":null,"Jaime":null,"Nathan Bet Amount":null,"Nathan Win/Lose/Push":null,"Nathan":null,"Evan Bet Amount":null,"Evan Win/Lose/Push":null,"Evan":null,"Brandon Bet Amount":null,"Brandon Win/Lose/Push":null,"Brandon":null,"Total Team Bet":null,"Legends Bet":null,"Leaders Bet":null,"To Win":null,"Payout":null,"TOTALS":null,"Mitch Totals":null,"Phil Totals":null,"Bryce Totals":null,"Cory Totals":null,"JB Totals":null,"Ethan Totals":null,"Jaime Totals":null,"Nate Totals":null,"Evan Totals":null,"Brandon Totals":null},{"Week":"122","Date":"12/19/2025","Mitch Bet Amount":null,"Mitch Win/Lose/Push":null,"Mitch":null,"Phil Bet Amount":null,"Phil Win/Lose/Push":null,"Phil":null,"Bryce Bet Amount":null,"Bryce Win/Lose/Push":null,"Bryce":null,"Cory Bet Amount":null,"Cory Win/Lose/Push":null,"Cory":null,"JB Bet Amount":null,"JB Win/Lose/Push":null,"JB":null,"Ethan Bet Amount":null,"Ethan Win/Lose/Push":null,"Ethan":null,"Jaime Bet Amount":null,"Jaime Win/Lose/Push":null,"Jaime":null,"Nathan Bet Amount":null,"Nathan Win/Lose/Push":null,"Nathan":null,"Evan Bet Amount":null,"Evan Win/Lose/Push":null,"Evan":null,"Brandon Bet Amount":null,"Brandon Win/Lose/Push":null,"Brandon":null,"Total Team Bet":null,"Legends Bet":null,"Leaders Bet":null,"To Win":null,"Payout":null,"TOTALS":null,"Mitch Totals":null,"Phil Totals":null,"Bryce Totals":null,"Cory Totals":null,"JB Totals":null,"Ethan Totals":null,"Jaime Totals":null,"Nate Totals":null,"Evan Totals":null,"Brandon Totals":null},{"Week":"123","Date":"12/26/2025","Mitch Bet Amount":null,"Mitch Win/Lose/Push":null,"Mitch":null,"Phil Bet Amount":null,"Phil Win/Lose/Push":null,"Phil":null,"Bryce Bet Amount":null,"Bryce Win/Lose/Push":null,"Bryce":null,"Cory Bet Amount":null,"Cory Win/Lose/Push":null,"Cory":null,"JB Bet Amount":null,"JB Win/Lose/Push":null,"JB":null,"Ethan Bet Amount":null,"Ethan Win/Lose/Push":null,"Ethan":null,"Jaime Bet Amount":null,"Jaime Win/Lose/Push":null,"Jaime":null,"Nathan Bet Amount":null,"Nathan Win/Lose/Push":null,"Nathan":null,"Evan Bet Amount":null,"Evan Win/Lose/Push":null,"Evan":null,"Brandon Bet Amount":null,"Brandon Win/Lose/Push":null,"Brandon":null,"Total Team Bet":null,"Legends Bet":null,"Leaders Bet":null,"To Win":null,"Payout":null,"TOTALS":null,"Mitch Totals":null,"Phil Totals":null,"Bryce Totals":null,"Cory Totals":null,"JB Totals":null,"Ethan Totals":null,"Jaime Totals":null,"Nate Totals":null,"Evan Totals":null,"Brandon Totals":null},{"Week":"124","Date":"01/02/2026","Mitch Bet Amount":null,"Mitch Win/Lose/Push":null,"Mitch":null,"Phil Bet Amount":null,"Phil Win/Lose/Push":null,"Phil":null,"Bryce Bet Amount":null,"Bryce Win/Lose/Push":null,"Bryce":null,"Cory Bet Amount":null,"Cory Win/Lose/Push":null,"Cory":null,"JB Bet Amount":null,"JB Win/Lose/Push":null,"JB":null,"Ethan Bet Amount":null,"Ethan Win/Lose/Push":null,"Ethan":null,"Jaime Bet Amount":null,"Jaime Win/Lose/Push":null,"Jaime":null,"Nathan Bet Amount":null,"Nathan Win/Lose/Push":null,"Nathan":null,"Evan Bet Amount":null,"Evan Win/Lose/Push":null,"Evan":null,"Brandon Bet Amount":null,"Brandon Win/Lose/Push":null,"Brandon":null,"Total Team Bet":null,"Legends Bet":null,"Leaders Bet":null,"To Win":null,"Payout":null,"TOTALS":null,"Mitch Totals":null,"Phil Totals":null,"Bryce Totals":null,"Cory Totals":null,"JB Totals":null,"Ethan Totals":null,"Jaime Totals":null,"Nate Totals":null,"Evan Totals":null,"Brandon Totals":null},{"Week":"125","Date":"01/09/2026","Mitch Bet Amount":null,"Mitch Win/Lose/Push":null,"Mitch":null,"Phil Bet Amount":null,"Phil Win/Lose/Push":null,"Phil":null,"Bryce Bet Amount":null,"Bryce Win/Lose/Push":null,"Bryce":null,"Cory Bet Amount":null,"Cory Win/Lose/Push":null,"Cory":null,"JB Bet Amount":null,"JB Win/Lose/Push":null,"JB":null,"Ethan Bet Amount":null,"Ethan Win/Lose/Push":null,"Ethan":null,"Jaime Bet Amount":null,"Jaime Win/Lose/Push":null,"Jaime":null,"Nathan Bet Amount":null,"Nathan Win/Lose/Push":null,"Nathan":null,"Evan Bet Amount":null,"Evan Win/Lose/Push":null,"Evan":null,"Brandon Bet Amount":null,"Brandon Win/Lose/Push":null,"Brandon":null,"Total Team Bet":null,"Legends Bet":null,"Leaders Bet":null,"To Win":null,"Payout":null,"TOTALS":null,"Mitch Totals":null,"Phil Totals":null,"Bryce Totals":null,"Cory Totals":null,"JB Totals":null,"Ethan Totals":null,"Jaime Totals":null,"Nate Totals":null,"Evan Totals":null,"Brandon Totals":null}]
3:31:44 AM [express] GET /api/data 304 in 6ms :: [{"Week":"1","Date":"10/21/22","Mitch Bet Amount":"$5.00","Mitch Win/Lose/Push":"Loss","Mitch":"Washington -7.5","Phil Bet Amount":"$5.00","Phil Win/Lose/Push":"Loss","Phil":"MN vs. PSU U43","Bryce Bet Amount":"$5.00","Bryce Win/Lose/Push":"Loss","Bryce":"Purdue ML vs. Wisconsin","Cory Bet Amount":"$5.00","Cory Win/Lose/Push":"Loss","Cory":"Ole Miss -1.5","JB Bet Amount":"$5.00","JB Win/Lose/Push":"Loss","JB":"Oregon vs. UCLA U71","Ethan Bet Amount":"$5.00","Ethan Win/Lose/Push":"Loss","Ethan":"Iowa +30","Jaime Bet Amount":"","Jaime Win/Lose/Push":"","Jaime":"","Nathan Bet Amount":"$5.00","Nathan Win/Lose/Push":"","Nathan":"Nate - PSU -5","Evan Bet Amount":"","Evan Win/Lose/Push":"","Evan":"","Brandon Bet Amount":"","Brandon Win/Lose/Push":"","Brandon":"","Total Team Bet":"$35.00","Legends Bet":"","Leaders Bet":"","To Win":"$3,273.20","Payout":"$0.00","TOTALS":"Total Bet","Mitch Totals":"195","Phil Totals":"260","Bryce Totals":"275","Cory Totals":"345","JB Totals":"255","Ethan Totals":"235"},{"Week":"2","Date":"10/28/22","Mitch Bet Amount":"$10.00","Mitch Win/Lose/Push":"Win","Mitch":"TCU -7.5 ","Phil Bet Amount":"$10.00","Phil Win/Lose/Push":"Loss","Phil":"OSU v PSU U61 ","Bryce Bet Amount":"$10.00","Bryce Win/Lose/Push":"Loss","Bryce":"OSU -16 ","Cory Bet Amount":"$10.00","Cory Win/Lose/Push":"Loss","Cory":"Wild over 6.5 ","JB Bet Amount":"$10.00","JB Win/Lose/Push":"Win","JB":"unc -3 ","Ethan Bet Amount":"$10.00","Ethan Win/Lose/Push":"Loss","Ethan":"Rutgers +14 ","Jaime Bet Amount":"","Jaime Win/Lose/Push":"","Jaime":"","Nathan Bet Amount":"","Nathan Win/Lose/Push":"","Nathan":"","Evan Bet Amount":"","Evan Win/Lose/Push":"","Evan":"","Brandon Bet Amount":"","Brandon Win/Lose/Push":"","Brandon":"","Total Team Bet":"$60.00","Legends Bet":"","Leaders Bet":"","To Win":"$2,792.00","Payout":"$0.00","TOTALS":"Total Wins","Mitch Totals":"15","Phil Totals":"13","Bryce Totals":"11","Cory Totals":"10","JB Totals":"14","Ethan Totals":"13"},{"Week":"3","Date":"11/4/22","Mitch Bet Amount":"$5.00","Mitch Win/Lose/Push":"Win","Mitch":"Marshall -3","Phil Bet Amount":"$15.00","Phil Win/Lose/Push":"Win","Phil":"TCU -8","Bryce Bet Amount":"$15.00","Bryce Win/Lose/Push":"Loss","Bryce":"Clemson  -3.5","Cory Bet Amount":"$15.00","Cory Win/Lose/Push":"Loss","Cory":"Maryland +5","JB Bet Amount":"$5.00","JB Win/Lose/Push":"Win","JB":"Louisville -7","Ethan Bet Amount":"$15.00","Ethan Win/Lose/Push":"Push","Ethan":"Vikings -3","Jaime Bet Amount":"","Jaime Win/Lose/Push":"","Jaime":"","Nathan Bet Amount":"","Nathan Win/Lose/Push":"","Nathan":"","Evan Bet Amount":"","Evan Win/Lose/Push":"","Evan":"","Brandon Bet Amount":"","Brandon Win/Lose/Push":"","Brandon":"","Total Team Bet":"$70.00","Legends Bet":"","Leaders Bet":"","To Win":"$3,130.04","Payout":"$0.00","TOTALS":"Total Losses","Mitch Totals":"12","Phil Totals":"14","Bryce Totals":"14","Cory Totals":"16","JB Totals":"13","Ethan Totals":"13"},{"Week":"4","Date":"11/11/22","Mitch Bet Amount":"$5.00","Mitch Win/Lose/Push":"Loss","Mitch":"LSU -4 ","Phil Bet Amount":"$5.00","Phil Win/Lose/Push":"Win","Phil":"Ole Miss +11.5 ","Bryce Bet Amount":"$20.00","Bryce Win/Lose/Push":"Win","Bryce":"PSU-10.5  ","Cory Bet Amount":"$20.00","Cory Win/Lose/Push":"Win","Cory":"Tcu +7.5  ","JB Bet Amount":"$5.00","JB Win/Lose/Push":"Win","JB":"Clemson-7 ","Ethan Bet Amount":"$15.00","Ethan Win/Lose/Push":"Win","Ethan":"Vikings +3  ","Jaime Bet Amount":"","Jaime Win/Lose/Push":"","Jaime":"","Nathan Bet Amount":"","Nathan Win/Lose/Push":"","Nathan":"","Evan Bet Amount":"","Evan Win/Lose/Push":"","Evan":"","Brandon Bet Amount":"","Brandon Win/Lose/Push":"","Brandon":"","Total Team Bet":"$70.00","Legends Bet":"","Leaders Bet":"","To Win":"$3,479.65","Payout":"$0.00","TOTALS":"Total Pushes","Mitch Totals":"0","Phil Totals":"0","Bryce Totals":"2","Cory Totals":"1","JB Totals":"0","Ethan Totals":"1"},{"Week":"5","Date":"11/18/22","Mitch Bet Amount":"$10.00","Mitch Win/Lose/Push":"Win","Mitch":"Wash St -4 ","Phil Bet Amount":"$5.00","Phil Win/Lose/Push":"Win","Phil":"Louisville -4 ","Bryce Bet Amount":"$5.00","Bryce Win/Lose/Push":"Loss","Bryce":"Vikings +1.5 ","Cory Bet Amount":"$5.00","Cory Win/Lose/Push":"Loss","Cory":"TCU -2.5 ","JB Bet Amount":"$5.00","JB Win/Lose/Push":"Win","JB":"auburn -5.5 ","Ethan Bet Amount":"$5.00","Ethan Win/Lose/Push":"Loss","Ethan":"76ers -2 ","Jaime Bet Amount":"","Jaime Win/Lose/Push":"","Jaime":"","Nathan Bet Amount":"","Nathan Win/Lose/Push":"","Nathan":"","Evan Bet Amount":"","Evan Win/Lose/Push":"","Evan":"","Brandon Bet Amount":"","Brandon Win/Lose/Push":"","Brandon":"","Total Team Bet":"$35.00","Legends Bet":"","Leaders Bet":"","To Win":"$1,697.00","Payout":"$0.00","TOTALS":"Win Percentage","Mitch Totals":"55.56%","Phil Totals":"48.15%","Bryce Totals":"44.00%","Cory Totals":"38.46%","JB Totals":"51.85%","Ethan Totals":"50.00%"},{"Week":"6","Date":"11/25/22","Mitch Bet Amount":"$5.00","Mitch Win/Lose/Push":"Loss","Mitch":"Marshall -6 ","Phil Bet Amount":"$5.00","Phil Win/Lose/Push":"Loss","Phil":"Louisville +3 ","Bryce Bet Amount":"$10.00","Bryce Win/Lose/Push":"Win","Bryce":"Washington commanders -4 ","Cory Bet Amount":"$10.00","Cory Win/Lose/Push":"Loss","Cory":"Ravens -3 ","JB Bet Amount":"$5.00","JB Win/Lose/Push":"Loss","JB":"oregon -3 ","Ethan Bet Amount":"$10.00","Ethan Win/Lose/Push":"Win","Ethan":"Gophers + 3.5 ","Jaime Bet Amount":"","Jaime Win/Lose/Push":"","Jaime":"","Nathan Bet Amount":"","Nathan Win/Lose/Push":"","Nathan":"","Evan Bet Amount":"","Evan Win/Lose/Push":"","Evan":"","Brandon Bet Amount":"","Brandon Win/Lose/Push":"","Brandon":"","Total Team Bet":"$45.00","Legends Bet":"","Leaders Bet":"","To Win":"$1,862.92","Payout":"$0.00","TOTALS":null,"Mitch Totals":null,"Phil Totals":null,"Bryce Totals":null,"Cory Totals":null,"JB Totals":null,"Ethan Totals":null},{"Week":"7","Date":"12/2/22","Mitch Bet Amount":"$10.00","Mitch Win/Lose/Push":"Win","Mitch":"Tulane/UCF over 57 ","Phil Bet Amount":"$10.00","Phil Win/Lose/Push":"Win","Phil":"Vikings -3 ","Bryce Bet Amount":"$5.00","Bryce Win/Lose/Push":"Loss","Bryce":"KC -2 ","Cory Bet Amount":"$15.00","Cory Win/Lose/Push":"Loss","Cory":"Dolphins +4 ","JB Bet Amount":"$10.00","JB Win/Lose/Push":"Win","JB":"Michigan -16.5 ","Ethan Bet Amount":"$5.00","Ethan Win/Lose/Push":"Win","Ethan":"Mich -16.5 ","Jaime Bet Amount":"","Jaime Win/Lose/Push":"","Jaime":"","Nathan Bet Amount":"","Nathan Win/Lose/Push":"","Nathan":"","Evan Bet Amount":"","Evan Win/Lose/Push":"","Evan":"","Brandon Bet Amount":"","Brandon Win/Lose/Push":"","Brandon":"","Total Team Bet":"$55.00","Legends Bet":"","Leaders Bet":"","To Win":"$1,250.83","Payout":"$0.00","TOTALS":null,"Mitch Totals":null,"Phil Totals":null,"Bryce Totals":null,"Cory Totals":null,"JB Totals":null,"Ethan Totals":null},{"Week":"8","Date":"12/9/22","Mitch Bet Amount":"$5.00","Mitch Win/Lose/Push":"Win","Mitch":"kansas -4 ","Phil Bet Amount":"$5.00","Phil Win/Lose/Push":"Loss","Phil":"Army/Navy U32.5 ","Bryce Bet Amount":"$10.00","Bryce Win/Lose/Push":"Loss","Bryce":"TEN -3.5 ","Cory Bet Amount":"$20.00","Cory Win/Lose/Push":"Loss","Cory":"purdue -8.5 @ neb ","JB Bet Amount":"$5.00","JB Win/Lose/Push":"Loss","JB":"purdue -8.5 @ neb ","Ethan Bet Amount":"$5.00","Ethan Win/Lose/Push":"Win","Ethan":"Trail Blazers -5 ","Jaime Bet Amount":"","Jaime Win/Lose/Push":"","Jaime":"","Nathan Bet Amount":"","Nathan Win/Lose/Push":"","Nathan":"","Evan Bet Amount":"","Evan Win/Lose/Push":"","Evan":"","Brandon Bet Amount":"","Brandon Win/Lose/Push":"","Brandon":"","Total Team Bet":"$50.00","Legends Bet":"","Leaders Bet":"","To Win":"$1,195.25","Payout":"$0.00","TOTALS":null,"Mitch Totals":null,"Phil Totals":null,"Bryce Totals":null,"Cory Totals":null,"JB Totals":null,"Ethan Totals":null},{"Week":"9","Date":"12/16/22","Mitch Bet Amount":"$5.00","Mitch Win/Lose/Push":"Win","Mitch":"Southern Miss -6.5 ","Phil Bet Amount":"$10.00","Phil Win/Lose/Push":"Win","Phil":"Fresno St -4 (football) ","Bryce Bet Amount":"$15.00","Bryce Win/Lose/Push":"Loss","Bryce":"Team Woods","Cory Bet Amount":"$25.00","Cory Win/Lose/Push":"Loss","Cory":"Vikes -3.5 ","JB Bet Amount":"$10.00","JB Win/Lose/Push":"Loss","JB":"Vikes -3.5 ","Ethan Bet Amount":"$5.00","Ethan Win/Lose/Push":"Win","Ethan":"Atl falcons +4 ","Jaime Bet Amount":"","Jaime Win/Lose/Push":"","Jaime":"","Nathan Bet Amount":"","Nathan Win/Lose/Push":"","Nathan":"","Evan Bet Amount":"","Evan Win/Lose/Push":"","Evan":"","Brandon Bet Amount":"","Brandon Win/Lose/Push":"","Brandon":"","Total Team Bet":"$70.00","Legends Bet":"","Leaders Bet":"","To Win":"$4,579.16","Payout":"$0.00","TOTALS":null,"Mitch Totals":null,"Phil Totals":null,"Bryce Totals":null,"Cory Totals":null,"JB Totals":null,"Ethan Totals":null},{"Week":"10","Date":"12/23/22","Mitch Bet Amount":"$5.00","Mitch Win/Lose/Push":"Win","Mitch":"Memphis -7.5 ","Phil Bet Amount":"$5.00","Phil Win/Lose/Push":"Win","Phil":"Buffalo v Chicago Over 40 ","Bryce Bet Amount":"$20.00","Bryce Win/Lose/Push":"Loss","Bryce":"wisconsin okst over","Cory Bet Amount":"$30.00","Cory Win/Lose/Push":"Loss","Cory":"Lions Carolina under 44 ","JB Bet Amount":"$15.00","JB Win/Lose/Push":"Loss","JB":"wisconsin okst over","Ethan Bet Amount":"$5.00","Ethan Win/Lose/Push":"Loss","Ethan":"Lions Carolina under 44 ","Jaime Bet Amount":"","Jaime Win/Lose/Push":"","Jaime":"","Nathan Bet Amount":"","Nathan Win/Lose/Push":"","Nathan":"","Evan Bet Amount":"","Evan Win/Lose/Push":"","Evan":"","Brandon Bet Amount":"","Brandon Win/Lose/Push":"","Brandon":"","Total Team Bet":"$80.00","Legends Bet":"","Leaders Bet":"","To Win":"$960.66","Payout":"$0.00","TOTALS":null,"Mitch Totals":null,"Phil Totals":null,"Bryce Totals":null,"Cory Totals":null,"JB Totals":null,"Ethan Totals":null},{"Week":"11","Date":"12/30/22","Mitch Bet Amount":"$5.00","Mitch Win/Lose/Push":"Loss","Mitch":"Utah -2 ","Phil Bet Amount":"$5.00","Phil Win/Lose/Push":"Loss","Phil":"USC -2 ","Bryce Bet Amount":"$25.00","Bryce Win/Lose/Push":"Loss","Bryce":"Tail Phil ","Cory Bet Amount":"$35.00","Cory Win/Lose/Push":"Loss","Cory":"Tail Phil ","JB Bet Amount":"$20.00","JB Win/Lose/Push":"Loss","JB":"Tail Phil ","Ethan Bet Amount":"$10.00","Ethan Win/Lose/Push":"Loss","Ethan":"Georgia -6 ","Jaime Bet Amount":"","Jaime Win/Lose/Push":"","Jaime":"","Nathan Bet Amount":"","Nathan Win/Lose/Push":"","Nathan":"","Evan Bet Amount":"","Evan Win/Lose/Push":"","Evan":"","Brandon Bet Amount":"","Brandon Win/Lose/Push":"","Brandon":"","Total Team Bet":"$100.00","Legends Bet":"","Leaders Bet":"","To Win":"$595.79","Payout":"$0.00","TOTALS":null,"Mitch Totals":null,"Phil Totals":null,"Bryce Totals":null,"Cory Totals":null,"JB Totals":null,"Ethan Totals":null},{"Week":"12","Date":"1/6/23","Mitch Bet Amount":"$10.00","Mitch Win/Lose/Push":"Win","Mitch":"Kansas -1.5 ","Phil Bet Amount":"$10.00","Phil Win/Lose/Push":"Win","Phil":"Xavier +1.5 ","Bryce Bet Amount":"$30.00","Bryce Win/Lose/Push":"Win","Bryce":"Tail Mitch ","Cory Bet Amount":"$40.00","Cory Win/Lose/Push":"Win","Cory":"Tail Mitch ","JB Bet Amount":"$25.00","JB Win/Lose/Push":"Win","JB":"Tail Ethan  ","Ethan Bet Amount":"$15.00","Ethan Win/Lose/Push":"Win","Ethan":"Carolina Panthers +3.5 ","Jaime Bet Amount":"","Jaime Win/Lose/Push":"","Jaime":"","Nathan Bet Amount":"","Nathan Win/Lose/Push":"","Nathan":"","Evan Bet Amount":"","Evan Win/Lose/Push":"","Evan":"","Brandon Bet Amount":"","Brandon Win/Lose/Push":"","Brandon":"","Total Team Bet":"$130.00","Legends Bet":"","Leaders Bet":"","To Win":"$722.84","Payout":"$852.84","TOTALS":null,"Mitch Totals":null,"Phil Totals":null,"Bryce Totals":null,"Cory Totals":null,"JB Totals":null,"Ethan Totals":null},{"Week":"13","Date":"1/13/23","Mitch Bet Amount":"$5.00","Mitch Win/Lose/Push":"Loss","Mitch":"Chargers -2.5 ","Phil Bet Amount":"$5.00","Phil Win/Lose/Push":"Win","Phil":"Minn NYG over 48","Bryce Bet Amount":"$5.00","Bryce Win/Lose/Push":"Loss","Bryce":"Vikes -3 for Luda  ","Cory Bet Amount":"$5.00","Cory Win/Lose/Push":"Win","Cory":"Dallas -2.5 ","JB Bet Amount":"$5.00","JB Win/Lose/Push":"Win","JB":"bama -15 ","Ethan Bet Amount":"$5.00","Ethan Win/Lose/Push":"Loss","Ethan":"Seahawks +10 ","Jaime Bet Amount":"","Jaime Win/Lose/Push":"","Jaime":"","Nathan Bet Amount":"","Nathan Win/Lose/Push":"","Nathan":"","Evan Bet Amount":"","Evan Win/Lose/Push":"","Evan":"","Brandon Bet Amount":"","Brandon Win/Lose/Push":"","Brandon":"","Total Team Bet":"$30.00","Legends Bet":"","Leaders Bet":"","To Win":"$1,464.30","Payout":"$0.00","TOTALS":null,"Mitch Totals":null,"Phil Totals":null,"Bryce Totals":null,"Cory Totals":null,"JB Totals":null,"Ethan Totals":null},{"Week":"14","Date":"1/20/23","Mitch Bet Amount":"$10.00","Mitch Win/Lose/Push":"Win","Mitch":"alabama -4.5 ","Phil Bet Amount":"$5.00","Phil Win/Lose/Push":"Win","Phil":"Kansas state -4 ","Bryce Bet Amount":"$10.00","Bryce Win/Lose/Push":"Win","Bryce":"philly -7.5 ","Cory Bet Amount":"$5.00","Cory Win/Lose/Push":"Loss","Cory":"Buffalo/cinny over 49","JB Bet Amount":"$5.00","JB Win/Lose/Push":"Loss","JB":"under 6.5 wild/fla ","Ethan Bet Amount":"$10.00","Ethan Win/Lose/Push":"Win","Ethan":"Wolves -8 ","Jaime Bet Amount":"","Jaime Win/Lose/Push":"","Jaime":"","Nathan Bet Amount":"","Nathan Win/Lose/Push":"","Nathan":"","Evan Bet Amount":"","Evan Win/Lose/Push":"","Evan":"","Brandon Bet Amount":"","Brandon Win/Lose/Push":"","Brandon":"","Total Team Bet":"$45.00","Legends Bet":"","Leaders Bet":"","To Win":"$2,122.99","Payout":"$0.00","TOTALS":null,"Mitch Totals":null,"Phil Totals":null,"Bryce Totals":null,"Cory Totals":null,"JB Totals":null,"Ethan Totals":null},{"Week":"15","Date":"1/27/23","Mitch Bet Amount":"$5.00","Mitch Win/Lose/Push":"Loss","Mitch":"Alabama -6.5 ","Phil Bet Amount":"$5.00","Phil Win/Lose/Push":"Loss","Phil":"Baylor -6.5 ","Bryce Bet Amount":"$5.00","Bryce Win/Lose/Push":"Loss","Bryce":"Bengals ","Cory Bet Amount":"$10.00","Cory Win/Lose/Push":"Loss","Cory":"Rahm  ","JB Bet Amount":"$10.00","JB Win/Lose/Push":"Loss","JB":"Xavier over ","Ethan Bet Amount":"$5.00","Ethan Win/Lose/Push":"Win","Ethan":"Eagles -2.5","Jaime Bet Amount":"","Jaime Win/Lose/Push":"","Jaime":"","Nathan Bet Amount":"","Nathan Win/Lose/Push":"","Nathan":"","Evan Bet Amount":"","Evan Win/Lose/Push":"","Evan":"","Brandon Bet Amount":"","Brandon Win/Lose/Push":"","Brandon":"","Total Team Bet":"$40.00","Legends Bet":"","Leaders Bet":"","To Win":"$1,908.22","Payout":"$0.00","TOTALS":null,"Mitch Totals":null,"Phil Totals":null,"Bryce Totals":null,"Cory Totals":null,"JB Totals":null,"Ethan Totals":null},{"Week":"16","Date":"2/3/23","Mitch Bet Amount":"$10.00","Mitch Win/Lose/Push":"Win","Mitch":"duke/unc under 144 ","Phil Bet Amount":"$10.00","Phil Win/Lose/Push":"Loss","Phil":"Clemson -2 ","Bryce Bet Amount":"$10.00","Bryce Win/Lose/Push":"Win","Bryce":"auburn? ","Cory Bet Amount":"$15.00","Cory Win/Lose/Push":"Loss","Cory":"Purdue ","JB Bet Amount":"$15.00","JB Win/Lose/Push":"Win","JB":"Norfolk st -9 ","Ethan Bet Amount":"$5.00","Ethan Win/Lose/Push":"Loss","Ethan":"Purdue (tail Cory) ","Jaime Bet Amount":"","Jaime Win/Lose/Push":"","Jaime":"","Nathan Bet Amount":"","Nathan Win/Lose/Push":"","Nathan":"","Evan Bet Amount":"","Evan Win/Lose/Push":"","Evan":"","Brandon Bet Amount":"","Brandon Win/Lose/Push":"","Brandon":"","Total Team Bet":"$65.00","Legends Bet":"","Leaders Bet":"","To Win":"$1,583.34","Payout":"$0.00","TOTALS":null,"Mitch Totals":null,"Phil Totals":null,"Bryce Totals":null,"Cory Totals":null,"JB Totals":null,"Ethan Totals":null},{"Week":"17","Date":"2/10/23","Mitch Bet Amount":"$5.00","Mitch Win/Lose/Push":"Win","Mitch":"Creighton/UConn under ","Phil Bet Amount":"$15.00","Phil Win/Lose/Push":"Loss","Phil":"Providence -4.5 ","Bryce Bet Amount":"$5.00","Bryce Win/Lose/Push":"Win","Bryce":"Superbowl over ","Cory Bet Amount":"$20.00","Cory Win/Lose/Push":"Win","Cory":"Tail Mitch ","JB Bet Amount":"$5.00","JB Win/Lose/Push":"Loss","JB":"north dakota -6 ","Ethan Bet Amount":"$10.00","Ethan Win/Lose/Push":"Loss","Ethan":"Dallas mavericks +1.5","Jaime Bet Amount":"","Jaime Win/Lose/Push":"","Jaime":"","Nathan Bet Amount":"","Nathan Win/Lose/Push":"","Nathan":"","Evan Bet Amount":"","Evan Win/Lose/Push":"","Evan":"","Brandon Bet Amount":"","Brandon Win/Lose/Push":"","Brandon":"","Total Team Bet":"$60.00","Legends Bet":"","Leaders Bet":"","To Win":"$1,401.16","Payout":"$0.00","TOTALS":null,"Mitch Totals":null,"Phil Totals":null,"Bryce Totals":null,"Cory Totals":null,"JB Totals":null,"Ethan Totals":null},{"Week":"18","Date":"2/17/23","Mitch Bet Amount":"$5.00","Mitch Win/Lose/Push":"Loss","Mitch":"Missouri -2 ","Phil Bet Amount":"$20.00","Phil Win/Lose/Push":"Loss","Phil":"Tail Mitch","Bryce Bet Amount":"$5.00","Bryce Win/Lose/Push":"Win","Bryce":"3rd Round Match-Up - J. Rahm Vs R. McIlroy - Rahm ","Cory Bet Amount":"$5.00","Cory Win/Lose/Push":"Loss","Cory":"Penn state-8 ","JB Bet Amount":"$10.00","JB Win/Lose/Push":"Loss","JB":"wisco rutgers Over ","Ethan Bet Amount":"$15.00","Ethan Win/Lose/Push":"Win","Ethan":"Nd/Virginia under ","Jaime Bet Amount":"","Jaime Win/Lose/Push":"","Jaime":"","Nathan Bet Amount":"","Nathan Win/Lose/Push":"","Nathan":"","Evan Bet Amount":"","Evan Win/Lose/Push":"","Evan":"","Brandon Bet Amount":"","Brandon Win/Lose/Push":"","Brandon":"","Total Team Bet":"$60.00","Legends Bet":"","Leaders Bet":"","To Win":"$1,434.30","Payout":"$0.00","TOTALS":null,"Mitch Totals":null,"Phil Totals":null,"Bryce Totals":null,"Cory Totals":null,"JB Totals":null,"Ethan Totals":null},{"Week":"19","Date":"2/24/23","Mitch Bet Amount":"$10.00","Mitch Win/Lose/Push":"Win","Mitch":"Gonzaga -5.5 ","Phil Bet Amount":"$25.00","Phil Win/Lose/Push":"Loss","Phil":"Tail Ethan ","Bryce Bet Amount":"$5.00","Bryce Win/Lose/Push":"Loss","Bryce":"LIV golf 2nd round match up - Koepka vs Garcia - Koepka ","Cory Bet Amount":"$10.00","Cory Win/Lose/Push":"Win","Cory":"Nebraska -8 ","JB Bet Amount":"$15.00","JB Win/Lose/Push":"Win","JB":"zaga over","Ethan Bet Amount":"$5.00","Ethan Win/Lose/Push":"Loss","Ethan":"San Diego state -3 ","Jaime Bet Amount":"","Jaime Win/Lose/Push":"","Jaime":"","Nathan Bet Amount":"","Nathan Win/Lose/Push":"","Nathan":"","Evan Bet Amount":"","Evan Win/Lose/Push":"","Evan":"","Brandon Bet Amount":"","Brandon Win/Lose/Push":"","Brandon":"","Total Team Bet":"$70.00","Legends Bet":"","Leaders Bet":"","To Win":"$1,836.16","Payout":"$0.00","TOTALS":null,"Mitch Totals":null,"Phil Totals":null,"Bryce Totals":null,"Cory Totals":null,"JB Totals":null,"Ethan Totals":null},{"Week":"20","Date":"3/3/23","Mitch Bet Amount":"$5.00","Mitch Win/Lose/Push":"Loss","Mitch":"UNC -2.5 ","Phil Bet Amount":"$30.00","Phil Win/Lose/Push":"Win","Phil":"Tail Ethan ","Bryce Bet Amount":"$10.00","Bryce Win/Lose/Push":"Win","Bryce":"3rd Round Match-Up - X. Schauffele Vs J. Thomas - JT ","Cory Bet Amount":"$5.00","Cory Win/Lose/Push":"Win","Cory":"Rahm vs Rory - Rory ","JB Bet Amount":"$5.00","JB Win/Lose/Push":"Win","JB":"wild under ","Ethan Bet Amount":"$20.00","Ethan Win/Lose/Push":"Win","Ethan":"West Virginia -4.5 ","Jaime Bet Amount":"","Jaime Win/Lose/Push":"","Jaime":"","Nathan Bet Amount":"","Nathan Win/Lose/Push":"","Nathan":"","Evan Bet Amount":"","Evan Win/Lose/Push":"","Evan":"","Brandon Bet Amount":"","Brandon Win/Lose/Push":"","Brandon":"","Total Team Bet":"$75.00","Legends Bet":"","Leaders Bet":"","To Win":"$1,937.12","Payout":"$0.00","TOTALS":null,"Mitch Totals":null,"Phil Totals":null,"Bryce Totals":null,"Cory Totals":null,"JB Totals":null,"Ethan Totals":null},{"Week":"21","Date":"3/10/23","Mitch Bet Amount":"$10.00","Mitch Win/Lose/Push":"Win","Mitch":"VCU -3.5 ","Phil Bet Amount":"$5.00","Phil Win/Lose/Push":"Loss","Phil":"Pennsylvania +2.5 ","Bryce Bet Amount":"$5.00","Bryce Win/Lose/Push":"Loss","Bryce":"Homa over Speith ","Cory Bet Amount":"$5.00","Cory Win/Lose/Push":"Push","Cory":"Day over hovland ","JB Bet Amount":"$5.00","JB Win/Lose/Push":"Win","JB":"purdue ","Ethan Bet Amount":"$5.00","Ethan Win/Lose/Push":"Win","Ethan":"Tail JB ","Jaime Bet Amount":"","Jaime Win/Lose/Push":"","Jaime":"","Nathan Bet Amount":"","Nathan Win/Lose/Push":"","Nathan":"","Evan Bet Amount":"","Evan Win/Lose/Push":"","Evan":"","Brandon Bet Amount":"","Brandon Win/Lose/Push":"","Brandon":"","Total Team Bet":"$35.00","Legends Bet":"","Leaders Bet":"","To Win":"$670.83","Payout":"$0.00","TOTALS":null,"Mitch Totals":null,"Phil Totals":null,"Bryce Totals":null,"Cory Totals":null,"JB Totals":null,"Ethan Totals":null},{"Week":"22","Date":"3/24/23","Mitch Bet Amount":"$5.00","Mitch Win/Lose/Push":"Loss","Mitch":"Tail JB ","Phil Bet Amount":"$10.00","Phil Win/Lose/Push":"Win","Phil":"Gonz/UConn Under ","Bryce Bet Amount":"$10.00","Bryce Win/Lose/Push":"Win","Bryce":"Sam burns +125 over Cantlay","Cory Bet Amount":"$5.00","Cory Win/Lose/Push":"Win","Cory":"Wild under 6 ","JB Bet Amount":"$5.00","JB Win/Lose/Push":"Loss","JB":"KSU -1 ","Ethan Bet Amount":"$5.00","Ethan Win/Lose/Push":"Loss","Ethan":"Creighton -1 ","Jaime Bet Amount":"","Jaime Win/Lose/Push":"","Jaime":"","Nathan Bet Amount":"","Nathan Win/Lose/Push":"","Nathan":"","Evan Bet Amount":"","Evan Win/Lose/Push":"","Evan":"","Brandon Bet Amount":"","Brandon Win/Lose/Push":"","Brandon":"","Total Team Bet":"$40.00","Legends Bet":"","Leaders Bet":"","To Win":"$977.98","Payout":"$0.00","TOTALS":null,"Mitch Totals":null,"Phil Totals":null,"Bryce Totals":null,"Cory Totals":null,"JB Totals":null,"Ethan Totals":null},{"Week":"23","Date":"4/1/23","Mitch Bet Amount":"$10.00","Mitch Win/Lose/Push":"Win","Mitch":"UConn -5.5 ","Phil Bet Amount":"$5.00","Phil Win/Lose/Push":"Win","Phil":"Miami/UConn Under ","Bryce Bet Amount":"$5.00","Bryce Win/Lose/Push":"Push","Bryce":"3rd Round Match-Up - C. Conners Vs C. Kirk, Conners ","Cory Bet Amount":"$5.00","Cory Win/Lose/Push":"Win","Cory":"Golden knights to beat wild ","JB Bet Amount":"$10.00","JB Win/Lose/Push":"Loss","JB":"iowa -3 (ladies) ","Ethan Bet Amount":"$10.00","Ethan Win/Lose/Push":"Win","Ethan":"Pelicans -3 ","Jaime Bet Amount":"","Jaime Win/Lose/Push":"","Jaime":"","Nathan Bet Amount":"","Nathan Win/Lose/Push":"","Nathan":"","Evan Bet Amount":"","Evan Win/Lose/Push":"","Evan":"","Brandon Bet Amount":"","Brandon Win/Lose/Push":"","Brandon":"","Total Team Bet":"$45.00","Legends Bet":"","Leaders Bet":"","To Win":"$944.70","Payout":"$0.00","TOTALS":null,"Mitch Totals":null,"Phil Totals":null,"Bryce Totals":null,"Cory Totals":null,"JB Totals":null,"Ethan Totals":null},{"Week":"24","Date":"4/8/23","Mitch Bet Amount":"$5.00","Mitch Win/Lose/Push":"Loss","Mitch":"Detroit/Boston U8 (baseball) ","Phil Bet Amount":"$5.00","Phil Win/Lose/Push":"Loss","Phil":"Spurs +14 ","Bryce Bet Amount":"$5.00","Bryce Win/Lose/Push":"Loss","Bryce":"Koepka wins Masters ","Cory Bet Amount":"$5.00","Cory Win/Lose/Push":"Loss","Cory":"Burns top 10 ","JB Bet Amount":"$15.00","JB Win/Lose/Push":"Loss","JB":"wild U ","Ethan Bet Amount":"$5.00","Ethan Win/Lose/Push":"Loss","Ethan":"Tail Phil ","Jaime Bet Amount":"","Jaime Win/Lose/Push":"","Jaime":"","Nathan Bet Amount":"","Nathan Win/Lose/Push":"","Nathan":"","Evan Bet Amount":"","Evan Win/Lose/Push":"","Evan":"","Brandon Bet Amount":"","Brandon Win/Lose/Push":"","Brandon":"","Total Team Bet":"$40.00","Legends Bet":"","Leaders Bet":"","To Win":"$616.03","Payout":"$0.00","TOTALS":null,"Mitch Totals":null,"Phil Totals":null,"Bryce Totals":null,"Cory Totals":null,"JB Totals":null,"Ethan Totals":null},{"Week":"25","Date":"4/21/23","Mitch Bet Amount":"$10.00","Mitch Win/Lose/Push":"Loss","Mitch":"Twins -1.5 (4/22)","Phil Bet Amount":"$10.00","Phil Win/Lose/Push":"Loss","Phil":"Tail Ethan","Bryce Bet Amount":"$10.00","Bryce Win/Lose/Push":"Push","Bryce":"Bryce passed ","Cory Bet Amount":"$10.00","Cory Win/Lose/Push":"Win","Cory":"Wild over ","JB Bet Amount":"$20.00","JB Win/Lose/Push":"Win","JB":"tail Cory","Ethan Bet Amount":"$10.00","Ethan Win/Lose/Push":"Loss","Ethan":"Wolves 1st half -.5","Jaime Bet Amount":"","Jaime Win/Lose/Push":"","Jaime":"","Nathan Bet Amount":"","Nathan Win/Lose/Push":"","Nathan":"","Evan Bet Amount":"","Evan Win/Lose/Push":"","Evan":"","Brandon Bet Amount":"","Brandon Win/Lose/Push":"","Brandon":"","Total Team Bet":"$70.00","Legends Bet":"","Leaders Bet":"","To Win":"$393.08","Payout":"$0.00","TOTALS":null,"Mitch Totals":null,"Phil Totals":null,"Bryce Totals":null,"Cory Totals":null,"JB Totals":null,"Ethan Totals":null},{"Week":"26","Date":"4/28/23","Mitch Bet Amount":"$15.00","Mitch Win/Lose/Push":"Win","Mitch":"Denver -3 ","Phil Bet Amount":"$15.00","Phil Win/Lose/Push":"Win","Phil":"Tail Mitch ","Bryce Bet Amount":"$10.00","Bryce Win/Lose/Push":"Win","Bryce":"Mexico Open - 2/3 Balls - Props- 3rd Round Props - Hole 1 Winner - Tony Finau ","Cory Bet Amount":"$5.00","Cory Win/Lose/Push":"Win","Cory":"Fla/Boston over ","JB Bet Amount":"$5.00","JB Win/Lose/Push":"Win","JB":"edm/LA OVER ","Ethan Bet Amount":"$15.00","Ethan Win/Lose/Push":"Win","Ethan":"Miami heat +4.5 ","Jaime Bet Amount":"","Jaime Win/Lose/Push":"","Jaime":"","Nathan Bet Amount":"","Nathan Win/Lose/Push":"","Nathan":"","Evan Bet Amount":"","Evan Win/Lose/Push":"","Evan":"","Brandon Bet Amount":"","Brandon Win/Lose/Push":"","Brandon":"","Total Team Bet":"$65.00","Legends Bet":"","Leaders Bet":"","To Win":"$1,646.62","Payout":"$1,711.62","TOTALS":null,"Mitch Totals":null,"Phil Totals":null,"Bryce Totals":null,"Cory Totals":null,"JB Totals":null,"Ethan Totals":null},{"Week":"27","Date":"5/5/23","Mitch Bet Amount":"$5.00","Mitch Win/Lose/Push":"Loss","Mitch":"Denver +3.5","Phil Bet Amount":"$5.00","Phil Win/Lose/Push":"Loss","Phil":"Tail Cory","Bryce Bet Amount":"$5.00","Bryce Win/Lose/Push":"Win","Bryce":"Florida Panthers","Cory Bet Amount":"$5.00","Cory Win/Lose/Push":"Loss","Cory":"Edmonton/Vegas over ","JB Bet Amount":"$5.00","JB Win/Lose/Push":"Win","JB":"twins under ","Ethan Bet Amount":"$5.00","Ethan Win/Lose/Push":"Loss","Ethan":"Twins","Jaime Bet Amount":"","Jaime Win/Lose/Push":"","Jaime":"","Nathan Bet Amount":"$5.00","Nathan Win/Lose/Push":"","Nathan":"","Evan Bet Amount":"","Evan Win/Lose/Push":"","Evan":"","Brandon Bet Amount":"","Brandon Win/Lose/Push":"","Brandon":"","Total Team Bet":"$35.00","Legends Bet":"","Leaders Bet":"","To Win":"$680.31","Payout":"$0.00","TOTALS":null,"Mitch Totals":null,"Phil Totals":null,"Bryce Totals":null,"Cory Totals":null,"JB Totals":null,"Ethan Totals":null},{"Week":"28","Date":"05/12/2023","Mitch Bet Amount":"$10","Mitch Win/Lose/Push":"","Mitch":"","Phil Bet Amount":"$10","Phil Win/Lose/Push":"","Phil":"","Bryce Bet Amount":"$5","Bryce Win/Lose/Push":"","Bryce":"","Cory Bet Amount":"$10","Cory Win/Lose/Push":"","Cory":"","JB Bet Amount":"$5","JB Win/Lose/Push":"","JB":"","Ethan Bet Amount":"$10","Ethan Win/Lose/Push":null,"Ethan":null,"Jaime Bet Amount":null,"Jaime Win/Lose/Push":null,"Jaime":null,"Nathan Bet Amount":null,"Nathan Win/Lose/Push":null,"Nathan":null,"Evan Bet Amount":null,"Evan Win/Lose/Push":null,"Evan":null,"Brandon Bet Amount":null,"Brandon Win/Lose/Push":null,"Brandon":null,"Total Team Bet":null,"Legends Bet":null,"Leaders Bet":null,"To Win":null,"Payout":null,"TOTALS":null,"Mitch Totals":null,"Phil Totals":null,"Bryce Totals":null,"Cory Totals":null,"JB Totals":null,"Ethan Totals":null},{"Week":"29","Date":"05/19/2023","Mitch Bet Amount":null,"Mitch Win/Lose/Push":null,"Mitch":null,"Phil Bet Amount":null,"Phil Win/Lose/Push":null,"Phil":null,"Bryce Bet Amount":null,"Bryce Win/Lose/Push":null,"Bryce":null,"Cory Bet Amount":null,"Cory Win/Lose/Push":null,"Cory":null,"JB Bet Amount":null,"JB Win/Lose/Push":null,"JB":null,"Ethan Bet Amount":null,"Ethan Win/Lose/Push":null,"Ethan":null,"Jaime Bet Amount":null,"Jaime Win/Lose/Push":null,"Jaime":null,"Nathan Bet Amount":null,"Nathan Win/Lose/Push":null,"Nathan":null,"Evan Bet Amount":null,"Evan Win/Lose/Push":null,"Evan":null,"Brandon Bet Amount":null,"Brandon Win/Lose/Push":null,"Brandon":null,"Total Team Bet":null,"Legends Bet":null,"Leaders Bet":null,"To Win":null,"Payout":null,"TOTALS":null,"Mitch Totals":null,"Phil Totals":null,"Bryce Totals":null,"Cory Totals":null,"JB Totals":null,"Ethan Totals":null},{"Week":"30","Date":"05/26/2023","Mitch Bet Amount":null,"Mitch Win/Lose/Push":null,"Mitch":null,"Phil Bet Amount":null,"Phil Win/Lose/Push":null,"Phil":null,"Bryce Bet Amount":null,"Bryce Win/Lose/Push":null,"Bryce":null,"Cory Bet Amount":null,"Cory Win/Lose/Push":null,"Cory":null,"JB Bet Amount":null,"JB Win/Lose/Push":null,"JB":null,"Ethan Bet Amount":null,"Ethan Win/Lose/Push":null,"Ethan":null,"Jaime Bet Amount":null,"Jaime Win/Lose/Push":null,"Jaime":null,"Nathan Bet Amount":null,"Nathan Win/Lose/Push":null,"Nathan":null,"Evan Bet Amount":null,"Evan Win/Lose/Push":null,"Evan":null,"Brandon Bet Amount":null,"Brandon Win/Lose/Push":null,"Brandon":null,"Total Team Bet":null,"Legends Bet":null,"Leaders Bet":null,"To Win":null,"Payout":null,"TOTALS":null,"Mitch Totals":null,"Phil Totals":null,"Bryce Totals":null,"Cory Totals":null,"JB Totals":null,"Ethan Totals":null},{"Week":"31","Date":"06/02/2023","Mitch Bet Amount":null,"Mitch Win/Lose/Push":null,"Mitch":null,"Phil Bet Amount":null,"Phil Win/Lose/Push":null,"Phil":null,"Bryce Bet Amount":null,"Bryce Win/Lose/Push":null,"Bryce":null,"Cory Bet Amount":null,"Cory Win/Lose/Push":null,"Cory":null,"JB Bet Amount":null,"JB Win/Lose/Push":null,"JB":null,"Ethan Bet Amount":null,"Ethan Win/Lose/Push":null,"Ethan":null,"Jaime Bet Amount":null,"Jaime Win/Lose/Push":null,"Jaime":null,"Nathan Bet Amount":null,"Nathan Win/Lose/Push":null,"Nathan":null,"Evan Bet Amount":null,"Evan Win/Lose/Push":null,"Evan":null,"Brandon Bet Amount":null,"Brandon Win/Lose/Push":null,"Brandon":null,"Total Team Bet":null,"Legends Bet":null,"Leaders Bet":null,"To Win":null,"Payout":null,"TOTALS":null,"Mitch Totals":null,"Phil Totals":null,"Bryce Totals":null,"Cory Totals":null,"JB Totals":null,"Ethan Totals":null},{"Week":"32","Date":"06/09/2023","Mitch Bet Amount":null,"Mitch Win/Lose/Push":null,"Mitch":null,"Phil Bet Amount":null,"Phil Win/Lose/Push":null,"Phil":null,"Bryce Bet Amount":null,"Bryce Win/Lose/Push":null,"Bryce":null,"Cory Bet Amount":null,"Cory Win/Lose/Push":null,"Cory":null,"JB Bet Amount":null,"JB Win/Lose/Push":null,"JB":null,"Ethan Bet Amount":null,"Ethan Win/Lose/Push":null,"Ethan":null,"Jaime Bet Amount":null,"Jaime Win/Lose/Push":null,"Jaime":null,"Nathan Bet Amount":null,"Nathan Win/Lose/Push":null,"Nathan":null,"Evan Bet Amount":null,"Evan Win/Lose/Push":null,"Evan":null,"Brandon Bet Amount":null,"Brandon Win/Lose/Push":null,"Brandon":null,"Total Team Bet":null,"Legends Bet":null,"Leaders Bet":null,"To Win":null,"Payout":null,"TOTALS":null,"Mitch Totals":null,"Phil Totals":null,"Bryce Totals":null,"Cory Totals":null,"JB Totals":null,"Ethan Totals":null},{"Week":"33","Date":"06/16/2023","Mitch Bet Amount":null,"Mitch Win/Lose/Push":null,"Mitch":null,"Phil Bet Amount":null,"Phil Win/Lose/Push":null,"Phil":null,"Bryce Bet Amount":null,"Bryce Win/Lose/Push":null,"Bryce":null,"Cory Bet Amount":null,"Cory Win/Lose/Push":null,"Cory":null,"JB Bet Amount":null,"JB Win/Lose/Push":null,"JB":null,"Ethan Bet Amount":null,"Ethan Win/Lose/Push":null,"Ethan":null,"Jaime Bet Amount":null,"Jaime Win/Lose/Push":null,"Jaime":null,"Nathan Bet Amount":null,"Nathan Win/Lose/Push":null,"Nathan":null,"Evan Bet Amount":null,"Evan Win/Lose/Push":null,"Evan":null,"Brandon Bet Amount":null,"Brandon Win/Lose/Push":null,"Brandon":null,"Total Team Bet":null,"Legends Bet":null,"Leaders Bet":null,"To Win":null,"Payout":null,"TOTALS":null,"Mitch Totals":null,"Phil Totals":null,"Bryce Totals":null,"Cory Totals":null,"JB Totals":null,"Ethan Totals":null},{"Week":"34","Date":"06/23/2023","Mitch Bet Amount":null,"Mitch Win/Lose/Push":null,"Mitch":null,"Phil Bet Amount":null,"Phil Win/Lose/Push":null,"Phil":null,"Bryce Bet Amount":null,"Bryce Win/Lose/Push":null,"Bryce":null,"Cory Bet Amount":null,"Cory Win/Lose/Push":null,"Cory":null,"JB Bet Amount":null,"JB Win/Lose/Push":null,"JB":null,"Ethan Bet Amount":null,"Ethan Win/Lose/Push":null,"Ethan":null,"Jaime Bet Amount":null,"Jaime Win/Lose/Push":null,"Jaime":null,"Nathan Bet Amount":null,"Nathan Win/Lose/Push":null,"Nathan":null,"Evan Bet Amount":null,"Evan Win/Lose/Push":null,"Evan":null,"Brandon Bet Amount":null,"Brandon Win/Lose/Push":null,"Brandon":null,"Total Team Bet":null,"Legends Bet":null,"Leaders Bet":null,"To Win":null,"Payout":null,"TOTALS":null,"Mitch Totals":null,"Phil Totals":null,"Bryce Totals":null,"Cory Totals":null,"JB Totals":null,"Ethan Totals":null},{"Week":"35","Date":"06/30/2023","Mitch Bet Amount":null,"Mitch Win/Lose/Push":null,"Mitch":null,"Phil Bet Amount":null,"Phil Win/Lose/Push":null,"Phil":null,"Bryce Bet Amount":null,"Bryce Win/Lose/Push":null,"Bryce":null,"Cory Bet Amount":null,"Cory Win/Lose/Push":null,"Cory":null,"JB Bet Amount":null,"JB Win/Lose/Push":null,"JB":null,"Ethan Bet Amount":null,"Ethan Win/Lose/Push":null,"Ethan":null,"Jaime Bet Amount":null,"Jaime Win/Lose/Push":null,"Jaime":null,"Nathan Bet Amount":null,"Nathan Win/Lose/Push":null,"Nathan":null,"Evan Bet Amount":null,"Evan Win/Lose/Push":null,"Evan":null,"Brandon Bet Amount":null,"Brandon Win/Lose/Push":null,"Brandon":null,"Total Team Bet":null,"Legends Bet":null,"Leaders Bet":null,"To Win":null,"Payout":null,"TOTALS":null,"Mitch Totals":null,"Phil Totals":null,"Bryce Totals":null,"Cory Totals":null,"JB Totals":null,"Ethan Totals":null},{"Week":"36","Date":"07/07/2023","Mitch Bet Amount":null,"Mitch Win/Lose/Push":null,"Mitch":null,"Phil Bet Amount":null,"Phil Win/Lose/Push":null,"Phil":null,"Bryce Bet Amount":null,"Bryce Win/Lose/Push":null,"Bryce":null,"Cory Bet Amount":null,"Cory Win/Lose/Push":null,"Cory":null,"JB Bet Amount":null,"JB Win/Lose/Push":null,"JB":null,"Ethan Bet Amount":null,"Ethan Win/Lose/Push":null,"Ethan":null,"Jaime Bet Amount":null,"Jaime Win/Lose/Push":null,"Jaime":null,"Nathan Bet Amount":null,"Nathan Win/Lose/Push":null,"Nathan":null,"Evan Bet Amount":null,"Evan Win/Lose/Push":null,"Evan":null,"Brandon Bet Amount":null,"Brandon Win/Lose/Push":null,"Brandon":null,"Total Team Bet":null,"Legends Bet":null,"Leaders Bet":null,"To Win":null,"Payout":null,"TOTALS":null,"Mitch Totals":null,"Phil Totals":null,"Bryce Totals":null,"Cory Totals":null,"JB Totals":null,"Ethan Totals":null},{"Week":"37","Date":"07/14/2023","Mitch Bet Amount":null,"Mitch Win/Lose/Push":null,"Mitch":null,"Phil Bet Amount":null,"Phil Win/Lose/Push":null,"Phil":null,"Bryce Bet Amount":null,"Bryce Win/Lose/Push":null,"Bryce":null,"Cory Bet Amount":null,"Cory Win/Lose/Push":null,"Cory":null,"JB Bet Amount":null,"JB Win/Lose/Push":null,"JB":null,"Ethan Bet Amount":null,"Ethan Win/Lose/Push":null,"Ethan":null,"Jaime Bet Amount":null,"Jaime Win/Lose/Push":null,"Jaime":null,"Nathan Bet Amount":null,"Nathan Win/Lose/Push":null,"Nathan":null,"Evan Bet Amount":null,"Evan Win/Lose/Push":null,"Evan":null,"Brandon Bet Amount":null,"Brandon Win/Lose/Push":null,"Brandon":null,"Total Team Bet":null,"Legends Bet":null,"Leaders Bet":null,"To Win":null,"Payout":null,"TOTALS":null,"Mitch Totals":null,"Phil Totals":null,"Bryce Totals":null,"Cory Totals":null,"JB Totals":null,"Ethan Totals":null},{"Week":"38","Date":"07/21/2023","Mitch Bet Amount":null,"Mitch Win/Lose/Push":null,"Mitch":null,"Phil Bet Amount":null,"Phil Win/Lose/Push":null,"Phil":null,"Bryce Bet Amount":null,"Bryce Win/Lose/Push":null,"Bryce":null,"Cory Bet Amount":null,"Cory Win/Lose/Push":null,"Cory":null,"JB Bet Amount":null,"JB Win/Lose/Push":null,"JB":null,"Ethan Bet Amount":null,"Ethan Win/Lose/Push":null,"Ethan":null,"Jaime Bet Amount":null,"Jaime Win/Lose/Push":null,"Jaime":null,"Nathan Bet Amount":null,"Nathan Win/Lose/Push":null,"Nathan":null,"Evan Bet Amount":null,"Evan Win/Lose/Push":null,"Evan":null,"Brandon Bet Amount":null,"Brandon Win/Lose/Push":null,"Brandon":null,"Total Team Bet":null,"Legends Bet":null,"Leaders Bet":null,"To Win":null,"Payout":null,"TOTALS":null,"Mitch Totals":null,"Phil Totals":null,"Bryce Totals":null,"Cory Totals":null,"JB Totals":null,"Ethan Totals":null},{"Week":"39","Date":"07/28/2023","Mitch Bet Amount":null,"Mitch Win/Lose/Push":null,"Mitch":null,"Phil Bet Amount":null,"Phil Win/Lose/Push":null,"Phil":null,"Bryce Bet Amount":null,"Bryce Win/Lose/Push":null,"Bryce":null,"Cory Bet Amount":null,"Cory Win/Lose/Push":null,"Cory":null,"JB Bet Amount":null,"JB Win/Lose/Push":null,"JB":null,"Ethan Bet Amount":null,"Ethan Win/Lose/Push":null,"Ethan":null,"Jaime Bet Amount":null,"Jaime Win/Lose/Push":null,"Jaime":null,"Nathan Bet Amount":null,"Nathan Win/Lose/Push":null,"Nathan":null,"Evan Bet Amount":null,"Evan Win/Lose/Push":null,"Evan":null,"Brandon Bet Amount":null,"Brandon Win/Lose/Push":null,"Brandon":null,"Total Team Bet":null,"Legends Bet":null,"Leaders Bet":null,"To Win":null,"Payout":null,"TOTALS":null,"Mitch Totals":null,"Phil Totals":null,"Bryce Totals":null,"Cory Totals":null,"JB Totals":null,"Ethan Totals":null},{"Week":"40","Date":"08/04/2023","Mitch Bet Amount":null,"Mitch Win/Lose/Push":null,"Mitch":null,"Phil Bet Amount":null,"Phil Win/Lose/Push":null,"Phil":null,"Bryce Bet Amount":null,"Bryce Win/Lose/Push":null,"Bryce":null,"Cory Bet Amount":null,"Cory Win/Lose/Push":null,"Cory":null,"JB Bet Amount":null,"JB Win/Lose/Push":null,"JB":null,"Ethan Bet Amount":null,"Ethan Win/Lose/Push":null,"Ethan":null,"Jaime Bet Amount":null,"Jaime Win/Lose/Push":null,"Jaime":null,"Nathan Bet Amount":null,"Nathan Win/Lose/Push":null,"Nathan":null,"Evan Bet Amount":null,"Evan Win/Lose/Push":null,"Evan":null,"Brandon Bet Amount":null,"Brandon Win/Lose/Push":null,"Brandon":null,"Total Team Bet":null,"Legends Bet":null,"Leaders Bet":null,"To Win":null,"Payout":null,"TOTALS":null,"Mitch Totals":null,"Phil Totals":null,"Bryce Totals":null,"Cory Totals":null,"JB Totals":null,"Ethan Totals":null},{"Week":"41","Date":"08/11/2023","Mitch Bet Amount":null,"Mitch Win/Lose/Push":null,"Mitch":null,"Phil Bet Amount":null,"Phil Win/Lose/Push":null,"Phil":null,"Bryce Bet Amount":null,"Bryce Win/Lose/Push":null,"Bryce":null,"Cory Bet Amount":null,"Cory Win/Lose/Push":null,"Cory":null,"JB Bet Amount":null,"JB Win/Lose/Push":null,"JB":null,"Ethan Bet Amount":null,"Ethan Win/Lose/Push":null,"Ethan":null,"Jaime Bet Amount":null,"Jaime Win/Lose/Push":null,"Jaime":null,"Nathan Bet Amount":null,"Nathan Win/Lose/Push":null,"Nathan":null,"Evan Bet Amount":null,"Evan Win/Lose/Push":null,"Evan":null,"Brandon Bet Amount":null,"Brandon Win/Lose/Push":null,"Brandon":null,"Total Team Bet":null,"Legends Bet":null,"Leaders Bet":null,"To Win":null,"Payout":null,"TOTALS":null,"Mitch Totals":null,"Phil Totals":null,"Bryce Totals":null,"Cory Totals":null,"JB Totals":null,"Ethan Totals":null},{"Week":"42","Date":"08/18/2023","Mitch Bet Amount":null,"Mitch Win/Lose/Push":null,"Mitch":null,"Phil Bet Amount":null,"Phil Win/Lose/Push":null,"Phil":null,"Bryce Bet Amount":null,"Bryce Win/Lose/Push":null,"Bryce":null,"Cory Bet Amount":null,"Cory Win/Lose/Push":null,"Cory":null,"JB Bet Amount":null,"JB Win/Lose/Push":null,"JB":null,"Ethan Bet Amount":null,"Ethan Win/Lose/Push":null,"Ethan":null,"Jaime Bet Amount":null,"Jaime Win/Lose/Push":null,"Jaime":null,"Nathan Bet Amount":null,"Nathan Win/Lose/Push":null,"Nathan":null,"Evan Bet Amount":null,"Evan Win/Lose/Push":null,"Evan":null,"Brandon Bet Amount":null,"Brandon Win/Lose/Push":null,"Brandon":null,"Total Team Bet":null,"Legends Bet":null,"Leaders Bet":null,"To Win":null,"Payout":null,"TOTALS":null,"Mitch Totals":null,"Phil Totals":null,"Bryce Totals":null,"Cory Totals":null,"JB Totals":null,"Ethan Totals":null},{"Week":"43","Date":"08/25/2023","Mitch Bet Amount":null,"Mitch Win/Lose/Push":null,"Mitch":null,"Phil Bet Amount":null,"Phil Win/Lose/Push":null,"Phil":null,"Bryce Bet Amount":null,"Bryce Win/Lose/Push":null,"Bryce":null,"Cory Bet Amount":null,"Cory Win/Lose/Push":null,"Cory":null,"JB Bet Amount":null,"JB Win/Lose/Push":null,"JB":null,"Ethan Bet Amount":null,"Ethan Win/Lose/Push":null,"Ethan":null,"Jaime Bet Amount":null,"Jaime Win/Lose/Push":null,"Jaime":null,"Nathan Bet Amount":null,"Nathan Win/Lose/Push":null,"Nathan":null,"Evan Bet Amount":null,"Evan Win/Lose/Push":null,"Evan":null,"Brandon Bet Amount":null,"Brandon Win/Lose/Push":null,"Brandon":null,"Total Team Bet":null,"Legends Bet":null,"Leaders Bet":null,"To Win":null,"Payout":null,"TOTALS":null,"Mitch Totals":null,"Phil Totals":null,"Bryce Totals":null,"Cory Totals":null,"JB Totals":null,"Ethan Totals":null},{"Week":"44","Date":"09/01/2023","Mitch Bet Amount":null,"Mitch Win/Lose/Push":null,"Mitch":null,"Phil Bet Amount":null,"Phil Win/Lose/Push":null,"Phil":null,"Bryce Bet Amount":null,"Bryce Win/Lose/Push":null,"Bryce":null,"Cory Bet Amount":null,"Cory Win/Lose/Push":null,"Cory":null,"JB Bet Amount":null,"JB Win/Lose/Push":null,"JB":null,"Ethan Bet Amount":null,"Ethan Win/Lose/Push":null,"Ethan":null,"Jaime Bet Amount":null,"Jaime Win/Lose/Push":null,"Jaime":null,"Nathan Bet Amount":null,"Nathan Win/Lose/Push":null,"Nathan":null,"Evan Bet Amount":null,"Evan Win/Lose/Push":null,"Evan":null,"Brandon Bet Amount":null,"Brandon Win/Lose/Push":null,"Brandon":null,"Total Team Bet":null,"Legends Bet":null,"Leaders Bet":null,"To Win":null,"Payout":null,"TOTALS":null,"Mitch Totals":null,"Phil Totals":null,"Bryce Totals":null,"Cory Totals":null,"JB Totals":null,"Ethan Totals":null},{"Week":"45","Date":"09/08/2023","Mitch Bet Amount":null,"Mitch Win/Lose/Push":null,"Mitch":null,"Phil Bet Amount":null,"Phil Win/Lose/Push":null,"Phil":null,"Bryce Bet Amount":null,"Bryce Win/Lose/Push":null,"Bryce":null,"Cory Bet Amount":null,"Cory Win/Lose/Push":null,"Cory":null,"JB Bet Amount":null,"JB Win/Lose/Push":null,"JB":null,"Ethan Bet Amount":null,"Ethan Win/Lose/Push":null,"Ethan":null,"Jaime Bet Amount":null,"Jaime Win/Lose/Push":null,"Jaime":null,"Nathan Bet Amount":null,"Nathan Win/Lose/Push":null,"Nathan":null,"Evan Bet Amount":null,"Evan Win/Lose/Push":null,"Evan":null,"Brandon Bet Amount":null,"Brandon Win/Lose/Push":null,"Brandon":null,"Total Team Bet":null,"Legends Bet":null,"Leaders Bet":null,"To Win":null,"Payout":null,"TOTALS":null,"Mitch Totals":null,"Phil Totals":null,"Bryce Totals":null,"Cory Totals":null,"JB Totals":null,"Ethan Totals":null},{"Week":"46","Date":"09/15/2023","Mitch Bet Amount":null,"Mitch Win/Lose/Push":null,"Mitch":null,"Phil Bet Amount":null,"Phil Win/Lose/Push":null,"Phil":null,"Bryce Bet Amount":null,"Bryce Win/Lose/Push":null,"Bryce":null,"Cory Bet Amount":null,"Cory Win/Lose/Push":null,"Cory":null,"JB Bet Amount":null,"JB Win/Lose/Push":null,"JB":null,"Ethan Bet Amount":null,"Ethan Win/Lose/Push":null,"Ethan":null,"Jaime Bet Amount":null,"Jaime Win/Lose/Push":null,"Jaime":null,"Nathan Bet Amount":null,"Nathan Win/Lose/Push":null,"Nathan":null,"Evan Bet Amount":null,"Evan Win/Lose/Push":null,"Evan":null,"Brandon Bet Amount":null,"Brandon Win/Lose/Push":null,"Brandon":null,"Total Team Bet":null,"Legends Bet":null,"Leaders Bet":null,"To Win":null,"Payout":null,"TOTALS":null,"Mitch Totals":null,"Phil Totals":null,"Bryce Totals":null,"Cory Totals":null,"JB Totals":null,"Ethan Totals":null},{"Week":"47","Date":"09/22/2023","Mitch Bet Amount":null,"Mitch Win/Lose/Push":null,"Mitch":null,"Phil Bet Amount":null,"Phil Win/Lose/Push":null,"Phil":null,"Bryce Bet Amount":null,"Bryce Win/Lose/Push":null,"Bryce":null,"Cory Bet Amount":null,"Cory Win/Lose/Push":null,"Cory":null,"JB Bet Amount":null,"JB Win/Lose/Push":null,"JB":null,"Ethan Bet Amount":null,"Ethan Win/Lose/Push":null,"Ethan":null,"Jaime Bet Amount":null,"Jaime Win/Lose/Push":null,"Jaime":null,"Nathan Bet Amount":null,"Nathan Win/Lose/Push":null,"Nathan":null,"Evan Bet Amount":null,"Evan Win/Lose/Push":null,"Evan":null,"Brandon Bet Amount":null,"Brandon Win/Lose/Push":null,"Brandon":null,"Total Team Bet":null,"Legends Bet":null,"Leaders Bet":null,"To Win":null,"Payout":null,"TOTALS":null,"Mitch Totals":null,"Phil Totals":null,"Bryce Totals":null,"Cory Totals":null,"JB Totals":null,"Ethan Totals":null},{"Week":"48","Date":"09/29/2023","Mitch Bet Amount":null,"Mitch Win/Lose/Push":null,"Mitch":null,"Phil Bet Amount":null,"Phil Win/Lose/Push":null,"Phil":null,"Bryce Bet Amount":null,"Bryce Win/Lose/Push":null,"Bryce":null,"Cory Bet Amount":null,"Cory Win/Lose/Push":null,"Cory":null,"JB Bet Amount":null,"JB Win/Lose/Push":null,"JB":null,"Ethan Bet Amount":null,"Ethan Win/Lose/Push":null,"Ethan":null,"Jaime Bet Amount":null,"Jaime Win/Lose/Push":null,"Jaime":null,"Nathan Bet Amount":null,"Nathan Win/Lose/Push":null,"Nathan":null,"Evan Bet Amount":null,"Evan Win/Lose/Push":null,"Evan":null,"Brandon Bet Amount":null,"Brandon Win/Lose/Push":null,"Brandon":null,"Total Team Bet":null,"Legends Bet":null,"Leaders Bet":null,"To Win":null,"Payout":null,"TOTALS":null,"Mitch Totals":null,"Phil Totals":null,"Bryce Totals":null,"Cory Totals":null,"JB Totals":null,"Ethan Totals":null},{"Week":"49","Date":"10/06/2023","Mitch Bet Amount":null,"Mitch Win/Lose/Push":null,"Mitch":null,"Phil Bet Amount":null,"Phil Win/Lose/Push":null,"Phil":null,"Bryce Bet Amount":null,"Bryce Win/Lose/Push":null,"Bryce":null,"Cory Bet Amount":null,"Cory Win/Lose/Push":null,"Cory":null,"JB Bet Amount":null,"JB Win/Lose/Push":null,"JB":null,"Ethan Bet Amount":null,"Ethan Win/Lose/Push":null,"Ethan":null,"Jaime Bet Amount":null,"Jaime Win/Lose/Push":null,"Jaime":null,"Nathan Bet Amount":null,"Nathan Win/Lose/Push":null,"Nathan":null,"Evan Bet Amount":null,"Evan Win/Lose/Push":null,"Evan":null,"Brandon Bet Amount":null,"Brandon Win/Lose/Push":null,"Brandon":null,"Total Team Bet":null,"Legends Bet":null,"Leaders Bet":null,"To Win":null,"Payout":null,"TOTALS":null,"Mitch Totals":null,"Phil Totals":null,"Bryce Totals":null,"Cory Totals":null,"JB Totals":null,"Ethan Totals":null},{"Week":"50","Date":"10/13/2023","Mitch Bet Amount":null,"Mitch Win/Lose/Push":null,"Mitch":null,"Phil Bet Amount":null,"Phil Win/Lose/Push":null,"Phil":null,"Bryce Bet Amount":null,"Bryce Win/Lose/Push":null,"Bryce":null,"Cory Bet Amount":null,"Cory Win/Lose/Push":null,"Cory":null,"JB Bet Amount":null,"JB Win/Lose/Push":null,"JB":null,"Ethan Bet Amount":null,"Ethan Win/Lose/Push":null,"Ethan":null,"Jaime Bet Amount":null,"Jaime Win/Lose/Push":null,"Jaime":null,"Nathan Bet Amount":null,"Nathan Win/Lose/Push":null,"Nathan":null,"Evan Bet Amount":null,"Evan Win/Lose/Push":null,"Evan":null,"Brandon Bet Amount":null,"Brandon Win/Lose/Push":null,"Brandon":null,"Total Team Bet":null,"Legends Bet":null,"Leaders Bet":null,"To Win":null,"Payout":null,"TOTALS":null,"Mitch Totals":null,"Phil Totals":null,"Bryce Totals":null,"Cory Totals":null,"JB Totals":null,"Ethan Totals":null},{"Week":"51","Date":"10/20/2023","Mitch Bet Amount":null,"Mitch Win/Lose/Push":null,"Mitch":null,"Phil Bet Amount":null,"Phil Win/Lose/Push":null,"Phil":null,"Bryce Bet Amount":null,"Bryce Win/Lose/Push":null,"Bryce":null,"Cory Bet Amount":null,"Cory Win/Lose/Push":null,"Cory":null,"JB Bet Amount":null,"JB Win/Lose/Push":null,"JB":null,"Ethan Bet Amount":null,"Ethan Win/Lose/Push":null,"Ethan":null,"Jaime Bet Amount":null,"Jaime Win/Lose/Push":null,"Jaime":null,"Nathan Bet Amount":null,"Nathan Win/Lose/Push":null,"Nathan":null,"Evan Bet Amount":null,"Evan Win/Lose/Push":null,"Evan":null,"Brandon Bet Amount":null,"Brandon Win/Lose/Push":null,"Brandon":null,"Total Team Bet":null,"Legends Bet":null,"Leaders Bet":null,"To Win":null,"Payout":null,"TOTALS":null,"Mitch Totals":null,"Phil Totals":null,"Bryce Totals":null,"Cory Totals":null,"JB Totals":null,"Ethan Totals":null},{"Week":"52","Date":"10/27/2023","Mitch Bet Amount":null,"Mitch Win/Lose/Push":null,"Mitch":null,"Phil Bet Amount":null,"Phil Win/Lose/Push":null,"Phil":null,"Bryce Bet Amount":null,"Bryce Win/Lose/Push":null,"Bryce":null,"Cory Bet Amount":null,"Cory Win/Lose/Push":null,"Cory":null,"JB Bet Amount":null,"JB Win/Lose/Push":null,"JB":null,"Ethan Bet Amount":null,"Ethan Win/Lose/Push":null,"Ethan":null,"Jaime Bet Amount":null,"Jaime Win/Lose/Push":null,"Jaime":null,"Nathan Bet Amount":null,"Nathan Win/Lose/Push":null,"Nathan":null,"Evan Bet Amount":null,"Evan Win/Lose/Push":null,"Evan":null,"Brandon Bet Amount":null,"Brandon Win/Lose/Push":null,"Brandon":null,"Total Team Bet":null,"Legends Bet":null,"Leaders Bet":null,"To Win":null,"Payout":null,"TOTALS":null,"Mitch Totals":null,"Phil Totals":null,"Bryce Totals":null,"Cory Totals":null,"JB Totals":null,"Ethan Totals":null},{"Week":"53","Date":"11/03/2023","Mitch Bet Amount":null,"Mitch Win/Lose/Push":null,"Mitch":null,"Phil Bet Amount":null,"Phil Win/Lose/Push":null,"Phil":null,"Bryce Bet Amount":null,"Bryce Win/Lose/Push":null,"Bryce":null,"Cory Bet Amount":null,"Cory Win/Lose/Push":null,"Cory":null,"JB Bet Amount":null,"JB Win/Lose/Push":null,"JB":null,"Ethan Bet Amount":null,"Ethan Win/Lose/Push":null,"Ethan":null,"Jaime Bet Amount":null,"Jaime Win/Lose/Push":null,"Jaime":null,"Nathan Bet Amount":null,"Nathan Win/Lose/Push":null,"Nathan":null,"Evan Bet Amount":null,"Evan Win/Lose/Push":null,"Evan":null,"Brandon Bet Amount":null,"Brandon Win/Lose/Push":null,"Brandon":null,"Total Team Bet":null,"Legends Bet":null,"Leaders Bet":null,"To Win":null,"Payout":null,"TOTALS":null,"Mitch Totals":null,"Phil Totals":null,"Bryce Totals":null,"Cory Totals":null,"JB Totals":null,"Ethan Totals":null},{"Week":"54","Date":"11/10/2023","Mitch Bet Amount":null,"Mitch Win/Lose/Push":null,"Mitch":null,"Phil Bet Amount":null,"Phil Win/Lose/Push":null,"Phil":null,"Bryce Bet Amount":null,"Bryce Win/Lose/Push":null,"Bryce":null,"Cory Bet Amount":null,"Cory Win/Lose/Push":null,"Cory":null,"JB Bet Amount":null,"JB Win/Lose/Push":null,"JB":null,"Ethan Bet Amount":null,"Ethan Win/Lose/Push":null,"Ethan":null,"Jaime Bet Amount":null,"Jaime Win/Lose/Push":null,"Jaime":null,"Nathan Bet Amount":null,"Nathan Win/Lose/Push":null,"Nathan":null,"Evan Bet Amount":null,"Evan Win/Lose/Push":null,"Evan":null,"Brandon Bet Amount":null,"Brandon Win/Lose/Push":null,"Brandon":null,"Total Team Bet":null,"Legends Bet":null,"Leaders Bet":null,"To Win":null,"Payout":null,"TOTALS":null,"Mitch Totals":null,"Phil Totals":null,"Bryce Totals":null,"Cory Totals":null,"JB Totals":null,"Ethan Totals":null},{"Week":"55","Date":"11/17/2023","Mitch Bet Amount":null,"Mitch Win/Lose/Push":null,"Mitch":null,"Phil Bet Amount":null,"Phil Win/Lose/Push":null,"Phil":null,"Bryce Bet Amount":null,"Bryce Win/Lose/Push":null,"Bryce":null,"Cory Bet Amount":null,"Cory Win/Lose/Push":null,"Cory":null,"JB Bet Amount":null,"JB Win/Lose/Push":null,"JB":null,"Ethan Bet Amount":null,"Ethan Win/Lose/Push":null,"Ethan":null,"Jaime Bet Amount":null,"Jaime Win/Lose/Push":null,"Jaime":null,"Nathan Bet Amount":null,"Nathan Win/Lose/Push":null,"Nathan":null,"Evan Bet Amount":null,"Evan Win/Lose/Push":null,"Evan":null,"Brandon Bet Amount":null,"Brandon Win/Lose/Push":null,"Brandon":null,"Total Team Bet":null,"Legends Bet":null,"Leaders Bet":null,"To Win":null,"Payout":null,"TOTALS":null,"Mitch Totals":null,"Phil Totals":null,"Bryce Totals":null,"Cory Totals":null,"JB Totals":null,"Ethan Totals":null},{"Week":"56","Date":"11/24/2023","Mitch Bet Amount":null,"Mitch Win/Lose/Push":null,"Mitch":null,"Phil Bet Amount":null,"Phil Win/Lose/Push":null,"Phil":null,"Bryce Bet Amount":null,"Bryce Win/Lose/Push":null,"Bryce":null,"Cory Bet Amount":null,"Cory Win/Lose/Push":null,"Cory":null,"JB Bet Amount":null,"JB Win/Lose/Push":null,"JB":null,"Ethan Bet Amount":null,"Ethan Win/Lose/Push":null,"Ethan":null,"Jaime Bet Amount":null,"Jaime Win/Lose/Push":null,"Jaime":null,"Nathan Bet Amount":null,"Nathan Win/Lose/Push":null,"Nathan":null,"Evan Bet Amount":null,"Evan Win/Lose/Push":null,"Evan":null,"Brandon Bet Amount":null,"Brandon Win/Lose/Push":null,"Brandon":null,"Total Team Bet":null,"Legends Bet":null,"Leaders Bet":null,"To Win":null,"Payout":null,"TOTALS":null,"Mitch Totals":null,"Phil Totals":null,"Bryce Totals":null,"Cory Totals":null,"JB Totals":null,"Ethan Totals":null},{"Week":"57","Date":"12/01/2023","Mitch Bet Amount":null,"Mitch Win/Lose/Push":null,"Mitch":null,"Phil Bet Amount":null,"Phil Win/Lose/Push":null,"Phil":null,"Bryce Bet Amount":null,"Bryce Win/Lose/Push":null,"Bryce":null,"Cory Bet Amount":null,"Cory Win/Lose/Push":null,"Cory":null,"JB Bet Amount":null,"JB Win/Lose/Push":null,"JB":null,"Ethan Bet Amount":null,"Ethan Win/Lose/Push":null,"Ethan":null,"Jaime Bet Amount":null,"Jaime Win/Lose/Push":null,"Jaime":null,"Nathan Bet Amount":null,"Nathan Win/Lose/Push":null,"Nathan":null,"Evan Bet Amount":null,"Evan Win/Lose/Push":null,"Evan":null,"Brandon Bet Amount":null,"Brandon Win/Lose/Push":null,"Brandon":null,"Total Team Bet":null,"Legends Bet":null,"Leaders Bet":null,"To Win":null,"Payout":null,"TOTALS":null,"Mitch Totals":null,"Phil Totals":null,"Bryce Totals":null,"Cory Totals":null,"JB Totals":null,"Ethan Totals":null},{"Week":"58","Date":"12/08/2023","Mitch Bet Amount":null,"Mitch Win/Lose/Push":null,"Mitch":null,"Phil Bet Amount":null,"Phil Win/Lose/Push":null,"Phil":null,"Bryce Bet Amount":null,"Bryce Win/Lose/Push":null,"Bryce":null,"Cory Bet Amount":null,"Cory Win/Lose/Push":null,"Cory":null,"JB Bet Amount":null,"JB Win/Lose/Push":null,"JB":null,"Ethan Bet Amount":null,"Ethan Win/Lose/Push":null,"Ethan":null,"Jaime Bet Amount":null,"Jaime Win/Lose/Push":null,"Jaime":null,"Nathan Bet Amount":null,"Nathan Win/Lose/Push":null,"Nathan":null,"Evan Bet Amount":null,"Evan Win/Lose/Push":null,"Evan":null,"Brandon Bet Amount":null,"Brandon Win/Lose/Push":null,"Brandon":null,"Total Team Bet":null,"Legends Bet":null,"Leaders Bet":null,"To Win":null,"Payout":null,"TOTALS":null,"Mitch Totals":null,"Phil Totals":null,"Bryce Totals":null,"Cory Totals":null,"JB Totals":null,"Ethan Totals":null},{"Week":"59","Date":"12/15/2023","Mitch Bet Amount":null,"Mitch Win/Lose/Push":null,"Mitch":null,"Phil Bet Amount":null,"Phil Win/Lose/Push":null,"Phil":null,"Bryce Bet Amount":null,"Bryce Win/Lose/Push":null,"Bryce":null,"Cory Bet Amount":null,"Cory Win/Lose/Push":null,"Cory":null,"JB Bet Amount":null,"JB Win/Lose/Push":null,"JB":null,"Ethan Bet Amount":null,"Ethan Win/Lose/Push":null,"Ethan":null,"Jaime Bet Amount":null,"Jaime Win/Lose/Push":null,"Jaime":null,"Nathan Bet Amount":null,"Nathan Win/Lose/Push":null,"Nathan":null,"Evan Bet Amount":null,"Evan Win/Lose/Push":null,"Evan":null,"Brandon Bet Amount":null,"Brandon Win/Lose/Push":null,"Brandon":null,"Total Team Bet":null,"Legends Bet":null,"Leaders Bet":null,"To Win":null,"Payout":null,"TOTALS":null,"Mitch Totals":null,"Phil Totals":null,"Bryce Totals":null,"Cory Totals":null,"JB Totals":null,"Ethan Totals":null},{"Week":"60","Date":"12/22/2023","Mitch Bet Amount":null,"Mitch Win/Lose/Push":null,"Mitch":null,"Phil Bet Amount":null,"Phil Win/Lose/Push":null,"Phil":null,"Bryce Bet Amount":null,"Bryce Win/Lose/Push":null,"Bryce":null,"Cory Bet Amount":null,"Cory Win/Lose/Push":null,"Cory":null,"JB Bet Amount":null,"JB Win/Lose/Push":null,"JB":null,"Ethan Bet Amount":null,"Ethan Win/Lose/Push":null,"Ethan":null,"Jaime Bet Amount":null,"Jaime Win/Lose/Push":null,"Jaime":null,"Nathan Bet Amount":null,"Nathan Win/Lose/Push":null,"Nathan":null,"Evan Bet Amount":null,"Evan Win/Lose/Push":null,"Evan":null,"Brandon Bet Amount":null,"Brandon Win/Lose/Push":null,"Brandon":null,"Total Team Bet":null,"Legends Bet":null,"Leaders Bet":null,"To Win":null,"Payout":null,"TOTALS":null,"Mitch Totals":null,"Phil Totals":null,"Bryce Totals":null,"Cory Totals":null,"JB Totals":null,"Ethan Totals":null},{"Week":"61","Date":"12/29/2023","Mitch Bet Amount":null,"Mitch Win/Lose/Push":null,"Mitch":null,"Phil Bet Amount":null,"Phil Win/Lose/Push":null,"Phil":null,"Bryce Bet Amount":null,"Bryce Win/Lose/Push":null,"Bryce":null,"Cory Bet Amount":null,"Cory Win/Lose/Push":null,"Cory":null,"JB Bet Amount":null,"JB Win/Lose/Push":null,"JB":null,"Ethan Bet Amount":null,"Ethan Win/Lose/Push":null,"Ethan":null,"Jaime Bet Amount":null,"Jaime Win/Lose/Push":null,"Jaime":null,"Nathan Bet Amount":null,"Nathan Win/Lose/Push":null,"Nathan":null,"Evan Bet Amount":null,"Evan Win/Lose/Push":null,"Evan":null,"Brandon Bet Amount":null,"Brandon Win/Lose/Push":null,"Brandon":null,"Total Team Bet":null,"Legends Bet":null,"Leaders Bet":null,"To Win":null,"Payout":null,"TOTALS":null,"Mitch Totals":null,"Phil Totals":null,"Bryce Totals":null,"Cory Totals":null,"JB Totals":null,"Ethan Totals":null},{"Week":"62","Date":"01/05/2024","Mitch Bet Amount":null,"Mitch Win/Lose/Push":null,"Mitch":null,"Phil Bet Amount":null,"Phil Win/Lose/Push":null,"Phil":null,"Bryce Bet Amount":null,"Bryce Win/Lose/Push":null,"Bryce":null,"Cory Bet Amount":null,"Cory Win/Lose/Push":null,"Cory":null,"JB Bet Amount":null,"JB Win/Lose/Push":null,"JB":null,"Ethan Bet Amount":null,"Ethan Win/Lose/Push":null,"Ethan":null,"Jaime Bet Amount":null,"Jaime Win/Lose/Push":null,"Jaime":null,"Nathan Bet Amount":null,"Nathan Win/Lose/Push":null,"Nathan":null,"Evan Bet Amount":null,"Evan Win/Lose/Push":null,"Evan":null,"Brandon Bet Amount":null,"Brandon Win/Lose/Push":null,"Brandon":null,"Total Team Bet":null,"Legends Bet":null,"Leaders Bet":null,"To Win":null,"Payout":null,"TOTALS":null,"Mitch Totals":null,"Phil Totals":null,"Bryce Totals":null,"Cory Totals":null,"JB Totals":null,"Ethan Totals":null},{"Week":"63","Date":"01/12/2024","Mitch Bet Amount":null,"Mitch Win/Lose/Push":null,"Mitch":null,"Phil Bet Amount":null,"Phil Win/Lose/Push":null,"Phil":null,"Bryce Bet Amount":null,"Bryce Win/Lose/Push":null,"Bryce":null,"Cory Bet Amount":null,"Cory Win/Lose/Push":null,"Cory":null,"JB Bet Amount":null,"JB Win/Lose/Push":null,"JB":null,"Ethan Bet Amount":null,"Ethan Win/Lose/Push":null,"Ethan":null,"Jaime Bet Amount":null,"Jaime Win/Lose/Push":null,"Jaime":null,"Nathan Bet Amount":null,"Nathan Win/Lose/Push":null,"Nathan":null,"Evan Bet Amount":null,"Evan Win/Lose/Push":null,"Evan":null,"Brandon Bet Amount":null,"Brandon Win/Lose/Push":null,"Brandon":null,"Total Team Bet":null,"Legends Bet":null,"Leaders Bet":null,"To Win":null,"Payout":null,"TOTALS":null,"Mitch Totals":null,"Phil Totals":null,"Bryce Totals":null,"Cory Totals":null,"JB Totals":null,"Ethan Totals":null},{"Week":"64","Date":"01/19/2024","Mitch Bet Amount":null,"Mitch Win/Lose/Push":null,"Mitch":null,"Phil Bet Amount":null,"Phil Win/Lose/Push":null,"Phil":null,"Bryce Bet Amount":null,"Bryce Win/Lose/Push":null,"Bryce":null,"Cory Bet Amount":null,"Cory Win/Lose/Push":null,"Cory":null,"JB Bet Amount":null,"JB Win/Lose/Push":null,"JB":null,"Ethan Bet Amount":null,"Ethan Win/Lose/Push":null,"Ethan":null,"Jaime Bet Amount":null,"Jaime Win/Lose/Push":null,"Jaime":null,"Nathan Bet Amount":null,"Nathan Win/Lose/Push":null,"Nathan":null,"Evan Bet Amount":null,"Evan Win/Lose/Push":null,"Evan":null,"Brandon Bet Amount":null,"Brandon Win/Lose/Push":null,"Brandon":null,"Total Team Bet":null,"Legends Bet":null,"Leaders Bet":null,"To Win":null,"Payout":null,"TOTALS":null,"Mitch Totals":null,"Phil Totals":null,"Bryce Totals":null,"Cory Totals":null,"JB Totals":null,"Ethan Totals":null},{"Week":"65","Date":"01/26/2024","Mitch Bet Amount":null,"Mitch Win/Lose/Push":null,"Mitch":null,"Phil Bet Amount":null,"Phil Win/Lose/Push":null,"Phil":null,"Bryce Bet Amount":null,"Bryce Win/Lose/Push":null,"Bryce":null,"Cory Bet Amount":null,"Cory Win/Lose/Push":null,"Cory":null,"JB Bet Amount":null,"JB Win/Lose/Push":null,"JB":null,"Ethan Bet Amount":null,"Ethan Win/Lose/Push":null,"Ethan":null,"Jaime Bet Amount":null,"Jaime Win/Lose/Push":null,"Jaime":null,"Nathan Bet Amount":null,"Nathan Win/Lose/Push":null,"Nathan":null,"Evan Bet Amount":null,"Evan Win/Lose/Push":null,"Evan":null,"Brandon Bet Amount":null,"Brandon Win/Lose/Push":null,"Brandon":null,"Total Team Bet":null,"Legends Bet":null,"Leaders Bet":null,"To Win":null,"Payout":null,"TOTALS":null,"Mitch Totals":null,"Phil Totals":null,"Bryce Totals":null,"Cory Totals":null,"JB Totals":null,"Ethan Totals":null},{"Week":"66","Date":"02/02/2024","Mitch Bet Amount":null,"Mitch Win/Lose/Push":null,"Mitch":null,"Phil Bet Amount":null,"Phil Win/Lose/Push":null,"Phil":null,"Bryce Bet Amount":null,"Bryce Win/Lose/Push":null,"Bryce":null,"Cory Bet Amount":null,"Cory Win/Lose/Push":null,"Cory":null,"JB Bet Amount":null,"JB Win/Lose/Push":null,"JB":null,"Ethan Bet Amount":null,"Ethan Win/Lose/Push":null,"Ethan":null,"Jaime Bet Amount":null,"Jaime Win/Lose/Push":null,"Jaime":null,"Nathan Bet Amount":null,"Nathan Win/Lose/Push":null,"Nathan":null,"Evan Bet Amount":null,"Evan Win/Lose/Push":null,"Evan":null,"Brandon Bet Amount":null,"Brandon Win/Lose/Push":null,"Brandon":null,"Total Team Bet":null,"Legends Bet":null,"Leaders Bet":null,"To Win":null,"Payout":null,"TOTALS":null,"Mitch Totals":null,"Phil Totals":null,"Bryce Totals":null,"Cory Totals":null,"JB Totals":null,"Ethan Totals":null},{"Week":"67","Date":"02/09/2024","Mitch Bet Amount":null,"Mitch Win/Lose/Push":null,"Mitch":null,"Phil Bet Amount":null,"Phil Win/Lose/Push":null,"Phil":null,"Bryce Bet Amount":null,"Bryce Win/Lose/Push":null,"Bryce":null,"Cory Bet Amount":null,"Cory Win/Lose/Push":null,"Cory":null,"JB Bet Amount":null,"JB Win/Lose/Push":null,"JB":null,"Ethan Bet Amount":null,"Ethan Win/Lose/Push":null,"Ethan":null,"Jaime Bet Amount":null,"Jaime Win/Lose/Push":null,"Jaime":null,"Nathan Bet Amount":null,"Nathan Win/Lose/Push":null,"Nathan":null,"Evan Bet Amount":null,"Evan Win/Lose/Push":null,"Evan":null,"Brandon Bet Amount":null,"Brandon Win/Lose/Push":null,"Brandon":null,"Total Team Bet":null,"Legends Bet":null,"Leaders Bet":null,"To Win":null,"Payout":null,"TOTALS":null,"Mitch Totals":null,"Phil Totals":null,"Bryce Totals":null,"Cory Totals":null,"JB Totals":null,"Ethan Totals":null},{"Week":"68","Date":"02/16/2024","Mitch Bet Amount":null,"Mitch Win/Lose/Push":null,"Mitch":null,"Phil Bet Amount":null,"Phil Win/Lose/Push":null,"Phil":null,"Bryce Bet Amount":null,"Bryce Win/Lose/Push":null,"Bryce":null,"Cory Bet Amount":null,"Cory Win/Lose/Push":null,"Cory":null,"JB Bet Amount":null,"JB Win/Lose/Push":null,"JB":null,"Ethan Bet Amount":null,"Ethan Win/Lose/Push":null,"Ethan":null,"Jaime Bet Amount":null,"Jaime Win/Lose/Push":null,"Jaime":null,"Nathan Bet Amount":null,"Nathan Win/Lose/Push":null,"Nathan":null,"Evan Bet Amount":null,"Evan Win/Lose/Push":null,"Evan":null,"Brandon Bet Amount":null,"Brandon Win/Lose/Push":null,"Brandon":null,"Total Team Bet":null,"Legends Bet":null,"Leaders Bet":null,"To Win":null,"Payout":null,"TOTALS":null,"Mitch Totals":null,"Phil Totals":null,"Bryce Totals":null,"Cory Totals":null,"JB Totals":null,"Ethan Totals":null},{"Week":"69","Date":"02/23/2024","Mitch Bet Amount":null,"Mitch Win/Lose/Push":null,"Mitch":null,"Phil Bet Amount":null,"Phil Win/Lose/Push":null,"Phil":null,"Bryce Bet Amount":null,"Bryce Win/Lose/Push":null,"Bryce":null,"Cory Bet Amount":null,"Cory Win/Lose/Push":null,"Cory":null,"JB Bet Amount":null,"JB Win/Lose/Push":null,"JB":null,"Ethan Bet Amount":null,"Ethan Win/Lose/Push":null,"Ethan":null,"Jaime Bet Amount":null,"Jaime Win/Lose/Push":null,"Jaime":null,"Nathan Bet Amount":null,"Nathan Win/Lose/Push":null,"Nathan":null,"Evan Bet Amount":null,"Evan Win/Lose/Push":null,"Evan":null,"Brandon Bet Amount":null,"Brandon Win/Lose/Push":null,"Brandon":null,"Total Team Bet":null,"Legends Bet":null,"Leaders Bet":null,"To Win":null,"Payout":null,"TOTALS":null,"Mitch Totals":null,"Phil Totals":null,"Bryce Totals":null,"Cory Totals":null,"JB Totals":null,"Ethan Totals":null},{"Week":"70","Date":"03/01/2024","Mitch Bet Amount":null,"Mitch Win/Lose/Push":null,"Mitch":null,"Phil Bet Amount":null,"Phil Win/Lose/Push":null,"Phil":null,"Bryce Bet Amount":null,"Bryce Win/Lose/Push":null,"Bryce":null,"Cory Bet Amount":null,"Cory Win/Lose/Push":null,"Cory":null,"JB Bet Amount":null,"JB Win/Lose/Push":null,"JB":null,"Ethan Bet Amount":null,"Ethan Win/Lose/Push":null,"Ethan":null,"Jaime Bet Amount":null,"Jaime Win/Lose/Push":null,"Jaime":null,"Nathan Bet Amount":null,"Nathan Win/Lose/Push":null,"Nathan":null,"Evan Bet Amount":null,"Evan Win/Lose/Push":null,"Evan":null,"Brandon Bet Amount":null,"Brandon Win/Lose/Push":null,"Brandon":null,"Total Team Bet":null,"Legends Bet":null,"Leaders Bet":null,"To Win":null,"Payout":null,"TOTALS":null,"Mitch Totals":null,"Phil Totals":null,"Bryce Totals":null,"Cory Totals":null,"JB Totals":null,"Ethan Totals":null},{"Week":"71","Date":"03/08/2024","Mitch Bet Amount":null,"Mitch Win/Lose/Push":null,"Mitch":null,"Phil Bet Amount":null,"Phil Win/Lose/Push":null,"Phil":null,"Bryce Bet Amount":null,"Bryce Win/Lose/Push":null,"Bryce":null,"Cory Bet Amount":null,"Cory Win/Lose/Push":null,"Cory":null,"JB Bet Amount":null,"JB Win/Lose/Push":null,"JB":null,"Ethan Bet Amount":null,"Ethan Win/Lose/Push":null,"Ethan":null,"Jaime Bet Amount":null,"Jaime Win/Lose/Push":null,"Jaime":null,"Nathan Bet Amount":null,"Nathan Win/Lose/Push":null,"Nathan":null,"Evan Bet Amount":null,"Evan Win/Lose/Push":null,"Evan":null,"Brandon Bet Amount":null,"Brandon Win/Lose/Push":null,"Brandon":null,"Total Team Bet":null,"Legends Bet":null,"Leaders Bet":null,"To Win":null,"Payout":null,"TOTALS":null,"Mitch Totals":null,"Phil Totals":null,"Bryce Totals":null,"Cory Totals":null,"JB Totals":null,"Ethan Totals":null},{"Week":"72","Date":"03/15/2024","Mitch Bet Amount":null,"Mitch Win/Lose/Push":null,"Mitch":null,"Phil Bet Amount":null,"Phil Win/Lose/Push":null,"Phil":null,"Bryce Bet Amount":null,"Bryce Win/Lose/Push":null,"Bryce":null,"Cory Bet Amount":null,"Cory Win/Lose/Push":null,"Cory":null,"JB Bet Amount":null,"JB Win/Lose/Push":null,"JB":null,"Ethan Bet Amount":null,"Ethan Win/Lose/Push":null,"Ethan":null,"Jaime Bet Amount":null,"Jaime Win/Lose/Push":null,"Jaime":null,"Nathan Bet Amount":null,"Nathan Win/Lose/Push":null,"Nathan":null,"Evan Bet Amount":null,"Evan Win/Lose/Push":null,"Evan":null,"Brandon Bet Amount":null,"Brandon Win/Lose/Push":null,"Brandon":null,"Total Team Bet":null,"Legends Bet":null,"Leaders Bet":null,"To Win":null,"Payout":null,"TOTALS":null,"Mitch Totals":null,"Phil Totals":null,"Bryce Totals":null,"Cory Totals":null,"JB Totals":null,"Ethan Totals":null},{"Week":"73","Date":"03/22/2024","Mitch Bet Amount":null,"Mitch Win/Lose/Push":null,"Mitch":null,"Phil Bet Amount":null,"Phil Win/Lose/Push":null,"Phil":null,"Bryce Bet Amount":null,"Bryce Win/Lose/Push":null,"Bryce":null,"Cory Bet Amount":null,"Cory Win/Lose/Push":null,"Cory":null,"JB Bet Amount":null,"JB Win/Lose/Push":null,"JB":null,"Ethan Bet Amount":null,"Ethan Win/Lose/Push":null,"Ethan":null,"Jaime Bet Amount":null,"Jaime Win/Lose/Push":null,"Jaime":null,"Nathan Bet Amount":null,"Nathan Win/Lose/Push":null,"Nathan":null,"Evan Bet Amount":null,"Evan Win/Lose/Push":null,"Evan":null,"Brandon Bet Amount":null,"Brandon Win/Lose/Push":null,"Brandon":null,"Total Team Bet":null,"Legends Bet":null,"Leaders Bet":null,"To Win":null,"Payout":null,"TOTALS":null,"Mitch Totals":null,"Phil Totals":null,"Bryce Totals":null,"Cory Totals":null,"JB Totals":null,"Ethan Totals":null},{"Week":"74","Date":"03/29/2024","Mitch Bet Amount":null,"Mitch Win/Lose/Push":null,"Mitch":null,"Phil Bet Amount":null,"Phil Win/Lose/Push":null,"Phil":null,"Bryce Bet Amount":null,"Bryce Win/Lose/Push":null,"Bryce":null,"Cory Bet Amount":null,"Cory Win/Lose/Push":null,"Cory":null,"JB Bet Amount":null,"JB Win/Lose/Push":null,"JB":null,"Ethan Bet Amount":null,"Ethan Win/Lose/Push":null,"Ethan":null,"Jaime Bet Amount":null,"Jaime Win/Lose/Push":null,"Jaime":null,"Nathan Bet Amount":null,"Nathan Win/Lose/Push":null,"Nathan":null,"Evan Bet Amount":null,"Evan Win/Lose/Push":null,"Evan":null,"Brandon Bet Amount":null,"Brandon Win/Lose/Push":null,"Brandon":null,"Total Team Bet":null,"Legends Bet":null,"Leaders Bet":null,"To Win":null,"Payout":null,"TOTALS":null,"Mitch Totals":null,"Phil Totals":null,"Bryce Totals":null,"Cory Totals":null,"JB Totals":null,"Ethan Totals":null},{"Week":"75","Date":"04/05/2024","Mitch Bet Amount":null,"Mitch Win/Lose/Push":null,"Mitch":null,"Phil Bet Amount":null,"Phil Win/Lose/Push":null,"Phil":null,"Bryce Bet Amount":null,"Bryce Win/Lose/Push":null,"Bryce":null,"Cory Bet Amount":null,"Cory Win/Lose/Push":null,"Cory":null,"JB Bet Amount":null,"JB Win/Lose/Push":null,"JB":null,"Ethan Bet Amount":null,"Ethan Win/Lose/Push":null,"Ethan":null,"Jaime Bet Amount":null,"Jaime Win/Lose/Push":null,"Jaime":null,"Nathan Bet Amount":null,"Nathan Win/Lose/Push":null,"Nathan":null,"Evan Bet Amount":null,"Evan Win/Lose/Push":null,"Evan":null,"Brandon Bet Amount":null,"Brandon Win/Lose/Push":null,"Brandon":null,"Total Team Bet":null,"Legends Bet":null,"Leaders Bet":null,"To Win":null,"Payout":null,"TOTALS":null,"Mitch Totals":null,"Phil Totals":null,"Bryce Totals":null,"Cory Totals":null,"JB Totals":null,"Ethan Totals":null},{"Week":"76","Date":"04/12/2024","Mitch Bet Amount":null,"Mitch Win/Lose/Push":null,"Mitch":null,"Phil Bet Amount":null,"Phil Win/Lose/Push":null,"Phil":null,"Bryce Bet Amount":null,"Bryce Win/Lose/Push":null,"Bryce":null,"Cory Bet Amount":null,"Cory Win/Lose/Push":null,"Cory":null,"JB Bet Amount":null,"JB Win/Lose/Push":null,"JB":null,"Ethan Bet Amount":null,"Ethan Win/Lose/Push":null,"Ethan":null,"Jaime Bet Amount":null,"Jaime Win/Lose/Push":null,"Jaime":null,"Nathan Bet Amount":null,"Nathan Win/Lose/Push":null,"Nathan":null,"Evan Bet Amount":null,"Evan Win/Lose/Push":null,"Evan":null,"Brandon Bet Amount":null,"Brandon Win/Lose/Push":null,"Brandon":null,"Total Team Bet":null,"Legends Bet":null,"Leaders Bet":null,"To Win":null,"Payout":null,"TOTALS":null,"Mitch Totals":null,"Phil Totals":null,"Bryce Totals":null,"Cory Totals":null,"JB Totals":null,"Ethan Totals":null},{"Week":"77","Date":"04/19/2024","Mitch Bet Amount":null,"Mitch Win/Lose/Push":null,"Mitch":null,"Phil Bet Amount":null,"Phil Win/Lose/Push":null,"Phil":null,"Bryce Bet Amount":null,"Bryce Win/Lose/Push":null,"Bryce":null,"Cory Bet Amount":null,"Cory Win/Lose/Push":null,"Cory":null,"JB Bet Amount":null,"JB Win/Lose/Push":null,"JB":null,"Ethan Bet Amount":null,"Ethan Win/Lose/Push":null,"Ethan":null,"Jaime Bet Amount":null,"Jaime Win/Lose/Push":null,"Jaime":null,"Nathan Bet Amount":null,"Nathan Win/Lose/Push":null,"Nathan":null,"Evan Bet Amount":null,"Evan Win/Lose/Push":null,"Evan":null,"Brandon Bet Amount":null,"Brandon Win/Lose/Push":null,"Brandon":null,"Total Team Bet":null,"Legends Bet":null,"Leaders Bet":null,"To Win":null,"Payout":null,"TOTALS":null,"Mitch Totals":null,"Phil Totals":null,"Bryce Totals":null,"Cory Totals":null,"JB Totals":null,"Ethan Totals":null},{"Week":"78","Date":"04/26/2024","Mitch Bet Amount":null,"Mitch Win/Lose/Push":null,"Mitch":null,"Phil Bet Amount":null,"Phil Win/Lose/Push":null,"Phil":null,"Bryce Bet Amount":null,"Bryce Win/Lose/Push":null,"Bryce":null,"Cory Bet Amount":null,"Cory Win/Lose/Push":null,"Cory":null,"JB Bet Amount":null,"JB Win/Lose/Push":null,"JB":null,"Ethan Bet Amount":null,"Ethan Win/Lose/Push":null,"Ethan":null,"Jaime Bet Amount":null,"Jaime Win/Lose/Push":null,"Jaime":null,"Nathan Bet Amount":null,"Nathan Win/Lose/Push":null,"Nathan":null,"Evan Bet Amount":null,"Evan Win/Lose/Push":null,"Evan":null,"Brandon Bet Amount":null,"Brandon Win/Lose/Push":null,"Brandon":null,"Total Team Bet":null,"Legends Bet":null,"Leaders Bet":null,"To Win":null,"Payout":null,"TOTALS":null,"Mitch Totals":null,"Phil Totals":null,"Bryce Totals":null,"Cory Totals":null,"JB Totals":null,"Ethan Totals":null},{"Week":"79","Date":"05/03/2024","Mitch Bet Amount":null,"Mitch Win/Lose/Push":null,"Mitch":null,"Phil Bet Amount":null,"Phil Win/Lose/Push":null,"Phil":null,"Bryce Bet Amount":null,"Bryce Win/Lose/Push":null,"Bryce":null,"Cory Bet Amount":null,"Cory Win/Lose/Push":null,"Cory":null,"JB Bet Amount":null,"JB Win/Lose/Push":null,"JB":null,"Ethan Bet Amount":null,"Ethan Win/Lose/Push":null,"Ethan":null,"Jaime Bet Amount":null,"Jaime Win/Lose/Push":null,"Jaime":null,"Nathan Bet Amount":null,"Nathan Win/Lose/Push":null,"Nathan":null,"Evan Bet Amount":null,"Evan Win/Lose/Push":null,"Evan":null,"Brandon Bet Amount":null,"Brandon Win/Lose/Push":null,"Brandon":null,"Total Team Bet":null,"Legends Bet":null,"Leaders Bet":null,"To Win":null,"Payout":null,"TOTALS":null,"Mitch Totals":null,"Phil Totals":null,"Bryce Totals":null,"Cory Totals":null,"JB Totals":null,"Ethan Totals":null},{"Week":"80","Date":"05/10/2024","Mitch Bet Amount":null,"Mitch Win/Lose/Push":null,"Mitch":null,"Phil Bet Amount":null,"Phil Win/Lose/Push":null,"Phil":null,"Bryce Bet Amount":null,"Bryce Win/Lose/Push":null,"Bryce":null,"Cory Bet Amount":null,"Cory Win/Lose/Push":null,"Cory":null,"JB Bet Amount":null,"JB Win/Lose/Push":null,"JB":null,"Ethan Bet Amount":null,"Ethan Win/Lose/Push":null,"Ethan":null,"Jaime Bet Amount":null,"Jaime Win/Lose/Push":null,"Jaime":null,"Nathan Bet Amount":null,"Nathan Win/Lose/Push":null,"Nathan":null,"Evan Bet Amount":null,"Evan Win/Lose/Push":null,"Evan":null,"Brandon Bet Amount":null,"Brandon Win/Lose/Push":null,"Brandon":null,"Total Team Bet":null,"Legends Bet":null,"Leaders Bet":null,"To Win":null,"Payout":null,"TOTALS":null,"Mitch Totals":null,"Phil Totals":null,"Bryce Totals":null,"Cory Totals":null,"JB Totals":null,"Ethan Totals":null},{"Week":"81","Date":"05/17/2024","Mitch Bet Amount":null,"Mitch Win/Lose/Push":null,"Mitch":null,"Phil Bet Amount":null,"Phil Win/Lose/Push":null,"Phil":null,"Bryce Bet Amount":null,"Bryce Win/Lose/Push":null,"Bryce":null,"Cory Bet Amount":null,"Cory Win/Lose/Push":null,"Cory":null,"JB Bet Amount":null,"JB Win/Lose/Push":null,"JB":null,"Ethan Bet Amount":null,"Ethan Win/Lose/Push":null,"Ethan":null,"Jaime Bet Amount":null,"Jaime Win/Lose/Push":null,"Jaime":null,"Nathan Bet Amount":null,"Nathan Win/Lose/Push":null,"Nathan":null,"Evan Bet Amount":null,"Evan Win/Lose/Push":null,"Evan":null,"Brandon Bet Amount":null,"Brandon Win/Lose/Push":null,"Brandon":null,"Total Team Bet":null,"Legends Bet":null,"Leaders Bet":null,"To Win":null,"Payout":null,"TOTALS":null,"Mitch Totals":null,"Phil Totals":null,"Bryce Totals":null,"Cory Totals":null,"JB Totals":null,"Ethan Totals":null},{"Week":"82","Date":"05/24/2024","Mitch Bet Amount":null,"Mitch Win/Lose/Push":null,"Mitch":null,"Phil Bet Amount":null,"Phil Win/Lose/Push":null,"Phil":null,"Bryce Bet Amount":null,"Bryce Win/Lose/Push":null,"Bryce":null,"Cory Bet Amount":null,"Cory Win/Lose/Push":null,"Cory":null,"JB Bet Amount":null,"JB Win/Lose/Push":null,"JB":null,"Ethan Bet Amount":null,"Ethan Win/Lose/Push":null,"Ethan":null,"Jaime Bet Amount":null,"Jaime Win/Lose/Push":null,"Jaime":null,"Nathan Bet Amount":null,"Nathan Win/Lose/Push":null,"Nathan":null,"Evan Bet Amount":null,"Evan Win/Lose/Push":null,"Evan":null,"Brandon Bet Amount":null,"Brandon Win/Lose/Push":null,"Brandon":null,"Total Team Bet":null,"Legends Bet":null,"Leaders Bet":null,"To Win":null,"Payout":null,"TOTALS":null,"Mitch Totals":null,"Phil Totals":null,"Bryce Totals":null,"Cory Totals":null,"JB Totals":null,"Ethan Totals":null},{"Week":"83","Date":"05/31/2024","Mitch Bet Amount":null,"Mitch Win/Lose/Push":null,"Mitch":null,"Phil Bet Amount":null,"Phil Win/Lose/Push":null,"Phil":null,"Bryce Bet Amount":null,"Bryce Win/Lose/Push":null,"Bryce":null,"Cory Bet Amount":null,"Cory Win/Lose/Push":null,"Cory":null,"JB Bet Amount":null,"JB Win/Lose/Push":null,"JB":null,"Ethan Bet Amount":null,"Ethan Win/Lose/Push":null,"Ethan":null,"Jaime Bet Amount":null,"Jaime Win/Lose/Push":null,"Jaime":null,"Nathan Bet Amount":null,"Nathan Win/Lose/Push":null,"Nathan":null,"Evan Bet Amount":null,"Evan Win/Lose/Push":null,"Evan":null,"Brandon Bet Amount":null,"Brandon Win/Lose/Push":null,"Brandon":null,"Total Team Bet":null,"Legends Bet":null,"Leaders Bet":null,"To Win":null,"Payout":null,"TOTALS":null,"Mitch Totals":null,"Phil Totals":null,"Bryce Totals":null,"Cory Totals":null,"JB Totals":null,"Ethan Totals":null},{"Week":"84","Date":"06/07/2024","Mitch Bet Amount":null,"Mitch Win/Lose/Push":null,"Mitch":null,"Phil Bet Amount":null,"Phil Win/Lose/Push":null,"Phil":null,"Bryce Bet Amount":null,"Bryce Win/Lose/Push":null,"Bryce":null,"Cory Bet Amount":null,"Cory Win/Lose/Push":null,"Cory":null,"JB Bet Amount":null,"JB Win/Lose/Push":null,"JB":null,"Ethan Bet Amount":null,"Ethan Win/Lose/Push":null,"Ethan":null,"Jaime Bet Amount":null,"Jaime Win/Lose/Push":null,"Jaime":null,"Nathan Bet Amount":null,"Nathan Win/Lose/Push":null,"Nathan":null,"Evan Bet Amount":null,"Evan Win/Lose/Push":null,"Evan":null,"Brandon Bet Amount":null,"Brandon Win/Lose/Push":null,"Brandon":null,"Total Team Bet":null,"Legends Bet":null,"Leaders Bet":null,"To Win":null,"Payout":null,"TOTALS":null,"Mitch Totals":null,"Phil Totals":null,"Bryce Totals":null,"Cory Totals":null,"JB Totals":null,"Ethan Totals":null},{"Week":"85","Date":"06/14/2024","Mitch Bet Amount":null,"Mitch Win/Lose/Push":null,"Mitch":null,"Phil Bet Amount":null,"Phil Win/Lose/Push":null,"Phil":null,"Bryce Bet Amount":null,"Bryce Win/Lose/Push":null,"Bryce":null,"Cory Bet Amount":null,"Cory Win/Lose/Push":null,"Cory":null,"JB Bet Amount":null,"JB Win/Lose/Push":null,"JB":null,"Ethan Bet Amount":null,"Ethan Win/Lose/Push":null,"Ethan":null,"Jaime Bet Amount":null,"Jaime Win/Lose/Push":null,"Jaime":null,"Nathan Bet Amount":null,"Nathan Win/Lose/Push":null,"Nathan":null,"Evan Bet Amount":null,"Evan Win/Lose/Push":null,"Evan":null,"Brandon Bet Amount":null,"Brandon Win/Lose/Push":null,"Brandon":null,"Total Team Bet":null,"Legends Bet":null,"Leaders Bet":null,"To Win":null,"Payout":null,"TOTALS":null,"Mitch Totals":null,"Phil Totals":null,"Bryce Totals":null,"Cory Totals":null,"JB Totals":null,"Ethan Totals":null},{"Week":"86","Date":"06/21/2024","Mitch Bet Amount":null,"Mitch Win/Lose/Push":null,"Mitch":null,"Phil Bet Amount":null,"Phil Win/Lose/Push":null,"Phil":null,"Bryce Bet Amount":null,"Bryce Win/Lose/Push":null,"Bryce":null,"Cory Bet Amount":null,"Cory Win/Lose/Push":null,"Cory":null,"JB Bet Amount":null,"JB Win/Lose/Push":null,"JB":null,"Ethan Bet Amount":null,"Ethan Win/Lose/Push":null,"Ethan":null,"Jaime Bet Amount":null,"Jaime Win/Lose/Push":null,"Jaime":null,"Nathan Bet Amount":null,"Nathan Win/Lose/Push":null,"Nathan":null,"Evan Bet Amount":null,"Evan Win/Lose/Push":null,"Evan":null,"Brandon Bet Amount":null,"Brandon Win/Lose/Push":null,"Brandon":null,"Total Team Bet":null,"Legends Bet":null,"Leaders Bet":null,"To Win":null,"Payout":null,"TOTALS":null,"Mitch Totals":null,"Phil Totals":null,"Bryce Totals":null,"Cory Totals":null,"JB Totals":null,"Ethan Totals":null},{"Week":"87","Date":"06/28/2024","Mitch Bet Amount":null,"Mitch Win/Lose/Push":null,"Mitch":null,"Phil Bet Amount":null,"Phil Win/Lose/Push":null,"Phil":null,"Bryce Bet Amount":null,"Bryce Win/Lose/Push":null,"Bryce":null,"Cory Bet Amount":null,"Cory Win/Lose/Push":null,"Cory":null,"JB Bet Amount":null,"JB Win/Lose/Push":null,"JB":null,"Ethan Bet Amount":null,"Ethan Win/Lose/Push":null,"Ethan":null,"Jaime Bet Amount":null,"Jaime Win/Lose/Push":null,"Jaime":null,"Nathan Bet Amount":null,"Nathan Win/Lose/Push":null,"Nathan":null,"Evan Bet Amount":null,"Evan Win/Lose/Push":null,"Evan":null,"Brandon Bet Amount":null,"Brandon Win/Lose/Push":null,"Brandon":null,"Total Team Bet":null,"Legends Bet":null,"Leaders Bet":null,"To Win":null,"Payout":null,"TOTALS":null,"Mitch Totals":null,"Phil Totals":null,"Bryce Totals":null,"Cory Totals":null,"JB Totals":null,"Ethan Totals":null},{"Week":"88","Date":"07/05/2024","Mitch Bet Amount":null,"Mitch Win/Lose/Push":null,"Mitch":null,"Phil Bet Amount":null,"Phil Win/Lose/Push":null,"Phil":null,"Bryce Bet Amount":null,"Bryce Win/Lose/Push":null,"Bryce":null,"Cory Bet Amount":null,"Cory Win/Lose/Push":null,"Cory":null,"JB Bet Amount":null,"JB Win/Lose/Push":null,"JB":null,"Ethan Bet Amount":null,"Ethan Win/Lose/Push":null,"Ethan":null,"Jaime Bet Amount":null,"Jaime Win/Lose/Push":null,"Jaime":null,"Nathan Bet Amount":null,"Nathan Win/Lose/Push":null,"Nathan":null,"Evan Bet Amount":null,"Evan Win/Lose/Push":null,"Evan":null,"Brandon Bet Amount":null,"Brandon Win/Lose/Push":null,"Brandon":null,"Total Team Bet":null,"Legends Bet":null,"Leaders Bet":null,"To Win":null,"Payout":null,"TOTALS":null,"Mitch Totals":null,"Phil Totals":null,"Bryce Totals":null,"Cory Totals":null,"JB Totals":null,"Ethan Totals":null},{"Week":"89","Date":"07/12/2024","Mitch Bet Amount":null,"Mitch Win/Lose/Push":null,"Mitch":null,"Phil Bet Amount":null,"Phil Win/Lose/Push":null,"Phil":null,"Bryce Bet Amount":null,"Bryce Win/Lose/Push":null,"Bryce":null,"Cory Bet Amount":null,"Cory Win/Lose/Push":null,"Cory":null,"JB Bet Amount":null,"JB Win/Lose/Push":null,"JB":null,"Ethan Bet Amount":null,"Ethan Win/Lose/Push":null,"Ethan":null,"Jaime Bet Amount":null,"Jaime Win/Lose/Push":null,"Jaime":null,"Nathan Bet Amount":null,"Nathan Win/Lose/Push":null,"Nathan":null,"Evan Bet Amount":null,"Evan Win/Lose/Push":null,"Evan":null,"Brandon Bet Amount":null,"Brandon Win/Lose/Push":null,"Brandon":null,"Total Team Bet":null,"Legends Bet":null,"Leaders Bet":null,"To Win":null,"Payout":null,"TOTALS":null,"Mitch Totals":null,"Phil Totals":null,"Bryce Totals":null,"Cory Totals":null,"JB Totals":null,"Ethan Totals":null},{"Week":"90","Date":"07/19/2024","Mitch Bet Amount":null,"Mitch Win/Lose/Push":null,"Mitch":null,"Phil Bet Amount":null,"Phil Win/Lose/Push":null,"Phil":null,"Bryce Bet Amount":null,"Bryce Win/Lose/Push":null,"Bryce":null,"Cory Bet Amount":null,"Cory Win/Lose/Push":null,"Cory":null,"JB Bet Amount":null,"JB Win/Lose/Push":null,"JB":null,"Ethan Bet Amount":null,"Ethan Win/Lose/Push":null,"Ethan":null,"Jaime Bet Amount":null,"Jaime Win/Lose/Push":null,"Jaime":null,"Nathan Bet Amount":null,"Nathan Win/Lose/Push":null,"Nathan":null,"Evan Bet Amount":null,"Evan Win/Lose/Push":null,"Evan":null,"Brandon Bet Amount":null,"Brandon Win/Lose/Push":null,"Brandon":null,"Total Team Bet":null,"Legends Bet":null,"Leaders Bet":null,"To Win":null,"Payout":null,"TOTALS":null,"Mitch Totals":null,"Phil Totals":null,"Bryce Totals":null,"Cory Totals":null,"JB Totals":null,"Ethan Totals":null},{"Week":"91","Date":"07/26/2024","Mitch Bet Amount":null,"Mitch Win/Lose/Push":null,"Mitch":null,"Phil Bet Amount":null,"Phil Win/Lose/Push":null,"Phil":null,"Bryce Bet Amount":null,"Bryce Win/Lose/Push":null,"Bryce":null,"Cory Bet Amount":null,"Cory Win/Lose/Push":null,"Cory":null,"JB Bet Amount":null,"JB Win/Lose/Push":null,"JB":null,"Ethan Bet Amount":null,"Ethan Win/Lose/Push":null,"Ethan":null,"Jaime Bet Amount":null,"Jaime Win/Lose/Push":null,"Jaime":null,"Nathan Bet Amount":null,"Nathan Win/Lose/Push":null,"Nathan":null,"Evan Bet Amount":null,"Evan Win/Lose/Push":null,"Evan":null,"Brandon Bet Amount":null,"Brandon Win/Lose/Push":null,"Brandon":null,"Total Team Bet":null,"Legends Bet":null,"Leaders Bet":null,"To Win":null,"Payout":null,"TOTALS":null,"Mitch Totals":null,"Phil Totals":null,"Bryce Totals":null,"Cory Totals":null,"JB Totals":null,"Ethan Totals":null},{"Week":"92","Date":"08/02/2024","Mitch Bet Amount":null,"Mitch Win/Lose/Push":null,"Mitch":null,"Phil Bet Amount":null,"Phil Win/Lose/Push":null,"Phil":null,"Bryce Bet Amount":null,"Bryce Win/Lose/Push":null,"Bryce":null,"Cory Bet Amount":null,"Cory Win/Lose/Push":null,"Cory":null,"JB Bet Amount":null,"JB Win/Lose/Push":null,"JB":null,"Ethan Bet Amount":null,"Ethan Win/Lose/Push":null,"Ethan":null,"Jaime Bet Amount":null,"Jaime Win/Lose/Push":null,"Jaime":null,"Nathan Bet Amount":null,"Nathan Win/Lose/Push":null,"Nathan":null,"Evan Bet Amount":null,"Evan Win/Lose/Push":null,"Evan":null,"Brandon Bet Amount":null,"Brandon Win/Lose/Push":null,"Brandon":null,"Total Team Bet":null,"Legends Bet":null,"Leaders Bet":null,"To Win":null,"Payout":null,"TOTALS":null,"Mitch Totals":null,"Phil Totals":null,"Bryce Totals":null,"Cory Totals":null,"JB Totals":null,"Ethan Totals":null},{"Week":"93","Date":"08/09/2024","Mitch Bet Amount":null,"Mitch Win/Lose/Push":null,"Mitch":null,"Phil Bet Amount":null,"Phil Win/Lose/Push":null,"Phil":null,"Bryce Bet Amount":null,"Bryce Win/Lose/Push":null,"Bryce":null,"Cory Bet Amount":null,"Cory Win/Lose/Push":null,"Cory":null,"JB Bet Amount":null,"JB Win/Lose/Push":null,"JB":null,"Ethan Bet Amount":null,"Ethan Win/Lose/Push":null,"Ethan":null,"Jaime Bet Amount":null,"Jaime Win/Lose/Push":null,"Jaime":null,"Nathan Bet Amount":null,"Nathan Win/Lose/Push":null,"Nathan":null,"Evan Bet Amount":null,"Evan Win/Lose/Push":null,"Evan":null,"Brandon Bet Amount":null,"Brandon Win/Lose/Push":null,"Brandon":null,"Total Team Bet":null,"Legends Bet":null,"Leaders Bet":null,"To Win":null,"Payout":null,"TOTALS":null,"Mitch Totals":null,"Phil Totals":null,"Bryce Totals":null,"Cory Totals":null,"JB Totals":null,"Ethan Totals":null},{"Week":"94","Date":"08/16/2024","Mitch Bet Amount":null,"Mitch Win/Lose/Push":null,"Mitch":null,"Phil Bet Amount":null,"Phil Win/Lose/Push":null,"Phil":null,"Bryce Bet Amount":null,"Bryce Win/Lose/Push":null,"Bryce":null,"Cory Bet Amount":null,"Cory Win/Lose/Push":null,"Cory":null,"JB Bet Amount":null,"JB Win/Lose/Push":null,"JB":null,"Ethan Bet Amount":null,"Ethan Win/Lose/Push":null,"Ethan":null,"Jaime Bet Amount":null,"Jaime Win/Lose/Push":null,"Jaime":null,"Nathan Bet Amount":null,"Nathan Win/Lose/Push":null,"Nathan":null,"Evan Bet Amount":null,"Evan Win/Lose/Push":null,"Evan":null,"Brandon Bet Amount":null,"Brandon Win/Lose/Push":null,"Brandon":null,"Total Team Bet":null,"Legends Bet":null,"Leaders Bet":null,"To Win":null,"Payout":null,"TOTALS":null,"Mitch Totals":null,"Phil Totals":null,"Bryce Totals":null,"Cory Totals":null,"JB Totals":null,"Ethan Totals":null},{"Week":"95","Date":"08/23/2024","Mitch Bet Amount":null,"Mitch Win/Lose/Push":null,"Mitch":null,"Phil Bet Amount":null,"Phil Win/Lose/Push":null,"Phil":null,"Bryce Bet Amount":null,"Bryce Win/Lose/Push":null,"Bryce":null,"Cory Bet Amount":null,"Cory Win/Lose/Push":null,"Cory":null,"JB Bet Amount":null,"JB Win/Lose/Push":null,"JB":null,"Ethan Bet Amount":null,"Ethan Win/Lose/Push":null,"Ethan":null,"Jaime Bet Amount":null,"Jaime Win/Lose/Push":null,"Jaime":null,"Nathan Bet Amount":null,"Nathan Win/Lose/Push":null,"Nathan":null,"Evan Bet Amount":null,"Evan Win/Lose/Push":null,"Evan":null,"Brandon Bet Amount":null,"Brandon Win/Lose/Push":null,"Brandon":null,"Total Team Bet":null,"Legends Bet":null,"Leaders Bet":null,"To Win":null,"Payout":null,"TOTALS":null,"Mitch Totals":null,"Phil Totals":null,"Bryce Totals":null,"Cory Totals":null,"JB Totals":null,"Ethan Totals":null},{"Week":"96","Date":"08/30/2024","Mitch Bet Amount":null,"Mitch Win/Lose/Push":null,"Mitch":null,"Phil Bet Amount":null,"Phil Win/Lose/Push":null,"Phil":null,"Bryce Bet Amount":null,"Bryce Win/Lose/Push":null,"Bryce":null,"Cory Bet Amount":null,"Cory Win/Lose/Push":null,"Cory":null,"JB Bet Amount":null,"JB Win/Lose/Push":null,"JB":null,"Ethan Bet Amount":null,"Ethan Win/Lose/Push":null,"Ethan":null,"Jaime Bet Amount":null,"Jaime Win/Lose/Push":null,"Jaime":null,"Nathan Bet Amount":null,"Nathan Win/Lose/Push":null,"Nathan":null,"Evan Bet Amount":null,"Evan Win/Lose/Push":null,"Evan":null,"Brandon Bet Amount":null,"Brandon Win/Lose/Push":null,"Brandon":null,"Total Team Bet":null,"Legends Bet":null,"Leaders Bet":null,"To Win":null,"Payout":null,"TOTALS":null,"Mitch Totals":null,"Phil Totals":null,"Bryce Totals":null,"Cory Totals":null,"JB Totals":null,"Ethan Totals":null},{"Week":"97","Date":"09/06/2024","Mitch Bet Amount":null,"Mitch Win/Lose/Push":null,"Mitch":null,"Phil Bet Amount":null,"Phil Win/Lose/Push":null,"Phil":null,"Bryce Bet Amount":null,"Bryce Win/Lose/Push":null,"Bryce":null,"Cory Bet Amount":null,"Cory Win/Lose/Push":null,"Cory":null,"JB Bet Amount":null,"JB Win/Lose/Push":null,"JB":null,"Ethan Bet Amount":null,"Ethan Win/Lose/Push":null,"Ethan":null,"Jaime Bet Amount":null,"Jaime Win/Lose/Push":null,"Jaime":null,"Nathan Bet Amount":null,"Nathan Win/Lose/Push":null,"Nathan":null,"Evan Bet Amount":null,"Evan Win/Lose/Push":null,"Evan":null,"Brandon Bet Amount":null,"Brandon Win/Lose/Push":null,"Brandon":null,"Total Team Bet":null,"Legends Bet":null,"Leaders Bet":null,"To Win":null,"Payout":null,"TOTALS":null,"Mitch Totals":null,"Phil Totals":null,"Bryce Totals":null,"Cory Totals":null,"JB Totals":null,"Ethan Totals":null},{"Week":"98","Date":"09/13/2024","Mitch Bet Amount":null,"Mitch Win/Lose/Push":null,"Mitch":null,"Phil Bet Amount":null,"Phil Win/Lose/Push":null,"Phil":null,"Bryce Bet Amount":null,"Bryce Win/Lose/Push":null,"Bryce":null,"Cory Bet Amount":null,"Cory Win/Lose/Push":null,"Cory":null,"JB Bet Amount":null,"JB Win/Lose/Push":null,"JB":null,"Ethan Bet Amount":null,"Ethan Win/Lose/Push":null,"Ethan":null,"Jaime Bet Amount":null,"Jaime Win/Lose/Push":null,"Jaime":null,"Nathan Bet Amount":null,"Nathan Win/Lose/Push":null,"Nathan":null,"Evan Bet Amount":null,"Evan Win/Lose/Push":null,"Evan":null,"Brandon Bet Amount":null,"Brandon Win/Lose/Push":null,"Brandon":null,"Total Team Bet":null,"Legends Bet":null,"Leaders Bet":null,"To Win":null,"Payout":null,"TOTALS":null,"Mitch Totals":null,"Phil Totals":null,"Bryce Totals":null,"Cory Totals":null,"JB Totals":null,"Ethan Totals":null},{"Week":"99","Date":"09/20/2024","Mitch Bet Amount":null,"Mitch Win/Lose/Push":null,"Mitch":null,"Phil Bet Amount":null,"Phil Win/Lose/Push":null,"Phil":null,"Bryce Bet Amount":null,"Bryce Win/Lose/Push":null,"Bryce":null,"Cory Bet Amount":null,"Cory Win/Lose/Push":null,"Cory":null,"JB Bet Amount":null,"JB Win/Lose/Push":null,"JB":null,"Ethan Bet Amount":null,"Ethan Win/Lose/Push":null,"Ethan":null,"Jaime Bet Amount":null,"Jaime Win/Lose/Push":null,"Jaime":null,"Nathan Bet Amount":null,"Nathan Win/Lose/Push":null,"Nathan":null,"Evan Bet Amount":null,"Evan Win/Lose/Push":null,"Evan":null,"Brandon Bet Amount":null,"Brandon Win/Lose/Push":null,"Brandon":null,"Total Team Bet":null,"Legends Bet":null,"Leaders Bet":null,"To Win":null,"Payout":null,"TOTALS":null,"Mitch Totals":null,"Phil Totals":null,"Bryce Totals":null,"Cory Totals":null,"JB Totals":null,"Ethan Totals":null},{"Week":"100","Date":"09/27/2024","Mitch Bet Amount":null,"Mitch Win/Lose/Push":null,"Mitch":null,"Phil Bet Amount":null,"Phil Win/Lose/Push":null,"Phil":null,"Bryce Bet Amount":null,"Bryce Win/Lose/Push":null,"Bryce":null,"Cory Bet Amount":null,"Cory Win/Lose/Push":null,"Cory":null,"JB Bet Amount":null,"JB Win/Lose/Push":null,"JB":null,"Ethan Bet Amount":null,"Ethan Win/Lose/Push":null,"Ethan":null,"Jaime Bet Amount":null,"Jaime Win/Lose/Push":null,"Jaime":null,"Nathan Bet Amount":null,"Nathan Win/Lose/Push":null,"Nathan":null,"Evan Bet Amount":null,"Evan Win/Lose/Push":null,"Evan":null,"Brandon Bet Amount":null,"Brandon Win/Lose/Push":null,"Brandon":null,"Total Team Bet":null,"Legends Bet":null,"Leaders Bet":null,"To Win":null,"Payout":null,"TOTALS":null,"Mitch Totals":null,"Phil Totals":null,"Bryce Totals":null,"Cory Totals":null,"JB Totals":null,"Ethan Totals":null},{"Week":"101","Date":"10/04/2024","Mitch Bet Amount":null,"Mitch Win/Lose/Push":null,"Mitch":null,"Phil Bet Amount":null,"Phil Win/Lose/Push":null,"Phil":null,"Bryce Bet Amount":null,"Bryce Win/Lose/Push":null,"Bryce":null,"Cory Bet Amount":null,"Cory Win/Lose/Push":null,"Cory":null,"JB Bet Amount":null,"JB Win/Lose/Push":null,"JB":null,"Ethan Bet Amount":null,"Ethan Win/Lose/Push":null,"Ethan":null,"Jaime Bet Amount":null,"Jaime Win/Lose/Push":null,"Jaime":null,"Nathan Bet Amount":null,"Nathan Win/Lose/Push":null,"Nathan":null,"Evan Bet Amount":null,"Evan Win/Lose/Push":null,"Evan":null,"Brandon Bet Amount":null,"Brandon Win/Lose/Push":null,"Brandon":null,"Total Team Bet":null,"Legends Bet":null,"Leaders Bet":null,"To Win":null,"Payout":null,"TOTALS":null,"Mitch Totals":null,"Phil Totals":null,"Bryce Totals":null,"Cory Totals":null,"JB Totals":null,"Ethan Totals":null},{"Week":"102","Date":"10/11/2024","Mitch Bet Amount":null,"Mitch Win/Lose/Push":null,"Mitch":null,"Phil Bet Amount":null,"Phil Win/Lose/Push":null,"Phil":null,"Bryce Bet Amount":null,"Bryce Win/Lose/Push":null,"Bryce":null,"Cory Bet Amount":null,"Cory Win/Lose/Push":null,"Cory":null,"JB Bet Amount":null,"JB Win/Lose/Push":null,"JB":null,"Ethan Bet Amount":null,"Ethan Win/Lose/Push":null,"Ethan":null,"Jaime Bet Amount":null,"Jaime Win/Lose/Push":null,"Jaime":null,"Nathan Bet Amount":null,"Nathan Win/Lose/Push":null,"Nathan":null,"Evan Bet Amount":null,"Evan Win/Lose/Push":null,"Evan":null,"Brandon Bet Amount":null,"Brandon Win/Lose/Push":null,"Brandon":null,"Total Team Bet":null,"Legends Bet":null,"Leaders Bet":null,"To Win":null,"Payout":null,"TOTALS":null,"Mitch Totals":null,"Phil Totals":null,"Bryce Totals":null,"Cory Totals":null,"JB Totals":null,"Ethan Totals":null},{"Week":"103","Date":"10/18/2024","Mitch Bet Amount":null,"Mitch Win/Lose/Push":null,"Mitch":null,"Phil Bet Amount":null,"Phil Win/Lose/Push":null,"Phil":null,"Bryce Bet Amount":null,"Bryce Win/Lose/Push":null,"Bryce":null,"Cory Bet Amount":null,"Cory Win/Lose/Push":null,"Cory":null,"JB Bet Amount":null,"JB Win/Lose/Push":null,"JB":null,"Ethan Bet Amount":null,"Ethan Win/Lose/Push":null,"Ethan":null,"Jaime Bet Amount":null,"Jaime Win/Lose/Push":null,"Jaime":null,"Nathan Bet Amount":null,"Nathan Win/Lose/Push":null,"Nathan":null,"Evan Bet Amount":null,"Evan Win/Lose/Push":null,"Evan":null,"Brandon Bet Amount":null,"Brandon Win/Lose/Push":null,"Brandon":null,"Total Team Bet":null,"Legends Bet":null,"Leaders Bet":null,"To Win":null,"Payout":null,"TOTALS":null,"Mitch Totals":null,"Phil Totals":null,"Bryce Totals":null,"Cory Totals":null,"JB Totals":null,"Ethan Totals":null},{"Week":"104","Date":"10/25/2024","Mitch Bet Amount":null,"Mitch Win/Lose/Push":null,"Mitch":null,"Phil Bet Amount":null,"Phil Win/Lose/Push":null,"Phil":null,"Bryce Bet Amount":null,"Bryce Win/Lose/Push":null,"Bryce":null,"Cory Bet Amount":null,"Cory Win/Lose/Push":null,"Cory":null,"JB Bet Amount":null,"JB Win/Lose/Push":null,"JB":null,"Ethan Bet Amount":null,"Ethan Win/Lose/Push":null,"Ethan":null,"Jaime Bet Amount":null,"Jaime Win/Lose/Push":null,"Jaime":null,"Nathan Bet Amount":null,"Nathan Win/Lose/Push":null,"Nathan":null,"Evan Bet Amount":null,"Evan Win/Lose/Push":null,"Evan":null,"Brandon Bet Amount":null,"Brandon Win/Lose/Push":null,"Brandon":null,"Total Team Bet":null,"Legends Bet":null,"Leaders Bet":null,"To Win":null,"Payout":null,"TOTALS":null,"Mitch Totals":null,"Phil Totals":null,"Bryce Totals":null,"Cory Totals":null,"JB Totals":null,"Ethan Totals":null},{"Week":"105","Date":"11/01/2024","Mitch Bet Amount":null,"Mitch Win/Lose/Push":null,"Mitch":null,"Phil Bet Amount":null,"Phil Win/Lose/Push":null,"Phil":null,"Bryce Bet Amount":null,"Bryce Win/Lose/Push":null,"Bryce":null,"Cory Bet Amount":null,"Cory Win/Lose/Push":null,"Cory":null,"JB Bet Amount":null,"JB Win/Lose/Push":null,"JB":null,"Ethan Bet Amount":null,"Ethan Win/Lose/Push":null,"Ethan":null,"Jaime Bet Amount":null,"Jaime Win/Lose/Push":null,"Jaime":null,"Nathan Bet Amount":null,"Nathan Win/Lose/Push":null,"Nathan":null,"Evan Bet Amount":null,"Evan Win/Lose/Push":null,"Evan":null,"Brandon Bet Amount":null,"Brandon Win/Lose/Push":null,"Brandon":null,"Total Team Bet":null,"Legends Bet":null,"Leaders Bet":null,"To Win":null,"Payout":null,"TOTALS":null,"Mitch Totals":null,"Phil Totals":null,"Bryce Totals":null,"Cory Totals":null,"JB Totals":null,"Ethan Totals":null},{"Week":"106","Date":"11/08/2024","Mitch Bet Amount":null,"Mitch Win/Lose/Push":null,"Mitch":null,"Phil Bet Amount":null,"Phil Win/Lose/Push":null,"Phil":null,"Bryce Bet Amount":null,"Bryce Win/Lose/Push":null,"Bryce":null,"Cory Bet Amount":null,"Cory Win/Lose/Push":null,"Cory":null,"JB Bet Amount":null,"JB Win/Lose/Push":null,"JB":null,"Ethan Bet Amount":null,"Ethan Win/Lose/Push":null,"Ethan":null,"Jaime Bet Amount":null,"Jaime Win/Lose/Push":null,"Jaime":null,"Nathan Bet Amount":null,"Nathan Win/Lose/Push":null,"Nathan":null,"Evan Bet Amount":null,"Evan Win/Lose/Push":null,"Evan":null,"Brandon Bet Amount":null,"Brandon Win/Lose/Push":null,"Brandon":null,"Total Team Bet":null,"Legends Bet":null,"Leaders Bet":null,"To Win":null,"Payout":null,"TOTALS":null,"Mitch Totals":null,"Phil Totals":null,"Bryce Totals":null,"Cory Totals":null,"JB Totals":null,"Ethan Totals":null},{"Week":"107","Date":"11/15/2024","Mitch Bet Amount":null,"Mitch Win/Lose/Push":null,"Mitch":null,"Phil Bet Amount":null,"Phil Win/Lose/Push":null,"Phil":null,"Bryce Bet Amount":null,"Bryce Win/Lose/Push":null,"Bryce":null,"Cory Bet Amount":null,"Cory Win/Lose/Push":null,"Cory":null,"JB Bet Amount":null,"JB Win/Lose/Push":null,"JB":null,"Ethan Bet Amount":null,"Ethan Win/Lose/Push":null,"Ethan":null,"Jaime Bet Amount":null,"Jaime Win/Lose/Push":null,"Jaime":null,"Nathan Bet Amount":null,"Nathan Win/Lose/Push":null,"Nathan":null,"Evan Bet Amount":null,"Evan Win/Lose/Push":null,"Evan":null,"Brandon Bet Amount":null,"Brandon Win/Lose/Push":null,"Brandon":null,"Total Team Bet":null,"Legends Bet":null,"Leaders Bet":null,"To Win":null,"Payout":null,"TOTALS":null,"Mitch Totals":null,"Phil Totals":null,"Bryce Totals":null,"Cory Totals":null,"JB Totals":null,"Ethan Totals":null},{"Week":"108","Date":"11/22/2024","Mitch Bet Amount":null,"Mitch Win/Lose/Push":null,"Mitch":null,"Phil Bet Amount":null,"Phil Win/Lose/Push":null,"Phil":null,"Bryce Bet Amount":null,"Bryce Win/Lose/Push":null,"Bryce":null,"Cory Bet Amount":null,"Cory Win/Lose/Push":null,"Cory":null,"JB Bet Amount":null,"JB Win/Lose/Push":null,"JB":null,"Ethan Bet Amount":null,"Ethan Win/Lose/Push":null,"Ethan":null,"Jaime Bet Amount":null,"Jaime Win/Lose/Push":null,"Jaime":null,"Nathan Bet Amount":null,"Nathan Win/Lose/Push":null,"Nathan":null,"Evan Bet Amount":null,"Evan Win/Lose/Push":null,"Evan":null,"Brandon Bet Amount":null,"Brandon Win/Lose/Push":null,"Brandon":null,"Total Team Bet":null,"Legends Bet":null,"Leaders Bet":null,"To Win":null,"Payout":null,"TOTALS":null,"Mitch Totals":null,"Phil Totals":null,"Bryce Totals":null,"Cory Totals":null,"JB Totals":null,"Ethan Totals":null},{"Week":"109","Date":"11/29/2024","Mitch Bet Amount":null,"Mitch Win/Lose/Push":null,"Mitch":null,"Phil Bet Amount":null,"Phil Win/Lose/Push":null,"Phil":null,"Bryce Bet Amount":null,"Bryce Win/Lose/Push":null,"Bryce":null,"Cory Bet Amount":null,"Cory Win/Lose/Push":null,"Cory":null,"JB Bet Amount":null,"JB Win/Lose/Push":null,"JB":null,"Ethan Bet Amount":null,"Ethan Win/Lose/Push":null,"Ethan":null,"Jaime Bet Amount":null,"Jaime Win/Lose/Push":null,"Jaime":null,"Nathan Bet Amount":null,"Nathan Win/Lose/Push":null,"Nathan":null,"Evan Bet Amount":null,"Evan Win/Lose/Push":null,"Evan":null,"Brandon Bet Amount":null,"Brandon Win/Lose/Push":null,"Brandon":null,"Total Team Bet":null,"Legends Bet":null,"Leaders Bet":null,"To Win":null,"Payout":null,"TOTALS":null,"Mitch Totals":null,"Phil Totals":null,"Bryce Totals":null,"Cory Totals":null,"JB Totals":null,"Ethan Totals":null},{"Week":"110","Date":"12/06/2024","Mitch Bet Amount":null,"Mitch Win/Lose/Push":null,"Mitch":null,"Phil Bet Amount":null,"Phil Win/Lose/Push":null,"Phil":null,"Bryce Bet Amount":null,"Bryce Win/Lose/Push":null,"Bryce":null,"Cory Bet Amount":null,"Cory Win/Lose/Push":null,"Cory":null,"JB Bet Amount":null,"JB Win/Lose/Push":null,"JB":null,"Ethan Bet Amount":null,"Ethan Win/Lose/Push":null,"Ethan":null,"Jaime Bet Amount":null,"Jaime Win/Lose/Push":null,"Jaime":null,"Nathan Bet Amount":null,"Nathan Win/Lose/Push":null,"Nathan":null,"Evan Bet Amount":null,"Evan Win/Lose/Push":null,"Evan":null,"Brandon Bet Amount":null,"Brandon Win/Lose/Push":null,"Brandon":null,"Total Team Bet":null,"Legends Bet":null,"Leaders Bet":null,"To Win":null,"Payout":null,"TOTALS":null,"Mitch Totals":null,"Phil Totals":null,"Bryce Totals":null,"Cory Totals":null,"JB Totals":null,"Ethan Totals":null},{"Week":"111","Date":"12/13/2024","Mitch Bet Amount":null,"Mitch Win/Lose/Push":null,"Mitch":null,"Phil Bet Amount":null,"Phil Win/Lose/Push":null,"Phil":null,"Bryce Bet Amount":null,"Bryce Win/Lose/Push":null,"Bryce":null,"Cory Bet Amount":null,"Cory Win/Lose/Push":null,"Cory":null,"JB Bet Amount":null,"JB Win/Lose/Push":null,"JB":null,"Ethan Bet Amount":null,"Ethan Win/Lose/Push":null,"Ethan":null,"Jaime Bet Amount":null,"Jaime Win/Lose/Push":null,"Jaime":null,"Nathan Bet Amount":null,"Nathan Win/Lose/Push":null,"Nathan":null,"Evan Bet Amount":null,"Evan Win/Lose/Push":null,"Evan":null,"Brandon Bet Amount":null,"Brandon Win/Lose/Push":null,"Brandon":null,"Total Team Bet":null,"Legends Bet":null,"Leaders Bet":null,"To Win":null,"Payout":null,"TOTALS":null,"Mitch Totals":null,"Phil Totals":null,"Bryce Totals":null,"Cory Totals":null,"JB Totals":null,"Ethan Totals":null},{"Week":"112","Date":"12/20/2024","Mitch Bet Amount":null,"Mitch Win/Lose/Push":null,"Mitch":null,"Phil Bet Amount":null,"Phil Win/Lose/Push":null,"Phil":null,"Bryce Bet Amount":null,"Bryce Win/Lose/Push":null,"Bryce":null,"Cory Bet Amount":null,"Cory Win/Lose/Push":null,"Cory":null,"JB Bet Amount":null,"JB Win/Lose/Push":null,"JB":null,"Ethan Bet Amount":null,"Ethan Win/Lose/Push":null,"Ethan":null,"Jaime Bet Amount":null,"Jaime Win/Lose/Push":null,"Jaime":null,"Nathan Bet Amount":null,"Nathan Win/Lose/Push":null,"Nathan":null,"Evan Bet Amount":null,"Evan Win/Lose/Push":null,"Evan":null,"Brandon Bet Amount":null,"Brandon Win/Lose/Push":null,"Brandon":null,"Total Team Bet":null,"Legends Bet":null,"Leaders Bet":null,"To Win":null,"Payout":null,"TOTALS":null,"Mitch Totals":null,"Phil Totals":null,"Bryce Totals":null,"Cory Totals":null,"JB Totals":null,"Ethan Totals":null},{"Week":"113","Date":"12/27/2024","Mitch Bet Amount":null,"Mitch Win/Lose/Push":null,"Mitch":null,"Phil Bet Amount":null,"Phil Win/Lose/Push":null,"Phil":null,"Bryce Bet Amount":null,"Bryce Win/Lose/Push":null,"Bryce":null,"Cory Bet Amount":null,"Cory Win/Lose/Push":null,"Cory":null,"JB Bet Amount":null,"JB Win/Lose/Push":null,"JB":null,"Ethan Bet Amount":null,"Ethan Win/Lose/Push":null,"Ethan":null,"Jaime Bet Amount":null,"Jaime Win/Lose/Push":null,"Jaime":null,"Nathan Bet Amount":null,"Nathan Win/Lose/Push":null,"Nathan":null,"Evan Bet Amount":null,"Evan Win/Lose/Push":null,"Evan":null,"Brandon Bet Amount":null,"Brandon Win/Lose/Push":null,"Brandon":null,"Total Team Bet":null,"Legends Bet":null,"Leaders Bet":null,"To Win":null,"Payout":null,"TOTALS":null,"Mitch Totals":null,"Phil Totals":null,"Bryce Totals":null,"Cory Totals":null,"JB Totals":null,"Ethan Totals":null},{"Week":"114","Date":"01/03/2025","Mitch Bet Amount":null,"Mitch Win/Lose/Push":null,"Mitch":null,"Phil Bet Amount":null,"Phil Win/Lose/Push":null,"Phil":null,"Bryce Bet Amount":null,"Bryce Win/Lose/Push":null,"Bryce":null,"Cory Bet Amount":null,"Cory Win/Lose/Push":null,"Cory":null,"JB Bet Amount":null,"JB Win/Lose/Push":null,"JB":null,"Ethan Bet Amount":null,"Ethan Win/Lose/Push":null,"Ethan":null,"Jaime Bet Amount":null,"Jaime Win/Lose/Push":null,"Jaime":null,"Nathan Bet Amount":null,"Nathan Win/Lose/Push":null,"Nathan":null,"Evan Bet Amount":null,"Evan Win/Lose/Push":null,"Evan":null,"Brandon Bet Amount":null,"Brandon Win/Lose/Push":null,"Brandon":null,"Total Team Bet":null,"Legends Bet":null,"Leaders Bet":null,"To Win":null,"Payout":null,"TOTALS":null,"Mitch Totals":null,"Phil Totals":null,"Bryce Totals":null,"Cory Totals":null,"JB Totals":null,"Ethan Totals":null},{"Week":"115","Date":"01/10/2025","Mitch Bet Amount":null,"Mitch Win/Lose/Push":null,"Mitch":null,"Phil Bet Amount":null,"Phil Win/Lose/Push":null,"Phil":null,"Bryce Bet Amount":null,"Bryce Win/Lose/Push":null,"Bryce":null,"Cory Bet Amount":null,"Cory Win/Lose/Push":null,"Cory":null,"JB Bet Amount":null,"JB Win/Lose/Push":null,"JB":null,"Ethan Bet Amount":null,"Ethan Win/Lose/Push":null,"Ethan":null,"Jaime Bet Amount":null,"Jaime Win/Lose/Push":null,"Jaime":null,"Nathan Bet Amount":null,"Nathan Win/Lose/Push":null,"Nathan":null,"Evan Bet Amount":null,"Evan Win/Lose/Push":null,"Evan":null,"Brandon Bet Amount":null,"Brandon Win/Lose/Push":null,"Brandon":null,"Total Team Bet":null,"Legends Bet":null,"Leaders Bet":null,"To Win":null,"Payout":null,"TOTALS":null,"Mitch Totals":null,"Phil Totals":null,"Bryce Totals":null,"Cory Totals":null,"JB Totals":null,"Ethan Totals":null},{"Week":"116","Date":"01/17/2025","Mitch Bet Amount":null,"Mitch Win/Lose/Push":null,"Mitch":null,"Phil Bet Amount":null,"Phil Win/Lose/Push":null,"Phil":null,"Bryce Bet Amount":null,"Bryce Win/Lose/Push":null,"Bryce":null,"Cory Bet Amount":null,"Cory Win/Lose/Push":null,"Cory":null,"JB Bet Amount":null,"JB Win/Lose/Push":null,"JB":null,"Ethan Bet Amount":null,"Ethan Win/Lose/Push":null,"Ethan":null,"Jaime Bet Amount":null,"Jaime Win/Lose/Push":null,"Jaime":null,"Nathan Bet Amount":null,"Nathan Win/Lose/Push":null,"Nathan":null,"Evan Bet Amount":null,"Evan Win/Lose/Push":null,"Evan":null,"Brandon Bet Amount":null,"Brandon Win/Lose/Push":null,"Brandon":null,"Total Team Bet":null,"Legends Bet":null,"Leaders Bet":null,"To Win":null,"Payout":null,"TOTALS":null,"Mitch Totals":null,"Phil Totals":null,"Bryce Totals":null,"Cory Totals":null,"JB Totals":null,"Ethan Totals":null},{"Week":"117","Date":"01/24/2025","Mitch Bet Amount":null,"Mitch Win/Lose/Push":null,"Mitch":null,"Phil Bet Amount":null,"Phil Win/Lose/Push":null,"Phil":null,"Bryce Bet Amount":null,"Bryce Win/Lose/Push":null,"Bryce":null,"Cory Bet Amount":null,"Cory Win/Lose/Push":null,"Cory":null,"JB Bet Amount":null,"JB Win/Lose/Push":null,"JB":null,"Ethan Bet Amount":null,"Ethan Win/Lose/Push":null,"Ethan":null,"Jaime Bet Amount":null,"Jaime Win/Lose/Push":null,"Jaime":null,"Nathan Bet Amount":null,"Nathan Win/Lose/Push":null,"Nathan":null,"Evan Bet Amount":null,"Evan Win/Lose/Push":null,"Evan":null,"Brandon Bet Amount":null,"Brandon Win/Lose/Push":null,"Brandon":null,"Total Team Bet":null,"Legends Bet":null,"Leaders Bet":null,"To Win":null,"Payout":null,"TOTALS":null,"Mitch Totals":null,"Phil Totals":null,"Bryce Totals":null,"Cory Totals":null,"JB Totals":null,"Ethan Totals":null},{"Week":"118","Date":"01/31/2025","Mitch Bet Amount":null,"Mitch Win/Lose/Push":null,"Mitch":null,"Phil Bet Amount":null,"Phil Win/Lose/Push":null,"Phil":null,"Bryce Bet Amount":null,"Bryce Win/Lose/Push":null,"Bryce":null,"Cory Bet Amount":null,"Cory Win/Lose/Push":null,"Cory":null,"JB Bet Amount":null,"JB Win/Lose/Push":null,"JB":null,"Ethan Bet Amount":null,"Ethan Win/Lose/Push":null,"Ethan":null,"Jaime Bet Amount":null,"Jaime Win/Lose/Push":null,"Jaime":null,"Nathan Bet Amount":null,"Nathan Win/Lose/Push":null,"Nathan":null,"Evan Bet Amount":null,"Evan Win/Lose/Push":null,"Evan":null,"Brandon Bet Amount":null,"Brandon Win/Lose/Push":null,"Brandon":null,"Total Team Bet":null,"Legends Bet":null,"Leaders Bet":null,"To Win":null,"Payout":null,"TOTALS":null,"Mitch Totals":null,"Phil Totals":null,"Bryce Totals":null,"Cory Totals":null,"JB Totals":null,"Ethan Totals":null},{"Week":"119","Date":"02/07/2025","Mitch Bet Amount":null,"Mitch Win/Lose/Push":null,"Mitch":null,"Phil Bet Amount":null,"Phil Win/Lose/Push":null,"Phil":null,"Bryce Bet Amount":null,"Bryce Win/Lose/Push":null,"Bryce":null,"Cory Bet Amount":null,"Cory Win/Lose/Push":null,"Cory":null,"JB Bet Amount":null,"JB Win/Lose/Push":null,"JB":null,"Ethan Bet Amount":null,"Ethan Win/Lose/Push":null,"Ethan":null,"Jaime Bet Amount":null,"Jaime Win/Lose/Push":null,"Jaime":null,"Nathan Bet Amount":null,"Nathan Win/Lose/Push":null,"Nathan":null,"Evan Bet Amount":null,"Evan Win/Lose/Push":null,"Evan":null,"Brandon Bet Amount":null,"Brandon Win/Lose/Push":null,"Brandon":null,"Total Team Bet":null,"Legends Bet":null,"Leaders Bet":null,"To Win":null,"Payout":null,"TOTALS":null,"Mitch Totals":null,"Phil Totals":null,"Bryce Totals":null,"Cory Totals":null,"JB Totals":null,"Ethan Totals":null},{"Week":"120","Date":"02/14/2025","Mitch Bet Amount":null,"Mitch Win/Lose/Push":null,"Mitch":null,"Phil Bet Amount":null,"Phil Win/Lose/Push":null,"Phil":null,"Bryce Bet Amount":null,"Bryce Win/Lose/Push":null,"Bryce":null,"Cory Bet Amount":null,"Cory Win/Lose/Push":null,"Cory":null,"JB Bet Amount":null,"JB Win/Lose/Push":null,"JB":null,"Ethan Bet Amount":null,"Ethan Win/Lose/Push":null,"Ethan":null,"Jaime Bet Amount":null,"Jaime Win/Lose/Push":null,"Jaime":null,"Nathan Bet Amount":null,"Nathan Win/Lose/Push":null,"Nathan":null,"Evan Bet Amount":null,"Evan Win/Lose/Push":null,"Evan":null,"Brandon Bet Amount":null,"Brandon Win/Lose/Push":null,"Brandon":null,"Total Team Bet":null,"Legends Bet":null,"Leaders Bet":null,"To Win":null,"Payout":null,"TOTALS":null,"Mitch Totals":null,"Phil Totals":null,"Bryce Totals":null,"Cory Totals":null,"JB Totals":null,"Ethan Totals":null},{"Week":"121","Date":"02/21/2025","Mitch Bet Amount":null,"Mitch Win/Lose/Push":null,"Mitch":null,"Phil Bet Amount":null,"Phil Win/Lose/Push":null,"Phil":null,"Bryce Bet Amount":null,"Bryce Win/Lose/Push":null,"Bryce":null,"Cory Bet Amount":null,"Cory Win/Lose/Push":null,"Cory":null,"JB Bet Amount":null,"JB Win/Lose/Push":null,"JB":null,"Ethan Bet Amount":null,"Ethan Win/Lose/Push":null,"Ethan":null,"Jaime Bet Amount":null,"Jaime Win/Lose/Push":null,"Jaime":null,"Nathan Bet Amount":null,"Nathan Win/Lose/Push":null,"Nathan":null,"Evan Bet Amount":null,"Evan Win/Lose/Push":null,"Evan":null,"Brandon Bet Amount":null,"Brandon Win/Lose/Push":null,"Brandon":null,"Total Team Bet":null,"Legends Bet":null,"Leaders Bet":null,"To Win":null,"Payout":null,"TOTALS":null,"Mitch Totals":null,"Phil Totals":null,"Bryce Totals":null,"Cory Totals":null,"JB Totals":null,"Ethan Totals":null},{"Week":"122","Date":"02/28/2025","Mitch Bet Amount":null,"Mitch Win/Lose/Push":null,"Mitch":null,"Phil Bet Amount":null,"Phil Win/Lose/Push":null,"Phil":null,"Bryce Bet Amount":null,"Bryce Win/Lose/Push":null,"Bryce":null,"Cory Bet Amount":null,"Cory Win/Lose/Push":null,"Cory":null,"JB Bet Amount":null,"JB Win/Lose/Push":null,"JB":null,"Ethan Bet Amount":null,"Ethan Win/Lose/Push":null,"Ethan":null,"Jaime Bet Amount":null,"Jaime Win/Lose/Push":null,"Jaime":null,"Nathan Bet Amount":null,"Nathan Win/Lose/Push":null,"Nathan":null,"Evan Bet Amount":null,"Evan Win/Lose/Push":null,"Evan":null,"Brandon Bet Amount":null,"Brandon Win/Lose/Push":null,"Brandon":null,"Total Team Bet":null,"Legends Bet":null,"Leaders Bet":null,"To Win":null,"Payout":null,"TOTALS":null,"Mitch Totals":null,"Phil Totals":null,"Bryce Totals":null,"Cory Totals":null,"JB Totals":null,"Ethan Totals":null},{"Week":"123","Date":"03/07/2025","Mitch Bet Amount":null,"Mitch Win/Lose/Push":null,"Mitch":null,"Phil Bet Amount":null,"Phil Win/Lose/Push":null,"Phil":null,"Bryce Bet Amount":null,"Bryce Win/Lose/Push":null,"Bryce":null,"Cory Bet Amount":null,"Cory Win/Lose/Push":null,"Cory":null,"JB Bet Amount":null,"JB Win/Lose/Push":null,"JB":null,"Ethan Bet Amount":null,"Ethan Win/Lose/Push":null,"Ethan":null,"Jaime Bet Amount":null,"Jaime Win/Lose/Push":null,"Jaime":null,"Nathan Bet Amount":null,"Nathan Win/Lose/Push":null,"Nathan":null,"Evan Bet Amount":null,"Evan Win/Lose/Push":null,"Evan":null,"Brandon Bet Amount":null,"Brandon Win/Lose/Push":null,"Brandon":null,"Total Team Bet":null,"Legends Bet":null,"Leaders Bet":null,"To Win":null,"Payout":null,"TOTALS":null,"Mitch Totals":null,"Phil Totals":null,"Bryce Totals":null,"Cory Totals":null,"JB Totals":null,"Ethan Totals":null},{"Week":"124","Date":"03/14/2025","Mitch Bet Amount":null,"Mitch Win/Lose/Push":null,"Mitch":null,"Phil Bet Amount":null,"Phil Win/Lose/Push":null,"Phil":null,"Bryce Bet Amount":null,"Bryce Win/Lose/Push":null,"Bryce":null,"Cory Bet Amount":null,"Cory Win/Lose/Push":null,"Cory":null,"JB Bet Amount":null,"JB Win/Lose/Push":null,"JB":null,"Ethan Bet Amount":null,"Ethan Win/Lose/Push":null,"Ethan":null,"Jaime Bet Amount":null,"Jaime Win/Lose/Push":null,"Jaime":null,"Nathan Bet Amount":null,"Nathan Win/Lose/Push":null,"Nathan":null,"Evan Bet Amount":null,"Evan Win/Lose/Push":null,"Evan":null,"Brandon Bet Amount":null,"Brandon Win/Lose/Push":null,"Brandon":null,"Total Team Bet":null,"Legends Bet":null,"Leaders Bet":null,"To Win":null,"Payout":null,"TOTALS":null,"Mitch Totals":null,"Phil Totals":null,"Bryce Totals":null,"Cory Totals":null,"JB Totals":null,"Ethan Totals":null},{"Week":"125","Date":"03/21/2025","Mitch Bet Amount":null,"Mitch Win/Lose/Push":null,"Mitch":null,"Phil Bet Amount":null,"Phil Win/Lose/Push":null,"Phil":null,"Bryce Bet Amount":null,"Bryce Win/Lose/Push":null,"Bryce":null,"Cory Bet Amount":null,"Cory Win/Lose/Push":null,"Cory":null,"JB Bet Amount":null,"JB Win/Lose/Push":null,"JB":null,"Ethan Bet Amount":null,"Ethan Win/Lose/Push":null,"Ethan":null,"Jaime Bet Amount":null,"Jaime Win/Lose/Push":null,"Jaime":null,"Nathan Bet Amount":null,"Nathan Win/Lose/Push":null,"Nathan":null,"Evan Bet Amount":null,"Evan Win/Lose/Push":null,"Evan":null,"Brandon Bet Amount":null,"Brandon Win/Lose/Push":null,"Brandon":null,"Total Team Bet":null,"Legends Bet":null,"Leaders Bet":null,"To Win":null,"Payout":null,"TOTALS":null,"Mitch Totals":null,"Phil Totals":null,"Bryce Totals":null,"Cory Totals":null,"JB Totals":null,"Ethan Totals":null},{"Week":"126","Date":"03/28/2025","Mitch Bet Amount":null,"Mitch Win/Lose/Push":null,"Mitch":null,"Phil Bet Amount":null,"Phil Win/Lose/Push":null,"Phil":null,"Bryce Bet Amount":null,"Bryce Win/Lose/Push":null,"Bryce":null,"Cory Bet Amount":null,"Cory Win/Lose/Push":null,"Cory":null,"JB Bet Amount":null,"JB Win/Lose/Push":null,"JB":null,"Ethan Bet Amount":null,"Ethan Win/Lose/Push":null,"Ethan":null,"Jaime Bet Amount":null,"Jaime Win/Lose/Push":null,"Jaime":null,"Nathan Bet Amount":null,"Nathan Win/Lose/Push":null,"Nathan":null,"Evan Bet Amount":null,"Evan Win/Lose/Push":null,"Evan":null,"Brandon Bet Amount":null,"Brandon Win/Lose/Push":null,"Brandon":null,"Total Team Bet":null,"Legends Bet":null,"Leaders Bet":null,"To Win":null,"Payout":null,"TOTALS":null,"Mitch Totals":null,"Phil Totals":null,"Bryce Totals":null,"Cory Totals":null,"JB Totals":null,"Ethan Totals":null},{"Week":"127","Date":"04/04/2025","Mitch Bet Amount":null,"Mitch Win/Lose/Push":null,"Mitch":null,"Phil Bet Amount":null,"Phil Win/Lose/Push":null,"Phil":null,"Bryce Bet Amount":null,"Bryce Win/Lose/Push":null,"Bryce":null,"Cory Bet Amount":null,"Cory Win/Lose/Push":null,"Cory":null,"JB Bet Amount":null,"JB Win/Lose/Push":null,"JB":null,"Ethan Bet Amount":null,"Ethan Win/Lose/Push":null,"Ethan":null,"Jaime Bet Amount":null,"Jaime Win/Lose/Push":null,"Jaime":null,"Nathan Bet Amount":null,"Nathan Win/Lose/Push":null,"Nathan":null,"Evan Bet Amount":null,"Evan Win/Lose/Push":null,"Evan":null,"Brandon Bet Amount":null,"Brandon Win/Lose/Push":null,"Brandon":null,"Total Team Bet":null,"Legends Bet":null,"Leaders Bet":null,"To Win":null,"Payout":null,"TOTALS":null,"Mitch Totals":null,"Phil Totals":null,"Bryce Totals":null,"Cory Totals":null,"JB Totals":null,"Ethan Totals":null},{"Week":"128","Date":"04/11/2025","Mitch Bet Amount":null,"Mitch Win/Lose/Push":null,"Mitch":null,"Phil Bet Amount":null,"Phil Win/Lose/Push":null,"Phil":null,"Bryce Bet Amount":null,"Bryce Win/Lose/Push":null,"Bryce":null,"Cory Bet Amount":null,"Cory Win/Lose/Push":null,"Cory":null,"JB Bet Amount":null,"JB Win/Lose/Push":null,"JB":null,"Ethan Bet Amount":null,"Ethan Win/Lose/Push":null,"Ethan":null,"Jaime Bet Amount":null,"Jaime Win/Lose/Push":null,"Jaime":null,"Nathan Bet Amount":null,"Nathan Win/Lose/Push":null,"Nathan":null,"Evan Bet Amount":null,"Evan Win/Lose/Push":null,"Evan":null,"Brandon Bet Amount":null,"Brandon Win/Lose/Push":null,"Brandon":null,"Total Team Bet":null,"Legends Bet":null,"Leaders Bet":null,"To Win":null,"Payout":null,"TOTALS":null,"Mitch Totals":null,"Phil Totals":null,"Bryce Totals":null,"Cory Totals":null,"JB Totals":null,"Ethan Totals":null},{"Week":"129","Date":"04/18/2025","Mitch Bet Amount":null,"Mitch Win/Lose/Push":null,"Mitch":null,"Phil Bet Amount":null,"Phil Win/Lose/Push":null,"Phil":null,"Bryce Bet Amount":null,"Bryce Win/Lose/Push":null,"Bryce":null,"Cory Bet Amount":null,"Cory Win/Lose/Push":null,"Cory":null,"JB Bet Amount":null,"JB Win/Lose/Push":null,"JB":null,"Ethan Bet Amount":null,"Ethan Win/Lose/Push":null,"Ethan":null,"Jaime Bet Amount":null,"Jaime Win/Lose/Push":null,"Jaime":null,"Nathan Bet Amount":null,"Nathan Win/Lose/Push":null,"Nathan":null,"Evan Bet Amount":null,"Evan Win/Lose/Push":null,"Evan":null,"Brandon Bet Amount":null,"Brandon Win/Lose/Push":null,"Brandon":null,"Total Team Bet":null,"Legends Bet":null,"Leaders Bet":null,"To Win":null,"Payout":null,"TOTALS":null,"Mitch Totals":null,"Phil Totals":null,"Bryce Totals":null,"Cory Totals":null,"JB Totals":null,"Ethan Totals":null},{"Week":"130","Date":"04/25/2025","Mitch Bet Amount":null,"Mitch Win/Lose/Push":null,"Mitch":null,"Phil Bet Amount":null,"Phil Win/Lose/Push":null,"Phil":null,"Bryce Bet Amount":null,"Bryce Win/Lose/Push":null,"Bryce":null,"Cory Bet Amount":null,"Cory Win/Lose/Push":null,"Cory":null,"JB Bet Amount":null,"JB Win/Lose/Push":null,"JB":null,"Ethan Bet Amount":null,"Ethan Win/Lose/Push":null,"Ethan":null,"Jaime Bet Amount":null,"Jaime Win/Lose/Push":null,"Jaime":null,"Nathan Bet Amount":null,"Nathan Win/Lose/Push":null,"Nathan":null,"Evan Bet Amount":null,"Evan Win/Lose/Push":null,"Evan":null,"Brandon Bet Amount":null,"Brandon Win/Lose/Push":null,"Brandon":null,"Total Team Bet":null,"Legends Bet":null,"Leaders Bet":null,"To Win":null,"Payout":null,"TOTALS":null,"Mitch Totals":null,"Phil Totals":null,"Bryce Totals":null,"Cory Totals":null,"JB Totals":null,"Ethan Totals":null},{"Week":"131","Date":"05/02/2025","Mitch Bet Amount":null,"Mitch Win/Lose/Push":null,"Mitch":null,"Phil Bet Amount":null,"Phil Win/Lose/Push":null,"Phil":null,"Bryce Bet Amount":null,"Bryce Win/Lose/Push":null,"Bryce":null,"Cory Bet Amount":null,"Cory Win/Lose/Push":null,"Cory":null,"JB Bet Amount":null,"JB Win/Lose/Push":null,"JB":null,"Ethan Bet Amount":null,"Ethan Win/Lose/Push":null,"Ethan":null,"Jaime Bet Amount":null,"Jaime Win/Lose/Push":null,"Jaime":null,"Nathan Bet Amount":null,"Nathan Win/Lose/Push":null,"Nathan":null,"Evan Bet Amount":null,"Evan Win/Lose/Push":null,"Evan":null,"Brandon Bet Amount":null,"Brandon Win/Lose/Push":null,"Brandon":null,"Total Team Bet":null,"Legends Bet":null,"Leaders Bet":null,"To Win":null,"Payout":null,"TOTALS":null,"Mitch Totals":null,"Phil Totals":null,"Bryce Totals":null,"Cory Totals":null,"JB Totals":null,"Ethan Totals":null},{"Week":"132","Date":"05/09/2025","Mitch Bet Amount":null,"Mitch Win/Lose/Push":null,"Mitch":null,"Phil Bet Amount":null,"Phil Win/Lose/Push":null,"Phil":null,"Bryce Bet Amount":null,"Bryce Win/Lose/Push":null,"Bryce":null,"Cory Bet Amount":null,"Cory Win/Lose/Push":null,"Cory":null,"JB Bet Amount":null,"JB Win/Lose/Push":null,"JB":null,"Ethan Bet Amount":null,"Ethan Win/Lose/Push":null,"Ethan":null,"Jaime Bet Amount":null,"Jaime Win/Lose/Push":null,"Jaime":null,"Nathan Bet Amount":null,"Nathan Win/Lose/Push":null,"Nathan":null,"Evan Bet Amount":null,"Evan Win/Lose/Push":null,"Evan":null,"Brandon Bet Amount":null,"Brandon Win/Lose/Push":null,"Brandon":null,"Total Team Bet":null,"Legends Bet":null,"Leaders Bet":null,"To Win":null,"Payout":null,"TOTALS":null,"Mitch Totals":null,"Phil Totals":null,"Bryce Totals":null,"Cory Totals":null,"JB Totals":null,"Ethan Totals":null},{"Week":"133","Date":"05/16/2025","Mitch Bet Amount":null,"Mitch Win/Lose/Push":null,"Mitch":null,"Phil Bet Amount":null,"Phil Win/Lose/Push":null,"Phil":null,"Bryce Bet Amount":null,"Bryce Win/Lose/Push":null,"Bryce":null,"Cory Bet Amount":null,"Cory Win/Lose/Push":null,"Cory":null,"JB Bet Amount":null,"JB Win/Lose/Push":null,"JB":null,"Ethan Bet Amount":null,"Ethan Win/Lose/Push":null,"Ethan":null,"Jaime Bet Amount":null,"Jaime Win/Lose/Push":null,"Jaime":null,"Nathan Bet Amount":null,"Nathan Win/Lose/Push":null,"Nathan":null,"Evan Bet Amount":null,"Evan Win/Lose/Push":null,"Evan":null,"Brandon Bet Amount":null,"Brandon Win/Lose/Push":null,"Brandon":null,"Total Team Bet":null,"Legends Bet":null,"Leaders Bet":null,"To Win":null,"Payout":null,"TOTALS":null,"Mitch Totals":null,"Phil Totals":null,"Bryce Totals":null,"Cory Totals":null,"JB Totals":null,"Ethan Totals":null},{"Week":"134","Date":"05/23/2025","Mitch Bet Amount":null,"Mitch Win/Lose/Push":null,"Mitch":null,"Phil Bet Amount":null,"Phil Win/Lose/Push":null,"Phil":null,"Bryce Bet Amount":null,"Bryce Win/Lose/Push":null,"Bryce":null,"Cory Bet Amount":null,"Cory Win/Lose/Push":null,"Cory":null,"JB Bet Amount":null,"JB Win/Lose/Push":null,"JB":null,"Ethan Bet Amount":null,"Ethan Win/Lose/Push":null,"Ethan":null,"Jaime Bet Amount":null,"Jaime Win/Lose/Push":null,"Jaime":null,"Nathan Bet Amount":null,"Nathan Win/Lose/Push":null,"Nathan":null,"Evan Bet Amount":null,"Evan Win/Lose/Push":null,"Evan":null,"Brandon Bet Amount":null,"Brandon Win/Lose/Push":null,"Brandon":null,"Total Team Bet":null,"Legends Bet":null,"Leaders Bet":null,"To Win":null,"Payout":null,"TOTALS":null,"Mitch Totals":null,"Phil Totals":null,"Bryce Totals":null,"Cory Totals":null,"JB Totals":null,"Ethan Totals":null},{"Week":"135","Date":"05/30/2025","Mitch Bet Amount":null,"Mitch Win/Lose/Push":null,"Mitch":null,"Phil Bet Amount":null,"Phil Win/Lose/Push":null,"Phil":null,"Bryce Bet Amount":null,"Bryce Win/Lose/Push":null,"Bryce":null,"Cory Bet Amount":null,"Cory Win/Lose/Push":null,"Cory":null,"JB Bet Amount":null,"JB Win/Lose/Push":null,"JB":null,"Ethan Bet Amount":null,"Ethan Win/Lose/Push":null,"Ethan":null,"Jaime Bet Amount":null,"Jaime Win/Lose/Push":null,"Jaime":null,"Nathan Bet Amount":null,"Nathan Win/Lose/Push":null,"Nathan":null,"Evan Bet Amount":null,"Evan Win/Lose/Push":null,"Evan":null,"Brandon Bet Amount":null,"Brandon Win/Lose/Push":null,"Brandon":null,"Total Team Bet":null,"Legends Bet":null,"Leaders Bet":null,"To Win":null,"Payout":null,"TOTALS":null,"Mitch Totals":null,"Phil Totals":null,"Bryce Totals":null,"Cory Totals":null,"JB Totals":null,"Ethan Totals":null},{"Week":"136","Date":"06/06/2025","Mitch Bet Amount":null,"Mitch Win/Lose/Push":null,"Mitch":null,"Phil Bet Amount":null,"Phil Win/Lose/Push":null,"Phil":null,"Bryce Bet Amount":null,"Bryce Win/Lose/Push":null,"Bryce":null,"Cory Bet Amount":null,"Cory Win/Lose/Push":null,"Cory":null,"JB Bet Amount":null,"JB Win/Lose/Push":null,"JB":null,"Ethan Bet Amount":null,"Ethan Win/Lose/Push":null,"Ethan":null,"Jaime Bet Amount":null,"Jaime Win/Lose/Push":null,"Jaime":null,"Nathan Bet Amount":null,"Nathan Win/Lose/Push":null,"Nathan":null,"Evan Bet Amount":null,"Evan Win/Lose/Push":null,"Evan":null,"Brandon Bet Amount":null,"Brandon Win/Lose/Push":null,"Brandon":null,"Total Team Bet":null,"Legends Bet":null,"Leaders Bet":null,"To Win":null,"Payout":null,"TOTALS":null,"Mitch Totals":null,"Phil Totals":null,"Bryce Totals":null,"Cory Totals":null,"JB Totals":null,"Ethan Totals":null},{"Week":"137","Date":"06/13/2025","Mitch Bet Amount":null,"Mitch Win/Lose/Push":null,"Mitch":null,"Phil Bet Amount":null,"Phil Win/Lose/Push":null,"Phil":null,"Bryce Bet Amount":null,"Bryce Win/Lose/Push":null,"Bryce":null,"Cory Bet Amount":null,"Cory Win/Lose/Push":null,"Cory":null,"JB Bet Amount":null,"JB Win/Lose/Push":null,"JB":null,"Ethan Bet Amount":null,"Ethan Win/Lose/Push":null,"Ethan":null,"Jaime Bet Amount":null,"Jaime Win/Lose/Push":null,"Jaime":null,"Nathan Bet Amount":null,"Nathan Win/Lose/Push":null,"Nathan":null,"Evan Bet Amount":null,"Evan Win/Lose/Push":null,"Evan":null,"Brandon Bet Amount":null,"Brandon Win/Lose/Push":null,"Brandon":null,"Total Team Bet":null,"Legends Bet":null,"Leaders Bet":null,"To Win":null,"Payout":null,"TOTALS":null,"Mitch Totals":null,"Phil Totals":null,"Bryce Totals":null,"Cory Totals":null,"JB Totals":null,"Ethan Totals":null},{"Week":"138","Date":"06/20/2025","Mitch Bet Amount":null,"Mitch Win/Lose/Push":null,"Mitch":null,"Phil Bet Amount":null,"Phil Win/Lose/Push":null,"Phil":null,"Bryce Bet Amount":null,"Bryce Win/Lose/Push":null,"Bryce":null,"Cory Bet Amount":null,"Cory Win/Lose/Push":null,"Cory":null,"JB Bet Amount":null,"JB Win/Lose/Push":null,"JB":null,"Ethan Bet Amount":null,"Ethan Win/Lose/Push":null,"Ethan":null,"Jaime Bet Amount":null,"Jaime Win/Lose/Push":null,"Jaime":null,"Nathan Bet Amount":null,"Nathan Win/Lose/Push":null,"Nathan":null,"Evan Bet Amount":null,"Evan Win/Lose/Push":null,"Evan":null,"Brandon Bet Amount":null,"Brandon Win/Lose/Push":null,"Brandon":null,"Total Team Bet":null,"Legends Bet":null,"Leaders Bet":null,"To Win":null,"Payout":null,"TOTALS":null,"Mitch Totals":null,"Phil Totals":null,"Bryce Totals":null,"Cory Totals":null,"JB Totals":null,"Ethan Totals":null},{"Week":"139","Date":"06/27/2025","Mitch Bet Amount":null,"Mitch Win/Lose/Push":null,"Mitch":null,"Phil Bet Amount":null,"Phil Win/Lose/Push":null,"Phil":null,"Bryce Bet Amount":null,"Bryce Win/Lose/Push":null,"Bryce":null,"Cory Bet Amount":null,"Cory Win/Lose/Push":null,"Cory":null,"JB Bet Amount":null,"JB Win/Lose/Push":null,"JB":null,"Ethan Bet Amount":null,"Ethan Win/Lose/Push":null,"Ethan":null,"Jaime Bet Amount":null,"Jaime Win/Lose/Push":null,"Jaime":null,"Nathan Bet Amount":null,"Nathan Win/Lose/Push":null,"Nathan":null,"Evan Bet Amount":null,"Evan Win/Lose/Push":null,"Evan":null,"Brandon Bet Amount":null,"Brandon Win/Lose/Push":null,"Brandon":null,"Total Team Bet":null,"Legends Bet":null,"Leaders Bet":null,"To Win":null,"Payout":null,"TOTALS":null,"Mitch Totals":null,"Phil Totals":null,"Bryce Totals":null,"Cory Totals":null,"JB Totals":null,"Ethan Totals":null},{"Week":"140","Date":"07/04/2025","Mitch Bet Amount":null,"Mitch Win/Lose/Push":null,"Mitch":null,"Phil Bet Amount":null,"Phil Win/Lose/Push":null,"Phil":null,"Bryce Bet Amount":null,"Bryce Win/Lose/Push":null,"Bryce":null,"Cory Bet Amount":null,"Cory Win/Lose/Push":null,"Cory":null,"JB Bet Amount":null,"JB Win/Lose/Push":null,"JB":null,"Ethan Bet Amount":null,"Ethan Win/Lose/Push":null,"Ethan":null,"Jaime Bet Amount":null,"Jaime Win/Lose/Push":null,"Jaime":null,"Nathan Bet Amount":null,"Nathan Win/Lose/Push":null,"Nathan":null,"Evan Bet Amount":null,"Evan Win/Lose/Push":null,"Evan":null,"Brandon Bet Amount":null,"Brandon Win/Lose/Push":null,"Brandon":null,"Total Team Bet":null,"Legends Bet":null,"Leaders Bet":null,"To Win":null,"Payout":null,"TOTALS":null,"Mitch Totals":null,"Phil Totals":null,"Bryce Totals":null,"Cory Totals":null,"JB Totals":null,"Ethan Totals":null},{"Week":"141","Date":"07/11/2025","Mitch Bet Amount":null,"Mitch Win/Lose/Push":null,"Mitch":null,"Phil Bet Amount":null,"Phil Win/Lose/Push":null,"Phil":null,"Bryce Bet Amount":null,"Bryce Win/Lose/Push":null,"Bryce":null,"Cory Bet Amount":null,"Cory Win/Lose/Push":null,"Cory":null,"JB Bet Amount":null,"JB Win/Lose/Push":null,"JB":null,"Ethan Bet Amount":null,"Ethan Win/Lose/Push":null,"Ethan":null,"Jaime Bet Amount":null,"Jaime Win/Lose/Push":null,"Jaime":null,"Nathan Bet Amount":null,"Nathan Win/Lose/Push":null,"Nathan":null,"Evan Bet Amount":null,"Evan Win/Lose/Push":null,"Evan":null,"Brandon Bet Amount":null,"Brandon Win/Lose/Push":null,"Brandon":null,"Total Team Bet":null,"Legends Bet":null,"Leaders Bet":null,"To Win":null,"Payout":null,"TOTALS":null,"Mitch Totals":null,"Phil Totals":null,"Bryce Totals":null,"Cory Totals":null,"JB Totals":null,"Ethan Totals":null},{"Week":"142","Date":"07/18/2025","Mitch Bet Amount":null,"Mitch Win/Lose/Push":null,"Mitch":null,"Phil Bet Amount":null,"Phil Win/Lose/Push":null,"Phil":null,"Bryce Bet Amount":null,"Bryce Win/Lose/Push":null,"Bryce":null,"Cory Bet Amount":null,"Cory Win/Lose/Push":null,"Cory":null,"JB Bet Amount":null,"JB Win/Lose/Push":null,"JB":null,"Ethan Bet Amount":null,"Ethan Win/Lose/Push":null,"Ethan":null,"Jaime Bet Amount":null,"Jaime Win/Lose/Push":null,"Jaime":null,"Nathan Bet Amount":null,"Nathan Win/Lose/Push":null,"Nathan":null,"Evan Bet Amount":null,"Evan Win/Lose/Push":null,"Evan":null,"Brandon Bet Amount":null,"Brandon Win/Lose/Push":null,"Brandon":null,"Total Team Bet":null,"Legends Bet":null,"Leaders Bet":null,"To Win":null,"Payout":null,"TOTALS":null,"Mitch Totals":null,"Phil Totals":null,"Bryce Totals":null,"Cory Totals":null,"JB Totals":null,"Ethan Totals":null},{"Week":"143","Date":"07/25/2025","Mitch Bet Amount":null,"Mitch Win/Lose/Push":null,"Mitch":null,"Phil Bet Amount":null,"Phil Win/Lose/Push":null,"Phil":null,"Bryce Bet Amount":null,"Bryce Win/Lose/Push":null,"Bryce":null,"Cory Bet Amount":null,"Cory Win/Lose/Push":null,"Cory":null,"JB Bet Amount":null,"JB Win/Lose/Push":null,"JB":null,"Ethan Bet Amount":null,"Ethan Win/Lose/Push":null,"Ethan":null,"Jaime Bet Amount":null,"Jaime Win/Lose/Push":null,"Jaime":null,"Nathan Bet Amount":null,"Nathan Win/Lose/Push":null,"Nathan":null,"Evan Bet Amount":null,"Evan Win/Lose/Push":null,"Evan":null,"Brandon Bet Amount":null,"Brandon Win/Lose/Push":null,"Brandon":null,"Total Team Bet":null,"Legends Bet":null,"Leaders Bet":null,"To Win":null,"Payout":null,"TOTALS":null,"Mitch Totals":null,"Phil Totals":null,"Bryce Totals":null,"Cory Totals":null,"JB Totals":null,"Ethan Totals":null},{"Week":"144","Date":"08/01/2025","Mitch Bet Amount":null,"Mitch Win/Lose/Push":null,"Mitch":null,"Phil Bet Amount":null,"Phil Win/Lose/Push":null,"Phil":null,"Bryce Bet Amount":null,"Bryce Win/Lose/Push":null,"Bryce":null,"Cory Bet Amount":null,"Cory Win/Lose/Push":null,"Cory":null,"JB Bet Amount":null,"JB Win/Lose/Push":null,"JB":null,"Ethan Bet Amount":null,"Ethan Win/Lose/Push":null,"Ethan":null,"Jaime Bet Amount":null,"Jaime Win/Lose/Push":null,"Jaime":null,"Nathan Bet Amount":null,"Nathan Win/Lose/Push":null,"Nathan":null,"Evan Bet Amount":null,"Evan Win/Lose/Push":null,"Evan":null,"Brandon Bet Amount":null,"Brandon Win/Lose/Push":null,"Brandon":null,"Total Team Bet":null,"Legends Bet":null,"Leaders Bet":null,"To Win":null,"Payout":null,"TOTALS":null,"Mitch Totals":null,"Phil Totals":null,"Bryce Totals":null,"Cory Totals":null,"JB Totals":null,"Ethan Totals":null},{"Week":"145","Date":"08/08/2025","Mitch Bet Amount":null,"Mitch Win/Lose/Push":null,"Mitch":null,"Phil Bet Amount":null,"Phil Win/Lose/Push":null,"Phil":null,"Bryce Bet Amount":null,"Bryce Win/Lose/Push":null,"Bryce":null,"Cory Bet Amount":null,"Cory Win/Lose/Push":null,"Cory":null,"JB Bet Amount":null,"JB Win/Lose/Push":null,"JB":null,"Ethan Bet Amount":null,"Ethan Win/Lose/Push":null,"Ethan":null,"Jaime Bet Amount":null,"Jaime Win/Lose/Push":null,"Jaime":null,"Nathan Bet Amount":null,"Nathan Win/Lose/Push":null,"Nathan":null,"Evan Bet Amount":null,"Evan Win/Lose/Push":null,"Evan":null,"Brandon Bet Amount":null,"Brandon Win/Lose/Push":null,"Brandon":null,"Total Team Bet":null,"Legends Bet":null,"Leaders Bet":null,"To Win":null,"Payout":null,"TOTALS":null,"Mitch Totals":null,"Phil Totals":null,"Bryce Totals":null,"Cory Totals":null,"JB Totals":null,"Ethan Totals":null},{"Week":"146","Date":"08/15/2025","Mitch Bet Amount":null,"Mitch Win/Lose/Push":null,"Mitch":null,"Phil Bet Amount":null,"Phil Win/Lose/Push":null,"Phil":null,"Bryce Bet Amount":null,"Bryce Win/Lose/Push":null,"Bryce":null,"Cory Bet Amount":null,"Cory Win/Lose/Push":null,"Cory":null,"JB Bet Amount":null,"JB Win/Lose/Push":null,"JB":null,"Ethan Bet Amount":null,"Ethan Win/Lose/Push":null,"Ethan":null,"Jaime Bet Amount":null,"Jaime Win/Lose/Push":null,"Jaime":null,"Nathan Bet Amount":null,"Nathan Win/Lose/Push":null,"Nathan":null,"Evan Bet Amount":null,"Evan Win/Lose/Push":null,"Evan":null,"Brandon Bet Amount":null,"Brandon Win/Lose/Push":null,"Brandon":null,"Total Team Bet":null,"Legends Bet":null,"Leaders Bet":null,"To Win":null,"Payout":null,"TOTALS":null,"Mitch Totals":null,"Phil Totals":null,"Bryce Totals":null,"Cory Totals":null,"JB Totals":null,"Ethan Totals":null},{"Week":"147","Date":"08/22/2025","Mitch Bet Amount":null,"Mitch Win/Lose/Push":null,"Mitch":null,"Phil Bet Amount":null,"Phil Win/Lose/Push":null,"Phil":null,"Bryce Bet Amount":null,"Bryce Win/Lose/Push":null,"Bryce":null,"Cory Bet Amount":null,"Cory Win/Lose/Push":null,"Cory":null,"JB Bet Amount":null,"JB Win/Lose/Push":null,"JB":null,"Ethan Bet Amount":null,"Ethan Win/Lose/Push":null,"Ethan":null,"Jaime Bet Amount":null,"Jaime Win/Lose/Push":null,"Jaime":null,"Nathan Bet Amount":null,"Nathan Win/Lose/Push":null,"Nathan":null,"Evan Bet Amount":null,"Evan Win/Lose/Push":null,"Evan":null,"Brandon Bet Amount":null,"Brandon Win/Lose/Push":null,"Brandon":null,"Total Team Bet":null,"Legends Bet":null,"Leaders Bet":null,"To Win":null,"Payout":null,"TOTALS":null,"Mitch Totals":null,"Phil Totals":null,"Bryce Totals":null,"Cory Totals":null,"JB Totals":null,"Ethan Totals":null},{"Week":"148","Date":"08/29/2025","Mitch Bet Amount":null,"Mitch Win/Lose/Push":null,"Mitch":null,"Phil Bet Amount":null,"Phil Win/Lose/Push":null,"Phil":null,"Bryce Bet Amount":null,"Bryce Win/Lose/Push":null,"Bryce":null,"Cory Bet Amount":null,"Cory Win/Lose/Push":null,"Cory":null,"JB Bet Amount":null,"JB Win/Lose/Push":null,"JB":null,"Ethan Bet Amount":null,"Ethan Win/Lose/Push":null,"Ethan":null,"Jaime Bet Amount":null,"Jaime Win/Lose/Push":null,"Jaime":null,"Nathan Bet Amount":null,"Nathan Win/Lose/Push":null,"Nathan":null,"Evan Bet Amount":null,"Evan Win/Lose/Push":null,"Evan":null,"Brandon Bet Amount":null,"Brandon Win/Lose/Push":null,"Brandon":null,"Total Team Bet":null,"Legends Bet":null,"Leaders Bet":null,"To Win":null,"Payout":null,"TOTALS":null,"Mitch Totals":null,"Phil Totals":null,"Bryce Totals":null,"Cory Totals":null,"JB Totals":null,"Ethan Totals":null},{"Week":"149","Date":"09/05/2025","Mitch Bet Amount":null,"Mitch Win/Lose/Push":null,"Mitch":null,"Phil Bet Amount":null,"Phil Win/Lose/Push":null,"Phil":null,"Bryce Bet Amount":null,"Bryce Win/Lose/Push":null,"Bryce":null,"Cory Bet Amount":null,"Cory Win/Lose/Push":null,"Cory":null,"JB Bet Amount":null,"JB Win/Lose/Push":null,"JB":null,"Ethan Bet Amount":null,"Ethan Win/Lose/Push":null,"Ethan":null,"Jaime Bet Amount":null,"Jaime Win/Lose/Push":null,"Jaime":null,"Nathan Bet Amount":null,"Nathan Win/Lose/Push":null,"Nathan":null,"Evan Bet Amount":null,"Evan Win/Lose/Push":null,"Evan":null,"Brandon Bet Amount":null,"Brandon Win/Lose/Push":null,"Brandon":null,"Total Team Bet":null,"Legends Bet":null,"Leaders Bet":null,"To Win":null,"Payout":null,"TOTALS":null,"Mitch Totals":null,"Phil Totals":null,"Bryce Totals":null,"Cory Totals":null,"JB Totals":null,"Ethan Totals":null},{"Week":"150","Date":"09/12/2025","Mitch Bet Amount":null,"Mitch Win/Lose/Push":null,"Mitch":null,"Phil Bet Amount":null,"Phil Win/Lose/Push":null,"Phil":null,"Bryce Bet Amount":null,"Bryce Win/Lose/Push":null,"Bryce":null,"Cory Bet Amount":null,"Cory Win/Lose/Push":null,"Cory":null,"JB Bet Amount":null,"JB Win/Lose/Push":null,"JB":null,"Ethan Bet Amount":null,"Ethan Win/Lose/Push":null,"Ethan":null,"Jaime Bet Amount":null,"Jaime Win/Lose/Push":null,"Jaime":null,"Nathan Bet Amount":null,"Nathan Win/Lose/Push":null,"Nathan":null,"Evan Bet Amount":null,"Evan Win/Lose/Push":null,"Evan":null,"Brandon Bet Amount":null,"Brandon Win/Lose/Push":null,"Brandon":null,"Total Team Bet":null,"Legends Bet":null,"Leaders Bet":null,"To Win":null,"Payout":null,"TOTALS":null,"Mitch Totals":null,"Phil Totals":null,"Bryce Totals":null,"Cory Totals":null,"JB Totals":null,"Ethan Totals":null},{"Week":"151","Date":"09/19/2025","Mitch Bet Amount":null,"Mitch Win/Lose/Push":null,"Mitch":null,"Phil Bet Amount":null,"Phil Win/Lose/Push":null,"Phil":null,"Bryce Bet Amount":null,"Bryce Win/Lose/Push":null,"Bryce":null,"Cory Bet Amount":null,"Cory Win/Lose/Push":null,"Cory":null,"JB Bet Amount":null,"JB Win/Lose/Push":null,"JB":null,"Ethan Bet Amount":null,"Ethan Win/Lose/Push":null,"Ethan":null,"Jaime Bet Amount":null,"Jaime Win/Lose/Push":null,"Jaime":null,"Nathan Bet Amount":null,"Nathan Win/Lose/Push":null,"Nathan":null,"Evan Bet Amount":null,"Evan Win/Lose/Push":null,"Evan":null,"Brandon Bet Amount":null,"Brandon Win/Lose/Push":null,"Brandon":null,"Total Team Bet":null,"Legends Bet":null,"Leaders Bet":null,"To Win":null,"Payout":null,"TOTALS":null,"Mitch Totals":null,"Phil Totals":null,"Bryce Totals":null,"Cory Totals":null,"JB Totals":null,"Ethan Totals":null},{"Week":"152","Date":"09/26/2025","Mitch Bet Amount":null,"Mitch Win/Lose/Push":null,"Mitch":null,"Phil Bet Amount":null,"Phil Win/Lose/Push":null,"Phil":null,"Bryce Bet Amount":null,"Bryce Win/Lose/Push":null,"Bryce":null,"Cory Bet Amount":null,"Cory Win/Lose/Push":null,"Cory":null,"JB Bet Amount":null,"JB Win/Lose/Push":null,"JB":null,"Ethan Bet Amount":null,"Ethan Win/Lose/Push":null,"Ethan":null,"Jaime Bet Amount":null,"Jaime Win/Lose/Push":null,"Jaime":null,"Nathan Bet Amount":null,"Nathan Win/Lose/Push":null,"Nathan":null,"Evan Bet Amount":null,"Evan Win/Lose/Push":null,"Evan":null,"Brandon Bet Amount":null,"Brandon Win/Lose/Push":null,"Brandon":null,"Total Team Bet":null,"Legends Bet":null,"Leaders Bet":null,"To Win":null,"Payout":null,"TOTALS":null,"Mitch Totals":null,"Phil Totals":null,"Bryce Totals":null,"Cory Totals":null,"JB Totals":null,"Ethan Totals":null},{"Week":"153","Date":"10/03/2025","Mitch Bet Amount":null,"Mitch Win/Lose/Push":null,"Mitch":null,"Phil Bet Amount":null,"Phil Win/Lose/Push":null,"Phil":null,"Bryce Bet Amount":null,"Bryce Win/Lose/Push":null,"Bryce":null,"Cory Bet Amount":null,"Cory Win/Lose/Push":null,"Cory":null,"JB Bet Amount":null,"JB Win/Lose/Push":null,"JB":null,"Ethan Bet Amount":null,"Ethan Win/Lose/Push":null,"Ethan":null,"Jaime Bet Amount":null,"Jaime Win/Lose/Push":null,"Jaime":null,"Nathan Bet Amount":null,"Nathan Win/Lose/Push":null,"Nathan":null,"Evan Bet Amount":null,"Evan Win/Lose/Push":null,"Evan":null,"Brandon Bet Amount":null,"Brandon Win/Lose/Push":null,"Brandon":null,"Total Team Bet":null,"Legends Bet":null,"Leaders Bet":null,"To Win":null,"Payout":null,"TOTALS":null,"Mitch Totals":null,"Phil Totals":null,"Bryce Totals":null,"Cory Totals":null,"JB Totals":null,"Ethan Totals":null},{"Week":"154","Date":"10/10/2025","Mitch Bet Amount":null,"Mitch Win/Lose/Push":null,"Mitch":null,"Phil Bet Amount":null,"Phil Win/Lose/Push":null,"Phil":null,"Bryce Bet Amount":null,"Bryce Win/Lose/Push":null,"Bryce":null,"Cory Bet Amount":null,"Cory Win/Lose/Push":null,"Cory":null,"JB Bet Amount":null,"JB Win/Lose/Push":null,"JB":null,"Ethan Bet Amount":null,"Ethan Win/Lose/Push":null,"Ethan":null,"Jaime Bet Amount":null,"Jaime Win/Lose/Push":null,"Jaime":null,"Nathan Bet Amount":null,"Nathan Win/Lose/Push":null,"Nathan":null,"Evan Bet Amount":null,"Evan Win/Lose/Push":null,"Evan":null,"Brandon Bet Amount":null,"Brandon Win/Lose/Push":null,"Brandon":null,"Total Team Bet":null,"Legends Bet":null,"Leaders Bet":null,"To Win":null,"Payout":null,"TOTALS":null,"Mitch Totals":null,"Phil Totals":null,"Bryce Totals":null,"Cory Totals":null,"JB Totals":null,"Ethan Totals":null},{"Week":"155","Date":"10/17/2025","Mitch Bet Amount":null,"Mitch Win/Lose/Push":null,"Mitch":null,"Phil Bet Amount":null,"Phil Win/Lose/Push":null,"Phil":null,"Bryce Bet Amount":null,"Bryce Win/Lose/Push":null,"Bryce":null,"Cory Bet Amount":null,"Cory Win/Lose/Push":null,"Cory":null,"JB Bet Amount":null,"JB Win/Lose/Push":null,"JB":null,"Ethan Bet Amount":null,"Ethan Win/Lose/Push":null,"Ethan":null,"Jaime Bet Amount":null,"Jaime Win/Lose/Push":null,"Jaime":null,"Nathan Bet Amount":null,"Nathan Win/Lose/Push":null,"Nathan":null,"Evan Bet Amount":null,"Evan Win/Lose/Push":null,"Evan":null,"Brandon Bet Amount":null,"Brandon Win/Lose/Push":null,"Brandon":null,"Total Team Bet":null,"Legends Bet":null,"Leaders Bet":null,"To Win":null,"Payout":null,"TOTALS":null,"Mitch Totals":null,"Phil Totals":null,"Bryce Totals":null,"Cory Totals":null,"JB Totals":null,"Ethan Totals":null},{"Week":"156","Date":"10/24/2025","Mitch Bet Amount":null,"Mitch Win/Lose/Push":null,"Mitch":null,"Phil Bet Amount":null,"Phil Win/Lose/Push":null,"Phil":null,"Bryce Bet Amount":null,"Bryce Win/Lose/Push":null,"Bryce":null,"Cory Bet Amount":null,"Cory Win/Lose/Push":null,"Cory":null,"JB Bet Amount":null,"JB Win/Lose/Push":null,"JB":null,"Ethan Bet Amount":null,"Ethan Win/Lose/Push":null,"Ethan":null,"Jaime Bet Amount":null,"Jaime Win/Lose/Push":null,"Jaime":null,"Nathan Bet Amount":null,"Nathan Win/Lose/Push":null,"Nathan":null,"Evan Bet Amount":null,"Evan Win/Lose/Push":null,"Evan":null,"Brandon Bet Amount":null,"Brandon Win/Lose/Push":null,"Brandon":null,"Total Team Bet":null,"Legends Bet":null,"Leaders Bet":null,"To Win":null,"Payout":null,"TOTALS":null,"Mitch Totals":null,"Phil Totals":null,"Bryce Totals":null,"Cory Totals":null,"JB Totals":null,"Ethan Totals":null},{"Week":"157","Date":"10/31/2025","Mitch Bet Amount":null,"Mitch Win/Lose/Push":null,"Mitch":null,"Phil Bet Amount":null,"Phil Win/Lose/Push":null,"Phil":null,"Bryce Bet Amount":null,"Bryce Win/Lose/Push":null,"Bryce":null,"Cory Bet Amount":null,"Cory Win/Lose/Push":null,"Cory":null,"JB Bet Amount":null,"JB Win/Lose/Push":null,"JB":null,"Ethan Bet Amount":null,"Ethan Win/Lose/Push":null,"Ethan":null,"Jaime Bet Amount":null,"Jaime Win/Lose/Push":null,"Jaime":null,"Nathan Bet Amount":null,"Nathan Win/Lose/Push":null,"Nathan":null,"Evan Bet Amount":null,"Evan Win/Lose/Push":null,"Evan":null,"Brandon Bet Amount":null,"Brandon Win/Lose/Push":null,"Brandon":null,"Total Team Bet":null,"Legends Bet":null,"Leaders Bet":null,"To Win":null,"Payout":null,"TOTALS":null,"Mitch Totals":null,"Phil Totals":null,"Bryce Totals":null,"Cory Totals":null,"JB Totals":null,"Ethan Totals":null},{"Week":"158","Date":"11/07/2025","Mitch Bet Amount":null,"Mitch Win/Lose/Push":null,"Mitch":null,"Phil Bet Amount":null,"Phil Win/Lose/Push":null,"Phil":null,"Bryce Bet Amount":null,"Bryce Win/Lose/Push":null,"Bryce":null,"Cory Bet Amount":null,"Cory Win/Lose/Push":null,"Cory":null,"JB Bet Amount":null,"JB Win/Lose/Push":null,"JB":null,"Ethan Bet Amount":null,"Ethan Win/Lose/Push":null,"Ethan":null,"Jaime Bet Amount":null,"Jaime Win/Lose/Push":null,"Jaime":null,"Nathan Bet Amount":null,"Nathan Win/Lose/Push":null,"Nathan":null,"Evan Bet Amount":null,"Evan Win/Lose/Push":null,"Evan":null,"Brandon Bet Amount":null,"Brandon Win/Lose/Push":null,"Brandon":null,"Total Team Bet":null,"Legends Bet":null,"Leaders Bet":null,"To Win":null,"Payout":null,"TOTALS":null,"Mitch Totals":null,"Phil Totals":null,"Bryce Totals":null,"Cory Totals":null,"JB Totals":null,"Ethan Totals":null},{"Week":"159","Date":"11/14/2025","Mitch Bet Amount":null,"Mitch Win/Lose/Push":null,"Mitch":null,"Phil Bet Amount":null,"Phil Win/Lose/Push":null,"Phil":null,"Bryce Bet Amount":null,"Bryce Win/Lose/Push":null,"Bryce":null,"Cory Bet Amount":null,"Cory Win/Lose/Push":null,"Cory":null,"JB Bet Amount":null,"JB Win/Lose/Push":null,"JB":null,"Ethan Bet Amount":null,"Ethan Win/Lose/Push":null,"Ethan":null,"Jaime Bet Amount":null,"Jaime Win/Lose/Push":null,"Jaime":null,"Nathan Bet Amount":null,"Nathan Win/Lose/Push":null,"Nathan":null,"Evan Bet Amount":null,"Evan Win/Lose/Push":null,"Evan":null,"Brandon Bet Amount":null,"Brandon Win/Lose/Push":null,"Brandon":null,"Total Team Bet":null,"Legends Bet":null,"Leaders Bet":null,"To Win":null,"Payout":null,"TOTALS":null,"Mitch Totals":null,"Phil Totals":null,"Bryce Totals":null,"Cory Totals":null,"JB Totals":null,"Ethan Totals":null},{"Week":"160","Date":"11/21/2025","Mitch Bet Amount":null,"Mitch Win/Lose/Push":null,"Mitch":null,"Phil Bet Amount":null,"Phil Win/Lose/Push":null,"Phil":null,"Bryce Bet Amount":null,"Bryce Win/Lose/Push":null,"Bryce":null,"Cory Bet Amount":null,"Cory Win/Lose/Push":null,"Cory":null,"JB Bet Amount":null,"JB Win/Lose/Push":null,"JB":null,"Ethan Bet Amount":null,"Ethan Win/Lose/Push":null,"Ethan":null,"Jaime Bet Amount":null,"Jaime Win/Lose/Push":null,"Jaime":null,"Nathan Bet Amount":null,"Nathan Win/Lose/Push":null,"Nathan":null,"Evan Bet Amount":null,"Evan Win/Lose/Push":null,"Evan":null,"Brandon Bet Amount":null,"Brandon Win/Lose/Push":null,"Brandon":null,"Total Team Bet":null,"Legends Bet":null,"Leaders Bet":null,"To Win":null,"Payout":null,"TOTALS":null,"Mitch Totals":null,"Phil Totals":null,"Bryce Totals":null,"Cory Totals":null,"JB Totals":null,"Ethan Totals":null},{"Week":"161","Date":"11/28/2025","Mitch Bet Amount":null,"Mitch Win/Lose/Push":null,"Mitch":null,"Phil Bet Amount":null,"Phil Win/Lose/Push":null,"Phil":null,"Bryce Bet Amount":null,"Bryce Win/Lose/Push":null,"Bryce":null,"Cory Bet Amount":null,"Cory Win/Lose/Push":null,"Cory":null,"JB Bet Amount":null,"JB Win/Lose/Push":null,"JB":null,"Ethan Bet Amount":null,"Ethan Win/Lose/Push":null,"Ethan":null,"Jaime Bet Amount":null,"Jaime Win/Lose/Push":null,"Jaime":null,"Nathan Bet Amount":null,"Nathan Win/Lose/Push":null,"Nathan":null,"Evan Bet Amount":null,"Evan Win/Lose/Push":null,"Evan":null,"Brandon Bet Amount":null,"Brandon Win/Lose/Push":null,"Brandon":null,"Total Team Bet":null,"Legends Bet":null,"Leaders Bet":null,"To Win":null,"Payout":null,"TOTALS":null,"Mitch Totals":null,"Phil Totals":null,"Bryce Totals":null,"Cory Totals":null,"JB Totals":null,"Ethan Totals":null},{"Week":"162","Date":"12/05/2025","Mitch Bet Amount":null,"Mitch Win/Lose/Push":null,"Mitch":null,"Phil Bet Amount":null,"Phil Win/Lose/Push":null,"Phil":null,"Bryce Bet Amount":null,"Bryce Win/Lose/Push":null,"Bryce":null,"Cory Bet Amount":null,"Cory Win/Lose/Push":null,"Cory":null,"JB Bet Amount":null,"JB Win/Lose/Push":null,"JB":null,"Ethan Bet Amount":null,"Ethan Win/Lose/Push":null,"Ethan":null,"Jaime Bet Amount":null,"Jaime Win/Lose/Push":null,"Jaime":null,"Nathan Bet Amount":null,"Nathan Win/Lose/Push":null,"Nathan":null,"Evan Bet Amount":null,"Evan Win/Lose/Push":null,"Evan":null,"Brandon Bet Amount":null,"Brandon Win/Lose/Push":null,"Brandon":null,"Total Team Bet":null,"Legends Bet":null,"Leaders Bet":null,"To Win":null,"Payout":null,"TOTALS":null,"Mitch Totals":null,"Phil Totals":null,"Bryce Totals":null,"Cory Totals":null,"JB Totals":null,"Ethan Totals":null},{"Week":"163","Date":"12/12/2025","Mitch Bet Amount":null,"Mitch Win/Lose/Push":null,"Mitch":null,"Phil Bet Amount":null,"Phil Win/Lose/Push":null,"Phil":null,"Bryce Bet Amount":null,"Bryce Win/Lose/Push":null,"Bryce":null,"Cory Bet Amount":null,"Cory Win/Lose/Push":null,"Cory":null,"JB Bet Amount":null,"JB Win/Lose/Push":null,"JB":null,"Ethan Bet Amount":null,"Ethan Win/Lose/Push":null,"Ethan":null,"Jaime Bet Amount":null,"Jaime Win/Lose/Push":null,"Jaime":null,"Nathan Bet Amount":null,"Nathan Win/Lose/Push":null,"Nathan":null,"Evan Bet Amount":null,"Evan Win/Lose/Push":null,"Evan":null,"Brandon Bet Amount":null,"Brandon Win/Lose/Push":null,"Brandon":null,"Total Team Bet":null,"Legends Bet":null,"Leaders Bet":null,"To Win":null,"Payout":null,"TOTALS":null,"Mitch Totals":null,"Phil Totals":null,"Bryce Totals":null,"Cory Totals":null,"JB Totals":null,"Ethan Totals":null},{"Week":"164","Date":"12/19/2025","Mitch Bet Amount":null,"Mitch Win/Lose/Push":null,"Mitch":null,"Phil Bet Amount":null,"Phil Win/Lose/Push":null,"Phil":null,"Bryce Bet Amount":null,"Bryce Win/Lose/Push":null,"Bryce":null,"Cory Bet Amount":null,"Cory Win/Lose/Push":null,"Cory":null,"JB Bet Amount":null,"JB Win/Lose/Push":null,"JB":null,"Ethan Bet Amount":null,"Ethan Win/Lose/Push":null,"Ethan":null,"Jaime Bet Amount":null,"Jaime Win/Lose/Push":null,"Jaime":null,"Nathan Bet Amount":null,"Nathan Win/Lose/Push":null,"Nathan":null,"Evan Bet Amount":null,"Evan Win/Lose/Push":null,"Evan":null,"Brandon Bet Amount":null,"Brandon Win/Lose/Push":null,"Brandon":null,"Total Team Bet":null,"Legends Bet":null,"Leaders Bet":null,"To Win":null,"Payout":null,"TOTALS":null,"Mitch Totals":null,"Phil Totals":null,"Bryce Totals":null,"Cory Totals":null,"JB Totals":null,"Ethan Totals":null},{"Week":"165","Date":"12/26/2025","Mitch Bet Amount":null,"Mitch Win/Lose/Push":null,"Mitch":null,"Phil Bet Amount":null,"Phil Win/Lose/Push":null,"Phil":null,"Bryce Bet Amount":null,"Bryce Win/Lose/Push":null,"Bryce":null,"Cory Bet Amount":null,"Cory Win/Lose/Push":null,"Cory":null,"JB Bet Amount":null,"JB Win/Lose/Push":null,"JB":null,"Ethan Bet Amount":null,"Ethan Win/Lose/Push":null,"Ethan":null,"Jaime Bet Amount":null,"Jaime Win/Lose/Push":null,"Jaime":null,"Nathan Bet Amount":null,"Nathan Win/Lose/Push":null,"Nathan":null,"Evan Bet Amount":null,"Evan Win/Lose/Push":null,"Evan":null,"Brandon Bet Amount":null,"Brandon Win/Lose/Push":null,"Brandon":null,"Total Team Bet":null,"Legends Bet":null,"Leaders Bet":null,"To Win":null,"Payout":null,"TOTALS":null,"Mitch Totals":null,"Phil Totals":null,"Bryce Totals":null,"Cory Totals":null,"JB Totals":null,"Ethan Totals":null},{"Week":"166","Date":"01/02/2026","Mitch Bet Amount":null,"Mitch Win/Lose/Push":null,"Mitch":null,"Phil Bet Amount":null,"Phil Win/Lose/Push":null,"Phil":null,"Bryce Bet Amount":null,"Bryce Win/Lose/Push":null,"Bryce":null,"Cory Bet Amount":null,"Cory Win/Lose/Push":null,"Cory":null,"JB Bet Amount":null,"JB Win/Lose/Push":null,"JB":null,"Ethan Bet Amount":null,"Ethan Win/Lose/Push":null,"Ethan":null,"Jaime Bet Amount":null,"Jaime Win/Lose/Push":null,"Jaime":null,"Nathan Bet Amount":null,"Nathan Win/Lose/Push":null,"Nathan":null,"Evan Bet Amount":null,"Evan Win/Lose/Push":null,"Evan":null,"Brandon Bet Amount":null,"Brandon Win/Lose/Push":null,"Brandon":null,"Total Team Bet":null,"Legends Bet":null,"Leaders Bet":null,"To Win":null,"Payout":null,"TOTALS":null,"Mitch Totals":null,"Phil Totals":null,"Bryce Totals":null,"Cory Totals":null,"JB Totals":null,"Ethan Totals":null},{"Week":"167","Date":"01/09/2026","Mitch Bet Amount":null,"Mitch Win/Lose/Push":null,"Mitch":null,"Phil Bet Amount":null,"Phil Win/Lose/Push":null,"Phil":null,"Bryce Bet Amount":null,"Bryce Win/Lose/Push":null,"Bryce":null,"Cory Bet Amount":null,"Cory Win/Lose/Push":null,"Cory":null,"JB Bet Amount":null,"JB Win/Lose/Push":null,"JB":null,"Ethan Bet Amount":null,"Ethan Win/Lose/Push":null,"Ethan":null,"Jaime Bet Amount":null,"Jaime Win/Lose/Push":null,"Jaime":null,"Nathan Bet Amount":null,"Nathan Win/Lose/Push":null,"Nathan":null,"Evan Bet Amount":null,"Evan Win/Lose/Push":null,"Evan":null,"Brandon Bet Amount":null,"Brandon Win/Lose/Push":null,"Brandon":null,"Total Team Bet":null,"Legends Bet":null,"Leaders Bet":null,"To Win":null,"Payout":null,"TOTALS":null,"Mitch Totals":null,"Phil Totals":null,"Bryce Totals":null,"Cory Totals":null,"JB Totals":null,"Ethan Totals":null}]
3:31:44 AM [express] GET /api/data 304 in 6ms :: [{"Week":"1","Date":"8/25/23","Mitch Bet Amount":"$10","Mitch Win/Lose/Push":"Win","Mitch":"San Diego St -2.5","Phil Bet Amount":"$10","Phil Win/Lose/Push":"Win","Phil":"Hawaii/Vanderbilt Over","Bryce Bet Amount":"$5","Bryce Win/Lose/Push":"Win","Bryce":"Glover over Henley","Cory Bet Amount":"$10","Cory Win/Lose/Push":"Win","Cory":"Nebraska +7.5","JB Bet Amount":"$5","JB Win/Lose/Push":"Win","JB":"Utah","Ethan Bet Amount":"$10","Ethan Win/Lose/Push":"Win","Ethan":"MN/Neb Under","Jaime Bet Amount":"","Jaime Win/Lose/Push":"","Jaime":"","Nathan Bet Amount":"","Nathan Win/Lose/Push":"","Nathan":"","Evan Bet Amount":"","Evan Win/Lose/Push":"","Evan":"","Brandon Bet Amount":"","Brandon Win/Lose/Push":"","Brandon":"","Total Team Bet":"$50.00","Legends Bet":"","Leaders Bet":"","To Win":"2752.57","Payout":"$2,802.57","TOTALS":"Total Bet","Mitch Totals":"290","Phil Totals":"260","Bryce Totals":"240","Cory Totals":"360","JB Totals":"405","Ethan Totals":"295","Jaime Totals":"0","Nate Totals":"0","Evan Totals":"0","Brandon Totals":"0"},{"Week":"2","Date":"9/1/23","Mitch Bet Amount":"$5","Mitch Win/Lose/Push":"Win","Mitch":"Washington -14","Phil Bet Amount":"$5","Phil Win/Lose/Push":"Loss","Phil":"Purdue/Fresno Under","Bryce Bet Amount":"$5","Bryce Win/Lose/Push":"Win","Bryce":"Tail Ethan","Cory Bet Amount":"$5","Cory Win/Lose/Push":"Loss","Cory":"Wisconsin under","JB Bet Amount":"$5","JB Win/Lose/Push":"Loss","JB":"Utsa. meep meep","Ethan Bet Amount":"$5","Ethan Win/Lose/Push":"Win","Ethan":"Iowa Under","Jaime Bet Amount":"","Jaime Win/Lose/Push":"","Jaime":"","Nathan Bet Amount":"","Nathan Win/Lose/Push":"","Nathan":"","Evan Bet Amount":"","Evan Win/Lose/Push":"","Evan":"","Brandon Bet Amount":"","Brandon Win/Lose/Push":"","Brandon":"","Total Team Bet":"$30.00","Legends Bet":"","Leaders Bet":"","To Win":"","Payout":"","TOTALS":"Total Wins","Mitch Totals":"17","Phil Totals":"17","Bryce Totals":"18","Cory Totals":"11","JB Totals":"11","Ethan Totals":"17","Jaime Totals":"0","Nate Totals":"0","Evan Totals":"0","Brandon Totals":"0"},{"Week":"3","Date":"9/8/23","Mitch Bet Amount":"$5","Mitch Win/Lose/Push":"Win","Mitch":"Georgia Southern -7","Phil Bet Amount":"$10","Phil Win/Lose/Push":"Win","Phil":"Nebraska/Coach Prime Under","Bryce Bet Amount":"$5","Bryce Win/Lose/Push":"Win","Bryce":"Gophers under","Cory Bet Amount":"$10","Cory Win/Lose/Push":"Loss","Cory":"Bears -1.5","JB Bet Amount":"$10","JB Win/Lose/Push":"Win","JB":"coach prime -3","Ethan Bet Amount":"$5","Ethan Win/Lose/Push":"Win","Ethan":"Tail Phil ","Jaime Bet Amount":"","Jaime Win/Lose/Push":"","Jaime":"","Nathan Bet Amount":"","Nathan Win/Lose/Push":"","Nathan":"","Evan Bet Amount":"","Evan Win/Lose/Push":"","Evan":"","Brandon Bet Amount":"","Brandon Win/Lose/Push":"","Brandon":"","Total Team Bet":"$45.00","Legends Bet":"","Leaders Bet":"","To Win":"","Payout":"","TOTALS":"Total Losses","Mitch Totals":"12","Phil Totals":"11","Bryce Totals":"13","Cory Totals":"18","JB Totals":"18","Ethan Totals":"14","Jaime Totals":"0","Nate Totals":"0","Evan Totals":"0","Brandon Totals":"0"},{"Week":"4","Date":"9/15/23","Mitch Bet Amount":"$5","Mitch Win/Lose/Push":"Win","Mitch":"Rutgers -7","Phil Bet Amount":"$5","Phil Win/Lose/Push":"Win","Phil":"Indiana under","Bryce Bet Amount":"$5","Bryce Win/Lose/Push":"Loss","Bryce":"Nebraska under","Cory Bet Amount":"$15","Cory Win/Lose/Push":"Loss","Cory":"Ohio st under","JB Bet Amount":"$5","JB Win/Lose/Push":"Win","JB":"Wisconsin -20 ","Ethan Bet Amount":"$5","Ethan Win/Lose/Push":"Win","Ethan":"Florida +5.5","Jaime Bet Amount":"","Jaime Win/Lose/Push":"","Jaime":"","Nathan Bet Amount":"","Nathan Win/Lose/Push":"","Nathan":"","Evan Bet Amount":"","Evan Win/Lose/Push":"","Evan":"","Brandon Bet Amount":"","Brandon Win/Lose/Push":"","Brandon":"","Total Team Bet":"$40.00","Legends Bet":"","Leaders Bet":"","To Win":"","Payout":"","TOTALS":"Total Pushes","Mitch Totals":"2","Phil Totals":"3","Bryce Totals":"0","Cory Totals":"2","JB Totals":"2","Ethan Totals":"0","Jaime Totals":"0","Nate Totals":"0","Evan Totals":"0","Brandon Totals":"0"},{"Week":"5","Date":"9/22/23","Mitch Bet Amount":"$5","Mitch Win/Lose/Push":"Win","Mitch":"Texas A&M -9 ","Phil Bet Amount":"$5","Phil Win/Lose/Push":"Win","Phil":"TCU/SMU Under ","Bryce Bet Amount":"$10","Bryce Win/Lose/Push":"Loss","Bryce":"Vikings -1 ","Cory Bet Amount":"$20","Cory Win/Lose/Push":"Loss","Cory":"Tail JB ","JB Bet Amount":"$5","JB Win/Lose/Push":"Loss","JB":"Psu over ","Ethan Bet Amount":"$5","Ethan Win/Lose/Push":"Loss","Ethan":"Gophs Cover ","Jaime Bet Amount":"","Jaime Win/Lose/Push":"","Jaime":"","Nathan Bet Amount":"","Nathan Win/Lose/Push":"","Nathan":"","Evan Bet Amount":"","Evan Win/Lose/Push":"","Evan":"","Brandon Bet Amount":"","Brandon Win/Lose/Push":"","Brandon":"","Total Team Bet":"$50.00","Legends Bet":"","Leaders Bet":"","To Win":"","Payout":"","TOTALS":"Win Percentage","Mitch Totals":"58.62%","Phil Totals":"60.71%","Bryce Totals":"58.06%","Cory Totals":"37.93%","JB Totals":"37.93%","Ethan Totals":"54.84%","Jaime Totals":"0.00%","Nate Totals":"0.00%","Evan Totals":"0.00%","Brandon Totals":"0.00%"},{"Week":"6","Date":"9/29/23","Mitch Bet Amount":"$5","Mitch Win/Lose/Push":"Push","Mitch":"Memphis -3","Phil Bet Amount":"$5","Phil Win/Lose/Push":"Win","Phil":"Texas A&M/Arkansas Over","Bryce Bet Amount":"$15","Bryce Win/Lose/Push":"Win","Bryce":"Colorado cover","Cory Bet Amount":"$25","Cory Win/Lose/Push":"Push","Cory":"Mitch ","JB Bet Amount":"$10","JB Win/Lose/Push":"Loss","JB":"UNLV under","Ethan Bet Amount":"$10","Ethan Win/Lose/Push":"Loss","Ethan":"Iowa -10.5","Jaime Bet Amount":"","Jaime Win/Lose/Push":"","Jaime":"","Nathan Bet Amount":"","Nathan Win/Lose/Push":"","Nathan":"","Evan Bet Amount":"","Evan Win/Lose/Push":"","Evan":"","Brandon Bet Amount":"","Brandon Win/Lose/Push":"","Brandon":"","Total Team Bet":"$70.00","Legends Bet":null,"Leaders Bet":null,"To Win":null,"Payout":null,"TOTALS":null,"Mitch Totals":null,"Phil Totals":null,"Bryce Totals":null,"Cory Totals":null,"JB Totals":null,"Ethan Totals":null,"Jaime Totals":null,"Nate Totals":null,"Evan Totals":null,"Brandon Totals":null},{"Week":"7","Date":"10/6/23","Mitch Bet Amount":"$5","Mitch Win/Lose/Push":"Loss","Mitch":"Notre Dame -6.5","Phil Bet Amount":"$5","Phil Win/Lose/Push":"Win","Phil":"LSU/Mizzou Over","Bryce Bet Amount":"$5","Bryce Win/Lose/Push":"Win","Bryce":"Rutgers ","Cory Bet Amount":"$25","Cory Win/Lose/Push":"Win","Cory":"JB","JB Bet Amount":"$15","JB Win/Lose/Push":"Win","JB":"MichigaN -20","Ethan Bet Amount":"$15","Ethan Win/Lose/Push":"Loss","Ethan":"Gopher under","Jaime Bet Amount":"","Jaime Win/Lose/Push":"","Jaime":"","Nathan Bet Amount":"","Nathan Win/Lose/Push":"","Nathan":"","Evan Bet Amount":"","Evan Win/Lose/Push":"","Evan":"","Brandon Bet Amount":"","Brandon Win/Lose/Push":"","Brandon":"","Total Team Bet":"$70.00","Legends Bet":null,"Leaders Bet":null,"To Win":null,"Payout":null,"TOTALS":null,"Mitch Totals":null,"Phil Totals":null,"Bryce Totals":null,"Cory Totals":null,"JB Totals":null,"Ethan Totals":null,"Jaime Totals":null,"Nate Totals":null,"Evan Totals":null,"Brandon Totals":null},{"Week":"8","Date":"10/13/23","Mitch Bet Amount":"$10","Mitch Win/Lose/Push":"Win","Mitch":"Kansas St/TT Over","Phil Bet Amount":"$5","Phil Win/Lose/Push":"Win","Phil":"OSU/Purdue Under","Bryce Bet Amount":"$5","Bryce Win/Lose/Push":"Win","Bryce":"Washington cover","Cory Bet Amount":"$5","Cory Win/Lose/Push":"Loss","Cory":"Louisville cover","JB Bet Amount":"$5","JB Win/Lose/Push":"Loss","JB":"Temple Over","Ethan Bet Amount":"$20","Ethan Win/Lose/Push":"Loss","Ethan":"Tail Cory","Jaime Bet Amount":"","Jaime Win/Lose/Push":"","Jaime":"","Nathan Bet Amount":"","Nathan Win/Lose/Push":"","Nathan":"","Evan Bet Amount":"","Evan Win/Lose/Push":"","Evan":"","Brandon Bet Amount":"","Brandon Win/Lose/Push":"","Brandon":"","Total Team Bet":"$50.00","Legends Bet":null,"Leaders Bet":null,"To Win":null,"Payout":null,"TOTALS":null,"Mitch Totals":null,"Phil Totals":null,"Bryce Totals":null,"Cory Totals":null,"JB Totals":null,"Ethan Totals":null,"Jaime Totals":null,"Nate Totals":null,"Evan Totals":null,"Brandon Totals":null},{"Week":"9","Date":"10/20/23","Mitch Bet Amount":"$5","Mitch Win/Lose/Push":"Win","Mitch":"Kansas St -5.5 ","Phil Bet Amount":"$5","Phil Win/Lose/Push":"Win","Phil":"Air Force/navy under ","Bryce Bet Amount":"$5","Bryce Win/Lose/Push":"Win","Bryce":"Utah  ","Cory Bet Amount":"$10","Cory Win/Lose/Push":"Loss","Cory":"Iowa ","JB Bet Amount":"$10","JB Win/Lose/Push":"Win","JB":"michigan ","Ethan Bet Amount":"$25","Ethan Win/Lose/Push":"Win","Ethan":"Tail Mitch  ","Jaime Bet Amount":"","Jaime Win/Lose/Push":"","Jaime":"","Nathan Bet Amount":"","Nathan Win/Lose/Push":"","Nathan":"","Evan Bet Amount":"","Evan Win/Lose/Push":"","Evan":"","Brandon Bet Amount":"","Brandon Win/Lose/Push":"","Brandon":"","Total Team Bet":"$60.00","Legends Bet":null,"Leaders Bet":null,"To Win":null,"Payout":null,"TOTALS":null,"Mitch Totals":null,"Phil Totals":null,"Bryce Totals":null,"Cory Totals":null,"JB Totals":null,"Ethan Totals":null,"Jaime Totals":null,"Nate Totals":null,"Evan Totals":null,"Brandon Totals":null},{"Week":"10","Date":"10/27/23","Mitch Bet Amount":"$5","Mitch Win/Lose/Push":"Loss","Mitch":"Maryland -14 ","Phil Bet Amount":"$5","Phil Win/Lose/Push":"Win","Phil":"UConn/BC Under ","Bryce Bet Amount":"$5","Bryce Win/Lose/Push":"Loss","Bryce":"Oregon St ","Cory Bet Amount":"$15","Cory Win/Lose/Push":"Win","Cory":"Vikings ","JB Bet Amount":"$5","JB Win/Lose/Push":"Loss","JB":"Oklahoma -9 ","Ethan Bet Amount":"$5","Ethan Win/Lose/Push":"Loss","Ethan":"Memphis N Texas U 68 ","Jaime Bet Amount":"","Jaime Win/Lose/Push":"","Jaime":"","Nathan Bet Amount":"","Nathan Win/Lose/Push":"","Nathan":"","Evan Bet Amount":"","Evan Win/Lose/Push":"","Evan":"","Brandon Bet Amount":"","Brandon Win/Lose/Push":"","Brandon":"","Total Team Bet":"$40.00","Legends Bet":null,"Leaders Bet":null,"To Win":null,"Payout":null,"TOTALS":null,"Mitch Totals":null,"Phil Totals":null,"Bryce Totals":null,"Cory Totals":null,"JB Totals":null,"Ethan Totals":null,"Jaime Totals":null,"Nate Totals":null,"Evan Totals":null,"Brandon Totals":null},{"Week":"11","Date":"11/3/23","Mitch Bet Amount":"$10","Mitch Win/Lose/Push":"Loss","Mitch":"Nebraska -3","Phil Bet Amount":"$5","Phil Win/Lose/Push":"Loss","Phil":"Arkansas/Florida Under","Bryce Bet Amount":"$10","Bryce Win/Lose/Push":"Win","Bryce":"Washington (whoever is playing USC)","Cory Bet Amount":"$5","Cory Win/Lose/Push":"Loss","Cory":"Gophers under","JB Bet Amount":"$10","JB Win/Lose/Push":"Win","JB":"Michigan Over","Ethan Bet Amount":"$10","Ethan Win/Lose/Push":"Win","Ethan":"Bama -3","Jaime Bet Amount":"","Jaime Win/Lose/Push":"","Jaime":"","Nathan Bet Amount":"","Nathan Win/Lose/Push":"","Nathan":"","Evan Bet Amount":"","Evan Win/Lose/Push":"","Evan":"","Brandon Bet Amount":"","Brandon Win/Lose/Push":"","Brandon":"","Total Team Bet":"$50.00","Legends Bet":null,"Leaders Bet":null,"To Win":null,"Payout":null,"TOTALS":null,"Mitch Totals":null,"Phil Totals":null,"Bryce Totals":null,"Cory Totals":null,"JB Totals":null,"Ethan Totals":null,"Jaime Totals":null,"Nate Totals":null,"Evan Totals":null,"Brandon Totals":null},{"Week":"12","Date":"11/10/23","Mitch Bet Amount":"$15","Mitch Win/Lose/Push":"Loss","Mitch":"Washington cover ","Phil Bet Amount":"$10","Phil Win/Lose/Push":"Win","Phil":"Maryland Nebraska under ","Bryce Bet Amount":"$5","Bryce Win/Lose/Push":"Win","Bryce":"vikes ","Cory Bet Amount":"$10","Cory Win/Lose/Push":"Loss","Cory":"Gb/pitt under ","JB Bet Amount":"$5","JB Win/Lose/Push":"Loss","JB":"fsu -14 ","Ethan Bet Amount":"$5","Ethan Win/Lose/Push":"Loss","Ethan":"Falcons -1.5 ","Jaime Bet Amount":"","Jaime Win/Lose/Push":"","Jaime":"","Nathan Bet Amount":"","Nathan Win/Lose/Push":"","Nathan":"","Evan Bet Amount":"","Evan Win/Lose/Push":"","Evan":"","Brandon Bet Amount":"","Brandon Win/Lose/Push":"","Brandon":"","Total Team Bet":"$50.00","Legends Bet":null,"Leaders Bet":null,"To Win":null,"Payout":null,"TOTALS":null,"Mitch Totals":null,"Phil Totals":null,"Bryce Totals":null,"Cory Totals":null,"JB Totals":null,"Ethan Totals":null,"Jaime Totals":null,"Nate Totals":null,"Evan Totals":null,"Brandon Totals":null},{"Week":"13","Date":"11/17/23","Mitch Bet Amount":"$20","Mitch Win/Lose/Push":"Win","Mitch":"Phil","Phil Bet Amount":"$5","Phil Win/Lose/Push":"Win","Phil":"Tulane FAU under","Bryce Bet Amount":"$5","Bryce Win/Lose/Push":"Win","Bryce":"vikes","Cory Bet Amount":"$15","Cory Win/Lose/Push":"Win","Cory":"Osu cover","JB Bet Amount":"$10","JB Win/Lose/Push":"Win","JB":"Georgia","Ethan Bet Amount":"$10","Ethan Win/Lose/Push":"Loss","Ethan":"Nebraska Wisconsin under","Jaime Bet Amount":"","Jaime Win/Lose/Push":"","Jaime":"","Nathan Bet Amount":"","Nathan Win/Lose/Push":"","Nathan":"","Evan Bet Amount":"","Evan Win/Lose/Push":"","Evan":"","Brandon Bet Amount":"","Brandon Win/Lose/Push":"","Brandon":"","Total Team Bet":"$65.00","Legends Bet":null,"Leaders Bet":null,"To Win":null,"Payout":null,"TOTALS":null,"Mitch Totals":null,"Phil Totals":null,"Bryce Totals":null,"Cory Totals":null,"JB Totals":null,"Ethan Totals":null,"Jaime Totals":null,"Nate Totals":null,"Evan Totals":null,"Brandon Totals":null},{"Week":"14","Date":"11/24/23","Mitch Bet Amount":"$5","Mitch Win/Lose/Push":"Win","Mitch":"Kansas -7 ","Phil Bet Amount":"$5","Phil Win/Lose/Push":"Loss","Phil":"Kentucky Louisville Under","Bryce Bet Amount":"$5","Bryce Win/Lose/Push":"Loss","Bryce":"Vikes ","Cory Bet Amount":"$5","Cory Win/Lose/Push":"Win","Cory":"Isu/ksu over ","JB Bet Amount":"$5","JB Win/Lose/Push":"Loss","JB":"Alabama ","Ethan Bet Amount":"$15","Ethan Win/Lose/Push":"Loss","Ethan":"Mich osu under  ","Jaime Bet Amount":"","Jaime Win/Lose/Push":"","Jaime":"","Nathan Bet Amount":"","Nathan Win/Lose/Push":"","Nathan":"","Evan Bet Amount":"","Evan Win/Lose/Push":"","Evan":"","Brandon Bet Amount":"","Brandon Win/Lose/Push":"","Brandon":"","Total Team Bet":"$40.00","Legends Bet":null,"Leaders Bet":null,"To Win":null,"Payout":null,"TOTALS":null,"Mitch Totals":null,"Phil Totals":null,"Bryce Totals":null,"Cory Totals":null,"JB Totals":null,"Ethan Totals":null,"Jaime Totals":null,"Nate Totals":null,"Evan Totals":null,"Brandon Totals":null},{"Week":"15","Date":"12/1/23","Mitch Bet Amount":"$5","Mitch Win/Lose/Push":"Loss","Mitch":"Georgia ","Phil Bet Amount":"$10","Phil Win/Lose/Push":"Win","Phil":"Iowa/Michigan Under","Bryce Bet Amount":"$10","Bryce Win/Lose/Push":"Win","Bryce":"3 Chances - Sheffler/Morikowa/Fitzpatrick ","Cory Bet Amount":"$5","Cory Win/Lose/Push":"Win","Cory":"Lions","JB Bet Amount":"$10","JB Win/Lose/Push":"Loss","JB":"Steelers","Ethan Bet Amount":"$20","Ethan Win/Lose/Push":"Win","Ethan":"Tail Phil","Jaime Bet Amount":"","Jaime Win/Lose/Push":"","Jaime":"","Nathan Bet Amount":"","Nathan Win/Lose/Push":"","Nathan":"","Evan Bet Amount":"","Evan Win/Lose/Push":"","Evan":"","Brandon Bet Amount":"","Brandon Win/Lose/Push":"","Brandon":"","Total Team Bet":"$60.00","Legends Bet":null,"Leaders Bet":null,"To Win":null,"Payout":null,"TOTALS":null,"Mitch Totals":null,"Phil Totals":null,"Bryce Totals":null,"Cory Totals":null,"JB Totals":null,"Ethan Totals":null,"Jaime Totals":null,"Nate Totals":null,"Evan Totals":null,"Brandon Totals":null},{"Week":"16","Date":"12/8/23","Mitch Bet Amount":"$10","Mitch Win/Lose/Push":"Win","Mitch":"gophers bball ","Phil Bet Amount":"$5","Phil Win/Lose/Push":"Push","Phil":"Army/Navy Under ","Bryce Bet Amount":"$5","Bryce Win/Lose/Push":"Loss","Bryce":"Cory ","Cory Bet Amount":"$5","Cory Win/Lose/Push":"Loss","Cory":"Texans Cover ","JB Bet Amount":"$15","JB Win/Lose/Push":"Win","JB":"Arizona bball ","Ethan Bet Amount":"$5","Ethan Win/Lose/Push":"Win","Ethan":"Tail Mitch  ","Jaime Bet Amount":"","Jaime Win/Lose/Push":"","Jaime":"","Nathan Bet Amount":"","Nathan Win/Lose/Push":"","Nathan":"","Evan Bet Amount":"","Evan Win/Lose/Push":"","Evan":"","Brandon Bet Amount":"","Brandon Win/Lose/Push":"","Brandon":"","Total Team Bet":"$45.00","Legends Bet":null,"Leaders Bet":null,"To Win":null,"Payout":null,"TOTALS":null,"Mitch Totals":null,"Phil Totals":null,"Bryce Totals":null,"Cory Totals":null,"JB Totals":null,"Ethan Totals":null,"Jaime Totals":null,"Nate Totals":null,"Evan Totals":null,"Brandon Totals":null},{"Week":"17","Date":"12/15/23","Mitch Bet Amount":"$5","Mitch Win/Lose/Push":"Loss","Mitch":"Kansas bball  ","Phil Bet Amount":"$5","Phil Win/Lose/Push":"Loss","Phil":"UCLA/boise under ","Bryce Bet Amount":"$10","Bryce Win/Lose/Push":"Loss","Bryce":"2 chances, team woods / team Thomas ","Cory Bet Amount":"$10","Cory Win/Lose/Push":"Win","Cory":"San Fran cover ","JB Bet Amount":"$5","JB Win/Lose/Push":"Loss","JB":"Myrtle Beach Bowl Under ","Ethan Bet Amount":"$5","Ethan Win/Lose/Push":"Win","Ethan":"Twolves Under ","Jaime Bet Amount":"","Jaime Win/Lose/Push":"","Jaime":"","Nathan Bet Amount":"","Nathan Win/Lose/Push":"","Nathan":"","Evan Bet Amount":"","Evan Win/Lose/Push":"","Evan":"","Brandon Bet Amount":"","Brandon Win/Lose/Push":"","Brandon":"","Total Team Bet":"$40.00","Legends Bet":null,"Leaders Bet":null,"To Win":null,"Payout":null,"TOTALS":null,"Mitch Totals":null,"Phil Totals":null,"Bryce Totals":null,"Cory Totals":null,"JB Totals":null,"Ethan Totals":null,"Jaime Totals":null,"Nate Totals":null,"Evan Totals":null,"Brandon Totals":null},{"Week":"18","Date":"12/22/23","Mitch Bet Amount":"$10","Mitch Win/Lose/Push":"Loss","Mitch":"Troy ","Phil Bet Amount":"$10","Phil Win/Lose/Push":"Loss","Phil":"Minnesota/bowling green under ","Bryce Bet Amount":"$15","Bryce Win/Lose/Push":"Loss","Bryce":"Utah  ","Cory Bet Amount":"$5","Cory Win/Lose/Push":"Loss","Cory":"James Madison ","JB Bet Amount":"$10","JB Win/Lose/Push":"Loss","JB":"Nu/UTAH over ","Ethan Bet Amount":"$5","Ethan Win/Lose/Push":"Win","Ethan":"Lions -3 ","Jaime Bet Amount":"","Jaime Win/Lose/Push":"","Jaime":"","Nathan Bet Amount":"","Nathan Win/Lose/Push":"","Nathan":"","Evan Bet Amount":"","Evan Win/Lose/Push":"","Evan":"","Brandon Bet Amount":"","Brandon Win/Lose/Push":"","Brandon":"","Total Team Bet":"$55.00","Legends Bet":null,"Leaders Bet":null,"To Win":null,"Payout":null,"TOTALS":null,"Mitch Totals":null,"Phil Totals":null,"Bryce Totals":null,"Cory Totals":null,"JB Totals":null,"Ethan Totals":null,"Jaime Totals":null,"Nate Totals":null,"Evan Totals":null,"Brandon Totals":null},{"Week":"19","Date":"12/29/23","Mitch Bet Amount":"$15","Mitch Win/Lose/Push":"Loss","Mitch":"FIU bball","Phil Bet Amount":"$15","Phil Win/Lose/Push":"Win","Phil":"Ole Miss/Penn State Over","Bryce Bet Amount":"$20","Bryce Win/Lose/Push":"Win","Bryce":"when Phil overs you don't think twice","Cory Bet Amount":"$10","Cory Win/Lose/Push":"Loss","Cory":"Bucs over ","JB Bet Amount":"$15","JB Win/Lose/Push":"Loss","JB":"georgia under","Ethan Bet Amount":"$5","Ethan Win/Lose/Push":"Loss","Ethan":"Lakers/Wolves Over 225","Jaime Bet Amount":"","Jaime Win/Lose/Push":"","Jaime":"","Nathan Bet Amount":"","Nathan Win/Lose/Push":"","Nathan":"","Evan Bet Amount":"","Evan Win/Lose/Push":"","Evan":"","Brandon Bet Amount":"","Brandon Win/Lose/Push":"","Brandon":"","Total Team Bet":"$80.00","Legends Bet":null,"Leaders Bet":null,"To Win":null,"Payout":null,"TOTALS":null,"Mitch Totals":null,"Phil Totals":null,"Bryce Totals":null,"Cory Totals":null,"JB Totals":null,"Ethan Totals":null,"Jaime Totals":null,"Nate Totals":null,"Evan Totals":null,"Brandon Totals":null},{"Week":"20","Date":"1/5/24","Mitch Bet Amount":"$20","Mitch Win/Lose/Push":"Loss","Mitch":"Tail Ethan ","Phil Bet Amount":"$5","Phil Win/Lose/Push":"Loss","Phil":"Baltimore ravens +3","Bryce Bet Amount":"$5","Bryce Win/Lose/Push":"Loss","Bryce":"Washington +4.5","Cory Bet Amount":"$15","Cory Win/Lose/Push":"Loss","Cory":"Wild under","JB Bet Amount":"$20","JB Win/Lose/Push":"Loss","JB":"phil","Ethan Bet Amount":"$10","Ethan Win/Lose/Push":"Loss","Ethan":"Bucks -5 @ rockets","Jaime Bet Amount":"","Jaime Win/Lose/Push":"","Jaime":"","Nathan Bet Amount":"","Nathan Win/Lose/Push":"","Nathan":"","Evan Bet Amount":"","Evan Win/Lose/Push":"","Evan":"","Brandon Bet Amount":"","Brandon Win/Lose/Push":"","Brandon":"","Total Team Bet":"$75.00","Legends Bet":null,"Leaders Bet":null,"To Win":null,"Payout":null,"TOTALS":null,"Mitch Totals":null,"Phil Totals":null,"Bryce Totals":null,"Cory Totals":null,"JB Totals":null,"Ethan Totals":null,"Jaime Totals":null,"Nate Totals":null,"Evan Totals":null,"Brandon Totals":null},{"Week":"21","Date":"1/12/24","Mitch Bet Amount":"$25","Mitch Win/Lose/Push":"Push","Mitch":"phil ","Phil Bet Amount":"$10","Phil Win/Lose/Push":"Push","Phil":"Pittsburgh/Buffalo under 33 ","Bryce Bet Amount":"$10","Bryce Win/Lose/Push":"Win","Bryce":"Rams +3 ","Cory Bet Amount":"$20","Cory Win/Lose/Push":"Push","Cory":"Phil ","JB Bet Amount":"$25","JB Win/Lose/Push":"Push","JB":"phil ","Ethan Bet Amount":"$15","Ethan Win/Lose/Push":"Loss","Ethan":"Dolphins +4.5 ","Jaime Bet Amount":"","Jaime Win/Lose/Push":"","Jaime":"","Nathan Bet Amount":"","Nathan Win/Lose/Push":"","Nathan":"","Evan Bet Amount":"","Evan Win/Lose/Push":"","Evan":"","Brandon Bet Amount":"","Brandon Win/Lose/Push":"","Brandon":"","Total Team Bet":"$105.00","Legends Bet":null,"Leaders Bet":null,"To Win":null,"Payout":null,"TOTALS":null,"Mitch Totals":null,"Phil Totals":null,"Bryce Totals":null,"Cory Totals":null,"JB Totals":null,"Ethan Totals":null,"Jaime Totals":null,"Nate Totals":null,"Evan Totals":null,"Brandon Totals":null},{"Week":"22","Date":"1/19/24","Mitch Bet Amount":"$25","Mitch Win/Lose/Push":"Win","Mitch":"Bryce ","Phil Bet Amount":"$10","Phil Win/Lose/Push":"Push","Phil":"Baltimore/Houston Under ","Bryce Bet Amount":"$5","Bryce Win/Lose/Push":"Win","Bryce":"Tampa / Detroit Over ","Cory Bet Amount":"$20","Cory Win/Lose/Push":"Win","Cory":"Bryce ","JB Bet Amount":"$20","JB Win/Lose/Push":"Push","JB":"Phil ","Ethan Bet Amount":"$20","Ethan Win/Lose/Push":"Win","Ethan":"Bryce ","Jaime Bet Amount":"","Jaime Win/Lose/Push":"","Jaime":"","Nathan Bet Amount":"","Nathan Win/Lose/Push":"","Nathan":"","Evan Bet Amount":"","Evan Win/Lose/Push":"","Evan":"","Brandon Bet Amount":"","Brandon Win/Lose/Push":"","Brandon":"","Total Team Bet":"$100.00","Legends Bet":"","Leaders Bet":"","To Win":"256.92","Payout":"$186.00","TOTALS":null,"Mitch Totals":null,"Phil Totals":null,"Bryce Totals":null,"Cory Totals":null,"JB Totals":null,"Ethan Totals":null,"Jaime Totals":null,"Nate Totals":null,"Evan Totals":null,"Brandon Totals":null},{"Week":"23","Date":"1/26/24","Mitch Bet Amount":"$5","Mitch Win/Lose/Push":"Win","Mitch":"Arizona -3.5 ","Phil Bet Amount":"$10","Phil Win/Lose/Push":"Loss","Phil":"Georgia/Florida Under ","Bryce Bet Amount":"$5","Bryce Win/Lose/Push":"Loss","Bryce":"KC / Baltimore Over ","Cory Bet Amount":"$5","Cory Win/Lose/Push":"Loss","Cory":"Det/sf under ","JB Bet Amount":"$20","JB Win/Lose/Push":"Loss","JB":"4th times a charm (Phil) ","Ethan Bet Amount":"$5","Ethan Win/Lose/Push":"Win","Ethan":"Sac kings +1.5 ","Jaime Bet Amount":"","Jaime Win/Lose/Push":"","Jaime":"","Nathan Bet Amount":"","Nathan Win/Lose/Push":"","Nathan":"","Evan Bet Amount":"","Evan Win/Lose/Push":"","Evan":"","Brandon Bet Amount":"","Brandon Win/Lose/Push":"","Brandon":"","Total Team Bet":"$50.00","Legends Bet":null,"Leaders Bet":null,"To Win":null,"Payout":null,"TOTALS":null,"Mitch Totals":null,"Phil Totals":null,"Bryce Totals":null,"Cory Totals":null,"JB Totals":null,"Ethan Totals":null,"Jaime Totals":null,"Nate Totals":null,"Evan Totals":null,"Brandon Totals":null},{"Week":"24","Date":"2/2/24","Mitch Bet Amount":"$5","Mitch Win/Lose/Push":"Loss","Mitch":"Oklahoma -1.5 ","Phil Bet Amount":"$15","Phil Win/Lose/Push":"Loss","Phil":"Houston -1 ","Bryce Bet Amount":"$10","Bryce Win/Lose/Push":"Loss","Bryce":"Gophers Hockey ","Cory Bet Amount":"$10","Cory Win/Lose/Push":"Loss","Cory":"Tail Ethan  ","JB Bet Amount":"$25","JB Win/Lose/Push":"Loss","JB":"a tale of ethan ","Ethan Bet Amount":"$5","Ethan Win/Lose/Push":"Loss","Ethan":"Northwestern +.5 ","Jaime Bet Amount":"","Jaime Win/Lose/Push":"","Jaime":"","Nathan Bet Amount":"","Nathan Win/Lose/Push":"","Nathan":"","Evan Bet Amount":"","Evan Win/Lose/Push":"","Evan":"","Brandon Bet Amount":"","Brandon Win/Lose/Push":"","Brandon":"","Total Team Bet":"$70.00","Legends Bet":null,"Leaders Bet":null,"To Win":null,"Payout":null,"TOTALS":null,"Mitch Totals":null,"Phil Totals":null,"Bryce Totals":null,"Cory Totals":null,"JB Totals":null,"Ethan Totals":null,"Jaime Totals":null,"Nate Totals":null,"Evan Totals":null,"Brandon Totals":null},{"Week":"25","Date":"2/9/24","Mitch Bet Amount":"$10","Mitch Win/Lose/Push":"Loss","Mitch":"Kentucky -4","Phil Bet Amount":"$20","Phil Win/Lose/Push":"Loss","Phil":"Tail Mitch","Bryce Bet Amount":"$15","Bryce Win/Lose/Push":"Win","Bryce":"Tail Cory","Cory Bet Amount":"$15","Cory Win/Lose/Push":"Win","Cory":"KC ML","JB Bet Amount":"$30","JB Win/Lose/Push":"Loss","JB":"Coach Rigdon","Ethan Bet Amount":"$10","Ethan Win/Lose/Push":"Loss","Ethan":"Butler","Jaime Bet Amount":"","Jaime Win/Lose/Push":"","Jaime":"","Nathan Bet Amount":"","Nathan Win/Lose/Push":"","Nathan":"","Evan Bet Amount":"","Evan Win/Lose/Push":"","Evan":"","Brandon Bet Amount":"","Brandon Win/Lose/Push":"","Brandon":"","Total Team Bet":"$100.00","Legends Bet":null,"Leaders Bet":null,"To Win":null,"Payout":null,"TOTALS":null,"Mitch Totals":null,"Phil Totals":null,"Bryce Totals":null,"Cory Totals":null,"JB Totals":null,"Ethan Totals":null,"Jaime Totals":null,"Nate Totals":null,"Evan Totals":null,"Brandon Totals":null},{"Week":"26","Date":"2/16/24","Mitch Bet Amount":"$15","Mitch Win/Lose/Push":"Win","Mitch":"Duke  ","Phil Bet Amount":"$25","Phil Win/Lose/Push":"Win","Phil":"Ethan ","Bryce Bet Amount":"$5","Bryce Win/Lose/Push":"Win","Bryce":"Genesis - Match ups (Cam Young over Tom Kim)  ","Cory Bet Amount":"$5","Cory Win/Lose/Push":"Loss","Cory":"South Carolina  ","JB Bet Amount":"$35","JB Win/Lose/Push":"Loss","JB":"suburban husband, flowing blond hair ","Ethan Bet Amount":"$15","Ethan Win/Lose/Push":"Win","Ethan":"UConn ","Jaime Bet Amount":"","Jaime Win/Lose/Push":"","Jaime":"","Nathan Bet Amount":"","Nathan Win/Lose/Push":"","Nathan":"","Evan Bet Amount":"","Evan Win/Lose/Push":"","Evan":"","Brandon Bet Amount":"","Brandon Win/Lose/Push":"","Brandon":"","Total Team Bet":"$100.00","Legends Bet":null,"Leaders Bet":null,"To Win":null,"Payout":null,"TOTALS":null,"Mitch Totals":null,"Phil Totals":null,"Bryce Totals":null,"Cory Totals":null,"JB Totals":null,"Ethan Totals":null,"Jaime Totals":null,"Nate Totals":null,"Evan Totals":null,"Brandon Totals":null},{"Week":"27","Date":"2/23/24","Mitch Bet Amount":"$5","Mitch Win/Lose/Push":"Win","Mitch":"TCU ","Phil Bet Amount":"$5","Phil Win/Lose/Push":"Loss","Phil":"Missouri / Arkansas Under 145.5 ","Bryce Bet Amount":"$5","Bryce Win/Lose/Push":"Loss","Bryce":"Utah  ","Cory Bet Amount":"$10","Cory Win/Lose/Push":"Loss","Cory":"Kraken ","JB Bet Amount":"$40","JB Win/Lose/Push":"Win","JB":"mitch ","Ethan Bet Amount":"$5","Ethan Win/Lose/Push":"Win","Ethan":"Arkansas -5 ","Jaime Bet Amount":"","Jaime Win/Lose/Push":"","Jaime":"","Nathan Bet Amount":"","Nathan Win/Lose/Push":"","Nathan":"","Evan Bet Amount":"","Evan Win/Lose/Push":"","Evan":"","Brandon Bet Amount":"","Brandon Win/Lose/Push":"","Brandon":"","Total Team Bet":"$70.00","Legends Bet":null,"Leaders Bet":null,"To Win":null,"Payout":null,"TOTALS":null,"Mitch Totals":null,"Phil Totals":null,"Bryce Totals":null,"Cory Totals":null,"JB Totals":null,"Ethan Totals":null,"Jaime Totals":null,"Nate Totals":null,"Evan Totals":null,"Brandon Totals":null},{"Week":"28","Date":"3/1/24","Mitch Bet Amount":"$5","Mitch Win/Lose/Push":"Win","Mitch":"wazzu -6","Phil Bet Amount":"$10","Phil Win/Lose/Push":"Win","Phil":"Mitch","Bryce Bet Amount":"$10","Bryce Win/Lose/Push":"Win","Bryce":"3rd round match up - j. knapp","Cory Bet Amount":"$15","Cory Win/Lose/Push":"Loss","Cory":"Minn -6.5","JB Bet Amount":"$5","JB Win/Lose/Push":"Loss","JB":"ethan","Ethan Bet Amount":"$5","Ethan Win/Lose/Push":"Loss","Ethan":"Northwestern -3.5","Jaime Bet Amount":null,"Jaime Win/Lose/Push":null,"Jaime":null,"Nathan Bet Amount":null,"Nathan Win/Lose/Push":null,"Nathan":null,"Evan Bet Amount":null,"Evan Win/Lose/Push":null,"Evan":null,"Brandon Bet Amount":null,"Brandon Win/Lose/Push":null,"Brandon":null,"Total Team Bet":null,"Legends Bet":null,"Leaders Bet":null,"To Win":null,"Payout":null,"TOTALS":null,"Mitch Totals":null,"Phil Totals":null,"Bryce Totals":null,"Cory Totals":null,"JB Totals":null,"Ethan Totals":null,"Jaime Totals":null,"Nate Totals":null,"Evan Totals":null,"Brandon Totals":null},{"Week":"29","Date":"3/8/24","Mitch Bet Amount":"$5","Mitch Win/Lose/Push":"Win","Mitch":"Marquette","Phil Bet Amount":"$5","Phil Win/Lose/Push":"Win","Phil":"Western Kentucky +5.5","Bryce Bet Amount":"$5","Bryce Win/Lose/Push":"Win","Bryce":"Arnold Palmer Top 20 Finish - Nick Taylor  ","Cory Bet Amount":"$20","Cory Win/Lose/Push":"Win","Cory":"Ethan","JB Bet Amount":"$10","JB Win/Lose/Push":"Win","JB":"mitch","Ethan Bet Amount":"$10","Ethan Win/Lose/Push":"Win","Ethan":"Creighton -1","Jaime Bet Amount":"","Jaime Win/Lose/Push":"","Jaime":"","Nathan Bet Amount":"","Nathan Win/Lose/Push":"","Nathan":"","Evan Bet Amount":"","Evan Win/Lose/Push":"","Evan":"","Brandon Bet Amount":"","Brandon Win/Lose/Push":"","Brandon":"","Total Team Bet":"","Legends Bet":"","Leaders Bet":"","To Win":"319.76","Payout":"$319.76","TOTALS":null,"Mitch Totals":null,"Phil Totals":null,"Bryce Totals":null,"Cory Totals":null,"JB Totals":null,"Ethan Totals":null,"Jaime Totals":null,"Nate Totals":null,"Evan Totals":null,"Brandon Totals":null},{"Week":"30","Date":"3/15/24","Mitch Bet Amount":"$5","Mitch Win/Lose/Push":"Loss","Mitch":"Auburn -7.5","Phil Bet Amount":"$5","Phil Win/Lose/Push":"Loss","Phil":"UTEP +3.5","Bryce Bet Amount":"$5","Bryce Win/Lose/Push":"Loss","Bryce":"Tail Cory","Cory Bet Amount":"$5","Cory Win/Lose/Push":"Loss","Cory":"English over theegala ","JB Bet Amount":"$5","JB Win/Lose/Push":"Loss","JB":"mitch","Ethan Bet Amount":"$5","Ethan Win/Lose/Push":"Win","Ethan":"Wisconsin +6","Jaime Bet Amount":null,"Jaime Win/Lose/Push":null,"Jaime":null,"Nathan Bet Amount":null,"Nathan Win/Lose/Push":null,"Nathan":null,"Evan Bet Amount":null,"Evan Win/Lose/Push":null,"Evan":null,"Brandon Bet Amount":null,"Brandon Win/Lose/Push":null,"Brandon":null,"Total Team Bet":null,"Legends Bet":null,"Leaders Bet":null,"To Win":null,"Payout":null,"TOTALS":null,"Mitch Totals":null,"Phil Totals":null,"Bryce Totals":null,"Cory Totals":null,"JB Totals":null,"Ethan Totals":null,"Jaime Totals":null,"Nate Totals":null,"Evan Totals":null,"Brandon Totals":null},{"Week":"31","Date":"3/22/24","Mitch Bet Amount":"$10","Mitch Win/Lose/Push":"Win","Mitch":"UNC -4  ","Phil Bet Amount":"$10","Phil Win/Lose/Push":"Win","Phil":"Texas/Tennessee under  ","Bryce Bet Amount":"$10","Bryce Win/Lose/Push":"Loss","Bryce":"cam young over wallace  ","Cory Bet Amount":"$10","Cory Win/Lose/Push":"Win","Cory":"Hugh's over Todd   ","JB Bet Amount":"$10","JB Win/Lose/Push":"Win","JB":"Vegas knights under  ","Ethan Bet Amount":"$5","Ethan Win/Lose/Push":"Win","Ethan":"Iowa St -6.5  ","Jaime Bet Amount":"","Jaime Win/Lose/Push":"","Jaime":"","Nathan Bet Amount":"","Nathan Win/Lose/Push":"","Nathan":"","Evan Bet Amount":"","Evan Win/Lose/Push":"","Evan":"","Brandon Bet Amount":"","Brandon Win/Lose/Push":"","Brandon":"","Total Team Bet":"","Legends Bet":"","Leaders Bet":"","To Win":"1505.6","Payout":"$1,505.60","TOTALS":null,"Mitch Totals":null,"Phil Totals":null,"Bryce Totals":null,"Cory Totals":null,"JB Totals":null,"Ethan Totals":null,"Jaime Totals":null,"Nate Totals":null,"Evan Totals":null,"Brandon Totals":null},{"Week":"32","Date":"03/29/2024","Mitch Bet Amount":"$5","Mitch Win/Lose/Push":"","Mitch":"","Phil Bet Amount":"$5","Phil Win/Lose/Push":"","Phil":"","Bryce Bet Amount":"$15","Bryce Win/Lose/Push":"","Bryce":"","Cory Bet Amount":"$5","Cory Win/Lose/Push":"","Cory":"","JB Bet Amount":"$5","JB Win/Lose/Push":"","JB":"","Ethan Bet Amount":"$5","Ethan Win/Lose/Push":null,"Ethan":null,"Jaime Bet Amount":null,"Jaime Win/Lose/Push":null,"Jaime":null,"Nathan Bet Amount":null,"Nathan Win/Lose/Push":null,"Nathan":null,"Evan Bet Amount":null,"Evan Win/Lose/Push":null,"Evan":null,"Brandon Bet Amount":null,"Brandon Win/Lose/Push":null,"Brandon":null,"Total Team Bet":null,"Legends Bet":null,"Leaders Bet":null,"To Win":null,"Payout":null,"TOTALS":null,"Mitch Totals":null,"Phil Totals":null,"Bryce Totals":null,"Cory Totals":null,"JB Totals":null,"Ethan Totals":null,"Jaime Totals":null,"Nate Totals":null,"Evan Totals":null,"Brandon Totals":null},{"Week":"33","Date":"04/05/2024","Mitch Bet Amount":null,"Mitch Win/Lose/Push":null,"Mitch":null,"Phil Bet Amount":null,"Phil Win/Lose/Push":null,"Phil":null,"Bryce Bet Amount":null,"Bryce Win/Lose/Push":null,"Bryce":null,"Cory Bet Amount":null,"Cory Win/Lose/Push":null,"Cory":null,"JB Bet Amount":null,"JB Win/Lose/Push":null,"JB":null,"Ethan Bet Amount":null,"Ethan Win/Lose/Push":null,"Ethan":null,"Jaime Bet Amount":null,"Jaime Win/Lose/Push":null,"Jaime":null,"Nathan Bet Amount":null,"Nathan Win/Lose/Push":null,"Nathan":null,"Evan Bet Amount":null,"Evan Win/Lose/Push":null,"Evan":null,"Brandon Bet Amount":null,"Brandon Win/Lose/Push":null,"Brandon":null,"Total Team Bet":null,"Legends Bet":null,"Leaders Bet":null,"To Win":null,"Payout":null,"TOTALS":null,"Mitch Totals":null,"Phil Totals":null,"Bryce Totals":null,"Cory Totals":null,"JB Totals":null,"Ethan Totals":null,"Jaime Totals":null,"Nate Totals":null,"Evan Totals":null,"Brandon Totals":null},{"Week":"34","Date":"04/12/2024","Mitch Bet Amount":null,"Mitch Win/Lose/Push":null,"Mitch":null,"Phil Bet Amount":null,"Phil Win/Lose/Push":null,"Phil":null,"Bryce Bet Amount":null,"Bryce Win/Lose/Push":null,"Bryce":null,"Cory Bet Amount":null,"Cory Win/Lose/Push":null,"Cory":null,"JB Bet Amount":null,"JB Win/Lose/Push":null,"JB":null,"Ethan Bet Amount":null,"Ethan Win/Lose/Push":null,"Ethan":null,"Jaime Bet Amount":null,"Jaime Win/Lose/Push":null,"Jaime":null,"Nathan Bet Amount":null,"Nathan Win/Lose/Push":null,"Nathan":null,"Evan Bet Amount":null,"Evan Win/Lose/Push":null,"Evan":null,"Brandon Bet Amount":null,"Brandon Win/Lose/Push":null,"Brandon":null,"Total Team Bet":null,"Legends Bet":null,"Leaders Bet":null,"To Win":null,"Payout":null,"TOTALS":null,"Mitch Totals":null,"Phil Totals":null,"Bryce Totals":null,"Cory Totals":null,"JB Totals":null,"Ethan Totals":null,"Jaime Totals":null,"Nate Totals":null,"Evan Totals":null,"Brandon Totals":null},{"Week":"35","Date":"04/19/2024","Mitch Bet Amount":null,"Mitch Win/Lose/Push":null,"Mitch":null,"Phil Bet Amount":null,"Phil Win/Lose/Push":null,"Phil":null,"Bryce Bet Amount":null,"Bryce Win/Lose/Push":null,"Bryce":null,"Cory Bet Amount":null,"Cory Win/Lose/Push":null,"Cory":null,"JB Bet Amount":null,"JB Win/Lose/Push":null,"JB":null,"Ethan Bet Amount":null,"Ethan Win/Lose/Push":null,"Ethan":null,"Jaime Bet Amount":null,"Jaime Win/Lose/Push":null,"Jaime":null,"Nathan Bet Amount":null,"Nathan Win/Lose/Push":null,"Nathan":null,"Evan Bet Amount":null,"Evan Win/Lose/Push":null,"Evan":null,"Brandon Bet Amount":null,"Brandon Win/Lose/Push":null,"Brandon":null,"Total Team Bet":null,"Legends Bet":null,"Leaders Bet":null,"To Win":null,"Payout":null,"TOTALS":null,"Mitch Totals":null,"Phil Totals":null,"Bryce Totals":null,"Cory Totals":null,"JB Totals":null,"Ethan Totals":null,"Jaime Totals":null,"Nate Totals":null,"Evan Totals":null,"Brandon Totals":null},{"Week":"36","Date":"04/26/2024","Mitch Bet Amount":null,"Mitch Win/Lose/Push":null,"Mitch":null,"Phil Bet Amount":null,"Phil Win/Lose/Push":null,"Phil":null,"Bryce Bet Amount":null,"Bryce Win/Lose/Push":null,"Bryce":null,"Cory Bet Amount":null,"Cory Win/Lose/Push":null,"Cory":null,"JB Bet Amount":null,"JB Win/Lose/Push":null,"JB":null,"Ethan Bet Amount":null,"Ethan Win/Lose/Push":null,"Ethan":null,"Jaime Bet Amount":null,"Jaime Win/Lose/Push":null,"Jaime":null,"Nathan Bet Amount":null,"Nathan Win/Lose/Push":null,"Nathan":null,"Evan Bet Amount":null,"Evan Win/Lose/Push":null,"Evan":null,"Brandon Bet Amount":null,"Brandon Win/Lose/Push":null,"Brandon":null,"Total Team Bet":null,"Legends Bet":null,"Leaders Bet":null,"To Win":null,"Payout":null,"TOTALS":null,"Mitch Totals":null,"Phil Totals":null,"Bryce Totals":null,"Cory Totals":null,"JB Totals":null,"Ethan Totals":null,"Jaime Totals":null,"Nate Totals":null,"Evan Totals":null,"Brandon Totals":null},{"Week":"37","Date":"05/03/2024","Mitch Bet Amount":null,"Mitch Win/Lose/Push":null,"Mitch":null,"Phil Bet Amount":null,"Phil Win/Lose/Push":null,"Phil":null,"Bryce Bet Amount":null,"Bryce Win/Lose/Push":null,"Bryce":null,"Cory Bet Amount":null,"Cory Win/Lose/Push":null,"Cory":null,"JB Bet Amount":null,"JB Win/Lose/Push":null,"JB":null,"Ethan Bet Amount":null,"Ethan Win/Lose/Push":null,"Ethan":null,"Jaime Bet Amount":null,"Jaime Win/Lose/Push":null,"Jaime":null,"Nathan Bet Amount":null,"Nathan Win/Lose/Push":null,"Nathan":null,"Evan Bet Amount":null,"Evan Win/Lose/Push":null,"Evan":null,"Brandon Bet Amount":null,"Brandon Win/Lose/Push":null,"Brandon":null,"Total Team Bet":null,"Legends Bet":null,"Leaders Bet":null,"To Win":null,"Payout":null,"TOTALS":null,"Mitch Totals":null,"Phil Totals":null,"Bryce Totals":null,"Cory Totals":null,"JB Totals":null,"Ethan Totals":null,"Jaime Totals":null,"Nate Totals":null,"Evan Totals":null,"Brandon Totals":null},{"Week":"38","Date":"05/10/2024","Mitch Bet Amount":null,"Mitch Win/Lose/Push":null,"Mitch":null,"Phil Bet Amount":null,"Phil Win/Lose/Push":null,"Phil":null,"Bryce Bet Amount":null,"Bryce Win/Lose/Push":null,"Bryce":null,"Cory Bet Amount":null,"Cory Win/Lose/Push":null,"Cory":null,"JB Bet Amount":null,"JB Win/Lose/Push":null,"JB":null,"Ethan Bet Amount":null,"Ethan Win/Lose/Push":null,"Ethan":null,"Jaime Bet Amount":null,"Jaime Win/Lose/Push":null,"Jaime":null,"Nathan Bet Amount":null,"Nathan Win/Lose/Push":null,"Nathan":null,"Evan Bet Amount":null,"Evan Win/Lose/Push":null,"Evan":null,"Brandon Bet Amount":null,"Brandon Win/Lose/Push":null,"Brandon":null,"Total Team Bet":null,"Legends Bet":null,"Leaders Bet":null,"To Win":null,"Payout":null,"TOTALS":null,"Mitch Totals":null,"Phil Totals":null,"Bryce Totals":null,"Cory Totals":null,"JB Totals":null,"Ethan Totals":null,"Jaime Totals":null,"Nate Totals":null,"Evan Totals":null,"Brandon Totals":null},{"Week":"39","Date":"05/17/2024","Mitch Bet Amount":null,"Mitch Win/Lose/Push":null,"Mitch":null,"Phil Bet Amount":null,"Phil Win/Lose/Push":null,"Phil":null,"Bryce Bet Amount":null,"Bryce Win/Lose/Push":null,"Bryce":null,"Cory Bet Amount":null,"Cory Win/Lose/Push":null,"Cory":null,"JB Bet Amount":null,"JB Win/Lose/Push":null,"JB":null,"Ethan Bet Amount":null,"Ethan Win/Lose/Push":null,"Ethan":null,"Jaime Bet Amount":null,"Jaime Win/Lose/Push":null,"Jaime":null,"Nathan Bet Amount":null,"Nathan Win/Lose/Push":null,"Nathan":null,"Evan Bet Amount":null,"Evan Win/Lose/Push":null,"Evan":null,"Brandon Bet Amount":null,"Brandon Win/Lose/Push":null,"Brandon":null,"Total Team Bet":null,"Legends Bet":null,"Leaders Bet":null,"To Win":null,"Payout":null,"TOTALS":null,"Mitch Totals":null,"Phil Totals":null,"Bryce Totals":null,"Cory Totals":null,"JB Totals":null,"Ethan Totals":null,"Jaime Totals":null,"Nate Totals":null,"Evan Totals":null,"Brandon Totals":null},{"Week":"40","Date":"05/24/2024","Mitch Bet Amount":null,"Mitch Win/Lose/Push":null,"Mitch":null,"Phil Bet Amount":null,"Phil Win/Lose/Push":null,"Phil":null,"Bryce Bet Amount":null,"Bryce Win/Lose/Push":null,"Bryce":null,"Cory Bet Amount":null,"Cory Win/Lose/Push":null,"Cory":null,"JB Bet Amount":null,"JB Win/Lose/Push":null,"JB":null,"Ethan Bet Amount":null,"Ethan Win/Lose/Push":null,"Ethan":null,"Jaime Bet Amount":null,"Jaime Win/Lose/Push":null,"Jaime":null,"Nathan Bet Amount":null,"Nathan Win/Lose/Push":null,"Nathan":null,"Evan Bet Amount":null,"Evan Win/Lose/Push":null,"Evan":null,"Brandon Bet Amount":null,"Brandon Win/Lose/Push":null,"Brandon":null,"Total Team Bet":null,"Legends Bet":null,"Leaders Bet":null,"To Win":null,"Payout":null,"TOTALS":null,"Mitch Totals":null,"Phil Totals":null,"Bryce Totals":null,"Cory Totals":null,"JB Totals":null,"Ethan Totals":null,"Jaime Totals":null,"Nate Totals":null,"Evan Totals":null,"Brandon Totals":null},{"Week":"41","Date":"05/31/2024","Mitch Bet Amount":null,"Mitch Win/Lose/Push":null,"Mitch":null,"Phil Bet Amount":null,"Phil Win/Lose/Push":null,"Phil":null,"Bryce Bet Amount":null,"Bryce Win/Lose/Push":null,"Bryce":null,"Cory Bet Amount":null,"Cory Win/Lose/Push":null,"Cory":null,"JB Bet Amount":null,"JB Win/Lose/Push":null,"JB":null,"Ethan Bet Amount":null,"Ethan Win/Lose/Push":null,"Ethan":null,"Jaime Bet Amount":null,"Jaime Win/Lose/Push":null,"Jaime":null,"Nathan Bet Amount":null,"Nathan Win/Lose/Push":null,"Nathan":null,"Evan Bet Amount":null,"Evan Win/Lose/Push":null,"Evan":null,"Brandon Bet Amount":null,"Brandon Win/Lose/Push":null,"Brandon":null,"Total Team Bet":null,"Legends Bet":null,"Leaders Bet":null,"To Win":null,"Payout":null,"TOTALS":null,"Mitch Totals":null,"Phil Totals":null,"Bryce Totals":null,"Cory Totals":null,"JB Totals":null,"Ethan Totals":null,"Jaime Totals":null,"Nate Totals":null,"Evan Totals":null,"Brandon Totals":null},{"Week":"42","Date":"06/07/2024","Mitch Bet Amount":null,"Mitch Win/Lose/Push":null,"Mitch":null,"Phil Bet Amount":null,"Phil Win/Lose/Push":null,"Phil":null,"Bryce Bet Amount":null,"Bryce Win/Lose/Push":null,"Bryce":null,"Cory Bet Amount":null,"Cory Win/Lose/Push":null,"Cory":null,"JB Bet Amount":null,"JB Win/Lose/Push":null,"JB":null,"Ethan Bet Amount":null,"Ethan Win/Lose/Push":null,"Ethan":null,"Jaime Bet Amount":null,"Jaime Win/Lose/Push":null,"Jaime":null,"Nathan Bet Amount":null,"Nathan Win/Lose/Push":null,"Nathan":null,"Evan Bet Amount":null,"Evan Win/Lose/Push":null,"Evan":null,"Brandon Bet Amount":null,"Brandon Win/Lose/Push":null,"Brandon":null,"Total Team Bet":null,"Legends Bet":null,"Leaders Bet":null,"To Win":null,"Payout":null,"TOTALS":null,"Mitch Totals":null,"Phil Totals":null,"Bryce Totals":null,"Cory Totals":null,"JB Totals":null,"Ethan Totals":null,"Jaime Totals":null,"Nate Totals":null,"Evan Totals":null,"Brandon Totals":null},{"Week":"43","Date":"06/14/2024","Mitch Bet Amount":null,"Mitch Win/Lose/Push":null,"Mitch":null,"Phil Bet Amount":null,"Phil Win/Lose/Push":null,"Phil":null,"Bryce Bet Amount":null,"Bryce Win/Lose/Push":null,"Bryce":null,"Cory Bet Amount":null,"Cory Win/Lose/Push":null,"Cory":null,"JB Bet Amount":null,"JB Win/Lose/Push":null,"JB":null,"Ethan Bet Amount":null,"Ethan Win/Lose/Push":null,"Ethan":null,"Jaime Bet Amount":null,"Jaime Win/Lose/Push":null,"Jaime":null,"Nathan Bet Amount":null,"Nathan Win/Lose/Push":null,"Nathan":null,"Evan Bet Amount":null,"Evan Win/Lose/Push":null,"Evan":null,"Brandon Bet Amount":null,"Brandon Win/Lose/Push":null,"Brandon":null,"Total Team Bet":null,"Legends Bet":null,"Leaders Bet":null,"To Win":null,"Payout":null,"TOTALS":null,"Mitch Totals":null,"Phil Totals":null,"Bryce Totals":null,"Cory Totals":null,"JB Totals":null,"Ethan Totals":null,"Jaime Totals":null,"Nate Totals":null,"Evan Totals":null,"Brandon Totals":null},{"Week":"44","Date":"06/21/2024","Mitch Bet Amount":null,"Mitch Win/Lose/Push":null,"Mitch":null,"Phil Bet Amount":null,"Phil Win/Lose/Push":null,"Phil":null,"Bryce Bet Amount":null,"Bryce Win/Lose/Push":null,"Bryce":null,"Cory Bet Amount":null,"Cory Win/Lose/Push":null,"Cory":null,"JB Bet Amount":null,"JB Win/Lose/Push":null,"JB":null,"Ethan Bet Amount":null,"Ethan Win/Lose/Push":null,"Ethan":null,"Jaime Bet Amount":null,"Jaime Win/Lose/Push":null,"Jaime":null,"Nathan Bet Amount":null,"Nathan Win/Lose/Push":null,"Nathan":null,"Evan Bet Amount":null,"Evan Win/Lose/Push":null,"Evan":null,"Brandon Bet Amount":null,"Brandon Win/Lose/Push":null,"Brandon":null,"Total Team Bet":null,"Legends Bet":null,"Leaders Bet":null,"To Win":null,"Payout":null,"TOTALS":null,"Mitch Totals":null,"Phil Totals":null,"Bryce Totals":null,"Cory Totals":null,"JB Totals":null,"Ethan Totals":null,"Jaime Totals":null,"Nate Totals":null,"Evan Totals":null,"Brandon Totals":null},{"Week":"45","Date":"06/28/2024","Mitch Bet Amount":null,"Mitch Win/Lose/Push":null,"Mitch":null,"Phil Bet Amount":null,"Phil Win/Lose/Push":null,"Phil":null,"Bryce Bet Amount":null,"Bryce Win/Lose/Push":null,"Bryce":null,"Cory Bet Amount":null,"Cory Win/Lose/Push":null,"Cory":null,"JB Bet Amount":null,"JB Win/Lose/Push":null,"JB":null,"Ethan Bet Amount":null,"Ethan Win/Lose/Push":null,"Ethan":null,"Jaime Bet Amount":null,"Jaime Win/Lose/Push":null,"Jaime":null,"Nathan Bet Amount":null,"Nathan Win/Lose/Push":null,"Nathan":null,"Evan Bet Amount":null,"Evan Win/Lose/Push":null,"Evan":null,"Brandon Bet Amount":null,"Brandon Win/Lose/Push":null,"Brandon":null,"Total Team Bet":null,"Legends Bet":null,"Leaders Bet":null,"To Win":null,"Payout":null,"TOTALS":null,"Mitch Totals":null,"Phil Totals":null,"Bryce Totals":null,"Cory Totals":null,"JB Totals":null,"Ethan Totals":null,"Jaime Totals":null,"Nate Totals":null,"Evan Totals":null,"Brandon Totals":null},{"Week":"46","Date":"07/05/2024","Mitch Bet Amount":null,"Mitch Win/Lose/Push":null,"Mitch":null,"Phil Bet Amount":null,"Phil Win/Lose/Push":null,"Phil":null,"Bryce Bet Amount":null,"Bryce Win/Lose/Push":null,"Bryce":null,"Cory Bet Amount":null,"Cory Win/Lose/Push":null,"Cory":null,"JB Bet Amount":null,"JB Win/Lose/Push":null,"JB":null,"Ethan Bet Amount":null,"Ethan Win/Lose/Push":null,"Ethan":null,"Jaime Bet Amount":null,"Jaime Win/Lose/Push":null,"Jaime":null,"Nathan Bet Amount":null,"Nathan Win/Lose/Push":null,"Nathan":null,"Evan Bet Amount":null,"Evan Win/Lose/Push":null,"Evan":null,"Brandon Bet Amount":null,"Brandon Win/Lose/Push":null,"Brandon":null,"Total Team Bet":null,"Legends Bet":null,"Leaders Bet":null,"To Win":null,"Payout":null,"TOTALS":null,"Mitch Totals":null,"Phil Totals":null,"Bryce Totals":null,"Cory Totals":null,"JB Totals":null,"Ethan Totals":null,"Jaime Totals":null,"Nate Totals":null,"Evan Totals":null,"Brandon Totals":null},{"Week":"47","Date":"07/12/2024","Mitch Bet Amount":null,"Mitch Win/Lose/Push":null,"Mitch":null,"Phil Bet Amount":null,"Phil Win/Lose/Push":null,"Phil":null,"Bryce Bet Amount":null,"Bryce Win/Lose/Push":null,"Bryce":null,"Cory Bet Amount":null,"Cory Win/Lose/Push":null,"Cory":null,"JB Bet Amount":null,"JB Win/Lose/Push":null,"JB":null,"Ethan Bet Amount":null,"Ethan Win/Lose/Push":null,"Ethan":null,"Jaime Bet Amount":null,"Jaime Win/Lose/Push":null,"Jaime":null,"Nathan Bet Amount":null,"Nathan Win/Lose/Push":null,"Nathan":null,"Evan Bet Amount":null,"Evan Win/Lose/Push":null,"Evan":null,"Brandon Bet Amount":null,"Brandon Win/Lose/Push":null,"Brandon":null,"Total Team Bet":null,"Legends Bet":null,"Leaders Bet":null,"To Win":null,"Payout":null,"TOTALS":null,"Mitch Totals":null,"Phil Totals":null,"Bryce Totals":null,"Cory Totals":null,"JB Totals":null,"Ethan Totals":null,"Jaime Totals":null,"Nate Totals":null,"Evan Totals":null,"Brandon Totals":null},{"Week":"48","Date":"07/19/2024","Mitch Bet Amount":null,"Mitch Win/Lose/Push":null,"Mitch":null,"Phil Bet Amount":null,"Phil Win/Lose/Push":null,"Phil":null,"Bryce Bet Amount":null,"Bryce Win/Lose/Push":null,"Bryce":null,"Cory Bet Amount":null,"Cory Win/Lose/Push":null,"Cory":null,"JB Bet Amount":null,"JB Win/Lose/Push":null,"JB":null,"Ethan Bet Amount":null,"Ethan Win/Lose/Push":null,"Ethan":null,"Jaime Bet Amount":null,"Jaime Win/Lose/Push":null,"Jaime":null,"Nathan Bet Amount":null,"Nathan Win/Lose/Push":null,"Nathan":null,"Evan Bet Amount":null,"Evan Win/Lose/Push":null,"Evan":null,"Brandon Bet Amount":null,"Brandon Win/Lose/Push":null,"Brandon":null,"Total Team Bet":null,"Legends Bet":null,"Leaders Bet":null,"To Win":null,"Payout":null,"TOTALS":null,"Mitch Totals":null,"Phil Totals":null,"Bryce Totals":null,"Cory Totals":null,"JB Totals":null,"Ethan Totals":null,"Jaime Totals":null,"Nate Totals":null,"Evan Totals":null,"Brandon Totals":null},{"Week":"49","Date":"07/26/2024","Mitch Bet Amount":null,"Mitch Win/Lose/Push":null,"Mitch":null,"Phil Bet Amount":null,"Phil Win/Lose/Push":null,"Phil":null,"Bryce Bet Amount":null,"Bryce Win/Lose/Push":null,"Bryce":null,"Cory Bet Amount":null,"Cory Win/Lose/Push":null,"Cory":null,"JB Bet Amount":null,"JB Win/Lose/Push":null,"JB":null,"Ethan Bet Amount":null,"Ethan Win/Lose/Push":null,"Ethan":null,"Jaime Bet Amount":null,"Jaime Win/Lose/Push":null,"Jaime":null,"Nathan Bet Amount":null,"Nathan Win/Lose/Push":null,"Nathan":null,"Evan Bet Amount":null,"Evan Win/Lose/Push":null,"Evan":null,"Brandon Bet Amount":null,"Brandon Win/Lose/Push":null,"Brandon":null,"Total Team Bet":null,"Legends Bet":null,"Leaders Bet":null,"To Win":null,"Payout":null,"TOTALS":null,"Mitch Totals":null,"Phil Totals":null,"Bryce Totals":null,"Cory Totals":null,"JB Totals":null,"Ethan Totals":null,"Jaime Totals":null,"Nate Totals":null,"Evan Totals":null,"Brandon Totals":null},{"Week":"50","Date":"08/02/2024","Mitch Bet Amount":null,"Mitch Win/Lose/Push":null,"Mitch":null,"Phil Bet Amount":null,"Phil Win/Lose/Push":null,"Phil":null,"Bryce Bet Amount":null,"Bryce Win/Lose/Push":null,"Bryce":null,"Cory Bet Amount":null,"Cory Win/Lose/Push":null,"Cory":null,"JB Bet Amount":null,"JB Win/Lose/Push":null,"JB":null,"Ethan Bet Amount":null,"Ethan Win/Lose/Push":null,"Ethan":null,"Jaime Bet Amount":null,"Jaime Win/Lose/Push":null,"Jaime":null,"Nathan Bet Amount":null,"Nathan Win/Lose/Push":null,"Nathan":null,"Evan Bet Amount":null,"Evan Win/Lose/Push":null,"Evan":null,"Brandon Bet Amount":null,"Brandon Win/Lose/Push":null,"Brandon":null,"Total Team Bet":null,"Legends Bet":null,"Leaders Bet":null,"To Win":null,"Payout":null,"TOTALS":null,"Mitch Totals":null,"Phil Totals":null,"Bryce Totals":null,"Cory Totals":null,"JB Totals":null,"Ethan Totals":null,"Jaime Totals":null,"Nate Totals":null,"Evan Totals":null,"Brandon Totals":null},{"Week":"51","Date":"08/09/2024","Mitch Bet Amount":null,"Mitch Win/Lose/Push":null,"Mitch":null,"Phil Bet Amount":null,"Phil Win/Lose/Push":null,"Phil":null,"Bryce Bet Amount":null,"Bryce Win/Lose/Push":null,"Bryce":null,"Cory Bet Amount":null,"Cory Win/Lose/Push":null,"Cory":null,"JB Bet Amount":null,"JB Win/Lose/Push":null,"JB":null,"Ethan Bet Amount":null,"Ethan Win/Lose/Push":null,"Ethan":null,"Jaime Bet Amount":null,"Jaime Win/Lose/Push":null,"Jaime":null,"Nathan Bet Amount":null,"Nathan Win/Lose/Push":null,"Nathan":null,"Evan Bet Amount":null,"Evan Win/Lose/Push":null,"Evan":null,"Brandon Bet Amount":null,"Brandon Win/Lose/Push":null,"Brandon":null,"Total Team Bet":null,"Legends Bet":null,"Leaders Bet":null,"To Win":null,"Payout":null,"TOTALS":null,"Mitch Totals":null,"Phil Totals":null,"Bryce Totals":null,"Cory Totals":null,"JB Totals":null,"Ethan Totals":null,"Jaime Totals":null,"Nate Totals":null,"Evan Totals":null,"Brandon Totals":null},{"Week":"52","Date":"08/16/2024","Mitch Bet Amount":null,"Mitch Win/Lose/Push":null,"Mitch":null,"Phil Bet Amount":null,"Phil Win/Lose/Push":null,"Phil":null,"Bryce Bet Amount":null,"Bryce Win/Lose/Push":null,"Bryce":null,"Cory Bet Amount":null,"Cory Win/Lose/Push":null,"Cory":null,"JB Bet Amount":null,"JB Win/Lose/Push":null,"JB":null,"Ethan Bet Amount":null,"Ethan Win/Lose/Push":null,"Ethan":null,"Jaime Bet Amount":null,"Jaime Win/Lose/Push":null,"Jaime":null,"Nathan Bet Amount":null,"Nathan Win/Lose/Push":null,"Nathan":null,"Evan Bet Amount":null,"Evan Win/Lose/Push":null,"Evan":null,"Brandon Bet Amount":null,"Brandon Win/Lose/Push":null,"Brandon":null,"Total Team Bet":null,"Legends Bet":null,"Leaders Bet":null,"To Win":null,"Payout":null,"TOTALS":null,"Mitch Totals":null,"Phil Totals":null,"Bryce Totals":null,"Cory Totals":null,"JB Totals":null,"Ethan Totals":null,"Jaime Totals":null,"Nate Totals":null,"Evan Totals":null,"Brandon Totals":null},{"Week":"53","Date":"08/23/2024","Mitch Bet Amount":null,"Mitch Win/Lose/Push":null,"Mitch":null,"Phil Bet Amount":null,"Phil Win/Lose/Push":null,"Phil":null,"Bryce Bet Amount":null,"Bryce Win/Lose/Push":null,"Bryce":null,"Cory Bet Amount":null,"Cory Win/Lose/Push":null,"Cory":null,"JB Bet Amount":null,"JB Win/Lose/Push":null,"JB":null,"Ethan Bet Amount":null,"Ethan Win/Lose/Push":null,"Ethan":null,"Jaime Bet Amount":null,"Jaime Win/Lose/Push":null,"Jaime":null,"Nathan Bet Amount":null,"Nathan Win/Lose/Push":null,"Nathan":null,"Evan Bet Amount":null,"Evan Win/Lose/Push":null,"Evan":null,"Brandon Bet Amount":null,"Brandon Win/Lose/Push":null,"Brandon":null,"Total Team Bet":null,"Legends Bet":null,"Leaders Bet":null,"To Win":null,"Payout":null,"TOTALS":null,"Mitch Totals":null,"Phil Totals":null,"Bryce Totals":null,"Cory Totals":null,"JB Totals":null,"Ethan Totals":null,"Jaime Totals":null,"Nate Totals":null,"Evan Totals":null,"Brandon Totals":null},{"Week":"54","Date":"08/30/2024","Mitch Bet Amount":null,"Mitch Win/Lose/Push":null,"Mitch":null,"Phil Bet Amount":null,"Phil Win/Lose/Push":null,"Phil":null,"Bryce Bet Amount":null,"Bryce Win/Lose/Push":null,"Bryce":null,"Cory Bet Amount":null,"Cory Win/Lose/Push":null,"Cory":null,"JB Bet Amount":null,"JB Win/Lose/Push":null,"JB":null,"Ethan Bet Amount":null,"Ethan Win/Lose/Push":null,"Ethan":null,"Jaime Bet Amount":null,"Jaime Win/Lose/Push":null,"Jaime":null,"Nathan Bet Amount":null,"Nathan Win/Lose/Push":null,"Nathan":null,"Evan Bet Amount":null,"Evan Win/Lose/Push":null,"Evan":null,"Brandon Bet Amount":null,"Brandon Win/Lose/Push":null,"Brandon":null,"Total Team Bet":null,"Legends Bet":null,"Leaders Bet":null,"To Win":null,"Payout":null,"TOTALS":null,"Mitch Totals":null,"Phil Totals":null,"Bryce Totals":null,"Cory Totals":null,"JB Totals":null,"Ethan Totals":null,"Jaime Totals":null,"Nate Totals":null,"Evan Totals":null,"Brandon Totals":null},{"Week":"55","Date":"09/06/2024","Mitch Bet Amount":null,"Mitch Win/Lose/Push":null,"Mitch":null,"Phil Bet Amount":null,"Phil Win/Lose/Push":null,"Phil":null,"Bryce Bet Amount":null,"Bryce Win/Lose/Push":null,"Bryce":null,"Cory Bet Amount":null,"Cory Win/Lose/Push":null,"Cory":null,"JB Bet Amount":null,"JB Win/Lose/Push":null,"JB":null,"Ethan Bet Amount":null,"Ethan Win/Lose/Push":null,"Ethan":null,"Jaime Bet Amount":null,"Jaime Win/Lose/Push":null,"Jaime":null,"Nathan Bet Amount":null,"Nathan Win/Lose/Push":null,"Nathan":null,"Evan Bet Amount":null,"Evan Win/Lose/Push":null,"Evan":null,"Brandon Bet Amount":null,"Brandon Win/Lose/Push":null,"Brandon":null,"Total Team Bet":null,"Legends Bet":null,"Leaders Bet":null,"To Win":null,"Payout":null,"TOTALS":null,"Mitch Totals":null,"Phil Totals":null,"Bryce Totals":null,"Cory Totals":null,"JB Totals":null,"Ethan Totals":null,"Jaime Totals":null,"Nate Totals":null,"Evan Totals":null,"Brandon Totals":null},{"Week":"56","Date":"09/13/2024","Mitch Bet Amount":null,"Mitch Win/Lose/Push":null,"Mitch":null,"Phil Bet Amount":null,"Phil Win/Lose/Push":null,"Phil":null,"Bryce Bet Amount":null,"Bryce Win/Lose/Push":null,"Bryce":null,"Cory Bet Amount":null,"Cory Win/Lose/Push":null,"Cory":null,"JB Bet Amount":null,"JB Win/Lose/Push":null,"JB":null,"Ethan Bet Amount":null,"Ethan Win/Lose/Push":null,"Ethan":null,"Jaime Bet Amount":null,"Jaime Win/Lose/Push":null,"Jaime":null,"Nathan Bet Amount":null,"Nathan Win/Lose/Push":null,"Nathan":null,"Evan Bet Amount":null,"Evan Win/Lose/Push":null,"Evan":null,"Brandon Bet Amount":null,"Brandon Win/Lose/Push":null,"Brandon":null,"Total Team Bet":null,"Legends Bet":null,"Leaders Bet":null,"To Win":null,"Payout":null,"TOTALS":null,"Mitch Totals":null,"Phil Totals":null,"Bryce Totals":null,"Cory Totals":null,"JB Totals":null,"Ethan Totals":null,"Jaime Totals":null,"Nate Totals":null,"Evan Totals":null,"Brandon Totals":null},{"Week":"57","Date":"09/20/2024","Mitch Bet Amount":null,"Mitch Win/Lose/Push":null,"Mitch":null,"Phil Bet Amount":null,"Phil Win/Lose/Push":null,"Phil":null,"Bryce Bet Amount":null,"Bryce Win/Lose/Push":null,"Bryce":null,"Cory Bet Amount":null,"Cory Win/Lose/Push":null,"Cory":null,"JB Bet Amount":null,"JB Win/Lose/Push":null,"JB":null,"Ethan Bet Amount":null,"Ethan Win/Lose/Push":null,"Ethan":null,"Jaime Bet Amount":null,"Jaime Win/Lose/Push":null,"Jaime":null,"Nathan Bet Amount":null,"Nathan Win/Lose/Push":null,"Nathan":null,"Evan Bet Amount":null,"Evan Win/Lose/Push":null,"Evan":null,"Brandon Bet Amount":null,"Brandon Win/Lose/Push":null,"Brandon":null,"Total Team Bet":null,"Legends Bet":null,"Leaders Bet":null,"To Win":null,"Payout":null,"TOTALS":null,"Mitch Totals":null,"Phil Totals":null,"Bryce Totals":null,"Cory Totals":null,"JB Totals":null,"Ethan Totals":null,"Jaime Totals":null,"Nate Totals":null,"Evan Totals":null,"Brandon Totals":null},{"Week":"58","Date":"09/27/2024","Mitch Bet Amount":null,"Mitch Win/Lose/Push":null,"Mitch":null,"Phil Bet Amount":null,"Phil Win/Lose/Push":null,"Phil":null,"Bryce Bet Amount":null,"Bryce Win/Lose/Push":null,"Bryce":null,"Cory Bet Amount":null,"Cory Win/Lose/Push":null,"Cory":null,"JB Bet Amount":null,"JB Win/Lose/Push":null,"JB":null,"Ethan Bet Amount":null,"Ethan Win/Lose/Push":null,"Ethan":null,"Jaime Bet Amount":null,"Jaime Win/Lose/Push":null,"Jaime":null,"Nathan Bet Amount":null,"Nathan Win/Lose/Push":null,"Nathan":null,"Evan Bet Amount":null,"Evan Win/Lose/Push":null,"Evan":null,"Brandon Bet Amount":null,"Brandon Win/Lose/Push":null,"Brandon":null,"Total Team Bet":null,"Legends Bet":null,"Leaders Bet":null,"To Win":null,"Payout":null,"TOTALS":null,"Mitch Totals":null,"Phil Totals":null,"Bryce Totals":null,"Cory Totals":null,"JB Totals":null,"Ethan Totals":null,"Jaime Totals":null,"Nate Totals":null,"Evan Totals":null,"Brandon Totals":null},{"Week":"59","Date":"10/04/2024","Mitch Bet Amount":null,"Mitch Win/Lose/Push":null,"Mitch":null,"Phil Bet Amount":null,"Phil Win/Lose/Push":null,"Phil":null,"Bryce Bet Amount":null,"Bryce Win/Lose/Push":null,"Bryce":null,"Cory Bet Amount":null,"Cory Win/Lose/Push":null,"Cory":null,"JB Bet Amount":null,"JB Win/Lose/Push":null,"JB":null,"Ethan Bet Amount":null,"Ethan Win/Lose/Push":null,"Ethan":null,"Jaime Bet Amount":null,"Jaime Win/Lose/Push":null,"Jaime":null,"Nathan Bet Amount":null,"Nathan Win/Lose/Push":null,"Nathan":null,"Evan Bet Amount":null,"Evan Win/Lose/Push":null,"Evan":null,"Brandon Bet Amount":null,"Brandon Win/Lose/Push":null,"Brandon":null,"Total Team Bet":null,"Legends Bet":null,"Leaders Bet":null,"To Win":null,"Payout":null,"TOTALS":null,"Mitch Totals":null,"Phil Totals":null,"Bryce Totals":null,"Cory Totals":null,"JB Totals":null,"Ethan Totals":null,"Jaime Totals":null,"Nate Totals":null,"Evan Totals":null,"Brandon Totals":null},{"Week":"60","Date":"10/11/2024","Mitch Bet Amount":null,"Mitch Win/Lose/Push":null,"Mitch":null,"Phil Bet Amount":null,"Phil Win/Lose/Push":null,"Phil":null,"Bryce Bet Amount":null,"Bryce Win/Lose/Push":null,"Bryce":null,"Cory Bet Amount":null,"Cory Win/Lose/Push":null,"Cory":null,"JB Bet Amount":null,"JB Win/Lose/Push":null,"JB":null,"Ethan Bet Amount":null,"Ethan Win/Lose/Push":null,"Ethan":null,"Jaime Bet Amount":null,"Jaime Win/Lose/Push":null,"Jaime":null,"Nathan Bet Amount":null,"Nathan Win/Lose/Push":null,"Nathan":null,"Evan Bet Amount":null,"Evan Win/Lose/Push":null,"Evan":null,"Brandon Bet Amount":null,"Brandon Win/Lose/Push":null,"Brandon":null,"Total Team Bet":null,"Legends Bet":null,"Leaders Bet":null,"To Win":null,"Payout":null,"TOTALS":null,"Mitch Totals":null,"Phil Totals":null,"Bryce Totals":null,"Cory Totals":null,"JB Totals":null,"Ethan Totals":null,"Jaime Totals":null,"Nate Totals":null,"Evan Totals":null,"Brandon Totals":null},{"Week":"61","Date":"10/18/2024","Mitch Bet Amount":null,"Mitch Win/Lose/Push":null,"Mitch":null,"Phil Bet Amount":null,"Phil Win/Lose/Push":null,"Phil":null,"Bryce Bet Amount":null,"Bryce Win/Lose/Push":null,"Bryce":null,"Cory Bet Amount":null,"Cory Win/Lose/Push":null,"Cory":null,"JB Bet Amount":null,"JB Win/Lose/Push":null,"JB":null,"Ethan Bet Amount":null,"Ethan Win/Lose/Push":null,"Ethan":null,"Jaime Bet Amount":null,"Jaime Win/Lose/Push":null,"Jaime":null,"Nathan Bet Amount":null,"Nathan Win/Lose/Push":null,"Nathan":null,"Evan Bet Amount":null,"Evan Win/Lose/Push":null,"Evan":null,"Brandon Bet Amount":null,"Brandon Win/Lose/Push":null,"Brandon":null,"Total Team Bet":null,"Legends Bet":null,"Leaders Bet":null,"To Win":null,"Payout":null,"TOTALS":null,"Mitch Totals":null,"Phil Totals":null,"Bryce Totals":null,"Cory Totals":null,"JB Totals":null,"Ethan Totals":null,"Jaime Totals":null,"Nate Totals":null,"Evan Totals":null,"Brandon Totals":null},{"Week":"62","Date":"10/25/2024","Mitch Bet Amount":null,"Mitch Win/Lose/Push":null,"Mitch":null,"Phil Bet Amount":null,"Phil Win/Lose/Push":null,"Phil":null,"Bryce Bet Amount":null,"Bryce Win/Lose/Push":null,"Bryce":null,"Cory Bet Amount":null,"Cory Win/Lose/Push":null,"Cory":null,"JB Bet Amount":null,"JB Win/Lose/Push":null,"JB":null,"Ethan Bet Amount":null,"Ethan Win/Lose/Push":null,"Ethan":null,"Jaime Bet Amount":null,"Jaime Win/Lose/Push":null,"Jaime":null,"Nathan Bet Amount":null,"Nathan Win/Lose/Push":null,"Nathan":null,"Evan Bet Amount":null,"Evan Win/Lose/Push":null,"Evan":null,"Brandon Bet Amount":null,"Brandon Win/Lose/Push":null,"Brandon":null,"Total Team Bet":null,"Legends Bet":null,"Leaders Bet":null,"To Win":null,"Payout":null,"TOTALS":null,"Mitch Totals":null,"Phil Totals":null,"Bryce Totals":null,"Cory Totals":null,"JB Totals":null,"Ethan Totals":null,"Jaime Totals":null,"Nate Totals":null,"Evan Totals":null,"Brandon Totals":null},{"Week":"63","Date":"11/01/2024","Mitch Bet Amount":null,"Mitch Win/Lose/Push":null,"Mitch":null,"Phil Bet Amount":null,"Phil Win/Lose/Push":null,"Phil":null,"Bryce Bet Amount":null,"Bryce Win/Lose/Push":null,"Bryce":null,"Cory Bet Amount":null,"Cory Win/Lose/Push":null,"Cory":null,"JB Bet Amount":null,"JB Win/Lose/Push":null,"JB":null,"Ethan Bet Amount":null,"Ethan Win/Lose/Push":null,"Ethan":null,"Jaime Bet Amount":null,"Jaime Win/Lose/Push":null,"Jaime":null,"Nathan Bet Amount":null,"Nathan Win/Lose/Push":null,"Nathan":null,"Evan Bet Amount":null,"Evan Win/Lose/Push":null,"Evan":null,"Brandon Bet Amount":null,"Brandon Win/Lose/Push":null,"Brandon":null,"Total Team Bet":null,"Legends Bet":null,"Leaders Bet":null,"To Win":null,"Payout":null,"TOTALS":null,"Mitch Totals":null,"Phil Totals":null,"Bryce Totals":null,"Cory Totals":null,"JB Totals":null,"Ethan Totals":null,"Jaime Totals":null,"Nate Totals":null,"Evan Totals":null,"Brandon Totals":null},{"Week":"64","Date":"11/08/2024","Mitch Bet Amount":null,"Mitch Win/Lose/Push":null,"Mitch":null,"Phil Bet Amount":null,"Phil Win/Lose/Push":null,"Phil":null,"Bryce Bet Amount":null,"Bryce Win/Lose/Push":null,"Bryce":null,"Cory Bet Amount":null,"Cory Win/Lose/Push":null,"Cory":null,"JB Bet Amount":null,"JB Win/Lose/Push":null,"JB":null,"Ethan Bet Amount":null,"Ethan Win/Lose/Push":null,"Ethan":null,"Jaime Bet Amount":null,"Jaime Win/Lose/Push":null,"Jaime":null,"Nathan Bet Amount":null,"Nathan Win/Lose/Push":null,"Nathan":null,"Evan Bet Amount":null,"Evan Win/Lose/Push":null,"Evan":null,"Brandon Bet Amount":null,"Brandon Win/Lose/Push":null,"Brandon":null,"Total Team Bet":null,"Legends Bet":null,"Leaders Bet":null,"To Win":null,"Payout":null,"TOTALS":null,"Mitch Totals":null,"Phil Totals":null,"Bryce Totals":null,"Cory Totals":null,"JB Totals":null,"Ethan Totals":null,"Jaime Totals":null,"Nate Totals":null,"Evan Totals":null,"Brandon Totals":null},{"Week":"65","Date":"11/15/2024","Mitch Bet Amount":null,"Mitch Win/Lose/Push":null,"Mitch":null,"Phil Bet Amount":null,"Phil Win/Lose/Push":null,"Phil":null,"Bryce Bet Amount":null,"Bryce Win/Lose/Push":null,"Bryce":null,"Cory Bet Amount":null,"Cory Win/Lose/Push":null,"Cory":null,"JB Bet Amount":null,"JB Win/Lose/Push":null,"JB":null,"Ethan Bet Amount":null,"Ethan Win/Lose/Push":null,"Ethan":null,"Jaime Bet Amount":null,"Jaime Win/Lose/Push":null,"Jaime":null,"Nathan Bet Amount":null,"Nathan Win/Lose/Push":null,"Nathan":null,"Evan Bet Amount":null,"Evan Win/Lose/Push":null,"Evan":null,"Brandon Bet Amount":null,"Brandon Win/Lose/Push":null,"Brandon":null,"Total Team Bet":null,"Legends Bet":null,"Leaders Bet":null,"To Win":null,"Payout":null,"TOTALS":null,"Mitch Totals":null,"Phil Totals":null,"Bryce Totals":null,"Cory Totals":null,"JB Totals":null,"Ethan Totals":null,"Jaime Totals":null,"Nate Totals":null,"Evan Totals":null,"Brandon Totals":null},{"Week":"66","Date":"11/22/2024","Mitch Bet Amount":null,"Mitch Win/Lose/Push":null,"Mitch":null,"Phil Bet Amount":null,"Phil Win/Lose/Push":null,"Phil":null,"Bryce Bet Amount":null,"Bryce Win/Lose/Push":null,"Bryce":null,"Cory Bet Amount":null,"Cory Win/Lose/Push":null,"Cory":null,"JB Bet Amount":null,"JB Win/Lose/Push":null,"JB":null,"Ethan Bet Amount":null,"Ethan Win/Lose/Push":null,"Ethan":null,"Jaime Bet Amount":null,"Jaime Win/Lose/Push":null,"Jaime":null,"Nathan Bet Amount":null,"Nathan Win/Lose/Push":null,"Nathan":null,"Evan Bet Amount":null,"Evan Win/Lose/Push":null,"Evan":null,"Brandon Bet Amount":null,"Brandon Win/Lose/Push":null,"Brandon":null,"Total Team Bet":null,"Legends Bet":null,"Leaders Bet":null,"To Win":null,"Payout":null,"TOTALS":null,"Mitch Totals":null,"Phil Totals":null,"Bryce Totals":null,"Cory Totals":null,"JB Totals":null,"Ethan Totals":null,"Jaime Totals":null,"Nate Totals":null,"Evan Totals":null,"Brandon Totals":null},{"Week":"67","Date":"11/29/2024","Mitch Bet Amount":null,"Mitch Win/Lose/Push":null,"Mitch":null,"Phil Bet Amount":null,"Phil Win/Lose/Push":null,"Phil":null,"Bryce Bet Amount":null,"Bryce Win/Lose/Push":null,"Bryce":null,"Cory Bet Amount":null,"Cory Win/Lose/Push":null,"Cory":null,"JB Bet Amount":null,"JB Win/Lose/Push":null,"JB":null,"Ethan Bet Amount":null,"Ethan Win/Lose/Push":null,"Ethan":null,"Jaime Bet Amount":null,"Jaime Win/Lose/Push":null,"Jaime":null,"Nathan Bet Amount":null,"Nathan Win/Lose/Push":null,"Nathan":null,"Evan Bet Amount":null,"Evan Win/Lose/Push":null,"Evan":null,"Brandon Bet Amount":null,"Brandon Win/Lose/Push":null,"Brandon":null,"Total Team Bet":null,"Legends Bet":null,"Leaders Bet":null,"To Win":null,"Payout":null,"TOTALS":null,"Mitch Totals":null,"Phil Totals":null,"Bryce Totals":null,"Cory Totals":null,"JB Totals":null,"Ethan Totals":null,"Jaime Totals":null,"Nate Totals":null,"Evan Totals":null,"Brandon Totals":null},{"Week":"68","Date":"12/06/2024","Mitch Bet Amount":null,"Mitch Win/Lose/Push":null,"Mitch":null,"Phil Bet Amount":null,"Phil Win/Lose/Push":null,"Phil":null,"Bryce Bet Amount":null,"Bryce Win/Lose/Push":null,"Bryce":null,"Cory Bet Amount":null,"Cory Win/Lose/Push":null,"Cory":null,"JB Bet Amount":null,"JB Win/Lose/Push":null,"JB":null,"Ethan Bet Amount":null,"Ethan Win/Lose/Push":null,"Ethan":null,"Jaime Bet Amount":null,"Jaime Win/Lose/Push":null,"Jaime":null,"Nathan Bet Amount":null,"Nathan Win/Lose/Push":null,"Nathan":null,"Evan Bet Amount":null,"Evan Win/Lose/Push":null,"Evan":null,"Brandon Bet Amount":null,"Brandon Win/Lose/Push":null,"Brandon":null,"Total Team Bet":null,"Legends Bet":null,"Leaders Bet":null,"To Win":null,"Payout":null,"TOTALS":null,"Mitch Totals":null,"Phil Totals":null,"Bryce Totals":null,"Cory Totals":null,"JB Totals":null,"Ethan Totals":null,"Jaime Totals":null,"Nate Totals":null,"Evan Totals":null,"Brandon Totals":null},{"Week":"69","Date":"12/13/2024","Mitch Bet Amount":null,"Mitch Win/Lose/Push":null,"Mitch":null,"Phil Bet Amount":null,"Phil Win/Lose/Push":null,"Phil":null,"Bryce Bet Amount":null,"Bryce Win/Lose/Push":null,"Bryce":null,"Cory Bet Amount":null,"Cory Win/Lose/Push":null,"Cory":null,"JB Bet Amount":null,"JB Win/Lose/Push":null,"JB":null,"Ethan Bet Amount":null,"Ethan Win/Lose/Push":null,"Ethan":null,"Jaime Bet Amount":null,"Jaime Win/Lose/Push":null,"Jaime":null,"Nathan Bet Amount":null,"Nathan Win/Lose/Push":null,"Nathan":null,"Evan Bet Amount":null,"Evan Win/Lose/Push":null,"Evan":null,"Brandon Bet Amount":null,"Brandon Win/Lose/Push":null,"Brandon":null,"Total Team Bet":null,"Legends Bet":null,"Leaders Bet":null,"To Win":null,"Payout":null,"TOTALS":null,"Mitch Totals":null,"Phil Totals":null,"Bryce Totals":null,"Cory Totals":null,"JB Totals":null,"Ethan Totals":null,"Jaime Totals":null,"Nate Totals":null,"Evan Totals":null,"Brandon Totals":null},{"Week":"70","Date":"12/20/2024","Mitch Bet Amount":null,"Mitch Win/Lose/Push":null,"Mitch":null,"Phil Bet Amount":null,"Phil Win/Lose/Push":null,"Phil":null,"Bryce Bet Amount":null,"Bryce Win/Lose/Push":null,"Bryce":null,"Cory Bet Amount":null,"Cory Win/Lose/Push":null,"Cory":null,"JB Bet Amount":null,"JB Win/Lose/Push":null,"JB":null,"Ethan Bet Amount":null,"Ethan Win/Lose/Push":null,"Ethan":null,"Jaime Bet Amount":null,"Jaime Win/Lose/Push":null,"Jaime":null,"Nathan Bet Amount":null,"Nathan Win/Lose/Push":null,"Nathan":null,"Evan Bet Amount":null,"Evan Win/Lose/Push":null,"Evan":null,"Brandon Bet Amount":null,"Brandon Win/Lose/Push":null,"Brandon":null,"Total Team Bet":null,"Legends Bet":null,"Leaders Bet":null,"To Win":null,"Payout":null,"TOTALS":null,"Mitch Totals":null,"Phil Totals":null,"Bryce Totals":null,"Cory Totals":null,"JB Totals":null,"Ethan Totals":null,"Jaime Totals":null,"Nate Totals":null,"Evan Totals":null,"Brandon Totals":null},{"Week":"71","Date":"12/27/2024","Mitch Bet Amount":null,"Mitch Win/Lose/Push":null,"Mitch":null,"Phil Bet Amount":null,"Phil Win/Lose/Push":null,"Phil":null,"Bryce Bet Amount":null,"Bryce Win/Lose/Push":null,"Bryce":null,"Cory Bet Amount":null,"Cory Win/Lose/Push":null,"Cory":null,"JB Bet Amount":null,"JB Win/Lose/Push":null,"JB":null,"Ethan Bet Amount":null,"Ethan Win/Lose/Push":null,"Ethan":null,"Jaime Bet Amount":null,"Jaime Win/Lose/Push":null,"Jaime":null,"Nathan Bet Amount":null,"Nathan Win/Lose/Push":null,"Nathan":null,"Evan Bet Amount":null,"Evan Win/Lose/Push":null,"Evan":null,"Brandon Bet Amount":null,"Brandon Win/Lose/Push":null,"Brandon":null,"Total Team Bet":null,"Legends Bet":null,"Leaders Bet":null,"To Win":null,"Payout":null,"TOTALS":null,"Mitch Totals":null,"Phil Totals":null,"Bryce Totals":null,"Cory Totals":null,"JB Totals":null,"Ethan Totals":null,"Jaime Totals":null,"Nate Totals":null,"Evan Totals":null,"Brandon Totals":null},{"Week":"72","Date":"01/03/2025","Mitch Bet Amount":null,"Mitch Win/Lose/Push":null,"Mitch":null,"Phil Bet Amount":null,"Phil Win/Lose/Push":null,"Phil":null,"Bryce Bet Amount":null,"Bryce Win/Lose/Push":null,"Bryce":null,"Cory Bet Amount":null,"Cory Win/Lose/Push":null,"Cory":null,"JB Bet Amount":null,"JB Win/Lose/Push":null,"JB":null,"Ethan Bet Amount":null,"Ethan Win/Lose/Push":null,"Ethan":null,"Jaime Bet Amount":null,"Jaime Win/Lose/Push":null,"Jaime":null,"Nathan Bet Amount":null,"Nathan Win/Lose/Push":null,"Nathan":null,"Evan Bet Amount":null,"Evan Win/Lose/Push":null,"Evan":null,"Brandon Bet Amount":null,"Brandon Win/Lose/Push":null,"Brandon":null,"Total Team Bet":null,"Legends Bet":null,"Leaders Bet":null,"To Win":null,"Payout":null,"TOTALS":null,"Mitch Totals":null,"Phil Totals":null,"Bryce Totals":null,"Cory Totals":null,"JB Totals":null,"Ethan Totals":null,"Jaime Totals":null,"Nate Totals":null,"Evan Totals":null,"Brandon Totals":null},{"Week":"73","Date":"01/10/2025","Mitch Bet Amount":null,"Mitch Win/Lose/Push":null,"Mitch":null,"Phil Bet Amount":null,"Phil Win/Lose/Push":null,"Phil":null,"Bryce Bet Amount":null,"Bryce Win/Lose/Push":null,"Bryce":null,"Cory Bet Amount":null,"Cory Win/Lose/Push":null,"Cory":null,"JB Bet Amount":null,"JB Win/Lose/Push":null,"JB":null,"Ethan Bet Amount":null,"Ethan Win/Lose/Push":null,"Ethan":null,"Jaime Bet Amount":null,"Jaime Win/Lose/Push":null,"Jaime":null,"Nathan Bet Amount":null,"Nathan Win/Lose/Push":null,"Nathan":null,"Evan Bet Amount":null,"Evan Win/Lose/Push":null,"Evan":null,"Brandon Bet Amount":null,"Brandon Win/Lose/Push":null,"Brandon":null,"Total Team Bet":null,"Legends Bet":null,"Leaders Bet":null,"To Win":null,"Payout":null,"TOTALS":null,"Mitch Totals":null,"Phil Totals":null,"Bryce Totals":null,"Cory Totals":null,"JB Totals":null,"Ethan Totals":null,"Jaime Totals":null,"Nate Totals":null,"Evan Totals":null,"Brandon Totals":null},{"Week":"74","Date":"01/17/2025","Mitch Bet Amount":null,"Mitch Win/Lose/Push":null,"Mitch":null,"Phil Bet Amount":null,"Phil Win/Lose/Push":null,"Phil":null,"Bryce Bet Amount":null,"Bryce Win/Lose/Push":null,"Bryce":null,"Cory Bet Amount":null,"Cory Win/Lose/Push":null,"Cory":null,"JB Bet Amount":null,"JB Win/Lose/Push":null,"JB":null,"Ethan Bet Amount":null,"Ethan Win/Lose/Push":null,"Ethan":null,"Jaime Bet Amount":null,"Jaime Win/Lose/Push":null,"Jaime":null,"Nathan Bet Amount":null,"Nathan Win/Lose/Push":null,"Nathan":null,"Evan Bet Amount":null,"Evan Win/Lose/Push":null,"Evan":null,"Brandon Bet Amount":null,"Brandon Win/Lose/Push":null,"Brandon":null,"Total Team Bet":null,"Legends Bet":null,"Leaders Bet":null,"To Win":null,"Payout":null,"TOTALS":null,"Mitch Totals":null,"Phil Totals":null,"Bryce Totals":null,"Cory Totals":null,"JB Totals":null,"Ethan Totals":null,"Jaime Totals":null,"Nate Totals":null,"Evan Totals":null,"Brandon Totals":null},{"Week":"75","Date":"01/24/2025","Mitch Bet Amount":null,"Mitch Win/Lose/Push":null,"Mitch":null,"Phil Bet Amount":null,"Phil Win/Lose/Push":null,"Phil":null,"Bryce Bet Amount":null,"Bryce Win/Lose/Push":null,"Bryce":null,"Cory Bet Amount":null,"Cory Win/Lose/Push":null,"Cory":null,"JB Bet Amount":null,"JB Win/Lose/Push":null,"JB":null,"Ethan Bet Amount":null,"Ethan Win/Lose/Push":null,"Ethan":null,"Jaime Bet Amount":null,"Jaime Win/Lose/Push":null,"Jaime":null,"Nathan Bet Amount":null,"Nathan Win/Lose/Push":null,"Nathan":null,"Evan Bet Amount":null,"Evan Win/Lose/Push":null,"Evan":null,"Brandon Bet Amount":null,"Brandon Win/Lose/Push":null,"Brandon":null,"Total Team Bet":null,"Legends Bet":null,"Leaders Bet":null,"To Win":null,"Payout":null,"TOTALS":null,"Mitch Totals":null,"Phil Totals":null,"Bryce Totals":null,"Cory Totals":null,"JB Totals":null,"Ethan Totals":null,"Jaime Totals":null,"Nate Totals":null,"Evan Totals":null,"Brandon Totals":null},{"Week":"76","Date":"01/31/2025","Mitch Bet Amount":null,"Mitch Win/Lose/Push":null,"Mitch":null,"Phil Bet Amount":null,"Phil Win/Lose/Push":null,"Phil":null,"Bryce Bet Amount":null,"Bryce Win/Lose/Push":null,"Bryce":null,"Cory Bet Amount":null,"Cory Win/Lose/Push":null,"Cory":null,"JB Bet Amount":null,"JB Win/Lose/Push":null,"JB":null,"Ethan Bet Amount":null,"Ethan Win/Lose/Push":null,"Ethan":null,"Jaime Bet Amount":null,"Jaime Win/Lose/Push":null,"Jaime":null,"Nathan Bet Amount":null,"Nathan Win/Lose/Push":null,"Nathan":null,"Evan Bet Amount":null,"Evan Win/Lose/Push":null,"Evan":null,"Brandon Bet Amount":null,"Brandon Win/Lose/Push":null,"Brandon":null,"Total Team Bet":null,"Legends Bet":null,"Leaders Bet":null,"To Win":null,"Payout":null,"TOTALS":null,"Mitch Totals":null,"Phil Totals":null,"Bryce Totals":null,"Cory Totals":null,"JB Totals":null,"Ethan Totals":null,"Jaime Totals":null,"Nate Totals":null,"Evan Totals":null,"Brandon Totals":null},{"Week":"77","Date":"02/07/2025","Mitch Bet Amount":null,"Mitch Win/Lose/Push":null,"Mitch":null,"Phil Bet Amount":null,"Phil Win/Lose/Push":null,"Phil":null,"Bryce Bet Amount":null,"Bryce Win/Lose/Push":null,"Bryce":null,"Cory Bet Amount":null,"Cory Win/Lose/Push":null,"Cory":null,"JB Bet Amount":null,"JB Win/Lose/Push":null,"JB":null,"Ethan Bet Amount":null,"Ethan Win/Lose/Push":null,"Ethan":null,"Jaime Bet Amount":null,"Jaime Win/Lose/Push":null,"Jaime":null,"Nathan Bet Amount":null,"Nathan Win/Lose/Push":null,"Nathan":null,"Evan Bet Amount":null,"Evan Win/Lose/Push":null,"Evan":null,"Brandon Bet Amount":null,"Brandon Win/Lose/Push":null,"Brandon":null,"Total Team Bet":null,"Legends Bet":null,"Leaders Bet":null,"To Win":null,"Payout":null,"TOTALS":null,"Mitch Totals":null,"Phil Totals":null,"Bryce Totals":null,"Cory Totals":null,"JB Totals":null,"Ethan Totals":null,"Jaime Totals":null,"Nate Totals":null,"Evan Totals":null,"Brandon Totals":null},{"Week":"78","Date":"02/14/2025","Mitch Bet Amount":null,"Mitch Win/Lose/Push":null,"Mitch":null,"Phil Bet Amount":null,"Phil Win/Lose/Push":null,"Phil":null,"Bryce Bet Amount":null,"Bryce Win/Lose/Push":null,"Bryce":null,"Cory Bet Amount":null,"Cory Win/Lose/Push":null,"Cory":null,"JB Bet Amount":null,"JB Win/Lose/Push":null,"JB":null,"Ethan Bet Amount":null,"Ethan Win/Lose/Push":null,"Ethan":null,"Jaime Bet Amount":null,"Jaime Win/Lose/Push":null,"Jaime":null,"Nathan Bet Amount":null,"Nathan Win/Lose/Push":null,"Nathan":null,"Evan Bet Amount":null,"Evan Win/Lose/Push":null,"Evan":null,"Brandon Bet Amount":null,"Brandon Win/Lose/Push":null,"Brandon":null,"Total Team Bet":null,"Legends Bet":null,"Leaders Bet":null,"To Win":null,"Payout":null,"TOTALS":null,"Mitch Totals":null,"Phil Totals":null,"Bryce Totals":null,"Cory Totals":null,"JB Totals":null,"Ethan Totals":null,"Jaime Totals":null,"Nate Totals":null,"Evan Totals":null,"Brandon Totals":null},{"Week":"79","Date":"02/21/2025","Mitch Bet Amount":null,"Mitch Win/Lose/Push":null,"Mitch":null,"Phil Bet Amount":null,"Phil Win/Lose/Push":null,"Phil":null,"Bryce Bet Amount":null,"Bryce Win/Lose/Push":null,"Bryce":null,"Cory Bet Amount":null,"Cory Win/Lose/Push":null,"Cory":null,"JB Bet Amount":null,"JB Win/Lose/Push":null,"JB":null,"Ethan Bet Amount":null,"Ethan Win/Lose/Push":null,"Ethan":null,"Jaime Bet Amount":null,"Jaime Win/Lose/Push":null,"Jaime":null,"Nathan Bet Amount":null,"Nathan Win/Lose/Push":null,"Nathan":null,"Evan Bet Amount":null,"Evan Win/Lose/Push":null,"Evan":null,"Brandon Bet Amount":null,"Brandon Win/Lose/Push":null,"Brandon":null,"Total Team Bet":null,"Legends Bet":null,"Leaders Bet":null,"To Win":null,"Payout":null,"TOTALS":null,"Mitch Totals":null,"Phil Totals":null,"Bryce Totals":null,"Cory Totals":null,"JB Totals":null,"Ethan Totals":null,"Jaime Totals":null,"Nate Totals":null,"Evan Totals":null,"Brandon Totals":null},{"Week":"80","Date":"02/28/2025","Mitch Bet Amount":null,"Mitch Win/Lose/Push":null,"Mitch":null,"Phil Bet Amount":null,"Phil Win/Lose/Push":null,"Phil":null,"Bryce Bet Amount":null,"Bryce Win/Lose/Push":null,"Bryce":null,"Cory Bet Amount":null,"Cory Win/Lose/Push":null,"Cory":null,"JB Bet Amount":null,"JB Win/Lose/Push":null,"JB":null,"Ethan Bet Amount":null,"Ethan Win/Lose/Push":null,"Ethan":null,"Jaime Bet Amount":null,"Jaime Win/Lose/Push":null,"Jaime":null,"Nathan Bet Amount":null,"Nathan Win/Lose/Push":null,"Nathan":null,"Evan Bet Amount":null,"Evan Win/Lose/Push":null,"Evan":null,"Brandon Bet Amount":null,"Brandon Win/Lose/Push":null,"Brandon":null,"Total Team Bet":null,"Legends Bet":null,"Leaders Bet":null,"To Win":null,"Payout":null,"TOTALS":null,"Mitch Totals":null,"Phil Totals":null,"Bryce Totals":null,"Cory Totals":null,"JB Totals":null,"Ethan Totals":null,"Jaime Totals":null,"Nate Totals":null,"Evan Totals":null,"Brandon Totals":null},{"Week":"81","Date":"03/07/2025","Mitch Bet Amount":null,"Mitch Win/Lose/Push":null,"Mitch":null,"Phil Bet Amount":null,"Phil Win/Lose/Push":null,"Phil":null,"Bryce Bet Amount":null,"Bryce Win/Lose/Push":null,"Bryce":null,"Cory Bet Amount":null,"Cory Win/Lose/Push":null,"Cory":null,"JB Bet Amount":null,"JB Win/Lose/Push":null,"JB":null,"Ethan Bet Amount":null,"Ethan Win/Lose/Push":null,"Ethan":null,"Jaime Bet Amount":null,"Jaime Win/Lose/Push":null,"Jaime":null,"Nathan Bet Amount":null,"Nathan Win/Lose/Push":null,"Nathan":null,"Evan Bet Amount":null,"Evan Win/Lose/Push":null,"Evan":null,"Brandon Bet Amount":null,"Brandon Win/Lose/Push":null,"Brandon":null,"Total Team Bet":null,"Legends Bet":null,"Leaders Bet":null,"To Win":null,"Payout":null,"TOTALS":null,"Mitch Totals":null,"Phil Totals":null,"Bryce Totals":null,"Cory Totals":null,"JB Totals":null,"Ethan Totals":null,"Jaime Totals":null,"Nate Totals":null,"Evan Totals":null,"Brandon Totals":null},{"Week":"82","Date":"03/14/2025","Mitch Bet Amount":null,"Mitch Win/Lose/Push":null,"Mitch":null,"Phil Bet Amount":null,"Phil Win/Lose/Push":null,"Phil":null,"Bryce Bet Amount":null,"Bryce Win/Lose/Push":null,"Bryce":null,"Cory Bet Amount":null,"Cory Win/Lose/Push":null,"Cory":null,"JB Bet Amount":null,"JB Win/Lose/Push":null,"JB":null,"Ethan Bet Amount":null,"Ethan Win/Lose/Push":null,"Ethan":null,"Jaime Bet Amount":null,"Jaime Win/Lose/Push":null,"Jaime":null,"Nathan Bet Amount":null,"Nathan Win/Lose/Push":null,"Nathan":null,"Evan Bet Amount":null,"Evan Win/Lose/Push":null,"Evan":null,"Brandon Bet Amount":null,"Brandon Win/Lose/Push":null,"Brandon":null,"Total Team Bet":null,"Legends Bet":null,"Leaders Bet":null,"To Win":null,"Payout":null,"TOTALS":null,"Mitch Totals":null,"Phil Totals":null,"Bryce Totals":null,"Cory Totals":null,"JB Totals":null,"Ethan Totals":null,"Jaime Totals":null,"Nate Totals":null,"Evan Totals":null,"Brandon Totals":null},{"Week":"83","Date":"03/21/2025","Mitch Bet Amount":null,"Mitch Win/Lose/Push":null,"Mitch":null,"Phil Bet Amount":null,"Phil Win/Lose/Push":null,"Phil":null,"Bryce Bet Amount":null,"Bryce Win/Lose/Push":null,"Bryce":null,"Cory Bet Amount":null,"Cory Win/Lose/Push":null,"Cory":null,"JB Bet Amount":null,"JB Win/Lose/Push":null,"JB":null,"Ethan Bet Amount":null,"Ethan Win/Lose/Push":null,"Ethan":null,"Jaime Bet Amount":null,"Jaime Win/Lose/Push":null,"Jaime":null,"Nathan Bet Amount":null,"Nathan Win/Lose/Push":null,"Nathan":null,"Evan Bet Amount":null,"Evan Win/Lose/Push":null,"Evan":null,"Brandon Bet Amount":null,"Brandon Win/Lose/Push":null,"Brandon":null,"Total Team Bet":null,"Legends Bet":null,"Leaders Bet":null,"To Win":null,"Payout":null,"TOTALS":null,"Mitch Totals":null,"Phil Totals":null,"Bryce Totals":null,"Cory Totals":null,"JB Totals":null,"Ethan Totals":null,"Jaime Totals":null,"Nate Totals":null,"Evan Totals":null,"Brandon Totals":null},{"Week":"84","Date":"03/28/2025","Mitch Bet Amount":null,"Mitch Win/Lose/Push":null,"Mitch":null,"Phil Bet Amount":null,"Phil Win/Lose/Push":null,"Phil":null,"Bryce Bet Amount":null,"Bryce Win/Lose/Push":null,"Bryce":null,"Cory Bet Amount":null,"Cory Win/Lose/Push":null,"Cory":null,"JB Bet Amount":null,"JB Win/Lose/Push":null,"JB":null,"Ethan Bet Amount":null,"Ethan Win/Lose/Push":null,"Ethan":null,"Jaime Bet Amount":null,"Jaime Win/Lose/Push":null,"Jaime":null,"Nathan Bet Amount":null,"Nathan Win/Lose/Push":null,"Nathan":null,"Evan Bet Amount":null,"Evan Win/Lose/Push":null,"Evan":null,"Brandon Bet Amount":null,"Brandon Win/Lose/Push":null,"Brandon":null,"Total Team Bet":null,"Legends Bet":null,"Leaders Bet":null,"To Win":null,"Payout":null,"TOTALS":null,"Mitch Totals":null,"Phil Totals":null,"Bryce Totals":null,"Cory Totals":null,"JB Totals":null,"Ethan Totals":null,"Jaime Totals":null,"Nate Totals":null,"Evan Totals":null,"Brandon Totals":null},{"Week":"85","Date":"04/04/2025","Mitch Bet Amount":null,"Mitch Win/Lose/Push":null,"Mitch":null,"Phil Bet Amount":null,"Phil Win/Lose/Push":null,"Phil":null,"Bryce Bet Amount":null,"Bryce Win/Lose/Push":null,"Bryce":null,"Cory Bet Amount":null,"Cory Win/Lose/Push":null,"Cory":null,"JB Bet Amount":null,"JB Win/Lose/Push":null,"JB":null,"Ethan Bet Amount":null,"Ethan Win/Lose/Push":null,"Ethan":null,"Jaime Bet Amount":null,"Jaime Win/Lose/Push":null,"Jaime":null,"Nathan Bet Amount":null,"Nathan Win/Lose/Push":null,"Nathan":null,"Evan Bet Amount":null,"Evan Win/Lose/Push":null,"Evan":null,"Brandon Bet Amount":null,"Brandon Win/Lose/Push":null,"Brandon":null,"Total Team Bet":null,"Legends Bet":null,"Leaders Bet":null,"To Win":null,"Payout":null,"TOTALS":null,"Mitch Totals":null,"Phil Totals":null,"Bryce Totals":null,"Cory Totals":null,"JB Totals":null,"Ethan Totals":null,"Jaime Totals":null,"Nate Totals":null,"Evan Totals":null,"Brandon Totals":null},{"Week":"86","Date":"04/11/2025","Mitch Bet Amount":null,"Mitch Win/Lose/Push":null,"Mitch":null,"Phil Bet Amount":null,"Phil Win/Lose/Push":null,"Phil":null,"Bryce Bet Amount":null,"Bryce Win/Lose/Push":null,"Bryce":null,"Cory Bet Amount":null,"Cory Win/Lose/Push":null,"Cory":null,"JB Bet Amount":null,"JB Win/Lose/Push":null,"JB":null,"Ethan Bet Amount":null,"Ethan Win/Lose/Push":null,"Ethan":null,"Jaime Bet Amount":null,"Jaime Win/Lose/Push":null,"Jaime":null,"Nathan Bet Amount":null,"Nathan Win/Lose/Push":null,"Nathan":null,"Evan Bet Amount":null,"Evan Win/Lose/Push":null,"Evan":null,"Brandon Bet Amount":null,"Brandon Win/Lose/Push":null,"Brandon":null,"Total Team Bet":null,"Legends Bet":null,"Leaders Bet":null,"To Win":null,"Payout":null,"TOTALS":null,"Mitch Totals":null,"Phil Totals":null,"Bryce Totals":null,"Cory Totals":null,"JB Totals":null,"Ethan Totals":null,"Jaime Totals":null,"Nate Totals":null,"Evan Totals":null,"Brandon Totals":null},{"Week":"87","Date":"04/18/2025","Mitch Bet Amount":null,"Mitch Win/Lose/Push":null,"Mitch":null,"Phil Bet Amount":null,"Phil Win/Lose/Push":null,"Phil":null,"Bryce Bet Amount":null,"Bryce Win/Lose/Push":null,"Bryce":null,"Cory Bet Amount":null,"Cory Win/Lose/Push":null,"Cory":null,"JB Bet Amount":null,"JB Win/Lose/Push":null,"JB":null,"Ethan Bet Amount":null,"Ethan Win/Lose/Push":null,"Ethan":null,"Jaime Bet Amount":null,"Jaime Win/Lose/Push":null,"Jaime":null,"Nathan Bet Amount":null,"Nathan Win/Lose/Push":null,"Nathan":null,"Evan Bet Amount":null,"Evan Win/Lose/Push":null,"Evan":null,"Brandon Bet Amount":null,"Brandon Win/Lose/Push":null,"Brandon":null,"Total Team Bet":null,"Legends Bet":null,"Leaders Bet":null,"To Win":null,"Payout":null,"TOTALS":null,"Mitch Totals":null,"Phil Totals":null,"Bryce Totals":null,"Cory Totals":null,"JB Totals":null,"Ethan Totals":null,"Jaime Totals":null,"Nate Totals":null,"Evan Totals":null,"Brandon Totals":null},{"Week":"88","Date":"04/25/2025","Mitch Bet Amount":null,"Mitch Win/Lose/Push":null,"Mitch":null,"Phil Bet Amount":null,"Phil Win/Lose/Push":null,"Phil":null,"Bryce Bet Amount":null,"Bryce Win/Lose/Push":null,"Bryce":null,"Cory Bet Amount":null,"Cory Win/Lose/Push":null,"Cory":null,"JB Bet Amount":null,"JB Win/Lose/Push":null,"JB":null,"Ethan Bet Amount":null,"Ethan Win/Lose/Push":null,"Ethan":null,"Jaime Bet Amount":null,"Jaime Win/Lose/Push":null,"Jaime":null,"Nathan Bet Amount":null,"Nathan Win/Lose/Push":null,"Nathan":null,"Evan Bet Amount":null,"Evan Win/Lose/Push":null,"Evan":null,"Brandon Bet Amount":null,"Brandon Win/Lose/Push":null,"Brandon":null,"Total Team Bet":null,"Legends Bet":null,"Leaders Bet":null,"To Win":null,"Payout":null,"TOTALS":null,"Mitch Totals":null,"Phil Totals":null,"Bryce Totals":null,"Cory Totals":null,"JB Totals":null,"Ethan Totals":null,"Jaime Totals":null,"Nate Totals":null,"Evan Totals":null,"Brandon Totals":null},{"Week":"89","Date":"05/02/2025","Mitch Bet Amount":null,"Mitch Win/Lose/Push":null,"Mitch":null,"Phil Bet Amount":null,"Phil Win/Lose/Push":null,"Phil":null,"Bryce Bet Amount":null,"Bryce Win/Lose/Push":null,"Bryce":null,"Cory Bet Amount":null,"Cory Win/Lose/Push":null,"Cory":null,"JB Bet Amount":null,"JB Win/Lose/Push":null,"JB":null,"Ethan Bet Amount":null,"Ethan Win/Lose/Push":null,"Ethan":null,"Jaime Bet Amount":null,"Jaime Win/Lose/Push":null,"Jaime":null,"Nathan Bet Amount":null,"Nathan Win/Lose/Push":null,"Nathan":null,"Evan Bet Amount":null,"Evan Win/Lose/Push":null,"Evan":null,"Brandon Bet Amount":null,"Brandon Win/Lose/Push":null,"Brandon":null,"Total Team Bet":null,"Legends Bet":null,"Leaders Bet":null,"To Win":null,"Payout":null,"TOTALS":null,"Mitch Totals":null,"Phil Totals":null,"Bryce Totals":null,"Cory Totals":null,"JB Totals":null,"Ethan Totals":null,"Jaime Totals":null,"Nate Totals":null,"Evan Totals":null,"Brandon Totals":null},{"Week":"90","Date":"05/09/2025","Mitch Bet Amount":null,"Mitch Win/Lose/Push":null,"Mitch":null,"Phil Bet Amount":null,"Phil Win/Lose/Push":null,"Phil":null,"Bryce Bet Amount":null,"Bryce Win/Lose/Push":null,"Bryce":null,"Cory Bet Amount":null,"Cory Win/Lose/Push":null,"Cory":null,"JB Bet Amount":null,"JB Win/Lose/Push":null,"JB":null,"Ethan Bet Amount":null,"Ethan Win/Lose/Push":null,"Ethan":null,"Jaime Bet Amount":null,"Jaime Win/Lose/Push":null,"Jaime":null,"Nathan Bet Amount":null,"Nathan Win/Lose/Push":null,"Nathan":null,"Evan Bet Amount":null,"Evan Win/Lose/Push":null,"Evan":null,"Brandon Bet Amount":null,"Brandon Win/Lose/Push":null,"Brandon":null,"Total Team Bet":null,"Legends Bet":null,"Leaders Bet":null,"To Win":null,"Payout":null,"TOTALS":null,"Mitch Totals":null,"Phil Totals":null,"Bryce Totals":null,"Cory Totals":null,"JB Totals":null,"Ethan Totals":null,"Jaime Totals":null,"Nate Totals":null,"Evan Totals":null,"Brandon Totals":null},{"Week":"91","Date":"05/16/2025","Mitch Bet Amount":null,"Mitch Win/Lose/Push":null,"Mitch":null,"Phil Bet Amount":null,"Phil Win/Lose/Push":null,"Phil":null,"Bryce Bet Amount":null,"Bryce Win/Lose/Push":null,"Bryce":null,"Cory Bet Amount":null,"Cory Win/Lose/Push":null,"Cory":null,"JB Bet Amount":null,"JB Win/Lose/Push":null,"JB":null,"Ethan Bet Amount":null,"Ethan Win/Lose/Push":null,"Ethan":null,"Jaime Bet Amount":null,"Jaime Win/Lose/Push":null,"Jaime":null,"Nathan Bet Amount":null,"Nathan Win/Lose/Push":null,"Nathan":null,"Evan Bet Amount":null,"Evan Win/Lose/Push":null,"Evan":null,"Brandon Bet Amount":null,"Brandon Win/Lose/Push":null,"Brandon":null,"Total Team Bet":null,"Legends Bet":null,"Leaders Bet":null,"To Win":null,"Payout":null,"TOTALS":null,"Mitch Totals":null,"Phil Totals":null,"Bryce Totals":null,"Cory Totals":null,"JB Totals":null,"Ethan Totals":null,"Jaime Totals":null,"Nate Totals":null,"Evan Totals":null,"Brandon Totals":null},{"Week":"92","Date":"05/23/2025","Mitch Bet Amount":null,"Mitch Win/Lose/Push":null,"Mitch":null,"Phil Bet Amount":null,"Phil Win/Lose/Push":null,"Phil":null,"Bryce Bet Amount":null,"Bryce Win/Lose/Push":null,"Bryce":null,"Cory Bet Amount":null,"Cory Win/Lose/Push":null,"Cory":null,"JB Bet Amount":null,"JB Win/Lose/Push":null,"JB":null,"Ethan Bet Amount":null,"Ethan Win/Lose/Push":null,"Ethan":null,"Jaime Bet Amount":null,"Jaime Win/Lose/Push":null,"Jaime":null,"Nathan Bet Amount":null,"Nathan Win/Lose/Push":null,"Nathan":null,"Evan Bet Amount":null,"Evan Win/Lose/Push":null,"Evan":null,"Brandon Bet Amount":null,"Brandon Win/Lose/Push":null,"Brandon":null,"Total Team Bet":null,"Legends Bet":null,"Leaders Bet":null,"To Win":null,"Payout":null,"TOTALS":null,"Mitch Totals":null,"Phil Totals":null,"Bryce Totals":null,"Cory Totals":null,"JB Totals":null,"Ethan Totals":null,"Jaime Totals":null,"Nate Totals":null,"Evan Totals":null,"Brandon Totals":null},{"Week":"93","Date":"05/30/2025","Mitch Bet Amount":null,"Mitch Win/Lose/Push":null,"Mitch":null,"Phil Bet Amount":null,"Phil Win/Lose/Push":null,"Phil":null,"Bryce Bet Amount":null,"Bryce Win/Lose/Push":null,"Bryce":null,"Cory Bet Amount":null,"Cory Win/Lose/Push":null,"Cory":null,"JB Bet Amount":null,"JB Win/Lose/Push":null,"JB":null,"Ethan Bet Amount":null,"Ethan Win/Lose/Push":null,"Ethan":null,"Jaime Bet Amount":null,"Jaime Win/Lose/Push":null,"Jaime":null,"Nathan Bet Amount":null,"Nathan Win/Lose/Push":null,"Nathan":null,"Evan Bet Amount":null,"Evan Win/Lose/Push":null,"Evan":null,"Brandon Bet Amount":null,"Brandon Win/Lose/Push":null,"Brandon":null,"Total Team Bet":null,"Legends Bet":null,"Leaders Bet":null,"To Win":null,"Payout":null,"TOTALS":null,"Mitch Totals":null,"Phil Totals":null,"Bryce Totals":null,"Cory Totals":null,"JB Totals":null,"Ethan Totals":null,"Jaime Totals":null,"Nate Totals":null,"Evan Totals":null,"Brandon Totals":null},{"Week":"94","Date":"06/06/2025","Mitch Bet Amount":null,"Mitch Win/Lose/Push":null,"Mitch":null,"Phil Bet Amount":null,"Phil Win/Lose/Push":null,"Phil":null,"Bryce Bet Amount":null,"Bryce Win/Lose/Push":null,"Bryce":null,"Cory Bet Amount":null,"Cory Win/Lose/Push":null,"Cory":null,"JB Bet Amount":null,"JB Win/Lose/Push":null,"JB":null,"Ethan Bet Amount":null,"Ethan Win/Lose/Push":null,"Ethan":null,"Jaime Bet Amount":null,"Jaime Win/Lose/Push":null,"Jaime":null,"Nathan Bet Amount":null,"Nathan Win/Lose/Push":null,"Nathan":null,"Evan Bet Amount":null,"Evan Win/Lose/Push":null,"Evan":null,"Brandon Bet Amount":null,"Brandon Win/Lose/Push":null,"Brandon":null,"Total Team Bet":null,"Legends Bet":null,"Leaders Bet":null,"To Win":null,"Payout":null,"TOTALS":null,"Mitch Totals":null,"Phil Totals":null,"Bryce Totals":null,"Cory Totals":null,"JB Totals":null,"Ethan Totals":null,"Jaime Totals":null,"Nate Totals":null,"Evan Totals":null,"Brandon Totals":null},{"Week":"95","Date":"06/13/2025","Mitch Bet Amount":null,"Mitch Win/Lose/Push":null,"Mitch":null,"Phil Bet Amount":null,"Phil Win/Lose/Push":null,"Phil":null,"Bryce Bet Amount":null,"Bryce Win/Lose/Push":null,"Bryce":null,"Cory Bet Amount":null,"Cory Win/Lose/Push":null,"Cory":null,"JB Bet Amount":null,"JB Win/Lose/Push":null,"JB":null,"Ethan Bet Amount":null,"Ethan Win/Lose/Push":null,"Ethan":null,"Jaime Bet Amount":null,"Jaime Win/Lose/Push":null,"Jaime":null,"Nathan Bet Amount":null,"Nathan Win/Lose/Push":null,"Nathan":null,"Evan Bet Amount":null,"Evan Win/Lose/Push":null,"Evan":null,"Brandon Bet Amount":null,"Brandon Win/Lose/Push":null,"Brandon":null,"Total Team Bet":null,"Legends Bet":null,"Leaders Bet":null,"To Win":null,"Payout":null,"TOTALS":null,"Mitch Totals":null,"Phil Totals":null,"Bryce Totals":null,"Cory Totals":null,"JB Totals":null,"Ethan Totals":null,"Jaime Totals":null,"Nate Totals":null,"Evan Totals":null,"Brandon Totals":null},{"Week":"96","Date":"06/20/2025","Mitch Bet Amount":null,"Mitch Win/Lose/Push":null,"Mitch":null,"Phil Bet Amount":null,"Phil Win/Lose/Push":null,"Phil":null,"Bryce Bet Amount":null,"Bryce Win/Lose/Push":null,"Bryce":null,"Cory Bet Amount":null,"Cory Win/Lose/Push":null,"Cory":null,"JB Bet Amount":null,"JB Win/Lose/Push":null,"JB":null,"Ethan Bet Amount":null,"Ethan Win/Lose/Push":null,"Ethan":null,"Jaime Bet Amount":null,"Jaime Win/Lose/Push":null,"Jaime":null,"Nathan Bet Amount":null,"Nathan Win/Lose/Push":null,"Nathan":null,"Evan Bet Amount":null,"Evan Win/Lose/Push":null,"Evan":null,"Brandon Bet Amount":null,"Brandon Win/Lose/Push":null,"Brandon":null,"Total Team Bet":null,"Legends Bet":null,"Leaders Bet":null,"To Win":null,"Payout":null,"TOTALS":null,"Mitch Totals":null,"Phil Totals":null,"Bryce Totals":null,"Cory Totals":null,"JB Totals":null,"Ethan Totals":null,"Jaime Totals":null,"Nate Totals":null,"Evan Totals":null,"Brandon Totals":null},{"Week":"97","Date":"06/27/2025","Mitch Bet Amount":null,"Mitch Win/Lose/Push":null,"Mitch":null,"Phil Bet Amount":null,"Phil Win/Lose/Push":null,"Phil":null,"Bryce Bet Amount":null,"Bryce Win/Lose/Push":null,"Bryce":null,"Cory Bet Amount":null,"Cory Win/Lose/Push":null,"Cory":null,"JB Bet Amount":null,"JB Win/Lose/Push":null,"JB":null,"Ethan Bet Amount":null,"Ethan Win/Lose/Push":null,"Ethan":null,"Jaime Bet Amount":null,"Jaime Win/Lose/Push":null,"Jaime":null,"Nathan Bet Amount":null,"Nathan Win/Lose/Push":null,"Nathan":null,"Evan Bet Amount":null,"Evan Win/Lose/Push":null,"Evan":null,"Brandon Bet Amount":null,"Brandon Win/Lose/Push":null,"Brandon":null,"Total Team Bet":null,"Legends Bet":null,"Leaders Bet":null,"To Win":null,"Payout":null,"TOTALS":null,"Mitch Totals":null,"Phil Totals":null,"Bryce Totals":null,"Cory Totals":null,"JB Totals":null,"Ethan Totals":null,"Jaime Totals":null,"Nate Totals":null,"Evan Totals":null,"Brandon Totals":null},{"Week":"98","Date":"07/04/2025","Mitch Bet Amount":null,"Mitch Win/Lose/Push":null,"Mitch":null,"Phil Bet Amount":null,"Phil Win/Lose/Push":null,"Phil":null,"Bryce Bet Amount":null,"Bryce Win/Lose/Push":null,"Bryce":null,"Cory Bet Amount":null,"Cory Win/Lose/Push":null,"Cory":null,"JB Bet Amount":null,"JB Win/Lose/Push":null,"JB":null,"Ethan Bet Amount":null,"Ethan Win/Lose/Push":null,"Ethan":null,"Jaime Bet Amount":null,"Jaime Win/Lose/Push":null,"Jaime":null,"Nathan Bet Amount":null,"Nathan Win/Lose/Push":null,"Nathan":null,"Evan Bet Amount":null,"Evan Win/Lose/Push":null,"Evan":null,"Brandon Bet Amount":null,"Brandon Win/Lose/Push":null,"Brandon":null,"Total Team Bet":null,"Legends Bet":null,"Leaders Bet":null,"To Win":null,"Payout":null,"TOTALS":null,"Mitch Totals":null,"Phil Totals":null,"Bryce Totals":null,"Cory Totals":null,"JB Totals":null,"Ethan Totals":null,"Jaime Totals":null,"Nate Totals":null,"Evan Totals":null,"Brandon Totals":null},{"Week":"99","Date":"07/11/2025","Mitch Bet Amount":null,"Mitch Win/Lose/Push":null,"Mitch":null,"Phil Bet Amount":null,"Phil Win/Lose/Push":null,"Phil":null,"Bryce Bet Amount":null,"Bryce Win/Lose/Push":null,"Bryce":null,"Cory Bet Amount":null,"Cory Win/Lose/Push":null,"Cory":null,"JB Bet Amount":null,"JB Win/Lose/Push":null,"JB":null,"Ethan Bet Amount":null,"Ethan Win/Lose/Push":null,"Ethan":null,"Jaime Bet Amount":null,"Jaime Win/Lose/Push":null,"Jaime":null,"Nathan Bet Amount":null,"Nathan Win/Lose/Push":null,"Nathan":null,"Evan Bet Amount":null,"Evan Win/Lose/Push":null,"Evan":null,"Brandon Bet Amount":null,"Brandon Win/Lose/Push":null,"Brandon":null,"Total Team Bet":null,"Legends Bet":null,"Leaders Bet":null,"To Win":null,"Payout":null,"TOTALS":null,"Mitch Totals":null,"Phil Totals":null,"Bryce Totals":null,"Cory Totals":null,"JB Totals":null,"Ethan Totals":null,"Jaime Totals":null,"Nate Totals":null,"Evan Totals":null,"Brandon Totals":null},{"Week":"100","Date":"07/18/2025","Mitch Bet Amount":null,"Mitch Win/Lose/Push":null,"Mitch":null,"Phil Bet Amount":null,"Phil Win/Lose/Push":null,"Phil":null,"Bryce Bet Amount":null,"Bryce Win/Lose/Push":null,"Bryce":null,"Cory Bet Amount":null,"Cory Win/Lose/Push":null,"Cory":null,"JB Bet Amount":null,"JB Win/Lose/Push":null,"JB":null,"Ethan Bet Amount":null,"Ethan Win/Lose/Push":null,"Ethan":null,"Jaime Bet Amount":null,"Jaime Win/Lose/Push":null,"Jaime":null,"Nathan Bet Amount":null,"Nathan Win/Lose/Push":null,"Nathan":null,"Evan Bet Amount":null,"Evan Win/Lose/Push":null,"Evan":null,"Brandon Bet Amount":null,"Brandon Win/Lose/Push":null,"Brandon":null,"Total Team Bet":null,"Legends Bet":null,"Leaders Bet":null,"To Win":null,"Payout":null,"TOTALS":null,"Mitch Totals":null,"Phil Totals":null,"Bryce Totals":null,"Cory Totals":null,"JB Totals":null,"Ethan Totals":null,"Jaime Totals":null,"Nate Totals":null,"Evan Totals":null,"Brandon Totals":null},{"Week":"101","Date":"07/25/2025","Mitch Bet Amount":null,"Mitch Win/Lose/Push":null,"Mitch":null,"Phil Bet Amount":null,"Phil Win/Lose/Push":null,"Phil":null,"Bryce Bet Amount":null,"Bryce Win/Lose/Push":null,"Bryce":null,"Cory Bet Amount":null,"Cory Win/Lose/Push":null,"Cory":null,"JB Bet Amount":null,"JB Win/Lose/Push":null,"JB":null,"Ethan Bet Amount":null,"Ethan Win/Lose/Push":null,"Ethan":null,"Jaime Bet Amount":null,"Jaime Win/Lose/Push":null,"Jaime":null,"Nathan Bet Amount":null,"Nathan Win/Lose/Push":null,"Nathan":null,"Evan Bet Amount":null,"Evan Win/Lose/Push":null,"Evan":null,"Brandon Bet Amount":null,"Brandon Win/Lose/Push":null,"Brandon":null,"Total Team Bet":null,"Legends Bet":null,"Leaders Bet":null,"To Win":null,"Payout":null,"TOTALS":null,"Mitch Totals":null,"Phil Totals":null,"Bryce Totals":null,"Cory Totals":null,"JB Totals":null,"Ethan Totals":null,"Jaime Totals":null,"Nate Totals":null,"Evan Totals":null,"Brandon Totals":null},{"Week":"102","Date":"08/01/2025","Mitch Bet Amount":null,"Mitch Win/Lose/Push":null,"Mitch":null,"Phil Bet Amount":null,"Phil Win/Lose/Push":null,"Phil":null,"Bryce Bet Amount":null,"Bryce Win/Lose/Push":null,"Bryce":null,"Cory Bet Amount":null,"Cory Win/Lose/Push":null,"Cory":null,"JB Bet Amount":null,"JB Win/Lose/Push":null,"JB":null,"Ethan Bet Amount":null,"Ethan Win/Lose/Push":null,"Ethan":null,"Jaime Bet Amount":null,"Jaime Win/Lose/Push":null,"Jaime":null,"Nathan Bet Amount":null,"Nathan Win/Lose/Push":null,"Nathan":null,"Evan Bet Amount":null,"Evan Win/Lose/Push":null,"Evan":null,"Brandon Bet Amount":null,"Brandon Win/Lose/Push":null,"Brandon":null,"Total Team Bet":null,"Legends Bet":null,"Leaders Bet":null,"To Win":null,"Payout":null,"TOTALS":null,"Mitch Totals":null,"Phil Totals":null,"Bryce Totals":null,"Cory Totals":null,"JB Totals":null,"Ethan Totals":null,"Jaime Totals":null,"Nate Totals":null,"Evan Totals":null,"Brandon Totals":null},{"Week":"103","Date":"08/08/2025","Mitch Bet Amount":null,"Mitch Win/Lose/Push":null,"Mitch":null,"Phil Bet Amount":null,"Phil Win/Lose/Push":null,"Phil":null,"Bryce Bet Amount":null,"Bryce Win/Lose/Push":null,"Bryce":null,"Cory Bet Amount":null,"Cory Win/Lose/Push":null,"Cory":null,"JB Bet Amount":null,"JB Win/Lose/Push":null,"JB":null,"Ethan Bet Amount":null,"Ethan Win/Lose/Push":null,"Ethan":null,"Jaime Bet Amount":null,"Jaime Win/Lose/Push":null,"Jaime":null,"Nathan Bet Amount":null,"Nathan Win/Lose/Push":null,"Nathan":null,"Evan Bet Amount":null,"Evan Win/Lose/Push":null,"Evan":null,"Brandon Bet Amount":null,"Brandon Win/Lose/Push":null,"Brandon":null,"Total Team Bet":null,"Legends Bet":null,"Leaders Bet":null,"To Win":null,"Payout":null,"TOTALS":null,"Mitch Totals":null,"Phil Totals":null,"Bryce Totals":null,"Cory Totals":null,"JB Totals":null,"Ethan Totals":null,"Jaime Totals":null,"Nate Totals":null,"Evan Totals":null,"Brandon Totals":null},{"Week":"104","Date":"08/15/2025","Mitch Bet Amount":null,"Mitch Win/Lose/Push":null,"Mitch":null,"Phil Bet Amount":null,"Phil Win/Lose/Push":null,"Phil":null,"Bryce Bet Amount":null,"Bryce Win/Lose/Push":null,"Bryce":null,"Cory Bet Amount":null,"Cory Win/Lose/Push":null,"Cory":null,"JB Bet Amount":null,"JB Win/Lose/Push":null,"JB":null,"Ethan Bet Amount":null,"Ethan Win/Lose/Push":null,"Ethan":null,"Jaime Bet Amount":null,"Jaime Win/Lose/Push":null,"Jaime":null,"Nathan Bet Amount":null,"Nathan Win/Lose/Push":null,"Nathan":null,"Evan Bet Amount":null,"Evan Win/Lose/Push":null,"Evan":null,"Brandon Bet Amount":null,"Brandon Win/Lose/Push":null,"Brandon":null,"Total Team Bet":null,"Legends Bet":null,"Leaders Bet":null,"To Win":null,"Payout":null,"TOTALS":null,"Mitch Totals":null,"Phil Totals":null,"Bryce Totals":null,"Cory Totals":null,"JB Totals":null,"Ethan Totals":null,"Jaime Totals":null,"Nate Totals":null,"Evan Totals":null,"Brandon Totals":null},{"Week":"105","Date":"08/22/2025","Mitch Bet Amount":null,"Mitch Win/Lose/Push":null,"Mitch":null,"Phil Bet Amount":null,"Phil Win/Lose/Push":null,"Phil":null,"Bryce Bet Amount":null,"Bryce Win/Lose/Push":null,"Bryce":null,"Cory Bet Amount":null,"Cory Win/Lose/Push":null,"Cory":null,"JB Bet Amount":null,"JB Win/Lose/Push":null,"JB":null,"Ethan Bet Amount":null,"Ethan Win/Lose/Push":null,"Ethan":null,"Jaime Bet Amount":null,"Jaime Win/Lose/Push":null,"Jaime":null,"Nathan Bet Amount":null,"Nathan Win/Lose/Push":null,"Nathan":null,"Evan Bet Amount":null,"Evan Win/Lose/Push":null,"Evan":null,"Brandon Bet Amount":null,"Brandon Win/Lose/Push":null,"Brandon":null,"Total Team Bet":null,"Legends Bet":null,"Leaders Bet":null,"To Win":null,"Payout":null,"TOTALS":null,"Mitch Totals":null,"Phil Totals":null,"Bryce Totals":null,"Cory Totals":null,"JB Totals":null,"Ethan Totals":null,"Jaime Totals":null,"Nate Totals":null,"Evan Totals":null,"Brandon Totals":null},{"Week":"106","Date":"08/29/2025","Mitch Bet Amount":null,"Mitch Win/Lose/Push":null,"Mitch":null,"Phil Bet Amount":null,"Phil Win/Lose/Push":null,"Phil":null,"Bryce Bet Amount":null,"Bryce Win/Lose/Push":null,"Bryce":null,"Cory Bet Amount":null,"Cory Win/Lose/Push":null,"Cory":null,"JB Bet Amount":null,"JB Win/Lose/Push":null,"JB":null,"Ethan Bet Amount":null,"Ethan Win/Lose/Push":null,"Ethan":null,"Jaime Bet Amount":null,"Jaime Win/Lose/Push":null,"Jaime":null,"Nathan Bet Amount":null,"Nathan Win/Lose/Push":null,"Nathan":null,"Evan Bet Amount":null,"Evan Win/Lose/Push":null,"Evan":null,"Brandon Bet Amount":null,"Brandon Win/Lose/Push":null,"Brandon":null,"Total Team Bet":null,"Legends Bet":null,"Leaders Bet":null,"To Win":null,"Payout":null,"TOTALS":null,"Mitch Totals":null,"Phil Totals":null,"Bryce Totals":null,"Cory Totals":null,"JB Totals":null,"Ethan Totals":null,"Jaime Totals":null,"Nate Totals":null,"Evan Totals":null,"Brandon Totals":null},{"Week":"107","Date":"09/05/2025","Mitch Bet Amount":null,"Mitch Win/Lose/Push":null,"Mitch":null,"Phil Bet Amount":null,"Phil Win/Lose/Push":null,"Phil":null,"Bryce Bet Amount":null,"Bryce Win/Lose/Push":null,"Bryce":null,"Cory Bet Amount":null,"Cory Win/Lose/Push":null,"Cory":null,"JB Bet Amount":null,"JB Win/Lose/Push":null,"JB":null,"Ethan Bet Amount":null,"Ethan Win/Lose/Push":null,"Ethan":null,"Jaime Bet Amount":null,"Jaime Win/Lose/Push":null,"Jaime":null,"Nathan Bet Amount":null,"Nathan Win/Lose/Push":null,"Nathan":null,"Evan Bet Amount":null,"Evan Win/Lose/Push":null,"Evan":null,"Brandon Bet Amount":null,"Brandon Win/Lose/Push":null,"Brandon":null,"Total Team Bet":null,"Legends Bet":null,"Leaders Bet":null,"To Win":null,"Payout":null,"TOTALS":null,"Mitch Totals":null,"Phil Totals":null,"Bryce Totals":null,"Cory Totals":null,"JB Totals":null,"Ethan Totals":null,"Jaime Totals":null,"Nate Totals":null,"Evan Totals":null,"Brandon Totals":null},{"Week":"108","Date":"09/12/2025","Mitch Bet Amount":null,"Mitch Win/Lose/Push":null,"Mitch":null,"Phil Bet Amount":null,"Phil Win/Lose/Push":null,"Phil":null,"Bryce Bet Amount":null,"Bryce Win/Lose/Push":null,"Bryce":null,"Cory Bet Amount":null,"Cory Win/Lose/Push":null,"Cory":null,"JB Bet Amount":null,"JB Win/Lose/Push":null,"JB":null,"Ethan Bet Amount":null,"Ethan Win/Lose/Push":null,"Ethan":null,"Jaime Bet Amount":null,"Jaime Win/Lose/Push":null,"Jaime":null,"Nathan Bet Amount":null,"Nathan Win/Lose/Push":null,"Nathan":null,"Evan Bet Amount":null,"Evan Win/Lose/Push":null,"Evan":null,"Brandon Bet Amount":null,"Brandon Win/Lose/Push":null,"Brandon":null,"Total Team Bet":null,"Legends Bet":null,"Leaders Bet":null,"To Win":null,"Payout":null,"TOTALS":null,"Mitch Totals":null,"Phil Totals":null,"Bryce Totals":null,"Cory Totals":null,"JB Totals":null,"Ethan Totals":null,"Jaime Totals":null,"Nate Totals":null,"Evan Totals":null,"Brandon Totals":null},{"Week":"109","Date":"09/19/2025","Mitch Bet Amount":null,"Mitch Win/Lose/Push":null,"Mitch":null,"Phil Bet Amount":null,"Phil Win/Lose/Push":null,"Phil":null,"Bryce Bet Amount":null,"Bryce Win/Lose/Push":null,"Bryce":null,"Cory Bet Amount":null,"Cory Win/Lose/Push":null,"Cory":null,"JB Bet Amount":null,"JB Win/Lose/Push":null,"JB":null,"Ethan Bet Amount":null,"Ethan Win/Lose/Push":null,"Ethan":null,"Jaime Bet Amount":null,"Jaime Win/Lose/Push":null,"Jaime":null,"Nathan Bet Amount":null,"Nathan Win/Lose/Push":null,"Nathan":null,"Evan Bet Amount":null,"Evan Win/Lose/Push":null,"Evan":null,"Brandon Bet Amount":null,"Brandon Win/Lose/Push":null,"Brandon":null,"Total Team Bet":null,"Legends Bet":null,"Leaders Bet":null,"To Win":null,"Payout":null,"TOTALS":null,"Mitch Totals":null,"Phil Totals":null,"Bryce Totals":null,"Cory Totals":null,"JB Totals":null,"Ethan Totals":null,"Jaime Totals":null,"Nate Totals":null,"Evan Totals":null,"Brandon Totals":null},{"Week":"110","Date":"09/26/2025","Mitch Bet Amount":null,"Mitch Win/Lose/Push":null,"Mitch":null,"Phil Bet Amount":null,"Phil Win/Lose/Push":null,"Phil":null,"Bryce Bet Amount":null,"Bryce Win/Lose/Push":null,"Bryce":null,"Cory Bet Amount":null,"Cory Win/Lose/Push":null,"Cory":null,"JB Bet Amount":null,"JB Win/Lose/Push":null,"JB":null,"Ethan Bet Amount":null,"Ethan Win/Lose/Push":null,"Ethan":null,"Jaime Bet Amount":null,"Jaime Win/Lose/Push":null,"Jaime":null,"Nathan Bet Amount":null,"Nathan Win/Lose/Push":null,"Nathan":null,"Evan Bet Amount":null,"Evan Win/Lose/Push":null,"Evan":null,"Brandon Bet Amount":null,"Brandon Win/Lose/Push":null,"Brandon":null,"Total Team Bet":null,"Legends Bet":null,"Leaders Bet":null,"To Win":null,"Payout":null,"TOTALS":null,"Mitch Totals":null,"Phil Totals":null,"Bryce Totals":null,"Cory Totals":null,"JB Totals":null,"Ethan Totals":null,"Jaime Totals":null,"Nate Totals":null,"Evan Totals":null,"Brandon Totals":null},{"Week":"111","Date":"10/03/2025","Mitch Bet Amount":null,"Mitch Win/Lose/Push":null,"Mitch":null,"Phil Bet Amount":null,"Phil Win/Lose/Push":null,"Phil":null,"Bryce Bet Amount":null,"Bryce Win/Lose/Push":null,"Bryce":null,"Cory Bet Amount":null,"Cory Win/Lose/Push":null,"Cory":null,"JB Bet Amount":null,"JB Win/Lose/Push":null,"JB":null,"Ethan Bet Amount":null,"Ethan Win/Lose/Push":null,"Ethan":null,"Jaime Bet Amount":null,"Jaime Win/Lose/Push":null,"Jaime":null,"Nathan Bet Amount":null,"Nathan Win/Lose/Push":null,"Nathan":null,"Evan Bet Amount":null,"Evan Win/Lose/Push":null,"Evan":null,"Brandon Bet Amount":null,"Brandon Win/Lose/Push":null,"Brandon":null,"Total Team Bet":null,"Legends Bet":null,"Leaders Bet":null,"To Win":null,"Payout":null,"TOTALS":null,"Mitch Totals":null,"Phil Totals":null,"Bryce Totals":null,"Cory Totals":null,"JB Totals":null,"Ethan Totals":null,"Jaime Totals":null,"Nate Totals":null,"Evan Totals":null,"Brandon Totals":null},{"Week":"112","Date":"10/10/2025","Mitch Bet Amount":null,"Mitch Win/Lose/Push":null,"Mitch":null,"Phil Bet Amount":null,"Phil Win/Lose/Push":null,"Phil":null,"Bryce Bet Amount":null,"Bryce Win/Lose/Push":null,"Bryce":null,"Cory Bet Amount":null,"Cory Win/Lose/Push":null,"Cory":null,"JB Bet Amount":null,"JB Win/Lose/Push":null,"JB":null,"Ethan Bet Amount":null,"Ethan Win/Lose/Push":null,"Ethan":null,"Jaime Bet Amount":null,"Jaime Win/Lose/Push":null,"Jaime":null,"Nathan Bet Amount":null,"Nathan Win/Lose/Push":null,"Nathan":null,"Evan Bet Amount":null,"Evan Win/Lose/Push":null,"Evan":null,"Brandon Bet Amount":null,"Brandon Win/Lose/Push":null,"Brandon":null,"Total Team Bet":null,"Legends Bet":null,"Leaders Bet":null,"To Win":null,"Payout":null,"TOTALS":null,"Mitch Totals":null,"Phil Totals":null,"Bryce Totals":null,"Cory Totals":null,"JB Totals":null,"Ethan Totals":null,"Jaime Totals":null,"Nate Totals":null,"Evan Totals":null,"Brandon Totals":null},{"Week":"113","Date":"10/17/2025","Mitch Bet Amount":null,"Mitch Win/Lose/Push":null,"Mitch":null,"Phil Bet Amount":null,"Phil Win/Lose/Push":null,"Phil":null,"Bryce Bet Amount":null,"Bryce Win/Lose/Push":null,"Bryce":null,"Cory Bet Amount":null,"Cory Win/Lose/Push":null,"Cory":null,"JB Bet Amount":null,"JB Win/Lose/Push":null,"JB":null,"Ethan Bet Amount":null,"Ethan Win/Lose/Push":null,"Ethan":null,"Jaime Bet Amount":null,"Jaime Win/Lose/Push":null,"Jaime":null,"Nathan Bet Amount":null,"Nathan Win/Lose/Push":null,"Nathan":null,"Evan Bet Amount":null,"Evan Win/Lose/Push":null,"Evan":null,"Brandon Bet Amount":null,"Brandon Win/Lose/Push":null,"Brandon":null,"Total Team Bet":null,"Legends Bet":null,"Leaders Bet":null,"To Win":null,"Payout":null,"TOTALS":null,"Mitch Totals":null,"Phil Totals":null,"Bryce Totals":null,"Cory Totals":null,"JB Totals":null,"Ethan Totals":null,"Jaime Totals":null,"Nate Totals":null,"Evan Totals":null,"Brandon Totals":null},{"Week":"114","Date":"10/24/2025","Mitch Bet Amount":null,"Mitch Win/Lose/Push":null,"Mitch":null,"Phil Bet Amount":null,"Phil Win/Lose/Push":null,"Phil":null,"Bryce Bet Amount":null,"Bryce Win/Lose/Push":null,"Bryce":null,"Cory Bet Amount":null,"Cory Win/Lose/Push":null,"Cory":null,"JB Bet Amount":null,"JB Win/Lose/Push":null,"JB":null,"Ethan Bet Amount":null,"Ethan Win/Lose/Push":null,"Ethan":null,"Jaime Bet Amount":null,"Jaime Win/Lose/Push":null,"Jaime":null,"Nathan Bet Amount":null,"Nathan Win/Lose/Push":null,"Nathan":null,"Evan Bet Amount":null,"Evan Win/Lose/Push":null,"Evan":null,"Brandon Bet Amount":null,"Brandon Win/Lose/Push":null,"Brandon":null,"Total Team Bet":null,"Legends Bet":null,"Leaders Bet":null,"To Win":null,"Payout":null,"TOTALS":null,"Mitch Totals":null,"Phil Totals":null,"Bryce Totals":null,"Cory Totals":null,"JB Totals":null,"Ethan Totals":null,"Jaime Totals":null,"Nate Totals":null,"Evan Totals":null,"Brandon Totals":null},{"Week":"115","Date":"10/31/2025","Mitch Bet Amount":null,"Mitch Win/Lose/Push":null,"Mitch":null,"Phil Bet Amount":null,"Phil Win/Lose/Push":null,"Phil":null,"Bryce Bet Amount":null,"Bryce Win/Lose/Push":null,"Bryce":null,"Cory Bet Amount":null,"Cory Win/Lose/Push":null,"Cory":null,"JB Bet Amount":null,"JB Win/Lose/Push":null,"JB":null,"Ethan Bet Amount":null,"Ethan Win/Lose/Push":null,"Ethan":null,"Jaime Bet Amount":null,"Jaime Win/Lose/Push":null,"Jaime":null,"Nathan Bet Amount":null,"Nathan Win/Lose/Push":null,"Nathan":null,"Evan Bet Amount":null,"Evan Win/Lose/Push":null,"Evan":null,"Brandon Bet Amount":null,"Brandon Win/Lose/Push":null,"Brandon":null,"Total Team Bet":null,"Legends Bet":null,"Leaders Bet":null,"To Win":null,"Payout":null,"TOTALS":null,"Mitch Totals":null,"Phil Totals":null,"Bryce Totals":null,"Cory Totals":null,"JB Totals":null,"Ethan Totals":null,"Jaime Totals":null,"Nate Totals":null,"Evan Totals":null,"Brandon Totals":null},{"Week":"116","Date":"11/07/2025","Mitch Bet Amount":null,"Mitch Win/Lose/Push":null,"Mitch":null,"Phil Bet Amount":null,"Phil Win/Lose/Push":null,"Phil":null,"Bryce Bet Amount":null,"Bryce Win/Lose/Push":null,"Bryce":null,"Cory Bet Amount":null,"Cory Win/Lose/Push":null,"Cory":null,"JB Bet Amount":null,"JB Win/Lose/Push":null,"JB":null,"Ethan Bet Amount":null,"Ethan Win/Lose/Push":null,"Ethan":null,"Jaime Bet Amount":null,"Jaime Win/Lose/Push":null,"Jaime":null,"Nathan Bet Amount":null,"Nathan Win/Lose/Push":null,"Nathan":null,"Evan Bet Amount":null,"Evan Win/Lose/Push":null,"Evan":null,"Brandon Bet Amount":null,"Brandon Win/Lose/Push":null,"Brandon":null,"Total Team Bet":null,"Legends Bet":null,"Leaders Bet":null,"To Win":null,"Payout":null,"TOTALS":null,"Mitch Totals":null,"Phil Totals":null,"Bryce Totals":null,"Cory Totals":null,"JB Totals":null,"Ethan Totals":null,"Jaime Totals":null,"Nate Totals":null,"Evan Totals":null,"Brandon Totals":null},{"Week":"117","Date":"11/14/2025","Mitch Bet Amount":null,"Mitch Win/Lose/Push":null,"Mitch":null,"Phil Bet Amount":null,"Phil Win/Lose/Push":null,"Phil":null,"Bryce Bet Amount":null,"Bryce Win/Lose/Push":null,"Bryce":null,"Cory Bet Amount":null,"Cory Win/Lose/Push":null,"Cory":null,"JB Bet Amount":null,"JB Win/Lose/Push":null,"JB":null,"Ethan Bet Amount":null,"Ethan Win/Lose/Push":null,"Ethan":null,"Jaime Bet Amount":null,"Jaime Win/Lose/Push":null,"Jaime":null,"Nathan Bet Amount":null,"Nathan Win/Lose/Push":null,"Nathan":null,"Evan Bet Amount":null,"Evan Win/Lose/Push":null,"Evan":null,"Brandon Bet Amount":null,"Brandon Win/Lose/Push":null,"Brandon":null,"Total Team Bet":null,"Legends Bet":null,"Leaders Bet":null,"To Win":null,"Payout":null,"TOTALS":null,"Mitch Totals":null,"Phil Totals":null,"Bryce Totals":null,"Cory Totals":null,"JB Totals":null,"Ethan Totals":null,"Jaime Totals":null,"Nate Totals":null,"Evan Totals":null,"Brandon Totals":null},{"Week":"118","Date":"11/21/2025","Mitch Bet Amount":null,"Mitch Win/Lose/Push":null,"Mitch":null,"Phil Bet Amount":null,"Phil Win/Lose/Push":null,"Phil":null,"Bryce Bet Amount":null,"Bryce Win/Lose/Push":null,"Bryce":null,"Cory Bet Amount":null,"Cory Win/Lose/Push":null,"Cory":null,"JB Bet Amount":null,"JB Win/Lose/Push":null,"JB":null,"Ethan Bet Amount":null,"Ethan Win/Lose/Push":null,"Ethan":null,"Jaime Bet Amount":null,"Jaime Win/Lose/Push":null,"Jaime":null,"Nathan Bet Amount":null,"Nathan Win/Lose/Push":null,"Nathan":null,"Evan Bet Amount":null,"Evan Win/Lose/Push":null,"Evan":null,"Brandon Bet Amount":null,"Brandon Win/Lose/Push":null,"Brandon":null,"Total Team Bet":null,"Legends Bet":null,"Leaders Bet":null,"To Win":null,"Payout":null,"TOTALS":null,"Mitch Totals":null,"Phil Totals":null,"Bryce Totals":null,"Cory Totals":null,"JB Totals":null,"Ethan Totals":null,"Jaime Totals":null,"Nate Totals":null,"Evan Totals":null,"Brandon Totals":null},{"Week":"119","Date":"11/28/2025","Mitch Bet Amount":null,"Mitch Win/Lose/Push":null,"Mitch":null,"Phil Bet Amount":null,"Phil Win/Lose/Push":null,"Phil":null,"Bryce Bet Amount":null,"Bryce Win/Lose/Push":null,"Bryce":null,"Cory Bet Amount":null,"Cory Win/Lose/Push":null,"Cory":null,"JB Bet Amount":null,"JB Win/Lose/Push":null,"JB":null,"Ethan Bet Amount":null,"Ethan Win/Lose/Push":null,"Ethan":null,"Jaime Bet Amount":null,"Jaime Win/Lose/Push":null,"Jaime":null,"Nathan Bet Amount":null,"Nathan Win/Lose/Push":null,"Nathan":null,"Evan Bet Amount":null,"Evan Win/Lose/Push":null,"Evan":null,"Brandon Bet Amount":null,"Brandon Win/Lose/Push":null,"Brandon":null,"Total Team Bet":null,"Legends Bet":null,"Leaders Bet":null,"To Win":null,"Payout":null,"TOTALS":null,"Mitch Totals":null,"Phil Totals":null,"Bryce Totals":null,"Cory Totals":null,"JB Totals":null,"Ethan Totals":null,"Jaime Totals":null,"Nate Totals":null,"Evan Totals":null,"Brandon Totals":null},{"Week":"120","Date":"12/05/2025","Mitch Bet Amount":null,"Mitch Win/Lose/Push":null,"Mitch":null,"Phil Bet Amount":null,"Phil Win/Lose/Push":null,"Phil":null,"Bryce Bet Amount":null,"Bryce Win/Lose/Push":null,"Bryce":null,"Cory Bet Amount":null,"Cory Win/Lose/Push":null,"Cory":null,"JB Bet Amount":null,"JB Win/Lose/Push":null,"JB":null,"Ethan Bet Amount":null,"Ethan Win/Lose/Push":null,"Ethan":null,"Jaime Bet Amount":null,"Jaime Win/Lose/Push":null,"Jaime":null,"Nathan Bet Amount":null,"Nathan Win/Lose/Push":null,"Nathan":null,"Evan Bet Amount":null,"Evan Win/Lose/Push":null,"Evan":null,"Brandon Bet Amount":null,"Brandon Win/Lose/Push":null,"Brandon":null,"Total Team Bet":null,"Legends Bet":null,"Leaders Bet":null,"To Win":null,"Payout":null,"TOTALS":null,"Mitch Totals":null,"Phil Totals":null,"Bryce Totals":null,"Cory Totals":null,"JB Totals":null,"Ethan Totals":null,"Jaime Totals":null,"Nate Totals":null,"Evan Totals":null,"Brandon Totals":null},{"Week":"121","Date":"12/12/2025","Mitch Bet Amount":null,"Mitch Win/Lose/Push":null,"Mitch":null,"Phil Bet Amount":null,"Phil Win/Lose/Push":null,"Phil":null,"Bryce Bet Amount":null,"Bryce Win/Lose/Push":null,"Bryce":null,"Cory Bet Amount":null,"Cory Win/Lose/Push":null,"Cory":null,"JB Bet Amount":null,"JB Win/Lose/Push":null,"JB":null,"Ethan Bet Amount":null,"Ethan Win/Lose/Push":null,"Ethan":null,"Jaime Bet Amount":null,"Jaime Win/Lose/Push":null,"Jaime":null,"Nathan Bet Amount":null,"Nathan Win/Lose/Push":null,"Nathan":null,"Evan Bet Amount":null,"Evan Win/Lose/Push":null,"Evan":null,"Brandon Bet Amount":null,"Brandon Win/Lose/Push":null,"Brandon":null,"Total Team Bet":null,"Legends Bet":null,"Leaders Bet":null,"To Win":null,"Payout":null,"TOTALS":null,"Mitch Totals":null,"Phil Totals":null,"Bryce Totals":null,"Cory Totals":null,"JB Totals":null,"Ethan Totals":null,"Jaime Totals":null,"Nate Totals":null,"Evan Totals":null,"Brandon Totals":null},{"Week":"122","Date":"12/19/2025","Mitch Bet Amount":null,"Mitch Win/Lose/Push":null,"Mitch":null,"Phil Bet Amount":null,"Phil Win/Lose/Push":null,"Phil":null,"Bryce Bet Amount":null,"Bryce Win/Lose/Push":null,"Bryce":null,"Cory Bet Amount":null,"Cory Win/Lose/Push":null,"Cory":null,"JB Bet Amount":null,"JB Win/Lose/Push":null,"JB":null,"Ethan Bet Amount":null,"Ethan Win/Lose/Push":null,"Ethan":null,"Jaime Bet Amount":null,"Jaime Win/Lose/Push":null,"Jaime":null,"Nathan Bet Amount":null,"Nathan Win/Lose/Push":null,"Nathan":null,"Evan Bet Amount":null,"Evan Win/Lose/Push":null,"Evan":null,"Brandon Bet Amount":null,"Brandon Win/Lose/Push":null,"Brandon":null,"Total Team Bet":null,"Legends Bet":null,"Leaders Bet":null,"To Win":null,"Payout":null,"TOTALS":null,"Mitch Totals":null,"Phil Totals":null,"Bryce Totals":null,"Cory Totals":null,"JB Totals":null,"Ethan Totals":null,"Jaime Totals":null,"Nate Totals":null,"Evan Totals":null,"Brandon Totals":null},{"Week":"123","Date":"12/26/2025","Mitch Bet Amount":null,"Mitch Win/Lose/Push":null,"Mitch":null,"Phil Bet Amount":null,"Phil Win/Lose/Push":null,"Phil":null,"Bryce Bet Amount":null,"Bryce Win/Lose/Push":null,"Bryce":null,"Cory Bet Amount":null,"Cory Win/Lose/Push":null,"Cory":null,"JB Bet Amount":null,"JB Win/Lose/Push":null,"JB":null,"Ethan Bet Amount":null,"Ethan Win/Lose/Push":null,"Ethan":null,"Jaime Bet Amount":null,"Jaime Win/Lose/Push":null,"Jaime":null,"Nathan Bet Amount":null,"Nathan Win/Lose/Push":null,"Nathan":null,"Evan Bet Amount":null,"Evan Win/Lose/Push":null,"Evan":null,"Brandon Bet Amount":null,"Brandon Win/Lose/Push":null,"Brandon":null,"Total Team Bet":null,"Legends Bet":null,"Leaders Bet":null,"To Win":null,"Payout":null,"TOTALS":null,"Mitch Totals":null,"Phil Totals":null,"Bryce Totals":null,"Cory Totals":null,"JB Totals":null,"Ethan Totals":null,"Jaime Totals":null,"Nate Totals":null,"Evan Totals":null,"Brandon Totals":null},{"Week":"124","Date":"01/02/2026","Mitch Bet Amount":null,"Mitch Win/Lose/Push":null,"Mitch":null,"Phil Bet Amount":null,"Phil Win/Lose/Push":null,"Phil":null,"Bryce Bet Amount":null,"Bryce Win/Lose/Push":null,"Bryce":null,"Cory Bet Amount":null,"Cory Win/Lose/Push":null,"Cory":null,"JB Bet Amount":null,"JB Win/Lose/Push":null,"JB":null,"Ethan Bet Amount":null,"Ethan Win/Lose/Push":null,"Ethan":null,"Jaime Bet Amount":null,"Jaime Win/Lose/Push":null,"Jaime":null,"Nathan Bet Amount":null,"Nathan Win/Lose/Push":null,"Nathan":null,"Evan Bet Amount":null,"Evan Win/Lose/Push":null,"Evan":null,"Brandon Bet Amount":null,"Brandon Win/Lose/Push":null,"Brandon":null,"Total Team Bet":null,"Legends Bet":null,"Leaders Bet":null,"To Win":null,"Payout":null,"TOTALS":null,"Mitch Totals":null,"Phil Totals":null,"Bryce Totals":null,"Cory Totals":null,"JB Totals":null,"Ethan Totals":null,"Jaime Totals":null,"Nate Totals":null,"Evan Totals":null,"Brandon Totals":null},{"Week":"125","Date":"01/09/2026","Mitch Bet Amount":null,"Mitch Win/Lose/Push":null,"Mitch":null,"Phil Bet Amount":null,"Phil Win/Lose/Push":null,"Phil":null,"Bryce Bet Amount":null,"Bryce Win/Lose/Push":null,"Bryce":null,"Cory Bet Amount":null,"Cory Win/Lose/Push":null,"Cory":null,"JB Bet Amount":null,"JB Win/Lose/Push":null,"JB":null,"Ethan Bet Amount":null,"Ethan Win/Lose/Push":null,"Ethan":null,"Jaime Bet Amount":null,"Jaime Win/Lose/Push":null,"Jaime":null,"Nathan Bet Amount":null,"Nathan Win/Lose/Push":null,"Nathan":null,"Evan Bet Amount":null,"Evan Win/Lose/Push":null,"Evan":null,"Brandon Bet Amount":null,"Brandon Win/Lose/Push":null,"Brandon":null,"Total Team Bet":null,"Legends Bet":null,"Leaders Bet":null,"To Win":null,"Payout":null,"TOTALS":null,"Mitch Totals":null,"Phil Totals":null,"Bryce Totals":null,"Cory Totals":null,"JB Totals":null,"Ethan Totals":null,"Jaime Totals":null,"Nate Totals":null,"Evan Totals":null,"Brandon Totals":null}]
3:31:44 AM [express] GET /api/data 304 in 3ms :: [{"Week":"1","Date":"8/23/24","Mitch Bet Amount":"$5","Mitch Win/Lose/Push":"Loss","Mitch":"FSU -10.5","Phil Bet Amount":"$5","Phil Win/Lose/Push":"Loss","Phil":"Montana State -13.5","Bryce Bet Amount":"$15","Bryce Win/Lose/Push":"Win","Bryce":"Burns over Im","Cory Bet Amount":"$5","Cory Win/Lose/Push":"Loss","Cory":"Ludvig or Clark ","JB Bet Amount":"$5","JB Win/Lose/Push":"Loss","JB":"Colorado","Ethan Bet Amount":"$5","Ethan Win/Lose/Push":"Win","Ethan":"Gophers UNC Under","Jaime Bet Amount":"5","Jaime Win/Lose/Push":"Win","Jaime":"Tail Ethan","Nathan Bet Amount":"","Nathan Win/Lose/Push":"","Nathan":"","Evan Bet Amount":"","Evan Win/Lose/Push":"","Evan":"","Brandon Bet Amount":"","Brandon Win/Lose/Push":"","Brandon":"","Total Team Bet":"$45.00","Legends Bet":"","Leaders Bet":"","To Win":"","Payout":"","TOTALS":"Total Bet","Mitch Totals":"360","Phil Totals":"385","Bryce Totals":"300","Cory Totals":"365","JB Totals":"260","Ethan Totals":"295","Jaime Totals":"415","Nate Totals":"0","Evan Totals":"0","Brandon Totals":"0"},{"Week":"2","Date":"8/30/24","Mitch Bet Amount":"$10","Mitch Win/Lose/Push":"Loss","Mitch":"Texas CSU over","Phil Bet Amount":"$10","Phil Win/Lose/Push":"Win","Phil":"Clemson uga under","Bryce Bet Amount":"$5","Bryce Win/Lose/Push":"Win","Bryce":"Notre Dame ","Cory Bet Amount":"$10","Cory Win/Lose/Push":"Win","Cory":"Penn state cover","JB Bet Amount":"$10","JB Win/Lose/Push":"Win","JB":"Florida over","Ethan Bet Amount":"$5","Ethan Win/Lose/Push":"Win","Ethan":"Georgia -12","Jaime Bet Amount":"5","Jaime Win/Lose/Push":"Win","Jaime":"Tail Ethan","Nathan Bet Amount":"","Nathan Win/Lose/Push":"","Nathan":"","Evan Bet Amount":"","Evan Win/Lose/Push":"","Evan":"","Brandon Bet Amount":"","Brandon Win/Lose/Push":"","Brandon":"","Total Team Bet":"$55.00","Legends Bet":"","Leaders Bet":"","To Win":"","Payout":"","TOTALS":"Total Wins","Mitch Totals":"13","Phil Totals":"12","Bryce Totals":"17","Cory Totals":"10","JB Totals":"16","Ethan Totals":"15","Jaime Totals":"11","Nate Totals":"0","Evan Totals":"0","Brandon Totals":"0"},{"Week":"3","Date":"9/6/24","Mitch Bet Amount":"$15","Mitch Win/Lose/Push":"Loss","Mitch":"Maryland Cover","Phil Bet Amount":"$5","Phil Win/Lose/Push":"Loss","Phil":"Michigan Texas Under","Bryce Bet Amount":"$5","Bryce Win/Lose/Push":"Loss","Bryce":"Iowa ","Cory Bet Amount":"$5","Cory Win/Lose/Push":"Win","Cory":"Clemson over ","JB Bet Amount":"$5","JB Win/Lose/Push":"Loss","JB":"Oregon","Ethan Bet Amount":"$5","Ethan Win/Lose/Push":"Loss","Ethan":"Colorado cover ","Jaime Bet Amount":"5","Jaime Win/Lose/Push":"Loss","Jaime":"Tail Ethan","Nathan Bet Amount":"","Nathan Win/Lose/Push":"","Nathan":"","Evan Bet Amount":"","Evan Win/Lose/Push":"","Evan":"","Brandon Bet Amount":"","Brandon Win/Lose/Push":"","Brandon":"","Total Team Bet":"$45.00","Legends Bet":"","Leaders Bet":"","To Win":"","Payout":"","TOTALS":"Total Losses","Mitch Totals":"17","Phil Totals":"19","Bryce Totals":"14","Cory Totals":"19","JB Totals":"15","Ethan Totals":"16","Jaime Totals":"18","Nate Totals":"0","Evan Totals":"0","Brandon Totals":"0"},{"Week":"4","Date":"9/13/24","Mitch Bet Amount":"$20","Mitch Win/Lose/Push":"Loss","Mitch":"Bryce","Phil Bet Amount":"$10","Phil Win/Lose/Push":"Loss","Phil":"LA Tech NC State Under","Bryce Bet Amount":"$10","Bryce Win/Lose/Push":"Loss","Bryce":"Oregon State ","Cory Bet Amount":"$5","Cory Win/Lose/Push":"Loss","Cory":"Georgia ","JB Bet Amount":"$10","JB Win/Lose/Push":"Win","JB":"indiana","Ethan Bet Amount":"$10","Ethan Win/Lose/Push":"Win","Ethan":"Gopher under ","Jaime Bet Amount":"10","Jaime Win/Lose/Push":"Loss","Jaime":"Tail Cory","Nathan Bet Amount":"","Nathan Win/Lose/Push":"","Nathan":"","Evan Bet Amount":"","Evan Win/Lose/Push":"","Evan":"","Brandon Bet Amount":"","Brandon Win/Lose/Push":"","Brandon":"","Total Team Bet":"$75.00","Legends Bet":"","Leaders Bet":"","To Win":"","Payout":"","TOTALS":"Total Pushes","Mitch Totals":"1","Phil Totals":"0","Bryce Totals":"0","Cory Totals":"2","JB Totals":"0","Ethan Totals":"0","Jaime Totals":"2","Nate Totals":"0","Evan Totals":"0","Brandon Totals":"0"},{"Week":"5","Date":"9/20/24","Mitch Bet Amount":"$25","Mitch Win/Lose/Push":"Loss","Mitch":"Ethan ","Phil Bet Amount":"$15","Phil Win/Lose/Push":"Loss","Phil":"Gophers Iowa Under ","Bryce Bet Amount":"$15","Bryce Win/Lose/Push":"Loss","Bryce":"OSU ","Cory Bet Amount":"$10","Cory Win/Lose/Push":"Win","Cory":"Clemson over  ","JB Bet Amount":"$5","JB Win/Lose/Push":"Win","JB":"Colorado State under ","Ethan Bet Amount":"$5","Ethan Win/Lose/Push":"Loss","Ethan":"USC ","Jaime Bet Amount":"15","Jaime Win/Lose/Push":"Win","Jaime":"Tail Cory ","Nathan Bet Amount":"","Nathan Win/Lose/Push":"","Nathan":"","Evan Bet Amount":"","Evan Win/Lose/Push":"","Evan":"","Brandon Bet Amount":"","Brandon Win/Lose/Push":"","Brandon":"","Total Team Bet":"$90.00","Legends Bet":"","Leaders Bet":"","To Win":"","Payout":"","TOTALS":"Win Percentage","Mitch Totals":"43.33%","Phil Totals":"38.71%","Bryce Totals":"54.84%","Cory Totals":"34.48%","JB Totals":"51.61%","Ethan Totals":"48.39%","Jaime Totals":"37.93%","Nate Totals":"0.00%","Evan Totals":"0.00%","Brandon Totals":"0.00%"},{"Week":"6","Date":"9/27/24","Mitch Bet Amount":"$30","Mitch Win/Lose/Push":"Loss","Mitch":"JB","Phil Bet Amount":"$20","Phil Win/Lose/Push":"Loss","Phil":"Cory","Bryce Bet Amount":"$20","Bryce Win/Lose/Push":"Loss","Bryce":"JB ","Cory Bet Amount":"$5","Cory Win/Lose/Push":"Loss","Cory":"Penn state over","JB Bet Amount":"$5","JB Win/Lose/Push":"Loss","JB":"Michigan","Ethan Bet Amount":"$10","Ethan Win/Lose/Push":"Loss","Ethan":"Georgia","Jaime Bet Amount":"5","Jaime Win/Lose/Push":"Loss","Jaime":"Texas Miss St Over","Nathan Bet Amount":"","Nathan Win/Lose/Push":"","Nathan":"","Evan Bet Amount":"","Evan Win/Lose/Push":"","Evan":"","Brandon Bet Amount":"","Brandon Win/Lose/Push":"","Brandon":"","Total Team Bet":"$95.00","Legends Bet":null,"Leaders Bet":null,"To Win":null,"Payout":null,"TOTALS":null,"Mitch Totals":null,"Phil Totals":null,"Bryce Totals":null,"Cory Totals":null,"JB Totals":null,"Ethan Totals":null,"Jaime Totals":null,"Nate Totals":null,"Evan Totals":null,"Brandon Totals":null},{"Week":"7","Date":"10/4/24","Mitch Bet Amount":"$35","Mitch Win/Lose/Push":"Win","Mitch":"JB","Phil Bet Amount":"$25","Phil Win/Lose/Push":"Loss","Phil":"Jaime","Bryce Bet Amount":"$25","Bryce Win/Lose/Push":"Win","Bryce":"JB","Cory Bet Amount":"$10","Cory Win/Lose/Push":"Loss","Cory":"South Carolina cover","JB Bet Amount":"$10","JB Win/Lose/Push":"Win","JB":"Ohio st","Ethan Bet Amount":"$15","Ethan Win/Lose/Push":"Loss","Ethan":"Northwestern","Jaime Bet Amount":"10","Jaime Win/Lose/Push":"Loss","Jaime":"Michigan Cover","Nathan Bet Amount":"","Nathan Win/Lose/Push":"","Nathan":"","Evan Bet Amount":"","Evan Win/Lose/Push":"","Evan":"","Brandon Bet Amount":"","Brandon Win/Lose/Push":"","Brandon":"","Total Team Bet":"$130.00","Legends Bet":null,"Leaders Bet":null,"To Win":null,"Payout":null,"TOTALS":null,"Mitch Totals":null,"Phil Totals":null,"Bryce Totals":null,"Cory Totals":null,"JB Totals":null,"Ethan Totals":null,"Jaime Totals":null,"Nate Totals":null,"Evan Totals":null,"Brandon Totals":null},{"Week":"8","Date":"10/11/24","Mitch Bet Amount":"$5","Mitch Win/Lose/Push":"Win","Mitch":"Penn State","Phil Bet Amount":"$30","Phil Win/Lose/Push":"Loss","Phil":"JB","Bryce Bet Amount":"$5","Bryce Win/Lose/Push":"Loss","Bryce":"Ohio state","Cory Bet Amount":"$15","Cory Win/Lose/Push":"Loss","Cory":"Boise over ","JB Bet Amount":"$5","JB Win/Lose/Push":"Loss","JB":"Kentucky","Ethan Bet Amount":"$20","Ethan Win/Lose/Push":"Loss","Ethan":"Cory","Jaime Bet Amount":"15","Jaime Win/Lose/Push":"Win","Jaime":"ND/Stanford Over","Nathan Bet Amount":"","Nathan Win/Lose/Push":"","Nathan":"","Evan Bet Amount":"","Evan Win/Lose/Push":"","Evan":"","Brandon Bet Amount":"","Brandon Win/Lose/Push":"","Brandon":"","Total Team Bet":"$95.00","Legends Bet":null,"Leaders Bet":null,"To Win":null,"Payout":null,"TOTALS":null,"Mitch Totals":null,"Phil Totals":null,"Bryce Totals":null,"Cory Totals":null,"JB Totals":null,"Ethan Totals":null,"Jaime Totals":null,"Nate Totals":null,"Evan Totals":null,"Brandon Totals":null},{"Week":"9","Date":"10/17/24","Mitch Bet Amount":"$5","Mitch Win/Lose/Push":"Win","Mitch":"Kansas St","Phil Bet Amount":"$35","Phil Win/Lose/Push":"Loss","Phil":"JB","Bryce Bet Amount":"$10","Bryce Win/Lose/Push":"Win","Bryce":"Illinois","Cory Bet Amount":"$20","Cory Win/Lose/Push":"Push","Cory":"Jaime","JB Bet Amount":"$10","JB Win/Lose/Push":"Loss","JB":"Rutgers","Ethan Bet Amount":"$25","Ethan Win/Lose/Push":"Loss","Ethan":"JB","Jaime Bet Amount":"5","Jaime Win/Lose/Push":"Push","Jaime":"Army Cover","Nathan Bet Amount":"","Nathan Win/Lose/Push":"","Nathan":"","Evan Bet Amount":"","Evan Win/Lose/Push":"","Evan":"","Brandon Bet Amount":"","Brandon Win/Lose/Push":"","Brandon":"","Total Team Bet":"$110.00","Legends Bet":null,"Leaders Bet":null,"To Win":null,"Payout":null,"TOTALS":null,"Mitch Totals":null,"Phil Totals":null,"Bryce Totals":null,"Cory Totals":null,"JB Totals":null,"Ethan Totals":null,"Jaime Totals":null,"Nate Totals":null,"Evan Totals":null,"Brandon Totals":null},{"Week":"10","Date":"10/25/24","Mitch Bet Amount":"$5","Mitch Win/Lose/Push":"Loss","Mitch":"UCF ","Phil Bet Amount":"$40","Phil Win/Lose/Push":"Win","Phil":"JB ","Bryce Bet Amount":"$5","Bryce Win/Lose/Push":"Loss","Bryce":"\"Illinois, I guess\" ","Cory Bet Amount":"$20","Cory Win/Lose/Push":"Win","Cory":"Jaime ","JB Bet Amount":"$15","JB Win/Lose/Push":"Win","JB":"Miami ","Ethan Bet Amount":"$30","Ethan Win/Lose/Push":"Win","Ethan":"Jaime ","Jaime Bet Amount":"5","Jaime Win/Lose/Push":"Win","Jaime":"PSU Cover ","Nathan Bet Amount":"","Nathan Win/Lose/Push":"","Nathan":"","Evan Bet Amount":"","Evan Win/Lose/Push":"","Evan":"","Brandon Bet Amount":"","Brandon Win/Lose/Push":"","Brandon":"","Total Team Bet":"$120.00","Legends Bet":null,"Leaders Bet":null,"To Win":null,"Payout":null,"TOTALS":null,"Mitch Totals":null,"Phil Totals":null,"Bryce Totals":null,"Cory Totals":null,"JB Totals":null,"Ethan Totals":null,"Jaime Totals":null,"Nate Totals":null,"Evan Totals":null,"Brandon Totals":null},{"Week":"11","Date":"11/1/24","Mitch Bet Amount":"$10","Mitch Win/Lose/Push":"Win","Mitch":"Indiana","Phil Bet Amount":"$5","Phil Win/Lose/Push":"Win","Phil":"Ethan ","Bryce Bet Amount":"$10","Bryce Win/Lose/Push":"Win","Bryce":"Vikings ","Cory Bet Amount":"$5","Cory Win/Lose/Push":"Loss","Cory":"Navy over","JB Bet Amount":"$5","JB Win/Lose/Push":"Loss","JB":"Kansas St","Ethan Bet Amount":"$5","Ethan Win/Lose/Push":"Win","Ethan":"Ohio state ","Jaime Bet Amount":"5","Jaime Win/Lose/Push":"Loss","Jaime":"Army/AF Over","Nathan Bet Amount":"","Nathan Win/Lose/Push":"","Nathan":"","Evan Bet Amount":"","Evan Win/Lose/Push":"","Evan":"","Brandon Bet Amount":"","Brandon Win/Lose/Push":"","Brandon":"","Total Team Bet":"$45.00","Legends Bet":null,"Leaders Bet":null,"To Win":null,"Payout":null,"TOTALS":null,"Mitch Totals":null,"Phil Totals":null,"Bryce Totals":null,"Cory Totals":null,"JB Totals":null,"Ethan Totals":null,"Jaime Totals":null,"Nate Totals":null,"Evan Totals":null,"Brandon Totals":null},{"Week":"12","Date":"11/8/24","Mitch Bet Amount":"$5","Mitch Win/Lose/Push":"Loss","Mitch":"Gophers","Phil Bet Amount":"$5","Phil Win/Lose/Push":"Loss","Phil":"Mitch","Bryce Bet Amount":"$5","Bryce Win/Lose/Push":"Loss","Bryce":"Vikings ","Cory Bet Amount":"$10","Cory Win/Lose/Push":"Loss","Cory":"Clemson over","JB Bet Amount":"$10","JB Win/Lose/Push":"Loss","JB":"bryce","Ethan Bet Amount":"$5","Ethan Win/Lose/Push":"Win","Ethan":"Steelers +3","Jaime Bet Amount":"10","Jaime Win/Lose/Push":"Loss","Jaime":"Georgia Cover","Nathan Bet Amount":"","Nathan Win/Lose/Push":"","Nathan":"","Evan Bet Amount":"","Evan Win/Lose/Push":"","Evan":"","Brandon Bet Amount":"","Brandon Win/Lose/Push":"","Brandon":"","Total Team Bet":"$50.00","Legends Bet":null,"Leaders Bet":null,"To Win":null,"Payout":null,"TOTALS":null,"Mitch Totals":null,"Phil Totals":null,"Bryce Totals":null,"Cory Totals":null,"JB Totals":null,"Ethan Totals":null,"Jaime Totals":null,"Nate Totals":null,"Evan Totals":null,"Brandon Totals":null},{"Week":"13","Date":"11/15/24","Mitch Bet Amount":"$10","Mitch Win/Lose/Push":"Loss","Mitch":"Oregon","Phil Bet Amount":"$10","Phil Win/Lose/Push":"Loss","Phil":"JB","Bryce Bet Amount":"$10","Bryce Win/Lose/Push":"Win","Bryce":"Vikings","Cory Bet Amount":"$15","Cory Win/Lose/Push":"Loss","Cory":"KSU over ","JB Bet Amount":"$15","JB Win/Lose/Push":"Loss","JB":"SMU","Ethan Bet Amount":"$5","Ethan Win/Lose/Push":"Win","Ethan":"Illinois","Jaime Bet Amount":"15","Jaime Win/Lose/Push":"Loss","Jaime":"Packers Cover","Nathan Bet Amount":"","Nathan Win/Lose/Push":"","Nathan":"","Evan Bet Amount":"","Evan Win/Lose/Push":"","Evan":"","Brandon Bet Amount":"","Brandon Win/Lose/Push":"","Brandon":"","Total Team Bet":"$80.00","Legends Bet":null,"Leaders Bet":null,"To Win":null,"Payout":null,"TOTALS":null,"Mitch Totals":null,"Phil Totals":null,"Bryce Totals":null,"Cory Totals":null,"JB Totals":null,"Ethan Totals":null,"Jaime Totals":null,"Nate Totals":null,"Evan Totals":null,"Brandon Totals":null},{"Week":"14","Date":"11/22/24","Mitch Bet Amount":"$15","Mitch Win/Lose/Push":"Win","Mitch":"Boston College  ","Phil Bet Amount":"$15","Phil Win/Lose/Push":"Loss","Phil":"UNC / Boston College Under ","Bryce Bet Amount":"$5","Bryce Win/Lose/Push":"Win","Bryce":"Lions ","Cory Bet Amount":"$20","Cory Win/Lose/Push":"Win","Cory":"Bryce  ","JB Bet Amount":"$20","JB Win/Lose/Push":"Win","JB":"Bruce ","Ethan Bet Amount":"$5","Ethan Win/Lose/Push":"Loss","Ethan":"Gopher under ","Jaime Bet Amount":"20","Jaime Win/Lose/Push":"Loss","Jaime":"Tail Ethan ","Nathan Bet Amount":"","Nathan Win/Lose/Push":"","Nathan":"","Evan Bet Amount":"","Evan Win/Lose/Push":"","Evan":"","Brandon Bet Amount":"","Brandon Win/Lose/Push":"","Brandon":"","Total Team Bet":"$100.00","Legends Bet":null,"Leaders Bet":null,"To Win":null,"Payout":null,"TOTALS":null,"Mitch Totals":null,"Phil Totals":null,"Bryce Totals":null,"Cory Totals":null,"JB Totals":null,"Ethan Totals":null,"Jaime Totals":null,"Nate Totals":null,"Evan Totals":null,"Brandon Totals":null},{"Week":"15","Date":"11/29/24","Mitch Bet Amount":"$5","Mitch Win/Lose/Push":"Loss","Mitch":"Kansas ","Phil Bet Amount":"$20","Phil Win/Lose/Push":"Win","Phil":"Cory","Bryce Bet Amount":"$5","Bryce Win/Lose/Push":"Loss","Bryce":"Maryland ","Cory Bet Amount":"$5","Cory Win/Lose/Push":"Win","Cory":"Notre dame ","JB Bet Amount":"$5","JB Win/Lose/Push":"Loss","JB":"usf","Ethan Bet Amount":"$10","Ethan Win/Lose/Push":"Loss","Ethan":"Tennessee titans  ","Jaime Bet Amount":"25","Jaime Win/Lose/Push":"Win","Jaime":"Tail Cory","Nathan Bet Amount":"","Nathan Win/Lose/Push":"","Nathan":"","Evan Bet Amount":"","Evan Win/Lose/Push":"","Evan":"","Brandon Bet Amount":"","Brandon Win/Lose/Push":"","Brandon":"","Total Team Bet":"$75.00","Legends Bet":null,"Leaders Bet":null,"To Win":null,"Payout":null,"TOTALS":null,"Mitch Totals":null,"Phil Totals":null,"Bryce Totals":null,"Cory Totals":null,"JB Totals":null,"Ethan Totals":null,"Jaime Totals":null,"Nate Totals":null,"Evan Totals":null,"Brandon Totals":null},{"Week":"16","Date":"12/6/24","Mitch Bet Amount":"$10","Mitch Win/Lose/Push":"Loss","Mitch":"Miami (OH) ","Phil Bet Amount":"$5","Phil Win/Lose/Push":"Win","Phil":"Ethan ","Bryce Bet Amount":"$10","Bryce Win/Lose/Push":"Loss","Bryce":"Texas ","Cory Bet Amount":"$5","Cory Win/Lose/Push":"Loss","Cory":"Smu ","JB Bet Amount":"$10","JB Win/Lose/Push":"Win","JB":"ethan ","Ethan Bet Amount":"$15","Ethan Win/Lose/Push":"Win","Ethan":"QUACK ","Jaime Bet Amount":"5","Jaime Win/Lose/Push":"Win","Jaime":"Tampa Bay -6.5","Nathan Bet Amount":"","Nathan Win/Lose/Push":"","Nathan":"","Evan Bet Amount":"","Evan Win/Lose/Push":"","Evan":"","Brandon Bet Amount":"","Brandon Win/Lose/Push":"","Brandon":"","Total Team Bet":"$60.00","Legends Bet":null,"Leaders Bet":null,"To Win":null,"Payout":null,"TOTALS":null,"Mitch Totals":null,"Phil Totals":null,"Bryce Totals":null,"Cory Totals":null,"JB Totals":null,"Ethan Totals":null,"Jaime Totals":null,"Nate Totals":null,"Evan Totals":null,"Brandon Totals":null},{"Week":"17","Date":"12/13/24","Mitch Bet Amount":"$15","Mitch Win/Lose/Push":"Loss","Mitch":"Ethan ","Phil Bet Amount":"$5","Phil Win/Lose/Push":"Loss","Phil":"Army/navy Under ","Bryce Bet Amount":"$15","Bryce Win/Lose/Push":"Win","Bryce":"Vikings ","Cory Bet Amount":"$10","Cory Win/Lose/Push":"Win","Cory":"Unlv cover  ","JB Bet Amount":"$5","JB Win/Lose/Push":"Loss","JB":"Mississippi st ","Ethan Bet Amount":"$5","Ethan Win/Lose/Push":"Loss","Ethan":"Georgia southern ","Jaime Bet Amount":"5","Jaime Win/Lose/Push":"Loss","Jaime":"Jack St/SC St Over ","Nathan Bet Amount":"","Nathan Win/Lose/Push":"","Nathan":"","Evan Bet Amount":"","Evan Win/Lose/Push":"","Evan":"","Brandon Bet Amount":"","Brandon Win/Lose/Push":"","Brandon":"","Total Team Bet":"$60.00","Legends Bet":null,"Leaders Bet":null,"To Win":null,"Payout":null,"TOTALS":null,"Mitch Totals":null,"Phil Totals":null,"Bryce Totals":null,"Cory Totals":null,"JB Totals":null,"Ethan Totals":null,"Jaime Totals":null,"Nate Totals":null,"Evan Totals":null,"Brandon Totals":null},{"Week":"18","Date":"12/20/24","Mitch Bet Amount":"$20","Mitch Win/Lose/Push":"Loss","Mitch":"Cory","Phil Bet Amount":"$10","Phil Win/Lose/Push":"Loss","Phil":"Texas/Clemson Under","Bryce Bet Amount":"$5","Bryce Win/Lose/Push":"Win","Bryce":"lions","Cory Bet Amount":"$5","Cory Win/Lose/Push":"Loss","Cory":"Eagles","JB Bet Amount":"$10","JB Win/Lose/Push":"Loss","JB":"wild over ","Ethan Bet Amount":"$10","Ethan Win/Lose/Push":"Win","Ethan":"Texas","Jaime Bet Amount":"10","Jaime Win/Lose/Push":"Win","Jaime":"Colts Cover","Nathan Bet Amount":"","Nathan Win/Lose/Push":"","Nathan":"","Evan Bet Amount":"","Evan Win/Lose/Push":"","Evan":"","Brandon Bet Amount":"","Brandon Win/Lose/Push":"","Brandon":"","Total Team Bet":"$70.00","Legends Bet":null,"Leaders Bet":null,"To Win":null,"Payout":null,"TOTALS":null,"Mitch Totals":null,"Phil Totals":null,"Bryce Totals":null,"Cory Totals":null,"JB Totals":null,"Ethan Totals":null,"Jaime Totals":null,"Nate Totals":null,"Evan Totals":null,"Brandon Totals":null},{"Week":"19","Date":"12/27/24","Mitch Bet Amount":"$25","Mitch Win/Lose/Push":"Win","Mitch":"Ethan","Phil Bet Amount":"$15","Phil Win/Lose/Push":"Win","Phil":"Iowa State/Miami Over","Bryce Bet Amount":"$5","Bryce Win/Lose/Push":"Win","Bryce":"vikes","Cory Bet Amount":"$10","Cory Win/Lose/Push":"Win","Cory":"Det lions","JB Bet Amount":"$15","JB Win/Lose/Push":"Win","JB":"Penn St","Ethan Bet Amount":"$5","Ethan Win/Lose/Push":"Win","Ethan":"Gophers","Jaime Bet Amount":"5","Jaime Win/Lose/Push":"Loss","Jaime":"Panthers Cover","Nathan Bet Amount":"","Nathan Win/Lose/Push":"","Nathan":"","Evan Bet Amount":"","Evan Win/Lose/Push":"","Evan":"","Brandon Bet Amount":"","Brandon Win/Lose/Push":"","Brandon":"","Total Team Bet":"$80.00","Legends Bet":null,"Leaders Bet":null,"To Win":null,"Payout":null,"TOTALS":null,"Mitch Totals":null,"Phil Totals":null,"Bryce Totals":null,"Cory Totals":null,"JB Totals":null,"Ethan Totals":null,"Jaime Totals":null,"Nate Totals":null,"Evan Totals":null,"Brandon Totals":null},{"Week":"20","Date":"1/3/25","Mitch Bet Amount":"$5","Mitch Win/Lose/Push":"Win","Mitch":"Ethan","Phil Bet Amount":"$5","Phil Win/Lose/Push":"Win","Phil":"Buffalo -3 v Liberty","Bryce Bet Amount":"$5","Bryce Win/Lose/Push":"Loss","Bryce":"Vikings ","Cory Bet Amount":"$5","Cory Win/Lose/Push":"Loss","Cory":"Penn state","JB Bet Amount":"$5","JB Win/Lose/Push":"Win","JB":"chargers -4.5","Ethan Bet Amount":"$5","Ethan Win/Lose/Push":"Win","Ethan":"Osu","Jaime Bet Amount":"10","Jaime Win/Lose/Push":"Loss","Jaime":"OSU/Texas Over","Nathan Bet Amount":"","Nathan Win/Lose/Push":"","Nathan":"","Evan Bet Amount":"","Evan Win/Lose/Push":"","Evan":"","Brandon Bet Amount":"","Brandon Win/Lose/Push":"","Brandon":"","Total Team Bet":"$40.00","Legends Bet":null,"Leaders Bet":null,"To Win":null,"Payout":null,"TOTALS":null,"Mitch Totals":null,"Phil Totals":null,"Bryce Totals":null,"Cory Totals":null,"JB Totals":null,"Ethan Totals":null,"Jaime Totals":null,"Nate Totals":null,"Evan Totals":null,"Brandon Totals":null},{"Week":"21","Date":"1/10/25","Mitch Bet Amount":"$5","Mitch Win/Lose/Push":"Loss","Mitch":"Ethan","Phil Bet Amount":"$5","Phil Win/Lose/Push":"Win","Phil":"Pittsburgh/Baltimore Under","Bryce Bet Amount":"$10","Bryce Win/Lose/Push":"Loss","Bryce":"Vikings","Cory Bet Amount":"$10","Cory Win/Lose/Push":"Loss","Cory":"Chargers ","JB Bet Amount":"$5","JB Win/Lose/Push":"Win","JB":"Saint Mary's bball","Ethan Bet Amount":"$5","Ethan Win/Lose/Push":"Loss","Ethan":"Wolves under","Jaime Bet Amount":"15","Jaime Win/Lose/Push":"Loss","Jaime":"Packers Cover","Nathan Bet Amount":"","Nathan Win/Lose/Push":"","Nathan":"","Evan Bet Amount":"","Evan Win/Lose/Push":"","Evan":"","Brandon Bet Amount":"","Brandon Win/Lose/Push":"","Brandon":"","Total Team Bet":"$55.00","Legends Bet":null,"Leaders Bet":null,"To Win":null,"Payout":null,"TOTALS":null,"Mitch Totals":null,"Phil Totals":null,"Bryce Totals":null,"Cory Totals":null,"JB Totals":null,"Ethan Totals":null,"Jaime Totals":null,"Nate Totals":null,"Evan Totals":null,"Brandon Totals":null},{"Week":"22","Date":"1/17/25","Mitch Bet Amount":"$10","Mitch Win/Lose/Push":"Loss","Mitch":"Houston ","Phil Bet Amount":"$5","Phil Win/Lose/Push":"Win","Phil":"Alabama","Bryce Bet Amount":"$15","Bryce Win/Lose/Push":"Loss","Bryce":"Ravens","Cory Bet Amount":"$15","Cory Win/Lose/Push":"Push","Cory":"Eagles ","JB Bet Amount":"$5","JB Win/Lose/Push":"Win","JB":"Cleveland cavs","Ethan Bet Amount":"$10","Ethan Win/Lose/Push":"Win","Ethan":"Tail JB ","Jaime Bet Amount":"20","Jaime Win/Lose/Push":"Loss","Jaime":"Tail Bryce","Nathan Bet Amount":"","Nathan Win/Lose/Push":"","Nathan":"","Evan Bet Amount":"","Evan Win/Lose/Push":"","Evan":"","Brandon Bet Amount":"","Brandon Win/Lose/Push":"","Brandon":"","Total Team Bet":"$80.00","Legends Bet":null,"Leaders Bet":null,"To Win":null,"Payout":null,"TOTALS":null,"Mitch Totals":null,"Phil Totals":null,"Bryce Totals":null,"Cory Totals":null,"JB Totals":null,"Ethan Totals":null,"Jaime Totals":null,"Nate Totals":null,"Evan Totals":null,"Brandon Totals":null},{"Week":"23","Date":"1/24/25","Mitch Bet Amount":"$15","Mitch Win/Lose/Push":"Loss","Mitch":"Duke","Phil Bet Amount":"$5","Phil Win/Lose/Push":"Loss","Phil":"Kansas bball","Bryce Bet Amount":"$20","Bryce Win/Lose/Push":"Loss","Bryce":"Cory, I guess","Cory Bet Amount":"$15","Cory Win/Lose/Push":"Loss","Cory":"Gophers b ball to not cover ","JB Bet Amount":"$5","JB Win/Lose/Push":"Loss","JB":"Denver nuggets","Ethan Bet Amount":"$5","Ethan Win/Lose/Push":"Win","Ethan":"St Thomas","Jaime Bet Amount":"25","Jaime Win/Lose/Push":"Loss","Jaime":"Tail Phil","Nathan Bet Amount":"","Nathan Win/Lose/Push":"","Nathan":"","Evan Bet Amount":"","Evan Win/Lose/Push":"","Evan":"","Brandon Bet Amount":"","Brandon Win/Lose/Push":"","Brandon":"","Total Team Bet":"$90.00","Legends Bet":null,"Leaders Bet":null,"To Win":null,"Payout":null,"TOTALS":null,"Mitch Totals":null,"Phil Totals":null,"Bryce Totals":null,"Cory Totals":null,"JB Totals":null,"Ethan Totals":null,"Jaime Totals":null,"Nate Totals":null,"Evan Totals":null,"Brandon Totals":null},{"Week":"24","Date":"1/31/25","Mitch Bet Amount":"$20","Mitch Win/Lose/Push":"Win","Mitch":"Phil","Phil Bet Amount":"$10","Phil Win/Lose/Push":"Win","Phil":"Tennessee bball","Bryce Bet Amount":"$25","Bryce Win/Lose/Push":"Win","Bryce":"JB","Cory Bet Amount":"$20","Cory Win/Lose/Push":"Loss","Cory":"Ethan","JB Bet Amount":"$10","JB Win/Lose/Push":"Win","JB":"duke","Ethan Bet Amount":"$5","Ethan Win/Lose/Push":"Loss","Ethan":"Wolves over ","Jaime Bet Amount":"30","Jaime Win/Lose/Push":"Loss","Jaime":"Tail Ethan","Nathan Bet Amount":"","Nathan Win/Lose/Push":"","Nathan":"","Evan Bet Amount":"","Evan Win/Lose/Push":"","Evan":"","Brandon Bet Amount":"","Brandon Win/Lose/Push":"","Brandon":"","Total Team Bet":"$120.00","Legends Bet":null,"Leaders Bet":null,"To Win":null,"Payout":null,"TOTALS":null,"Mitch Totals":null,"Phil Totals":null,"Bryce Totals":null,"Cory Totals":null,"JB Totals":null,"Ethan Totals":null,"Jaime Totals":null,"Nate Totals":null,"Evan Totals":null,"Brandon Totals":null},{"Week":"25","Date":"2/7/25","Mitch Bet Amount":"$5","Mitch Win/Lose/Push":"Push","Mitch":"Michigan","Phil Bet Amount":"$5","Phil Win/Lose/Push":"Loss","Phil":"Mizzou","Bryce Bet Amount":"$5","Bryce Win/Lose/Push":"Loss","Bryce":"KC","Cory Bet Amount":"$25","Cory Win/Lose/Push":"Loss","Cory":"JB","JB Bet Amount":"$5","JB Win/Lose/Push":"Loss","JB":"Butler Under","Ethan Bet Amount":"$10","Ethan Win/Lose/Push":"Win","Ethan":"Creighton","Jaime Bet Amount":"35","Jaime Win/Lose/Push":"Push","Jaime":"Mitch","Nathan Bet Amount":"","Nathan Win/Lose/Push":"","Nathan":"","Evan Bet Amount":"","Evan Win/Lose/Push":"","Evan":"","Brandon Bet Amount":"","Brandon Win/Lose/Push":"","Brandon":"","Total Team Bet":"$90.00","Legends Bet":null,"Leaders Bet":null,"To Win":null,"Payout":null,"TOTALS":null,"Mitch Totals":null,"Phil Totals":null,"Bryce Totals":null,"Cory Totals":null,"JB Totals":null,"Ethan Totals":null,"Jaime Totals":null,"Nate Totals":null,"Evan Totals":null,"Brandon Totals":null},{"Week":"26","Date":"2/14/25","Mitch Bet Amount":"$5","Mitch Win/Lose/Push":"Win","Mitch":"Houston Cougars ","Phil Bet Amount":"$10","Phil Win/Lose/Push":"Win","Phil":"Wisconsin/purdue over ","Bryce Bet Amount":"$10","Bryce Win/Lose/Push":"Win","Bryce":"2 chances Scottie/aberg","Cory Bet Amount":"$30","Cory Win/Lose/Push":"Win","Cory":"Phil ","JB Bet Amount":"$10","JB Win/Lose/Push":"Win","JB":"Baylor over ","Ethan Bet Amount":"$5","Ethan Win/Lose/Push":"Loss","Ethan":"George mason -3.5 ","Jaime Bet Amount":"35","Jaime Win/Lose/Push":"Loss","Jaime":"Tail E ","Nathan Bet Amount":"","Nathan Win/Lose/Push":"","Nathan":"","Evan Bet Amount":"","Evan Win/Lose/Push":"","Evan":"","Brandon Bet Amount":"","Brandon Win/Lose/Push":"","Brandon":"","Total Team Bet":"$105.00","Legends Bet":null,"Leaders Bet":null,"To Win":null,"Payout":null,"TOTALS":null,"Mitch Totals":null,"Phil Totals":null,"Bryce Totals":null,"Cory Totals":null,"JB Totals":null,"Ethan Totals":null,"Jaime Totals":null,"Nate Totals":null,"Evan Totals":null,"Brandon Totals":null},{"Week":"27","Date":"2/21/25","Mitch Bet Amount":"$5","Mitch Win/Lose/Push":"Win","Mitch":"Florida","Phil Bet Amount":"$5","Phil Win/Lose/Push":"Win","Phil":"Alabama","Bryce Bet Amount":"$5","Bryce Win/Lose/Push":"Win","Bryce":"Iowa state","Cory Bet Amount":"$5","Cory Win/Lose/Push":"Win","Cory":"Duke","JB Bet Amount":"$5","JB Win/Lose/Push":"Win","JB":"Bama Under","Ethan Bet Amount":"$10","Ethan Win/Lose/Push":"Loss","Ethan":"Gophers","Jaime Bet Amount":"40","Jaime Win/Lose/Push":"Win","Jaime":"Cory ","Nathan Bet Amount":"","Nathan Win/Lose/Push":"","Nathan":"","Evan Bet Amount":"","Evan Win/Lose/Push":"","Evan":"","Brandon Bet Amount":"","Brandon Win/Lose/Push":"","Brandon":"","Total Team Bet":"$75.00","Legends Bet":null,"Leaders Bet":null,"To Win":null,"Payout":null,"TOTALS":null,"Mitch Totals":null,"Phil Totals":null,"Bryce Totals":null,"Cory Totals":null,"JB Totals":null,"Ethan Totals":null,"Jaime Totals":null,"Nate Totals":null,"Evan Totals":null,"Brandon Totals":null},{"Week":"28","Date":"2/28/25","Mitch Bet Amount":"$5","Mitch Win/Lose/Push":"Win","Mitch":"Clemson ","Phil Bet Amount":"$5","Phil Win/Lose/Push":"Loss","Phil":"Texas Tech/Kansas Under","Bryce Bet Amount":"$5","Bryce Win/Lose/Push":"Win","Bryce":"DUQUESNE","Cory Bet Amount":"$5","Cory Win/Lose/Push":"Loss","Cory":"Min woo lee over spieth","JB Bet Amount":"$5","JB Win/Lose/Push":"Win","JB":"wyoming ","Ethan Bet Amount":"$15","Ethan Win/Lose/Push":"Win","Ethan":"Wizards +4 ","Jaime Bet Amount":"5","Jaime Win/Lose/Push":"Win","Jaime":"Mitch","Nathan Bet Amount":"","Nathan Win/Lose/Push":"","Nathan":"","Evan Bet Amount":"","Evan Win/Lose/Push":"","Evan":"","Brandon Bet Amount":"","Brandon Win/Lose/Push":"","Brandon":"","Total Team Bet":"$45.00","Legends Bet":null,"Leaders Bet":null,"To Win":null,"Payout":null,"TOTALS":null,"Mitch Totals":null,"Phil Totals":null,"Bryce Totals":null,"Cory Totals":null,"JB Totals":null,"Ethan Totals":null,"Jaime Totals":null,"Nate Totals":null,"Evan Totals":null,"Brandon Totals":null},{"Week":"29","Date":"3/7/25","Mitch Bet Amount":"$5","Mitch Win/Lose/Push":"Win","Mitch":"Texas AM","Phil Bet Amount":"$10","Phil Win/Lose/Push":"Loss","Phil":"Marquette","Bryce Bet Amount":"$5","Bryce Win/Lose/Push":"Win","Bryce":"Brunno Ferreira ","Cory Bet Amount":"$10","Cory Win/Lose/Push":"Loss","Cory":"Ethan ","JB Bet Amount":"$5","JB Win/Lose/Push":"Loss","JB":"phil","Ethan Bet Amount":"$5","Ethan Win/Lose/Push":"Loss","Ethan":"Georgetown under","Jaime Bet Amount":"5","Jaime Win/Lose/Push":"Loss","Jaime":"Houston","Nathan Bet Amount":"","Nathan Win/Lose/Push":"","Nathan":"","Evan Bet Amount":"","Evan Win/Lose/Push":"","Evan":"","Brandon Bet Amount":"","Brandon Win/Lose/Push":"","Brandon":"","Total Team Bet":"$45.00","Legends Bet":null,"Leaders Bet":null,"To Win":null,"Payout":null,"TOTALS":null,"Mitch Totals":null,"Phil Totals":null,"Bryce Totals":null,"Cory Totals":null,"JB Totals":null,"Ethan Totals":null,"Jaime Totals":null,"Nate Totals":null,"Evan Totals":null,"Brandon Totals":null},{"Week":"30","Date":"3/14/25","Mitch Bet Amount":"$5","Mitch Win/Lose/Push":"Win","Mitch":"St. John's ","Phil Bet Amount":"$15","Phil Win/Lose/Push":"Loss","Phil":"Tulane Memphis Under","Bryce Bet Amount":"$5","Bryce Win/Lose/Push":"Win","Bryce":"Manitoba Moose","Cory Bet Amount":"$15","Cory Win/Lose/Push":"Loss","Cory":"JB","JB Bet Amount":"$10","JB Win/Lose/Push":"Loss","JB":"Akron ","Ethan Bet Amount":"$10","Ethan Win/Lose/Push":"Loss","Ethan":"Michigan under","Jaime Bet Amount":"10","Jaime Win/Lose/Push":"Win","Jaime":"Colorado State","Nathan Bet Amount":"","Nathan Win/Lose/Push":"","Nathan":"","Evan Bet Amount":"","Evan Win/Lose/Push":"","Evan":"","Brandon Bet Amount":"","Brandon Win/Lose/Push":"","Brandon":"","Total Team Bet":"$70.00","Legends Bet":null,"Leaders Bet":null,"To Win":null,"Payout":null,"TOTALS":null,"Mitch Totals":null,"Phil Totals":null,"Bryce Totals":null,"Cory Totals":null,"JB Totals":null,"Ethan Totals":null,"Jaime Totals":null,"Nate Totals":null,"Evan Totals":null,"Brandon Totals":null},{"Week":"31","Date":"3/21/25","Mitch Bet Amount":"$5","Mitch Win/Lose/Push":"Loss","Mitch":"Florida men's basketball to cover the spread","Phil Bet Amount":"$20","Phil Win/Lose/Push":"Loss","Phil":"Mitch","Bryce Bet Amount":"$5","Bryce Win/Lose/Push":"Win","Bryce":"PAULA BADOSA","Cory Bet Amount":"$20","Cory Win/Lose/Push":"Loss","Cory":"Mitch","JB Bet Amount":"$15","JB Win/Lose/Push":"Win","JB":"tennessee","Ethan Bet Amount":"$15","Ethan Win/Lose/Push":"Loss","Ethan":"Iowa St","Jaime Bet Amount":"5","Jaime Win/Lose/Push":"Loss","Jaime":"Wisconsin","Nathan Bet Amount":"","Nathan Win/Lose/Push":"","Nathan":"","Evan Bet Amount":"","Evan Win/Lose/Push":"","Evan":"","Brandon Bet Amount":"","Brandon Win/Lose/Push":"","Brandon":"","Total Team Bet":"$85.00","Legends Bet":null,"Leaders Bet":null,"To Win":null,"Payout":null,"TOTALS":null,"Mitch Totals":null,"Phil Totals":null,"Bryce Totals":null,"Cory Totals":null,"JB Totals":null,"Ethan Totals":null,"Jaime Totals":null,"Nate Totals":null,"Evan Totals":null,"Brandon Totals":null},{"Week":"32","Date":"03/28/2025","Mitch Bet Amount":"$10","Mitch Win/Lose/Push":"","Mitch":"","Phil Bet Amount":"$25","Phil Win/Lose/Push":"","Phil":"","Bryce Bet Amount":"$5","Bryce Win/Lose/Push":"","Bryce":"","Cory Bet Amount":"$25","Cory Win/Lose/Push":"","Cory":"","JB Bet Amount":"$5","JB Win/Lose/Push":"","JB":"","Ethan Bet Amount":"$20","Ethan Win/Lose/Push":"","Ethan":"","Jaime Bet Amount":"$10","Jaime Win/Lose/Push":null,"Jaime":null,"Nathan Bet Amount":null,"Nathan Win/Lose/Push":null,"Nathan":null,"Evan Bet Amount":null,"Evan Win/Lose/Push":null,"Evan":null,"Brandon Bet Amount":null,"Brandon Win/Lose/Push":null,"Brandon":null,"Total Team Bet":null,"Legends Bet":null,"Leaders Bet":null,"To Win":null,"Payout":null,"TOTALS":null,"Mitch Totals":null,"Phil Totals":null,"Bryce Totals":null,"Cory Totals":null,"JB Totals":null,"Ethan Totals":null,"Jaime Totals":null,"Nate Totals":null,"Evan Totals":null,"Brandon Totals":null},{"Week":"33","Date":"04/04/2025","Mitch Bet Amount":null,"Mitch Win/Lose/Push":null,"Mitch":null,"Phil Bet Amount":null,"Phil Win/Lose/Push":null,"Phil":null,"Bryce Bet Amount":null,"Bryce Win/Lose/Push":null,"Bryce":null,"Cory Bet Amount":null,"Cory Win/Lose/Push":null,"Cory":null,"JB Bet Amount":null,"JB Win/Lose/Push":null,"JB":null,"Ethan Bet Amount":null,"Ethan Win/Lose/Push":null,"Ethan":null,"Jaime Bet Amount":null,"Jaime Win/Lose/Push":null,"Jaime":null,"Nathan Bet Amount":null,"Nathan Win/Lose/Push":null,"Nathan":null,"Evan Bet Amount":null,"Evan Win/Lose/Push":null,"Evan":null,"Brandon Bet Amount":null,"Brandon Win/Lose/Push":null,"Brandon":null,"Total Team Bet":null,"Legends Bet":null,"Leaders Bet":null,"To Win":null,"Payout":null,"TOTALS":null,"Mitch Totals":null,"Phil Totals":null,"Bryce Totals":null,"Cory Totals":null,"JB Totals":null,"Ethan Totals":null,"Jaime Totals":null,"Nate Totals":null,"Evan Totals":null,"Brandon Totals":null},{"Week":"34","Date":"04/11/2025","Mitch Bet Amount":null,"Mitch Win/Lose/Push":null,"Mitch":null,"Phil Bet Amount":null,"Phil Win/Lose/Push":null,"Phil":null,"Bryce Bet Amount":null,"Bryce Win/Lose/Push":null,"Bryce":null,"Cory Bet Amount":null,"Cory Win/Lose/Push":null,"Cory":null,"JB Bet Amount":null,"JB Win/Lose/Push":null,"JB":null,"Ethan Bet Amount":null,"Ethan Win/Lose/Push":null,"Ethan":null,"Jaime Bet Amount":null,"Jaime Win/Lose/Push":null,"Jaime":null,"Nathan Bet Amount":null,"Nathan Win/Lose/Push":null,"Nathan":null,"Evan Bet Amount":null,"Evan Win/Lose/Push":null,"Evan":null,"Brandon Bet Amount":null,"Brandon Win/Lose/Push":null,"Brandon":null,"Total Team Bet":null,"Legends Bet":null,"Leaders Bet":null,"To Win":null,"Payout":null,"TOTALS":null,"Mitch Totals":null,"Phil Totals":null,"Bryce Totals":null,"Cory Totals":null,"JB Totals":null,"Ethan Totals":null,"Jaime Totals":null,"Nate Totals":null,"Evan Totals":null,"Brandon Totals":null},{"Week":"35","Date":"04/18/2025","Mitch Bet Amount":null,"Mitch Win/Lose/Push":null,"Mitch":null,"Phil Bet Amount":null,"Phil Win/Lose/Push":null,"Phil":null,"Bryce Bet Amount":null,"Bryce Win/Lose/Push":null,"Bryce":null,"Cory Bet Amount":null,"Cory Win/Lose/Push":null,"Cory":null,"JB Bet Amount":null,"JB Win/Lose/Push":null,"JB":null,"Ethan Bet Amount":null,"Ethan Win/Lose/Push":null,"Ethan":null,"Jaime Bet Amount":null,"Jaime Win/Lose/Push":null,"Jaime":null,"Nathan Bet Amount":null,"Nathan Win/Lose/Push":null,"Nathan":null,"Evan Bet Amount":null,"Evan Win/Lose/Push":null,"Evan":null,"Brandon Bet Amount":null,"Brandon Win/Lose/Push":null,"Brandon":null,"Total Team Bet":null,"Legends Bet":null,"Leaders Bet":null,"To Win":null,"Payout":null,"TOTALS":null,"Mitch Totals":null,"Phil Totals":null,"Bryce Totals":null,"Cory Totals":null,"JB Totals":null,"Ethan Totals":null,"Jaime Totals":null,"Nate Totals":null,"Evan Totals":null,"Brandon Totals":null},{"Week":"36","Date":"04/25/2025","Mitch Bet Amount":null,"Mitch Win/Lose/Push":null,"Mitch":null,"Phil Bet Amount":null,"Phil Win/Lose/Push":null,"Phil":null,"Bryce Bet Amount":null,"Bryce Win/Lose/Push":null,"Bryce":null,"Cory Bet Amount":null,"Cory Win/Lose/Push":null,"Cory":null,"JB Bet Amount":null,"JB Win/Lose/Push":null,"JB":null,"Ethan Bet Amount":null,"Ethan Win/Lose/Push":null,"Ethan":null,"Jaime Bet Amount":null,"Jaime Win/Lose/Push":null,"Jaime":null,"Nathan Bet Amount":null,"Nathan Win/Lose/Push":null,"Nathan":null,"Evan Bet Amount":null,"Evan Win/Lose/Push":null,"Evan":null,"Brandon Bet Amount":null,"Brandon Win/Lose/Push":null,"Brandon":null,"Total Team Bet":null,"Legends Bet":null,"Leaders Bet":null,"To Win":null,"Payout":null,"TOTALS":null,"Mitch Totals":null,"Phil Totals":null,"Bryce Totals":null,"Cory Totals":null,"JB Totals":null,"Ethan Totals":null,"Jaime Totals":null,"Nate Totals":null,"Evan Totals":null,"Brandon Totals":null},{"Week":"37","Date":"05/02/2025","Mitch Bet Amount":null,"Mitch Win/Lose/Push":null,"Mitch":null,"Phil Bet Amount":null,"Phil Win/Lose/Push":null,"Phil":null,"Bryce Bet Amount":null,"Bryce Win/Lose/Push":null,"Bryce":null,"Cory Bet Amount":null,"Cory Win/Lose/Push":null,"Cory":null,"JB Bet Amount":null,"JB Win/Lose/Push":null,"JB":null,"Ethan Bet Amount":null,"Ethan Win/Lose/Push":null,"Ethan":null,"Jaime Bet Amount":null,"Jaime Win/Lose/Push":null,"Jaime":null,"Nathan Bet Amount":null,"Nathan Win/Lose/Push":null,"Nathan":null,"Evan Bet Amount":null,"Evan Win/Lose/Push":null,"Evan":null,"Brandon Bet Amount":null,"Brandon Win/Lose/Push":null,"Brandon":null,"Total Team Bet":null,"Legends Bet":null,"Leaders Bet":null,"To Win":null,"Payout":null,"TOTALS":null,"Mitch Totals":null,"Phil Totals":null,"Bryce Totals":null,"Cory Totals":null,"JB Totals":null,"Ethan Totals":null,"Jaime Totals":null,"Nate Totals":null,"Evan Totals":null,"Brandon Totals":null},{"Week":"38","Date":"05/09/2025","Mitch Bet Amount":null,"Mitch Win/Lose/Push":null,"Mitch":null,"Phil Bet Amount":null,"Phil Win/Lose/Push":null,"Phil":null,"Bryce Bet Amount":null,"Bryce Win/Lose/Push":null,"Bryce":null,"Cory Bet Amount":null,"Cory Win/Lose/Push":null,"Cory":null,"JB Bet Amount":null,"JB Win/Lose/Push":null,"JB":null,"Ethan Bet Amount":null,"Ethan Win/Lose/Push":null,"Ethan":null,"Jaime Bet Amount":null,"Jaime Win/Lose/Push":null,"Jaime":null,"Nathan Bet Amount":null,"Nathan Win/Lose/Push":null,"Nathan":null,"Evan Bet Amount":null,"Evan Win/Lose/Push":null,"Evan":null,"Brandon Bet Amount":null,"Brandon Win/Lose/Push":null,"Brandon":null,"Total Team Bet":null,"Legends Bet":null,"Leaders Bet":null,"To Win":null,"Payout":null,"TOTALS":null,"Mitch Totals":null,"Phil Totals":null,"Bryce Totals":null,"Cory Totals":null,"JB Totals":null,"Ethan Totals":null,"Jaime Totals":null,"Nate Totals":null,"Evan Totals":null,"Brandon Totals":null},{"Week":"39","Date":"05/16/2025","Mitch Bet Amount":null,"Mitch Win/Lose/Push":null,"Mitch":null,"Phil Bet Amount":null,"Phil Win/Lose/Push":null,"Phil":null,"Bryce Bet Amount":null,"Bryce Win/Lose/Push":null,"Bryce":null,"Cory Bet Amount":null,"Cory Win/Lose/Push":null,"Cory":null,"JB Bet Amount":null,"JB Win/Lose/Push":null,"JB":null,"Ethan Bet Amount":null,"Ethan Win/Lose/Push":null,"Ethan":null,"Jaime Bet Amount":null,"Jaime Win/Lose/Push":null,"Jaime":null,"Nathan Bet Amount":null,"Nathan Win/Lose/Push":null,"Nathan":null,"Evan Bet Amount":null,"Evan Win/Lose/Push":null,"Evan":null,"Brandon Bet Amount":null,"Brandon Win/Lose/Push":null,"Brandon":null,"Total Team Bet":null,"Legends Bet":null,"Leaders Bet":null,"To Win":null,"Payout":null,"TOTALS":null,"Mitch Totals":null,"Phil Totals":null,"Bryce Totals":null,"Cory Totals":null,"JB Totals":null,"Ethan Totals":null,"Jaime Totals":null,"Nate Totals":null,"Evan Totals":null,"Brandon Totals":null},{"Week":"40","Date":"05/23/2025","Mitch Bet Amount":null,"Mitch Win/Lose/Push":null,"Mitch":null,"Phil Bet Amount":null,"Phil Win/Lose/Push":null,"Phil":null,"Bryce Bet Amount":null,"Bryce Win/Lose/Push":null,"Bryce":null,"Cory Bet Amount":null,"Cory Win/Lose/Push":null,"Cory":null,"JB Bet Amount":null,"JB Win/Lose/Push":null,"JB":null,"Ethan Bet Amount":null,"Ethan Win/Lose/Push":null,"Ethan":null,"Jaime Bet Amount":null,"Jaime Win/Lose/Push":null,"Jaime":null,"Nathan Bet Amount":null,"Nathan Win/Lose/Push":null,"Nathan":null,"Evan Bet Amount":null,"Evan Win/Lose/Push":null,"Evan":null,"Brandon Bet Amount":null,"Brandon Win/Lose/Push":null,"Brandon":null,"Total Team Bet":null,"Legends Bet":null,"Leaders Bet":null,"To Win":null,"Payout":null,"TOTALS":null,"Mitch Totals":null,"Phil Totals":null,"Bryce Totals":null,"Cory Totals":null,"JB Totals":null,"Ethan Totals":null,"Jaime Totals":null,"Nate Totals":null,"Evan Totals":null,"Brandon Totals":null},{"Week":"41","Date":"05/30/2025","Mitch Bet Amount":null,"Mitch Win/Lose/Push":null,"Mitch":null,"Phil Bet Amount":null,"Phil Win/Lose/Push":null,"Phil":null,"Bryce Bet Amount":null,"Bryce Win/Lose/Push":null,"Bryce":null,"Cory Bet Amount":null,"Cory Win/Lose/Push":null,"Cory":null,"JB Bet Amount":null,"JB Win/Lose/Push":null,"JB":null,"Ethan Bet Amount":null,"Ethan Win/Lose/Push":null,"Ethan":null,"Jaime Bet Amount":null,"Jaime Win/Lose/Push":null,"Jaime":null,"Nathan Bet Amount":null,"Nathan Win/Lose/Push":null,"Nathan":null,"Evan Bet Amount":null,"Evan Win/Lose/Push":null,"Evan":null,"Brandon Bet Amount":null,"Brandon Win/Lose/Push":null,"Brandon":null,"Total Team Bet":null,"Legends Bet":null,"Leaders Bet":null,"To Win":null,"Payout":null,"TOTALS":null,"Mitch Totals":null,"Phil Totals":null,"Bryce Totals":null,"Cory Totals":null,"JB Totals":null,"Ethan Totals":null,"Jaime Totals":null,"Nate Totals":null,"Evan Totals":null,"Brandon Totals":null},{"Week":"42","Date":"06/06/2025","Mitch Bet Amount":null,"Mitch Win/Lose/Push":null,"Mitch":null,"Phil Bet Amount":null,"Phil Win/Lose/Push":null,"Phil":null,"Bryce Bet Amount":null,"Bryce Win/Lose/Push":null,"Bryce":null,"Cory Bet Amount":null,"Cory Win/Lose/Push":null,"Cory":null,"JB Bet Amount":null,"JB Win/Lose/Push":null,"JB":null,"Ethan Bet Amount":null,"Ethan Win/Lose/Push":null,"Ethan":null,"Jaime Bet Amount":null,"Jaime Win/Lose/Push":null,"Jaime":null,"Nathan Bet Amount":null,"Nathan Win/Lose/Push":null,"Nathan":null,"Evan Bet Amount":null,"Evan Win/Lose/Push":null,"Evan":null,"Brandon Bet Amount":null,"Brandon Win/Lose/Push":null,"Brandon":null,"Total Team Bet":null,"Legends Bet":null,"Leaders Bet":null,"To Win":null,"Payout":null,"TOTALS":null,"Mitch Totals":null,"Phil Totals":null,"Bryce Totals":null,"Cory Totals":null,"JB Totals":null,"Ethan Totals":null,"Jaime Totals":null,"Nate Totals":null,"Evan Totals":null,"Brandon Totals":null},{"Week":"43","Date":"06/13/2025","Mitch Bet Amount":null,"Mitch Win/Lose/Push":null,"Mitch":null,"Phil Bet Amount":null,"Phil Win/Lose/Push":null,"Phil":null,"Bryce Bet Amount":null,"Bryce Win/Lose/Push":null,"Bryce":null,"Cory Bet Amount":null,"Cory Win/Lose/Push":null,"Cory":null,"JB Bet Amount":null,"JB Win/Lose/Push":null,"JB":null,"Ethan Bet Amount":null,"Ethan Win/Lose/Push":null,"Ethan":null,"Jaime Bet Amount":null,"Jaime Win/Lose/Push":null,"Jaime":null,"Nathan Bet Amount":null,"Nathan Win/Lose/Push":null,"Nathan":null,"Evan Bet Amount":null,"Evan Win/Lose/Push":null,"Evan":null,"Brandon Bet Amount":null,"Brandon Win/Lose/Push":null,"Brandon":null,"Total Team Bet":null,"Legends Bet":null,"Leaders Bet":null,"To Win":null,"Payout":null,"TOTALS":null,"Mitch Totals":null,"Phil Totals":null,"Bryce Totals":null,"Cory Totals":null,"JB Totals":null,"Ethan Totals":null,"Jaime Totals":null,"Nate Totals":null,"Evan Totals":null,"Brandon Totals":null},{"Week":"44","Date":"06/20/2025","Mitch Bet Amount":null,"Mitch Win/Lose/Push":null,"Mitch":null,"Phil Bet Amount":null,"Phil Win/Lose/Push":null,"Phil":null,"Bryce Bet Amount":null,"Bryce Win/Lose/Push":null,"Bryce":null,"Cory Bet Amount":null,"Cory Win/Lose/Push":null,"Cory":null,"JB Bet Amount":null,"JB Win/Lose/Push":null,"JB":null,"Ethan Bet Amount":null,"Ethan Win/Lose/Push":null,"Ethan":null,"Jaime Bet Amount":null,"Jaime Win/Lose/Push":null,"Jaime":null,"Nathan Bet Amount":null,"Nathan Win/Lose/Push":null,"Nathan":null,"Evan Bet Amount":null,"Evan Win/Lose/Push":null,"Evan":null,"Brandon Bet Amount":null,"Brandon Win/Lose/Push":null,"Brandon":null,"Total Team Bet":null,"Legends Bet":null,"Leaders Bet":null,"To Win":null,"Payout":null,"TOTALS":null,"Mitch Totals":null,"Phil Totals":null,"Bryce Totals":null,"Cory Totals":null,"JB Totals":null,"Ethan Totals":null,"Jaime Totals":null,"Nate Totals":null,"Evan Totals":null,"Brandon Totals":null},{"Week":"45","Date":"06/27/2025","Mitch Bet Amount":null,"Mitch Win/Lose/Push":null,"Mitch":null,"Phil Bet Amount":null,"Phil Win/Lose/Push":null,"Phil":null,"Bryce Bet Amount":null,"Bryce Win/Lose/Push":null,"Bryce":null,"Cory Bet Amount":null,"Cory Win/Lose/Push":null,"Cory":null,"JB Bet Amount":null,"JB Win/Lose/Push":null,"JB":null,"Ethan Bet Amount":null,"Ethan Win/Lose/Push":null,"Ethan":null,"Jaime Bet Amount":null,"Jaime Win/Lose/Push":null,"Jaime":null,"Nathan Bet Amount":null,"Nathan Win/Lose/Push":null,"Nathan":null,"Evan Bet Amount":null,"Evan Win/Lose/Push":null,"Evan":null,"Brandon Bet Amount":null,"Brandon Win/Lose/Push":null,"Brandon":null,"Total Team Bet":null,"Legends Bet":null,"Leaders Bet":null,"To Win":null,"Payout":null,"TOTALS":null,"Mitch Totals":null,"Phil Totals":null,"Bryce Totals":null,"Cory Totals":null,"JB Totals":null,"Ethan Totals":null,"Jaime Totals":null,"Nate Totals":null,"Evan Totals":null,"Brandon Totals":null},{"Week":"46","Date":"07/04/2025","Mitch Bet Amount":null,"Mitch Win/Lose/Push":null,"Mitch":null,"Phil Bet Amount":null,"Phil Win/Lose/Push":null,"Phil":null,"Bryce Bet Amount":null,"Bryce Win/Lose/Push":null,"Bryce":null,"Cory Bet Amount":null,"Cory Win/Lose/Push":null,"Cory":null,"JB Bet Amount":null,"JB Win/Lose/Push":null,"JB":null,"Ethan Bet Amount":null,"Ethan Win/Lose/Push":null,"Ethan":null,"Jaime Bet Amount":null,"Jaime Win/Lose/Push":null,"Jaime":null,"Nathan Bet Amount":null,"Nathan Win/Lose/Push":null,"Nathan":null,"Evan Bet Amount":null,"Evan Win/Lose/Push":null,"Evan":null,"Brandon Bet Amount":null,"Brandon Win/Lose/Push":null,"Brandon":null,"Total Team Bet":null,"Legends Bet":null,"Leaders Bet":null,"To Win":null,"Payout":null,"TOTALS":null,"Mitch Totals":null,"Phil Totals":null,"Bryce Totals":null,"Cory Totals":null,"JB Totals":null,"Ethan Totals":null,"Jaime Totals":null,"Nate Totals":null,"Evan Totals":null,"Brandon Totals":null},{"Week":"47","Date":"07/11/2025","Mitch Bet Amount":null,"Mitch Win/Lose/Push":null,"Mitch":null,"Phil Bet Amount":null,"Phil Win/Lose/Push":null,"Phil":null,"Bryce Bet Amount":null,"Bryce Win/Lose/Push":null,"Bryce":null,"Cory Bet Amount":null,"Cory Win/Lose/Push":null,"Cory":null,"JB Bet Amount":null,"JB Win/Lose/Push":null,"JB":null,"Ethan Bet Amount":null,"Ethan Win/Lose/Push":null,"Ethan":null,"Jaime Bet Amount":null,"Jaime Win/Lose/Push":null,"Jaime":null,"Nathan Bet Amount":null,"Nathan Win/Lose/Push":null,"Nathan":null,"Evan Bet Amount":null,"Evan Win/Lose/Push":null,"Evan":null,"Brandon Bet Amount":null,"Brandon Win/Lose/Push":null,"Brandon":null,"Total Team Bet":null,"Legends Bet":null,"Leaders Bet":null,"To Win":null,"Payout":null,"TOTALS":null,"Mitch Totals":null,"Phil Totals":null,"Bryce Totals":null,"Cory Totals":null,"JB Totals":null,"Ethan Totals":null,"Jaime Totals":null,"Nate Totals":null,"Evan Totals":null,"Brandon Totals":null},{"Week":"48","Date":"07/18/2025","Mitch Bet Amount":null,"Mitch Win/Lose/Push":null,"Mitch":null,"Phil Bet Amount":null,"Phil Win/Lose/Push":null,"Phil":null,"Bryce Bet Amount":null,"Bryce Win/Lose/Push":null,"Bryce":null,"Cory Bet Amount":null,"Cory Win/Lose/Push":null,"Cory":null,"JB Bet Amount":null,"JB Win/Lose/Push":null,"JB":null,"Ethan Bet Amount":null,"Ethan Win/Lose/Push":null,"Ethan":null,"Jaime Bet Amount":null,"Jaime Win/Lose/Push":null,"Jaime":null,"Nathan Bet Amount":null,"Nathan Win/Lose/Push":null,"Nathan":null,"Evan Bet Amount":null,"Evan Win/Lose/Push":null,"Evan":null,"Brandon Bet Amount":null,"Brandon Win/Lose/Push":null,"Brandon":null,"Total Team Bet":null,"Legends Bet":null,"Leaders Bet":null,"To Win":null,"Payout":null,"TOTALS":null,"Mitch Totals":null,"Phil Totals":null,"Bryce Totals":null,"Cory Totals":null,"JB Totals":null,"Ethan Totals":null,"Jaime Totals":null,"Nate Totals":null,"Evan Totals":null,"Brandon Totals":null},{"Week":"49","Date":"07/25/2025","Mitch Bet Amount":null,"Mitch Win/Lose/Push":null,"Mitch":null,"Phil Bet Amount":null,"Phil Win/Lose/Push":null,"Phil":null,"Bryce Bet Amount":null,"Bryce Win/Lose/Push":null,"Bryce":null,"Cory Bet Amount":null,"Cory Win/Lose/Push":null,"Cory":null,"JB Bet Amount":null,"JB Win/Lose/Push":null,"JB":null,"Ethan Bet Amount":null,"Ethan Win/Lose/Push":null,"Ethan":null,"Jaime Bet Amount":null,"Jaime Win/Lose/Push":null,"Jaime":null,"Nathan Bet Amount":null,"Nathan Win/Lose/Push":null,"Nathan":null,"Evan Bet Amount":null,"Evan Win/Lose/Push":null,"Evan":null,"Brandon Bet Amount":null,"Brandon Win/Lose/Push":null,"Brandon":null,"Total Team Bet":null,"Legends Bet":null,"Leaders Bet":null,"To Win":null,"Payout":null,"TOTALS":null,"Mitch Totals":null,"Phil Totals":null,"Bryce Totals":null,"Cory Totals":null,"JB Totals":null,"Ethan Totals":null,"Jaime Totals":null,"Nate Totals":null,"Evan Totals":null,"Brandon Totals":null},{"Week":"50","Date":"08/01/2025","Mitch Bet Amount":null,"Mitch Win/Lose/Push":null,"Mitch":null,"Phil Bet Amount":null,"Phil Win/Lose/Push":null,"Phil":null,"Bryce Bet Amount":null,"Bryce Win/Lose/Push":null,"Bryce":null,"Cory Bet Amount":null,"Cory Win/Lose/Push":null,"Cory":null,"JB Bet Amount":null,"JB Win/Lose/Push":null,"JB":null,"Ethan Bet Amount":null,"Ethan Win/Lose/Push":null,"Ethan":null,"Jaime Bet Amount":null,"Jaime Win/Lose/Push":null,"Jaime":null,"Nathan Bet Amount":null,"Nathan Win/Lose/Push":null,"Nathan":null,"Evan Bet Amount":null,"Evan Win/Lose/Push":null,"Evan":null,"Brandon Bet Amount":null,"Brandon Win/Lose/Push":null,"Brandon":null,"Total Team Bet":null,"Legends Bet":null,"Leaders Bet":null,"To Win":null,"Payout":null,"TOTALS":null,"Mitch Totals":null,"Phil Totals":null,"Bryce Totals":null,"Cory Totals":null,"JB Totals":null,"Ethan Totals":null,"Jaime Totals":null,"Nate Totals":null,"Evan Totals":null,"Brandon Totals":null},{"Week":"51","Date":"08/08/2025","Mitch Bet Amount":null,"Mitch Win/Lose/Push":null,"Mitch":null,"Phil Bet Amount":null,"Phil Win/Lose/Push":null,"Phil":null,"Bryce Bet Amount":null,"Bryce Win/Lose/Push":null,"Bryce":null,"Cory Bet Amount":null,"Cory Win/Lose/Push":null,"Cory":null,"JB Bet Amount":null,"JB Win/Lose/Push":null,"JB":null,"Ethan Bet Amount":null,"Ethan Win/Lose/Push":null,"Ethan":null,"Jaime Bet Amount":null,"Jaime Win/Lose/Push":null,"Jaime":null,"Nathan Bet Amount":null,"Nathan Win/Lose/Push":null,"Nathan":null,"Evan Bet Amount":null,"Evan Win/Lose/Push":null,"Evan":null,"Brandon Bet Amount":null,"Brandon Win/Lose/Push":null,"Brandon":null,"Total Team Bet":null,"Legends Bet":null,"Leaders Bet":null,"To Win":null,"Payout":null,"TOTALS":null,"Mitch Totals":null,"Phil Totals":null,"Bryce Totals":null,"Cory Totals":null,"JB Totals":null,"Ethan Totals":null,"Jaime Totals":null,"Nate Totals":null,"Evan Totals":null,"Brandon Totals":null},{"Week":"52","Date":"08/15/2025","Mitch Bet Amount":null,"Mitch Win/Lose/Push":null,"Mitch":null,"Phil Bet Amount":null,"Phil Win/Lose/Push":null,"Phil":null,"Bryce Bet Amount":null,"Bryce Win/Lose/Push":null,"Bryce":null,"Cory Bet Amount":null,"Cory Win/Lose/Push":null,"Cory":null,"JB Bet Amount":null,"JB Win/Lose/Push":null,"JB":null,"Ethan Bet Amount":null,"Ethan Win/Lose/Push":null,"Ethan":null,"Jaime Bet Amount":null,"Jaime Win/Lose/Push":null,"Jaime":null,"Nathan Bet Amount":null,"Nathan Win/Lose/Push":null,"Nathan":null,"Evan Bet Amount":null,"Evan Win/Lose/Push":null,"Evan":null,"Brandon Bet Amount":null,"Brandon Win/Lose/Push":null,"Brandon":null,"Total Team Bet":null,"Legends Bet":null,"Leaders Bet":null,"To Win":null,"Payout":null,"TOTALS":null,"Mitch Totals":null,"Phil Totals":null,"Bryce Totals":null,"Cory Totals":null,"JB Totals":null,"Ethan Totals":null,"Jaime Totals":null,"Nate Totals":null,"Evan Totals":null,"Brandon Totals":null},{"Week":"53","Date":"08/22/2025","Mitch Bet Amount":null,"Mitch Win/Lose/Push":null,"Mitch":null,"Phil Bet Amount":null,"Phil Win/Lose/Push":null,"Phil":null,"Bryce Bet Amount":null,"Bryce Win/Lose/Push":null,"Bryce":null,"Cory Bet Amount":null,"Cory Win/Lose/Push":null,"Cory":null,"JB Bet Amount":null,"JB Win/Lose/Push":null,"JB":null,"Ethan Bet Amount":null,"Ethan Win/Lose/Push":null,"Ethan":null,"Jaime Bet Amount":null,"Jaime Win/Lose/Push":null,"Jaime":null,"Nathan Bet Amount":null,"Nathan Win/Lose/Push":null,"Nathan":null,"Evan Bet Amount":null,"Evan Win/Lose/Push":null,"Evan":null,"Brandon Bet Amount":null,"Brandon Win/Lose/Push":null,"Brandon":null,"Total Team Bet":null,"Legends Bet":null,"Leaders Bet":null,"To Win":null,"Payout":null,"TOTALS":null,"Mitch Totals":null,"Phil Totals":null,"Bryce Totals":null,"Cory Totals":null,"JB Totals":null,"Ethan Totals":null,"Jaime Totals":null,"Nate Totals":null,"Evan Totals":null,"Brandon Totals":null},{"Week":"54","Date":"08/29/2025","Mitch Bet Amount":null,"Mitch Win/Lose/Push":null,"Mitch":null,"Phil Bet Amount":null,"Phil Win/Lose/Push":null,"Phil":null,"Bryce Bet Amount":null,"Bryce Win/Lose/Push":null,"Bryce":null,"Cory Bet Amount":null,"Cory Win/Lose/Push":null,"Cory":null,"JB Bet Amount":null,"JB Win/Lose/Push":null,"JB":null,"Ethan Bet Amount":null,"Ethan Win/Lose/Push":null,"Ethan":null,"Jaime Bet Amount":null,"Jaime Win/Lose/Push":null,"Jaime":null,"Nathan Bet Amount":null,"Nathan Win/Lose/Push":null,"Nathan":null,"Evan Bet Amount":null,"Evan Win/Lose/Push":null,"Evan":null,"Brandon Bet Amount":null,"Brandon Win/Lose/Push":null,"Brandon":null,"Total Team Bet":null,"Legends Bet":null,"Leaders Bet":null,"To Win":null,"Payout":null,"TOTALS":null,"Mitch Totals":null,"Phil Totals":null,"Bryce Totals":null,"Cory Totals":null,"JB Totals":null,"Ethan Totals":null,"Jaime Totals":null,"Nate Totals":null,"Evan Totals":null,"Brandon Totals":null},{"Week":"55","Date":"09/05/2025","Mitch Bet Amount":null,"Mitch Win/Lose/Push":null,"Mitch":null,"Phil Bet Amount":null,"Phil Win/Lose/Push":null,"Phil":null,"Bryce Bet Amount":null,"Bryce Win/Lose/Push":null,"Bryce":null,"Cory Bet Amount":null,"Cory Win/Lose/Push":null,"Cory":null,"JB Bet Amount":null,"JB Win/Lose/Push":null,"JB":null,"Ethan Bet Amount":null,"Ethan Win/Lose/Push":null,"Ethan":null,"Jaime Bet Amount":null,"Jaime Win/Lose/Push":null,"Jaime":null,"Nathan Bet Amount":null,"Nathan Win/Lose/Push":null,"Nathan":null,"Evan Bet Amount":null,"Evan Win/Lose/Push":null,"Evan":null,"Brandon Bet Amount":null,"Brandon Win/Lose/Push":null,"Brandon":null,"Total Team Bet":null,"Legends Bet":null,"Leaders Bet":null,"To Win":null,"Payout":null,"TOTALS":null,"Mitch Totals":null,"Phil Totals":null,"Bryce Totals":null,"Cory Totals":null,"JB Totals":null,"Ethan Totals":null,"Jaime Totals":null,"Nate Totals":null,"Evan Totals":null,"Brandon Totals":null},{"Week":"56","Date":"09/12/2025","Mitch Bet Amount":null,"Mitch Win/Lose/Push":null,"Mitch":null,"Phil Bet Amount":null,"Phil Win/Lose/Push":null,"Phil":null,"Bryce Bet Amount":null,"Bryce Win/Lose/Push":null,"Bryce":null,"Cory Bet Amount":null,"Cory Win/Lose/Push":null,"Cory":null,"JB Bet Amount":null,"JB Win/Lose/Push":null,"JB":null,"Ethan Bet Amount":null,"Ethan Win/Lose/Push":null,"Ethan":null,"Jaime Bet Amount":null,"Jaime Win/Lose/Push":null,"Jaime":null,"Nathan Bet Amount":null,"Nathan Win/Lose/Push":null,"Nathan":null,"Evan Bet Amount":null,"Evan Win/Lose/Push":null,"Evan":null,"Brandon Bet Amount":null,"Brandon Win/Lose/Push":null,"Brandon":null,"Total Team Bet":null,"Legends Bet":null,"Leaders Bet":null,"To Win":null,"Payout":null,"TOTALS":null,"Mitch Totals":null,"Phil Totals":null,"Bryce Totals":null,"Cory Totals":null,"JB Totals":null,"Ethan Totals":null,"Jaime Totals":null,"Nate Totals":null,"Evan Totals":null,"Brandon Totals":null},{"Week":"57","Date":"09/19/2025","Mitch Bet Amount":null,"Mitch Win/Lose/Push":null,"Mitch":null,"Phil Bet Amount":null,"Phil Win/Lose/Push":null,"Phil":null,"Bryce Bet Amount":null,"Bryce Win/Lose/Push":null,"Bryce":null,"Cory Bet Amount":null,"Cory Win/Lose/Push":null,"Cory":null,"JB Bet Amount":null,"JB Win/Lose/Push":null,"JB":null,"Ethan Bet Amount":null,"Ethan Win/Lose/Push":null,"Ethan":null,"Jaime Bet Amount":null,"Jaime Win/Lose/Push":null,"Jaime":null,"Nathan Bet Amount":null,"Nathan Win/Lose/Push":null,"Nathan":null,"Evan Bet Amount":null,"Evan Win/Lose/Push":null,"Evan":null,"Brandon Bet Amount":null,"Brandon Win/Lose/Push":null,"Brandon":null,"Total Team Bet":null,"Legends Bet":null,"Leaders Bet":null,"To Win":null,"Payout":null,"TOTALS":null,"Mitch Totals":null,"Phil Totals":null,"Bryce Totals":null,"Cory Totals":null,"JB Totals":null,"Ethan Totals":null,"Jaime Totals":null,"Nate Totals":null,"Evan Totals":null,"Brandon Totals":null},{"Week":"58","Date":"09/26/2025","Mitch Bet Amount":null,"Mitch Win/Lose/Push":null,"Mitch":null,"Phil Bet Amount":null,"Phil Win/Lose/Push":null,"Phil":null,"Bryce Bet Amount":null,"Bryce Win/Lose/Push":null,"Bryce":null,"Cory Bet Amount":null,"Cory Win/Lose/Push":null,"Cory":null,"JB Bet Amount":null,"JB Win/Lose/Push":null,"JB":null,"Ethan Bet Amount":null,"Ethan Win/Lose/Push":null,"Ethan":null,"Jaime Bet Amount":null,"Jaime Win/Lose/Push":null,"Jaime":null,"Nathan Bet Amount":null,"Nathan Win/Lose/Push":null,"Nathan":null,"Evan Bet Amount":null,"Evan Win/Lose/Push":null,"Evan":null,"Brandon Bet Amount":null,"Brandon Win/Lose/Push":null,"Brandon":null,"Total Team Bet":null,"Legends Bet":null,"Leaders Bet":null,"To Win":null,"Payout":null,"TOTALS":null,"Mitch Totals":null,"Phil Totals":null,"Bryce Totals":null,"Cory Totals":null,"JB Totals":null,"Ethan Totals":null,"Jaime Totals":null,"Nate Totals":null,"Evan Totals":null,"Brandon Totals":null},{"Week":"59","Date":"10/03/2025","Mitch Bet Amount":null,"Mitch Win/Lose/Push":null,"Mitch":null,"Phil Bet Amount":null,"Phil Win/Lose/Push":null,"Phil":null,"Bryce Bet Amount":null,"Bryce Win/Lose/Push":null,"Bryce":null,"Cory Bet Amount":null,"Cory Win/Lose/Push":null,"Cory":null,"JB Bet Amount":null,"JB Win/Lose/Push":null,"JB":null,"Ethan Bet Amount":null,"Ethan Win/Lose/Push":null,"Ethan":null,"Jaime Bet Amount":null,"Jaime Win/Lose/Push":null,"Jaime":null,"Nathan Bet Amount":null,"Nathan Win/Lose/Push":null,"Nathan":null,"Evan Bet Amount":null,"Evan Win/Lose/Push":null,"Evan":null,"Brandon Bet Amount":null,"Brandon Win/Lose/Push":null,"Brandon":null,"Total Team Bet":null,"Legends Bet":null,"Leaders Bet":null,"To Win":null,"Payout":null,"TOTALS":null,"Mitch Totals":null,"Phil Totals":null,"Bryce Totals":null,"Cory Totals":null,"JB Totals":null,"Ethan Totals":null,"Jaime Totals":null,"Nate Totals":null,"Evan Totals":null,"Brandon Totals":null},{"Week":"60","Date":"10/10/2025","Mitch Bet Amount":null,"Mitch Win/Lose/Push":null,"Mitch":null,"Phil Bet Amount":null,"Phil Win/Lose/Push":null,"Phil":null,"Bryce Bet Amount":null,"Bryce Win/Lose/Push":null,"Bryce":null,"Cory Bet Amount":null,"Cory Win/Lose/Push":null,"Cory":null,"JB Bet Amount":null,"JB Win/Lose/Push":null,"JB":null,"Ethan Bet Amount":null,"Ethan Win/Lose/Push":null,"Ethan":null,"Jaime Bet Amount":null,"Jaime Win/Lose/Push":null,"Jaime":null,"Nathan Bet Amount":null,"Nathan Win/Lose/Push":null,"Nathan":null,"Evan Bet Amount":null,"Evan Win/Lose/Push":null,"Evan":null,"Brandon Bet Amount":null,"Brandon Win/Lose/Push":null,"Brandon":null,"Total Team Bet":null,"Legends Bet":null,"Leaders Bet":null,"To Win":null,"Payout":null,"TOTALS":null,"Mitch Totals":null,"Phil Totals":null,"Bryce Totals":null,"Cory Totals":null,"JB Totals":null,"Ethan Totals":null,"Jaime Totals":null,"Nate Totals":null,"Evan Totals":null,"Brandon Totals":null},{"Week":"61","Date":"10/17/2025","Mitch Bet Amount":null,"Mitch Win/Lose/Push":null,"Mitch":null,"Phil Bet Amount":null,"Phil Win/Lose/Push":null,"Phil":null,"Bryce Bet Amount":null,"Bryce Win/Lose/Push":null,"Bryce":null,"Cory Bet Amount":null,"Cory Win/Lose/Push":null,"Cory":null,"JB Bet Amount":null,"JB Win/Lose/Push":null,"JB":null,"Ethan Bet Amount":null,"Ethan Win/Lose/Push":null,"Ethan":null,"Jaime Bet Amount":null,"Jaime Win/Lose/Push":null,"Jaime":null,"Nathan Bet Amount":null,"Nathan Win/Lose/Push":null,"Nathan":null,"Evan Bet Amount":null,"Evan Win/Lose/Push":null,"Evan":null,"Brandon Bet Amount":null,"Brandon Win/Lose/Push":null,"Brandon":null,"Total Team Bet":null,"Legends Bet":null,"Leaders Bet":null,"To Win":null,"Payout":null,"TOTALS":null,"Mitch Totals":null,"Phil Totals":null,"Bryce Totals":null,"Cory Totals":null,"JB Totals":null,"Ethan Totals":null,"Jaime Totals":null,"Nate Totals":null,"Evan Totals":null,"Brandon Totals":null},{"Week":"62","Date":"10/24/2025","Mitch Bet Amount":null,"Mitch Win/Lose/Push":null,"Mitch":null,"Phil Bet Amount":null,"Phil Win/Lose/Push":null,"Phil":null,"Bryce Bet Amount":null,"Bryce Win/Lose/Push":null,"Bryce":null,"Cory Bet Amount":null,"Cory Win/Lose/Push":null,"Cory":null,"JB Bet Amount":null,"JB Win/Lose/Push":null,"JB":null,"Ethan Bet Amount":null,"Ethan Win/Lose/Push":null,"Ethan":null,"Jaime Bet Amount":null,"Jaime Win/Lose/Push":null,"Jaime":null,"Nathan Bet Amount":null,"Nathan Win/Lose/Push":null,"Nathan":null,"Evan Bet Amount":null,"Evan Win/Lose/Push":null,"Evan":null,"Brandon Bet Amount":null,"Brandon Win/Lose/Push":null,"Brandon":null,"Total Team Bet":null,"Legends Bet":null,"Leaders Bet":null,"To Win":null,"Payout":null,"TOTALS":null,"Mitch Totals":null,"Phil Totals":null,"Bryce Totals":null,"Cory Totals":null,"JB Totals":null,"Ethan Totals":null,"Jaime Totals":null,"Nate Totals":null,"Evan Totals":null,"Brandon Totals":null},{"Week":"63","Date":"10/31/2025","Mitch Bet Amount":null,"Mitch Win/Lose/Push":null,"Mitch":null,"Phil Bet Amount":null,"Phil Win/Lose/Push":null,"Phil":null,"Bryce Bet Amount":null,"Bryce Win/Lose/Push":null,"Bryce":null,"Cory Bet Amount":null,"Cory Win/Lose/Push":null,"Cory":null,"JB Bet Amount":null,"JB Win/Lose/Push":null,"JB":null,"Ethan Bet Amount":null,"Ethan Win/Lose/Push":null,"Ethan":null,"Jaime Bet Amount":null,"Jaime Win/Lose/Push":null,"Jaime":null,"Nathan Bet Amount":null,"Nathan Win/Lose/Push":null,"Nathan":null,"Evan Bet Amount":null,"Evan Win/Lose/Push":null,"Evan":null,"Brandon Bet Amount":null,"Brandon Win/Lose/Push":null,"Brandon":null,"Total Team Bet":null,"Legends Bet":null,"Leaders Bet":null,"To Win":null,"Payout":null,"TOTALS":null,"Mitch Totals":null,"Phil Totals":null,"Bryce Totals":null,"Cory Totals":null,"JB Totals":null,"Ethan Totals":null,"Jaime Totals":null,"Nate Totals":null,"Evan Totals":null,"Brandon Totals":null},{"Week":"64","Date":"11/07/2025","Mitch Bet Amount":null,"Mitch Win/Lose/Push":null,"Mitch":null,"Phil Bet Amount":null,"Phil Win/Lose/Push":null,"Phil":null,"Bryce Bet Amount":null,"Bryce Win/Lose/Push":null,"Bryce":null,"Cory Bet Amount":null,"Cory Win/Lose/Push":null,"Cory":null,"JB Bet Amount":null,"JB Win/Lose/Push":null,"JB":null,"Ethan Bet Amount":null,"Ethan Win/Lose/Push":null,"Ethan":null,"Jaime Bet Amount":null,"Jaime Win/Lose/Push":null,"Jaime":null,"Nathan Bet Amount":null,"Nathan Win/Lose/Push":null,"Nathan":null,"Evan Bet Amount":null,"Evan Win/Lose/Push":null,"Evan":null,"Brandon Bet Amount":null,"Brandon Win/Lose/Push":null,"Brandon":null,"Total Team Bet":null,"Legends Bet":null,"Leaders Bet":null,"To Win":null,"Payout":null,"TOTALS":null,"Mitch Totals":null,"Phil Totals":null,"Bryce Totals":null,"Cory Totals":null,"JB Totals":null,"Ethan Totals":null,"Jaime Totals":null,"Nate Totals":null,"Evan Totals":null,"Brandon Totals":null},{"Week":"65","Date":"11/14/2025","Mitch Bet Amount":null,"Mitch Win/Lose/Push":null,"Mitch":null,"Phil Bet Amount":null,"Phil Win/Lose/Push":null,"Phil":null,"Bryce Bet Amount":null,"Bryce Win/Lose/Push":null,"Bryce":null,"Cory Bet Amount":null,"Cory Win/Lose/Push":null,"Cory":null,"JB Bet Amount":null,"JB Win/Lose/Push":null,"JB":null,"Ethan Bet Amount":null,"Ethan Win/Lose/Push":null,"Ethan":null,"Jaime Bet Amount":null,"Jaime Win/Lose/Push":null,"Jaime":null,"Nathan Bet Amount":null,"Nathan Win/Lose/Push":null,"Nathan":null,"Evan Bet Amount":null,"Evan Win/Lose/Push":null,"Evan":null,"Brandon Bet Amount":null,"Brandon Win/Lose/Push":null,"Brandon":null,"Total Team Bet":null,"Legends Bet":null,"Leaders Bet":null,"To Win":null,"Payout":null,"TOTALS":null,"Mitch Totals":null,"Phil Totals":null,"Bryce Totals":null,"Cory Totals":null,"JB Totals":null,"Ethan Totals":null,"Jaime Totals":null,"Nate Totals":null,"Evan Totals":null,"Brandon Totals":null},{"Week":"66","Date":"11/21/2025","Mitch Bet Amount":null,"Mitch Win/Lose/Push":null,"Mitch":null,"Phil Bet Amount":null,"Phil Win/Lose/Push":null,"Phil":null,"Bryce Bet Amount":null,"Bryce Win/Lose/Push":null,"Bryce":null,"Cory Bet Amount":null,"Cory Win/Lose/Push":null,"Cory":null,"JB Bet Amount":null,"JB Win/Lose/Push":null,"JB":null,"Ethan Bet Amount":null,"Ethan Win/Lose/Push":null,"Ethan":null,"Jaime Bet Amount":null,"Jaime Win/Lose/Push":null,"Jaime":null,"Nathan Bet Amount":null,"Nathan Win/Lose/Push":null,"Nathan":null,"Evan Bet Amount":null,"Evan Win/Lose/Push":null,"Evan":null,"Brandon Bet Amount":null,"Brandon Win/Lose/Push":null,"Brandon":null,"Total Team Bet":null,"Legends Bet":null,"Leaders Bet":null,"To Win":null,"Payout":null,"TOTALS":null,"Mitch Totals":null,"Phil Totals":null,"Bryce Totals":null,"Cory Totals":null,"JB Totals":null,"Ethan Totals":null,"Jaime Totals":null,"Nate Totals":null,"Evan Totals":null,"Brandon Totals":null},{"Week":"67","Date":"11/28/2025","Mitch Bet Amount":null,"Mitch Win/Lose/Push":null,"Mitch":null,"Phil Bet Amount":null,"Phil Win/Lose/Push":null,"Phil":null,"Bryce Bet Amount":null,"Bryce Win/Lose/Push":null,"Bryce":null,"Cory Bet Amount":null,"Cory Win/Lose/Push":null,"Cory":null,"JB Bet Amount":null,"JB Win/Lose/Push":null,"JB":null,"Ethan Bet Amount":null,"Ethan Win/Lose/Push":null,"Ethan":null,"Jaime Bet Amount":null,"Jaime Win/Lose/Push":null,"Jaime":null,"Nathan Bet Amount":null,"Nathan Win/Lose/Push":null,"Nathan":null,"Evan Bet Amount":null,"Evan Win/Lose/Push":null,"Evan":null,"Brandon Bet Amount":null,"Brandon Win/Lose/Push":null,"Brandon":null,"Total Team Bet":null,"Legends Bet":null,"Leaders Bet":null,"To Win":null,"Payout":null,"TOTALS":null,"Mitch Totals":null,"Phil Totals":null,"Bryce Totals":null,"Cory Totals":null,"JB Totals":null,"Ethan Totals":null,"Jaime Totals":null,"Nate Totals":null,"Evan Totals":null,"Brandon Totals":null},{"Week":"68","Date":"12/05/2025","Mitch Bet Amount":null,"Mitch Win/Lose/Push":null,"Mitch":null,"Phil Bet Amount":null,"Phil Win/Lose/Push":null,"Phil":null,"Bryce Bet Amount":null,"Bryce Win/Lose/Push":null,"Bryce":null,"Cory Bet Amount":null,"Cory Win/Lose/Push":null,"Cory":null,"JB Bet Amount":null,"JB Win/Lose/Push":null,"JB":null,"Ethan Bet Amount":null,"Ethan Win/Lose/Push":null,"Ethan":null,"Jaime Bet Amount":null,"Jaime Win/Lose/Push":null,"Jaime":null,"Nathan Bet Amount":null,"Nathan Win/Lose/Push":null,"Nathan":null,"Evan Bet Amount":null,"Evan Win/Lose/Push":null,"Evan":null,"Brandon Bet Amount":null,"Brandon Win/Lose/Push":null,"Brandon":null,"Total Team Bet":null,"Legends Bet":null,"Leaders Bet":null,"To Win":null,"Payout":null,"TOTALS":null,"Mitch Totals":null,"Phil Totals":null,"Bryce Totals":null,"Cory Totals":null,"JB Totals":null,"Ethan Totals":null,"Jaime Totals":null,"Nate Totals":null,"Evan Totals":null,"Brandon Totals":null},{"Week":"69","Date":"12/12/2025","Mitch Bet Amount":null,"Mitch Win/Lose/Push":null,"Mitch":null,"Phil Bet Amount":null,"Phil Win/Lose/Push":null,"Phil":null,"Bryce Bet Amount":null,"Bryce Win/Lose/Push":null,"Bryce":null,"Cory Bet Amount":null,"Cory Win/Lose/Push":null,"Cory":null,"JB Bet Amount":null,"JB Win/Lose/Push":null,"JB":null,"Ethan Bet Amount":null,"Ethan Win/Lose/Push":null,"Ethan":null,"Jaime Bet Amount":null,"Jaime Win/Lose/Push":null,"Jaime":null,"Nathan Bet Amount":null,"Nathan Win/Lose/Push":null,"Nathan":null,"Evan Bet Amount":null,"Evan Win/Lose/Push":null,"Evan":null,"Brandon Bet Amount":null,"Brandon Win/Lose/Push":null,"Brandon":null,"Total Team Bet":null,"Legends Bet":null,"Leaders Bet":null,"To Win":null,"Payout":null,"TOTALS":null,"Mitch Totals":null,"Phil Totals":null,"Bryce Totals":null,"Cory Totals":null,"JB Totals":null,"Ethan Totals":null,"Jaime Totals":null,"Nate Totals":null,"Evan Totals":null,"Brandon Totals":null},{"Week":"70","Date":"12/19/2025","Mitch Bet Amount":null,"Mitch Win/Lose/Push":null,"Mitch":null,"Phil Bet Amount":null,"Phil Win/Lose/Push":null,"Phil":null,"Bryce Bet Amount":null,"Bryce Win/Lose/Push":null,"Bryce":null,"Cory Bet Amount":null,"Cory Win/Lose/Push":null,"Cory":null,"JB Bet Amount":null,"JB Win/Lose/Push":null,"JB":null,"Ethan Bet Amount":null,"Ethan Win/Lose/Push":null,"Ethan":null,"Jaime Bet Amount":null,"Jaime Win/Lose/Push":null,"Jaime":null,"Nathan Bet Amount":null,"Nathan Win/Lose/Push":null,"Nathan":null,"Evan Bet Amount":null,"Evan Win/Lose/Push":null,"Evan":null,"Brandon Bet Amount":null,"Brandon Win/Lose/Push":null,"Brandon":null,"Total Team Bet":null,"Legends Bet":null,"Leaders Bet":null,"To Win":null,"Payout":null,"TOTALS":null,"Mitch Totals":null,"Phil Totals":null,"Bryce Totals":null,"Cory Totals":null,"JB Totals":null,"Ethan Totals":null,"Jaime Totals":null,"Nate Totals":null,"Evan Totals":null,"Brandon Totals":null},{"Week":"71","Date":"12/26/2025","Mitch Bet Amount":null,"Mitch Win/Lose/Push":null,"Mitch":null,"Phil Bet Amount":null,"Phil Win/Lose/Push":null,"Phil":null,"Bryce Bet Amount":null,"Bryce Win/Lose/Push":null,"Bryce":null,"Cory Bet Amount":null,"Cory Win/Lose/Push":null,"Cory":null,"JB Bet Amount":null,"JB Win/Lose/Push":null,"JB":null,"Ethan Bet Amount":null,"Ethan Win/Lose/Push":null,"Ethan":null,"Jaime Bet Amount":null,"Jaime Win/Lose/Push":null,"Jaime":null,"Nathan Bet Amount":null,"Nathan Win/Lose/Push":null,"Nathan":null,"Evan Bet Amount":null,"Evan Win/Lose/Push":null,"Evan":null,"Brandon Bet Amount":null,"Brandon Win/Lose/Push":null,"Brandon":null,"Total Team Bet":null,"Legends Bet":null,"Leaders Bet":null,"To Win":null,"Payout":null,"TOTALS":null,"Mitch Totals":null,"Phil Totals":null,"Bryce Totals":null,"Cory Totals":null,"JB Totals":null,"Ethan Totals":null,"Jaime Totals":null,"Nate Totals":null,"Evan Totals":null,"Brandon Totals":null},{"Week":"72","Date":"01/02/2026","Mitch Bet Amount":null,"Mitch Win/Lose/Push":null,"Mitch":null,"Phil Bet Amount":null,"Phil Win/Lose/Push":null,"Phil":null,"Bryce Bet Amount":null,"Bryce Win/Lose/Push":null,"Bryce":null,"Cory Bet Amount":null,"Cory Win/Lose/Push":null,"Cory":null,"JB Bet Amount":null,"JB Win/Lose/Push":null,"JB":null,"Ethan Bet Amount":null,"Ethan Win/Lose/Push":null,"Ethan":null,"Jaime Bet Amount":null,"Jaime Win/Lose/Push":null,"Jaime":null,"Nathan Bet Amount":null,"Nathan Win/Lose/Push":null,"Nathan":null,"Evan Bet Amount":null,"Evan Win/Lose/Push":null,"Evan":null,"Brandon Bet Amount":null,"Brandon Win/Lose/Push":null,"Brandon":null,"Total Team Bet":null,"Legends Bet":null,"Leaders Bet":null,"To Win":null,"Payout":null,"TOTALS":null,"Mitch Totals":null,"Phil Totals":null,"Bryce Totals":null,"Cory Totals":null,"JB Totals":null,"Ethan Totals":null,"Jaime Totals":null,"Nate Totals":null,"Evan Totals":null,"Brandon Totals":null},{"Week":"73","Date":"01/09/2026","Mitch Bet Amount":null,"Mitch Win/Lose/Push":null,"Mitch":null,"Phil Bet Amount":null,"Phil Win/Lose/Push":null,"Phil":null,"Bryce Bet Amount":null,"Bryce Win/Lose/Push":null,"Bryce":null,"Cory Bet Amount":null,"Cory Win/Lose/Push":null,"Cory":null,"JB Bet Amount":null,"JB Win/Lose/Push":null,"JB":null,"Ethan Bet Amount":null,"Ethan Win/Lose/Push":null,"Ethan":null,"Jaime Bet Amount":null,"Jaime Win/Lose/Push":null,"Jaime":null,"Nathan Bet Amount":null,"Nathan Win/Lose/Push":null,"Nathan":null,"Evan Bet Amount":null,"Evan Win/Lose/Push":null,"Evan":null,"Brandon Bet Amount":null,"Brandon Win/Lose/Push":null,"Brandon":null,"Total Team Bet":null,"Legends Bet":null,"Leaders Bet":null,"To Win":null,"Payout":null,"TOTALS":null,"Mitch Totals":null,"Phil Totals":null,"Bryce Totals":null,"Cory Totals":null,"JB Totals":null,"Ethan Totals":null,"Jaime Totals":null,"Nate Totals":null,"Evan Totals":null,"Brandon Totals":null}]
3:31:44 AM [express] GET /api/data 304 in 3ms :: [{"Week":"1","Date":"8/22/2025","Mitch Bet Amount":"$10","Mitch Win/Lose/Push":"Win","Mitch":"Kansas -14 (legends)","Mitch Resolved":"Fresno State University @ University of Kansas (University of Kansas -14)","Phil Bet Amount":"$25","Phil Win/Lose/Push":"Loss","Phil":"JB (legends)","Phil Resolved":"Tail JB","Bryce Bet Amount":"$5","Bryce Win/Lose/Push":"Loss","Bryce":"Stanford? +2.5 (legends)","Bryce Resolved":"Stanford University (Stanford University +2.5)","Cory Bet Amount":"$25","Cory Win/Lose/Push":"Win","Cory":"Rutgers over 47 (leaders)","Cory Resolved":"Rutgers University (Over 47)","JB Bet Amount":"$5","JB Win/Lose/Push":"Loss","JB":"kansas st over 52 (legends)","JB Resolved":"Fresno State University @ University of Kansas (University of Kansas -14)","Ethan Bet Amount":"$20","Ethan Win/Lose/Push":"Win","Ethan":"Mitch (legends)","Ethan Resolved":"Tail Mitch","Jaime Bet Amount":"$10","Jaime Win/Lose/Push":"Loss","Jaime":"UCF/Jax St Over 52.5 (legends)","Jaime Resolved":"Rutgers University (Over 47)","Nathan Bet Amount":"$5","Nathan Win/Lose/Push":"Loss","Nathan":"Universitario -0.5 (leaders)","Nathan Resolved":"Universitario (Universitario -0.5)","Evan Bet Amount":"$5","Evan Win/Lose/Push":"Loss","Evan":"Kansas State -3 (leaders)","Evan Resolved":"Fresno State University @ University of Kansas (University of Kansas -14)","Brandon Bet Amount":"$5","Brandon Win/Lose/Push":"Loss","Brandon":"KU/Fresno o50 (leaders)","Brandon Resolved":"University of Kansas @ Fresno State University (Over 50)","":"","Total Team Bet":"$115.00","Legends Bet":"$75.00","Leaders Bet":"$40.00","To Win":"","Payout":"","TOTALS":"Total Bet","Mitch Totals":"$205.00","Phil Totals":"$215.00","Bryce Totals":"$85.00","Cory Totals":"$105.00","JB Totals":"$135.00","Ethan Totals":"$130.00","Jaime Totals":"$140.00","Nate Totals":"$110.00","Evan Totals":"$135.00","Brandon Totals":"$110.00"},{"Week":"2","Date":"8/29/2025","Mitch Bet Amount":"$5","Mitch Win/Lose/Push":"Loss","Mitch":"Alabama -13.5 (legends)","Mitch Resolved":"University of Texas @ University of Alabama (University of Alabama -13.5)","Phil Bet Amount":"$25","Phil Win/Lose/Push":"Loss","Phil":"Mitch (legends)","Phil Resolved":"Tail Mitch","Bryce Bet Amount":"$10","Bryce Win/Lose/Push":"Win","Bryce":"Ohio st (legends)","Bryce Resolved":"Ohio State University (Ohio State University)","Cory Bet Amount":"$5","Cory Win/Lose/Push":"Win","Cory":"Maryland under  (leaders)","Cory Resolved":"University of Maryland (Under)","JB Bet Amount":"$10","JB Win/Lose/Push":"Loss","JB":"penn st under (legends)","JB Resolved":"University of Maryland (Under)","Ethan Bet Amount":"$5","Ethan Win/Lose/Push":"Win","Ethan":"Iowa under 50.5 (legends)","Ethan Resolved":"University of Maryland (Under)","Jaime Bet Amount":"$15","Jaime Win/Lose/Push":"Win","Jaime":"Tennessee -13.5 (legends)","Jaime Resolved":"University of Texas @ University of Alabama (University of Alabama -13.5)","Nathan Bet Amount":"$10","Nathan Win/Lose/Push":"Win","Nathan":"Padres -1.5 (leaders)","Nathan Resolved":"San Diego Padres (San Diego Padres -1.5)","Evan Bet Amount":"$10","Evan Win/Lose/Push":"Loss","Evan":"Texas +1.5 (leaders)","Evan Resolved":"University of Texas @ University of Alabama (University of Alabama -13.5)","Brandon Bet Amount":"$10","Brandon Win/Lose/Push":"Loss","Brandon":"Sinner -8.5 (leaders)","Brandon Resolved":"Jannik Sinner (Jannik Sinner -8.5)","":"","Total Team Bet":"$105.00","Legends Bet":"$70.00","Leaders Bet":"$35.00","To Win":"","Payout":"","TOTALS":"Total Wins","Mitch Totals":"4","Phil Totals":"5","Bryce Totals":"11","Cory Totals":"10","JB Totals":"6","Ethan Totals":"9","Jaime Totals":"7","Nate Totals":"8","Evan Totals":"7","Brandon Totals":"8"},{"Week":"3","Date":"9/5/2025","Mitch Bet Amount":"$10","Mitch Win/Lose/Push":"Loss","Mitch":"Ole Miss 1H (legends)","Mitch Resolved":"North Carolina State @ University of Mississippi (University of Mississippi -7, 1st Half)","Phil Bet Amount":"$25","Phil Win/Lose/Push":"Loss","Phil":"Ethan (legends)","Phil Resolved":"Tail Ethan","Bryce Bet Amount":"$5","Bryce Win/Lose/Push":"Win","Bryce":"Vikes","Bryce Resolved":"Minnesota Vikings (Minnesota Vikings)","Cory Bet Amount":"$5","Cory Win/Lose/Push":"Win","Cory":"MSU over (leaders)","Cory Resolved":"Michigan State University (Over)","JB Bet Amount":"$15","JB Win/Lose/Push":"Loss","JB":"Navy  (legends)","JB Resolved":"United States Naval Academy (United States Naval Academy)","Ethan Bet Amount":"$5","Ethan Win/Lose/Push":"Loss","Ethan":"USF vs Florida over (legends)","Ethan Resolved":"Michigan State University (Over)","Jaime Bet Amount":"$5","Jaime Win/Lose/Push":"Win","Jaime":"Illinois -2.5 (legends)","Jaime Resolved":"University of Illinois (University of Illinois -2.5)","Nathan Bet Amount":"$5","Nathan Win/Lose/Push":"Win","Nathan":"(NFL) Arizona -6.5 (leaders)","Nathan Resolved":"Arizona Cardinals (Arizona Cardinals -6.5)","Evan Bet Amount":"$15","Evan Win/Lose/Push":"Loss","Evan":"Iowa/ Iowa St over 43 (leaders)","Evan Resolved":"Michigan State University (Over)","Brandon Bet Amount":"$15","Brandon Win/Lose/Push":"Push","Brandon":"W US Open o22 games (leaders)","Brandon Resolved":"US Open (Over 22 Games)","":"","Total Team Bet":"$105.00","Legends Bet":"$60.00","Leaders Bet":"$40.00","To Win":"","Payout":"","TOTALS":"Total Losses","Mitch Totals":"10","Phil Totals":"7","Bryce Totals":"3","Cory Totals":"2","JB Totals":"8","Ethan Totals":"5","Jaime Totals":"7","Nate Totals":"6","Evan Totals":"6","Brandon Totals":"4"},{"Week":"4","Date":"9/12/25","Mitch Bet Amount":"$15","Mitch Win/Lose/Push":"Loss","Mitch":"Steelers (legends)","Mitch Resolved":"Cincinnati Bengals @ Pittsburgh Steelers (Pittsburgh Steelers)","Phil Bet Amount":"$25","Phil Win/Lose/Push":"Win","Phil":"Ethan (legends)","Phil Resolved":"Tail Ethan","Bryce Bet Amount":"$5","Bryce Win/Lose/Push":"Win","Bryce":"Texas A&M (legends)","Bryce Resolved":"Texas A&M University (Texas A&M University)","Cory Bet Amount":"$5","Cory Win/Lose/Push":"Win","Cory":"Eagles (leaders)","Cory Resolved":"Philadelphia Eagles (Philadelphia Eagles)","JB Bet Amount":"$20","JB Win/Lose/Push":"Win","JB":"Nate (legends)","JB Resolved":"Tail Nathan","Ethan Bet Amount":"$10","Ethan Win/Lose/Push":"Win","Ethan":"Texas tech -23 (legends)","Ethan Resolved":"Texas A&M University (Texas A&M University)","Jaime Bet Amount":"$5","Jaime Win/Lose/Push":"Loss","Jaime":"Oregon -26.5 (legends)","Jaime Resolved":"University of Oregon (University of Oregon -26.5)","Nathan Bet Amount":"$5","Nathan Win/Lose/Push":"Win","Nathan":"Rams -5.5 (leaders) ","Nathan Resolved":"Los Angeles Rams (Los Angeles Rams -5.5)","Evan Bet Amount":"$20","Evan Win/Lose/Push":"Push","Evan":"Georgia -3.5 (leaders) ","Evan Resolved":"University of Georgia (University of Georgia -3.5)","Brandon Bet Amount":"$15","Brandon Win/Lose/Push":"Win","Brandon":"Man City -0.75 (leaders) ","Brandon Resolved":"Manchester City (Manchester City -0.75)","":"","Total Team Bet":"$125.00","Legends Bet":"$80.00","Leaders Bet":"$45.00","To Win":"","Payout":"$325.00","TOTALS":"Total Pushes","Mitch Totals":"0","Phil Totals":"2","Bryce Totals":"0","Cory Totals":"2","JB Totals":"0","Ethan Totals":"0","Jaime Totals":"0","Nate Totals":"0","Evan Totals":"1","Brandon Totals":"2"},{"Week":"5","Date":"9/19/25","Mitch Bet Amount":"$20","Mitch Win/Lose/Push":"Loss","Mitch":"JB (legends)","Mitch Resolved":"Tail JB","Phil Bet Amount":"$5","Phil Win/Lose/Push":"Loss","Phil":"Fresno (leaders)","Phil Resolved":"Fresno State University (Fresno State University)","Bryce Bet Amount":"$5","Bryce Win/Lose/Push":"Win","Bryce":"South Carolina (legends)","Bryce Resolved":"University of South Carolina (University of South Carolina)","Cory Bet Amount":"$5","Cory Win/Lose/Push":"Win","Cory":"Indiana (legends)","Cory Resolved":"Indiana University (Indiana University)","JB Bet Amount":"$5","JB Win/Lose/Push":"Loss","JB":"ATL Falcons (legends)","JB Resolved":"Atlanta Falcons (Atlanta Falcons)","Ethan Bet Amount":"$5","Ethan Win/Lose/Push":"Loss","Ethan":"Texans (legends)","Ethan Resolved":"Houston Texans (Houston Texans)","Jaime Bet Amount":"$10","Jaime Win/Lose/Push":"Loss","Jaime":"Packers -7.5 (legends) ","Jaime Resolved":"Green Bay Packers (Green Bay Packers -7.5)","Nathan Bet Amount":"$5","Nathan Win/Lose/Push":"Loss","Nathan":"49ers -2.5 (leaders)","Nathan Resolved":"San Francisco 49ers (San Francisco 49ers -2.5)","Evan Bet Amount":"$20","Evan Win/Lose/Push":"Win","Evan":"Florida/Miami Under 50.5 (leaders)","Evan Resolved":"University of Florida @ University of Miami (Under 50.5)","Brandon Bet Amount":"$5","Brandon Win/Lose/Push":"Loss","Brandon":"Nebraska +1 (leaders)","Brandon Resolved":"University of Nebraska (University of Nebraska +1)","":"","Total Team Bet":"$85.00","Legends Bet":"$50.00","Leaders Bet":"$35.00","To Win":"","Payout":"","TOTALS":"Win Percentage","Mitch Totals":"28.57%","Phil Totals":"41.67%","Bryce Totals":"78.57%","Cory Totals":"83.33%","JB Totals":"42.86%","Ethan Totals":"64.29%","Jaime Totals":"50.00%","Nate Totals":"57.14%","Evan Totals":"53.85%","Brandon Totals":"66.67%"},{"Week":"6","Date":"9/26/25","Mitch Bet Amount":"$25","Mitch Win/Lose/Push":"Loss","Mitch":"Ethan (legends) ","Mitch Resolved":"Tail Ethan","Phil Bet Amount":"$10","Phil Win/Lose/Push":"Loss","Phil":"Alabama/Georgia over (leaders) ","Phil Resolved":"University of Alabama @ University of Georgia (Over)","Bryce Bet Amount":"$5","Bryce Win/Lose/Push":"Loss","Bryce":"Vikings (legends) ","Bryce Resolved":"Minnesota Vikings (Minnesota Vikings)","Cory Bet Amount":"$5","Cory Win/Lose/Push":"Win","Cory":"NW/UCLA under (legends) ","Cory Resolved":"Northwestern University @ University of California Los Angeles (Under)","JB Bet Amount":"$10","JB Win/Lose/Push":"Loss","JB":"San Fran 49ers (legends) ","JB Resolved":"San Francisco 49ers (San Francisco 49ers)","Ethan Bet Amount":"$10","Ethan Win/Lose/Push":"Loss","Ethan":"Georgia (legends) ","Ethan Resolved":"University of Alabama @ University of Georgia (Over)","Jaime Bet Amount":"$15","Jaime Win/Lose/Push":"Loss","Jaime":"PSU Under 53.5 (legends) ","Jaime Resolved":"Northwestern University @ University of California Los Angeles (Under)","Nathan Bet Amount":"$10","Nathan Win/Lose/Push":"Loss","Nathan":"Chargers -6.5 (leaders) ","Nathan Resolved":"Los Angeles Chargers (Los Angeles Chargers -6.5)","Evan Bet Amount":"$5","Evan Win/Lose/Push":"Win","Evan":"Colorado/BYU under 49.5 (leaders) ","Evan Resolved":"Northwestern University @ University of California Los Angeles (Under)","Brandon Bet Amount":"$10","Brandon Win/Lose/Push":"Win","Brandon":"(leaders) Iowa +8.5 ","Brandon Resolved":"University of Iowa (University of Iowa +8.5)","":"","Total Team Bet":"$105.00","Legends Bet":"$70.00","Leaders Bet":"$35.00","To Win":null,"Payout":null,"TOTALS":null,"Mitch Totals":null,"Phil Totals":null,"Bryce Totals":null,"Cory Totals":null,"JB Totals":null,"Ethan Totals":null,"Jaime Totals":null,"Nate Totals":null,"Evan Totals":null,"Brandon Totals":null},{"Week":"7","Date":"10/3/25","Mitch Bet Amount":"$25","Mitch Win/Lose/Push":"Loss","Mitch":"Miami/FSU over (leaders) ","Mitch Resolved":"University of Miami @ Florida State University (Over)","Phil Bet Amount":"$15","Phil Win/Lose/Push":"Loss","Phil":"Texas/Florida Under (leaders) ","Phil Resolved":"University of Texas @ University of Florida (Under)","Bryce Bet Amount":"$10","Bryce Win/Lose/Push":"Win","Bryce":"Vikings Again? (legends) ","Bryce Resolved":"Minnesota Vikings (Minnesota Vikings)","Cory Bet Amount":"$5","Cory Win/Lose/Push":"Win","Cory":"Lions if below 10.5 (legends) ","Cory Resolved":"Detroit Lions (if below 10.5)","JB Bet Amount":"$15","JB Win/Lose/Push":"Win","JB":"Illinois (leaders) ","JB Resolved":"University of Illinois (University of Illinois)","Ethan Bet Amount":"$15","Ethan Win/Lose/Push":"Loss","Ethan":"Cal (legends) ","Ethan Resolved":"University of California Berkeley (University of California Berkeley)","Jaime Bet Amount":"$20","Jaime Win/Lose/Push":"Win","Jaime":"Texas Tech -11.5 (leaders) ","Jaime Resolved":"University of Texas @ University of Florida (Under)","Nathan Bet Amount":"$15","Nathan Win/Lose/Push":"Win","Nathan":"Tail Cory (legends) ","Nathan Resolved":"Tail Cory (legends)","Evan Bet Amount":"$5","Evan Win/Lose/Push":"Loss","Evan":"Texas -5.5 (legends) ","Evan Resolved":"University of Texas @ University of Florida (Under)","Brandon Bet Amount":"$5","Brandon Win/Lose/Push":"Win","Brandon":"Wisconsin +17.5 (legends) ","Brandon Resolved":"University of Wisconsin (University of Wisconsin +17.5)","":"","Total Team Bet":"$130.00","Legends Bet":"$55.00","Leaders Bet":"$75.00","To Win":null,"Payout":null,"TOTALS":null,"Mitch Totals":null,"Phil Totals":null,"Bryce Totals":null,"Cory Totals":null,"JB Totals":null,"Ethan Totals":null,"Jaime Totals":null,"Nate Totals":null,"Evan Totals":null,"Brandon Totals":null},{"Week":"8","Date":"10/10/25","Mitch Bet Amount":"$25","Mitch Win/Lose/Push":"Loss","Mitch":"Oregon (quack quack quack) (leaders)  ","Mitch Resolved":"University of Washington @ University of Oregon (University of Oregon)","Phil Bet Amount":"$20","Phil Win/Lose/Push":"Push","Phil":"Minnesota (leaders)  ","Phil Resolved":"University of Minnesota (University of Minnesota)","Bryce Bet Amount":"$5","Bryce Win/Lose/Push":"Loss","Bryce":"Lions  (legends) ","Bryce Resolved":"Detroit Lions (Detroit Lions)","Cory Bet Amount":"$5","Cory Win/Lose/Push":"Push","Cory":"Bama (legends)  ","Cory Resolved":"University of Alabama (University of Alabama)","JB Bet Amount":"$5","JB Win/Lose/Push":"Loss","JB":"unlv (leaders)  ","JB Resolved":"University of Nevada Las Vegas (University of Nevada Las Vegas)","Ethan Bet Amount":"$20","Ethan Win/Lose/Push":"Win","Ethan":"Brandon (legends)  ","Ethan Resolved":"Tail Brandon","Jaime Bet Amount":"$5","Jaime Win/Lose/Push":"Win","Jaime":"Texas A&M -7.5 (legends)  ","Jaime Resolved":"Texas A&M University (Texas A&M University -7.5)","Nathan Bet Amount":"$5","Nathan Win/Lose/Push":"Loss","Nathan":"Bills -4.5 (legends) ","Nathan Resolved":"Buffalo Bills (Buffalo Bills -4.5)","Evan Bet Amount":"$10","Evan Win/Lose/Push":"Win","Evan":"Pitt +10 (leaders)  ","Evan Resolved":"University of Pittsburgh (University of Pittsburgh +10)","Brandon Bet Amount":"$5","Brandon Win/Lose/Push":"Win","Brandon":"USC -2.5 (legends)  ","Brandon Resolved":"University of Southern California (University of Southern California -2.5)","":"","Total Team Bet":"$105.00","Legends Bet":"$45.00","Leaders Bet":"$60.00","To Win":null,"Payout":null,"TOTALS":null,"Mitch Totals":null,"Phil Totals":null,"Bryce Totals":null,"Cory Totals":null,"JB Totals":null,"Ethan Totals":null,"Jaime Totals":null,"Nate Totals":null,"Evan Totals":null,"Brandon Totals":null},{"Week":"9","Date":"10/17/25","Mitch Bet Amount":"$25","Mitch Win/Lose/Push":"Win","Mitch":"Bryce (leaders)","Mitch Resolved":"Tail Bryce","Phil Bet Amount":"$20","Phil Win/Lose/Push":"Push","Phil":"Notre Dame (leaders) ","Phil Resolved":"University of Notre Dame (University of Notre Dame)","Bryce Bet Amount":"$10","Bryce Win/Lose/Push":"Win","Bryce":"Missouri -1 (buy the half point, still -120)😉 (legends) ","Bryce Resolved":"University of Missouri (University of Missouri -1)","Cory Bet Amount":"$5","Cory Win/Lose/Push":"Win","Cory":"Bears (legends) ","Cory Resolved":"Chicago Bears (Chicago Bears)","JB Bet Amount":"$10","JB Win/Lose/Push":"Loss","JB":"texas tech (leaders) ","JB Resolved":"Texas Tech University (Texas Tech University)","Ethan Bet Amount":"$5","Ethan Win/Lose/Push":"Loss","Ethan":"Nebraska (legends) ","Ethan Resolved":"University of Nebraska (University of Nebraska)","Jaime Bet Amount":"$5","Jaime Win/Lose/Push":"Win","Jaime":"Indiana Over 49.5 (legends) ","Jaime Resolved":"Indiana University (Over 49.5)","Nathan Bet Amount":"$10","Nathan Win/Lose/Push":"Win","Nathan":"Patriots -7 (legends) ","Nathan Resolved":"New England Patriots (New England Patriots -7)","Evan Bet Amount":"$5","Evan Win/Lose/Push":"Loss","Evan":"Texas Tech -7.5 (leaders) ","Evan Resolved":"Texas Tech University (Texas Tech University)","Brandon Bet Amount":"$5","Brandon Win/Lose/Push":"Loss","Brandon":"LSU +2.5 (legends) ","Brandon Resolved":"Louisiana State University (Louisiana State University +2.5)","":"","Total Team Bet":"$100.00","Legends Bet":"$40.00","Leaders Bet":"$60.00","To Win":null,"Payout":null,"TOTALS":null,"Mitch Totals":null,"Phil Totals":null,"Bryce Totals":null,"Cory Totals":null,"JB Totals":null,"Ethan Totals":null,"Jaime Totals":null,"Nate Totals":null,"Evan Totals":null,"Brandon Totals":null},{"Week":"10","Date":"10/24/25","Mitch Bet Amount":"$5","Mitch Win/Lose/Push":"Loss","Mitch":"USF (leaders) ","Mitch Resolved":"San Jose State University @ University of South Florida (University of South Florida)","Phil Bet Amount":"$20","Phil Win/Lose/Push":"Win","Phil":"Texas A&M/LSU Over (leaders) ","Phil Resolved":"Texas A&M University @ Louisiana State University (Over)","Bryce Bet Amount":"$5","Bryce Win/Lose/Push":"Win","Bryce":"BYU (legends) ","Bryce Resolved":"Brigham Young University (Brigham Young University)","Cory Bet Amount":"$5","Cory Win/Lose/Push":"Loss","Cory":"Bama (legends)  ","Cory Resolved":"University of Alabama (University of Alabama)","JB Bet Amount":"$15","JB Win/Lose/Push":"Win","JB":"southern miss (leaders) ","JB Resolved":"University of Southern Mississippi (University of Southern Mississippi)","Ethan Bet Amount":"$10","Ethan Win/Lose/Push":"Win","Ethan":"Oklahoma vs ole miss over (legends) ","Ethan Resolved":"Texas A&M University @ Louisiana State University (Over)","Jaime Bet Amount":"$5","Jaime Win/Lose/Push":"Loss","Jaime":"UCLA +26 (legends) ","Jaime Resolved":"University of California Los Angeles (University of California Los Angeles +26)","Nathan Bet Amount":"$5","Nathan Win/Lose/Push":"Win","Nathan":"Chiefs -11.5 (legends) ","Nathan Resolved":"Kansas City Chiefs (Kansas City Chiefs -11.5)","Evan Bet Amount":"$10","Evan Win/Lose/Push":"Win","Evan":"Ole Miss +5.5 (leaders) ","Evan Resolved":"University of Southern Mississippi (University of Southern Mississippi)","Brandon Bet Amount":"$10","Brandon Win/Lose/Push":"Win","Brandon":"IF(Man City > -120, Man City, MSU +13.5) (legends) ","Brandon Resolved":"Kansas City Chiefs (Kansas City Chiefs -11.5)","":"","Total Team Bet":"$90.00","Legends Bet":"$40.00","Leaders Bet":"$50.00","To Win":null,"Payout":null,"TOTALS":null,"Mitch Totals":null,"Phil Totals":null,"Bryce Totals":null,"Cory Totals":null,"JB Totals":null,"Ethan Totals":null,"Jaime Totals":null,"Nate Totals":null,"Evan Totals":null,"Brandon Totals":null},{"Week":"11","Date":"10/31/25","Mitch Bet Amount":"$10","Mitch Win/Lose/Push":"Loss","Mitch":"georgia tech - tail JB (leaders)","Mitch Resolved":"Tail georgia tech - JB (leaders)","Phil Bet Amount":"$5","Phil Win/Lose/Push":"Win","Phil":"Utah (leaders)","Phil Resolved":"University of Utah (University of Utah)","Bryce Bet Amount":"$5","Bryce Win/Lose/Push":"Win","Bryce":"Timothy Cuamba (legends)","Bryce Resolved":"Timothy Cuamba (Timothy Cuamba)","Cory Bet Amount":"$10","Cory Win/Lose/Push":"Loss","Cory":"(legends) Patriots  ","Cory Resolved":"New England Patriots (New England Patriots)","JB Bet Amount":"$5","JB Win/Lose/Push":"Loss","JB":"(leaders) Georgia tech","JB Resolved":"Georgia Institute of Technology (Georgia Institute of Technology)","Ethan Bet Amount":"$5","Ethan Win/Lose/Push":"Win","Ethan":"Indiana (legends)","Ethan Resolved":"Indiana University (Indiana University)","Jaime Bet Amount":"$10","Jaime Win/Lose/Push":"Loss","Jaime":"MIA/SMU Over (legends)","Jaime Resolved":"University of Miami @ Southern Methodist University (Over)","Nathan Bet Amount":"$5","Nathan Win/Lose/Push":"Loss","Nathan":"KC -1.5 (legends) ","Nathan Resolved":"Kansas City Chiefs (Kansas City Chiefs -1.5)","Evan Bet Amount":"$5","Evan Win/Lose/Push":"Win","Evan":"Oklahoma+2.5 (leaders)","Evan Resolved":"University of Oklahoma (University of Oklahoma +2.5)","Brandon Bet Amount":"$5","Brandon Win/Lose/Push":"Push","Brandon":"Texas -3.5 (legends)","Brandon Resolved":"University of Texas (University of Texas -3.5)","":"","Total Team Bet":"$65.00","Legends Bet":"$40.00","Leaders Bet":"$25.00","To Win":null,"Payout":null,"TOTALS":null,"Mitch Totals":null,"Phil Totals":null,"Bryce Totals":null,"Cory Totals":null,"JB Totals":null,"Ethan Totals":null,"Jaime Totals":null,"Nate Totals":null,"Evan Totals":null,"Brandon Totals":null},{"Week":"12","Date":"11/7/25","Mitch Bet Amount":"$15","Mitch Win/Lose/Push":"Win","Mitch":"Wake Forest  (leaders) ","Mitch Resolved":"Stanford University @ Wake Forest University (Wake Forest University)","Phil Bet Amount":"$5","Phil Win/Lose/Push":"Loss","Phil":"Oregon (leaders) ","Phil Resolved":"University of Oregon (University of Oregon)","Bryce Bet Amount":"$5","Bryce Win/Lose/Push":"Win","Bryce":"(legends) UL LAFAYETTE ","Bryce Resolved":"University of Louisiana Lafayette (University of Louisiana Lafayette)","Cory Bet Amount":"$15","Cory Win/Lose/Push":"Win","Cory":"Wash/wi under (legends) ","Cory Resolved":"University of Washington @ University of Wisconsin (Under)","JB Bet Amount":"$10","JB Win/Lose/Push":"Win","JB":"stanford under (leaders) ","JB Resolved":"Stanford University @ Wake Forest University (Wake Forest University)","Ethan Bet Amount":"$5","Ethan Win/Lose/Push":"Win","Ethan":"Vandy (legends) ","Ethan Resolved":"Vanderbilt University (Vanderbilt University)","Jaime Bet Amount":"$15","Jaime Win/Lose/Push":"Win","Jaime":"Texas A&M -6.5 (leaders) ","Jaime Resolved":"Texas A&M University (Texas A&M University -6.5)","Nathan Bet Amount":"$10","Nathan Win/Lose/Push":"Win","Nathan":"LAR (legends) ","Nathan Resolved":"Los Angeles Rams (Los Angeles Rams)","Evan Bet Amount":"$5","Evan Win/Lose/Push":"Loss","Evan":"BYU +12 (legends) ","Evan Resolved":"Brigham Young University (Brigham Young University +12)","Brandon Bet Amount":"$5","Brandon Win/Lose/Push":"Win","Brandon":"Penn State (legends) ","Brandon Resolved":"Penn State University (Penn State University)","":"","Total Team Bet":"$90.00","Legends Bet":"$45.00","Leaders Bet":"$45.00","To Win":null,"Payout":null,"TOTALS":null,"Mitch Totals":null,"Phil Totals":null,"Bryce Totals":null,"Cory Totals":null,"JB Totals":null,"Ethan Totals":null,"Jaime Totals":null,"Nate Totals":null,"Evan Totals":null,"Brandon Totals":null},{"Week":"13","Date":"11/14/25","Mitch Bet Amount":"$5","Mitch Win/Lose/Push":"Loss","Mitch":"San Jose St. (leaders)","Mitch Resolved":"University of Nevada Las Vegas @ San Jose State University (San Jose State University)","Phil Bet Amount":"$10","Phil Win/Lose/Push":"Win","Phil":"Penn State (leaders) ","Phil Resolved":"University of Nevada Las Vegas @ San Jose State University (San Jose State University)","Bryce Bet Amount":"$5","Bryce Win/Lose/Push":"Win","Bryce":"(legends) Arizona ","Bryce Resolved":"University of Arizona (University of Arizona)","Cory Bet Amount":"$5","Cory Win/Lose/Push":"Push","Cory":"(legends) Ravens  ","Cory Resolved":"Baltimore Ravens (Baltimore Ravens)","JB Bet Amount":"$5","JB Win/Lose/Push":"Win","JB":"(leaders) Iowa under ","JB Resolved":"University of Iowa (Under)","Ethan Bet Amount":"$5","Ethan Win/Lose/Push":"Win","Ethan":"Georgia (legends) ","Ethan Resolved":"University of Georgia (University of Georgia)","Jaime Bet Amount":"$5","Jaime Win/Lose/Push":"Win","Jaime":"Texas A&M/SC Over (legends) ","Jaime Resolved":"Texas A&M University @ University of South Carolina (Over)","Nathan Bet Amount":"$5","Nathan Win/Lose/Push":"Loss","Nathan":"Texans (legends) ","Nathan Resolved":"Houston Texans (Houston Texans)","Evan Bet Amount":"$10","Evan Win/Lose/Push":"Win","Evan":"BYU -3 (leaders) ","Evan Resolved":"Brigham Young University (Brigham Young University -3)","Brandon Bet Amount":"$5","Brandon Win/Lose/Push":"Win","Brandon":"Northwestern +11.5 (legends) ","Brandon Resolved":"Northwestern University (Northwestern University +11.5)","":"","Total Team Bet":"$60.00","Legends Bet":"$30.00","Leaders Bet":"$30.00","To Win":null,"Payout":null,"TOTALS":null,"Mitch Totals":null,"Phil Totals":null,"Bryce Totals":null,"Cory Totals":null,"JB Totals":null,"Ethan Totals":null,"Jaime Totals":null,"Nate Totals":null,"Evan Totals":null,"Brandon Totals":null},{"Week":"14","Date":"11/21/25","Mitch Bet Amount":"$10","Mitch Win/Lose/Push":"Win","Mitch":"Bryce (leaders)","Mitch Resolved":"Tail Bryce","Phil Bet Amount":"$5","Phil Win/Lose/Push":"Win","Phil":"Michigan (leaders)","Phil Resolved":"University of Michigan (University of Michigan)","Bryce Bet Amount":"$5","Bryce Win/Lose/Push":"Win","Bryce":"Duke (legends)","Bryce Resolved":"Duke University (Duke University)","Cory Bet Amount":"$5","Cory Win/Lose/Push":"Win","Cory":"Utah KSU. Over (legends)","Cory Resolved":"Kansas State University @ University of Utah (Over)","JB Bet Amount":"$5","JB Win/Lose/Push":"Win","JB":"Brandon (leaders)","JB Resolved":"Tail Brandon","Ethan Bet Amount":"$5","Ethan Win/Lose/Push":"Win","Ethan":"Bengals (legends)","Ethan Resolved":"Cincinnati Bengals (Cincinnati Bengals)","Jaime Bet Amount":"$5","Jaime Win/Lose/Push":"Loss","Jaime":"Texas A&M/Samford Over (legends)","Jaime Resolved":"Kansas State University @ University of Utah (Over)","Nathan Bet Amount":"$10","Nathan Win/Lose/Push":"Win","Nathan":"Rams (legends)","Nathan Resolved":"Los Angeles Rams (Los Angeles Rams)","Evan Bet Amount":"$5","Evan Win/Lose/Push":"Win","Evan":"Tennessee -4 (leaders)","Evan Resolved":"University of Tennessee (University of Tennessee -4)","Brandon Bet Amount":"$5","Brandon Win/Lose/Push":"Win","Brandon":"BYU (legends)","Brandon Resolved":"Brigham Young University (Brigham Young University)","":"","Total Team Bet":"$60.00","Legends Bet":"$35.00","Leaders Bet":"$25.00","To Win":"","Payout":"$87.38","TOTALS":null,"Mitch Totals":null,"Phil Totals":null,"Bryce Totals":null,"Cory Totals":null,"JB Totals":null,"Ethan Totals":null,"Jaime Totals":null,"Nate Totals":null,"Evan Totals":null,"Brandon Totals":null},{"Week":"15","Date":"11/28/25","Mitch Bet Amount":"$5","Mitch Win/Lose/Push":"W","Mitch":"Alabama -110 (leaders)","Mitch Resolved":"Alabama Crimson Tide @ Auburn Tigers (Alabama Crimson Tide -5)","Phil Bet Amount":"$5","Phil Win/Lose/Push":"W","Phil":"Oregon (leaders) ","Phil Resolved":"Oregon Ducks @ Washington Huskies","Bryce Bet Amount":"$5","Bryce Win/Lose/Push":"L","Bryce":"vikes (NFL) (legends)","Bryce Resolved":"Minnesota Vikings @ Seattle Seahawks (Minnesota Vikings +11.5)","Cory Bet Amount":"$5","Cory Win/Lose/Push":"W","Cory":"houston (NCAAF) (legends)","Cory Resolved":"Houston Cougars @ Baylor Bears (Houston Cougars +2.5)","JB Bet Amount":"$5","JB Win/Lose/Push":"W","JB":"NW/Illinois under (leaders) (leaders)","JB Resolved":"Northwestern Wildcats @ Illinois Fighting Illini (Under 45.5)","Ethan Bet Amount":"$5","Ethan Win/Lose/Push":"W","Ethan":"ohio state -110 (legends)","Ethan Resolved":"Ohio State Buckeyes @ Michigan Wolverines (Ohio State Buckeyes -9.5)","Jaime Bet Amount":"$10","Jaime Win/Lose/Push":"L","Jaime":"OK/LSU Over -110 (leaders)","Jaime Resolved":"LSU Tigers @ Oklahoma Sooners (Over 36.5)","Nathan Bet Amount":"$5","Nathan Win/Lose/Push":"L","Nathan":"Browns  -110 (legends)","Nathan Resolved":"San Francisco 49ers @ Cleveland Browns (Cleveland Browns +6)","Evan Bet Amount":"$5","Evan Win/Lose/Push":"L","Evan":"Pitt +7 (NCAAF) (legends)","Evan Resolved":"Miami Hurricanes @ Pittsburgh Panthers (Pittsburgh Panthers +7)","Brandon Bet Amount":"$5","Brandon Win/Lose/Push":"W","Brandon":"Ethan (legends)","Brandon Resolved":"Ethan","":"","Total Team Bet":"$30.00","Legends Bet":"$0.00","Leaders Bet":"$0.00","To Win":null,"Payout":null,"TOTALS":null,"Mitch Totals":null,"Phil Totals":null,"Bryce Totals":null,"Cory Totals":null,"JB Totals":null,"Ethan Totals":null,"Jaime Totals":null,"Nate Totals":null,"Evan Totals":null,"Brandon Totals":null},{"Week":"16","Date":"12/5/25","Mitch Bet Amount":"$5","Mitch Win/Lose/Push":"W","Mitch":"Louisville | -4.5 (NCAAB) (leaders)","Mitch Resolved":"Indiana Hoosiers @ Louisville Cardinals (Louisville Cardinals -4.5)","Phil Bet Amount":"$5","Phil Win/Lose/Push":"W","Phil":"Miami-Ohio | under 43 (NCAAF) (leaders)","Phil Resolved":"Miami (OH) RedHawks @ Western Michigan Broncos (Under 43)","Bryce Bet Amount":"$10","Bryce Win/Lose/Push":"W","Bryce":"Georgia | -2 (NCAAF) (legends)","Bryce Resolved":"Georgia Bulldogs @ Alabama Crimson Tide (Georgia Bulldogs -2)","Cory Bet Amount":"$5","Cory Win/Lose/Push":"L","Cory":"Virginia | -4 (NCAAF) (legends)","Cory Resolved":"Duke Blue Devils @ Virginia Cavaliers (Virginia Cavaliers -4)","JB Bet Amount":"$5","JB Win/Lose/Push":"L","JB":"montana/montana st over 53.5","JB Resolved":"montana @ montana st (Over 53.5)","Ethan Bet Amount":"$5","Ethan Win/Lose/Push":"W","Ethan":"Jaguars | +2 (NFL) (legends)","Ethan Resolved":"Indianapolis Colts @ Jacksonville Jaguars (Jacksonville Jaguars +2)","Jaime Bet Amount":"$15","Jaime Win/Lose/Push":"L","Jaime":"Packers/Bears | under 44 (NFL) (leaders)","Jaime Resolved":"Chicago Bears @ Green Bay Packers (Under 44)","Nathan Bet Amount":"$10","Nathan Win/Lose/Push":"W","Nathan":"Texans | +3.5 (NFL) (legends)","Nathan Resolved":"Houston Texans @ Kansas City Chiefs (Houston Texans +3.5)","Evan Bet Amount":"$10","Evan Win/Lose/Push":"L","Evan":"Georgia Alabama | under 48 (NCAAF) (legends)","Evan Resolved":"Georgia Bulldogs @ Alabama Crimson Tide (Under 48)","Brandon Bet Amount":"$5","Brandon Win/Lose/Push":"L","Brandon":"OSU | -3 (NCAAF) (legends)","Brandon Resolved":"Indiana Hoosiers @ Ohio State Buckeyes (Ohio State Buckeyes -3)","":"","Total Team Bet":"$0.00","Legends Bet":"$0.00","Leaders Bet":"$0.00","To Win":null,"Payout":null,"TOTALS":null,"Mitch Totals":null,"Phil Totals":null,"Bryce Totals":null,"Cory Totals":null,"JB Totals":null,"Ethan Totals":null,"Jaime Totals":null,"Nate Totals":null,"Evan Totals":null,"Brandon Totals":null},{"Week":"17","Date":"12/12/2025","Mitch Bet Amount":"$5","Mitch Win/Lose/Push":"L","Mitch":"Navy -6 (leaders)","Mitch Resolved":"(Navy -6)","Phil Bet Amount":"$5","Phil Win/Lose/Push":"W","Phil":"Army/Navy Under 38 (leaders)","Phil Resolved":"(Under 38)","Bryce Bet Amount":"$5","Bryce Win/Lose/Push":"W","Bryce":"Brandon (legends)","Bryce Resolved":"Tail Brandon","Cory Bet Amount":"$10","Cory Win/Lose/Push":"L","Cory":"Houston/az under 42.5 (legends)","Cory Resolved":"Houston Texans Arizona Cardinals (Under 42.5)","JB Bet Amount":"$5","JB Win/Lose/Push":"P","JB":"zaga -10 (leaders)","JB Resolved":"UCLA Bruins @ Gonzaga Bulldogs (Gonzaga -10)","Ethan Bet Amount":"$5","Ethan Win/Lose/Push":"L","Ethan":"Creighton -4 (legends)","Ethan Resolved":"Kansas St. Wildcats @ Creighton Bluejays (Creighton -4)","Jaime Bet Amount":"$20","Jaime Win/Lose/Push":"W","Jaime":"Packers/Broncos Over 43 (leaders)","Jaime Resolved":"Green Bay Packers Denver Broncos (Over 43)","Nathan Bet Amount":"$5","Nathan Win/Lose/Push":"L","Nathan":"Packers -2 (legends)","Nathan Resolved":"Green Bay Packers Denver Broncos (Green Bay Packers -2)","Evan Bet Amount":"$15","Evan Win/Lose/Push":"W","Evan":"Michigan St Penn St under 145 (legends)","Evan Resolved":"Michigan St. Spartans Penn State Nittany Lions (Under 145)","Brandon Bet Amount":"$10","Brandon Win/Lose/Push":"W","Brandon":"Man City -.5 (legends)","Brandon Resolved":"Crystal Palace F.C. @ Manchester City Football Club (Manchester City -.5)","":null,"Total Team Bet":null,"Legends Bet":null,"Leaders Bet":null,"To Win":null,"Payout":null,"TOTALS":null,"Mitch Totals":null,"Phil Totals":null,"Bryce Totals":null,"Cory Totals":null,"JB Totals":null,"Ethan Totals":null,"Jaime Totals":null,"Nate Totals":null,"Evan Totals":null,"Brandon Totals":null},{"Week":"18","Date":"12/19/2025","Mitch Bet Amount":"$10","Mitch Win/Lose/Push":"L","Mitch":"unc | -3.5 (NCAAB) (leaders)","Mitch Resolved":"Ohio State Buckeyes @ North Carolina Tar Heels (North Carolina Tar Heels -3.5)","Phil Bet Amount":"$5","Phil Win/Lose/Push":"L","Phil":"Utah State/Wash State | Under 50 (NCAAF) (legends)","Phil Resolved":"Washington State Cougars @ Utah State Aggies (Under 50)","Bryce Bet Amount":"$5","Bryce Win/Lose/Push":"L","Bryce":"Utah State | -1 (NCAAF) (legends)","Bryce Resolved":"Washington State Cougars @ Utah State Aggies (Utah State Aggies -1)","Cory Bet Amount":"$15","Cory Win/Lose/Push":"W","Cory":"Unlv/Ohio under | under 65.5 (NCAAF) (legends)","Cory Resolved":"Unlv/Ohio under (Under 65.5)","JB Bet Amount":"$5","JB Win/Lose/Push":"W","JB":"montana/montana st over 53.5","JB Resolved":"Montana Grizzlies @ Montana State Bobcats (Over 53.5)","Ethan Bet Amount":"$10","Ethan Win/Lose/Push":"W","Ethan":"Gophers | -2 (NCAAF) (legends)","Ethan Resolved":"New Mexico Lobos @ Minnesota Golden Gophers (Minnesota Golden Gophers -2)","Jaime Bet Amount":"$5","Jaime Win/Lose/Push":"W","Jaime":"49ers | -5.5 (NFL) (leaders)","Jaime Resolved":"San Francisco 49ers @ Indianapolis Colts (San Francisco 49ers -5.5)","Nathan Bet Amount":"$10","Nathan Win/Lose/Push":"W","Nathan":"Vikes | -2.5 (NFL) (legends)","Nathan Resolved":"Minnesota Vikings @ New York Giants (Minnesota Vikings -2.5)","Evan Bet Amount":"$5","Evan Win/Lose/Push":"W","Evan":"TAM Miami | under 48 (NCAAF) (leaders)","Evan Resolved":"Miami Hurricanes @ Texas A&M Aggies (Under 48)","Brandon Bet Amount":"$5","Brandon Win/Lose/Push":"L","Brandon":"TAM | -3 (NCAAF) (legends)","Brandon Resolved":"TAM (TAM -3)","":null,"Total Team Bet":null,"Legends Bet":null,"Leaders Bet":null,"To Win":null,"Payout":null,"TOTALS":null,"Mitch Totals":null,"Phil Totals":null,"Bryce Totals":null,"Cory Totals":null,"JB Totals":null,"Ethan Totals":null,"Jaime Totals":null,"Nate Totals":null,"Evan Totals":null,"Brandon Totals":null},{"Week":"19","Date":"12/26/2025","Mitch Bet Amount":"$15","Mitch Win/Lose/Push":"W","Mitch":"Navy | -7 (NCAAF) (leaders)","Mitch Resolved":"Navy Midshipmen @ Cincinnati Bearcats (Navy Midshipmen -7)","Phil Bet Amount":"$10","Phil Win/Lose/Push":"L","Phil":"North Texas / San Diego St | Under 52.5 (NCAAF) (leaders)","Phil Resolved":"North Texas Mean Green @ San Diego State Aztecs (Under 52.5)","Bryce Bet Amount":"$10","Bryce Win/Lose/Push":"L","Bryce":"Arizona | +7 (NFL) (legends)","Bryce Resolved":"Arizona Cardinals @ Cincinnati Bengals (Arizona Cardinals +7)","Cory Bet Amount":"$5","Cory Win/Lose/Push":"W","Cory":"Oregon/tt | under 52.5 (NCAAF) (legends)","Cory Resolved":"Oregon @ tt (Under 52.5)","JB Bet Amount":"$5","JB Win/Lose/Push":"L","JB":"Vandy Baby! | -4.5 (NCAAF) (leaders)","JB Resolved":"Vandy Baby! (Vandy Baby! -4.5)","Ethan Bet Amount":"$5","Ethan Win/Lose/Push":"L","Ethan":"Georgia | -6 (NCAAF) (legends)","Ethan Resolved":"Georgia Tech Yellow Jackets @ BYU Cougars (Georgia Tech Yellow Jackets -6)","Jaime Bet Amount":"$5","Jaime Win/Lose/Push":"W","Jaime":"49ers | -3 (NFL) (leaders)","Jaime Resolved":"Chicago Bears @ San Francisco 49ers (San Francisco 49ers -3)","Nathan Bet Amount":"$5","Nathan Win/Lose/Push":"L","Nathan":"Packers | -3 (NFL) (legends)","Nathan Resolved":"Baltimore Ravens @ Green Bay Packers (Green Bay Packers -3)","Evan Bet Amount":"$5","Evan Win/Lose/Push":"L","Evan":"texas tech | +2 (NCAAF) (legends)","Evan Resolved":"Oregon Ducks @ Texas Tech Red Raiders (Texas Tech Red Raiders +2)","Brandon Bet Amount":"$10","Brandon Win/Lose/Push":"W","Brandon":"Texans | +2 (NFL) (legends)","Brandon Resolved":"Houston Texans @ Los Angeles Chargers (Houston Texans +2)","":null,"Total Team Bet":null,"Legends Bet":null,"Leaders Bet":null,"To Win":null,"Payout":null,"TOTALS":null,"Mitch Totals":null,"Phil Totals":null,"Bryce Totals":null,"Cory Totals":null,"JB Totals":null,"Ethan Totals":null,"Jaime Totals":null,"Nate Totals":null,"Evan Totals":null,"Brandon Totals":null},{"Week":"20","Date":"01/02/2026","Mitch Bet Amount":"$5","Mitch Win/Lose/Push":"W","Mitch":"Alabama (NCAAB) (leaders)","Mitch Resolved":"Kentucky Wildcats @ Alabama Crimson Tide (Alabama Crimson Tide -5.5) (NCAAB)","Phil Bet Amount":"$15","Phil Win/Lose/Push":"W","Phil":"Illinois State/Montana State Over (leaders)","Phil Resolved":"Illinois State Redbirds @ Montana State Bobcats (Over 56.5) (FCS)","Bryce Bet Amount":"$15","Bryce Win/Lose/Push":"W","Bryce":"Indiana (legends)","Bryce Resolved":"Oregon @ Indiana (Indiana -4)","Cory Bet Amount":"$5","Cory Win/Lose/Push":"L","Cory":"49ers (legends)","Cory Resolved":"Seattle Seahawks @ San Francisco 49ers ( San Franscisco 49ers +3)","JB Bet Amount":"$10","JB Win/Lose/Push":"L","JB":"montana st - buy the half point (leaders)","JB Resolved":"Illinois State Redbirds @ Montana State Bobcats (Montana State Bobcats -10) (FCS)","Ethan Bet Amount":"$10","Ethan Win/Lose/Push":"W","Ethan":"Timberwolves (legends)","Ethan Resolved":"Minnesota Timberwolves @ Miami Heat (Minnesota Timberwolves -3) (NBA)","Jaime Bet Amount":"$5","Jaime Win/Lose/Push":"W","Jaime":"Steelers/Ravens Over (legends)","Jaime Resolved":"Baltimore Ravens @ Pittsburgh Steelers (Over 41) (NFL)","Nathan Bet Amount":"$10","Nathan Win/Lose/Push":"L","Nathan":"Bengals (legends)","Nathan Resolved":"Cleveland Browns @ Cincinnati Bengals (Cincinnati Bengals -7) (NFL)","Evan Bet Amount":"$10","Evan Win/Lose/Push":"W","Evan":"Virginia Tech +5.5 (leaders)","Evan Resolved":"Virginia Tech Hokies @ Wake Forest Demon Deacons (Virginia Tech Hokies +5.5) (NCAAB)","Brandon Bet Amount":"$5","Brandon Win/Lose/Push":"W","Brandon":"Iowa -6.5 (legends)","Brandon Resolved":"UCLA Bruins @ Iowa Hawkeyes (Iowa Hawkeyes -6.5) (NCAAB)","":null,"Total Team Bet":null,"Legends Bet":null,"Leaders Bet":null,"To Win":null,"Payout":null,"TOTALS":null,"Mitch Totals":null,"Phil Totals":null,"Bryce Totals":null,"Cory Totals":null,"JB Totals":null,"Ethan Totals":null,"Jaime Totals":null,"Nate Totals":null,"Evan Totals":null,"Brandon Totals":null},{"Week":"21","Date":"01/09/2026","Mitch Bet Amount":"$5","Mitch Win/Lose/Push":"","Mitch":"","Mitch Resolved":"","Phil Bet Amount":"$5","Phil Win/Lose/Push":"","Phil":"","Phil Resolved":"","Bryce Bet Amount":"$5","Bryce Win/Lose/Push":"","Bryce":"","Bryce Resolved":"","Cory Bet Amount":"$10","Cory Win/Lose/Push":"","Cory":"","Cory Resolved":"","JB Bet Amount":"$15","JB Win/Lose/Push":"","JB":"","JB Resolved":"","Ethan Bet Amount":"$5","Ethan Win/Lose/Push":"","Ethan":"","Ethan Resolved":"","Jaime Bet Amount":"$5","Jaime Win/Lose/Push":"","Jaime":"","Jaime Resolved":"","Nathan Bet Amount":"$15","Nathan Win/Lose/Push":"","Nathan":"","Nathan Resolved":"","Evan Bet Amount":"$5","Evan Win/Lose/Push":"","Evan":"","Evan Resolved":"","Brandon Bet Amount":"$5","Brandon Win/Lose/Push":null,"Brandon":null,"Brandon Resolved":null,"":null,"Total Team Bet":null,"Legends Bet":null,"Leaders Bet":null,"To Win":null,"Payout":null,"TOTALS":null,"Mitch Totals":null,"Phil Totals":null,"Bryce Totals":null,"Cory Totals":null,"JB Totals":null,"Ethan Totals":null,"Jaime Totals":null,"Nate Totals":null,"Evan Totals":null,"Brandon Totals":null}]
3:31:44 AM [express] GET /api/data 304 in 9ms :: [{"Week":"1","Date":"10/21/22","Mitch Bet Amount":"$5.00","Mitch Win/Lose/Push":"Loss","Mitch":"Washington -7.5","Phil Bet Amount":"$5.00","Phil Win/Lose/Push":"Loss","Phil":"MN vs. PSU U43","Bryce Bet Amount":"$5.00","Bryce Win/Lose/Push":"Loss","Bryce":"Purdue ML vs. Wisconsin","Cory Bet Amount":"$5.00","Cory Win/Lose/Push":"Loss","Cory":"Ole Miss -1.5","JB Bet Amount":"$5.00","JB Win/Lose/Push":"Loss","JB":"Oregon vs. UCLA U71","Ethan Bet Amount":"$5.00","Ethan Win/Lose/Push":"Loss","Ethan":"Iowa +30","Jaime Bet Amount":"","Jaime Win/Lose/Push":"","Jaime":"","Nathan Bet Amount":"$5.00","Nathan Win/Lose/Push":"","Nathan":"Nate - PSU -5","Evan Bet Amount":"","Evan Win/Lose/Push":"","Evan":"","Brandon Bet Amount":"","Brandon Win/Lose/Push":"","Brandon":"","Total Team Bet":"$35.00","Legends Bet":"","Leaders Bet":"","To Win":"$3,273.20","Payout":"$0.00","TOTALS":"Total Bet","Mitch Totals":"195","Phil Totals":"260","Bryce Totals":"275","Cory Totals":"345","JB Totals":"255","Ethan Totals":"235"},{"Week":"2","Date":"10/28/22","Mitch Bet Amount":"$10.00","Mitch Win/Lose/Push":"Win","Mitch":"TCU -7.5 ","Phil Bet Amount":"$10.00","Phil Win/Lose/Push":"Loss","Phil":"OSU v PSU U61 ","Bryce Bet Amount":"$10.00","Bryce Win/Lose/Push":"Loss","Bryce":"OSU -16 ","Cory Bet Amount":"$10.00","Cory Win/Lose/Push":"Loss","Cory":"Wild over 6.5 ","JB Bet Amount":"$10.00","JB Win/Lose/Push":"Win","JB":"unc -3 ","Ethan Bet Amount":"$10.00","Ethan Win/Lose/Push":"Loss","Ethan":"Rutgers +14 ","Jaime Bet Amount":"","Jaime Win/Lose/Push":"","Jaime":"","Nathan Bet Amount":"","Nathan Win/Lose/Push":"","Nathan":"","Evan Bet Amount":"","Evan Win/Lose/Push":"","Evan":"","Brandon Bet Amount":"","Brandon Win/Lose/Push":"","Brandon":"","Total Team Bet":"$60.00","Legends Bet":"","Leaders Bet":"","To Win":"$2,792.00","Payout":"$0.00","TOTALS":"Total Wins","Mitch Totals":"15","Phil Totals":"13","Bryce Totals":"11","Cory Totals":"10","JB Totals":"14","Ethan Totals":"13"},{"Week":"3","Date":"11/4/22","Mitch Bet Amount":"$5.00","Mitch Win/Lose/Push":"Win","Mitch":"Marshall -3","Phil Bet Amount":"$15.00","Phil Win/Lose/Push":"Win","Phil":"TCU -8","Bryce Bet Amount":"$15.00","Bryce Win/Lose/Push":"Loss","Bryce":"Clemson  -3.5","Cory Bet Amount":"$15.00","Cory Win/Lose/Push":"Loss","Cory":"Maryland +5","JB Bet Amount":"$5.00","JB Win/Lose/Push":"Win","JB":"Louisville -7","Ethan Bet Amount":"$15.00","Ethan Win/Lose/Push":"Push","Ethan":"Vikings -3","Jaime Bet Amount":"","Jaime Win/Lose/Push":"","Jaime":"","Nathan Bet Amount":"","Nathan Win/Lose/Push":"","Nathan":"","Evan Bet Amount":"","Evan Win/Lose/Push":"","Evan":"","Brandon Bet Amount":"","Brandon Win/Lose/Push":"","Brandon":"","Total Team Bet":"$70.00","Legends Bet":"","Leaders Bet":"","To Win":"$3,130.04","Payout":"$0.00","TOTALS":"Total Losses","Mitch Totals":"12","Phil Totals":"14","Bryce Totals":"14","Cory Totals":"16","JB Totals":"13","Ethan Totals":"13"},{"Week":"4","Date":"11/11/22","Mitch Bet Amount":"$5.00","Mitch Win/Lose/Push":"Loss","Mitch":"LSU -4 ","Phil Bet Amount":"$5.00","Phil Win/Lose/Push":"Win","Phil":"Ole Miss +11.5 ","Bryce Bet Amount":"$20.00","Bryce Win/Lose/Push":"Win","Bryce":"PSU-10.5  ","Cory Bet Amount":"$20.00","Cory Win/Lose/Push":"Win","Cory":"Tcu +7.5  ","JB Bet Amount":"$5.00","JB Win/Lose/Push":"Win","JB":"Clemson-7 ","Ethan Bet Amount":"$15.00","Ethan Win/Lose/Push":"Win","Ethan":"Vikings +3  ","Jaime Bet Amount":"","Jaime Win/Lose/Push":"","Jaime":"","Nathan Bet Amount":"","Nathan Win/Lose/Push":"","Nathan":"","Evan Bet Amount":"","Evan Win/Lose/Push":"","Evan":"","Brandon Bet Amount":"","Brandon Win/Lose/Push":"","Brandon":"","Total Team Bet":"$70.00","Legends Bet":"","Leaders Bet":"","To Win":"$3,479.65","Payout":"$0.00","TOTALS":"Total Pushes","Mitch Totals":"0","Phil Totals":"0","Bryce Totals":"2","Cory Totals":"1","JB Totals":"0","Ethan Totals":"1"},{"Week":"5","Date":"11/18/22","Mitch Bet Amount":"$10.00","Mitch Win/Lose/Push":"Win","Mitch":"Wash St -4 ","Phil Bet Amount":"$5.00","Phil Win/Lose/Push":"Win","Phil":"Louisville -4 ","Bryce Bet Amount":"$5.00","Bryce Win/Lose/Push":"Loss","Bryce":"Vikings +1.5 ","Cory Bet Amount":"$5.00","Cory Win/Lose/Push":"Loss","Cory":"TCU -2.5 ","JB Bet Amount":"$5.00","JB Win/Lose/Push":"Win","JB":"auburn -5.5 ","Ethan Bet Amount":"$5.00","Ethan Win/Lose/Push":"Loss","Ethan":"76ers -2 ","Jaime Bet Amount":"","Jaime Win/Lose/Push":"","Jaime":"","Nathan Bet Amount":"","Nathan Win/Lose/Push":"","Nathan":"","Evan Bet Amount":"","Evan Win/Lose/Push":"","Evan":"","Brandon Bet Amount":"","Brandon Win/Lose/Push":"","Brandon":"","Total Team Bet":"$35.00","Legends Bet":"","Leaders Bet":"","To Win":"$1,697.00","Payout":"$0.00","TOTALS":"Win Percentage","Mitch Totals":"55.56%","Phil Totals":"48.15%","Bryce Totals":"44.00%","Cory Totals":"38.46%","JB Totals":"51.85%","Ethan Totals":"50.00%"},{"Week":"6","Date":"11/25/22","Mitch Bet Amount":"$5.00","Mitch Win/Lose/Push":"Loss","Mitch":"Marshall -6 ","Phil Bet Amount":"$5.00","Phil Win/Lose/Push":"Loss","Phil":"Louisville +3 ","Bryce Bet Amount":"$10.00","Bryce Win/Lose/Push":"Win","Bryce":"Washington commanders -4 ","Cory Bet Amount":"$10.00","Cory Win/Lose/Push":"Loss","Cory":"Ravens -3 ","JB Bet Amount":"$5.00","JB Win/Lose/Push":"Loss","JB":"oregon -3 ","Ethan Bet Amount":"$10.00","Ethan Win/Lose/Push":"Win","Ethan":"Gophers + 3.5 ","Jaime Bet Amount":"","Jaime Win/Lose/Push":"","Jaime":"","Nathan Bet Amount":"","Nathan Win/Lose/Push":"","Nathan":"","Evan Bet Amount":"","Evan Win/Lose/Push":"","Evan":"","Brandon Bet Amount":"","Brandon Win/Lose/Push":"","Brandon":"","Total Team Bet":"$45.00","Legends Bet":"","Leaders Bet":"","To Win":"$1,862.92","Payout":"$0.00","TOTALS":null,"Mitch Totals":null,"Phil Totals":null,"Bryce Totals":null,"Cory Totals":null,"JB Totals":null,"Ethan Totals":null},{"Week":"7","Date":"12/2/22","Mitch Bet Amount":"$10.00","Mitch Win/Lose/Push":"Win","Mitch":"Tulane/UCF over 57 ","Phil Bet Amount":"$10.00","Phil Win/Lose/Push":"Win","Phil":"Vikings -3 ","Bryce Bet Amount":"$5.00","Bryce Win/Lose/Push":"Loss","Bryce":"KC -2 ","Cory Bet Amount":"$15.00","Cory Win/Lose/Push":"Loss","Cory":"Dolphins +4 ","JB Bet Amount":"$10.00","JB Win/Lose/Push":"Win","JB":"Michigan -16.5 ","Ethan Bet Amount":"$5.00","Ethan Win/Lose/Push":"Win","Ethan":"Mich -16.5 ","Jaime Bet Amount":"","Jaime Win/Lose/Push":"","Jaime":"","Nathan Bet Amount":"","Nathan Win/Lose/Push":"","Nathan":"","Evan Bet Amount":"","Evan Win/Lose/Push":"","Evan":"","Brandon Bet Amount":"","Brandon Win/Lose/Push":"","Brandon":"","Total Team Bet":"$55.00","Legends Bet":"","Leaders Bet":"","To Win":"$1,250.83","Payout":"$0.00","TOTALS":null,"Mitch Totals":null,"Phil Totals":null,"Bryce Totals":null,"Cory Totals":null,"JB Totals":null,"Ethan Totals":null},{"Week":"8","Date":"12/9/22","Mitch Bet Amount":"$5.00","Mitch Win/Lose/Push":"Win","Mitch":"kansas -4 ","Phil Bet Amount":"$5.00","Phil Win/Lose/Push":"Loss","Phil":"Army/Navy U32.5 ","Bryce Bet Amount":"$10.00","Bryce Win/Lose/Push":"Loss","Bryce":"TEN -3.5 ","Cory Bet Amount":"$20.00","Cory Win/Lose/Push":"Loss","Cory":"purdue -8.5 @ neb ","JB Bet Amount":"$5.00","JB Win/Lose/Push":"Loss","JB":"purdue -8.5 @ neb ","Ethan Bet Amount":"$5.00","Ethan Win/Lose/Push":"Win","Ethan":"Trail Blazers -5 ","Jaime Bet Amount":"","Jaime Win/Lose/Push":"","Jaime":"","Nathan Bet Amount":"","Nathan Win/Lose/Push":"","Nathan":"","Evan Bet Amount":"","Evan Win/Lose/Push":"","Evan":"","Brandon Bet Amount":"","Brandon Win/Lose/Push":"","Brandon":"","Total Team Bet":"$50.00","Legends Bet":"","Leaders Bet":"","To Win":"$1,195.25","Payout":"$0.00","TOTALS":null,"Mitch Totals":null,"Phil Totals":null,"Bryce Totals":null,"Cory Totals":null,"JB Totals":null,"Ethan Totals":null},{"Week":"9","Date":"12/16/22","Mitch Bet Amount":"$5.00","Mitch Win/Lose/Push":"Win","Mitch":"Southern Miss -6.5 ","Phil Bet Amount":"$10.00","Phil Win/Lose/Push":"Win","Phil":"Fresno St -4 (football) ","Bryce Bet Amount":"$15.00","Bryce Win/Lose/Push":"Loss","Bryce":"Team Woods","Cory Bet Amount":"$25.00","Cory Win/Lose/Push":"Loss","Cory":"Vikes -3.5 ","JB Bet Amount":"$10.00","JB Win/Lose/Push":"Loss","JB":"Vikes -3.5 ","Ethan Bet Amount":"$5.00","Ethan Win/Lose/Push":"Win","Ethan":"Atl falcons +4 ","Jaime Bet Amount":"","Jaime Win/Lose/Push":"","Jaime":"","Nathan Bet Amount":"","Nathan Win/Lose/Push":"","Nathan":"","Evan Bet Amount":"","Evan Win/Lose/Push":"","Evan":"","Brandon Bet Amount":"","Brandon Win/Lose/Push":"","Brandon":"","Total Team Bet":"$70.00","Legends Bet":"","Leaders Bet":"","To Win":"$4,579.16","Payout":"$0.00","TOTALS":null,"Mitch Totals":null,"Phil Totals":null,"Bryce Totals":null,"Cory Totals":null,"JB Totals":null,"Ethan Totals":null},{"Week":"10","Date":"12/23/22","Mitch Bet Amount":"$5.00","Mitch Win/Lose/Push":"Win","Mitch":"Memphis -7.5 ","Phil Bet Amount":"$5.00","Phil Win/Lose/Push":"Win","Phil":"Buffalo v Chicago Over 40 ","Bryce Bet Amount":"$20.00","Bryce Win/Lose/Push":"Loss","Bryce":"wisconsin okst over","Cory Bet Amount":"$30.00","Cory Win/Lose/Push":"Loss","Cory":"Lions Carolina under 44 ","JB Bet Amount":"$15.00","JB Win/Lose/Push":"Loss","JB":"wisconsin okst over","Ethan Bet Amount":"$5.00","Ethan Win/Lose/Push":"Loss","Ethan":"Lions Carolina under 44 ","Jaime Bet Amount":"","Jaime Win/Lose/Push":"","Jaime":"","Nathan Bet Amount":"","Nathan Win/Lose/Push":"","Nathan":"","Evan Bet Amount":"","Evan Win/Lose/Push":"","Evan":"","Brandon Bet Amount":"","Brandon Win/Lose/Push":"","Brandon":"","Total Team Bet":"$80.00","Legends Bet":"","Leaders Bet":"","To Win":"$960.66","Payout":"$0.00","TOTALS":null,"Mitch Totals":null,"Phil Totals":null,"Bryce Totals":null,"Cory Totals":null,"JB Totals":null,"Ethan Totals":null},{"Week":"11","Date":"12/30/22","Mitch Bet Amount":"$5.00","Mitch Win/Lose/Push":"Loss","Mitch":"Utah -2 ","Phil Bet Amount":"$5.00","Phil Win/Lose/Push":"Loss","Phil":"USC -2 ","Bryce Bet Amount":"$25.00","Bryce Win/Lose/Push":"Loss","Bryce":"Tail Phil ","Cory Bet Amount":"$35.00","Cory Win/Lose/Push":"Loss","Cory":"Tail Phil ","JB Bet Amount":"$20.00","JB Win/Lose/Push":"Loss","JB":"Tail Phil ","Ethan Bet Amount":"$10.00","Ethan Win/Lose/Push":"Loss","Ethan":"Georgia -6 ","Jaime Bet Amount":"","Jaime Win/Lose/Push":"","Jaime":"","Nathan Bet Amount":"","Nathan Win/Lose/Push":"","Nathan":"","Evan Bet Amount":"","Evan Win/Lose/Push":"","Evan":"","Brandon Bet Amount":"","Brandon Win/Lose/Push":"","Brandon":"","Total Team Bet":"$100.00","Legends Bet":"","Leaders Bet":"","To Win":"$595.79","Payout":"$0.00","TOTALS":null,"Mitch Totals":null,"Phil Totals":null,"Bryce Totals":null,"Cory Totals":null,"JB Totals":null,"Ethan Totals":null},{"Week":"12","Date":"1/6/23","Mitch Bet Amount":"$10.00","Mitch Win/Lose/Push":"Win","Mitch":"Kansas -1.5 ","Phil Bet Amount":"$10.00","Phil Win/Lose/Push":"Win","Phil":"Xavier +1.5 ","Bryce Bet Amount":"$30.00","Bryce Win/Lose/Push":"Win","Bryce":"Tail Mitch ","Cory Bet Amount":"$40.00","Cory Win/Lose/Push":"Win","Cory":"Tail Mitch ","JB Bet Amount":"$25.00","JB Win/Lose/Push":"Win","JB":"Tail Ethan  ","Ethan Bet Amount":"$15.00","Ethan Win/Lose/Push":"Win","Ethan":"Carolina Panthers +3.5 ","Jaime Bet Amount":"","Jaime Win/Lose/Push":"","Jaime":"","Nathan Bet Amount":"","Nathan Win/Lose/Push":"","Nathan":"","Evan Bet Amount":"","Evan Win/Lose/Push":"","Evan":"","Brandon Bet Amount":"","Brandon Win/Lose/Push":"","Brandon":"","Total Team Bet":"$130.00","Legends Bet":"","Leaders Bet":"","To Win":"$722.84","Payout":"$852.84","TOTALS":null,"Mitch Totals":null,"Phil Totals":null,"Bryce Totals":null,"Cory Totals":null,"JB Totals":null,"Ethan Totals":null},{"Week":"13","Date":"1/13/23","Mitch Bet Amount":"$5.00","Mitch Win/Lose/Push":"Loss","Mitch":"Chargers -2.5 ","Phil Bet Amount":"$5.00","Phil Win/Lose/Push":"Win","Phil":"Minn NYG over 48","Bryce Bet Amount":"$5.00","Bryce Win/Lose/Push":"Loss","Bryce":"Vikes -3 for Luda  ","Cory Bet Amount":"$5.00","Cory Win/Lose/Push":"Win","Cory":"Dallas -2.5 ","JB Bet Amount":"$5.00","JB Win/Lose/Push":"Win","JB":"bama -15 ","Ethan Bet Amount":"$5.00","Ethan Win/Lose/Push":"Loss","Ethan":"Seahawks +10 ","Jaime Bet Amount":"","Jaime Win/Lose/Push":"","Jaime":"","Nathan Bet Amount":"","Nathan Win/Lose/Push":"","Nathan":"","Evan Bet Amount":"","Evan Win/Lose/Push":"","Evan":"","Brandon Bet Amount":"","Brandon Win/Lose/Push":"","Brandon":"","Total Team Bet":"$30.00","Legends Bet":"","Leaders Bet":"","To Win":"$1,464.30","Payout":"$0.00","TOTALS":null,"Mitch Totals":null,"Phil Totals":null,"Bryce Totals":null,"Cory Totals":null,"JB Totals":null,"Ethan Totals":null},{"Week":"14","Date":"1/20/23","Mitch Bet Amount":"$10.00","Mitch Win/Lose/Push":"Win","Mitch":"alabama -4.5 ","Phil Bet Amount":"$5.00","Phil Win/Lose/Push":"Win","Phil":"Kansas state -4 ","Bryce Bet Amount":"$10.00","Bryce Win/Lose/Push":"Win","Bryce":"philly -7.5 ","Cory Bet Amount":"$5.00","Cory Win/Lose/Push":"Loss","Cory":"Buffalo/cinny over 49","JB Bet Amount":"$5.00","JB Win/Lose/Push":"Loss","JB":"under 6.5 wild/fla ","Ethan Bet Amount":"$10.00","Ethan Win/Lose/Push":"Win","Ethan":"Wolves -8 ","Jaime Bet Amount":"","Jaime Win/Lose/Push":"","Jaime":"","Nathan Bet Amount":"","Nathan Win/Lose/Push":"","Nathan":"","Evan Bet Amount":"","Evan Win/Lose/Push":"","Evan":"","Brandon Bet Amount":"","Brandon Win/Lose/Push":"","Brandon":"","Total Team Bet":"$45.00","Legends Bet":"","Leaders Bet":"","To Win":"$2,122.99","Payout":"$0.00","TOTALS":null,"Mitch Totals":null,"Phil Totals":null,"Bryce Totals":null,"Cory Totals":null,"JB Totals":null,"Ethan Totals":null},{"Week":"15","Date":"1/27/23","Mitch Bet Amount":"$5.00","Mitch Win/Lose/Push":"Loss","Mitch":"Alabama -6.5 ","Phil Bet Amount":"$5.00","Phil Win/Lose/Push":"Loss","Phil":"Baylor -6.5 ","Bryce Bet Amount":"$5.00","Bryce Win/Lose/Push":"Loss","Bryce":"Bengals ","Cory Bet Amount":"$10.00","Cory Win/Lose/Push":"Loss","Cory":"Rahm  ","JB Bet Amount":"$10.00","JB Win/Lose/Push":"Loss","JB":"Xavier over ","Ethan Bet Amount":"$5.00","Ethan Win/Lose/Push":"Win","Ethan":"Eagles -2.5","Jaime Bet Amount":"","Jaime Win/Lose/Push":"","Jaime":"","Nathan Bet Amount":"","Nathan Win/Lose/Push":"","Nathan":"","Evan Bet Amount":"","Evan Win/Lose/Push":"","Evan":"","Brandon Bet Amount":"","Brandon Win/Lose/Push":"","Brandon":"","Total Team Bet":"$40.00","Legends Bet":"","Leaders Bet":"","To Win":"$1,908.22","Payout":"$0.00","TOTALS":null,"Mitch Totals":null,"Phil Totals":null,"Bryce Totals":null,"Cory Totals":null,"JB Totals":null,"Ethan Totals":null},{"Week":"16","Date":"2/3/23","Mitch Bet Amount":"$10.00","Mitch Win/Lose/Push":"Win","Mitch":"duke/unc under 144 ","Phil Bet Amount":"$10.00","Phil Win/Lose/Push":"Loss","Phil":"Clemson -2 ","Bryce Bet Amount":"$10.00","Bryce Win/Lose/Push":"Win","Bryce":"auburn? ","Cory Bet Amount":"$15.00","Cory Win/Lose/Push":"Loss","Cory":"Purdue ","JB Bet Amount":"$15.00","JB Win/Lose/Push":"Win","JB":"Norfolk st -9 ","Ethan Bet Amount":"$5.00","Ethan Win/Lose/Push":"Loss","Ethan":"Purdue (tail Cory) ","Jaime Bet Amount":"","Jaime Win/Lose/Push":"","Jaime":"","Nathan Bet Amount":"","Nathan Win/Lose/Push":"","Nathan":"","Evan Bet Amount":"","Evan Win/Lose/Push":"","Evan":"","Brandon Bet Amount":"","Brandon Win/Lose/Push":"","Brandon":"","Total Team Bet":"$65.00","Legends Bet":"","Leaders Bet":"","To Win":"$1,583.34","Payout":"$0.00","TOTALS":null,"Mitch Totals":null,"Phil Totals":null,"Bryce Totals":null,"Cory Totals":null,"JB Totals":null,"Ethan Totals":null},{"Week":"17","Date":"2/10/23","Mitch Bet Amount":"$5.00","Mitch Win/Lose/Push":"Win","Mitch":"Creighton/UConn under ","Phil Bet Amount":"$15.00","Phil Win/Lose/Push":"Loss","Phil":"Providence -4.5 ","Bryce Bet Amount":"$5.00","Bryce Win/Lose/Push":"Win","Bryce":"Superbowl over ","Cory Bet Amount":"$20.00","Cory Win/Lose/Push":"Win","Cory":"Tail Mitch ","JB Bet Amount":"$5.00","JB Win/Lose/Push":"Loss","JB":"north dakota -6 ","Ethan Bet Amount":"$10.00","Ethan Win/Lose/Push":"Loss","Ethan":"Dallas mavericks +1.5","Jaime Bet Amount":"","Jaime Win/Lose/Push":"","Jaime":"","Nathan Bet Amount":"","Nathan Win/Lose/Push":"","Nathan":"","Evan Bet Amount":"","Evan Win/Lose/Push":"","Evan":"","Brandon Bet Amount":"","Brandon Win/Lose/Push":"","Brandon":"","Total Team Bet":"$60.00","Legends Bet":"","Leaders Bet":"","To Win":"$1,401.16","Payout":"$0.00","TOTALS":null,"Mitch Totals":null,"Phil Totals":null,"Bryce Totals":null,"Cory Totals":null,"JB Totals":null,"Ethan Totals":null},{"Week":"18","Date":"2/17/23","Mitch Bet Amount":"$5.00","Mitch Win/Lose/Push":"Loss","Mitch":"Missouri -2 ","Phil Bet Amount":"$20.00","Phil Win/Lose/Push":"Loss","Phil":"Tail Mitch","Bryce Bet Amount":"$5.00","Bryce Win/Lose/Push":"Win","Bryce":"3rd Round Match-Up - J. Rahm Vs R. McIlroy - Rahm ","Cory Bet Amount":"$5.00","Cory Win/Lose/Push":"Loss","Cory":"Penn state-8 ","JB Bet Amount":"$10.00","JB Win/Lose/Push":"Loss","JB":"wisco rutgers Over ","Ethan Bet Amount":"$15.00","Ethan Win/Lose/Push":"Win","Ethan":"Nd/Virginia under ","Jaime Bet Amount":"","Jaime Win/Lose/Push":"","Jaime":"","Nathan Bet Amount":"","Nathan Win/Lose/Push":"","Nathan":"","Evan Bet Amount":"","Evan Win/Lose/Push":"","Evan":"","Brandon Bet Amount":"","Brandon Win/Lose/Push":"","Brandon":"","Total Team Bet":"$60.00","Legends Bet":"","Leaders Bet":"","To Win":"$1,434.30","Payout":"$0.00","TOTALS":null,"Mitch Totals":null,"Phil Totals":null,"Bryce Totals":null,"Cory Totals":null,"JB Totals":null,"Ethan Totals":null},{"Week":"19","Date":"2/24/23","Mitch Bet Amount":"$10.00","Mitch Win/Lose/Push":"Win","Mitch":"Gonzaga -5.5 ","Phil Bet Amount":"$25.00","Phil Win/Lose/Push":"Loss","Phil":"Tail Ethan ","Bryce Bet Amount":"$5.00","Bryce Win/Lose/Push":"Loss","Bryce":"LIV golf 2nd round match up - Koepka vs Garcia - Koepka ","Cory Bet Amount":"$10.00","Cory Win/Lose/Push":"Win","Cory":"Nebraska -8 ","JB Bet Amount":"$15.00","JB Win/Lose/Push":"Win","JB":"zaga over","Ethan Bet Amount":"$5.00","Ethan Win/Lose/Push":"Loss","Ethan":"San Diego state -3 ","Jaime Bet Amount":"","Jaime Win/Lose/Push":"","Jaime":"","Nathan Bet Amount":"","Nathan Win/Lose/Push":"","Nathan":"","Evan Bet Amount":"","Evan Win/Lose/Push":"","Evan":"","Brandon Bet Amount":"","Brandon Win/Lose/Push":"","Brandon":"","Total Team Bet":"$70.00","Legends Bet":"","Leaders Bet":"","To Win":"$1,836.16","Payout":"$0.00","TOTALS":null,"Mitch Totals":null,"Phil Totals":null,"Bryce Totals":null,"Cory Totals":null,"JB Totals":null,"Ethan Totals":null},{"Week":"20","Date":"3/3/23","Mitch Bet Amount":"$5.00","Mitch Win/Lose/Push":"Loss","Mitch":"UNC -2.5 ","Phil Bet Amount":"$30.00","Phil Win/Lose/Push":"Win","Phil":"Tail Ethan ","Bryce Bet Amount":"$10.00","Bryce Win/Lose/Push":"Win","Bryce":"3rd Round Match-Up - X. Schauffele Vs J. Thomas - JT ","Cory Bet Amount":"$5.00","Cory Win/Lose/Push":"Win","Cory":"Rahm vs Rory - Rory ","JB Bet Amount":"$5.00","JB Win/Lose/Push":"Win","JB":"wild under ","Ethan Bet Amount":"$20.00","Ethan Win/Lose/Push":"Win","Ethan":"West Virginia -4.5 ","Jaime Bet Amount":"","Jaime Win/Lose/Push":"","Jaime":"","Nathan Bet Amount":"","Nathan Win/Lose/Push":"","Nathan":"","Evan Bet Amount":"","Evan Win/Lose/Push":"","Evan":"","Brandon Bet Amount":"","Brandon Win/Lose/Push":"","Brandon":"","Total Team Bet":"$75.00","Legends Bet":"","Leaders Bet":"","To Win":"$1,937.12","Payout":"$0.00","TOTALS":null,"Mitch Totals":null,"Phil Totals":null,"Bryce Totals":null,"Cory Totals":null,"JB Totals":null,"Ethan Totals":null},{"Week":"21","Date":"3/10/23","Mitch Bet Amount":"$10.00","Mitch Win/Lose/Push":"Win","Mitch":"VCU -3.5 ","Phil Bet Amount":"$5.00","Phil Win/Lose/Push":"Loss","Phil":"Pennsylvania +2.5 ","Bryce Bet Amount":"$5.00","Bryce Win/Lose/Push":"Loss","Bryce":"Homa over Speith ","Cory Bet Amount":"$5.00","Cory Win/Lose/Push":"Push","Cory":"Day over hovland ","JB Bet Amount":"$5.00","JB Win/Lose/Push":"Win","JB":"purdue ","Ethan Bet Amount":"$5.00","Ethan Win/Lose/Push":"Win","Ethan":"Tail JB ","Jaime Bet Amount":"","Jaime Win/Lose/Push":"","Jaime":"","Nathan Bet Amount":"","Nathan Win/Lose/Push":"","Nathan":"","Evan Bet Amount":"","Evan Win/Lose/Push":"","Evan":"","Brandon Bet Amount":"","Brandon Win/Lose/Push":"","Brandon":"","Total Team Bet":"$35.00","Legends Bet":"","Leaders Bet":"","To Win":"$670.83","Payout":"$0.00","TOTALS":null,"Mitch Totals":null,"Phil Totals":null,"Bryce Totals":null,"Cory Totals":null,"JB Totals":null,"Ethan Totals":null},{"Week":"22","Date":"3/24/23","Mitch Bet Amount":"$5.00","Mitch Win/Lose/Push":"Loss","Mitch":"Tail JB ","Phil Bet Amount":"$10.00","Phil Win/Lose/Push":"Win","Phil":"Gonz/UConn Under ","Bryce Bet Amount":"$10.00","Bryce Win/Lose/Push":"Win","Bryce":"Sam burns +125 over Cantlay","Cory Bet Amount":"$5.00","Cory Win/Lose/Push":"Win","Cory":"Wild under 6 ","JB Bet Amount":"$5.00","JB Win/Lose/Push":"Loss","JB":"KSU -1 ","Ethan Bet Amount":"$5.00","Ethan Win/Lose/Push":"Loss","Ethan":"Creighton -1 ","Jaime Bet Amount":"","Jaime Win/Lose/Push":"","Jaime":"","Nathan Bet Amount":"","Nathan Win/Lose/Push":"","Nathan":"","Evan Bet Amount":"","Evan Win/Lose/Push":"","Evan":"","Brandon Bet Amount":"","Brandon Win/Lose/Push":"","Brandon":"","Total Team Bet":"$40.00","Legends Bet":"","Leaders Bet":"","To Win":"$977.98","Payout":"$0.00","TOTALS":null,"Mitch Totals":null,"Phil Totals":null,"Bryce Totals":null,"Cory Totals":null,"JB Totals":null,"Ethan Totals":null},{"Week":"23","Date":"4/1/23","Mitch Bet Amount":"$10.00","Mitch Win/Lose/Push":"Win","Mitch":"UConn -5.5 ","Phil Bet Amount":"$5.00","Phil Win/Lose/Push":"Win","Phil":"Miami/UConn Under ","Bryce Bet Amount":"$5.00","Bryce Win/Lose/Push":"Push","Bryce":"3rd Round Match-Up - C. Conners Vs C. Kirk, Conners ","Cory Bet Amount":"$5.00","Cory Win/Lose/Push":"Win","Cory":"Golden knights to beat wild ","JB Bet Amount":"$10.00","JB Win/Lose/Push":"Loss","JB":"iowa -3 (ladies) ","Ethan Bet Amount":"$10.00","Ethan Win/Lose/Push":"Win","Ethan":"Pelicans -3 ","Jaime Bet Amount":"","Jaime Win/Lose/Push":"","Jaime":"","Nathan Bet Amount":"","Nathan Win/Lose/Push":"","Nathan":"","Evan Bet Amount":"","Evan Win/Lose/Push":"","Evan":"","Brandon Bet Amount":"","Brandon Win/Lose/Push":"","Brandon":"","Total Team Bet":"$45.00","Legends Bet":"","Leaders Bet":"","To Win":"$944.70","Payout":"$0.00","TOTALS":null,"Mitch Totals":null,"Phil Totals":null,"Bryce Totals":null,"Cory Totals":null,"JB Totals":null,"Ethan Totals":null},{"Week":"24","Date":"4/8/23","Mitch Bet Amount":"$5.00","Mitch Win/Lose/Push":"Loss","Mitch":"Detroit/Boston U8 (baseball) ","Phil Bet Amount":"$5.00","Phil Win/Lose/Push":"Loss","Phil":"Spurs +14 ","Bryce Bet Amount":"$5.00","Bryce Win/Lose/Push":"Loss","Bryce":"Koepka wins Masters ","Cory Bet Amount":"$5.00","Cory Win/Lose/Push":"Loss","Cory":"Burns top 10 ","JB Bet Amount":"$15.00","JB Win/Lose/Push":"Loss","JB":"wild U ","Ethan Bet Amount":"$5.00","Ethan Win/Lose/Push":"Loss","Ethan":"Tail Phil ","Jaime Bet Amount":"","Jaime Win/Lose/Push":"","Jaime":"","Nathan Bet Amount":"","Nathan Win/Lose/Push":"","Nathan":"","Evan Bet Amount":"","Evan Win/Lose/Push":"","Evan":"","Brandon Bet Amount":"","Brandon Win/Lose/Push":"","Brandon":"","Total Team Bet":"$40.00","Legends Bet":"","Leaders Bet":"","To Win":"$616.03","Payout":"$0.00","TOTALS":null,"Mitch Totals":null,"Phil Totals":null,"Bryce Totals":null,"Cory Totals":null,"JB Totals":null,"Ethan Totals":null},{"Week":"25","Date":"4/21/23","Mitch Bet Amount":"$10.00","Mitch Win/Lose/Push":"Loss","Mitch":"Twins -1.5 (4/22)","Phil Bet Amount":"$10.00","Phil Win/Lose/Push":"Loss","Phil":"Tail Ethan","Bryce Bet Amount":"$10.00","Bryce Win/Lose/Push":"Push","Bryce":"Bryce passed ","Cory Bet Amount":"$10.00","Cory Win/Lose/Push":"Win","Cory":"Wild over ","JB Bet Amount":"$20.00","JB Win/Lose/Push":"Win","JB":"tail Cory","Ethan Bet Amount":"$10.00","Ethan Win/Lose/Push":"Loss","Ethan":"Wolves 1st half -.5","Jaime Bet Amount":"","Jaime Win/Lose/Push":"","Jaime":"","Nathan Bet Amount":"","Nathan Win/Lose/Push":"","Nathan":"","Evan Bet Amount":"","Evan Win/Lose/Push":"","Evan":"","Brandon Bet Amount":"","Brandon Win/Lose/Push":"","Brandon":"","Total Team Bet":"$70.00","Legends Bet":"","Leaders Bet":"","To Win":"$393.08","Payout":"$0.00","TOTALS":null,"Mitch Totals":null,"Phil Totals":null,"Bryce Totals":null,"Cory Totals":null,"JB Totals":null,"Ethan Totals":null},{"Week":"26","Date":"4/28/23","Mitch Bet Amount":"$15.00","Mitch Win/Lose/Push":"Win","Mitch":"Denver -3 ","Phil Bet Amount":"$15.00","Phil Win/Lose/Push":"Win","Phil":"Tail Mitch ","Bryce Bet Amount":"$10.00","Bryce Win/Lose/Push":"Win","Bryce":"Mexico Open - 2/3 Balls - Props- 3rd Round Props - Hole 1 Winner - Tony Finau ","Cory Bet Amount":"$5.00","Cory Win/Lose/Push":"Win","Cory":"Fla/Boston over ","JB Bet Amount":"$5.00","JB Win/Lose/Push":"Win","JB":"edm/LA OVER ","Ethan Bet Amount":"$15.00","Ethan Win/Lose/Push":"Win","Ethan":"Miami heat +4.5 ","Jaime Bet Amount":"","Jaime Win/Lose/Push":"","Jaime":"","Nathan Bet Amount":"","Nathan Win/Lose/Push":"","Nathan":"","Evan Bet Amount":"","Evan Win/Lose/Push":"","Evan":"","Brandon Bet Amount":"","Brandon Win/Lose/Push":"","Brandon":"","Total Team Bet":"$65.00","Legends Bet":"","Leaders Bet":"","To Win":"$1,646.62","Payout":"$1,711.62","TOTALS":null,"Mitch Totals":null,"Phil Totals":null,"Bryce Totals":null,"Cory Totals":null,"JB Totals":null,"Ethan Totals":null},{"Week":"27","Date":"5/5/23","Mitch Bet Amount":"$5.00","Mitch Win/Lose/Push":"Loss","Mitch":"Denver +3.5","Phil Bet Amount":"$5.00","Phil Win/Lose/Push":"Loss","Phil":"Tail Cory","Bryce Bet Amount":"$5.00","Bryce Win/Lose/Push":"Win","Bryce":"Florida Panthers","Cory Bet Amount":"$5.00","Cory Win/Lose/Push":"Loss","Cory":"Edmonton/Vegas over ","JB Bet Amount":"$5.00","JB Win/Lose/Push":"Win","JB":"twins under ","Ethan Bet Amount":"$5.00","Ethan Win/Lose/Push":"Loss","Ethan":"Twins","Jaime Bet Amount":"","Jaime Win/Lose/Push":"","Jaime":"","Nathan Bet Amount":"$5.00","Nathan Win/Lose/Push":"","Nathan":"","Evan Bet Amount":"","Evan Win/Lose/Push":"","Evan":"","Brandon Bet Amount":"","Brandon Win/Lose/Push":"","Brandon":"","Total Team Bet":"$35.00","Legends Bet":"","Leaders Bet":"","To Win":"$680.31","Payout":"$0.00","TOTALS":null,"Mitch Totals":null,"Phil Totals":null,"Bryce Totals":null,"Cory Totals":null,"JB Totals":null,"Ethan Totals":null},{"Week":"28","Date":"05/12/2023","Mitch Bet Amount":"$10","Mitch Win/Lose/Push":"","Mitch":"","Phil Bet Amount":"$10","Phil Win/Lose/Push":"","Phil":"","Bryce Bet Amount":"$5","Bryce Win/Lose/Push":"","Bryce":"","Cory Bet Amount":"$10","Cory Win/Lose/Push":"","Cory":"","JB Bet Amount":"$5","JB Win/Lose/Push":"","JB":"","Ethan Bet Amount":"$10","Ethan Win/Lose/Push":null,"Ethan":null,"Jaime Bet Amount":null,"Jaime Win/Lose/Push":null,"Jaime":null,"Nathan Bet Amount":null,"Nathan Win/Lose/Push":null,"Nathan":null,"Evan Bet Amount":null,"Evan Win/Lose/Push":null,"Evan":null,"Brandon Bet Amount":null,"Brandon Win/Lose/Push":null,"Brandon":null,"Total Team Bet":null,"Legends Bet":null,"Leaders Bet":null,"To Win":null,"Payout":null,"TOTALS":null,"Mitch Totals":null,"Phil Totals":null,"Bryce Totals":null,"Cory Totals":null,"JB Totals":null,"Ethan Totals":null},{"Week":"29","Date":"05/19/2023","Mitch Bet Amount":null,"Mitch Win/Lose/Push":null,"Mitch":null,"Phil Bet Amount":null,"Phil Win/Lose/Push":null,"Phil":null,"Bryce Bet Amount":null,"Bryce Win/Lose/Push":null,"Bryce":null,"Cory Bet Amount":null,"Cory Win/Lose/Push":null,"Cory":null,"JB Bet Amount":null,"JB Win/Lose/Push":null,"JB":null,"Ethan Bet Amount":null,"Ethan Win/Lose/Push":null,"Ethan":null,"Jaime Bet Amount":null,"Jaime Win/Lose/Push":null,"Jaime":null,"Nathan Bet Amount":null,"Nathan Win/Lose/Push":null,"Nathan":null,"Evan Bet Amount":null,"Evan Win/Lose/Push":null,"Evan":null,"Brandon Bet Amount":null,"Brandon Win/Lose/Push":null,"Brandon":null,"Total Team Bet":null,"Legends Bet":null,"Leaders Bet":null,"To Win":null,"Payout":null,"TOTALS":null,"Mitch Totals":null,"Phil Totals":null,"Bryce Totals":null,"Cory Totals":null,"JB Totals":null,"Ethan Totals":null},{"Week":"30","Date":"05/26/2023","Mitch Bet Amount":null,"Mitch Win/Lose/Push":null,"Mitch":null,"Phil Bet Amount":null,"Phil Win/Lose/Push":null,"Phil":null,"Bryce Bet Amount":null,"Bryce Win/Lose/Push":null,"Bryce":null,"Cory Bet Amount":null,"Cory Win/Lose/Push":null,"Cory":null,"JB Bet Amount":null,"JB Win/Lose/Push":null,"JB":null,"Ethan Bet Amount":null,"Ethan Win/Lose/Push":null,"Ethan":null,"Jaime Bet Amount":null,"Jaime Win/Lose/Push":null,"Jaime":null,"Nathan Bet Amount":null,"Nathan Win/Lose/Push":null,"Nathan":null,"Evan Bet Amount":null,"Evan Win/Lose/Push":null,"Evan":null,"Brandon Bet Amount":null,"Brandon Win/Lose/Push":null,"Brandon":null,"Total Team Bet":null,"Legends Bet":null,"Leaders Bet":null,"To Win":null,"Payout":null,"TOTALS":null,"Mitch Totals":null,"Phil Totals":null,"Bryce Totals":null,"Cory Totals":null,"JB Totals":null,"Ethan Totals":null},{"Week":"31","Date":"06/02/2023","Mitch Bet Amount":null,"Mitch Win/Lose/Push":null,"Mitch":null,"Phil Bet Amount":null,"Phil Win/Lose/Push":null,"Phil":null,"Bryce Bet Amount":null,"Bryce Win/Lose/Push":null,"Bryce":null,"Cory Bet Amount":null,"Cory Win/Lose/Push":null,"Cory":null,"JB Bet Amount":null,"JB Win/Lose/Push":null,"JB":null,"Ethan Bet Amount":null,"Ethan Win/Lose/Push":null,"Ethan":null,"Jaime Bet Amount":null,"Jaime Win/Lose/Push":null,"Jaime":null,"Nathan Bet Amount":null,"Nathan Win/Lose/Push":null,"Nathan":null,"Evan Bet Amount":null,"Evan Win/Lose/Push":null,"Evan":null,"Brandon Bet Amount":null,"Brandon Win/Lose/Push":null,"Brandon":null,"Total Team Bet":null,"Legends Bet":null,"Leaders Bet":null,"To Win":null,"Payout":null,"TOTALS":null,"Mitch Totals":null,"Phil Totals":null,"Bryce Totals":null,"Cory Totals":null,"JB Totals":null,"Ethan Totals":null},{"Week":"32","Date":"06/09/2023","Mitch Bet Amount":null,"Mitch Win/Lose/Push":null,"Mitch":null,"Phil Bet Amount":null,"Phil Win/Lose/Push":null,"Phil":null,"Bryce Bet Amount":null,"Bryce Win/Lose/Push":null,"Bryce":null,"Cory Bet Amount":null,"Cory Win/Lose/Push":null,"Cory":null,"JB Bet Amount":null,"JB Win/Lose/Push":null,"JB":null,"Ethan Bet Amount":null,"Ethan Win/Lose/Push":null,"Ethan":null,"Jaime Bet Amount":null,"Jaime Win/Lose/Push":null,"Jaime":null,"Nathan Bet Amount":null,"Nathan Win/Lose/Push":null,"Nathan":null,"Evan Bet Amount":null,"Evan Win/Lose/Push":null,"Evan":null,"Brandon Bet Amount":null,"Brandon Win/Lose/Push":null,"Brandon":null,"Total Team Bet":null,"Legends Bet":null,"Leaders Bet":null,"To Win":null,"Payout":null,"TOTALS":null,"Mitch Totals":null,"Phil Totals":null,"Bryce Totals":null,"Cory Totals":null,"JB Totals":null,"Ethan Totals":null},{"Week":"33","Date":"06/16/2023","Mitch Bet Amount":null,"Mitch Win/Lose/Push":null,"Mitch":null,"Phil Bet Amount":null,"Phil Win/Lose/Push":null,"Phil":null,"Bryce Bet Amount":null,"Bryce Win/Lose/Push":null,"Bryce":null,"Cory Bet Amount":null,"Cory Win/Lose/Push":null,"Cory":null,"JB Bet Amount":null,"JB Win/Lose/Push":null,"JB":null,"Ethan Bet Amount":null,"Ethan Win/Lose/Push":null,"Ethan":null,"Jaime Bet Amount":null,"Jaime Win/Lose/Push":null,"Jaime":null,"Nathan Bet Amount":null,"Nathan Win/Lose/Push":null,"Nathan":null,"Evan Bet Amount":null,"Evan Win/Lose/Push":null,"Evan":null,"Brandon Bet Amount":null,"Brandon Win/Lose/Push":null,"Brandon":null,"Total Team Bet":null,"Legends Bet":null,"Leaders Bet":null,"To Win":null,"Payout":null,"TOTALS":null,"Mitch Totals":null,"Phil Totals":null,"Bryce Totals":null,"Cory Totals":null,"JB Totals":null,"Ethan Totals":null},{"Week":"34","Date":"06/23/2023","Mitch Bet Amount":null,"Mitch Win/Lose/Push":null,"Mitch":null,"Phil Bet Amount":null,"Phil Win/Lose/Push":null,"Phil":null,"Bryce Bet Amount":null,"Bryce Win/Lose/Push":null,"Bryce":null,"Cory Bet Amount":null,"Cory Win/Lose/Push":null,"Cory":null,"JB Bet Amount":null,"JB Win/Lose/Push":null,"JB":null,"Ethan Bet Amount":null,"Ethan Win/Lose/Push":null,"Ethan":null,"Jaime Bet Amount":null,"Jaime Win/Lose/Push":null,"Jaime":null,"Nathan Bet Amount":null,"Nathan Win/Lose/Push":null,"Nathan":null,"Evan Bet Amount":null,"Evan Win/Lose/Push":null,"Evan":null,"Brandon Bet Amount":null,"Brandon Win/Lose/Push":null,"Brandon":null,"Total Team Bet":null,"Legends Bet":null,"Leaders Bet":null,"To Win":null,"Payout":null,"TOTALS":null,"Mitch Totals":null,"Phil Totals":null,"Bryce Totals":null,"Cory Totals":null,"JB Totals":null,"Ethan Totals":null},{"Week":"35","Date":"06/30/2023","Mitch Bet Amount":null,"Mitch Win/Lose/Push":null,"Mitch":null,"Phil Bet Amount":null,"Phil Win/Lose/Push":null,"Phil":null,"Bryce Bet Amount":null,"Bryce Win/Lose/Push":null,"Bryce":null,"Cory Bet Amount":null,"Cory Win/Lose/Push":null,"Cory":null,"JB Bet Amount":null,"JB Win/Lose/Push":null,"JB":null,"Ethan Bet Amount":null,"Ethan Win/Lose/Push":null,"Ethan":null,"Jaime Bet Amount":null,"Jaime Win/Lose/Push":null,"Jaime":null,"Nathan Bet Amount":null,"Nathan Win/Lose/Push":null,"Nathan":null,"Evan Bet Amount":null,"Evan Win/Lose/Push":null,"Evan":null,"Brandon Bet Amount":null,"Brandon Win/Lose/Push":null,"Brandon":null,"Total Team Bet":null,"Legends Bet":null,"Leaders Bet":null,"To Win":null,"Payout":null,"TOTALS":null,"Mitch Totals":null,"Phil Totals":null,"Bryce Totals":null,"Cory Totals":null,"JB Totals":null,"Ethan Totals":null},{"Week":"36","Date":"07/07/2023","Mitch Bet Amount":null,"Mitch Win/Lose/Push":null,"Mitch":null,"Phil Bet Amount":null,"Phil Win/Lose/Push":null,"Phil":null,"Bryce Bet Amount":null,"Bryce Win/Lose/Push":null,"Bryce":null,"Cory Bet Amount":null,"Cory Win/Lose/Push":null,"Cory":null,"JB Bet Amount":null,"JB Win/Lose/Push":null,"JB":null,"Ethan Bet Amount":null,"Ethan Win/Lose/Push":null,"Ethan":null,"Jaime Bet Amount":null,"Jaime Win/Lose/Push":null,"Jaime":null,"Nathan Bet Amount":null,"Nathan Win/Lose/Push":null,"Nathan":null,"Evan Bet Amount":null,"Evan Win/Lose/Push":null,"Evan":null,"Brandon Bet Amount":null,"Brandon Win/Lose/Push":null,"Brandon":null,"Total Team Bet":null,"Legends Bet":null,"Leaders Bet":null,"To Win":null,"Payout":null,"TOTALS":null,"Mitch Totals":null,"Phil Totals":null,"Bryce Totals":null,"Cory Totals":null,"JB Totals":null,"Ethan Totals":null},{"Week":"37","Date":"07/14/2023","Mitch Bet Amount":null,"Mitch Win/Lose/Push":null,"Mitch":null,"Phil Bet Amount":null,"Phil Win/Lose/Push":null,"Phil":null,"Bryce Bet Amount":null,"Bryce Win/Lose/Push":null,"Bryce":null,"Cory Bet Amount":null,"Cory Win/Lose/Push":null,"Cory":null,"JB Bet Amount":null,"JB Win/Lose/Push":null,"JB":null,"Ethan Bet Amount":null,"Ethan Win/Lose/Push":null,"Ethan":null,"Jaime Bet Amount":null,"Jaime Win/Lose/Push":null,"Jaime":null,"Nathan Bet Amount":null,"Nathan Win/Lose/Push":null,"Nathan":null,"Evan Bet Amount":null,"Evan Win/Lose/Push":null,"Evan":null,"Brandon Bet Amount":null,"Brandon Win/Lose/Push":null,"Brandon":null,"Total Team Bet":null,"Legends Bet":null,"Leaders Bet":null,"To Win":null,"Payout":null,"TOTALS":null,"Mitch Totals":null,"Phil Totals":null,"Bryce Totals":null,"Cory Totals":null,"JB Totals":null,"Ethan Totals":null},{"Week":"38","Date":"07/21/2023","Mitch Bet Amount":null,"Mitch Win/Lose/Push":null,"Mitch":null,"Phil Bet Amount":null,"Phil Win/Lose/Push":null,"Phil":null,"Bryce Bet Amount":null,"Bryce Win/Lose/Push":null,"Bryce":null,"Cory Bet Amount":null,"Cory Win/Lose/Push":null,"Cory":null,"JB Bet Amount":null,"JB Win/Lose/Push":null,"JB":null,"Ethan Bet Amount":null,"Ethan Win/Lose/Push":null,"Ethan":null,"Jaime Bet Amount":null,"Jaime Win/Lose/Push":null,"Jaime":null,"Nathan Bet Amount":null,"Nathan Win/Lose/Push":null,"Nathan":null,"Evan Bet Amount":null,"Evan Win/Lose/Push":null,"Evan":null,"Brandon Bet Amount":null,"Brandon Win/Lose/Push":null,"Brandon":null,"Total Team Bet":null,"Legends Bet":null,"Leaders Bet":null,"To Win":null,"Payout":null,"TOTALS":null,"Mitch Totals":null,"Phil Totals":null,"Bryce Totals":null,"Cory Totals":null,"JB Totals":null,"Ethan Totals":null},{"Week":"39","Date":"07/28/2023","Mitch Bet Amount":null,"Mitch Win/Lose/Push":null,"Mitch":null,"Phil Bet Amount":null,"Phil Win/Lose/Push":null,"Phil":null,"Bryce Bet Amount":null,"Bryce Win/Lose/Push":null,"Bryce":null,"Cory Bet Amount":null,"Cory Win/Lose/Push":null,"Cory":null,"JB Bet Amount":null,"JB Win/Lose/Push":null,"JB":null,"Ethan Bet Amount":null,"Ethan Win/Lose/Push":null,"Ethan":null,"Jaime Bet Amount":null,"Jaime Win/Lose/Push":null,"Jaime":null,"Nathan Bet Amount":null,"Nathan Win/Lose/Push":null,"Nathan":null,"Evan Bet Amount":null,"Evan Win/Lose/Push":null,"Evan":null,"Brandon Bet Amount":null,"Brandon Win/Lose/Push":null,"Brandon":null,"Total Team Bet":null,"Legends Bet":null,"Leaders Bet":null,"To Win":null,"Payout":null,"TOTALS":null,"Mitch Totals":null,"Phil Totals":null,"Bryce Totals":null,"Cory Totals":null,"JB Totals":null,"Ethan Totals":null},{"Week":"40","Date":"08/04/2023","Mitch Bet Amount":null,"Mitch Win/Lose/Push":null,"Mitch":null,"Phil Bet Amount":null,"Phil Win/Lose/Push":null,"Phil":null,"Bryce Bet Amount":null,"Bryce Win/Lose/Push":null,"Bryce":null,"Cory Bet Amount":null,"Cory Win/Lose/Push":null,"Cory":null,"JB Bet Amount":null,"JB Win/Lose/Push":null,"JB":null,"Ethan Bet Amount":null,"Ethan Win/Lose/Push":null,"Ethan":null,"Jaime Bet Amount":null,"Jaime Win/Lose/Push":null,"Jaime":null,"Nathan Bet Amount":null,"Nathan Win/Lose/Push":null,"Nathan":null,"Evan Bet Amount":null,"Evan Win/Lose/Push":null,"Evan":null,"Brandon Bet Amount":null,"Brandon Win/Lose/Push":null,"Brandon":null,"Total Team Bet":null,"Legends Bet":null,"Leaders Bet":null,"To Win":null,"Payout":null,"TOTALS":null,"Mitch Totals":null,"Phil Totals":null,"Bryce Totals":null,"Cory Totals":null,"JB Totals":null,"Ethan Totals":null},{"Week":"41","Date":"08/11/2023","Mitch Bet Amount":null,"Mitch Win/Lose/Push":null,"Mitch":null,"Phil Bet Amount":null,"Phil Win/Lose/Push":null,"Phil":null,"Bryce Bet Amount":null,"Bryce Win/Lose/Push":null,"Bryce":null,"Cory Bet Amount":null,"Cory Win/Lose/Push":null,"Cory":null,"JB Bet Amount":null,"JB Win/Lose/Push":null,"JB":null,"Ethan Bet Amount":null,"Ethan Win/Lose/Push":null,"Ethan":null,"Jaime Bet Amount":null,"Jaime Win/Lose/Push":null,"Jaime":null,"Nathan Bet Amount":null,"Nathan Win/Lose/Push":null,"Nathan":null,"Evan Bet Amount":null,"Evan Win/Lose/Push":null,"Evan":null,"Brandon Bet Amount":null,"Brandon Win/Lose/Push":null,"Brandon":null,"Total Team Bet":null,"Legends Bet":null,"Leaders Bet":null,"To Win":null,"Payout":null,"TOTALS":null,"Mitch Totals":null,"Phil Totals":null,"Bryce Totals":null,"Cory Totals":null,"JB Totals":null,"Ethan Totals":null},{"Week":"42","Date":"08/18/2023","Mitch Bet Amount":null,"Mitch Win/Lose/Push":null,"Mitch":null,"Phil Bet Amount":null,"Phil Win/Lose/Push":null,"Phil":null,"Bryce Bet Amount":null,"Bryce Win/Lose/Push":null,"Bryce":null,"Cory Bet Amount":null,"Cory Win/Lose/Push":null,"Cory":null,"JB Bet Amount":null,"JB Win/Lose/Push":null,"JB":null,"Ethan Bet Amount":null,"Ethan Win/Lose/Push":null,"Ethan":null,"Jaime Bet Amount":null,"Jaime Win/Lose/Push":null,"Jaime":null,"Nathan Bet Amount":null,"Nathan Win/Lose/Push":null,"Nathan":null,"Evan Bet Amount":null,"Evan Win/Lose/Push":null,"Evan":null,"Brandon Bet Amount":null,"Brandon Win/Lose/Push":null,"Brandon":null,"Total Team Bet":null,"Legends Bet":null,"Leaders Bet":null,"To Win":null,"Payout":null,"TOTALS":null,"Mitch Totals":null,"Phil Totals":null,"Bryce Totals":null,"Cory Totals":null,"JB Totals":null,"Ethan Totals":null},{"Week":"43","Date":"08/25/2023","Mitch Bet Amount":null,"Mitch Win/Lose/Push":null,"Mitch":null,"Phil Bet Amount":null,"Phil Win/Lose/Push":null,"Phil":null,"Bryce Bet Amount":null,"Bryce Win/Lose/Push":null,"Bryce":null,"Cory Bet Amount":null,"Cory Win/Lose/Push":null,"Cory":null,"JB Bet Amount":null,"JB Win/Lose/Push":null,"JB":null,"Ethan Bet Amount":null,"Ethan Win/Lose/Push":null,"Ethan":null,"Jaime Bet Amount":null,"Jaime Win/Lose/Push":null,"Jaime":null,"Nathan Bet Amount":null,"Nathan Win/Lose/Push":null,"Nathan":null,"Evan Bet Amount":null,"Evan Win/Lose/Push":null,"Evan":null,"Brandon Bet Amount":null,"Brandon Win/Lose/Push":null,"Brandon":null,"Total Team Bet":null,"Legends Bet":null,"Leaders Bet":null,"To Win":null,"Payout":null,"TOTALS":null,"Mitch Totals":null,"Phil Totals":null,"Bryce Totals":null,"Cory Totals":null,"JB Totals":null,"Ethan Totals":null},{"Week":"44","Date":"09/01/2023","Mitch Bet Amount":null,"Mitch Win/Lose/Push":null,"Mitch":null,"Phil Bet Amount":null,"Phil Win/Lose/Push":null,"Phil":null,"Bryce Bet Amount":null,"Bryce Win/Lose/Push":null,"Bryce":null,"Cory Bet Amount":null,"Cory Win/Lose/Push":null,"Cory":null,"JB Bet Amount":null,"JB Win/Lose/Push":null,"JB":null,"Ethan Bet Amount":null,"Ethan Win/Lose/Push":null,"Ethan":null,"Jaime Bet Amount":null,"Jaime Win/Lose/Push":null,"Jaime":null,"Nathan Bet Amount":null,"Nathan Win/Lose/Push":null,"Nathan":null,"Evan Bet Amount":null,"Evan Win/Lose/Push":null,"Evan":null,"Brandon Bet Amount":null,"Brandon Win/Lose/Push":null,"Brandon":null,"Total Team Bet":null,"Legends Bet":null,"Leaders Bet":null,"To Win":null,"Payout":null,"TOTALS":null,"Mitch Totals":null,"Phil Totals":null,"Bryce Totals":null,"Cory Totals":null,"JB Totals":null,"Ethan Totals":null},{"Week":"45","Date":"09/08/2023","Mitch Bet Amount":null,"Mitch Win/Lose/Push":null,"Mitch":null,"Phil Bet Amount":null,"Phil Win/Lose/Push":null,"Phil":null,"Bryce Bet Amount":null,"Bryce Win/Lose/Push":null,"Bryce":null,"Cory Bet Amount":null,"Cory Win/Lose/Push":null,"Cory":null,"JB Bet Amount":null,"JB Win/Lose/Push":null,"JB":null,"Ethan Bet Amount":null,"Ethan Win/Lose/Push":null,"Ethan":null,"Jaime Bet Amount":null,"Jaime Win/Lose/Push":null,"Jaime":null,"Nathan Bet Amount":null,"Nathan Win/Lose/Push":null,"Nathan":null,"Evan Bet Amount":null,"Evan Win/Lose/Push":null,"Evan":null,"Brandon Bet Amount":null,"Brandon Win/Lose/Push":null,"Brandon":null,"Total Team Bet":null,"Legends Bet":null,"Leaders Bet":null,"To Win":null,"Payout":null,"TOTALS":null,"Mitch Totals":null,"Phil Totals":null,"Bryce Totals":null,"Cory Totals":null,"JB Totals":null,"Ethan Totals":null},{"Week":"46","Date":"09/15/2023","Mitch Bet Amount":null,"Mitch Win/Lose/Push":null,"Mitch":null,"Phil Bet Amount":null,"Phil Win/Lose/Push":null,"Phil":null,"Bryce Bet Amount":null,"Bryce Win/Lose/Push":null,"Bryce":null,"Cory Bet Amount":null,"Cory Win/Lose/Push":null,"Cory":null,"JB Bet Amount":null,"JB Win/Lose/Push":null,"JB":null,"Ethan Bet Amount":null,"Ethan Win/Lose/Push":null,"Ethan":null,"Jaime Bet Amount":null,"Jaime Win/Lose/Push":null,"Jaime":null,"Nathan Bet Amount":null,"Nathan Win/Lose/Push":null,"Nathan":null,"Evan Bet Amount":null,"Evan Win/Lose/Push":null,"Evan":null,"Brandon Bet Amount":null,"Brandon Win/Lose/Push":null,"Brandon":null,"Total Team Bet":null,"Legends Bet":null,"Leaders Bet":null,"To Win":null,"Payout":null,"TOTALS":null,"Mitch Totals":null,"Phil Totals":null,"Bryce Totals":null,"Cory Totals":null,"JB Totals":null,"Ethan Totals":null},{"Week":"47","Date":"09/22/2023","Mitch Bet Amount":null,"Mitch Win/Lose/Push":null,"Mitch":null,"Phil Bet Amount":null,"Phil Win/Lose/Push":null,"Phil":null,"Bryce Bet Amount":null,"Bryce Win/Lose/Push":null,"Bryce":null,"Cory Bet Amount":null,"Cory Win/Lose/Push":null,"Cory":null,"JB Bet Amount":null,"JB Win/Lose/Push":null,"JB":null,"Ethan Bet Amount":null,"Ethan Win/Lose/Push":null,"Ethan":null,"Jaime Bet Amount":null,"Jaime Win/Lose/Push":null,"Jaime":null,"Nathan Bet Amount":null,"Nathan Win/Lose/Push":null,"Nathan":null,"Evan Bet Amount":null,"Evan Win/Lose/Push":null,"Evan":null,"Brandon Bet Amount":null,"Brandon Win/Lose/Push":null,"Brandon":null,"Total Team Bet":null,"Legends Bet":null,"Leaders Bet":null,"To Win":null,"Payout":null,"TOTALS":null,"Mitch Totals":null,"Phil Totals":null,"Bryce Totals":null,"Cory Totals":null,"JB Totals":null,"Ethan Totals":null},{"Week":"48","Date":"09/29/2023","Mitch Bet Amount":null,"Mitch Win/Lose/Push":null,"Mitch":null,"Phil Bet Amount":null,"Phil Win/Lose/Push":null,"Phil":null,"Bryce Bet Amount":null,"Bryce Win/Lose/Push":null,"Bryce":null,"Cory Bet Amount":null,"Cory Win/Lose/Push":null,"Cory":null,"JB Bet Amount":null,"JB Win/Lose/Push":null,"JB":null,"Ethan Bet Amount":null,"Ethan Win/Lose/Push":null,"Ethan":null,"Jaime Bet Amount":null,"Jaime Win/Lose/Push":null,"Jaime":null,"Nathan Bet Amount":null,"Nathan Win/Lose/Push":null,"Nathan":null,"Evan Bet Amount":null,"Evan Win/Lose/Push":null,"Evan":null,"Brandon Bet Amount":null,"Brandon Win/Lose/Push":null,"Brandon":null,"Total Team Bet":null,"Legends Bet":null,"Leaders Bet":null,"To Win":null,"Payout":null,"TOTALS":null,"Mitch Totals":null,"Phil Totals":null,"Bryce Totals":null,"Cory Totals":null,"JB Totals":null,"Ethan Totals":null},{"Week":"49","Date":"10/06/2023","Mitch Bet Amount":null,"Mitch Win/Lose/Push":null,"Mitch":null,"Phil Bet Amount":null,"Phil Win/Lose/Push":null,"Phil":null,"Bryce Bet Amount":null,"Bryce Win/Lose/Push":null,"Bryce":null,"Cory Bet Amount":null,"Cory Win/Lose/Push":null,"Cory":null,"JB Bet Amount":null,"JB Win/Lose/Push":null,"JB":null,"Ethan Bet Amount":null,"Ethan Win/Lose/Push":null,"Ethan":null,"Jaime Bet Amount":null,"Jaime Win/Lose/Push":null,"Jaime":null,"Nathan Bet Amount":null,"Nathan Win/Lose/Push":null,"Nathan":null,"Evan Bet Amount":null,"Evan Win/Lose/Push":null,"Evan":null,"Brandon Bet Amount":null,"Brandon Win/Lose/Push":null,"Brandon":null,"Total Team Bet":null,"Legends Bet":null,"Leaders Bet":null,"To Win":null,"Payout":null,"TOTALS":null,"Mitch Totals":null,"Phil Totals":null,"Bryce Totals":null,"Cory Totals":null,"JB Totals":null,"Ethan Totals":null},{"Week":"50","Date":"10/13/2023","Mitch Bet Amount":null,"Mitch Win/Lose/Push":null,"Mitch":null,"Phil Bet Amount":null,"Phil Win/Lose/Push":null,"Phil":null,"Bryce Bet Amount":null,"Bryce Win/Lose/Push":null,"Bryce":null,"Cory Bet Amount":null,"Cory Win/Lose/Push":null,"Cory":null,"JB Bet Amount":null,"JB Win/Lose/Push":null,"JB":null,"Ethan Bet Amount":null,"Ethan Win/Lose/Push":null,"Ethan":null,"Jaime Bet Amount":null,"Jaime Win/Lose/Push":null,"Jaime":null,"Nathan Bet Amount":null,"Nathan Win/Lose/Push":null,"Nathan":null,"Evan Bet Amount":null,"Evan Win/Lose/Push":null,"Evan":null,"Brandon Bet Amount":null,"Brandon Win/Lose/Push":null,"Brandon":null,"Total Team Bet":null,"Legends Bet":null,"Leaders Bet":null,"To Win":null,"Payout":null,"TOTALS":null,"Mitch Totals":null,"Phil Totals":null,"Bryce Totals":null,"Cory Totals":null,"JB Totals":null,"Ethan Totals":null},{"Week":"51","Date":"10/20/2023","Mitch Bet Amount":null,"Mitch Win/Lose/Push":null,"Mitch":null,"Phil Bet Amount":null,"Phil Win/Lose/Push":null,"Phil":null,"Bryce Bet Amount":null,"Bryce Win/Lose/Push":null,"Bryce":null,"Cory Bet Amount":null,"Cory Win/Lose/Push":null,"Cory":null,"JB Bet Amount":null,"JB Win/Lose/Push":null,"JB":null,"Ethan Bet Amount":null,"Ethan Win/Lose/Push":null,"Ethan":null,"Jaime Bet Amount":null,"Jaime Win/Lose/Push":null,"Jaime":null,"Nathan Bet Amount":null,"Nathan Win/Lose/Push":null,"Nathan":null,"Evan Bet Amount":null,"Evan Win/Lose/Push":null,"Evan":null,"Brandon Bet Amount":null,"Brandon Win/Lose/Push":null,"Brandon":null,"Total Team Bet":null,"Legends Bet":null,"Leaders Bet":null,"To Win":null,"Payout":null,"TOTALS":null,"Mitch Totals":null,"Phil Totals":null,"Bryce Totals":null,"Cory Totals":null,"JB Totals":null,"Ethan Totals":null},{"Week":"52","Date":"10/27/2023","Mitch Bet Amount":null,"Mitch Win/Lose/Push":null,"Mitch":null,"Phil Bet Amount":null,"Phil Win/Lose/Push":null,"Phil":null,"Bryce Bet Amount":null,"Bryce Win/Lose/Push":null,"Bryce":null,"Cory Bet Amount":null,"Cory Win/Lose/Push":null,"Cory":null,"JB Bet Amount":null,"JB Win/Lose/Push":null,"JB":null,"Ethan Bet Amount":null,"Ethan Win/Lose/Push":null,"Ethan":null,"Jaime Bet Amount":null,"Jaime Win/Lose/Push":null,"Jaime":null,"Nathan Bet Amount":null,"Nathan Win/Lose/Push":null,"Nathan":null,"Evan Bet Amount":null,"Evan Win/Lose/Push":null,"Evan":null,"Brandon Bet Amount":null,"Brandon Win/Lose/Push":null,"Brandon":null,"Total Team Bet":null,"Legends Bet":null,"Leaders Bet":null,"To Win":null,"Payout":null,"TOTALS":null,"Mitch Totals":null,"Phil Totals":null,"Bryce Totals":null,"Cory Totals":null,"JB Totals":null,"Ethan Totals":null},{"Week":"53","Date":"11/03/2023","Mitch Bet Amount":null,"Mitch Win/Lose/Push":null,"Mitch":null,"Phil Bet Amount":null,"Phil Win/Lose/Push":null,"Phil":null,"Bryce Bet Amount":null,"Bryce Win/Lose/Push":null,"Bryce":null,"Cory Bet Amount":null,"Cory Win/Lose/Push":null,"Cory":null,"JB Bet Amount":null,"JB Win/Lose/Push":null,"JB":null,"Ethan Bet Amount":null,"Ethan Win/Lose/Push":null,"Ethan":null,"Jaime Bet Amount":null,"Jaime Win/Lose/Push":null,"Jaime":null,"Nathan Bet Amount":null,"Nathan Win/Lose/Push":null,"Nathan":null,"Evan Bet Amount":null,"Evan Win/Lose/Push":null,"Evan":null,"Brandon Bet Amount":null,"Brandon Win/Lose/Push":null,"Brandon":null,"Total Team Bet":null,"Legends Bet":null,"Leaders Bet":null,"To Win":null,"Payout":null,"TOTALS":null,"Mitch Totals":null,"Phil Totals":null,"Bryce Totals":null,"Cory Totals":null,"JB Totals":null,"Ethan Totals":null},{"Week":"54","Date":"11/10/2023","Mitch Bet Amount":null,"Mitch Win/Lose/Push":null,"Mitch":null,"Phil Bet Amount":null,"Phil Win/Lose/Push":null,"Phil":null,"Bryce Bet Amount":null,"Bryce Win/Lose/Push":null,"Bryce":null,"Cory Bet Amount":null,"Cory Win/Lose/Push":null,"Cory":null,"JB Bet Amount":null,"JB Win/Lose/Push":null,"JB":null,"Ethan Bet Amount":null,"Ethan Win/Lose/Push":null,"Ethan":null,"Jaime Bet Amount":null,"Jaime Win/Lose/Push":null,"Jaime":null,"Nathan Bet Amount":null,"Nathan Win/Lose/Push":null,"Nathan":null,"Evan Bet Amount":null,"Evan Win/Lose/Push":null,"Evan":null,"Brandon Bet Amount":null,"Brandon Win/Lose/Push":null,"Brandon":null,"Total Team Bet":null,"Legends Bet":null,"Leaders Bet":null,"To Win":null,"Payout":null,"TOTALS":null,"Mitch Totals":null,"Phil Totals":null,"Bryce Totals":null,"Cory Totals":null,"JB Totals":null,"Ethan Totals":null},{"Week":"55","Date":"11/17/2023","Mitch Bet Amount":null,"Mitch Win/Lose/Push":null,"Mitch":null,"Phil Bet Amount":null,"Phil Win/Lose/Push":null,"Phil":null,"Bryce Bet Amount":null,"Bryce Win/Lose/Push":null,"Bryce":null,"Cory Bet Amount":null,"Cory Win/Lose/Push":null,"Cory":null,"JB Bet Amount":null,"JB Win/Lose/Push":null,"JB":null,"Ethan Bet Amount":null,"Ethan Win/Lose/Push":null,"Ethan":null,"Jaime Bet Amount":null,"Jaime Win/Lose/Push":null,"Jaime":null,"Nathan Bet Amount":null,"Nathan Win/Lose/Push":null,"Nathan":null,"Evan Bet Amount":null,"Evan Win/Lose/Push":null,"Evan":null,"Brandon Bet Amount":null,"Brandon Win/Lose/Push":null,"Brandon":null,"Total Team Bet":null,"Legends Bet":null,"Leaders Bet":null,"To Win":null,"Payout":null,"TOTALS":null,"Mitch Totals":null,"Phil Totals":null,"Bryce Totals":null,"Cory Totals":null,"JB Totals":null,"Ethan Totals":null},{"Week":"56","Date":"11/24/2023","Mitch Bet Amount":null,"Mitch Win/Lose/Push":null,"Mitch":null,"Phil Bet Amount":null,"Phil Win/Lose/Push":null,"Phil":null,"Bryce Bet Amount":null,"Bryce Win/Lose/Push":null,"Bryce":null,"Cory Bet Amount":null,"Cory Win/Lose/Push":null,"Cory":null,"JB Bet Amount":null,"JB Win/Lose/Push":null,"JB":null,"Ethan Bet Amount":null,"Ethan Win/Lose/Push":null,"Ethan":null,"Jaime Bet Amount":null,"Jaime Win/Lose/Push":null,"Jaime":null,"Nathan Bet Amount":null,"Nathan Win/Lose/Push":null,"Nathan":null,"Evan Bet Amount":null,"Evan Win/Lose/Push":null,"Evan":null,"Brandon Bet Amount":null,"Brandon Win/Lose/Push":null,"Brandon":null,"Total Team Bet":null,"Legends Bet":null,"Leaders Bet":null,"To Win":null,"Payout":null,"TOTALS":null,"Mitch Totals":null,"Phil Totals":null,"Bryce Totals":null,"Cory Totals":null,"JB Totals":null,"Ethan Totals":null},{"Week":"57","Date":"12/01/2023","Mitch Bet Amount":null,"Mitch Win/Lose/Push":null,"Mitch":null,"Phil Bet Amount":null,"Phil Win/Lose/Push":null,"Phil":null,"Bryce Bet Amount":null,"Bryce Win/Lose/Push":null,"Bryce":null,"Cory Bet Amount":null,"Cory Win/Lose/Push":null,"Cory":null,"JB Bet Amount":null,"JB Win/Lose/Push":null,"JB":null,"Ethan Bet Amount":null,"Ethan Win/Lose/Push":null,"Ethan":null,"Jaime Bet Amount":null,"Jaime Win/Lose/Push":null,"Jaime":null,"Nathan Bet Amount":null,"Nathan Win/Lose/Push":null,"Nathan":null,"Evan Bet Amount":null,"Evan Win/Lose/Push":null,"Evan":null,"Brandon Bet Amount":null,"Brandon Win/Lose/Push":null,"Brandon":null,"Total Team Bet":null,"Legends Bet":null,"Leaders Bet":null,"To Win":null,"Payout":null,"TOTALS":null,"Mitch Totals":null,"Phil Totals":null,"Bryce Totals":null,"Cory Totals":null,"JB Totals":null,"Ethan Totals":null},{"Week":"58","Date":"12/08/2023","Mitch Bet Amount":null,"Mitch Win/Lose/Push":null,"Mitch":null,"Phil Bet Amount":null,"Phil Win/Lose/Push":null,"Phil":null,"Bryce Bet Amount":null,"Bryce Win/Lose/Push":null,"Bryce":null,"Cory Bet Amount":null,"Cory Win/Lose/Push":null,"Cory":null,"JB Bet Amount":null,"JB Win/Lose/Push":null,"JB":null,"Ethan Bet Amount":null,"Ethan Win/Lose/Push":null,"Ethan":null,"Jaime Bet Amount":null,"Jaime Win/Lose/Push":null,"Jaime":null,"Nathan Bet Amount":null,"Nathan Win/Lose/Push":null,"Nathan":null,"Evan Bet Amount":null,"Evan Win/Lose/Push":null,"Evan":null,"Brandon Bet Amount":null,"Brandon Win/Lose/Push":null,"Brandon":null,"Total Team Bet":null,"Legends Bet":null,"Leaders Bet":null,"To Win":null,"Payout":null,"TOTALS":null,"Mitch Totals":null,"Phil Totals":null,"Bryce Totals":null,"Cory Totals":null,"JB Totals":null,"Ethan Totals":null},{"Week":"59","Date":"12/15/2023","Mitch Bet Amount":null,"Mitch Win/Lose/Push":null,"Mitch":null,"Phil Bet Amount":null,"Phil Win/Lose/Push":null,"Phil":null,"Bryce Bet Amount":null,"Bryce Win/Lose/Push":null,"Bryce":null,"Cory Bet Amount":null,"Cory Win/Lose/Push":null,"Cory":null,"JB Bet Amount":null,"JB Win/Lose/Push":null,"JB":null,"Ethan Bet Amount":null,"Ethan Win/Lose/Push":null,"Ethan":null,"Jaime Bet Amount":null,"Jaime Win/Lose/Push":null,"Jaime":null,"Nathan Bet Amount":null,"Nathan Win/Lose/Push":null,"Nathan":null,"Evan Bet Amount":null,"Evan Win/Lose/Push":null,"Evan":null,"Brandon Bet Amount":null,"Brandon Win/Lose/Push":null,"Brandon":null,"Total Team Bet":null,"Legends Bet":null,"Leaders Bet":null,"To Win":null,"Payout":null,"TOTALS":null,"Mitch Totals":null,"Phil Totals":null,"Bryce Totals":null,"Cory Totals":null,"JB Totals":null,"Ethan Totals":null},{"Week":"60","Date":"12/22/2023","Mitch Bet Amount":null,"Mitch Win/Lose/Push":null,"Mitch":null,"Phil Bet Amount":null,"Phil Win/Lose/Push":null,"Phil":null,"Bryce Bet Amount":null,"Bryce Win/Lose/Push":null,"Bryce":null,"Cory Bet Amount":null,"Cory Win/Lose/Push":null,"Cory":null,"JB Bet Amount":null,"JB Win/Lose/Push":null,"JB":null,"Ethan Bet Amount":null,"Ethan Win/Lose/Push":null,"Ethan":null,"Jaime Bet Amount":null,"Jaime Win/Lose/Push":null,"Jaime":null,"Nathan Bet Amount":null,"Nathan Win/Lose/Push":null,"Nathan":null,"Evan Bet Amount":null,"Evan Win/Lose/Push":null,"Evan":null,"Brandon Bet Amount":null,"Brandon Win/Lose/Push":null,"Brandon":null,"Total Team Bet":null,"Legends Bet":null,"Leaders Bet":null,"To Win":null,"Payout":null,"TOTALS":null,"Mitch Totals":null,"Phil Totals":null,"Bryce Totals":null,"Cory Totals":null,"JB Totals":null,"Ethan Totals":null},{"Week":"61","Date":"12/29/2023","Mitch Bet Amount":null,"Mitch Win/Lose/Push":null,"Mitch":null,"Phil Bet Amount":null,"Phil Win/Lose/Push":null,"Phil":null,"Bryce Bet Amount":null,"Bryce Win/Lose/Push":null,"Bryce":null,"Cory Bet Amount":null,"Cory Win/Lose/Push":null,"Cory":null,"JB Bet Amount":null,"JB Win/Lose/Push":null,"JB":null,"Ethan Bet Amount":null,"Ethan Win/Lose/Push":null,"Ethan":null,"Jaime Bet Amount":null,"Jaime Win/Lose/Push":null,"Jaime":null,"Nathan Bet Amount":null,"Nathan Win/Lose/Push":null,"Nathan":null,"Evan Bet Amount":null,"Evan Win/Lose/Push":null,"Evan":null,"Brandon Bet Amount":null,"Brandon Win/Lose/Push":null,"Brandon":null,"Total Team Bet":null,"Legends Bet":null,"Leaders Bet":null,"To Win":null,"Payout":null,"TOTALS":null,"Mitch Totals":null,"Phil Totals":null,"Bryce Totals":null,"Cory Totals":null,"JB Totals":null,"Ethan Totals":null},{"Week":"62","Date":"01/05/2024","Mitch Bet Amount":null,"Mitch Win/Lose/Push":null,"Mitch":null,"Phil Bet Amount":null,"Phil Win/Lose/Push":null,"Phil":null,"Bryce Bet Amount":null,"Bryce Win/Lose/Push":null,"Bryce":null,"Cory Bet Amount":null,"Cory Win/Lose/Push":null,"Cory":null,"JB Bet Amount":null,"JB Win/Lose/Push":null,"JB":null,"Ethan Bet Amount":null,"Ethan Win/Lose/Push":null,"Ethan":null,"Jaime Bet Amount":null,"Jaime Win/Lose/Push":null,"Jaime":null,"Nathan Bet Amount":null,"Nathan Win/Lose/Push":null,"Nathan":null,"Evan Bet Amount":null,"Evan Win/Lose/Push":null,"Evan":null,"Brandon Bet Amount":null,"Brandon Win/Lose/Push":null,"Brandon":null,"Total Team Bet":null,"Legends Bet":null,"Leaders Bet":null,"To Win":null,"Payout":null,"TOTALS":null,"Mitch Totals":null,"Phil Totals":null,"Bryce Totals":null,"Cory Totals":null,"JB Totals":null,"Ethan Totals":null},{"Week":"63","Date":"01/12/2024","Mitch Bet Amount":null,"Mitch Win/Lose/Push":null,"Mitch":null,"Phil Bet Amount":null,"Phil Win/Lose/Push":null,"Phil":null,"Bryce Bet Amount":null,"Bryce Win/Lose/Push":null,"Bryce":null,"Cory Bet Amount":null,"Cory Win/Lose/Push":null,"Cory":null,"JB Bet Amount":null,"JB Win/Lose/Push":null,"JB":null,"Ethan Bet Amount":null,"Ethan Win/Lose/Push":null,"Ethan":null,"Jaime Bet Amount":null,"Jaime Win/Lose/Push":null,"Jaime":null,"Nathan Bet Amount":null,"Nathan Win/Lose/Push":null,"Nathan":null,"Evan Bet Amount":null,"Evan Win/Lose/Push":null,"Evan":null,"Brandon Bet Amount":null,"Brandon Win/Lose/Push":null,"Brandon":null,"Total Team Bet":null,"Legends Bet":null,"Leaders Bet":null,"To Win":null,"Payout":null,"TOTALS":null,"Mitch Totals":null,"Phil Totals":null,"Bryce Totals":null,"Cory Totals":null,"JB Totals":null,"Ethan Totals":null},{"Week":"64","Date":"01/19/2024","Mitch Bet Amount":null,"Mitch Win/Lose/Push":null,"Mitch":null,"Phil Bet Amount":null,"Phil Win/Lose/Push":null,"Phil":null,"Bryce Bet Amount":null,"Bryce Win/Lose/Push":null,"Bryce":null,"Cory Bet Amount":null,"Cory Win/Lose/Push":null,"Cory":null,"JB Bet Amount":null,"JB Win/Lose/Push":null,"JB":null,"Ethan Bet Amount":null,"Ethan Win/Lose/Push":null,"Ethan":null,"Jaime Bet Amount":null,"Jaime Win/Lose/Push":null,"Jaime":null,"Nathan Bet Amount":null,"Nathan Win/Lose/Push":null,"Nathan":null,"Evan Bet Amount":null,"Evan Win/Lose/Push":null,"Evan":null,"Brandon Bet Amount":null,"Brandon Win/Lose/Push":null,"Brandon":null,"Total Team Bet":null,"Legends Bet":null,"Leaders Bet":null,"To Win":null,"Payout":null,"TOTALS":null,"Mitch Totals":null,"Phil Totals":null,"Bryce Totals":null,"Cory Totals":null,"JB Totals":null,"Ethan Totals":null},{"Week":"65","Date":"01/26/2024","Mitch Bet Amount":null,"Mitch Win/Lose/Push":null,"Mitch":null,"Phil Bet Amount":null,"Phil Win/Lose/Push":null,"Phil":null,"Bryce Bet Amount":null,"Bryce Win/Lose/Push":null,"Bryce":null,"Cory Bet Amount":null,"Cory Win/Lose/Push":null,"Cory":null,"JB Bet Amount":null,"JB Win/Lose/Push":null,"JB":null,"Ethan Bet Amount":null,"Ethan Win/Lose/Push":null,"Ethan":null,"Jaime Bet Amount":null,"Jaime Win/Lose/Push":null,"Jaime":null,"Nathan Bet Amount":null,"Nathan Win/Lose/Push":null,"Nathan":null,"Evan Bet Amount":null,"Evan Win/Lose/Push":null,"Evan":null,"Brandon Bet Amount":null,"Brandon Win/Lose/Push":null,"Brandon":null,"Total Team Bet":null,"Legends Bet":null,"Leaders Bet":null,"To Win":null,"Payout":null,"TOTALS":null,"Mitch Totals":null,"Phil Totals":null,"Bryce Totals":null,"Cory Totals":null,"JB Totals":null,"Ethan Totals":null},{"Week":"66","Date":"02/02/2024","Mitch Bet Amount":null,"Mitch Win/Lose/Push":null,"Mitch":null,"Phil Bet Amount":null,"Phil Win/Lose/Push":null,"Phil":null,"Bryce Bet Amount":null,"Bryce Win/Lose/Push":null,"Bryce":null,"Cory Bet Amount":null,"Cory Win/Lose/Push":null,"Cory":null,"JB Bet Amount":null,"JB Win/Lose/Push":null,"JB":null,"Ethan Bet Amount":null,"Ethan Win/Lose/Push":null,"Ethan":null,"Jaime Bet Amount":null,"Jaime Win/Lose/Push":null,"Jaime":null,"Nathan Bet Amount":null,"Nathan Win/Lose/Push":null,"Nathan":null,"Evan Bet Amount":null,"Evan Win/Lose/Push":null,"Evan":null,"Brandon Bet Amount":null,"Brandon Win/Lose/Push":null,"Brandon":null,"Total Team Bet":null,"Legends Bet":null,"Leaders Bet":null,"To Win":null,"Payout":null,"TOTALS":null,"Mitch Totals":null,"Phil Totals":null,"Bryce Totals":null,"Cory Totals":null,"JB Totals":null,"Ethan Totals":null},{"Week":"67","Date":"02/09/2024","Mitch Bet Amount":null,"Mitch Win/Lose/Push":null,"Mitch":null,"Phil Bet Amount":null,"Phil Win/Lose/Push":null,"Phil":null,"Bryce Bet Amount":null,"Bryce Win/Lose/Push":null,"Bryce":null,"Cory Bet Amount":null,"Cory Win/Lose/Push":null,"Cory":null,"JB Bet Amount":null,"JB Win/Lose/Push":null,"JB":null,"Ethan Bet Amount":null,"Ethan Win/Lose/Push":null,"Ethan":null,"Jaime Bet Amount":null,"Jaime Win/Lose/Push":null,"Jaime":null,"Nathan Bet Amount":null,"Nathan Win/Lose/Push":null,"Nathan":null,"Evan Bet Amount":null,"Evan Win/Lose/Push":null,"Evan":null,"Brandon Bet Amount":null,"Brandon Win/Lose/Push":null,"Brandon":null,"Total Team Bet":null,"Legends Bet":null,"Leaders Bet":null,"To Win":null,"Payout":null,"TOTALS":null,"Mitch Totals":null,"Phil Totals":null,"Bryce Totals":null,"Cory Totals":null,"JB Totals":null,"Ethan Totals":null},{"Week":"68","Date":"02/16/2024","Mitch Bet Amount":null,"Mitch Win/Lose/Push":null,"Mitch":null,"Phil Bet Amount":null,"Phil Win/Lose/Push":null,"Phil":null,"Bryce Bet Amount":null,"Bryce Win/Lose/Push":null,"Bryce":null,"Cory Bet Amount":null,"Cory Win/Lose/Push":null,"Cory":null,"JB Bet Amount":null,"JB Win/Lose/Push":null,"JB":null,"Ethan Bet Amount":null,"Ethan Win/Lose/Push":null,"Ethan":null,"Jaime Bet Amount":null,"Jaime Win/Lose/Push":null,"Jaime":null,"Nathan Bet Amount":null,"Nathan Win/Lose/Push":null,"Nathan":null,"Evan Bet Amount":null,"Evan Win/Lose/Push":null,"Evan":null,"Brandon Bet Amount":null,"Brandon Win/Lose/Push":null,"Brandon":null,"Total Team Bet":null,"Legends Bet":null,"Leaders Bet":null,"To Win":null,"Payout":null,"TOTALS":null,"Mitch Totals":null,"Phil Totals":null,"Bryce Totals":null,"Cory Totals":null,"JB Totals":null,"Ethan Totals":null},{"Week":"69","Date":"02/23/2024","Mitch Bet Amount":null,"Mitch Win/Lose/Push":null,"Mitch":null,"Phil Bet Amount":null,"Phil Win/Lose/Push":null,"Phil":null,"Bryce Bet Amount":null,"Bryce Win/Lose/Push":null,"Bryce":null,"Cory Bet Amount":null,"Cory Win/Lose/Push":null,"Cory":null,"JB Bet Amount":null,"JB Win/Lose/Push":null,"JB":null,"Ethan Bet Amount":null,"Ethan Win/Lose/Push":null,"Ethan":null,"Jaime Bet Amount":null,"Jaime Win/Lose/Push":null,"Jaime":null,"Nathan Bet Amount":null,"Nathan Win/Lose/Push":null,"Nathan":null,"Evan Bet Amount":null,"Evan Win/Lose/Push":null,"Evan":null,"Brandon Bet Amount":null,"Brandon Win/Lose/Push":null,"Brandon":null,"Total Team Bet":null,"Legends Bet":null,"Leaders Bet":null,"To Win":null,"Payout":null,"TOTALS":null,"Mitch Totals":null,"Phil Totals":null,"Bryce Totals":null,"Cory Totals":null,"JB Totals":null,"Ethan Totals":null},{"Week":"70","Date":"03/01/2024","Mitch Bet Amount":null,"Mitch Win/Lose/Push":null,"Mitch":null,"Phil Bet Amount":null,"Phil Win/Lose/Push":null,"Phil":null,"Bryce Bet Amount":null,"Bryce Win/Lose/Push":null,"Bryce":null,"Cory Bet Amount":null,"Cory Win/Lose/Push":null,"Cory":null,"JB Bet Amount":null,"JB Win/Lose/Push":null,"JB":null,"Ethan Bet Amount":null,"Ethan Win/Lose/Push":null,"Ethan":null,"Jaime Bet Amount":null,"Jaime Win/Lose/Push":null,"Jaime":null,"Nathan Bet Amount":null,"Nathan Win/Lose/Push":null,"Nathan":null,"Evan Bet Amount":null,"Evan Win/Lose/Push":null,"Evan":null,"Brandon Bet Amount":null,"Brandon Win/Lose/Push":null,"Brandon":null,"Total Team Bet":null,"Legends Bet":null,"Leaders Bet":null,"To Win":null,"Payout":null,"TOTALS":null,"Mitch Totals":null,"Phil Totals":null,"Bryce Totals":null,"Cory Totals":null,"JB Totals":null,"Ethan Totals":null},{"Week":"71","Date":"03/08/2024","Mitch Bet Amount":null,"Mitch Win/Lose/Push":null,"Mitch":null,"Phil Bet Amount":null,"Phil Win/Lose/Push":null,"Phil":null,"Bryce Bet Amount":null,"Bryce Win/Lose/Push":null,"Bryce":null,"Cory Bet Amount":null,"Cory Win/Lose/Push":null,"Cory":null,"JB Bet Amount":null,"JB Win/Lose/Push":null,"JB":null,"Ethan Bet Amount":null,"Ethan Win/Lose/Push":null,"Ethan":null,"Jaime Bet Amount":null,"Jaime Win/Lose/Push":null,"Jaime":null,"Nathan Bet Amount":null,"Nathan Win/Lose/Push":null,"Nathan":null,"Evan Bet Amount":null,"Evan Win/Lose/Push":null,"Evan":null,"Brandon Bet Amount":null,"Brandon Win/Lose/Push":null,"Brandon":null,"Total Team Bet":null,"Legends Bet":null,"Leaders Bet":null,"To Win":null,"Payout":null,"TOTALS":null,"Mitch Totals":null,"Phil Totals":null,"Bryce Totals":null,"Cory Totals":null,"JB Totals":null,"Ethan Totals":null},{"Week":"72","Date":"03/15/2024","Mitch Bet Amount":null,"Mitch Win/Lose/Push":null,"Mitch":null,"Phil Bet Amount":null,"Phil Win/Lose/Push":null,"Phil":null,"Bryce Bet Amount":null,"Bryce Win/Lose/Push":null,"Bryce":null,"Cory Bet Amount":null,"Cory Win/Lose/Push":null,"Cory":null,"JB Bet Amount":null,"JB Win/Lose/Push":null,"JB":null,"Ethan Bet Amount":null,"Ethan Win/Lose/Push":null,"Ethan":null,"Jaime Bet Amount":null,"Jaime Win/Lose/Push":null,"Jaime":null,"Nathan Bet Amount":null,"Nathan Win/Lose/Push":null,"Nathan":null,"Evan Bet Amount":null,"Evan Win/Lose/Push":null,"Evan":null,"Brandon Bet Amount":null,"Brandon Win/Lose/Push":null,"Brandon":null,"Total Team Bet":null,"Legends Bet":null,"Leaders Bet":null,"To Win":null,"Payout":null,"TOTALS":null,"Mitch Totals":null,"Phil Totals":null,"Bryce Totals":null,"Cory Totals":null,"JB Totals":null,"Ethan Totals":null},{"Week":"73","Date":"03/22/2024","Mitch Bet Amount":null,"Mitch Win/Lose/Push":null,"Mitch":null,"Phil Bet Amount":null,"Phil Win/Lose/Push":null,"Phil":null,"Bryce Bet Amount":null,"Bryce Win/Lose/Push":null,"Bryce":null,"Cory Bet Amount":null,"Cory Win/Lose/Push":null,"Cory":null,"JB Bet Amount":null,"JB Win/Lose/Push":null,"JB":null,"Ethan Bet Amount":null,"Ethan Win/Lose/Push":null,"Ethan":null,"Jaime Bet Amount":null,"Jaime Win/Lose/Push":null,"Jaime":null,"Nathan Bet Amount":null,"Nathan Win/Lose/Push":null,"Nathan":null,"Evan Bet Amount":null,"Evan Win/Lose/Push":null,"Evan":null,"Brandon Bet Amount":null,"Brandon Win/Lose/Push":null,"Brandon":null,"Total Team Bet":null,"Legends Bet":null,"Leaders Bet":null,"To Win":null,"Payout":null,"TOTALS":null,"Mitch Totals":null,"Phil Totals":null,"Bryce Totals":null,"Cory Totals":null,"JB Totals":null,"Ethan Totals":null},{"Week":"74","Date":"03/29/2024","Mitch Bet Amount":null,"Mitch Win/Lose/Push":null,"Mitch":null,"Phil Bet Amount":null,"Phil Win/Lose/Push":null,"Phil":null,"Bryce Bet Amount":null,"Bryce Win/Lose/Push":null,"Bryce":null,"Cory Bet Amount":null,"Cory Win/Lose/Push":null,"Cory":null,"JB Bet Amount":null,"JB Win/Lose/Push":null,"JB":null,"Ethan Bet Amount":null,"Ethan Win/Lose/Push":null,"Ethan":null,"Jaime Bet Amount":null,"Jaime Win/Lose/Push":null,"Jaime":null,"Nathan Bet Amount":null,"Nathan Win/Lose/Push":null,"Nathan":null,"Evan Bet Amount":null,"Evan Win/Lose/Push":null,"Evan":null,"Brandon Bet Amount":null,"Brandon Win/Lose/Push":null,"Brandon":null,"Total Team Bet":null,"Legends Bet":null,"Leaders Bet":null,"To Win":null,"Payout":null,"TOTALS":null,"Mitch Totals":null,"Phil Totals":null,"Bryce Totals":null,"Cory Totals":null,"JB Totals":null,"Ethan Totals":null},{"Week":"75","Date":"04/05/2024","Mitch Bet Amount":null,"Mitch Win/Lose/Push":null,"Mitch":null,"Phil Bet Amount":null,"Phil Win/Lose/Push":null,"Phil":null,"Bryce Bet Amount":null,"Bryce Win/Lose/Push":null,"Bryce":null,"Cory Bet Amount":null,"Cory Win/Lose/Push":null,"Cory":null,"JB Bet Amount":null,"JB Win/Lose/Push":null,"JB":null,"Ethan Bet Amount":null,"Ethan Win/Lose/Push":null,"Ethan":null,"Jaime Bet Amount":null,"Jaime Win/Lose/Push":null,"Jaime":null,"Nathan Bet Amount":null,"Nathan Win/Lose/Push":null,"Nathan":null,"Evan Bet Amount":null,"Evan Win/Lose/Push":null,"Evan":null,"Brandon Bet Amount":null,"Brandon Win/Lose/Push":null,"Brandon":null,"Total Team Bet":null,"Legends Bet":null,"Leaders Bet":null,"To Win":null,"Payout":null,"TOTALS":null,"Mitch Totals":null,"Phil Totals":null,"Bryce Totals":null,"Cory Totals":null,"JB Totals":null,"Ethan Totals":null},{"Week":"76","Date":"04/12/2024","Mitch Bet Amount":null,"Mitch Win/Lose/Push":null,"Mitch":null,"Phil Bet Amount":null,"Phil Win/Lose/Push":null,"Phil":null,"Bryce Bet Amount":null,"Bryce Win/Lose/Push":null,"Bryce":null,"Cory Bet Amount":null,"Cory Win/Lose/Push":null,"Cory":null,"JB Bet Amount":null,"JB Win/Lose/Push":null,"JB":null,"Ethan Bet Amount":null,"Ethan Win/Lose/Push":null,"Ethan":null,"Jaime Bet Amount":null,"Jaime Win/Lose/Push":null,"Jaime":null,"Nathan Bet Amount":null,"Nathan Win/Lose/Push":null,"Nathan":null,"Evan Bet Amount":null,"Evan Win/Lose/Push":null,"Evan":null,"Brandon Bet Amount":null,"Brandon Win/Lose/Push":null,"Brandon":null,"Total Team Bet":null,"Legends Bet":null,"Leaders Bet":null,"To Win":null,"Payout":null,"TOTALS":null,"Mitch Totals":null,"Phil Totals":null,"Bryce Totals":null,"Cory Totals":null,"JB Totals":null,"Ethan Totals":null},{"Week":"77","Date":"04/19/2024","Mitch Bet Amount":null,"Mitch Win/Lose/Push":null,"Mitch":null,"Phil Bet Amount":null,"Phil Win/Lose/Push":null,"Phil":null,"Bryce Bet Amount":null,"Bryce Win/Lose/Push":null,"Bryce":null,"Cory Bet Amount":null,"Cory Win/Lose/Push":null,"Cory":null,"JB Bet Amount":null,"JB Win/Lose/Push":null,"JB":null,"Ethan Bet Amount":null,"Ethan Win/Lose/Push":null,"Ethan":null,"Jaime Bet Amount":null,"Jaime Win/Lose/Push":null,"Jaime":null,"Nathan Bet Amount":null,"Nathan Win/Lose/Push":null,"Nathan":null,"Evan Bet Amount":null,"Evan Win/Lose/Push":null,"Evan":null,"Brandon Bet Amount":null,"Brandon Win/Lose/Push":null,"Brandon":null,"Total Team Bet":null,"Legends Bet":null,"Leaders Bet":null,"To Win":null,"Payout":null,"TOTALS":null,"Mitch Totals":null,"Phil Totals":null,"Bryce Totals":null,"Cory Totals":null,"JB Totals":null,"Ethan Totals":null},{"Week":"78","Date":"04/26/2024","Mitch Bet Amount":null,"Mitch Win/Lose/Push":null,"Mitch":null,"Phil Bet Amount":null,"Phil Win/Lose/Push":null,"Phil":null,"Bryce Bet Amount":null,"Bryce Win/Lose/Push":null,"Bryce":null,"Cory Bet Amount":null,"Cory Win/Lose/Push":null,"Cory":null,"JB Bet Amount":null,"JB Win/Lose/Push":null,"JB":null,"Ethan Bet Amount":null,"Ethan Win/Lose/Push":null,"Ethan":null,"Jaime Bet Amount":null,"Jaime Win/Lose/Push":null,"Jaime":null,"Nathan Bet Amount":null,"Nathan Win/Lose/Push":null,"Nathan":null,"Evan Bet Amount":null,"Evan Win/Lose/Push":null,"Evan":null,"Brandon Bet Amount":null,"Brandon Win/Lose/Push":null,"Brandon":null,"Total Team Bet":null,"Legends Bet":null,"Leaders Bet":null,"To Win":null,"Payout":null,"TOTALS":null,"Mitch Totals":null,"Phil Totals":null,"Bryce Totals":null,"Cory Totals":null,"JB Totals":null,"Ethan Totals":null},{"Week":"79","Date":"05/03/2024","Mitch Bet Amount":null,"Mitch Win/Lose/Push":null,"Mitch":null,"Phil Bet Amount":null,"Phil Win/Lose/Push":null,"Phil":null,"Bryce Bet Amount":null,"Bryce Win/Lose/Push":null,"Bryce":null,"Cory Bet Amount":null,"Cory Win/Lose/Push":null,"Cory":null,"JB Bet Amount":null,"JB Win/Lose/Push":null,"JB":null,"Ethan Bet Amount":null,"Ethan Win/Lose/Push":null,"Ethan":null,"Jaime Bet Amount":null,"Jaime Win/Lose/Push":null,"Jaime":null,"Nathan Bet Amount":null,"Nathan Win/Lose/Push":null,"Nathan":null,"Evan Bet Amount":null,"Evan Win/Lose/Push":null,"Evan":null,"Brandon Bet Amount":null,"Brandon Win/Lose/Push":null,"Brandon":null,"Total Team Bet":null,"Legends Bet":null,"Leaders Bet":null,"To Win":null,"Payout":null,"TOTALS":null,"Mitch Totals":null,"Phil Totals":null,"Bryce Totals":null,"Cory Totals":null,"JB Totals":null,"Ethan Totals":null},{"Week":"80","Date":"05/10/2024","Mitch Bet Amount":null,"Mitch Win/Lose/Push":null,"Mitch":null,"Phil Bet Amount":null,"Phil Win/Lose/Push":null,"Phil":null,"Bryce Bet Amount":null,"Bryce Win/Lose/Push":null,"Bryce":null,"Cory Bet Amount":null,"Cory Win/Lose/Push":null,"Cory":null,"JB Bet Amount":null,"JB Win/Lose/Push":null,"JB":null,"Ethan Bet Amount":null,"Ethan Win/Lose/Push":null,"Ethan":null,"Jaime Bet Amount":null,"Jaime Win/Lose/Push":null,"Jaime":null,"Nathan Bet Amount":null,"Nathan Win/Lose/Push":null,"Nathan":null,"Evan Bet Amount":null,"Evan Win/Lose/Push":null,"Evan":null,"Brandon Bet Amount":null,"Brandon Win/Lose/Push":null,"Brandon":null,"Total Team Bet":null,"Legends Bet":null,"Leaders Bet":null,"To Win":null,"Payout":null,"TOTALS":null,"Mitch Totals":null,"Phil Totals":null,"Bryce Totals":null,"Cory Totals":null,"JB Totals":null,"Ethan Totals":null},{"Week":"81","Date":"05/17/2024","Mitch Bet Amount":null,"Mitch Win/Lose/Push":null,"Mitch":null,"Phil Bet Amount":null,"Phil Win/Lose/Push":null,"Phil":null,"Bryce Bet Amount":null,"Bryce Win/Lose/Push":null,"Bryce":null,"Cory Bet Amount":null,"Cory Win/Lose/Push":null,"Cory":null,"JB Bet Amount":null,"JB Win/Lose/Push":null,"JB":null,"Ethan Bet Amount":null,"Ethan Win/Lose/Push":null,"Ethan":null,"Jaime Bet Amount":null,"Jaime Win/Lose/Push":null,"Jaime":null,"Nathan Bet Amount":null,"Nathan Win/Lose/Push":null,"Nathan":null,"Evan Bet Amount":null,"Evan Win/Lose/Push":null,"Evan":null,"Brandon Bet Amount":null,"Brandon Win/Lose/Push":null,"Brandon":null,"Total Team Bet":null,"Legends Bet":null,"Leaders Bet":null,"To Win":null,"Payout":null,"TOTALS":null,"Mitch Totals":null,"Phil Totals":null,"Bryce Totals":null,"Cory Totals":null,"JB Totals":null,"Ethan Totals":null},{"Week":"82","Date":"05/24/2024","Mitch Bet Amount":null,"Mitch Win/Lose/Push":null,"Mitch":null,"Phil Bet Amount":null,"Phil Win/Lose/Push":null,"Phil":null,"Bryce Bet Amount":null,"Bryce Win/Lose/Push":null,"Bryce":null,"Cory Bet Amount":null,"Cory Win/Lose/Push":null,"Cory":null,"JB Bet Amount":null,"JB Win/Lose/Push":null,"JB":null,"Ethan Bet Amount":null,"Ethan Win/Lose/Push":null,"Ethan":null,"Jaime Bet Amount":null,"Jaime Win/Lose/Push":null,"Jaime":null,"Nathan Bet Amount":null,"Nathan Win/Lose/Push":null,"Nathan":null,"Evan Bet Amount":null,"Evan Win/Lose/Push":null,"Evan":null,"Brandon Bet Amount":null,"Brandon Win/Lose/Push":null,"Brandon":null,"Total Team Bet":null,"Legends Bet":null,"Leaders Bet":null,"To Win":null,"Payout":null,"TOTALS":null,"Mitch Totals":null,"Phil Totals":null,"Bryce Totals":null,"Cory Totals":null,"JB Totals":null,"Ethan Totals":null},{"Week":"83","Date":"05/31/2024","Mitch Bet Amount":null,"Mitch Win/Lose/Push":null,"Mitch":null,"Phil Bet Amount":null,"Phil Win/Lose/Push":null,"Phil":null,"Bryce Bet Amount":null,"Bryce Win/Lose/Push":null,"Bryce":null,"Cory Bet Amount":null,"Cory Win/Lose/Push":null,"Cory":null,"JB Bet Amount":null,"JB Win/Lose/Push":null,"JB":null,"Ethan Bet Amount":null,"Ethan Win/Lose/Push":null,"Ethan":null,"Jaime Bet Amount":null,"Jaime Win/Lose/Push":null,"Jaime":null,"Nathan Bet Amount":null,"Nathan Win/Lose/Push":null,"Nathan":null,"Evan Bet Amount":null,"Evan Win/Lose/Push":null,"Evan":null,"Brandon Bet Amount":null,"Brandon Win/Lose/Push":null,"Brandon":null,"Total Team Bet":null,"Legends Bet":null,"Leaders Bet":null,"To Win":null,"Payout":null,"TOTALS":null,"Mitch Totals":null,"Phil Totals":null,"Bryce Totals":null,"Cory Totals":null,"JB Totals":null,"Ethan Totals":null},{"Week":"84","Date":"06/07/2024","Mitch Bet Amount":null,"Mitch Win/Lose/Push":null,"Mitch":null,"Phil Bet Amount":null,"Phil Win/Lose/Push":null,"Phil":null,"Bryce Bet Amount":null,"Bryce Win/Lose/Push":null,"Bryce":null,"Cory Bet Amount":null,"Cory Win/Lose/Push":null,"Cory":null,"JB Bet Amount":null,"JB Win/Lose/Push":null,"JB":null,"Ethan Bet Amount":null,"Ethan Win/Lose/Push":null,"Ethan":null,"Jaime Bet Amount":null,"Jaime Win/Lose/Push":null,"Jaime":null,"Nathan Bet Amount":null,"Nathan Win/Lose/Push":null,"Nathan":null,"Evan Bet Amount":null,"Evan Win/Lose/Push":null,"Evan":null,"Brandon Bet Amount":null,"Brandon Win/Lose/Push":null,"Brandon":null,"Total Team Bet":null,"Legends Bet":null,"Leaders Bet":null,"To Win":null,"Payout":null,"TOTALS":null,"Mitch Totals":null,"Phil Totals":null,"Bryce Totals":null,"Cory Totals":null,"JB Totals":null,"Ethan Totals":null},{"Week":"85","Date":"06/14/2024","Mitch Bet Amount":null,"Mitch Win/Lose/Push":null,"Mitch":null,"Phil Bet Amount":null,"Phil Win/Lose/Push":null,"Phil":null,"Bryce Bet Amount":null,"Bryce Win/Lose/Push":null,"Bryce":null,"Cory Bet Amount":null,"Cory Win/Lose/Push":null,"Cory":null,"JB Bet Amount":null,"JB Win/Lose/Push":null,"JB":null,"Ethan Bet Amount":null,"Ethan Win/Lose/Push":null,"Ethan":null,"Jaime Bet Amount":null,"Jaime Win/Lose/Push":null,"Jaime":null,"Nathan Bet Amount":null,"Nathan Win/Lose/Push":null,"Nathan":null,"Evan Bet Amount":null,"Evan Win/Lose/Push":null,"Evan":null,"Brandon Bet Amount":null,"Brandon Win/Lose/Push":null,"Brandon":null,"Total Team Bet":null,"Legends Bet":null,"Leaders Bet":null,"To Win":null,"Payout":null,"TOTALS":null,"Mitch Totals":null,"Phil Totals":null,"Bryce Totals":null,"Cory Totals":null,"JB Totals":null,"Ethan Totals":null},{"Week":"86","Date":"06/21/2024","Mitch Bet Amount":null,"Mitch Win/Lose/Push":null,"Mitch":null,"Phil Bet Amount":null,"Phil Win/Lose/Push":null,"Phil":null,"Bryce Bet Amount":null,"Bryce Win/Lose/Push":null,"Bryce":null,"Cory Bet Amount":null,"Cory Win/Lose/Push":null,"Cory":null,"JB Bet Amount":null,"JB Win/Lose/Push":null,"JB":null,"Ethan Bet Amount":null,"Ethan Win/Lose/Push":null,"Ethan":null,"Jaime Bet Amount":null,"Jaime Win/Lose/Push":null,"Jaime":null,"Nathan Bet Amount":null,"Nathan Win/Lose/Push":null,"Nathan":null,"Evan Bet Amount":null,"Evan Win/Lose/Push":null,"Evan":null,"Brandon Bet Amount":null,"Brandon Win/Lose/Push":null,"Brandon":null,"Total Team Bet":null,"Legends Bet":null,"Leaders Bet":null,"To Win":null,"Payout":null,"TOTALS":null,"Mitch Totals":null,"Phil Totals":null,"Bryce Totals":null,"Cory Totals":null,"JB Totals":null,"Ethan Totals":null},{"Week":"87","Date":"06/28/2024","Mitch Bet Amount":null,"Mitch Win/Lose/Push":null,"Mitch":null,"Phil Bet Amount":null,"Phil Win/Lose/Push":null,"Phil":null,"Bryce Bet Amount":null,"Bryce Win/Lose/Push":null,"Bryce":null,"Cory Bet Amount":null,"Cory Win/Lose/Push":null,"Cory":null,"JB Bet Amount":null,"JB Win/Lose/Push":null,"JB":null,"Ethan Bet Amount":null,"Ethan Win/Lose/Push":null,"Ethan":null,"Jaime Bet Amount":null,"Jaime Win/Lose/Push":null,"Jaime":null,"Nathan Bet Amount":null,"Nathan Win/Lose/Push":null,"Nathan":null,"Evan Bet Amount":null,"Evan Win/Lose/Push":null,"Evan":null,"Brandon Bet Amount":null,"Brandon Win/Lose/Push":null,"Brandon":null,"Total Team Bet":null,"Legends Bet":null,"Leaders Bet":null,"To Win":null,"Payout":null,"TOTALS":null,"Mitch Totals":null,"Phil Totals":null,"Bryce Totals":null,"Cory Totals":null,"JB Totals":null,"Ethan Totals":null},{"Week":"88","Date":"07/05/2024","Mitch Bet Amount":null,"Mitch Win/Lose/Push":null,"Mitch":null,"Phil Bet Amount":null,"Phil Win/Lose/Push":null,"Phil":null,"Bryce Bet Amount":null,"Bryce Win/Lose/Push":null,"Bryce":null,"Cory Bet Amount":null,"Cory Win/Lose/Push":null,"Cory":null,"JB Bet Amount":null,"JB Win/Lose/Push":null,"JB":null,"Ethan Bet Amount":null,"Ethan Win/Lose/Push":null,"Ethan":null,"Jaime Bet Amount":null,"Jaime Win/Lose/Push":null,"Jaime":null,"Nathan Bet Amount":null,"Nathan Win/Lose/Push":null,"Nathan":null,"Evan Bet Amount":null,"Evan Win/Lose/Push":null,"Evan":null,"Brandon Bet Amount":null,"Brandon Win/Lose/Push":null,"Brandon":null,"Total Team Bet":null,"Legends Bet":null,"Leaders Bet":null,"To Win":null,"Payout":null,"TOTALS":null,"Mitch Totals":null,"Phil Totals":null,"Bryce Totals":null,"Cory Totals":null,"JB Totals":null,"Ethan Totals":null},{"Week":"89","Date":"07/12/2024","Mitch Bet Amount":null,"Mitch Win/Lose/Push":null,"Mitch":null,"Phil Bet Amount":null,"Phil Win/Lose/Push":null,"Phil":null,"Bryce Bet Amount":null,"Bryce Win/Lose/Push":null,"Bryce":null,"Cory Bet Amount":null,"Cory Win/Lose/Push":null,"Cory":null,"JB Bet Amount":null,"JB Win/Lose/Push":null,"JB":null,"Ethan Bet Amount":null,"Ethan Win/Lose/Push":null,"Ethan":null,"Jaime Bet Amount":null,"Jaime Win/Lose/Push":null,"Jaime":null,"Nathan Bet Amount":null,"Nathan Win/Lose/Push":null,"Nathan":null,"Evan Bet Amount":null,"Evan Win/Lose/Push":null,"Evan":null,"Brandon Bet Amount":null,"Brandon Win/Lose/Push":null,"Brandon":null,"Total Team Bet":null,"Legends Bet":null,"Leaders Bet":null,"To Win":null,"Payout":null,"TOTALS":null,"Mitch Totals":null,"Phil Totals":null,"Bryce Totals":null,"Cory Totals":null,"JB Totals":null,"Ethan Totals":null},{"Week":"90","Date":"07/19/2024","Mitch Bet Amount":null,"Mitch Win/Lose/Push":null,"Mitch":null,"Phil Bet Amount":null,"Phil Win/Lose/Push":null,"Phil":null,"Bryce Bet Amount":null,"Bryce Win/Lose/Push":null,"Bryce":null,"Cory Bet Amount":null,"Cory Win/Lose/Push":null,"Cory":null,"JB Bet Amount":null,"JB Win/Lose/Push":null,"JB":null,"Ethan Bet Amount":null,"Ethan Win/Lose/Push":null,"Ethan":null,"Jaime Bet Amount":null,"Jaime Win/Lose/Push":null,"Jaime":null,"Nathan Bet Amount":null,"Nathan Win/Lose/Push":null,"Nathan":null,"Evan Bet Amount":null,"Evan Win/Lose/Push":null,"Evan":null,"Brandon Bet Amount":null,"Brandon Win/Lose/Push":null,"Brandon":null,"Total Team Bet":null,"Legends Bet":null,"Leaders Bet":null,"To Win":null,"Payout":null,"TOTALS":null,"Mitch Totals":null,"Phil Totals":null,"Bryce Totals":null,"Cory Totals":null,"JB Totals":null,"Ethan Totals":null},{"Week":"91","Date":"07/26/2024","Mitch Bet Amount":null,"Mitch Win/Lose/Push":null,"Mitch":null,"Phil Bet Amount":null,"Phil Win/Lose/Push":null,"Phil":null,"Bryce Bet Amount":null,"Bryce Win/Lose/Push":null,"Bryce":null,"Cory Bet Amount":null,"Cory Win/Lose/Push":null,"Cory":null,"JB Bet Amount":null,"JB Win/Lose/Push":null,"JB":null,"Ethan Bet Amount":null,"Ethan Win/Lose/Push":null,"Ethan":null,"Jaime Bet Amount":null,"Jaime Win/Lose/Push":null,"Jaime":null,"Nathan Bet Amount":null,"Nathan Win/Lose/Push":null,"Nathan":null,"Evan Bet Amount":null,"Evan Win/Lose/Push":null,"Evan":null,"Brandon Bet Amount":null,"Brandon Win/Lose/Push":null,"Brandon":null,"Total Team Bet":null,"Legends Bet":null,"Leaders Bet":null,"To Win":null,"Payout":null,"TOTALS":null,"Mitch Totals":null,"Phil Totals":null,"Bryce Totals":null,"Cory Totals":null,"JB Totals":null,"Ethan Totals":null},{"Week":"92","Date":"08/02/2024","Mitch Bet Amount":null,"Mitch Win/Lose/Push":null,"Mitch":null,"Phil Bet Amount":null,"Phil Win/Lose/Push":null,"Phil":null,"Bryce Bet Amount":null,"Bryce Win/Lose/Push":null,"Bryce":null,"Cory Bet Amount":null,"Cory Win/Lose/Push":null,"Cory":null,"JB Bet Amount":null,"JB Win/Lose/Push":null,"JB":null,"Ethan Bet Amount":null,"Ethan Win/Lose/Push":null,"Ethan":null,"Jaime Bet Amount":null,"Jaime Win/Lose/Push":null,"Jaime":null,"Nathan Bet Amount":null,"Nathan Win/Lose/Push":null,"Nathan":null,"Evan Bet Amount":null,"Evan Win/Lose/Push":null,"Evan":null,"Brandon Bet Amount":null,"Brandon Win/Lose/Push":null,"Brandon":null,"Total Team Bet":null,"Legends Bet":null,"Leaders Bet":null,"To Win":null,"Payout":null,"TOTALS":null,"Mitch Totals":null,"Phil Totals":null,"Bryce Totals":null,"Cory Totals":null,"JB Totals":null,"Ethan Totals":null},{"Week":"93","Date":"08/09/2024","Mitch Bet Amount":null,"Mitch Win/Lose/Push":null,"Mitch":null,"Phil Bet Amount":null,"Phil Win/Lose/Push":null,"Phil":null,"Bryce Bet Amount":null,"Bryce Win/Lose/Push":null,"Bryce":null,"Cory Bet Amount":null,"Cory Win/Lose/Push":null,"Cory":null,"JB Bet Amount":null,"JB Win/Lose/Push":null,"JB":null,"Ethan Bet Amount":null,"Ethan Win/Lose/Push":null,"Ethan":null,"Jaime Bet Amount":null,"Jaime Win/Lose/Push":null,"Jaime":null,"Nathan Bet Amount":null,"Nathan Win/Lose/Push":null,"Nathan":null,"Evan Bet Amount":null,"Evan Win/Lose/Push":null,"Evan":null,"Brandon Bet Amount":null,"Brandon Win/Lose/Push":null,"Brandon":null,"Total Team Bet":null,"Legends Bet":null,"Leaders Bet":null,"To Win":null,"Payout":null,"TOTALS":null,"Mitch Totals":null,"Phil Totals":null,"Bryce Totals":null,"Cory Totals":null,"JB Totals":null,"Ethan Totals":null},{"Week":"94","Date":"08/16/2024","Mitch Bet Amount":null,"Mitch Win/Lose/Push":null,"Mitch":null,"Phil Bet Amount":null,"Phil Win/Lose/Push":null,"Phil":null,"Bryce Bet Amount":null,"Bryce Win/Lose/Push":null,"Bryce":null,"Cory Bet Amount":null,"Cory Win/Lose/Push":null,"Cory":null,"JB Bet Amount":null,"JB Win/Lose/Push":null,"JB":null,"Ethan Bet Amount":null,"Ethan Win/Lose/Push":null,"Ethan":null,"Jaime Bet Amount":null,"Jaime Win/Lose/Push":null,"Jaime":null,"Nathan Bet Amount":null,"Nathan Win/Lose/Push":null,"Nathan":null,"Evan Bet Amount":null,"Evan Win/Lose/Push":null,"Evan":null,"Brandon Bet Amount":null,"Brandon Win/Lose/Push":null,"Brandon":null,"Total Team Bet":null,"Legends Bet":null,"Leaders Bet":null,"To Win":null,"Payout":null,"TOTALS":null,"Mitch Totals":null,"Phil Totals":null,"Bryce Totals":null,"Cory Totals":null,"JB Totals":null,"Ethan Totals":null},{"Week":"95","Date":"08/23/2024","Mitch Bet Amount":null,"Mitch Win/Lose/Push":null,"Mitch":null,"Phil Bet Amount":null,"Phil Win/Lose/Push":null,"Phil":null,"Bryce Bet Amount":null,"Bryce Win/Lose/Push":null,"Bryce":null,"Cory Bet Amount":null,"Cory Win/Lose/Push":null,"Cory":null,"JB Bet Amount":null,"JB Win/Lose/Push":null,"JB":null,"Ethan Bet Amount":null,"Ethan Win/Lose/Push":null,"Ethan":null,"Jaime Bet Amount":null,"Jaime Win/Lose/Push":null,"Jaime":null,"Nathan Bet Amount":null,"Nathan Win/Lose/Push":null,"Nathan":null,"Evan Bet Amount":null,"Evan Win/Lose/Push":null,"Evan":null,"Brandon Bet Amount":null,"Brandon Win/Lose/Push":null,"Brandon":null,"Total Team Bet":null,"Legends Bet":null,"Leaders Bet":null,"To Win":null,"Payout":null,"TOTALS":null,"Mitch Totals":null,"Phil Totals":null,"Bryce Totals":null,"Cory Totals":null,"JB Totals":null,"Ethan Totals":null},{"Week":"96","Date":"08/30/2024","Mitch Bet Amount":null,"Mitch Win/Lose/Push":null,"Mitch":null,"Phil Bet Amount":null,"Phil Win/Lose/Push":null,"Phil":null,"Bryce Bet Amount":null,"Bryce Win/Lose/Push":null,"Bryce":null,"Cory Bet Amount":null,"Cory Win/Lose/Push":null,"Cory":null,"JB Bet Amount":null,"JB Win/Lose/Push":null,"JB":null,"Ethan Bet Amount":null,"Ethan Win/Lose/Push":null,"Ethan":null,"Jaime Bet Amount":null,"Jaime Win/Lose/Push":null,"Jaime":null,"Nathan Bet Amount":null,"Nathan Win/Lose/Push":null,"Nathan":null,"Evan Bet Amount":null,"Evan Win/Lose/Push":null,"Evan":null,"Brandon Bet Amount":null,"Brandon Win/Lose/Push":null,"Brandon":null,"Total Team Bet":null,"Legends Bet":null,"Leaders Bet":null,"To Win":null,"Payout":null,"TOTALS":null,"Mitch Totals":null,"Phil Totals":null,"Bryce Totals":null,"Cory Totals":null,"JB Totals":null,"Ethan Totals":null},{"Week":"97","Date":"09/06/2024","Mitch Bet Amount":null,"Mitch Win/Lose/Push":null,"Mitch":null,"Phil Bet Amount":null,"Phil Win/Lose/Push":null,"Phil":null,"Bryce Bet Amount":null,"Bryce Win/Lose/Push":null,"Bryce":null,"Cory Bet Amount":null,"Cory Win/Lose/Push":null,"Cory":null,"JB Bet Amount":null,"JB Win/Lose/Push":null,"JB":null,"Ethan Bet Amount":null,"Ethan Win/Lose/Push":null,"Ethan":null,"Jaime Bet Amount":null,"Jaime Win/Lose/Push":null,"Jaime":null,"Nathan Bet Amount":null,"Nathan Win/Lose/Push":null,"Nathan":null,"Evan Bet Amount":null,"Evan Win/Lose/Push":null,"Evan":null,"Brandon Bet Amount":null,"Brandon Win/Lose/Push":null,"Brandon":null,"Total Team Bet":null,"Legends Bet":null,"Leaders Bet":null,"To Win":null,"Payout":null,"TOTALS":null,"Mitch Totals":null,"Phil Totals":null,"Bryce Totals":null,"Cory Totals":null,"JB Totals":null,"Ethan Totals":null},{"Week":"98","Date":"09/13/2024","Mitch Bet Amount":null,"Mitch Win/Lose/Push":null,"Mitch":null,"Phil Bet Amount":null,"Phil Win/Lose/Push":null,"Phil":null,"Bryce Bet Amount":null,"Bryce Win/Lose/Push":null,"Bryce":null,"Cory Bet Amount":null,"Cory Win/Lose/Push":null,"Cory":null,"JB Bet Amount":null,"JB Win/Lose/Push":null,"JB":null,"Ethan Bet Amount":null,"Ethan Win/Lose/Push":null,"Ethan":null,"Jaime Bet Amount":null,"Jaime Win/Lose/Push":null,"Jaime":null,"Nathan Bet Amount":null,"Nathan Win/Lose/Push":null,"Nathan":null,"Evan Bet Amount":null,"Evan Win/Lose/Push":null,"Evan":null,"Brandon Bet Amount":null,"Brandon Win/Lose/Push":null,"Brandon":null,"Total Team Bet":null,"Legends Bet":null,"Leaders Bet":null,"To Win":null,"Payout":null,"TOTALS":null,"Mitch Totals":null,"Phil Totals":null,"Bryce Totals":null,"Cory Totals":null,"JB Totals":null,"Ethan Totals":null},{"Week":"99","Date":"09/20/2024","Mitch Bet Amount":null,"Mitch Win/Lose/Push":null,"Mitch":null,"Phil Bet Amount":null,"Phil Win/Lose/Push":null,"Phil":null,"Bryce Bet Amount":null,"Bryce Win/Lose/Push":null,"Bryce":null,"Cory Bet Amount":null,"Cory Win/Lose/Push":null,"Cory":null,"JB Bet Amount":null,"JB Win/Lose/Push":null,"JB":null,"Ethan Bet Amount":null,"Ethan Win/Lose/Push":null,"Ethan":null,"Jaime Bet Amount":null,"Jaime Win/Lose/Push":null,"Jaime":null,"Nathan Bet Amount":null,"Nathan Win/Lose/Push":null,"Nathan":null,"Evan Bet Amount":null,"Evan Win/Lose/Push":null,"Evan":null,"Brandon Bet Amount":null,"Brandon Win/Lose/Push":null,"Brandon":null,"Total Team Bet":null,"Legends Bet":null,"Leaders Bet":null,"To Win":null,"Payout":null,"TOTALS":null,"Mitch Totals":null,"Phil Totals":null,"Bryce Totals":null,"Cory Totals":null,"JB Totals":null,"Ethan Totals":null},{"Week":"100","Date":"09/27/2024","Mitch Bet Amount":null,"Mitch Win/Lose/Push":null,"Mitch":null,"Phil Bet Amount":null,"Phil Win/Lose/Push":null,"Phil":null,"Bryce Bet Amount":null,"Bryce Win/Lose/Push":null,"Bryce":null,"Cory Bet Amount":null,"Cory Win/Lose/Push":null,"Cory":null,"JB Bet Amount":null,"JB Win/Lose/Push":null,"JB":null,"Ethan Bet Amount":null,"Ethan Win/Lose/Push":null,"Ethan":null,"Jaime Bet Amount":null,"Jaime Win/Lose/Push":null,"Jaime":null,"Nathan Bet Amount":null,"Nathan Win/Lose/Push":null,"Nathan":null,"Evan Bet Amount":null,"Evan Win/Lose/Push":null,"Evan":null,"Brandon Bet Amount":null,"Brandon Win/Lose/Push":null,"Brandon":null,"Total Team Bet":null,"Legends Bet":null,"Leaders Bet":null,"To Win":null,"Payout":null,"TOTALS":null,"Mitch Totals":null,"Phil Totals":null,"Bryce Totals":null,"Cory Totals":null,"JB Totals":null,"Ethan Totals":null},{"Week":"101","Date":"10/04/2024","Mitch Bet Amount":null,"Mitch Win/Lose/Push":null,"Mitch":null,"Phil Bet Amount":null,"Phil Win/Lose/Push":null,"Phil":null,"Bryce Bet Amount":null,"Bryce Win/Lose/Push":null,"Bryce":null,"Cory Bet Amount":null,"Cory Win/Lose/Push":null,"Cory":null,"JB Bet Amount":null,"JB Win/Lose/Push":null,"JB":null,"Ethan Bet Amount":null,"Ethan Win/Lose/Push":null,"Ethan":null,"Jaime Bet Amount":null,"Jaime Win/Lose/Push":null,"Jaime":null,"Nathan Bet Amount":null,"Nathan Win/Lose/Push":null,"Nathan":null,"Evan Bet Amount":null,"Evan Win/Lose/Push":null,"Evan":null,"Brandon Bet Amount":null,"Brandon Win/Lose/Push":null,"Brandon":null,"Total Team Bet":null,"Legends Bet":null,"Leaders Bet":null,"To Win":null,"Payout":null,"TOTALS":null,"Mitch Totals":null,"Phil Totals":null,"Bryce Totals":null,"Cory Totals":null,"JB Totals":null,"Ethan Totals":null},{"Week":"102","Date":"10/11/2024","Mitch Bet Amount":null,"Mitch Win/Lose/Push":null,"Mitch":null,"Phil Bet Amount":null,"Phil Win/Lose/Push":null,"Phil":null,"Bryce Bet Amount":null,"Bryce Win/Lose/Push":null,"Bryce":null,"Cory Bet Amount":null,"Cory Win/Lose/Push":null,"Cory":null,"JB Bet Amount":null,"JB Win/Lose/Push":null,"JB":null,"Ethan Bet Amount":null,"Ethan Win/Lose/Push":null,"Ethan":null,"Jaime Bet Amount":null,"Jaime Win/Lose/Push":null,"Jaime":null,"Nathan Bet Amount":null,"Nathan Win/Lose/Push":null,"Nathan":null,"Evan Bet Amount":null,"Evan Win/Lose/Push":null,"Evan":null,"Brandon Bet Amount":null,"Brandon Win/Lose/Push":null,"Brandon":null,"Total Team Bet":null,"Legends Bet":null,"Leaders Bet":null,"To Win":null,"Payout":null,"TOTALS":null,"Mitch Totals":null,"Phil Totals":null,"Bryce Totals":null,"Cory Totals":null,"JB Totals":null,"Ethan Totals":null},{"Week":"103","Date":"10/18/2024","Mitch Bet Amount":null,"Mitch Win/Lose/Push":null,"Mitch":null,"Phil Bet Amount":null,"Phil Win/Lose/Push":null,"Phil":null,"Bryce Bet Amount":null,"Bryce Win/Lose/Push":null,"Bryce":null,"Cory Bet Amount":null,"Cory Win/Lose/Push":null,"Cory":null,"JB Bet Amount":null,"JB Win/Lose/Push":null,"JB":null,"Ethan Bet Amount":null,"Ethan Win/Lose/Push":null,"Ethan":null,"Jaime Bet Amount":null,"Jaime Win/Lose/Push":null,"Jaime":null,"Nathan Bet Amount":null,"Nathan Win/Lose/Push":null,"Nathan":null,"Evan Bet Amount":null,"Evan Win/Lose/Push":null,"Evan":null,"Brandon Bet Amount":null,"Brandon Win/Lose/Push":null,"Brandon":null,"Total Team Bet":null,"Legends Bet":null,"Leaders Bet":null,"To Win":null,"Payout":null,"TOTALS":null,"Mitch Totals":null,"Phil Totals":null,"Bryce Totals":null,"Cory Totals":null,"JB Totals":null,"Ethan Totals":null},{"Week":"104","Date":"10/25/2024","Mitch Bet Amount":null,"Mitch Win/Lose/Push":null,"Mitch":null,"Phil Bet Amount":null,"Phil Win/Lose/Push":null,"Phil":null,"Bryce Bet Amount":null,"Bryce Win/Lose/Push":null,"Bryce":null,"Cory Bet Amount":null,"Cory Win/Lose/Push":null,"Cory":null,"JB Bet Amount":null,"JB Win/Lose/Push":null,"JB":null,"Ethan Bet Amount":null,"Ethan Win/Lose/Push":null,"Ethan":null,"Jaime Bet Amount":null,"Jaime Win/Lose/Push":null,"Jaime":null,"Nathan Bet Amount":null,"Nathan Win/Lose/Push":null,"Nathan":null,"Evan Bet Amount":null,"Evan Win/Lose/Push":null,"Evan":null,"Brandon Bet Amount":null,"Brandon Win/Lose/Push":null,"Brandon":null,"Total Team Bet":null,"Legends Bet":null,"Leaders Bet":null,"To Win":null,"Payout":null,"TOTALS":null,"Mitch Totals":null,"Phil Totals":null,"Bryce Totals":null,"Cory Totals":null,"JB Totals":null,"Ethan Totals":null},{"Week":"105","Date":"11/01/2024","Mitch Bet Amount":null,"Mitch Win/Lose/Push":null,"Mitch":null,"Phil Bet Amount":null,"Phil Win/Lose/Push":null,"Phil":null,"Bryce Bet Amount":null,"Bryce Win/Lose/Push":null,"Bryce":null,"Cory Bet Amount":null,"Cory Win/Lose/Push":null,"Cory":null,"JB Bet Amount":null,"JB Win/Lose/Push":null,"JB":null,"Ethan Bet Amount":null,"Ethan Win/Lose/Push":null,"Ethan":null,"Jaime Bet Amount":null,"Jaime Win/Lose/Push":null,"Jaime":null,"Nathan Bet Amount":null,"Nathan Win/Lose/Push":null,"Nathan":null,"Evan Bet Amount":null,"Evan Win/Lose/Push":null,"Evan":null,"Brandon Bet Amount":null,"Brandon Win/Lose/Push":null,"Brandon":null,"Total Team Bet":null,"Legends Bet":null,"Leaders Bet":null,"To Win":null,"Payout":null,"TOTALS":null,"Mitch Totals":null,"Phil Totals":null,"Bryce Totals":null,"Cory Totals":null,"JB Totals":null,"Ethan Totals":null},{"Week":"106","Date":"11/08/2024","Mitch Bet Amount":null,"Mitch Win/Lose/Push":null,"Mitch":null,"Phil Bet Amount":null,"Phil Win/Lose/Push":null,"Phil":null,"Bryce Bet Amount":null,"Bryce Win/Lose/Push":null,"Bryce":null,"Cory Bet Amount":null,"Cory Win/Lose/Push":null,"Cory":null,"JB Bet Amount":null,"JB Win/Lose/Push":null,"JB":null,"Ethan Bet Amount":null,"Ethan Win/Lose/Push":null,"Ethan":null,"Jaime Bet Amount":null,"Jaime Win/Lose/Push":null,"Jaime":null,"Nathan Bet Amount":null,"Nathan Win/Lose/Push":null,"Nathan":null,"Evan Bet Amount":null,"Evan Win/Lose/Push":null,"Evan":null,"Brandon Bet Amount":null,"Brandon Win/Lose/Push":null,"Brandon":null,"Total Team Bet":null,"Legends Bet":null,"Leaders Bet":null,"To Win":null,"Payout":null,"TOTALS":null,"Mitch Totals":null,"Phil Totals":null,"Bryce Totals":null,"Cory Totals":null,"JB Totals":null,"Ethan Totals":null},{"Week":"107","Date":"11/15/2024","Mitch Bet Amount":null,"Mitch Win/Lose/Push":null,"Mitch":null,"Phil Bet Amount":null,"Phil Win/Lose/Push":null,"Phil":null,"Bryce Bet Amount":null,"Bryce Win/Lose/Push":null,"Bryce":null,"Cory Bet Amount":null,"Cory Win/Lose/Push":null,"Cory":null,"JB Bet Amount":null,"JB Win/Lose/Push":null,"JB":null,"Ethan Bet Amount":null,"Ethan Win/Lose/Push":null,"Ethan":null,"Jaime Bet Amount":null,"Jaime Win/Lose/Push":null,"Jaime":null,"Nathan Bet Amount":null,"Nathan Win/Lose/Push":null,"Nathan":null,"Evan Bet Amount":null,"Evan Win/Lose/Push":null,"Evan":null,"Brandon Bet Amount":null,"Brandon Win/Lose/Push":null,"Brandon":null,"Total Team Bet":null,"Legends Bet":null,"Leaders Bet":null,"To Win":null,"Payout":null,"TOTALS":null,"Mitch Totals":null,"Phil Totals":null,"Bryce Totals":null,"Cory Totals":null,"JB Totals":null,"Ethan Totals":null},{"Week":"108","Date":"11/22/2024","Mitch Bet Amount":null,"Mitch Win/Lose/Push":null,"Mitch":null,"Phil Bet Amount":null,"Phil Win/Lose/Push":null,"Phil":null,"Bryce Bet Amount":null,"Bryce Win/Lose/Push":null,"Bryce":null,"Cory Bet Amount":null,"Cory Win/Lose/Push":null,"Cory":null,"JB Bet Amount":null,"JB Win/Lose/Push":null,"JB":null,"Ethan Bet Amount":null,"Ethan Win/Lose/Push":null,"Ethan":null,"Jaime Bet Amount":null,"Jaime Win/Lose/Push":null,"Jaime":null,"Nathan Bet Amount":null,"Nathan Win/Lose/Push":null,"Nathan":null,"Evan Bet Amount":null,"Evan Win/Lose/Push":null,"Evan":null,"Brandon Bet Amount":null,"Brandon Win/Lose/Push":null,"Brandon":null,"Total Team Bet":null,"Legends Bet":null,"Leaders Bet":null,"To Win":null,"Payout":null,"TOTALS":null,"Mitch Totals":null,"Phil Totals":null,"Bryce Totals":null,"Cory Totals":null,"JB Totals":null,"Ethan Totals":null},{"Week":"109","Date":"11/29/2024","Mitch Bet Amount":null,"Mitch Win/Lose/Push":null,"Mitch":null,"Phil Bet Amount":null,"Phil Win/Lose/Push":null,"Phil":null,"Bryce Bet Amount":null,"Bryce Win/Lose/Push":null,"Bryce":null,"Cory Bet Amount":null,"Cory Win/Lose/Push":null,"Cory":null,"JB Bet Amount":null,"JB Win/Lose/Push":null,"JB":null,"Ethan Bet Amount":null,"Ethan Win/Lose/Push":null,"Ethan":null,"Jaime Bet Amount":null,"Jaime Win/Lose/Push":null,"Jaime":null,"Nathan Bet Amount":null,"Nathan Win/Lose/Push":null,"Nathan":null,"Evan Bet Amount":null,"Evan Win/Lose/Push":null,"Evan":null,"Brandon Bet Amount":null,"Brandon Win/Lose/Push":null,"Brandon":null,"Total Team Bet":null,"Legends Bet":null,"Leaders Bet":null,"To Win":null,"Payout":null,"TOTALS":null,"Mitch Totals":null,"Phil Totals":null,"Bryce Totals":null,"Cory Totals":null,"JB Totals":null,"Ethan Totals":null},{"Week":"110","Date":"12/06/2024","Mitch Bet Amount":null,"Mitch Win/Lose/Push":null,"Mitch":null,"Phil Bet Amount":null,"Phil Win/Lose/Push":null,"Phil":null,"Bryce Bet Amount":null,"Bryce Win/Lose/Push":null,"Bryce":null,"Cory Bet Amount":null,"Cory Win/Lose/Push":null,"Cory":null,"JB Bet Amount":null,"JB Win/Lose/Push":null,"JB":null,"Ethan Bet Amount":null,"Ethan Win/Lose/Push":null,"Ethan":null,"Jaime Bet Amount":null,"Jaime Win/Lose/Push":null,"Jaime":null,"Nathan Bet Amount":null,"Nathan Win/Lose/Push":null,"Nathan":null,"Evan Bet Amount":null,"Evan Win/Lose/Push":null,"Evan":null,"Brandon Bet Amount":null,"Brandon Win/Lose/Push":null,"Brandon":null,"Total Team Bet":null,"Legends Bet":null,"Leaders Bet":null,"To Win":null,"Payout":null,"TOTALS":null,"Mitch Totals":null,"Phil Totals":null,"Bryce Totals":null,"Cory Totals":null,"JB Totals":null,"Ethan Totals":null},{"Week":"111","Date":"12/13/2024","Mitch Bet Amount":null,"Mitch Win/Lose/Push":null,"Mitch":null,"Phil Bet Amount":null,"Phil Win/Lose/Push":null,"Phil":null,"Bryce Bet Amount":null,"Bryce Win/Lose/Push":null,"Bryce":null,"Cory Bet Amount":null,"Cory Win/Lose/Push":null,"Cory":null,"JB Bet Amount":null,"JB Win/Lose/Push":null,"JB":null,"Ethan Bet Amount":null,"Ethan Win/Lose/Push":null,"Ethan":null,"Jaime Bet Amount":null,"Jaime Win/Lose/Push":null,"Jaime":null,"Nathan Bet Amount":null,"Nathan Win/Lose/Push":null,"Nathan":null,"Evan Bet Amount":null,"Evan Win/Lose/Push":null,"Evan":null,"Brandon Bet Amount":null,"Brandon Win/Lose/Push":null,"Brandon":null,"Total Team Bet":null,"Legends Bet":null,"Leaders Bet":null,"To Win":null,"Payout":null,"TOTALS":null,"Mitch Totals":null,"Phil Totals":null,"Bryce Totals":null,"Cory Totals":null,"JB Totals":null,"Ethan Totals":null},{"Week":"112","Date":"12/20/2024","Mitch Bet Amount":null,"Mitch Win/Lose/Push":null,"Mitch":null,"Phil Bet Amount":null,"Phil Win/Lose/Push":null,"Phil":null,"Bryce Bet Amount":null,"Bryce Win/Lose/Push":null,"Bryce":null,"Cory Bet Amount":null,"Cory Win/Lose/Push":null,"Cory":null,"JB Bet Amount":null,"JB Win/Lose/Push":null,"JB":null,"Ethan Bet Amount":null,"Ethan Win/Lose/Push":null,"Ethan":null,"Jaime Bet Amount":null,"Jaime Win/Lose/Push":null,"Jaime":null,"Nathan Bet Amount":null,"Nathan Win/Lose/Push":null,"Nathan":null,"Evan Bet Amount":null,"Evan Win/Lose/Push":null,"Evan":null,"Brandon Bet Amount":null,"Brandon Win/Lose/Push":null,"Brandon":null,"Total Team Bet":null,"Legends Bet":null,"Leaders Bet":null,"To Win":null,"Payout":null,"TOTALS":null,"Mitch Totals":null,"Phil Totals":null,"Bryce Totals":null,"Cory Totals":null,"JB Totals":null,"Ethan Totals":null},{"Week":"113","Date":"12/27/2024","Mitch Bet Amount":null,"Mitch Win/Lose/Push":null,"Mitch":null,"Phil Bet Amount":null,"Phil Win/Lose/Push":null,"Phil":null,"Bryce Bet Amount":null,"Bryce Win/Lose/Push":null,"Bryce":null,"Cory Bet Amount":null,"Cory Win/Lose/Push":null,"Cory":null,"JB Bet Amount":null,"JB Win/Lose/Push":null,"JB":null,"Ethan Bet Amount":null,"Ethan Win/Lose/Push":null,"Ethan":null,"Jaime Bet Amount":null,"Jaime Win/Lose/Push":null,"Jaime":null,"Nathan Bet Amount":null,"Nathan Win/Lose/Push":null,"Nathan":null,"Evan Bet Amount":null,"Evan Win/Lose/Push":null,"Evan":null,"Brandon Bet Amount":null,"Brandon Win/Lose/Push":null,"Brandon":null,"Total Team Bet":null,"Legends Bet":null,"Leaders Bet":null,"To Win":null,"Payout":null,"TOTALS":null,"Mitch Totals":null,"Phil Totals":null,"Bryce Totals":null,"Cory Totals":null,"JB Totals":null,"Ethan Totals":null},{"Week":"114","Date":"01/03/2025","Mitch Bet Amount":null,"Mitch Win/Lose/Push":null,"Mitch":null,"Phil Bet Amount":null,"Phil Win/Lose/Push":null,"Phil":null,"Bryce Bet Amount":null,"Bryce Win/Lose/Push":null,"Bryce":null,"Cory Bet Amount":null,"Cory Win/Lose/Push":null,"Cory":null,"JB Bet Amount":null,"JB Win/Lose/Push":null,"JB":null,"Ethan Bet Amount":null,"Ethan Win/Lose/Push":null,"Ethan":null,"Jaime Bet Amount":null,"Jaime Win/Lose/Push":null,"Jaime":null,"Nathan Bet Amount":null,"Nathan Win/Lose/Push":null,"Nathan":null,"Evan Bet Amount":null,"Evan Win/Lose/Push":null,"Evan":null,"Brandon Bet Amount":null,"Brandon Win/Lose/Push":null,"Brandon":null,"Total Team Bet":null,"Legends Bet":null,"Leaders Bet":null,"To Win":null,"Payout":null,"TOTALS":null,"Mitch Totals":null,"Phil Totals":null,"Bryce Totals":null,"Cory Totals":null,"JB Totals":null,"Ethan Totals":null},{"Week":"115","Date":"01/10/2025","Mitch Bet Amount":null,"Mitch Win/Lose/Push":null,"Mitch":null,"Phil Bet Amount":null,"Phil Win/Lose/Push":null,"Phil":null,"Bryce Bet Amount":null,"Bryce Win/Lose/Push":null,"Bryce":null,"Cory Bet Amount":null,"Cory Win/Lose/Push":null,"Cory":null,"JB Bet Amount":null,"JB Win/Lose/Push":null,"JB":null,"Ethan Bet Amount":null,"Ethan Win/Lose/Push":null,"Ethan":null,"Jaime Bet Amount":null,"Jaime Win/Lose/Push":null,"Jaime":null,"Nathan Bet Amount":null,"Nathan Win/Lose/Push":null,"Nathan":null,"Evan Bet Amount":null,"Evan Win/Lose/Push":null,"Evan":null,"Brandon Bet Amount":null,"Brandon Win/Lose/Push":null,"Brandon":null,"Total Team Bet":null,"Legends Bet":null,"Leaders Bet":null,"To Win":null,"Payout":null,"TOTALS":null,"Mitch Totals":null,"Phil Totals":null,"Bryce Totals":null,"Cory Totals":null,"JB Totals":null,"Ethan Totals":null},{"Week":"116","Date":"01/17/2025","Mitch Bet Amount":null,"Mitch Win/Lose/Push":null,"Mitch":null,"Phil Bet Amount":null,"Phil Win/Lose/Push":null,"Phil":null,"Bryce Bet Amount":null,"Bryce Win/Lose/Push":null,"Bryce":null,"Cory Bet Amount":null,"Cory Win/Lose/Push":null,"Cory":null,"JB Bet Amount":null,"JB Win/Lose/Push":null,"JB":null,"Ethan Bet Amount":null,"Ethan Win/Lose/Push":null,"Ethan":null,"Jaime Bet Amount":null,"Jaime Win/Lose/Push":null,"Jaime":null,"Nathan Bet Amount":null,"Nathan Win/Lose/Push":null,"Nathan":null,"Evan Bet Amount":null,"Evan Win/Lose/Push":null,"Evan":null,"Brandon Bet Amount":null,"Brandon Win/Lose/Push":null,"Brandon":null,"Total Team Bet":null,"Legends Bet":null,"Leaders Bet":null,"To Win":null,"Payout":null,"TOTALS":null,"Mitch Totals":null,"Phil Totals":null,"Bryce Totals":null,"Cory Totals":null,"JB Totals":null,"Ethan Totals":null},{"Week":"117","Date":"01/24/2025","Mitch Bet Amount":null,"Mitch Win/Lose/Push":null,"Mitch":null,"Phil Bet Amount":null,"Phil Win/Lose/Push":null,"Phil":null,"Bryce Bet Amount":null,"Bryce Win/Lose/Push":null,"Bryce":null,"Cory Bet Amount":null,"Cory Win/Lose/Push":null,"Cory":null,"JB Bet Amount":null,"JB Win/Lose/Push":null,"JB":null,"Ethan Bet Amount":null,"Ethan Win/Lose/Push":null,"Ethan":null,"Jaime Bet Amount":null,"Jaime Win/Lose/Push":null,"Jaime":null,"Nathan Bet Amount":null,"Nathan Win/Lose/Push":null,"Nathan":null,"Evan Bet Amount":null,"Evan Win/Lose/Push":null,"Evan":null,"Brandon Bet Amount":null,"Brandon Win/Lose/Push":null,"Brandon":null,"Total Team Bet":null,"Legends Bet":null,"Leaders Bet":null,"To Win":null,"Payout":null,"TOTALS":null,"Mitch Totals":null,"Phil Totals":null,"Bryce Totals":null,"Cory Totals":null,"JB Totals":null,"Ethan Totals":null},{"Week":"118","Date":"01/31/2025","Mitch Bet Amount":null,"Mitch Win/Lose/Push":null,"Mitch":null,"Phil Bet Amount":null,"Phil Win/Lose/Push":null,"Phil":null,"Bryce Bet Amount":null,"Bryce Win/Lose/Push":null,"Bryce":null,"Cory Bet Amount":null,"Cory Win/Lose/Push":null,"Cory":null,"JB Bet Amount":null,"JB Win/Lose/Push":null,"JB":null,"Ethan Bet Amount":null,"Ethan Win/Lose/Push":null,"Ethan":null,"Jaime Bet Amount":null,"Jaime Win/Lose/Push":null,"Jaime":null,"Nathan Bet Amount":null,"Nathan Win/Lose/Push":null,"Nathan":null,"Evan Bet Amount":null,"Evan Win/Lose/Push":null,"Evan":null,"Brandon Bet Amount":null,"Brandon Win/Lose/Push":null,"Brandon":null,"Total Team Bet":null,"Legends Bet":null,"Leaders Bet":null,"To Win":null,"Payout":null,"TOTALS":null,"Mitch Totals":null,"Phil Totals":null,"Bryce Totals":null,"Cory Totals":null,"JB Totals":null,"Ethan Totals":null},{"Week":"119","Date":"02/07/2025","Mitch Bet Amount":null,"Mitch Win/Lose/Push":null,"Mitch":null,"Phil Bet Amount":null,"Phil Win/Lose/Push":null,"Phil":null,"Bryce Bet Amount":null,"Bryce Win/Lose/Push":null,"Bryce":null,"Cory Bet Amount":null,"Cory Win/Lose/Push":null,"Cory":null,"JB Bet Amount":null,"JB Win/Lose/Push":null,"JB":null,"Ethan Bet Amount":null,"Ethan Win/Lose/Push":null,"Ethan":null,"Jaime Bet Amount":null,"Jaime Win/Lose/Push":null,"Jaime":null,"Nathan Bet Amount":null,"Nathan Win/Lose/Push":null,"Nathan":null,"Evan Bet Amount":null,"Evan Win/Lose/Push":null,"Evan":null,"Brandon Bet Amount":null,"Brandon Win/Lose/Push":null,"Brandon":null,"Total Team Bet":null,"Legends Bet":null,"Leaders Bet":null,"To Win":null,"Payout":null,"TOTALS":null,"Mitch Totals":null,"Phil Totals":null,"Bryce Totals":null,"Cory Totals":null,"JB Totals":null,"Ethan Totals":null},{"Week":"120","Date":"02/14/2025","Mitch Bet Amount":null,"Mitch Win/Lose/Push":null,"Mitch":null,"Phil Bet Amount":null,"Phil Win/Lose/Push":null,"Phil":null,"Bryce Bet Amount":null,"Bryce Win/Lose/Push":null,"Bryce":null,"Cory Bet Amount":null,"Cory Win/Lose/Push":null,"Cory":null,"JB Bet Amount":null,"JB Win/Lose/Push":null,"JB":null,"Ethan Bet Amount":null,"Ethan Win/Lose/Push":null,"Ethan":null,"Jaime Bet Amount":null,"Jaime Win/Lose/Push":null,"Jaime":null,"Nathan Bet Amount":null,"Nathan Win/Lose/Push":null,"Nathan":null,"Evan Bet Amount":null,"Evan Win/Lose/Push":null,"Evan":null,"Brandon Bet Amount":null,"Brandon Win/Lose/Push":null,"Brandon":null,"Total Team Bet":null,"Legends Bet":null,"Leaders Bet":null,"To Win":null,"Payout":null,"TOTALS":null,"Mitch Totals":null,"Phil Totals":null,"Bryce Totals":null,"Cory Totals":null,"JB Totals":null,"Ethan Totals":null},{"Week":"121","Date":"02/21/2025","Mitch Bet Amount":null,"Mitch Win/Lose/Push":null,"Mitch":null,"Phil Bet Amount":null,"Phil Win/Lose/Push":null,"Phil":null,"Bryce Bet Amount":null,"Bryce Win/Lose/Push":null,"Bryce":null,"Cory Bet Amount":null,"Cory Win/Lose/Push":null,"Cory":null,"JB Bet Amount":null,"JB Win/Lose/Push":null,"JB":null,"Ethan Bet Amount":null,"Ethan Win/Lose/Push":null,"Ethan":null,"Jaime Bet Amount":null,"Jaime Win/Lose/Push":null,"Jaime":null,"Nathan Bet Amount":null,"Nathan Win/Lose/Push":null,"Nathan":null,"Evan Bet Amount":null,"Evan Win/Lose/Push":null,"Evan":null,"Brandon Bet Amount":null,"Brandon Win/Lose/Push":null,"Brandon":null,"Total Team Bet":null,"Legends Bet":null,"Leaders Bet":null,"To Win":null,"Payout":null,"TOTALS":null,"Mitch Totals":null,"Phil Totals":null,"Bryce Totals":null,"Cory Totals":null,"JB Totals":null,"Ethan Totals":null},{"Week":"122","Date":"02/28/2025","Mitch Bet Amount":null,"Mitch Win/Lose/Push":null,"Mitch":null,"Phil Bet Amount":null,"Phil Win/Lose/Push":null,"Phil":null,"Bryce Bet Amount":null,"Bryce Win/Lose/Push":null,"Bryce":null,"Cory Bet Amount":null,"Cory Win/Lose/Push":null,"Cory":null,"JB Bet Amount":null,"JB Win/Lose/Push":null,"JB":null,"Ethan Bet Amount":null,"Ethan Win/Lose/Push":null,"Ethan":null,"Jaime Bet Amount":null,"Jaime Win/Lose/Push":null,"Jaime":null,"Nathan Bet Amount":null,"Nathan Win/Lose/Push":null,"Nathan":null,"Evan Bet Amount":null,"Evan Win/Lose/Push":null,"Evan":null,"Brandon Bet Amount":null,"Brandon Win/Lose/Push":null,"Brandon":null,"Total Team Bet":null,"Legends Bet":null,"Leaders Bet":null,"To Win":null,"Payout":null,"TOTALS":null,"Mitch Totals":null,"Phil Totals":null,"Bryce Totals":null,"Cory Totals":null,"JB Totals":null,"Ethan Totals":null},{"Week":"123","Date":"03/07/2025","Mitch Bet Amount":null,"Mitch Win/Lose/Push":null,"Mitch":null,"Phil Bet Amount":null,"Phil Win/Lose/Push":null,"Phil":null,"Bryce Bet Amount":null,"Bryce Win/Lose/Push":null,"Bryce":null,"Cory Bet Amount":null,"Cory Win/Lose/Push":null,"Cory":null,"JB Bet Amount":null,"JB Win/Lose/Push":null,"JB":null,"Ethan Bet Amount":null,"Ethan Win/Lose/Push":null,"Ethan":null,"Jaime Bet Amount":null,"Jaime Win/Lose/Push":null,"Jaime":null,"Nathan Bet Amount":null,"Nathan Win/Lose/Push":null,"Nathan":null,"Evan Bet Amount":null,"Evan Win/Lose/Push":null,"Evan":null,"Brandon Bet Amount":null,"Brandon Win/Lose/Push":null,"Brandon":null,"Total Team Bet":null,"Legends Bet":null,"Leaders Bet":null,"To Win":null,"Payout":null,"TOTALS":null,"Mitch Totals":null,"Phil Totals":null,"Bryce Totals":null,"Cory Totals":null,"JB Totals":null,"Ethan Totals":null},{"Week":"124","Date":"03/14/2025","Mitch Bet Amount":null,"Mitch Win/Lose/Push":null,"Mitch":null,"Phil Bet Amount":null,"Phil Win/Lose/Push":null,"Phil":null,"Bryce Bet Amount":null,"Bryce Win/Lose/Push":null,"Bryce":null,"Cory Bet Amount":null,"Cory Win/Lose/Push":null,"Cory":null,"JB Bet Amount":null,"JB Win/Lose/Push":null,"JB":null,"Ethan Bet Amount":null,"Ethan Win/Lose/Push":null,"Ethan":null,"Jaime Bet Amount":null,"Jaime Win/Lose/Push":null,"Jaime":null,"Nathan Bet Amount":null,"Nathan Win/Lose/Push":null,"Nathan":null,"Evan Bet Amount":null,"Evan Win/Lose/Push":null,"Evan":null,"Brandon Bet Amount":null,"Brandon Win/Lose/Push":null,"Brandon":null,"Total Team Bet":null,"Legends Bet":null,"Leaders Bet":null,"To Win":null,"Payout":null,"TOTALS":null,"Mitch Totals":null,"Phil Totals":null,"Bryce Totals":null,"Cory Totals":null,"JB Totals":null,"Ethan Totals":null},{"Week":"125","Date":"03/21/2025","Mitch Bet Amount":null,"Mitch Win/Lose/Push":null,"Mitch":null,"Phil Bet Amount":null,"Phil Win/Lose/Push":null,"Phil":null,"Bryce Bet Amount":null,"Bryce Win/Lose/Push":null,"Bryce":null,"Cory Bet Amount":null,"Cory Win/Lose/Push":null,"Cory":null,"JB Bet Amount":null,"JB Win/Lose/Push":null,"JB":null,"Ethan Bet Amount":null,"Ethan Win/Lose/Push":null,"Ethan":null,"Jaime Bet Amount":null,"Jaime Win/Lose/Push":null,"Jaime":null,"Nathan Bet Amount":null,"Nathan Win/Lose/Push":null,"Nathan":null,"Evan Bet Amount":null,"Evan Win/Lose/Push":null,"Evan":null,"Brandon Bet Amount":null,"Brandon Win/Lose/Push":null,"Brandon":null,"Total Team Bet":null,"Legends Bet":null,"Leaders Bet":null,"To Win":null,"Payout":null,"TOTALS":null,"Mitch Totals":null,"Phil Totals":null,"Bryce Totals":null,"Cory Totals":null,"JB Totals":null,"Ethan Totals":null},{"Week":"126","Date":"03/28/2025","Mitch Bet Amount":null,"Mitch Win/Lose/Push":null,"Mitch":null,"Phil Bet Amount":null,"Phil Win/Lose/Push":null,"Phil":null,"Bryce Bet Amount":null,"Bryce Win/Lose/Push":null,"Bryce":null,"Cory Bet Amount":null,"Cory Win/Lose/Push":null,"Cory":null,"JB Bet Amount":null,"JB Win/Lose/Push":null,"JB":null,"Ethan Bet Amount":null,"Ethan Win/Lose/Push":null,"Ethan":null,"Jaime Bet Amount":null,"Jaime Win/Lose/Push":null,"Jaime":null,"Nathan Bet Amount":null,"Nathan Win/Lose/Push":null,"Nathan":null,"Evan Bet Amount":null,"Evan Win/Lose/Push":null,"Evan":null,"Brandon Bet Amount":null,"Brandon Win/Lose/Push":null,"Brandon":null,"Total Team Bet":null,"Legends Bet":null,"Leaders Bet":null,"To Win":null,"Payout":null,"TOTALS":null,"Mitch Totals":null,"Phil Totals":null,"Bryce Totals":null,"Cory Totals":null,"JB Totals":null,"Ethan Totals":null},{"Week":"127","Date":"04/04/2025","Mitch Bet Amount":null,"Mitch Win/Lose/Push":null,"Mitch":null,"Phil Bet Amount":null,"Phil Win/Lose/Push":null,"Phil":null,"Bryce Bet Amount":null,"Bryce Win/Lose/Push":null,"Bryce":null,"Cory Bet Amount":null,"Cory Win/Lose/Push":null,"Cory":null,"JB Bet Amount":null,"JB Win/Lose/Push":null,"JB":null,"Ethan Bet Amount":null,"Ethan Win/Lose/Push":null,"Ethan":null,"Jaime Bet Amount":null,"Jaime Win/Lose/Push":null,"Jaime":null,"Nathan Bet Amount":null,"Nathan Win/Lose/Push":null,"Nathan":null,"Evan Bet Amount":null,"Evan Win/Lose/Push":null,"Evan":null,"Brandon Bet Amount":null,"Brandon Win/Lose/Push":null,"Brandon":null,"Total Team Bet":null,"Legends Bet":null,"Leaders Bet":null,"To Win":null,"Payout":null,"TOTALS":null,"Mitch Totals":null,"Phil Totals":null,"Bryce Totals":null,"Cory Totals":null,"JB Totals":null,"Ethan Totals":null},{"Week":"128","Date":"04/11/2025","Mitch Bet Amount":null,"Mitch Win/Lose/Push":null,"Mitch":null,"Phil Bet Amount":null,"Phil Win/Lose/Push":null,"Phil":null,"Bryce Bet Amount":null,"Bryce Win/Lose/Push":null,"Bryce":null,"Cory Bet Amount":null,"Cory Win/Lose/Push":null,"Cory":null,"JB Bet Amount":null,"JB Win/Lose/Push":null,"JB":null,"Ethan Bet Amount":null,"Ethan Win/Lose/Push":null,"Ethan":null,"Jaime Bet Amount":null,"Jaime Win/Lose/Push":null,"Jaime":null,"Nathan Bet Amount":null,"Nathan Win/Lose/Push":null,"Nathan":null,"Evan Bet Amount":null,"Evan Win/Lose/Push":null,"Evan":null,"Brandon Bet Amount":null,"Brandon Win/Lose/Push":null,"Brandon":null,"Total Team Bet":null,"Legends Bet":null,"Leaders Bet":null,"To Win":null,"Payout":null,"TOTALS":null,"Mitch Totals":null,"Phil Totals":null,"Bryce Totals":null,"Cory Totals":null,"JB Totals":null,"Ethan Totals":null},{"Week":"129","Date":"04/18/2025","Mitch Bet Amount":null,"Mitch Win/Lose/Push":null,"Mitch":null,"Phil Bet Amount":null,"Phil Win/Lose/Push":null,"Phil":null,"Bryce Bet Amount":null,"Bryce Win/Lose/Push":null,"Bryce":null,"Cory Bet Amount":null,"Cory Win/Lose/Push":null,"Cory":null,"JB Bet Amount":null,"JB Win/Lose/Push":null,"JB":null,"Ethan Bet Amount":null,"Ethan Win/Lose/Push":null,"Ethan":null,"Jaime Bet Amount":null,"Jaime Win/Lose/Push":null,"Jaime":null,"Nathan Bet Amount":null,"Nathan Win/Lose/Push":null,"Nathan":null,"Evan Bet Amount":null,"Evan Win/Lose/Push":null,"Evan":null,"Brandon Bet Amount":null,"Brandon Win/Lose/Push":null,"Brandon":null,"Total Team Bet":null,"Legends Bet":null,"Leaders Bet":null,"To Win":null,"Payout":null,"TOTALS":null,"Mitch Totals":null,"Phil Totals":null,"Bryce Totals":null,"Cory Totals":null,"JB Totals":null,"Ethan Totals":null},{"Week":"130","Date":"04/25/2025","Mitch Bet Amount":null,"Mitch Win/Lose/Push":null,"Mitch":null,"Phil Bet Amount":null,"Phil Win/Lose/Push":null,"Phil":null,"Bryce Bet Amount":null,"Bryce Win/Lose/Push":null,"Bryce":null,"Cory Bet Amount":null,"Cory Win/Lose/Push":null,"Cory":null,"JB Bet Amount":null,"JB Win/Lose/Push":null,"JB":null,"Ethan Bet Amount":null,"Ethan Win/Lose/Push":null,"Ethan":null,"Jaime Bet Amount":null,"Jaime Win/Lose/Push":null,"Jaime":null,"Nathan Bet Amount":null,"Nathan Win/Lose/Push":null,"Nathan":null,"Evan Bet Amount":null,"Evan Win/Lose/Push":null,"Evan":null,"Brandon Bet Amount":null,"Brandon Win/Lose/Push":null,"Brandon":null,"Total Team Bet":null,"Legends Bet":null,"Leaders Bet":null,"To Win":null,"Payout":null,"TOTALS":null,"Mitch Totals":null,"Phil Totals":null,"Bryce Totals":null,"Cory Totals":null,"JB Totals":null,"Ethan Totals":null},{"Week":"131","Date":"05/02/2025","Mitch Bet Amount":null,"Mitch Win/Lose/Push":null,"Mitch":null,"Phil Bet Amount":null,"Phil Win/Lose/Push":null,"Phil":null,"Bryce Bet Amount":null,"Bryce Win/Lose/Push":null,"Bryce":null,"Cory Bet Amount":null,"Cory Win/Lose/Push":null,"Cory":null,"JB Bet Amount":null,"JB Win/Lose/Push":null,"JB":null,"Ethan Bet Amount":null,"Ethan Win/Lose/Push":null,"Ethan":null,"Jaime Bet Amount":null,"Jaime Win/Lose/Push":null,"Jaime":null,"Nathan Bet Amount":null,"Nathan Win/Lose/Push":null,"Nathan":null,"Evan Bet Amount":null,"Evan Win/Lose/Push":null,"Evan":null,"Brandon Bet Amount":null,"Brandon Win/Lose/Push":null,"Brandon":null,"Total Team Bet":null,"Legends Bet":null,"Leaders Bet":null,"To Win":null,"Payout":null,"TOTALS":null,"Mitch Totals":null,"Phil Totals":null,"Bryce Totals":null,"Cory Totals":null,"JB Totals":null,"Ethan Totals":null},{"Week":"132","Date":"05/09/2025","Mitch Bet Amount":null,"Mitch Win/Lose/Push":null,"Mitch":null,"Phil Bet Amount":null,"Phil Win/Lose/Push":null,"Phil":null,"Bryce Bet Amount":null,"Bryce Win/Lose/Push":null,"Bryce":null,"Cory Bet Amount":null,"Cory Win/Lose/Push":null,"Cory":null,"JB Bet Amount":null,"JB Win/Lose/Push":null,"JB":null,"Ethan Bet Amount":null,"Ethan Win/Lose/Push":null,"Ethan":null,"Jaime Bet Amount":null,"Jaime Win/Lose/Push":null,"Jaime":null,"Nathan Bet Amount":null,"Nathan Win/Lose/Push":null,"Nathan":null,"Evan Bet Amount":null,"Evan Win/Lose/Push":null,"Evan":null,"Brandon Bet Amount":null,"Brandon Win/Lose/Push":null,"Brandon":null,"Total Team Bet":null,"Legends Bet":null,"Leaders Bet":null,"To Win":null,"Payout":null,"TOTALS":null,"Mitch Totals":null,"Phil Totals":null,"Bryce Totals":null,"Cory Totals":null,"JB Totals":null,"Ethan Totals":null},{"Week":"133","Date":"05/16/2025","Mitch Bet Amount":null,"Mitch Win/Lose/Push":null,"Mitch":null,"Phil Bet Amount":null,"Phil Win/Lose/Push":null,"Phil":null,"Bryce Bet Amount":null,"Bryce Win/Lose/Push":null,"Bryce":null,"Cory Bet Amount":null,"Cory Win/Lose/Push":null,"Cory":null,"JB Bet Amount":null,"JB Win/Lose/Push":null,"JB":null,"Ethan Bet Amount":null,"Ethan Win/Lose/Push":null,"Ethan":null,"Jaime Bet Amount":null,"Jaime Win/Lose/Push":null,"Jaime":null,"Nathan Bet Amount":null,"Nathan Win/Lose/Push":null,"Nathan":null,"Evan Bet Amount":null,"Evan Win/Lose/Push":null,"Evan":null,"Brandon Bet Amount":null,"Brandon Win/Lose/Push":null,"Brandon":null,"Total Team Bet":null,"Legends Bet":null,"Leaders Bet":null,"To Win":null,"Payout":null,"TOTALS":null,"Mitch Totals":null,"Phil Totals":null,"Bryce Totals":null,"Cory Totals":null,"JB Totals":null,"Ethan Totals":null},{"Week":"134","Date":"05/23/2025","Mitch Bet Amount":null,"Mitch Win/Lose/Push":null,"Mitch":null,"Phil Bet Amount":null,"Phil Win/Lose/Push":null,"Phil":null,"Bryce Bet Amount":null,"Bryce Win/Lose/Push":null,"Bryce":null,"Cory Bet Amount":null,"Cory Win/Lose/Push":null,"Cory":null,"JB Bet Amount":null,"JB Win/Lose/Push":null,"JB":null,"Ethan Bet Amount":null,"Ethan Win/Lose/Push":null,"Ethan":null,"Jaime Bet Amount":null,"Jaime Win/Lose/Push":null,"Jaime":null,"Nathan Bet Amount":null,"Nathan Win/Lose/Push":null,"Nathan":null,"Evan Bet Amount":null,"Evan Win/Lose/Push":null,"Evan":null,"Brandon Bet Amount":null,"Brandon Win/Lose/Push":null,"Brandon":null,"Total Team Bet":null,"Legends Bet":null,"Leaders Bet":null,"To Win":null,"Payout":null,"TOTALS":null,"Mitch Totals":null,"Phil Totals":null,"Bryce Totals":null,"Cory Totals":null,"JB Totals":null,"Ethan Totals":null},{"Week":"135","Date":"05/30/2025","Mitch Bet Amount":null,"Mitch Win/Lose/Push":null,"Mitch":null,"Phil Bet Amount":null,"Phil Win/Lose/Push":null,"Phil":null,"Bryce Bet Amount":null,"Bryce Win/Lose/Push":null,"Bryce":null,"Cory Bet Amount":null,"Cory Win/Lose/Push":null,"Cory":null,"JB Bet Amount":null,"JB Win/Lose/Push":null,"JB":null,"Ethan Bet Amount":null,"Ethan Win/Lose/Push":null,"Ethan":null,"Jaime Bet Amount":null,"Jaime Win/Lose/Push":null,"Jaime":null,"Nathan Bet Amount":null,"Nathan Win/Lose/Push":null,"Nathan":null,"Evan Bet Amount":null,"Evan Win/Lose/Push":null,"Evan":null,"Brandon Bet Amount":null,"Brandon Win/Lose/Push":null,"Brandon":null,"Total Team Bet":null,"Legends Bet":null,"Leaders Bet":null,"To Win":null,"Payout":null,"TOTALS":null,"Mitch Totals":null,"Phil Totals":null,"Bryce Totals":null,"Cory Totals":null,"JB Totals":null,"Ethan Totals":null},{"Week":"136","Date":"06/06/2025","Mitch Bet Amount":null,"Mitch Win/Lose/Push":null,"Mitch":null,"Phil Bet Amount":null,"Phil Win/Lose/Push":null,"Phil":null,"Bryce Bet Amount":null,"Bryce Win/Lose/Push":null,"Bryce":null,"Cory Bet Amount":null,"Cory Win/Lose/Push":null,"Cory":null,"JB Bet Amount":null,"JB Win/Lose/Push":null,"JB":null,"Ethan Bet Amount":null,"Ethan Win/Lose/Push":null,"Ethan":null,"Jaime Bet Amount":null,"Jaime Win/Lose/Push":null,"Jaime":null,"Nathan Bet Amount":null,"Nathan Win/Lose/Push":null,"Nathan":null,"Evan Bet Amount":null,"Evan Win/Lose/Push":null,"Evan":null,"Brandon Bet Amount":null,"Brandon Win/Lose/Push":null,"Brandon":null,"Total Team Bet":null,"Legends Bet":null,"Leaders Bet":null,"To Win":null,"Payout":null,"TOTALS":null,"Mitch Totals":null,"Phil Totals":null,"Bryce Totals":null,"Cory Totals":null,"JB Totals":null,"Ethan Totals":null},{"Week":"137","Date":"06/13/2025","Mitch Bet Amount":null,"Mitch Win/Lose/Push":null,"Mitch":null,"Phil Bet Amount":null,"Phil Win/Lose/Push":null,"Phil":null,"Bryce Bet Amount":null,"Bryce Win/Lose/Push":null,"Bryce":null,"Cory Bet Amount":null,"Cory Win/Lose/Push":null,"Cory":null,"JB Bet Amount":null,"JB Win/Lose/Push":null,"JB":null,"Ethan Bet Amount":null,"Ethan Win/Lose/Push":null,"Ethan":null,"Jaime Bet Amount":null,"Jaime Win/Lose/Push":null,"Jaime":null,"Nathan Bet Amount":null,"Nathan Win/Lose/Push":null,"Nathan":null,"Evan Bet Amount":null,"Evan Win/Lose/Push":null,"Evan":null,"Brandon Bet Amount":null,"Brandon Win/Lose/Push":null,"Brandon":null,"Total Team Bet":null,"Legends Bet":null,"Leaders Bet":null,"To Win":null,"Payout":null,"TOTALS":null,"Mitch Totals":null,"Phil Totals":null,"Bryce Totals":null,"Cory Totals":null,"JB Totals":null,"Ethan Totals":null},{"Week":"138","Date":"06/20/2025","Mitch Bet Amount":null,"Mitch Win/Lose/Push":null,"Mitch":null,"Phil Bet Amount":null,"Phil Win/Lose/Push":null,"Phil":null,"Bryce Bet Amount":null,"Bryce Win/Lose/Push":null,"Bryce":null,"Cory Bet Amount":null,"Cory Win/Lose/Push":null,"Cory":null,"JB Bet Amount":null,"JB Win/Lose/Push":null,"JB":null,"Ethan Bet Amount":null,"Ethan Win/Lose/Push":null,"Ethan":null,"Jaime Bet Amount":null,"Jaime Win/Lose/Push":null,"Jaime":null,"Nathan Bet Amount":null,"Nathan Win/Lose/Push":null,"Nathan":null,"Evan Bet Amount":null,"Evan Win/Lose/Push":null,"Evan":null,"Brandon Bet Amount":null,"Brandon Win/Lose/Push":null,"Brandon":null,"Total Team Bet":null,"Legends Bet":null,"Leaders Bet":null,"To Win":null,"Payout":null,"TOTALS":null,"Mitch Totals":null,"Phil Totals":null,"Bryce Totals":null,"Cory Totals":null,"JB Totals":null,"Ethan Totals":null},{"Week":"139","Date":"06/27/2025","Mitch Bet Amount":null,"Mitch Win/Lose/Push":null,"Mitch":null,"Phil Bet Amount":null,"Phil Win/Lose/Push":null,"Phil":null,"Bryce Bet Amount":null,"Bryce Win/Lose/Push":null,"Bryce":null,"Cory Bet Amount":null,"Cory Win/Lose/Push":null,"Cory":null,"JB Bet Amount":null,"JB Win/Lose/Push":null,"JB":null,"Ethan Bet Amount":null,"Ethan Win/Lose/Push":null,"Ethan":null,"Jaime Bet Amount":null,"Jaime Win/Lose/Push":null,"Jaime":null,"Nathan Bet Amount":null,"Nathan Win/Lose/Push":null,"Nathan":null,"Evan Bet Amount":null,"Evan Win/Lose/Push":null,"Evan":null,"Brandon Bet Amount":null,"Brandon Win/Lose/Push":null,"Brandon":null,"Total Team Bet":null,"Legends Bet":null,"Leaders Bet":null,"To Win":null,"Payout":null,"TOTALS":null,"Mitch Totals":null,"Phil Totals":null,"Bryce Totals":null,"Cory Totals":null,"JB Totals":null,"Ethan Totals":null},{"Week":"140","Date":"07/04/2025","Mitch Bet Amount":null,"Mitch Win/Lose/Push":null,"Mitch":null,"Phil Bet Amount":null,"Phil Win/Lose/Push":null,"Phil":null,"Bryce Bet Amount":null,"Bryce Win/Lose/Push":null,"Bryce":null,"Cory Bet Amount":null,"Cory Win/Lose/Push":null,"Cory":null,"JB Bet Amount":null,"JB Win/Lose/Push":null,"JB":null,"Ethan Bet Amount":null,"Ethan Win/Lose/Push":null,"Ethan":null,"Jaime Bet Amount":null,"Jaime Win/Lose/Push":null,"Jaime":null,"Nathan Bet Amount":null,"Nathan Win/Lose/Push":null,"Nathan":null,"Evan Bet Amount":null,"Evan Win/Lose/Push":null,"Evan":null,"Brandon Bet Amount":null,"Brandon Win/Lose/Push":null,"Brandon":null,"Total Team Bet":null,"Legends Bet":null,"Leaders Bet":null,"To Win":null,"Payout":null,"TOTALS":null,"Mitch Totals":null,"Phil Totals":null,"Bryce Totals":null,"Cory Totals":null,"JB Totals":null,"Ethan Totals":null},{"Week":"141","Date":"07/11/2025","Mitch Bet Amount":null,"Mitch Win/Lose/Push":null,"Mitch":null,"Phil Bet Amount":null,"Phil Win/Lose/Push":null,"Phil":null,"Bryce Bet Amount":null,"Bryce Win/Lose/Push":null,"Bryce":null,"Cory Bet Amount":null,"Cory Win/Lose/Push":null,"Cory":null,"JB Bet Amount":null,"JB Win/Lose/Push":null,"JB":null,"Ethan Bet Amount":null,"Ethan Win/Lose/Push":null,"Ethan":null,"Jaime Bet Amount":null,"Jaime Win/Lose/Push":null,"Jaime":null,"Nathan Bet Amount":null,"Nathan Win/Lose/Push":null,"Nathan":null,"Evan Bet Amount":null,"Evan Win/Lose/Push":null,"Evan":null,"Brandon Bet Amount":null,"Brandon Win/Lose/Push":null,"Brandon":null,"Total Team Bet":null,"Legends Bet":null,"Leaders Bet":null,"To Win":null,"Payout":null,"TOTALS":null,"Mitch Totals":null,"Phil Totals":null,"Bryce Totals":null,"Cory Totals":null,"JB Totals":null,"Ethan Totals":null},{"Week":"142","Date":"07/18/2025","Mitch Bet Amount":null,"Mitch Win/Lose/Push":null,"Mitch":null,"Phil Bet Amount":null,"Phil Win/Lose/Push":null,"Phil":null,"Bryce Bet Amount":null,"Bryce Win/Lose/Push":null,"Bryce":null,"Cory Bet Amount":null,"Cory Win/Lose/Push":null,"Cory":null,"JB Bet Amount":null,"JB Win/Lose/Push":null,"JB":null,"Ethan Bet Amount":null,"Ethan Win/Lose/Push":null,"Ethan":null,"Jaime Bet Amount":null,"Jaime Win/Lose/Push":null,"Jaime":null,"Nathan Bet Amount":null,"Nathan Win/Lose/Push":null,"Nathan":null,"Evan Bet Amount":null,"Evan Win/Lose/Push":null,"Evan":null,"Brandon Bet Amount":null,"Brandon Win/Lose/Push":null,"Brandon":null,"Total Team Bet":null,"Legends Bet":null,"Leaders Bet":null,"To Win":null,"Payout":null,"TOTALS":null,"Mitch Totals":null,"Phil Totals":null,"Bryce Totals":null,"Cory Totals":null,"JB Totals":null,"Ethan Totals":null},{"Week":"143","Date":"07/25/2025","Mitch Bet Amount":null,"Mitch Win/Lose/Push":null,"Mitch":null,"Phil Bet Amount":null,"Phil Win/Lose/Push":null,"Phil":null,"Bryce Bet Amount":null,"Bryce Win/Lose/Push":null,"Bryce":null,"Cory Bet Amount":null,"Cory Win/Lose/Push":null,"Cory":null,"JB Bet Amount":null,"JB Win/Lose/Push":null,"JB":null,"Ethan Bet Amount":null,"Ethan Win/Lose/Push":null,"Ethan":null,"Jaime Bet Amount":null,"Jaime Win/Lose/Push":null,"Jaime":null,"Nathan Bet Amount":null,"Nathan Win/Lose/Push":null,"Nathan":null,"Evan Bet Amount":null,"Evan Win/Lose/Push":null,"Evan":null,"Brandon Bet Amount":null,"Brandon Win/Lose/Push":null,"Brandon":null,"Total Team Bet":null,"Legends Bet":null,"Leaders Bet":null,"To Win":null,"Payout":null,"TOTALS":null,"Mitch Totals":null,"Phil Totals":null,"Bryce Totals":null,"Cory Totals":null,"JB Totals":null,"Ethan Totals":null},{"Week":"144","Date":"08/01/2025","Mitch Bet Amount":null,"Mitch Win/Lose/Push":null,"Mitch":null,"Phil Bet Amount":null,"Phil Win/Lose/Push":null,"Phil":null,"Bryce Bet Amount":null,"Bryce Win/Lose/Push":null,"Bryce":null,"Cory Bet Amount":null,"Cory Win/Lose/Push":null,"Cory":null,"JB Bet Amount":null,"JB Win/Lose/Push":null,"JB":null,"Ethan Bet Amount":null,"Ethan Win/Lose/Push":null,"Ethan":null,"Jaime Bet Amount":null,"Jaime Win/Lose/Push":null,"Jaime":null,"Nathan Bet Amount":null,"Nathan Win/Lose/Push":null,"Nathan":null,"Evan Bet Amount":null,"Evan Win/Lose/Push":null,"Evan":null,"Brandon Bet Amount":null,"Brandon Win/Lose/Push":null,"Brandon":null,"Total Team Bet":null,"Legends Bet":null,"Leaders Bet":null,"To Win":null,"Payout":null,"TOTALS":null,"Mitch Totals":null,"Phil Totals":null,"Bryce Totals":null,"Cory Totals":null,"JB Totals":null,"Ethan Totals":null},{"Week":"145","Date":"08/08/2025","Mitch Bet Amount":null,"Mitch Win/Lose/Push":null,"Mitch":null,"Phil Bet Amount":null,"Phil Win/Lose/Push":null,"Phil":null,"Bryce Bet Amount":null,"Bryce Win/Lose/Push":null,"Bryce":null,"Cory Bet Amount":null,"Cory Win/Lose/Push":null,"Cory":null,"JB Bet Amount":null,"JB Win/Lose/Push":null,"JB":null,"Ethan Bet Amount":null,"Ethan Win/Lose/Push":null,"Ethan":null,"Jaime Bet Amount":null,"Jaime Win/Lose/Push":null,"Jaime":null,"Nathan Bet Amount":null,"Nathan Win/Lose/Push":null,"Nathan":null,"Evan Bet Amount":null,"Evan Win/Lose/Push":null,"Evan":null,"Brandon Bet Amount":null,"Brandon Win/Lose/Push":null,"Brandon":null,"Total Team Bet":null,"Legends Bet":null,"Leaders Bet":null,"To Win":null,"Payout":null,"TOTALS":null,"Mitch Totals":null,"Phil Totals":null,"Bryce Totals":null,"Cory Totals":null,"JB Totals":null,"Ethan Totals":null},{"Week":"146","Date":"08/15/2025","Mitch Bet Amount":null,"Mitch Win/Lose/Push":null,"Mitch":null,"Phil Bet Amount":null,"Phil Win/Lose/Push":null,"Phil":null,"Bryce Bet Amount":null,"Bryce Win/Lose/Push":null,"Bryce":null,"Cory Bet Amount":null,"Cory Win/Lose/Push":null,"Cory":null,"JB Bet Amount":null,"JB Win/Lose/Push":null,"JB":null,"Ethan Bet Amount":null,"Ethan Win/Lose/Push":null,"Ethan":null,"Jaime Bet Amount":null,"Jaime Win/Lose/Push":null,"Jaime":null,"Nathan Bet Amount":null,"Nathan Win/Lose/Push":null,"Nathan":null,"Evan Bet Amount":null,"Evan Win/Lose/Push":null,"Evan":null,"Brandon Bet Amount":null,"Brandon Win/Lose/Push":null,"Brandon":null,"Total Team Bet":null,"Legends Bet":null,"Leaders Bet":null,"To Win":null,"Payout":null,"TOTALS":null,"Mitch Totals":null,"Phil Totals":null,"Bryce Totals":null,"Cory Totals":null,"JB Totals":null,"Ethan Totals":null},{"Week":"147","Date":"08/22/2025","Mitch Bet Amount":null,"Mitch Win/Lose/Push":null,"Mitch":null,"Phil Bet Amount":null,"Phil Win/Lose/Push":null,"Phil":null,"Bryce Bet Amount":null,"Bryce Win/Lose/Push":null,"Bryce":null,"Cory Bet Amount":null,"Cory Win/Lose/Push":null,"Cory":null,"JB Bet Amount":null,"JB Win/Lose/Push":null,"JB":null,"Ethan Bet Amount":null,"Ethan Win/Lose/Push":null,"Ethan":null,"Jaime Bet Amount":null,"Jaime Win/Lose/Push":null,"Jaime":null,"Nathan Bet Amount":null,"Nathan Win/Lose/Push":null,"Nathan":null,"Evan Bet Amount":null,"Evan Win/Lose/Push":null,"Evan":null,"Brandon Bet Amount":null,"Brandon Win/Lose/Push":null,"Brandon":null,"Total Team Bet":null,"Legends Bet":null,"Leaders Bet":null,"To Win":null,"Payout":null,"TOTALS":null,"Mitch Totals":null,"Phil Totals":null,"Bryce Totals":null,"Cory Totals":null,"JB Totals":null,"Ethan Totals":null},{"Week":"148","Date":"08/29/2025","Mitch Bet Amount":null,"Mitch Win/Lose/Push":null,"Mitch":null,"Phil Bet Amount":null,"Phil Win/Lose/Push":null,"Phil":null,"Bryce Bet Amount":null,"Bryce Win/Lose/Push":null,"Bryce":null,"Cory Bet Amount":null,"Cory Win/Lose/Push":null,"Cory":null,"JB Bet Amount":null,"JB Win/Lose/Push":null,"JB":null,"Ethan Bet Amount":null,"Ethan Win/Lose/Push":null,"Ethan":null,"Jaime Bet Amount":null,"Jaime Win/Lose/Push":null,"Jaime":null,"Nathan Bet Amount":null,"Nathan Win/Lose/Push":null,"Nathan":null,"Evan Bet Amount":null,"Evan Win/Lose/Push":null,"Evan":null,"Brandon Bet Amount":null,"Brandon Win/Lose/Push":null,"Brandon":null,"Total Team Bet":null,"Legends Bet":null,"Leaders Bet":null,"To Win":null,"Payout":null,"TOTALS":null,"Mitch Totals":null,"Phil Totals":null,"Bryce Totals":null,"Cory Totals":null,"JB Totals":null,"Ethan Totals":null},{"Week":"149","Date":"09/05/2025","Mitch Bet Amount":null,"Mitch Win/Lose/Push":null,"Mitch":null,"Phil Bet Amount":null,"Phil Win/Lose/Push":null,"Phil":null,"Bryce Bet Amount":null,"Bryce Win/Lose/Push":null,"Bryce":null,"Cory Bet Amount":null,"Cory Win/Lose/Push":null,"Cory":null,"JB Bet Amount":null,"JB Win/Lose/Push":null,"JB":null,"Ethan Bet Amount":null,"Ethan Win/Lose/Push":null,"Ethan":null,"Jaime Bet Amount":null,"Jaime Win/Lose/Push":null,"Jaime":null,"Nathan Bet Amount":null,"Nathan Win/Lose/Push":null,"Nathan":null,"Evan Bet Amount":null,"Evan Win/Lose/Push":null,"Evan":null,"Brandon Bet Amount":null,"Brandon Win/Lose/Push":null,"Brandon":null,"Total Team Bet":null,"Legends Bet":null,"Leaders Bet":null,"To Win":null,"Payout":null,"TOTALS":null,"Mitch Totals":null,"Phil Totals":null,"Bryce Totals":null,"Cory Totals":null,"JB Totals":null,"Ethan Totals":null},{"Week":"150","Date":"09/12/2025","Mitch Bet Amount":null,"Mitch Win/Lose/Push":null,"Mitch":null,"Phil Bet Amount":null,"Phil Win/Lose/Push":null,"Phil":null,"Bryce Bet Amount":null,"Bryce Win/Lose/Push":null,"Bryce":null,"Cory Bet Amount":null,"Cory Win/Lose/Push":null,"Cory":null,"JB Bet Amount":null,"JB Win/Lose/Push":null,"JB":null,"Ethan Bet Amount":null,"Ethan Win/Lose/Push":null,"Ethan":null,"Jaime Bet Amount":null,"Jaime Win/Lose/Push":null,"Jaime":null,"Nathan Bet Amount":null,"Nathan Win/Lose/Push":null,"Nathan":null,"Evan Bet Amount":null,"Evan Win/Lose/Push":null,"Evan":null,"Brandon Bet Amount":null,"Brandon Win/Lose/Push":null,"Brandon":null,"Total Team Bet":null,"Legends Bet":null,"Leaders Bet":null,"To Win":null,"Payout":null,"TOTALS":null,"Mitch Totals":null,"Phil Totals":null,"Bryce Totals":null,"Cory Totals":null,"JB Totals":null,"Ethan Totals":null},{"Week":"151","Date":"09/19/2025","Mitch Bet Amount":null,"Mitch Win/Lose/Push":null,"Mitch":null,"Phil Bet Amount":null,"Phil Win/Lose/Push":null,"Phil":null,"Bryce Bet Amount":null,"Bryce Win/Lose/Push":null,"Bryce":null,"Cory Bet Amount":null,"Cory Win/Lose/Push":null,"Cory":null,"JB Bet Amount":null,"JB Win/Lose/Push":null,"JB":null,"Ethan Bet Amount":null,"Ethan Win/Lose/Push":null,"Ethan":null,"Jaime Bet Amount":null,"Jaime Win/Lose/Push":null,"Jaime":null,"Nathan Bet Amount":null,"Nathan Win/Lose/Push":null,"Nathan":null,"Evan Bet Amount":null,"Evan Win/Lose/Push":null,"Evan":null,"Brandon Bet Amount":null,"Brandon Win/Lose/Push":null,"Brandon":null,"Total Team Bet":null,"Legends Bet":null,"Leaders Bet":null,"To Win":null,"Payout":null,"TOTALS":null,"Mitch Totals":null,"Phil Totals":null,"Bryce Totals":null,"Cory Totals":null,"JB Totals":null,"Ethan Totals":null},{"Week":"152","Date":"09/26/2025","Mitch Bet Amount":null,"Mitch Win/Lose/Push":null,"Mitch":null,"Phil Bet Amount":null,"Phil Win/Lose/Push":null,"Phil":null,"Bryce Bet Amount":null,"Bryce Win/Lose/Push":null,"Bryce":null,"Cory Bet Amount":null,"Cory Win/Lose/Push":null,"Cory":null,"JB Bet Amount":null,"JB Win/Lose/Push":null,"JB":null,"Ethan Bet Amount":null,"Ethan Win/Lose/Push":null,"Ethan":null,"Jaime Bet Amount":null,"Jaime Win/Lose/Push":null,"Jaime":null,"Nathan Bet Amount":null,"Nathan Win/Lose/Push":null,"Nathan":null,"Evan Bet Amount":null,"Evan Win/Lose/Push":null,"Evan":null,"Brandon Bet Amount":null,"Brandon Win/Lose/Push":null,"Brandon":null,"Total Team Bet":null,"Legends Bet":null,"Leaders Bet":null,"To Win":null,"Payout":null,"TOTALS":null,"Mitch Totals":null,"Phil Totals":null,"Bryce Totals":null,"Cory Totals":null,"JB Totals":null,"Ethan Totals":null},{"Week":"153","Date":"10/03/2025","Mitch Bet Amount":null,"Mitch Win/Lose/Push":null,"Mitch":null,"Phil Bet Amount":null,"Phil Win/Lose/Push":null,"Phil":null,"Bryce Bet Amount":null,"Bryce Win/Lose/Push":null,"Bryce":null,"Cory Bet Amount":null,"Cory Win/Lose/Push":null,"Cory":null,"JB Bet Amount":null,"JB Win/Lose/Push":null,"JB":null,"Ethan Bet Amount":null,"Ethan Win/Lose/Push":null,"Ethan":null,"Jaime Bet Amount":null,"Jaime Win/Lose/Push":null,"Jaime":null,"Nathan Bet Amount":null,"Nathan Win/Lose/Push":null,"Nathan":null,"Evan Bet Amount":null,"Evan Win/Lose/Push":null,"Evan":null,"Brandon Bet Amount":null,"Brandon Win/Lose/Push":null,"Brandon":null,"Total Team Bet":null,"Legends Bet":null,"Leaders Bet":null,"To Win":null,"Payout":null,"TOTALS":null,"Mitch Totals":null,"Phil Totals":null,"Bryce Totals":null,"Cory Totals":null,"JB Totals":null,"Ethan Totals":null},{"Week":"154","Date":"10/10/2025","Mitch Bet Amount":null,"Mitch Win/Lose/Push":null,"Mitch":null,"Phil Bet Amount":null,"Phil Win/Lose/Push":null,"Phil":null,"Bryce Bet Amount":null,"Bryce Win/Lose/Push":null,"Bryce":null,"Cory Bet Amount":null,"Cory Win/Lose/Push":null,"Cory":null,"JB Bet Amount":null,"JB Win/Lose/Push":null,"JB":null,"Ethan Bet Amount":null,"Ethan Win/Lose/Push":null,"Ethan":null,"Jaime Bet Amount":null,"Jaime Win/Lose/Push":null,"Jaime":null,"Nathan Bet Amount":null,"Nathan Win/Lose/Push":null,"Nathan":null,"Evan Bet Amount":null,"Evan Win/Lose/Push":null,"Evan":null,"Brandon Bet Amount":null,"Brandon Win/Lose/Push":null,"Brandon":null,"Total Team Bet":null,"Legends Bet":null,"Leaders Bet":null,"To Win":null,"Payout":null,"TOTALS":null,"Mitch Totals":null,"Phil Totals":null,"Bryce Totals":null,"Cory Totals":null,"JB Totals":null,"Ethan Totals":null},{"Week":"155","Date":"10/17/2025","Mitch Bet Amount":null,"Mitch Win/Lose/Push":null,"Mitch":null,"Phil Bet Amount":null,"Phil Win/Lose/Push":null,"Phil":null,"Bryce Bet Amount":null,"Bryce Win/Lose/Push":null,"Bryce":null,"Cory Bet Amount":null,"Cory Win/Lose/Push":null,"Cory":null,"JB Bet Amount":null,"JB Win/Lose/Push":null,"JB":null,"Ethan Bet Amount":null,"Ethan Win/Lose/Push":null,"Ethan":null,"Jaime Bet Amount":null,"Jaime Win/Lose/Push":null,"Jaime":null,"Nathan Bet Amount":null,"Nathan Win/Lose/Push":null,"Nathan":null,"Evan Bet Amount":null,"Evan Win/Lose/Push":null,"Evan":null,"Brandon Bet Amount":null,"Brandon Win/Lose/Push":null,"Brandon":null,"Total Team Bet":null,"Legends Bet":null,"Leaders Bet":null,"To Win":null,"Payout":null,"TOTALS":null,"Mitch Totals":null,"Phil Totals":null,"Bryce Totals":null,"Cory Totals":null,"JB Totals":null,"Ethan Totals":null},{"Week":"156","Date":"10/24/2025","Mitch Bet Amount":null,"Mitch Win/Lose/Push":null,"Mitch":null,"Phil Bet Amount":null,"Phil Win/Lose/Push":null,"Phil":null,"Bryce Bet Amount":null,"Bryce Win/Lose/Push":null,"Bryce":null,"Cory Bet Amount":null,"Cory Win/Lose/Push":null,"Cory":null,"JB Bet Amount":null,"JB Win/Lose/Push":null,"JB":null,"Ethan Bet Amount":null,"Ethan Win/Lose/Push":null,"Ethan":null,"Jaime Bet Amount":null,"Jaime Win/Lose/Push":null,"Jaime":null,"Nathan Bet Amount":null,"Nathan Win/Lose/Push":null,"Nathan":null,"Evan Bet Amount":null,"Evan Win/Lose/Push":null,"Evan":null,"Brandon Bet Amount":null,"Brandon Win/Lose/Push":null,"Brandon":null,"Total Team Bet":null,"Legends Bet":null,"Leaders Bet":null,"To Win":null,"Payout":null,"TOTALS":null,"Mitch Totals":null,"Phil Totals":null,"Bryce Totals":null,"Cory Totals":null,"JB Totals":null,"Ethan Totals":null},{"Week":"157","Date":"10/31/2025","Mitch Bet Amount":null,"Mitch Win/Lose/Push":null,"Mitch":null,"Phil Bet Amount":null,"Phil Win/Lose/Push":null,"Phil":null,"Bryce Bet Amount":null,"Bryce Win/Lose/Push":null,"Bryce":null,"Cory Bet Amount":null,"Cory Win/Lose/Push":null,"Cory":null,"JB Bet Amount":null,"JB Win/Lose/Push":null,"JB":null,"Ethan Bet Amount":null,"Ethan Win/Lose/Push":null,"Ethan":null,"Jaime Bet Amount":null,"Jaime Win/Lose/Push":null,"Jaime":null,"Nathan Bet Amount":null,"Nathan Win/Lose/Push":null,"Nathan":null,"Evan Bet Amount":null,"Evan Win/Lose/Push":null,"Evan":null,"Brandon Bet Amount":null,"Brandon Win/Lose/Push":null,"Brandon":null,"Total Team Bet":null,"Legends Bet":null,"Leaders Bet":null,"To Win":null,"Payout":null,"TOTALS":null,"Mitch Totals":null,"Phil Totals":null,"Bryce Totals":null,"Cory Totals":null,"JB Totals":null,"Ethan Totals":null},{"Week":"158","Date":"11/07/2025","Mitch Bet Amount":null,"Mitch Win/Lose/Push":null,"Mitch":null,"Phil Bet Amount":null,"Phil Win/Lose/Push":null,"Phil":null,"Bryce Bet Amount":null,"Bryce Win/Lose/Push":null,"Bryce":null,"Cory Bet Amount":null,"Cory Win/Lose/Push":null,"Cory":null,"JB Bet Amount":null,"JB Win/Lose/Push":null,"JB":null,"Ethan Bet Amount":null,"Ethan Win/Lose/Push":null,"Ethan":null,"Jaime Bet Amount":null,"Jaime Win/Lose/Push":null,"Jaime":null,"Nathan Bet Amount":null,"Nathan Win/Lose/Push":null,"Nathan":null,"Evan Bet Amount":null,"Evan Win/Lose/Push":null,"Evan":null,"Brandon Bet Amount":null,"Brandon Win/Lose/Push":null,"Brandon":null,"Total Team Bet":null,"Legends Bet":null,"Leaders Bet":null,"To Win":null,"Payout":null,"TOTALS":null,"Mitch Totals":null,"Phil Totals":null,"Bryce Totals":null,"Cory Totals":null,"JB Totals":null,"Ethan Totals":null},{"Week":"159","Date":"11/14/2025","Mitch Bet Amount":null,"Mitch Win/Lose/Push":null,"Mitch":null,"Phil Bet Amount":null,"Phil Win/Lose/Push":null,"Phil":null,"Bryce Bet Amount":null,"Bryce Win/Lose/Push":null,"Bryce":null,"Cory Bet Amount":null,"Cory Win/Lose/Push":null,"Cory":null,"JB Bet Amount":null,"JB Win/Lose/Push":null,"JB":null,"Ethan Bet Amount":null,"Ethan Win/Lose/Push":null,"Ethan":null,"Jaime Bet Amount":null,"Jaime Win/Lose/Push":null,"Jaime":null,"Nathan Bet Amount":null,"Nathan Win/Lose/Push":null,"Nathan":null,"Evan Bet Amount":null,"Evan Win/Lose/Push":null,"Evan":null,"Brandon Bet Amount":null,"Brandon Win/Lose/Push":null,"Brandon":null,"Total Team Bet":null,"Legends Bet":null,"Leaders Bet":null,"To Win":null,"Payout":null,"TOTALS":null,"Mitch Totals":null,"Phil Totals":null,"Bryce Totals":null,"Cory Totals":null,"JB Totals":null,"Ethan Totals":null},{"Week":"160","Date":"11/21/2025","Mitch Bet Amount":null,"Mitch Win/Lose/Push":null,"Mitch":null,"Phil Bet Amount":null,"Phil Win/Lose/Push":null,"Phil":null,"Bryce Bet Amount":null,"Bryce Win/Lose/Push":null,"Bryce":null,"Cory Bet Amount":null,"Cory Win/Lose/Push":null,"Cory":null,"JB Bet Amount":null,"JB Win/Lose/Push":null,"JB":null,"Ethan Bet Amount":null,"Ethan Win/Lose/Push":null,"Ethan":null,"Jaime Bet Amount":null,"Jaime Win/Lose/Push":null,"Jaime":null,"Nathan Bet Amount":null,"Nathan Win/Lose/Push":null,"Nathan":null,"Evan Bet Amount":null,"Evan Win/Lose/Push":null,"Evan":null,"Brandon Bet Amount":null,"Brandon Win/Lose/Push":null,"Brandon":null,"Total Team Bet":null,"Legends Bet":null,"Leaders Bet":null,"To Win":null,"Payout":null,"TOTALS":null,"Mitch Totals":null,"Phil Totals":null,"Bryce Totals":null,"Cory Totals":null,"JB Totals":null,"Ethan Totals":null},{"Week":"161","Date":"11/28/2025","Mitch Bet Amount":null,"Mitch Win/Lose/Push":null,"Mitch":null,"Phil Bet Amount":null,"Phil Win/Lose/Push":null,"Phil":null,"Bryce Bet Amount":null,"Bryce Win/Lose/Push":null,"Bryce":null,"Cory Bet Amount":null,"Cory Win/Lose/Push":null,"Cory":null,"JB Bet Amount":null,"JB Win/Lose/Push":null,"JB":null,"Ethan Bet Amount":null,"Ethan Win/Lose/Push":null,"Ethan":null,"Jaime Bet Amount":null,"Jaime Win/Lose/Push":null,"Jaime":null,"Nathan Bet Amount":null,"Nathan Win/Lose/Push":null,"Nathan":null,"Evan Bet Amount":null,"Evan Win/Lose/Push":null,"Evan":null,"Brandon Bet Amount":null,"Brandon Win/Lose/Push":null,"Brandon":null,"Total Team Bet":null,"Legends Bet":null,"Leaders Bet":null,"To Win":null,"Payout":null,"TOTALS":null,"Mitch Totals":null,"Phil Totals":null,"Bryce Totals":null,"Cory Totals":null,"JB Totals":null,"Ethan Totals":null},{"Week":"162","Date":"12/05/2025","Mitch Bet Amount":null,"Mitch Win/Lose/Push":null,"Mitch":null,"Phil Bet Amount":null,"Phil Win/Lose/Push":null,"Phil":null,"Bryce Bet Amount":null,"Bryce Win/Lose/Push":null,"Bryce":null,"Cory Bet Amount":null,"Cory Win/Lose/Push":null,"Cory":null,"JB Bet Amount":null,"JB Win/Lose/Push":null,"JB":null,"Ethan Bet Amount":null,"Ethan Win/Lose/Push":null,"Ethan":null,"Jaime Bet Amount":null,"Jaime Win/Lose/Push":null,"Jaime":null,"Nathan Bet Amount":null,"Nathan Win/Lose/Push":null,"Nathan":null,"Evan Bet Amount":null,"Evan Win/Lose/Push":null,"Evan":null,"Brandon Bet Amount":null,"Brandon Win/Lose/Push":null,"Brandon":null,"Total Team Bet":null,"Legends Bet":null,"Leaders Bet":null,"To Win":null,"Payout":null,"TOTALS":null,"Mitch Totals":null,"Phil Totals":null,"Bryce Totals":null,"Cory Totals":null,"JB Totals":null,"Ethan Totals":null},{"Week":"163","Date":"12/12/2025","Mitch Bet Amount":null,"Mitch Win/Lose/Push":null,"Mitch":null,"Phil Bet Amount":null,"Phil Win/Lose/Push":null,"Phil":null,"Bryce Bet Amount":null,"Bryce Win/Lose/Push":null,"Bryce":null,"Cory Bet Amount":null,"Cory Win/Lose/Push":null,"Cory":null,"JB Bet Amount":null,"JB Win/Lose/Push":null,"JB":null,"Ethan Bet Amount":null,"Ethan Win/Lose/Push":null,"Ethan":null,"Jaime Bet Amount":null,"Jaime Win/Lose/Push":null,"Jaime":null,"Nathan Bet Amount":null,"Nathan Win/Lose/Push":null,"Nathan":null,"Evan Bet Amount":null,"Evan Win/Lose/Push":null,"Evan":null,"Brandon Bet Amount":null,"Brandon Win/Lose/Push":null,"Brandon":null,"Total Team Bet":null,"Legends Bet":null,"Leaders Bet":null,"To Win":null,"Payout":null,"TOTALS":null,"Mitch Totals":null,"Phil Totals":null,"Bryce Totals":null,"Cory Totals":null,"JB Totals":null,"Ethan Totals":null},{"Week":"164","Date":"12/19/2025","Mitch Bet Amount":null,"Mitch Win/Lose/Push":null,"Mitch":null,"Phil Bet Amount":null,"Phil Win/Lose/Push":null,"Phil":null,"Bryce Bet Amount":null,"Bryce Win/Lose/Push":null,"Bryce":null,"Cory Bet Amount":null,"Cory Win/Lose/Push":null,"Cory":null,"JB Bet Amount":null,"JB Win/Lose/Push":null,"JB":null,"Ethan Bet Amount":null,"Ethan Win/Lose/Push":null,"Ethan":null,"Jaime Bet Amount":null,"Jaime Win/Lose/Push":null,"Jaime":null,"Nathan Bet Amount":null,"Nathan Win/Lose/Push":null,"Nathan":null,"Evan Bet Amount":null,"Evan Win/Lose/Push":null,"Evan":null,"Brandon Bet Amount":null,"Brandon Win/Lose/Push":null,"Brandon":null,"Total Team Bet":null,"Legends Bet":null,"Leaders Bet":null,"To Win":null,"Payout":null,"TOTALS":null,"Mitch Totals":null,"Phil Totals":null,"Bryce Totals":null,"Cory Totals":null,"JB Totals":null,"Ethan Totals":null},{"Week":"165","Date":"12/26/2025","Mitch Bet Amount":null,"Mitch Win/Lose/Push":null,"Mitch":null,"Phil Bet Amount":null,"Phil Win/Lose/Push":null,"Phil":null,"Bryce Bet Amount":null,"Bryce Win/Lose/Push":null,"Bryce":null,"Cory Bet Amount":null,"Cory Win/Lose/Push":null,"Cory":null,"JB Bet Amount":null,"JB Win/Lose/Push":null,"JB":null,"Ethan Bet Amount":null,"Ethan Win/Lose/Push":null,"Ethan":null,"Jaime Bet Amount":null,"Jaime Win/Lose/Push":null,"Jaime":null,"Nathan Bet Amount":null,"Nathan Win/Lose/Push":null,"Nathan":null,"Evan Bet Amount":null,"Evan Win/Lose/Push":null,"Evan":null,"Brandon Bet Amount":null,"Brandon Win/Lose/Push":null,"Brandon":null,"Total Team Bet":null,"Legends Bet":null,"Leaders Bet":null,"To Win":null,"Payout":null,"TOTALS":null,"Mitch Totals":null,"Phil Totals":null,"Bryce Totals":null,"Cory Totals":null,"JB Totals":null,"Ethan Totals":null},{"Week":"166","Date":"01/02/2026","Mitch Bet Amount":null,"Mitch Win/Lose/Push":null,"Mitch":null,"Phil Bet Amount":null,"Phil Win/Lose/Push":null,"Phil":null,"Bryce Bet Amount":null,"Bryce Win/Lose/Push":null,"Bryce":null,"Cory Bet Amount":null,"Cory Win/Lose/Push":null,"Cory":null,"JB Bet Amount":null,"JB Win/Lose/Push":null,"JB":null,"Ethan Bet Amount":null,"Ethan Win/Lose/Push":null,"Ethan":null,"Jaime Bet Amount":null,"Jaime Win/Lose/Push":null,"Jaime":null,"Nathan Bet Amount":null,"Nathan Win/Lose/Push":null,"Nathan":null,"Evan Bet Amount":null,"Evan Win/Lose/Push":null,"Evan":null,"Brandon Bet Amount":null,"Brandon Win/Lose/Push":null,"Brandon":null,"Total Team Bet":null,"Legends Bet":null,"Leaders Bet":null,"To Win":null,"Payout":null,"TOTALS":null,"Mitch Totals":null,"Phil Totals":null,"Bryce Totals":null,"Cory Totals":null,"JB Totals":null,"Ethan Totals":null},{"Week":"167","Date":"01/09/2026","Mitch Bet Amount":null,"Mitch Win/Lose/Push":null,"Mitch":null,"Phil Bet Amount":null,"Phil Win/Lose/Push":null,"Phil":null,"Bryce Bet Amount":null,"Bryce Win/Lose/Push":null,"Bryce":null,"Cory Bet Amount":null,"Cory Win/Lose/Push":null,"Cory":null,"JB Bet Amount":null,"JB Win/Lose/Push":null,"JB":null,"Ethan Bet Amount":null,"Ethan Win/Lose/Push":null,"Ethan":null,"Jaime Bet Amount":null,"Jaime Win/Lose/Push":null,"Jaime":null,"Nathan Bet Amount":null,"Nathan Win/Lose/Push":null,"Nathan":null,"Evan Bet Amount":null,"Evan Win/Lose/Push":null,"Evan":null,"Brandon Bet Amount":null,"Brandon Win/Lose/Push":null,"Brandon":null,"Total Team Bet":null,"Legends Bet":null,"Leaders Bet":null,"To Win":null,"Payout":null,"TOTALS":null,"Mitch Totals":null,"Phil Totals":null,"Bryce Totals":null,"Cory Totals":null,"JB Totals":null,"Ethan Totals":null}]
3:31:44 AM [express] GET /api/data 304 in 4ms :: [{"Week":"1","Date":"8/25/23","Mitch Bet Amount":"$10","Mitch Win/Lose/Push":"Win","Mitch":"San Diego St -2.5","Phil Bet Amount":"$10","Phil Win/Lose/Push":"Win","Phil":"Hawaii/Vanderbilt Over","Bryce Bet Amount":"$5","Bryce Win/Lose/Push":"Win","Bryce":"Glover over Henley","Cory Bet Amount":"$10","Cory Win/Lose/Push":"Win","Cory":"Nebraska +7.5","JB Bet Amount":"$5","JB Win/Lose/Push":"Win","JB":"Utah","Ethan Bet Amount":"$10","Ethan Win/Lose/Push":"Win","Ethan":"MN/Neb Under","Jaime Bet Amount":"","Jaime Win/Lose/Push":"","Jaime":"","Nathan Bet Amount":"","Nathan Win/Lose/Push":"","Nathan":"","Evan Bet Amount":"","Evan Win/Lose/Push":"","Evan":"","Brandon Bet Amount":"","Brandon Win/Lose/Push":"","Brandon":"","Total Team Bet":"$50.00","Legends Bet":"","Leaders Bet":"","To Win":"2752.57","Payout":"$2,802.57","TOTALS":"Total Bet","Mitch Totals":"290","Phil Totals":"260","Bryce Totals":"240","Cory Totals":"360","JB Totals":"405","Ethan Totals":"295","Jaime Totals":"0","Nate Totals":"0","Evan Totals":"0","Brandon Totals":"0"},{"Week":"2","Date":"9/1/23","Mitch Bet Amount":"$5","Mitch Win/Lose/Push":"Win","Mitch":"Washington -14","Phil Bet Amount":"$5","Phil Win/Lose/Push":"Loss","Phil":"Purdue/Fresno Under","Bryce Bet Amount":"$5","Bryce Win/Lose/Push":"Win","Bryce":"Tail Ethan","Cory Bet Amount":"$5","Cory Win/Lose/Push":"Loss","Cory":"Wisconsin under","JB Bet Amount":"$5","JB Win/Lose/Push":"Loss","JB":"Utsa. meep meep","Ethan Bet Amount":"$5","Ethan Win/Lose/Push":"Win","Ethan":"Iowa Under","Jaime Bet Amount":"","Jaime Win/Lose/Push":"","Jaime":"","Nathan Bet Amount":"","Nathan Win/Lose/Push":"","Nathan":"","Evan Bet Amount":"","Evan Win/Lose/Push":"","Evan":"","Brandon Bet Amount":"","Brandon Win/Lose/Push":"","Brandon":"","Total Team Bet":"$30.00","Legends Bet":"","Leaders Bet":"","To Win":"","Payout":"","TOTALS":"Total Wins","Mitch Totals":"17","Phil Totals":"17","Bryce Totals":"18","Cory Totals":"11","JB Totals":"11","Ethan Totals":"17","Jaime Totals":"0","Nate Totals":"0","Evan Totals":"0","Brandon Totals":"0"},{"Week":"3","Date":"9/8/23","Mitch Bet Amount":"$5","Mitch Win/Lose/Push":"Win","Mitch":"Georgia Southern -7","Phil Bet Amount":"$10","Phil Win/Lose/Push":"Win","Phil":"Nebraska/Coach Prime Under","Bryce Bet Amount":"$5","Bryce Win/Lose/Push":"Win","Bryce":"Gophers under","Cory Bet Amount":"$10","Cory Win/Lose/Push":"Loss","Cory":"Bears -1.5","JB Bet Amount":"$10","JB Win/Lose/Push":"Win","JB":"coach prime -3","Ethan Bet Amount":"$5","Ethan Win/Lose/Push":"Win","Ethan":"Tail Phil ","Jaime Bet Amount":"","Jaime Win/Lose/Push":"","Jaime":"","Nathan Bet Amount":"","Nathan Win/Lose/Push":"","Nathan":"","Evan Bet Amount":"","Evan Win/Lose/Push":"","Evan":"","Brandon Bet Amount":"","Brandon Win/Lose/Push":"","Brandon":"","Total Team Bet":"$45.00","Legends Bet":"","Leaders Bet":"","To Win":"","Payout":"","TOTALS":"Total Losses","Mitch Totals":"12","Phil Totals":"11","Bryce Totals":"13","Cory Totals":"18","JB Totals":"18","Ethan Totals":"14","Jaime Totals":"0","Nate Totals":"0","Evan Totals":"0","Brandon Totals":"0"},{"Week":"4","Date":"9/15/23","Mitch Bet Amount":"$5","Mitch Win/Lose/Push":"Win","Mitch":"Rutgers -7","Phil Bet Amount":"$5","Phil Win/Lose/Push":"Win","Phil":"Indiana under","Bryce Bet Amount":"$5","Bryce Win/Lose/Push":"Loss","Bryce":"Nebraska under","Cory Bet Amount":"$15","Cory Win/Lose/Push":"Loss","Cory":"Ohio st under","JB Bet Amount":"$5","JB Win/Lose/Push":"Win","JB":"Wisconsin -20 ","Ethan Bet Amount":"$5","Ethan Win/Lose/Push":"Win","Ethan":"Florida +5.5","Jaime Bet Amount":"","Jaime Win/Lose/Push":"","Jaime":"","Nathan Bet Amount":"","Nathan Win/Lose/Push":"","Nathan":"","Evan Bet Amount":"","Evan Win/Lose/Push":"","Evan":"","Brandon Bet Amount":"","Brandon Win/Lose/Push":"","Brandon":"","Total Team Bet":"$40.00","Legends Bet":"","Leaders Bet":"","To Win":"","Payout":"","TOTALS":"Total Pushes","Mitch Totals":"2","Phil Totals":"3","Bryce Totals":"0","Cory Totals":"2","JB Totals":"2","Ethan Totals":"0","Jaime Totals":"0","Nate Totals":"0","Evan Totals":"0","Brandon Totals":"0"},{"Week":"5","Date":"9/22/23","Mitch Bet Amount":"$5","Mitch Win/Lose/Push":"Win","Mitch":"Texas A&M -9 ","Phil Bet Amount":"$5","Phil Win/Lose/Push":"Win","Phil":"TCU/SMU Under ","Bryce Bet Amount":"$10","Bryce Win/Lose/Push":"Loss","Bryce":"Vikings -1 ","Cory Bet Amount":"$20","Cory Win/Lose/Push":"Loss","Cory":"Tail JB ","JB Bet Amount":"$5","JB Win/Lose/Push":"Loss","JB":"Psu over ","Ethan Bet Amount":"$5","Ethan Win/Lose/Push":"Loss","Ethan":"Gophs Cover ","Jaime Bet Amount":"","Jaime Win/Lose/Push":"","Jaime":"","Nathan Bet Amount":"","Nathan Win/Lose/Push":"","Nathan":"","Evan Bet Amount":"","Evan Win/Lose/Push":"","Evan":"","Brandon Bet Amount":"","Brandon Win/Lose/Push":"","Brandon":"","Total Team Bet":"$50.00","Legends Bet":"","Leaders Bet":"","To Win":"","Payout":"","TOTALS":"Win Percentage","Mitch Totals":"58.62%","Phil Totals":"60.71%","Bryce Totals":"58.06%","Cory Totals":"37.93%","JB Totals":"37.93%","Ethan Totals":"54.84%","Jaime Totals":"0.00%","Nate Totals":"0.00%","Evan Totals":"0.00%","Brandon Totals":"0.00%"},{"Week":"6","Date":"9/29/23","Mitch Bet Amount":"$5","Mitch Win/Lose/Push":"Push","Mitch":"Memphis -3","Phil Bet Amount":"$5","Phil Win/Lose/Push":"Win","Phil":"Texas A&M/Arkansas Over","Bryce Bet Amount":"$15","Bryce Win/Lose/Push":"Win","Bryce":"Colorado cover","Cory Bet Amount":"$25","Cory Win/Lose/Push":"Push","Cory":"Mitch ","JB Bet Amount":"$10","JB Win/Lose/Push":"Loss","JB":"UNLV under","Ethan Bet Amount":"$10","Ethan Win/Lose/Push":"Loss","Ethan":"Iowa -10.5","Jaime Bet Amount":"","Jaime Win/Lose/Push":"","Jaime":"","Nathan Bet Amount":"","Nathan Win/Lose/Push":"","Nathan":"","Evan Bet Amount":"","Evan Win/Lose/Push":"","Evan":"","Brandon Bet Amount":"","Brandon Win/Lose/Push":"","Brandon":"","Total Team Bet":"$70.00","Legends Bet":null,"Leaders Bet":null,"To Win":null,"Payout":null,"TOTALS":null,"Mitch Totals":null,"Phil Totals":null,"Bryce Totals":null,"Cory Totals":null,"JB Totals":null,"Ethan Totals":null,"Jaime Totals":null,"Nate Totals":null,"Evan Totals":null,"Brandon Totals":null},{"Week":"7","Date":"10/6/23","Mitch Bet Amount":"$5","Mitch Win/Lose/Push":"Loss","Mitch":"Notre Dame -6.5","Phil Bet Amount":"$5","Phil Win/Lose/Push":"Win","Phil":"LSU/Mizzou Over","Bryce Bet Amount":"$5","Bryce Win/Lose/Push":"Win","Bryce":"Rutgers ","Cory Bet Amount":"$25","Cory Win/Lose/Push":"Win","Cory":"JB","JB Bet Amount":"$15","JB Win/Lose/Push":"Win","JB":"MichigaN -20","Ethan Bet Amount":"$15","Ethan Win/Lose/Push":"Loss","Ethan":"Gopher under","Jaime Bet Amount":"","Jaime Win/Lose/Push":"","Jaime":"","Nathan Bet Amount":"","Nathan Win/Lose/Push":"","Nathan":"","Evan Bet Amount":"","Evan Win/Lose/Push":"","Evan":"","Brandon Bet Amount":"","Brandon Win/Lose/Push":"","Brandon":"","Total Team Bet":"$70.00","Legends Bet":null,"Leaders Bet":null,"To Win":null,"Payout":null,"TOTALS":null,"Mitch Totals":null,"Phil Totals":null,"Bryce Totals":null,"Cory Totals":null,"JB Totals":null,"Ethan Totals":null,"Jaime Totals":null,"Nate Totals":null,"Evan Totals":null,"Brandon Totals":null},{"Week":"8","Date":"10/13/23","Mitch Bet Amount":"$10","Mitch Win/Lose/Push":"Win","Mitch":"Kansas St/TT Over","Phil Bet Amount":"$5","Phil Win/Lose/Push":"Win","Phil":"OSU/Purdue Under","Bryce Bet Amount":"$5","Bryce Win/Lose/Push":"Win","Bryce":"Washington cover","Cory Bet Amount":"$5","Cory Win/Lose/Push":"Loss","Cory":"Louisville cover","JB Bet Amount":"$5","JB Win/Lose/Push":"Loss","JB":"Temple Over","Ethan Bet Amount":"$20","Ethan Win/Lose/Push":"Loss","Ethan":"Tail Cory","Jaime Bet Amount":"","Jaime Win/Lose/Push":"","Jaime":"","Nathan Bet Amount":"","Nathan Win/Lose/Push":"","Nathan":"","Evan Bet Amount":"","Evan Win/Lose/Push":"","Evan":"","Brandon Bet Amount":"","Brandon Win/Lose/Push":"","Brandon":"","Total Team Bet":"$50.00","Legends Bet":null,"Leaders Bet":null,"To Win":null,"Payout":null,"TOTALS":null,"Mitch Totals":null,"Phil Totals":null,"Bryce Totals":null,"Cory Totals":null,"JB Totals":null,"Ethan Totals":null,"Jaime Totals":null,"Nate Totals":null,"Evan Totals":null,"Brandon Totals":null},{"Week":"9","Date":"10/20/23","Mitch Bet Amount":"$5","Mitch Win/Lose/Push":"Win","Mitch":"Kansas St -5.5 ","Phil Bet Amount":"$5","Phil Win/Lose/Push":"Win","Phil":"Air Force/navy under ","Bryce Bet Amount":"$5","Bryce Win/Lose/Push":"Win","Bryce":"Utah  ","Cory Bet Amount":"$10","Cory Win/Lose/Push":"Loss","Cory":"Iowa ","JB Bet Amount":"$10","JB Win/Lose/Push":"Win","JB":"michigan ","Ethan Bet Amount":"$25","Ethan Win/Lose/Push":"Win","Ethan":"Tail Mitch  ","Jaime Bet Amount":"","Jaime Win/Lose/Push":"","Jaime":"","Nathan Bet Amount":"","Nathan Win/Lose/Push":"","Nathan":"","Evan Bet Amount":"","Evan Win/Lose/Push":"","Evan":"","Brandon Bet Amount":"","Brandon Win/Lose/Push":"","Brandon":"","Total Team Bet":"$60.00","Legends Bet":null,"Leaders Bet":null,"To Win":null,"Payout":null,"TOTALS":null,"Mitch Totals":null,"Phil Totals":null,"Bryce Totals":null,"Cory Totals":null,"JB Totals":null,"Ethan Totals":null,"Jaime Totals":null,"Nate Totals":null,"Evan Totals":null,"Brandon Totals":null},{"Week":"10","Date":"10/27/23","Mitch Bet Amount":"$5","Mitch Win/Lose/Push":"Loss","Mitch":"Maryland -14 ","Phil Bet Amount":"$5","Phil Win/Lose/Push":"Win","Phil":"UConn/BC Under ","Bryce Bet Amount":"$5","Bryce Win/Lose/Push":"Loss","Bryce":"Oregon St ","Cory Bet Amount":"$15","Cory Win/Lose/Push":"Win","Cory":"Vikings ","JB Bet Amount":"$5","JB Win/Lose/Push":"Loss","JB":"Oklahoma -9 ","Ethan Bet Amount":"$5","Ethan Win/Lose/Push":"Loss","Ethan":"Memphis N Texas U 68 ","Jaime Bet Amount":"","Jaime Win/Lose/Push":"","Jaime":"","Nathan Bet Amount":"","Nathan Win/Lose/Push":"","Nathan":"","Evan Bet Amount":"","Evan Win/Lose/Push":"","Evan":"","Brandon Bet Amount":"","Brandon Win/Lose/Push":"","Brandon":"","Total Team Bet":"$40.00","Legends Bet":null,"Leaders Bet":null,"To Win":null,"Payout":null,"TOTALS":null,"Mitch Totals":null,"Phil Totals":null,"Bryce Totals":null,"Cory Totals":null,"JB Totals":null,"Ethan Totals":null,"Jaime Totals":null,"Nate Totals":null,"Evan Totals":null,"Brandon Totals":null},{"Week":"11","Date":"11/3/23","Mitch Bet Amount":"$10","Mitch Win/Lose/Push":"Loss","Mitch":"Nebraska -3","Phil Bet Amount":"$5","Phil Win/Lose/Push":"Loss","Phil":"Arkansas/Florida Under","Bryce Bet Amount":"$10","Bryce Win/Lose/Push":"Win","Bryce":"Washington (whoever is playing USC)","Cory Bet Amount":"$5","Cory Win/Lose/Push":"Loss","Cory":"Gophers under","JB Bet Amount":"$10","JB Win/Lose/Push":"Win","JB":"Michigan Over","Ethan Bet Amount":"$10","Ethan Win/Lose/Push":"Win","Ethan":"Bama -3","Jaime Bet Amount":"","Jaime Win/Lose/Push":"","Jaime":"","Nathan Bet Amount":"","Nathan Win/Lose/Push":"","Nathan":"","Evan Bet Amount":"","Evan Win/Lose/Push":"","Evan":"","Brandon Bet Amount":"","Brandon Win/Lose/Push":"","Brandon":"","Total Team Bet":"$50.00","Legends Bet":null,"Leaders Bet":null,"To Win":null,"Payout":null,"TOTALS":null,"Mitch Totals":null,"Phil Totals":null,"Bryce Totals":null,"Cory Totals":null,"JB Totals":null,"Ethan Totals":null,"Jaime Totals":null,"Nate Totals":null,"Evan Totals":null,"Brandon Totals":null},{"Week":"12","Date":"11/10/23","Mitch Bet Amount":"$15","Mitch Win/Lose/Push":"Loss","Mitch":"Washington cover ","Phil Bet Amount":"$10","Phil Win/Lose/Push":"Win","Phil":"Maryland Nebraska under ","Bryce Bet Amount":"$5","Bryce Win/Lose/Push":"Win","Bryce":"vikes ","Cory Bet Amount":"$10","Cory Win/Lose/Push":"Loss","Cory":"Gb/pitt under ","JB Bet Amount":"$5","JB Win/Lose/Push":"Loss","JB":"fsu -14 ","Ethan Bet Amount":"$5","Ethan Win/Lose/Push":"Loss","Ethan":"Falcons -1.5 ","Jaime Bet Amount":"","Jaime Win/Lose/Push":"","Jaime":"","Nathan Bet Amount":"","Nathan Win/Lose/Push":"","Nathan":"","Evan Bet Amount":"","Evan Win/Lose/Push":"","Evan":"","Brandon Bet Amount":"","Brandon Win/Lose/Push":"","Brandon":"","Total Team Bet":"$50.00","Legends Bet":null,"Leaders Bet":null,"To Win":null,"Payout":null,"TOTALS":null,"Mitch Totals":null,"Phil Totals":null,"Bryce Totals":null,"Cory Totals":null,"JB Totals":null,"Ethan Totals":null,"Jaime Totals":null,"Nate Totals":null,"Evan Totals":null,"Brandon Totals":null},{"Week":"13","Date":"11/17/23","Mitch Bet Amount":"$20","Mitch Win/Lose/Push":"Win","Mitch":"Phil","Phil Bet Amount":"$5","Phil Win/Lose/Push":"Win","Phil":"Tulane FAU under","Bryce Bet Amount":"$5","Bryce Win/Lose/Push":"Win","Bryce":"vikes","Cory Bet Amount":"$15","Cory Win/Lose/Push":"Win","Cory":"Osu cover","JB Bet Amount":"$10","JB Win/Lose/Push":"Win","JB":"Georgia","Ethan Bet Amount":"$10","Ethan Win/Lose/Push":"Loss","Ethan":"Nebraska Wisconsin under","Jaime Bet Amount":"","Jaime Win/Lose/Push":"","Jaime":"","Nathan Bet Amount":"","Nathan Win/Lose/Push":"","Nathan":"","Evan Bet Amount":"","Evan Win/Lose/Push":"","Evan":"","Brandon Bet Amount":"","Brandon Win/Lose/Push":"","Brandon":"","Total Team Bet":"$65.00","Legends Bet":null,"Leaders Bet":null,"To Win":null,"Payout":null,"TOTALS":null,"Mitch Totals":null,"Phil Totals":null,"Bryce Totals":null,"Cory Totals":null,"JB Totals":null,"Ethan Totals":null,"Jaime Totals":null,"Nate Totals":null,"Evan Totals":null,"Brandon Totals":null},{"Week":"14","Date":"11/24/23","Mitch Bet Amount":"$5","Mitch Win/Lose/Push":"Win","Mitch":"Kansas -7 ","Phil Bet Amount":"$5","Phil Win/Lose/Push":"Loss","Phil":"Kentucky Louisville Under","Bryce Bet Amount":"$5","Bryce Win/Lose/Push":"Loss","Bryce":"Vikes ","Cory Bet Amount":"$5","Cory Win/Lose/Push":"Win","Cory":"Isu/ksu over ","JB Bet Amount":"$5","JB Win/Lose/Push":"Loss","JB":"Alabama ","Ethan Bet Amount":"$15","Ethan Win/Lose/Push":"Loss","Ethan":"Mich osu under  ","Jaime Bet Amount":"","Jaime Win/Lose/Push":"","Jaime":"","Nathan Bet Amount":"","Nathan Win/Lose/Push":"","Nathan":"","Evan Bet Amount":"","Evan Win/Lose/Push":"","Evan":"","Brandon Bet Amount":"","Brandon Win/Lose/Push":"","Brandon":"","Total Team Bet":"$40.00","Legends Bet":null,"Leaders Bet":null,"To Win":null,"Payout":null,"TOTALS":null,"Mitch Totals":null,"Phil Totals":null,"Bryce Totals":null,"Cory Totals":null,"JB Totals":null,"Ethan Totals":null,"Jaime Totals":null,"Nate Totals":null,"Evan Totals":null,"Brandon Totals":null},{"Week":"15","Date":"12/1/23","Mitch Bet Amount":"$5","Mitch Win/Lose/Push":"Loss","Mitch":"Georgia ","Phil Bet Amount":"$10","Phil Win/Lose/Push":"Win","Phil":"Iowa/Michigan Under","Bryce Bet Amount":"$10","Bryce Win/Lose/Push":"Win","Bryce":"3 Chances - Sheffler/Morikowa/Fitzpatrick ","Cory Bet Amount":"$5","Cory Win/Lose/Push":"Win","Cory":"Lions","JB Bet Amount":"$10","JB Win/Lose/Push":"Loss","JB":"Steelers","Ethan Bet Amount":"$20","Ethan Win/Lose/Push":"Win","Ethan":"Tail Phil","Jaime Bet Amount":"","Jaime Win/Lose/Push":"","Jaime":"","Nathan Bet Amount":"","Nathan Win/Lose/Push":"","Nathan":"","Evan Bet Amount":"","Evan Win/Lose/Push":"","Evan":"","Brandon Bet Amount":"","Brandon Win/Lose/Push":"","Brandon":"","Total Team Bet":"$60.00","Legends Bet":null,"Leaders Bet":null,"To Win":null,"Payout":null,"TOTALS":null,"Mitch Totals":null,"Phil Totals":null,"Bryce Totals":null,"Cory Totals":null,"JB Totals":null,"Ethan Totals":null,"Jaime Totals":null,"Nate Totals":null,"Evan Totals":null,"Brandon Totals":null},{"Week":"16","Date":"12/8/23","Mitch Bet Amount":"$10","Mitch Win/Lose/Push":"Win","Mitch":"gophers bball ","Phil Bet Amount":"$5","Phil Win/Lose/Push":"Push","Phil":"Army/Navy Under ","Bryce Bet Amount":"$5","Bryce Win/Lose/Push":"Loss","Bryce":"Cory ","Cory Bet Amount":"$5","Cory Win/Lose/Push":"Loss","Cory":"Texans Cover ","JB Bet Amount":"$15","JB Win/Lose/Push":"Win","JB":"Arizona bball ","Ethan Bet Amount":"$5","Ethan Win/Lose/Push":"Win","Ethan":"Tail Mitch  ","Jaime Bet Amount":"","Jaime Win/Lose/Push":"","Jaime":"","Nathan Bet Amount":"","Nathan Win/Lose/Push":"","Nathan":"","Evan Bet Amount":"","Evan Win/Lose/Push":"","Evan":"","Brandon Bet Amount":"","Brandon Win/Lose/Push":"","Brandon":"","Total Team Bet":"$45.00","Legends Bet":null,"Leaders Bet":null,"To Win":null,"Payout":null,"TOTALS":null,"Mitch Totals":null,"Phil Totals":null,"Bryce Totals":null,"Cory Totals":null,"JB Totals":null,"Ethan Totals":null,"Jaime Totals":null,"Nate Totals":null,"Evan Totals":null,"Brandon Totals":null},{"Week":"17","Date":"12/15/23","Mitch Bet Amount":"$5","Mitch Win/Lose/Push":"Loss","Mitch":"Kansas bball  ","Phil Bet Amount":"$5","Phil Win/Lose/Push":"Loss","Phil":"UCLA/boise under ","Bryce Bet Amount":"$10","Bryce Win/Lose/Push":"Loss","Bryce":"2 chances, team woods / team Thomas ","Cory Bet Amount":"$10","Cory Win/Lose/Push":"Win","Cory":"San Fran cover ","JB Bet Amount":"$5","JB Win/Lose/Push":"Loss","JB":"Myrtle Beach Bowl Under ","Ethan Bet Amount":"$5","Ethan Win/Lose/Push":"Win","Ethan":"Twolves Under ","Jaime Bet Amount":"","Jaime Win/Lose/Push":"","Jaime":"","Nathan Bet Amount":"","Nathan Win/Lose/Push":"","Nathan":"","Evan Bet Amount":"","Evan Win/Lose/Push":"","Evan":"","Brandon Bet Amount":"","Brandon Win/Lose/Push":"","Brandon":"","Total Team Bet":"$40.00","Legends Bet":null,"Leaders Bet":null,"To Win":null,"Payout":null,"TOTALS":null,"Mitch Totals":null,"Phil Totals":null,"Bryce Totals":null,"Cory Totals":null,"JB Totals":null,"Ethan Totals":null,"Jaime Totals":null,"Nate Totals":null,"Evan Totals":null,"Brandon Totals":null},{"Week":"18","Date":"12/22/23","Mitch Bet Amount":"$10","Mitch Win/Lose/Push":"Loss","Mitch":"Troy ","Phil Bet Amount":"$10","Phil Win/Lose/Push":"Loss","Phil":"Minnesota/bowling green under ","Bryce Bet Amount":"$15","Bryce Win/Lose/Push":"Loss","Bryce":"Utah  ","Cory Bet Amount":"$5","Cory Win/Lose/Push":"Loss","Cory":"James Madison ","JB Bet Amount":"$10","JB Win/Lose/Push":"Loss","JB":"Nu/UTAH over ","Ethan Bet Amount":"$5","Ethan Win/Lose/Push":"Win","Ethan":"Lions -3 ","Jaime Bet Amount":"","Jaime Win/Lose/Push":"","Jaime":"","Nathan Bet Amount":"","Nathan Win/Lose/Push":"","Nathan":"","Evan Bet Amount":"","Evan Win/Lose/Push":"","Evan":"","Brandon Bet Amount":"","Brandon Win/Lose/Push":"","Brandon":"","Total Team Bet":"$55.00","Legends Bet":null,"Leaders Bet":null,"To Win":null,"Payout":null,"TOTALS":null,"Mitch Totals":null,"Phil Totals":null,"Bryce Totals":null,"Cory Totals":null,"JB Totals":null,"Ethan Totals":null,"Jaime Totals":null,"Nate Totals":null,"Evan Totals":null,"Brandon Totals":null},{"Week":"19","Date":"12/29/23","Mitch Bet Amount":"$15","Mitch Win/Lose/Push":"Loss","Mitch":"FIU bball","Phil Bet Amount":"$15","Phil Win/Lose/Push":"Win","Phil":"Ole Miss/Penn State Over","Bryce Bet Amount":"$20","Bryce Win/Lose/Push":"Win","Bryce":"when Phil overs you don't think twice","Cory Bet Amount":"$10","Cory Win/Lose/Push":"Loss","Cory":"Bucs over ","JB Bet Amount":"$15","JB Win/Lose/Push":"Loss","JB":"georgia under","Ethan Bet Amount":"$5","Ethan Win/Lose/Push":"Loss","Ethan":"Lakers/Wolves Over 225","Jaime Bet Amount":"","Jaime Win/Lose/Push":"","Jaime":"","Nathan Bet Amount":"","Nathan Win/Lose/Push":"","Nathan":"","Evan Bet Amount":"","Evan Win/Lose/Push":"","Evan":"","Brandon Bet Amount":"","Brandon Win/Lose/Push":"","Brandon":"","Total Team Bet":"$80.00","Legends Bet":null,"Leaders Bet":null,"To Win":null,"Payout":null,"TOTALS":null,"Mitch Totals":null,"Phil Totals":null,"Bryce Totals":null,"Cory Totals":null,"JB Totals":null,"Ethan Totals":null,"Jaime Totals":null,"Nate Totals":null,"Evan Totals":null,"Brandon Totals":null},{"Week":"20","Date":"1/5/24","Mitch Bet Amount":"$20","Mitch Win/Lose/Push":"Loss","Mitch":"Tail Ethan ","Phil Bet Amount":"$5","Phil Win/Lose/Push":"Loss","Phil":"Baltimore ravens +3","Bryce Bet Amount":"$5","Bryce Win/Lose/Push":"Loss","Bryce":"Washington +4.5","Cory Bet Amount":"$15","Cory Win/Lose/Push":"Loss","Cory":"Wild under","JB Bet Amount":"$20","JB Win/Lose/Push":"Loss","JB":"phil","Ethan Bet Amount":"$10","Ethan Win/Lose/Push":"Loss","Ethan":"Bucks -5 @ rockets","Jaime Bet Amount":"","Jaime Win/Lose/Push":"","Jaime":"","Nathan Bet Amount":"","Nathan Win/Lose/Push":"","Nathan":"","Evan Bet Amount":"","Evan Win/Lose/Push":"","Evan":"","Brandon Bet Amount":"","Brandon Win/Lose/Push":"","Brandon":"","Total Team Bet":"$75.00","Legends Bet":null,"Leaders Bet":null,"To Win":null,"Payout":null,"TOTALS":null,"Mitch Totals":null,"Phil Totals":null,"Bryce Totals":null,"Cory Totals":null,"JB Totals":null,"Ethan Totals":null,"Jaime Totals":null,"Nate Totals":null,"Evan Totals":null,"Brandon Totals":null},{"Week":"21","Date":"1/12/24","Mitch Bet Amount":"$25","Mitch Win/Lose/Push":"Push","Mitch":"phil ","Phil Bet Amount":"$10","Phil Win/Lose/Push":"Push","Phil":"Pittsburgh/Buffalo under 33 ","Bryce Bet Amount":"$10","Bryce Win/Lose/Push":"Win","Bryce":"Rams +3 ","Cory Bet Amount":"$20","Cory Win/Lose/Push":"Push","Cory":"Phil ","JB Bet Amount":"$25","JB Win/Lose/Push":"Push","JB":"phil ","Ethan Bet Amount":"$15","Ethan Win/Lose/Push":"Loss","Ethan":"Dolphins +4.5 ","Jaime Bet Amount":"","Jaime Win/Lose/Push":"","Jaime":"","Nathan Bet Amount":"","Nathan Win/Lose/Push":"","Nathan":"","Evan Bet Amount":"","Evan Win/Lose/Push":"","Evan":"","Brandon Bet Amount":"","Brandon Win/Lose/Push":"","Brandon":"","Total Team Bet":"$105.00","Legends Bet":null,"Leaders Bet":null,"To Win":null,"Payout":null,"TOTALS":null,"Mitch Totals":null,"Phil Totals":null,"Bryce Totals":null,"Cory Totals":null,"JB Totals":null,"Ethan Totals":null,"Jaime Totals":null,"Nate Totals":null,"Evan Totals":null,"Brandon Totals":null},{"Week":"22","Date":"1/19/24","Mitch Bet Amount":"$25","Mitch Win/Lose/Push":"Win","Mitch":"Bryce ","Phil Bet Amount":"$10","Phil Win/Lose/Push":"Push","Phil":"Baltimore/Houston Under ","Bryce Bet Amount":"$5","Bryce Win/Lose/Push":"Win","Bryce":"Tampa / Detroit Over ","Cory Bet Amount":"$20","Cory Win/Lose/Push":"Win","Cory":"Bryce ","JB Bet Amount":"$20","JB Win/Lose/Push":"Push","JB":"Phil ","Ethan Bet Amount":"$20","Ethan Win/Lose/Push":"Win","Ethan":"Bryce ","Jaime Bet Amount":"","Jaime Win/Lose/Push":"","Jaime":"","Nathan Bet Amount":"","Nathan Win/Lose/Push":"","Nathan":"","Evan Bet Amount":"","Evan Win/Lose/Push":"","Evan":"","Brandon Bet Amount":"","Brandon Win/Lose/Push":"","Brandon":"","Total Team Bet":"$100.00","Legends Bet":"","Leaders Bet":"","To Win":"256.92","Payout":"$186.00","TOTALS":null,"Mitch Totals":null,"Phil Totals":null,"Bryce Totals":null,"Cory Totals":null,"JB Totals":null,"Ethan Totals":null,"Jaime Totals":null,"Nate Totals":null,"Evan Totals":null,"Brandon Totals":null},{"Week":"23","Date":"1/26/24","Mitch Bet Amount":"$5","Mitch Win/Lose/Push":"Win","Mitch":"Arizona -3.5 ","Phil Bet Amount":"$10","Phil Win/Lose/Push":"Loss","Phil":"Georgia/Florida Under ","Bryce Bet Amount":"$5","Bryce Win/Lose/Push":"Loss","Bryce":"KC / Baltimore Over ","Cory Bet Amount":"$5","Cory Win/Lose/Push":"Loss","Cory":"Det/sf under ","JB Bet Amount":"$20","JB Win/Lose/Push":"Loss","JB":"4th times a charm (Phil) ","Ethan Bet Amount":"$5","Ethan Win/Lose/Push":"Win","Ethan":"Sac kings +1.5 ","Jaime Bet Amount":"","Jaime Win/Lose/Push":"","Jaime":"","Nathan Bet Amount":"","Nathan Win/Lose/Push":"","Nathan":"","Evan Bet Amount":"","Evan Win/Lose/Push":"","Evan":"","Brandon Bet Amount":"","Brandon Win/Lose/Push":"","Brandon":"","Total Team Bet":"$50.00","Legends Bet":null,"Leaders Bet":null,"To Win":null,"Payout":null,"TOTALS":null,"Mitch Totals":null,"Phil Totals":null,"Bryce Totals":null,"Cory Totals":null,"JB Totals":null,"Ethan Totals":null,"Jaime Totals":null,"Nate Totals":null,"Evan Totals":null,"Brandon Totals":null},{"Week":"24","Date":"2/2/24","Mitch Bet Amount":"$5","Mitch Win/Lose/Push":"Loss","Mitch":"Oklahoma -1.5 ","Phil Bet Amount":"$15","Phil Win/Lose/Push":"Loss","Phil":"Houston -1 ","Bryce Bet Amount":"$10","Bryce Win/Lose/Push":"Loss","Bryce":"Gophers Hockey ","Cory Bet Amount":"$10","Cory Win/Lose/Push":"Loss","Cory":"Tail Ethan  ","JB Bet Amount":"$25","JB Win/Lose/Push":"Loss","JB":"a tale of ethan ","Ethan Bet Amount":"$5","Ethan Win/Lose/Push":"Loss","Ethan":"Northwestern +.5 ","Jaime Bet Amount":"","Jaime Win/Lose/Push":"","Jaime":"","Nathan Bet Amount":"","Nathan Win/Lose/Push":"","Nathan":"","Evan Bet Amount":"","Evan Win/Lose/Push":"","Evan":"","Brandon Bet Amount":"","Brandon Win/Lose/Push":"","Brandon":"","Total Team Bet":"$70.00","Legends Bet":null,"Leaders Bet":null,"To Win":null,"Payout":null,"TOTALS":null,"Mitch Totals":null,"Phil Totals":null,"Bryce Totals":null,"Cory Totals":null,"JB Totals":null,"Ethan Totals":null,"Jaime Totals":null,"Nate Totals":null,"Evan Totals":null,"Brandon Totals":null},{"Week":"25","Date":"2/9/24","Mitch Bet Amount":"$10","Mitch Win/Lose/Push":"Loss","Mitch":"Kentucky -4","Phil Bet Amount":"$20","Phil Win/Lose/Push":"Loss","Phil":"Tail Mitch","Bryce Bet Amount":"$15","Bryce Win/Lose/Push":"Win","Bryce":"Tail Cory","Cory Bet Amount":"$15","Cory Win/Lose/Push":"Win","Cory":"KC ML","JB Bet Amount":"$30","JB Win/Lose/Push":"Loss","JB":"Coach Rigdon","Ethan Bet Amount":"$10","Ethan Win/Lose/Push":"Loss","Ethan":"Butler","Jaime Bet Amount":"","Jaime Win/Lose/Push":"","Jaime":"","Nathan Bet Amount":"","Nathan Win/Lose/Push":"","Nathan":"","Evan Bet Amount":"","Evan Win/Lose/Push":"","Evan":"","Brandon Bet Amount":"","Brandon Win/Lose/Push":"","Brandon":"","Total Team Bet":"$100.00","Legends Bet":null,"Leaders Bet":null,"To Win":null,"Payout":null,"TOTALS":null,"Mitch Totals":null,"Phil Totals":null,"Bryce Totals":null,"Cory Totals":null,"JB Totals":null,"Ethan Totals":null,"Jaime Totals":null,"Nate Totals":null,"Evan Totals":null,"Brandon Totals":null},{"Week":"26","Date":"2/16/24","Mitch Bet Amount":"$15","Mitch Win/Lose/Push":"Win","Mitch":"Duke  ","Phil Bet Amount":"$25","Phil Win/Lose/Push":"Win","Phil":"Ethan ","Bryce Bet Amount":"$5","Bryce Win/Lose/Push":"Win","Bryce":"Genesis - Match ups (Cam Young over Tom Kim)  ","Cory Bet Amount":"$5","Cory Win/Lose/Push":"Loss","Cory":"South Carolina  ","JB Bet Amount":"$35","JB Win/Lose/Push":"Loss","JB":"suburban husband, flowing blond hair ","Ethan Bet Amount":"$15","Ethan Win/Lose/Push":"Win","Ethan":"UConn ","Jaime Bet Amount":"","Jaime Win/Lose/Push":"","Jaime":"","Nathan Bet Amount":"","Nathan Win/Lose/Push":"","Nathan":"","Evan Bet Amount":"","Evan Win/Lose/Push":"","Evan":"","Brandon Bet Amount":"","Brandon Win/Lose/Push":"","Brandon":"","Total Team Bet":"$100.00","Legends Bet":null,"Leaders Bet":null,"To Win":null,"Payout":null,"TOTALS":null,"Mitch Totals":null,"Phil Totals":null,"Bryce Totals":null,"Cory Totals":null,"JB Totals":null,"Ethan Totals":null,"Jaime Totals":null,"Nate Totals":null,"Evan Totals":null,"Brandon Totals":null},{"Week":"27","Date":"2/23/24","Mitch Bet Amount":"$5","Mitch Win/Lose/Push":"Win","Mitch":"TCU ","Phil Bet Amount":"$5","Phil Win/Lose/Push":"Loss","Phil":"Missouri / Arkansas Under 145.5 ","Bryce Bet Amount":"$5","Bryce Win/Lose/Push":"Loss","Bryce":"Utah  ","Cory Bet Amount":"$10","Cory Win/Lose/Push":"Loss","Cory":"Kraken ","JB Bet Amount":"$40","JB Win/Lose/Push":"Win","JB":"mitch ","Ethan Bet Amount":"$5","Ethan Win/Lose/Push":"Win","Ethan":"Arkansas -5 ","Jaime Bet Amount":"","Jaime Win/Lose/Push":"","Jaime":"","Nathan Bet Amount":"","Nathan Win/Lose/Push":"","Nathan":"","Evan Bet Amount":"","Evan Win/Lose/Push":"","Evan":"","Brandon Bet Amount":"","Brandon Win/Lose/Push":"","Brandon":"","Total Team Bet":"$70.00","Legends Bet":null,"Leaders Bet":null,"To Win":null,"Payout":null,"TOTALS":null,"Mitch Totals":null,"Phil Totals":null,"Bryce Totals":null,"Cory Totals":null,"JB Totals":null,"Ethan Totals":null,"Jaime Totals":null,"Nate Totals":null,"Evan Totals":null,"Brandon Totals":null},{"Week":"28","Date":"3/1/24","Mitch Bet Amount":"$5","Mitch Win/Lose/Push":"Win","Mitch":"wazzu -6","Phil Bet Amount":"$10","Phil Win/Lose/Push":"Win","Phil":"Mitch","Bryce Bet Amount":"$10","Bryce Win/Lose/Push":"Win","Bryce":"3rd round match up - j. knapp","Cory Bet Amount":"$15","Cory Win/Lose/Push":"Loss","Cory":"Minn -6.5","JB Bet Amount":"$5","JB Win/Lose/Push":"Loss","JB":"ethan","Ethan Bet Amount":"$5","Ethan Win/Lose/Push":"Loss","Ethan":"Northwestern -3.5","Jaime Bet Amount":null,"Jaime Win/Lose/Push":null,"Jaime":null,"Nathan Bet Amount":null,"Nathan Win/Lose/Push":null,"Nathan":null,"Evan Bet Amount":null,"Evan Win/Lose/Push":null,"Evan":null,"Brandon Bet Amount":null,"Brandon Win/Lose/Push":null,"Brandon":null,"Total Team Bet":null,"Legends Bet":null,"Leaders Bet":null,"To Win":null,"Payout":null,"TOTALS":null,"Mitch Totals":null,"Phil Totals":null,"Bryce Totals":null,"Cory Totals":null,"JB Totals":null,"Ethan Totals":null,"Jaime Totals":null,"Nate Totals":null,"Evan Totals":null,"Brandon Totals":null},{"Week":"29","Date":"3/8/24","Mitch Bet Amount":"$5","Mitch Win/Lose/Push":"Win","Mitch":"Marquette","Phil Bet Amount":"$5","Phil Win/Lose/Push":"Win","Phil":"Western Kentucky +5.5","Bryce Bet Amount":"$5","Bryce Win/Lose/Push":"Win","Bryce":"Arnold Palmer Top 20 Finish - Nick Taylor  ","Cory Bet Amount":"$20","Cory Win/Lose/Push":"Win","Cory":"Ethan","JB Bet Amount":"$10","JB Win/Lose/Push":"Win","JB":"mitch","Ethan Bet Amount":"$10","Ethan Win/Lose/Push":"Win","Ethan":"Creighton -1","Jaime Bet Amount":"","Jaime Win/Lose/Push":"","Jaime":"","Nathan Bet Amount":"","Nathan Win/Lose/Push":"","Nathan":"","Evan Bet Amount":"","Evan Win/Lose/Push":"","Evan":"","Brandon Bet Amount":"","Brandon Win/Lose/Push":"","Brandon":"","Total Team Bet":"","Legends Bet":"","Leaders Bet":"","To Win":"319.76","Payout":"$319.76","TOTALS":null,"Mitch Totals":null,"Phil Totals":null,"Bryce Totals":null,"Cory Totals":null,"JB Totals":null,"Ethan Totals":null,"Jaime Totals":null,"Nate Totals":null,"Evan Totals":null,"Brandon Totals":null},{"Week":"30","Date":"3/15/24","Mitch Bet Amount":"$5","Mitch Win/Lose/Push":"Loss","Mitch":"Auburn -7.5","Phil Bet Amount":"$5","Phil Win/Lose/Push":"Loss","Phil":"UTEP +3.5","Bryce Bet Amount":"$5","Bryce Win/Lose/Push":"Loss","Bryce":"Tail Cory","Cory Bet Amount":"$5","Cory Win/Lose/Push":"Loss","Cory":"English over theegala ","JB Bet Amount":"$5","JB Win/Lose/Push":"Loss","JB":"mitch","Ethan Bet Amount":"$5","Ethan Win/Lose/Push":"Win","Ethan":"Wisconsin +6","Jaime Bet Amount":null,"Jaime Win/Lose/Push":null,"Jaime":null,"Nathan Bet Amount":null,"Nathan Win/Lose/Push":null,"Nathan":null,"Evan Bet Amount":null,"Evan Win/Lose/Push":null,"Evan":null,"Brandon Bet Amount":null,"Brandon Win/Lose/Push":null,"Brandon":null,"Total Team Bet":null,"Legends Bet":null,"Leaders Bet":null,"To Win":null,"Payout":null,"TOTALS":null,"Mitch Totals":null,"Phil Totals":null,"Bryce Totals":null,"Cory Totals":null,"JB Totals":null,"Ethan Totals":null,"Jaime Totals":null,"Nate Totals":null,"Evan Totals":null,"Brandon Totals":null},{"Week":"31","Date":"3/22/24","Mitch Bet Amount":"$10","Mitch Win/Lose/Push":"Win","Mitch":"UNC -4  ","Phil Bet Amount":"$10","Phil Win/Lose/Push":"Win","Phil":"Texas/Tennessee under  ","Bryce Bet Amount":"$10","Bryce Win/Lose/Push":"Loss","Bryce":"cam young over wallace  ","Cory Bet Amount":"$10","Cory Win/Lose/Push":"Win","Cory":"Hugh's over Todd   ","JB Bet Amount":"$10","JB Win/Lose/Push":"Win","JB":"Vegas knights under  ","Ethan Bet Amount":"$5","Ethan Win/Lose/Push":"Win","Ethan":"Iowa St -6.5  ","Jaime Bet Amount":"","Jaime Win/Lose/Push":"","Jaime":"","Nathan Bet Amount":"","Nathan Win/Lose/Push":"","Nathan":"","Evan Bet Amount":"","Evan Win/Lose/Push":"","Evan":"","Brandon Bet Amount":"","Brandon Win/Lose/Push":"","Brandon":"","Total Team Bet":"","Legends Bet":"","Leaders Bet":"","To Win":"1505.6","Payout":"$1,505.60","TOTALS":null,"Mitch Totals":null,"Phil Totals":null,"Bryce Totals":null,"Cory Totals":null,"JB Totals":null,"Ethan Totals":null,"Jaime Totals":null,"Nate Totals":null,"Evan Totals":null,"Brandon Totals":null},{"Week":"32","Date":"03/29/2024","Mitch Bet Amount":"$5","Mitch Win/Lose/Push":"","Mitch":"","Phil Bet Amount":"$5","Phil Win/Lose/Push":"","Phil":"","Bryce Bet Amount":"$15","Bryce Win/Lose/Push":"","Bryce":"","Cory Bet Amount":"$5","Cory Win/Lose/Push":"","Cory":"","JB Bet Amount":"$5","JB Win/Lose/Push":"","JB":"","Ethan Bet Amount":"$5","Ethan Win/Lose/Push":null,"Ethan":null,"Jaime Bet Amount":null,"Jaime Win/Lose/Push":null,"Jaime":null,"Nathan Bet Amount":null,"Nathan Win/Lose/Push":null,"Nathan":null,"Evan Bet Amount":null,"Evan Win/Lose/Push":null,"Evan":null,"Brandon Bet Amount":null,"Brandon Win/Lose/Push":null,"Brandon":null,"Total Team Bet":null,"Legends Bet":null,"Leaders Bet":null,"To Win":null,"Payout":null,"TOTALS":null,"Mitch Totals":null,"Phil Totals":null,"Bryce Totals":null,"Cory Totals":null,"JB Totals":null,"Ethan Totals":null,"Jaime Totals":null,"Nate Totals":null,"Evan Totals":null,"Brandon Totals":null},{"Week":"33","Date":"04/05/2024","Mitch Bet Amount":null,"Mitch Win/Lose/Push":null,"Mitch":null,"Phil Bet Amount":null,"Phil Win/Lose/Push":null,"Phil":null,"Bryce Bet Amount":null,"Bryce Win/Lose/Push":null,"Bryce":null,"Cory Bet Amount":null,"Cory Win/Lose/Push":null,"Cory":null,"JB Bet Amount":null,"JB Win/Lose/Push":null,"JB":null,"Ethan Bet Amount":null,"Ethan Win/Lose/Push":null,"Ethan":null,"Jaime Bet Amount":null,"Jaime Win/Lose/Push":null,"Jaime":null,"Nathan Bet Amount":null,"Nathan Win/Lose/Push":null,"Nathan":null,"Evan Bet Amount":null,"Evan Win/Lose/Push":null,"Evan":null,"Brandon Bet Amount":null,"Brandon Win/Lose/Push":null,"Brandon":null,"Total Team Bet":null,"Legends Bet":null,"Leaders Bet":null,"To Win":null,"Payout":null,"TOTALS":null,"Mitch Totals":null,"Phil Totals":null,"Bryce Totals":null,"Cory Totals":null,"JB Totals":null,"Ethan Totals":null,"Jaime Totals":null,"Nate Totals":null,"Evan Totals":null,"Brandon Totals":null},{"Week":"34","Date":"04/12/2024","Mitch Bet Amount":null,"Mitch Win/Lose/Push":null,"Mitch":null,"Phil Bet Amount":null,"Phil Win/Lose/Push":null,"Phil":null,"Bryce Bet Amount":null,"Bryce Win/Lose/Push":null,"Bryce":null,"Cory Bet Amount":null,"Cory Win/Lose/Push":null,"Cory":null,"JB Bet Amount":null,"JB Win/Lose/Push":null,"JB":null,"Ethan Bet Amount":null,"Ethan Win/Lose/Push":null,"Ethan":null,"Jaime Bet Amount":null,"Jaime Win/Lose/Push":null,"Jaime":null,"Nathan Bet Amount":null,"Nathan Win/Lose/Push":null,"Nathan":null,"Evan Bet Amount":null,"Evan Win/Lose/Push":null,"Evan":null,"Brandon Bet Amount":null,"Brandon Win/Lose/Push":null,"Brandon":null,"Total Team Bet":null,"Legends Bet":null,"Leaders Bet":null,"To Win":null,"Payout":null,"TOTALS":null,"Mitch Totals":null,"Phil Totals":null,"Bryce Totals":null,"Cory Totals":null,"JB Totals":null,"Ethan Totals":null,"Jaime Totals":null,"Nate Totals":null,"Evan Totals":null,"Brandon Totals":null},{"Week":"35","Date":"04/19/2024","Mitch Bet Amount":null,"Mitch Win/Lose/Push":null,"Mitch":null,"Phil Bet Amount":null,"Phil Win/Lose/Push":null,"Phil":null,"Bryce Bet Amount":null,"Bryce Win/Lose/Push":null,"Bryce":null,"Cory Bet Amount":null,"Cory Win/Lose/Push":null,"Cory":null,"JB Bet Amount":null,"JB Win/Lose/Push":null,"JB":null,"Ethan Bet Amount":null,"Ethan Win/Lose/Push":null,"Ethan":null,"Jaime Bet Amount":null,"Jaime Win/Lose/Push":null,"Jaime":null,"Nathan Bet Amount":null,"Nathan Win/Lose/Push":null,"Nathan":null,"Evan Bet Amount":null,"Evan Win/Lose/Push":null,"Evan":null,"Brandon Bet Amount":null,"Brandon Win/Lose/Push":null,"Brandon":null,"Total Team Bet":null,"Legends Bet":null,"Leaders Bet":null,"To Win":null,"Payout":null,"TOTALS":null,"Mitch Totals":null,"Phil Totals":null,"Bryce Totals":null,"Cory Totals":null,"JB Totals":null,"Ethan Totals":null,"Jaime Totals":null,"Nate Totals":null,"Evan Totals":null,"Brandon Totals":null},{"Week":"36","Date":"04/26/2024","Mitch Bet Amount":null,"Mitch Win/Lose/Push":null,"Mitch":null,"Phil Bet Amount":null,"Phil Win/Lose/Push":null,"Phil":null,"Bryce Bet Amount":null,"Bryce Win/Lose/Push":null,"Bryce":null,"Cory Bet Amount":null,"Cory Win/Lose/Push":null,"Cory":null,"JB Bet Amount":null,"JB Win/Lose/Push":null,"JB":null,"Ethan Bet Amount":null,"Ethan Win/Lose/Push":null,"Ethan":null,"Jaime Bet Amount":null,"Jaime Win/Lose/Push":null,"Jaime":null,"Nathan Bet Amount":null,"Nathan Win/Lose/Push":null,"Nathan":null,"Evan Bet Amount":null,"Evan Win/Lose/Push":null,"Evan":null,"Brandon Bet Amount":null,"Brandon Win/Lose/Push":null,"Brandon":null,"Total Team Bet":null,"Legends Bet":null,"Leaders Bet":null,"To Win":null,"Payout":null,"TOTALS":null,"Mitch Totals":null,"Phil Totals":null,"Bryce Totals":null,"Cory Totals":null,"JB Totals":null,"Ethan Totals":null,"Jaime Totals":null,"Nate Totals":null,"Evan Totals":null,"Brandon Totals":null},{"Week":"37","Date":"05/03/2024","Mitch Bet Amount":null,"Mitch Win/Lose/Push":null,"Mitch":null,"Phil Bet Amount":null,"Phil Win/Lose/Push":null,"Phil":null,"Bryce Bet Amount":null,"Bryce Win/Lose/Push":null,"Bryce":null,"Cory Bet Amount":null,"Cory Win/Lose/Push":null,"Cory":null,"JB Bet Amount":null,"JB Win/Lose/Push":null,"JB":null,"Ethan Bet Amount":null,"Ethan Win/Lose/Push":null,"Ethan":null,"Jaime Bet Amount":null,"Jaime Win/Lose/Push":null,"Jaime":null,"Nathan Bet Amount":null,"Nathan Win/Lose/Push":null,"Nathan":null,"Evan Bet Amount":null,"Evan Win/Lose/Push":null,"Evan":null,"Brandon Bet Amount":null,"Brandon Win/Lose/Push":null,"Brandon":null,"Total Team Bet":null,"Legends Bet":null,"Leaders Bet":null,"To Win":null,"Payout":null,"TOTALS":null,"Mitch Totals":null,"Phil Totals":null,"Bryce Totals":null,"Cory Totals":null,"JB Totals":null,"Ethan Totals":null,"Jaime Totals":null,"Nate Totals":null,"Evan Totals":null,"Brandon Totals":null},{"Week":"38","Date":"05/10/2024","Mitch Bet Amount":null,"Mitch Win/Lose/Push":null,"Mitch":null,"Phil Bet Amount":null,"Phil Win/Lose/Push":null,"Phil":null,"Bryce Bet Amount":null,"Bryce Win/Lose/Push":null,"Bryce":null,"Cory Bet Amount":null,"Cory Win/Lose/Push":null,"Cory":null,"JB Bet Amount":null,"JB Win/Lose/Push":null,"JB":null,"Ethan Bet Amount":null,"Ethan Win/Lose/Push":null,"Ethan":null,"Jaime Bet Amount":null,"Jaime Win/Lose/Push":null,"Jaime":null,"Nathan Bet Amount":null,"Nathan Win/Lose/Push":null,"Nathan":null,"Evan Bet Amount":null,"Evan Win/Lose/Push":null,"Evan":null,"Brandon Bet Amount":null,"Brandon Win/Lose/Push":null,"Brandon":null,"Total Team Bet":null,"Legends Bet":null,"Leaders Bet":null,"To Win":null,"Payout":null,"TOTALS":null,"Mitch Totals":null,"Phil Totals":null,"Bryce Totals":null,"Cory Totals":null,"JB Totals":null,"Ethan Totals":null,"Jaime Totals":null,"Nate Totals":null,"Evan Totals":null,"Brandon Totals":null},{"Week":"39","Date":"05/17/2024","Mitch Bet Amount":null,"Mitch Win/Lose/Push":null,"Mitch":null,"Phil Bet Amount":null,"Phil Win/Lose/Push":null,"Phil":null,"Bryce Bet Amount":null,"Bryce Win/Lose/Push":null,"Bryce":null,"Cory Bet Amount":null,"Cory Win/Lose/Push":null,"Cory":null,"JB Bet Amount":null,"JB Win/Lose/Push":null,"JB":null,"Ethan Bet Amount":null,"Ethan Win/Lose/Push":null,"Ethan":null,"Jaime Bet Amount":null,"Jaime Win/Lose/Push":null,"Jaime":null,"Nathan Bet Amount":null,"Nathan Win/Lose/Push":null,"Nathan":null,"Evan Bet Amount":null,"Evan Win/Lose/Push":null,"Evan":null,"Brandon Bet Amount":null,"Brandon Win/Lose/Push":null,"Brandon":null,"Total Team Bet":null,"Legends Bet":null,"Leaders Bet":null,"To Win":null,"Payout":null,"TOTALS":null,"Mitch Totals":null,"Phil Totals":null,"Bryce Totals":null,"Cory Totals":null,"JB Totals":null,"Ethan Totals":null,"Jaime Totals":null,"Nate Totals":null,"Evan Totals":null,"Brandon Totals":null},{"Week":"40","Date":"05/24/2024","Mitch Bet Amount":null,"Mitch Win/Lose/Push":null,"Mitch":null,"Phil Bet Amount":null,"Phil Win/Lose/Push":null,"Phil":null,"Bryce Bet Amount":null,"Bryce Win/Lose/Push":null,"Bryce":null,"Cory Bet Amount":null,"Cory Win/Lose/Push":null,"Cory":null,"JB Bet Amount":null,"JB Win/Lose/Push":null,"JB":null,"Ethan Bet Amount":null,"Ethan Win/Lose/Push":null,"Ethan":null,"Jaime Bet Amount":null,"Jaime Win/Lose/Push":null,"Jaime":null,"Nathan Bet Amount":null,"Nathan Win/Lose/Push":null,"Nathan":null,"Evan Bet Amount":null,"Evan Win/Lose/Push":null,"Evan":null,"Brandon Bet Amount":null,"Brandon Win/Lose/Push":null,"Brandon":null,"Total Team Bet":null,"Legends Bet":null,"Leaders Bet":null,"To Win":null,"Payout":null,"TOTALS":null,"Mitch Totals":null,"Phil Totals":null,"Bryce Totals":null,"Cory Totals":null,"JB Totals":null,"Ethan Totals":null,"Jaime Totals":null,"Nate Totals":null,"Evan Totals":null,"Brandon Totals":null},{"Week":"41","Date":"05/31/2024","Mitch Bet Amount":null,"Mitch Win/Lose/Push":null,"Mitch":null,"Phil Bet Amount":null,"Phil Win/Lose/Push":null,"Phil":null,"Bryce Bet Amount":null,"Bryce Win/Lose/Push":null,"Bryce":null,"Cory Bet Amount":null,"Cory Win/Lose/Push":null,"Cory":null,"JB Bet Amount":null,"JB Win/Lose/Push":null,"JB":null,"Ethan Bet Amount":null,"Ethan Win/Lose/Push":null,"Ethan":null,"Jaime Bet Amount":null,"Jaime Win/Lose/Push":null,"Jaime":null,"Nathan Bet Amount":null,"Nathan Win/Lose/Push":null,"Nathan":null,"Evan Bet Amount":null,"Evan Win/Lose/Push":null,"Evan":null,"Brandon Bet Amount":null,"Brandon Win/Lose/Push":null,"Brandon":null,"Total Team Bet":null,"Legends Bet":null,"Leaders Bet":null,"To Win":null,"Payout":null,"TOTALS":null,"Mitch Totals":null,"Phil Totals":null,"Bryce Totals":null,"Cory Totals":null,"JB Totals":null,"Ethan Totals":null,"Jaime Totals":null,"Nate Totals":null,"Evan Totals":null,"Brandon Totals":null},{"Week":"42","Date":"06/07/2024","Mitch Bet Amount":null,"Mitch Win/Lose/Push":null,"Mitch":null,"Phil Bet Amount":null,"Phil Win/Lose/Push":null,"Phil":null,"Bryce Bet Amount":null,"Bryce Win/Lose/Push":null,"Bryce":null,"Cory Bet Amount":null,"Cory Win/Lose/Push":null,"Cory":null,"JB Bet Amount":null,"JB Win/Lose/Push":null,"JB":null,"Ethan Bet Amount":null,"Ethan Win/Lose/Push":null,"Ethan":null,"Jaime Bet Amount":null,"Jaime Win/Lose/Push":null,"Jaime":null,"Nathan Bet Amount":null,"Nathan Win/Lose/Push":null,"Nathan":null,"Evan Bet Amount":null,"Evan Win/Lose/Push":null,"Evan":null,"Brandon Bet Amount":null,"Brandon Win/Lose/Push":null,"Brandon":null,"Total Team Bet":null,"Legends Bet":null,"Leaders Bet":null,"To Win":null,"Payout":null,"TOTALS":null,"Mitch Totals":null,"Phil Totals":null,"Bryce Totals":null,"Cory Totals":null,"JB Totals":null,"Ethan Totals":null,"Jaime Totals":null,"Nate Totals":null,"Evan Totals":null,"Brandon Totals":null},{"Week":"43","Date":"06/14/2024","Mitch Bet Amount":null,"Mitch Win/Lose/Push":null,"Mitch":null,"Phil Bet Amount":null,"Phil Win/Lose/Push":null,"Phil":null,"Bryce Bet Amount":null,"Bryce Win/Lose/Push":null,"Bryce":null,"Cory Bet Amount":null,"Cory Win/Lose/Push":null,"Cory":null,"JB Bet Amount":null,"JB Win/Lose/Push":null,"JB":null,"Ethan Bet Amount":null,"Ethan Win/Lose/Push":null,"Ethan":null,"Jaime Bet Amount":null,"Jaime Win/Lose/Push":null,"Jaime":null,"Nathan Bet Amount":null,"Nathan Win/Lose/Push":null,"Nathan":null,"Evan Bet Amount":null,"Evan Win/Lose/Push":null,"Evan":null,"Brandon Bet Amount":null,"Brandon Win/Lose/Push":null,"Brandon":null,"Total Team Bet":null,"Legends Bet":null,"Leaders Bet":null,"To Win":null,"Payout":null,"TOTALS":null,"Mitch Totals":null,"Phil Totals":null,"Bryce Totals":null,"Cory Totals":null,"JB Totals":null,"Ethan Totals":null,"Jaime Totals":null,"Nate Totals":null,"Evan Totals":null,"Brandon Totals":null},{"Week":"44","Date":"06/21/2024","Mitch Bet Amount":null,"Mitch Win/Lose/Push":null,"Mitch":null,"Phil Bet Amount":null,"Phil Win/Lose/Push":null,"Phil":null,"Bryce Bet Amount":null,"Bryce Win/Lose/Push":null,"Bryce":null,"Cory Bet Amount":null,"Cory Win/Lose/Push":null,"Cory":null,"JB Bet Amount":null,"JB Win/Lose/Push":null,"JB":null,"Ethan Bet Amount":null,"Ethan Win/Lose/Push":null,"Ethan":null,"Jaime Bet Amount":null,"Jaime Win/Lose/Push":null,"Jaime":null,"Nathan Bet Amount":null,"Nathan Win/Lose/Push":null,"Nathan":null,"Evan Bet Amount":null,"Evan Win/Lose/Push":null,"Evan":null,"Brandon Bet Amount":null,"Brandon Win/Lose/Push":null,"Brandon":null,"Total Team Bet":null,"Legends Bet":null,"Leaders Bet":null,"To Win":null,"Payout":null,"TOTALS":null,"Mitch Totals":null,"Phil Totals":null,"Bryce Totals":null,"Cory Totals":null,"JB Totals":null,"Ethan Totals":null,"Jaime Totals":null,"Nate Totals":null,"Evan Totals":null,"Brandon Totals":null},{"Week":"45","Date":"06/28/2024","Mitch Bet Amount":null,"Mitch Win/Lose/Push":null,"Mitch":null,"Phil Bet Amount":null,"Phil Win/Lose/Push":null,"Phil":null,"Bryce Bet Amount":null,"Bryce Win/Lose/Push":null,"Bryce":null,"Cory Bet Amount":null,"Cory Win/Lose/Push":null,"Cory":null,"JB Bet Amount":null,"JB Win/Lose/Push":null,"JB":null,"Ethan Bet Amount":null,"Ethan Win/Lose/Push":null,"Ethan":null,"Jaime Bet Amount":null,"Jaime Win/Lose/Push":null,"Jaime":null,"Nathan Bet Amount":null,"Nathan Win/Lose/Push":null,"Nathan":null,"Evan Bet Amount":null,"Evan Win/Lose/Push":null,"Evan":null,"Brandon Bet Amount":null,"Brandon Win/Lose/Push":null,"Brandon":null,"Total Team Bet":null,"Legends Bet":null,"Leaders Bet":null,"To Win":null,"Payout":null,"TOTALS":null,"Mitch Totals":null,"Phil Totals":null,"Bryce Totals":null,"Cory Totals":null,"JB Totals":null,"Ethan Totals":null,"Jaime Totals":null,"Nate Totals":null,"Evan Totals":null,"Brandon Totals":null},{"Week":"46","Date":"07/05/2024","Mitch Bet Amount":null,"Mitch Win/Lose/Push":null,"Mitch":null,"Phil Bet Amount":null,"Phil Win/Lose/Push":null,"Phil":null,"Bryce Bet Amount":null,"Bryce Win/Lose/Push":null,"Bryce":null,"Cory Bet Amount":null,"Cory Win/Lose/Push":null,"Cory":null,"JB Bet Amount":null,"JB Win/Lose/Push":null,"JB":null,"Ethan Bet Amount":null,"Ethan Win/Lose/Push":null,"Ethan":null,"Jaime Bet Amount":null,"Jaime Win/Lose/Push":null,"Jaime":null,"Nathan Bet Amount":null,"Nathan Win/Lose/Push":null,"Nathan":null,"Evan Bet Amount":null,"Evan Win/Lose/Push":null,"Evan":null,"Brandon Bet Amount":null,"Brandon Win/Lose/Push":null,"Brandon":null,"Total Team Bet":null,"Legends Bet":null,"Leaders Bet":null,"To Win":null,"Payout":null,"TOTALS":null,"Mitch Totals":null,"Phil Totals":null,"Bryce Totals":null,"Cory Totals":null,"JB Totals":null,"Ethan Totals":null,"Jaime Totals":null,"Nate Totals":null,"Evan Totals":null,"Brandon Totals":null},{"Week":"47","Date":"07/12/2024","Mitch Bet Amount":null,"Mitch Win/Lose/Push":null,"Mitch":null,"Phil Bet Amount":null,"Phil Win/Lose/Push":null,"Phil":null,"Bryce Bet Amount":null,"Bryce Win/Lose/Push":null,"Bryce":null,"Cory Bet Amount":null,"Cory Win/Lose/Push":null,"Cory":null,"JB Bet Amount":null,"JB Win/Lose/Push":null,"JB":null,"Ethan Bet Amount":null,"Ethan Win/Lose/Push":null,"Ethan":null,"Jaime Bet Amount":null,"Jaime Win/Lose/Push":null,"Jaime":null,"Nathan Bet Amount":null,"Nathan Win/Lose/Push":null,"Nathan":null,"Evan Bet Amount":null,"Evan Win/Lose/Push":null,"Evan":null,"Brandon Bet Amount":null,"Brandon Win/Lose/Push":null,"Brandon":null,"Total Team Bet":null,"Legends Bet":null,"Leaders Bet":null,"To Win":null,"Payout":null,"TOTALS":null,"Mitch Totals":null,"Phil Totals":null,"Bryce Totals":null,"Cory Totals":null,"JB Totals":null,"Ethan Totals":null,"Jaime Totals":null,"Nate Totals":null,"Evan Totals":null,"Brandon Totals":null},{"Week":"48","Date":"07/19/2024","Mitch Bet Amount":null,"Mitch Win/Lose/Push":null,"Mitch":null,"Phil Bet Amount":null,"Phil Win/Lose/Push":null,"Phil":null,"Bryce Bet Amount":null,"Bryce Win/Lose/Push":null,"Bryce":null,"Cory Bet Amount":null,"Cory Win/Lose/Push":null,"Cory":null,"JB Bet Amount":null,"JB Win/Lose/Push":null,"JB":null,"Ethan Bet Amount":null,"Ethan Win/Lose/Push":null,"Ethan":null,"Jaime Bet Amount":null,"Jaime Win/Lose/Push":null,"Jaime":null,"Nathan Bet Amount":null,"Nathan Win/Lose/Push":null,"Nathan":null,"Evan Bet Amount":null,"Evan Win/Lose/Push":null,"Evan":null,"Brandon Bet Amount":null,"Brandon Win/Lose/Push":null,"Brandon":null,"Total Team Bet":null,"Legends Bet":null,"Leaders Bet":null,"To Win":null,"Payout":null,"TOTALS":null,"Mitch Totals":null,"Phil Totals":null,"Bryce Totals":null,"Cory Totals":null,"JB Totals":null,"Ethan Totals":null,"Jaime Totals":null,"Nate Totals":null,"Evan Totals":null,"Brandon Totals":null},{"Week":"49","Date":"07/26/2024","Mitch Bet Amount":null,"Mitch Win/Lose/Push":null,"Mitch":null,"Phil Bet Amount":null,"Phil Win/Lose/Push":null,"Phil":null,"Bryce Bet Amount":null,"Bryce Win/Lose/Push":null,"Bryce":null,"Cory Bet Amount":null,"Cory Win/Lose/Push":null,"Cory":null,"JB Bet Amount":null,"JB Win/Lose/Push":null,"JB":null,"Ethan Bet Amount":null,"Ethan Win/Lose/Push":null,"Ethan":null,"Jaime Bet Amount":null,"Jaime Win/Lose/Push":null,"Jaime":null,"Nathan Bet Amount":null,"Nathan Win/Lose/Push":null,"Nathan":null,"Evan Bet Amount":null,"Evan Win/Lose/Push":null,"Evan":null,"Brandon Bet Amount":null,"Brandon Win/Lose/Push":null,"Brandon":null,"Total Team Bet":null,"Legends Bet":null,"Leaders Bet":null,"To Win":null,"Payout":null,"TOTALS":null,"Mitch Totals":null,"Phil Totals":null,"Bryce Totals":null,"Cory Totals":null,"JB Totals":null,"Ethan Totals":null,"Jaime Totals":null,"Nate Totals":null,"Evan Totals":null,"Brandon Totals":null},{"Week":"50","Date":"08/02/2024","Mitch Bet Amount":null,"Mitch Win/Lose/Push":null,"Mitch":null,"Phil Bet Amount":null,"Phil Win/Lose/Push":null,"Phil":null,"Bryce Bet Amount":null,"Bryce Win/Lose/Push":null,"Bryce":null,"Cory Bet Amount":null,"Cory Win/Lose/Push":null,"Cory":null,"JB Bet Amount":null,"JB Win/Lose/Push":null,"JB":null,"Ethan Bet Amount":null,"Ethan Win/Lose/Push":null,"Ethan":null,"Jaime Bet Amount":null,"Jaime Win/Lose/Push":null,"Jaime":null,"Nathan Bet Amount":null,"Nathan Win/Lose/Push":null,"Nathan":null,"Evan Bet Amount":null,"Evan Win/Lose/Push":null,"Evan":null,"Brandon Bet Amount":null,"Brandon Win/Lose/Push":null,"Brandon":null,"Total Team Bet":null,"Legends Bet":null,"Leaders Bet":null,"To Win":null,"Payout":null,"TOTALS":null,"Mitch Totals":null,"Phil Totals":null,"Bryce Totals":null,"Cory Totals":null,"JB Totals":null,"Ethan Totals":null,"Jaime Totals":null,"Nate Totals":null,"Evan Totals":null,"Brandon Totals":null},{"Week":"51","Date":"08/09/2024","Mitch Bet Amount":null,"Mitch Win/Lose/Push":null,"Mitch":null,"Phil Bet Amount":null,"Phil Win/Lose/Push":null,"Phil":null,"Bryce Bet Amount":null,"Bryce Win/Lose/Push":null,"Bryce":null,"Cory Bet Amount":null,"Cory Win/Lose/Push":null,"Cory":null,"JB Bet Amount":null,"JB Win/Lose/Push":null,"JB":null,"Ethan Bet Amount":null,"Ethan Win/Lose/Push":null,"Ethan":null,"Jaime Bet Amount":null,"Jaime Win/Lose/Push":null,"Jaime":null,"Nathan Bet Amount":null,"Nathan Win/Lose/Push":null,"Nathan":null,"Evan Bet Amount":null,"Evan Win/Lose/Push":null,"Evan":null,"Brandon Bet Amount":null,"Brandon Win/Lose/Push":null,"Brandon":null,"Total Team Bet":null,"Legends Bet":null,"Leaders Bet":null,"To Win":null,"Payout":null,"TOTALS":null,"Mitch Totals":null,"Phil Totals":null,"Bryce Totals":null,"Cory Totals":null,"JB Totals":null,"Ethan Totals":null,"Jaime Totals":null,"Nate Totals":null,"Evan Totals":null,"Brandon Totals":null},{"Week":"52","Date":"08/16/2024","Mitch Bet Amount":null,"Mitch Win/Lose/Push":null,"Mitch":null,"Phil Bet Amount":null,"Phil Win/Lose/Push":null,"Phil":null,"Bryce Bet Amount":null,"Bryce Win/Lose/Push":null,"Bryce":null,"Cory Bet Amount":null,"Cory Win/Lose/Push":null,"Cory":null,"JB Bet Amount":null,"JB Win/Lose/Push":null,"JB":null,"Ethan Bet Amount":null,"Ethan Win/Lose/Push":null,"Ethan":null,"Jaime Bet Amount":null,"Jaime Win/Lose/Push":null,"Jaime":null,"Nathan Bet Amount":null,"Nathan Win/Lose/Push":null,"Nathan":null,"Evan Bet Amount":null,"Evan Win/Lose/Push":null,"Evan":null,"Brandon Bet Amount":null,"Brandon Win/Lose/Push":null,"Brandon":null,"Total Team Bet":null,"Legends Bet":null,"Leaders Bet":null,"To Win":null,"Payout":null,"TOTALS":null,"Mitch Totals":null,"Phil Totals":null,"Bryce Totals":null,"Cory Totals":null,"JB Totals":null,"Ethan Totals":null,"Jaime Totals":null,"Nate Totals":null,"Evan Totals":null,"Brandon Totals":null},{"Week":"53","Date":"08/23/2024","Mitch Bet Amount":null,"Mitch Win/Lose/Push":null,"Mitch":null,"Phil Bet Amount":null,"Phil Win/Lose/Push":null,"Phil":null,"Bryce Bet Amount":null,"Bryce Win/Lose/Push":null,"Bryce":null,"Cory Bet Amount":null,"Cory Win/Lose/Push":null,"Cory":null,"JB Bet Amount":null,"JB Win/Lose/Push":null,"JB":null,"Ethan Bet Amount":null,"Ethan Win/Lose/Push":null,"Ethan":null,"Jaime Bet Amount":null,"Jaime Win/Lose/Push":null,"Jaime":null,"Nathan Bet Amount":null,"Nathan Win/Lose/Push":null,"Nathan":null,"Evan Bet Amount":null,"Evan Win/Lose/Push":null,"Evan":null,"Brandon Bet Amount":null,"Brandon Win/Lose/Push":null,"Brandon":null,"Total Team Bet":null,"Legends Bet":null,"Leaders Bet":null,"To Win":null,"Payout":null,"TOTALS":null,"Mitch Totals":null,"Phil Totals":null,"Bryce Totals":null,"Cory Totals":null,"JB Totals":null,"Ethan Totals":null,"Jaime Totals":null,"Nate Totals":null,"Evan Totals":null,"Brandon Totals":null},{"Week":"54","Date":"08/30/2024","Mitch Bet Amount":null,"Mitch Win/Lose/Push":null,"Mitch":null,"Phil Bet Amount":null,"Phil Win/Lose/Push":null,"Phil":null,"Bryce Bet Amount":null,"Bryce Win/Lose/Push":null,"Bryce":null,"Cory Bet Amount":null,"Cory Win/Lose/Push":null,"Cory":null,"JB Bet Amount":null,"JB Win/Lose/Push":null,"JB":null,"Ethan Bet Amount":null,"Ethan Win/Lose/Push":null,"Ethan":null,"Jaime Bet Amount":null,"Jaime Win/Lose/Push":null,"Jaime":null,"Nathan Bet Amount":null,"Nathan Win/Lose/Push":null,"Nathan":null,"Evan Bet Amount":null,"Evan Win/Lose/Push":null,"Evan":null,"Brandon Bet Amount":null,"Brandon Win/Lose/Push":null,"Brandon":null,"Total Team Bet":null,"Legends Bet":null,"Leaders Bet":null,"To Win":null,"Payout":null,"TOTALS":null,"Mitch Totals":null,"Phil Totals":null,"Bryce Totals":null,"Cory Totals":null,"JB Totals":null,"Ethan Totals":null,"Jaime Totals":null,"Nate Totals":null,"Evan Totals":null,"Brandon Totals":null},{"Week":"55","Date":"09/06/2024","Mitch Bet Amount":null,"Mitch Win/Lose/Push":null,"Mitch":null,"Phil Bet Amount":null,"Phil Win/Lose/Push":null,"Phil":null,"Bryce Bet Amount":null,"Bryce Win/Lose/Push":null,"Bryce":null,"Cory Bet Amount":null,"Cory Win/Lose/Push":null,"Cory":null,"JB Bet Amount":null,"JB Win/Lose/Push":null,"JB":null,"Ethan Bet Amount":null,"Ethan Win/Lose/Push":null,"Ethan":null,"Jaime Bet Amount":null,"Jaime Win/Lose/Push":null,"Jaime":null,"Nathan Bet Amount":null,"Nathan Win/Lose/Push":null,"Nathan":null,"Evan Bet Amount":null,"Evan Win/Lose/Push":null,"Evan":null,"Brandon Bet Amount":null,"Brandon Win/Lose/Push":null,"Brandon":null,"Total Team Bet":null,"Legends Bet":null,"Leaders Bet":null,"To Win":null,"Payout":null,"TOTALS":null,"Mitch Totals":null,"Phil Totals":null,"Bryce Totals":null,"Cory Totals":null,"JB Totals":null,"Ethan Totals":null,"Jaime Totals":null,"Nate Totals":null,"Evan Totals":null,"Brandon Totals":null},{"Week":"56","Date":"09/13/2024","Mitch Bet Amount":null,"Mitch Win/Lose/Push":null,"Mitch":null,"Phil Bet Amount":null,"Phil Win/Lose/Push":null,"Phil":null,"Bryce Bet Amount":null,"Bryce Win/Lose/Push":null,"Bryce":null,"Cory Bet Amount":null,"Cory Win/Lose/Push":null,"Cory":null,"JB Bet Amount":null,"JB Win/Lose/Push":null,"JB":null,"Ethan Bet Amount":null,"Ethan Win/Lose/Push":null,"Ethan":null,"Jaime Bet Amount":null,"Jaime Win/Lose/Push":null,"Jaime":null,"Nathan Bet Amount":null,"Nathan Win/Lose/Push":null,"Nathan":null,"Evan Bet Amount":null,"Evan Win/Lose/Push":null,"Evan":null,"Brandon Bet Amount":null,"Brandon Win/Lose/Push":null,"Brandon":null,"Total Team Bet":null,"Legends Bet":null,"Leaders Bet":null,"To Win":null,"Payout":null,"TOTALS":null,"Mitch Totals":null,"Phil Totals":null,"Bryce Totals":null,"Cory Totals":null,"JB Totals":null,"Ethan Totals":null,"Jaime Totals":null,"Nate Totals":null,"Evan Totals":null,"Brandon Totals":null},{"Week":"57","Date":"09/20/2024","Mitch Bet Amount":null,"Mitch Win/Lose/Push":null,"Mitch":null,"Phil Bet Amount":null,"Phil Win/Lose/Push":null,"Phil":null,"Bryce Bet Amount":null,"Bryce Win/Lose/Push":null,"Bryce":null,"Cory Bet Amount":null,"Cory Win/Lose/Push":null,"Cory":null,"JB Bet Amount":null,"JB Win/Lose/Push":null,"JB":null,"Ethan Bet Amount":null,"Ethan Win/Lose/Push":null,"Ethan":null,"Jaime Bet Amount":null,"Jaime Win/Lose/Push":null,"Jaime":null,"Nathan Bet Amount":null,"Nathan Win/Lose/Push":null,"Nathan":null,"Evan Bet Amount":null,"Evan Win/Lose/Push":null,"Evan":null,"Brandon Bet Amount":null,"Brandon Win/Lose/Push":null,"Brandon":null,"Total Team Bet":null,"Legends Bet":null,"Leaders Bet":null,"To Win":null,"Payout":null,"TOTALS":null,"Mitch Totals":null,"Phil Totals":null,"Bryce Totals":null,"Cory Totals":null,"JB Totals":null,"Ethan Totals":null,"Jaime Totals":null,"Nate Totals":null,"Evan Totals":null,"Brandon Totals":null},{"Week":"58","Date":"09/27/2024","Mitch Bet Amount":null,"Mitch Win/Lose/Push":null,"Mitch":null,"Phil Bet Amount":null,"Phil Win/Lose/Push":null,"Phil":null,"Bryce Bet Amount":null,"Bryce Win/Lose/Push":null,"Bryce":null,"Cory Bet Amount":null,"Cory Win/Lose/Push":null,"Cory":null,"JB Bet Amount":null,"JB Win/Lose/Push":null,"JB":null,"Ethan Bet Amount":null,"Ethan Win/Lose/Push":null,"Ethan":null,"Jaime Bet Amount":null,"Jaime Win/Lose/Push":null,"Jaime":null,"Nathan Bet Amount":null,"Nathan Win/Lose/Push":null,"Nathan":null,"Evan Bet Amount":null,"Evan Win/Lose/Push":null,"Evan":null,"Brandon Bet Amount":null,"Brandon Win/Lose/Push":null,"Brandon":null,"Total Team Bet":null,"Legends Bet":null,"Leaders Bet":null,"To Win":null,"Payout":null,"TOTALS":null,"Mitch Totals":null,"Phil Totals":null,"Bryce Totals":null,"Cory Totals":null,"JB Totals":null,"Ethan Totals":null,"Jaime Totals":null,"Nate Totals":null,"Evan Totals":null,"Brandon Totals":null},{"Week":"59","Date":"10/04/2024","Mitch Bet Amount":null,"Mitch Win/Lose/Push":null,"Mitch":null,"Phil Bet Amount":null,"Phil Win/Lose/Push":null,"Phil":null,"Bryce Bet Amount":null,"Bryce Win/Lose/Push":null,"Bryce":null,"Cory Bet Amount":null,"Cory Win/Lose/Push":null,"Cory":null,"JB Bet Amount":null,"JB Win/Lose/Push":null,"JB":null,"Ethan Bet Amount":null,"Ethan Win/Lose/Push":null,"Ethan":null,"Jaime Bet Amount":null,"Jaime Win/Lose/Push":null,"Jaime":null,"Nathan Bet Amount":null,"Nathan Win/Lose/Push":null,"Nathan":null,"Evan Bet Amount":null,"Evan Win/Lose/Push":null,"Evan":null,"Brandon Bet Amount":null,"Brandon Win/Lose/Push":null,"Brandon":null,"Total Team Bet":null,"Legends Bet":null,"Leaders Bet":null,"To Win":null,"Payout":null,"TOTALS":null,"Mitch Totals":null,"Phil Totals":null,"Bryce Totals":null,"Cory Totals":null,"JB Totals":null,"Ethan Totals":null,"Jaime Totals":null,"Nate Totals":null,"Evan Totals":null,"Brandon Totals":null},{"Week":"60","Date":"10/11/2024","Mitch Bet Amount":null,"Mitch Win/Lose/Push":null,"Mitch":null,"Phil Bet Amount":null,"Phil Win/Lose/Push":null,"Phil":null,"Bryce Bet Amount":null,"Bryce Win/Lose/Push":null,"Bryce":null,"Cory Bet Amount":null,"Cory Win/Lose/Push":null,"Cory":null,"JB Bet Amount":null,"JB Win/Lose/Push":null,"JB":null,"Ethan Bet Amount":null,"Ethan Win/Lose/Push":null,"Ethan":null,"Jaime Bet Amount":null,"Jaime Win/Lose/Push":null,"Jaime":null,"Nathan Bet Amount":null,"Nathan Win/Lose/Push":null,"Nathan":null,"Evan Bet Amount":null,"Evan Win/Lose/Push":null,"Evan":null,"Brandon Bet Amount":null,"Brandon Win/Lose/Push":null,"Brandon":null,"Total Team Bet":null,"Legends Bet":null,"Leaders Bet":null,"To Win":null,"Payout":null,"TOTALS":null,"Mitch Totals":null,"Phil Totals":null,"Bryce Totals":null,"Cory Totals":null,"JB Totals":null,"Ethan Totals":null,"Jaime Totals":null,"Nate Totals":null,"Evan Totals":null,"Brandon Totals":null},{"Week":"61","Date":"10/18/2024","Mitch Bet Amount":null,"Mitch Win/Lose/Push":null,"Mitch":null,"Phil Bet Amount":null,"Phil Win/Lose/Push":null,"Phil":null,"Bryce Bet Amount":null,"Bryce Win/Lose/Push":null,"Bryce":null,"Cory Bet Amount":null,"Cory Win/Lose/Push":null,"Cory":null,"JB Bet Amount":null,"JB Win/Lose/Push":null,"JB":null,"Ethan Bet Amount":null,"Ethan Win/Lose/Push":null,"Ethan":null,"Jaime Bet Amount":null,"Jaime Win/Lose/Push":null,"Jaime":null,"Nathan Bet Amount":null,"Nathan Win/Lose/Push":null,"Nathan":null,"Evan Bet Amount":null,"Evan Win/Lose/Push":null,"Evan":null,"Brandon Bet Amount":null,"Brandon Win/Lose/Push":null,"Brandon":null,"Total Team Bet":null,"Legends Bet":null,"Leaders Bet":null,"To Win":null,"Payout":null,"TOTALS":null,"Mitch Totals":null,"Phil Totals":null,"Bryce Totals":null,"Cory Totals":null,"JB Totals":null,"Ethan Totals":null,"Jaime Totals":null,"Nate Totals":null,"Evan Totals":null,"Brandon Totals":null},{"Week":"62","Date":"10/25/2024","Mitch Bet Amount":null,"Mitch Win/Lose/Push":null,"Mitch":null,"Phil Bet Amount":null,"Phil Win/Lose/Push":null,"Phil":null,"Bryce Bet Amount":null,"Bryce Win/Lose/Push":null,"Bryce":null,"Cory Bet Amount":null,"Cory Win/Lose/Push":null,"Cory":null,"JB Bet Amount":null,"JB Win/Lose/Push":null,"JB":null,"Ethan Bet Amount":null,"Ethan Win/Lose/Push":null,"Ethan":null,"Jaime Bet Amount":null,"Jaime Win/Lose/Push":null,"Jaime":null,"Nathan Bet Amount":null,"Nathan Win/Lose/Push":null,"Nathan":null,"Evan Bet Amount":null,"Evan Win/Lose/Push":null,"Evan":null,"Brandon Bet Amount":null,"Brandon Win/Lose/Push":null,"Brandon":null,"Total Team Bet":null,"Legends Bet":null,"Leaders Bet":null,"To Win":null,"Payout":null,"TOTALS":null,"Mitch Totals":null,"Phil Totals":null,"Bryce Totals":null,"Cory Totals":null,"JB Totals":null,"Ethan Totals":null,"Jaime Totals":null,"Nate Totals":null,"Evan Totals":null,"Brandon Totals":null},{"Week":"63","Date":"11/01/2024","Mitch Bet Amount":null,"Mitch Win/Lose/Push":null,"Mitch":null,"Phil Bet Amount":null,"Phil Win/Lose/Push":null,"Phil":null,"Bryce Bet Amount":null,"Bryce Win/Lose/Push":null,"Bryce":null,"Cory Bet Amount":null,"Cory Win/Lose/Push":null,"Cory":null,"JB Bet Amount":null,"JB Win/Lose/Push":null,"JB":null,"Ethan Bet Amount":null,"Ethan Win/Lose/Push":null,"Ethan":null,"Jaime Bet Amount":null,"Jaime Win/Lose/Push":null,"Jaime":null,"Nathan Bet Amount":null,"Nathan Win/Lose/Push":null,"Nathan":null,"Evan Bet Amount":null,"Evan Win/Lose/Push":null,"Evan":null,"Brandon Bet Amount":null,"Brandon Win/Lose/Push":null,"Brandon":null,"Total Team Bet":null,"Legends Bet":null,"Leaders Bet":null,"To Win":null,"Payout":null,"TOTALS":null,"Mitch Totals":null,"Phil Totals":null,"Bryce Totals":null,"Cory Totals":null,"JB Totals":null,"Ethan Totals":null,"Jaime Totals":null,"Nate Totals":null,"Evan Totals":null,"Brandon Totals":null},{"Week":"64","Date":"11/08/2024","Mitch Bet Amount":null,"Mitch Win/Lose/Push":null,"Mitch":null,"Phil Bet Amount":null,"Phil Win/Lose/Push":null,"Phil":null,"Bryce Bet Amount":null,"Bryce Win/Lose/Push":null,"Bryce":null,"Cory Bet Amount":null,"Cory Win/Lose/Push":null,"Cory":null,"JB Bet Amount":null,"JB Win/Lose/Push":null,"JB":null,"Ethan Bet Amount":null,"Ethan Win/Lose/Push":null,"Ethan":null,"Jaime Bet Amount":null,"Jaime Win/Lose/Push":null,"Jaime":null,"Nathan Bet Amount":null,"Nathan Win/Lose/Push":null,"Nathan":null,"Evan Bet Amount":null,"Evan Win/Lose/Push":null,"Evan":null,"Brandon Bet Amount":null,"Brandon Win/Lose/Push":null,"Brandon":null,"Total Team Bet":null,"Legends Bet":null,"Leaders Bet":null,"To Win":null,"Payout":null,"TOTALS":null,"Mitch Totals":null,"Phil Totals":null,"Bryce Totals":null,"Cory Totals":null,"JB Totals":null,"Ethan Totals":null,"Jaime Totals":null,"Nate Totals":null,"Evan Totals":null,"Brandon Totals":null},{"Week":"65","Date":"11/15/2024","Mitch Bet Amount":null,"Mitch Win/Lose/Push":null,"Mitch":null,"Phil Bet Amount":null,"Phil Win/Lose/Push":null,"Phil":null,"Bryce Bet Amount":null,"Bryce Win/Lose/Push":null,"Bryce":null,"Cory Bet Amount":null,"Cory Win/Lose/Push":null,"Cory":null,"JB Bet Amount":null,"JB Win/Lose/Push":null,"JB":null,"Ethan Bet Amount":null,"Ethan Win/Lose/Push":null,"Ethan":null,"Jaime Bet Amount":null,"Jaime Win/Lose/Push":null,"Jaime":null,"Nathan Bet Amount":null,"Nathan Win/Lose/Push":null,"Nathan":null,"Evan Bet Amount":null,"Evan Win/Lose/Push":null,"Evan":null,"Brandon Bet Amount":null,"Brandon Win/Lose/Push":null,"Brandon":null,"Total Team Bet":null,"Legends Bet":null,"Leaders Bet":null,"To Win":null,"Payout":null,"TOTALS":null,"Mitch Totals":null,"Phil Totals":null,"Bryce Totals":null,"Cory Totals":null,"JB Totals":null,"Ethan Totals":null,"Jaime Totals":null,"Nate Totals":null,"Evan Totals":null,"Brandon Totals":null},{"Week":"66","Date":"11/22/2024","Mitch Bet Amount":null,"Mitch Win/Lose/Push":null,"Mitch":null,"Phil Bet Amount":null,"Phil Win/Lose/Push":null,"Phil":null,"Bryce Bet Amount":null,"Bryce Win/Lose/Push":null,"Bryce":null,"Cory Bet Amount":null,"Cory Win/Lose/Push":null,"Cory":null,"JB Bet Amount":null,"JB Win/Lose/Push":null,"JB":null,"Ethan Bet Amount":null,"Ethan Win/Lose/Push":null,"Ethan":null,"Jaime Bet Amount":null,"Jaime Win/Lose/Push":null,"Jaime":null,"Nathan Bet Amount":null,"Nathan Win/Lose/Push":null,"Nathan":null,"Evan Bet Amount":null,"Evan Win/Lose/Push":null,"Evan":null,"Brandon Bet Amount":null,"Brandon Win/Lose/Push":null,"Brandon":null,"Total Team Bet":null,"Legends Bet":null,"Leaders Bet":null,"To Win":null,"Payout":null,"TOTALS":null,"Mitch Totals":null,"Phil Totals":null,"Bryce Totals":null,"Cory Totals":null,"JB Totals":null,"Ethan Totals":null,"Jaime Totals":null,"Nate Totals":null,"Evan Totals":null,"Brandon Totals":null},{"Week":"67","Date":"11/29/2024","Mitch Bet Amount":null,"Mitch Win/Lose/Push":null,"Mitch":null,"Phil Bet Amount":null,"Phil Win/Lose/Push":null,"Phil":null,"Bryce Bet Amount":null,"Bryce Win/Lose/Push":null,"Bryce":null,"Cory Bet Amount":null,"Cory Win/Lose/Push":null,"Cory":null,"JB Bet Amount":null,"JB Win/Lose/Push":null,"JB":null,"Ethan Bet Amount":null,"Ethan Win/Lose/Push":null,"Ethan":null,"Jaime Bet Amount":null,"Jaime Win/Lose/Push":null,"Jaime":null,"Nathan Bet Amount":null,"Nathan Win/Lose/Push":null,"Nathan":null,"Evan Bet Amount":null,"Evan Win/Lose/Push":null,"Evan":null,"Brandon Bet Amount":null,"Brandon Win/Lose/Push":null,"Brandon":null,"Total Team Bet":null,"Legends Bet":null,"Leaders Bet":null,"To Win":null,"Payout":null,"TOTALS":null,"Mitch Totals":null,"Phil Totals":null,"Bryce Totals":null,"Cory Totals":null,"JB Totals":null,"Ethan Totals":null,"Jaime Totals":null,"Nate Totals":null,"Evan Totals":null,"Brandon Totals":null},{"Week":"68","Date":"12/06/2024","Mitch Bet Amount":null,"Mitch Win/Lose/Push":null,"Mitch":null,"Phil Bet Amount":null,"Phil Win/Lose/Push":null,"Phil":null,"Bryce Bet Amount":null,"Bryce Win/Lose/Push":null,"Bryce":null,"Cory Bet Amount":null,"Cory Win/Lose/Push":null,"Cory":null,"JB Bet Amount":null,"JB Win/Lose/Push":null,"JB":null,"Ethan Bet Amount":null,"Ethan Win/Lose/Push":null,"Ethan":null,"Jaime Bet Amount":null,"Jaime Win/Lose/Push":null,"Jaime":null,"Nathan Bet Amount":null,"Nathan Win/Lose/Push":null,"Nathan":null,"Evan Bet Amount":null,"Evan Win/Lose/Push":null,"Evan":null,"Brandon Bet Amount":null,"Brandon Win/Lose/Push":null,"Brandon":null,"Total Team Bet":null,"Legends Bet":null,"Leaders Bet":null,"To Win":null,"Payout":null,"TOTALS":null,"Mitch Totals":null,"Phil Totals":null,"Bryce Totals":null,"Cory Totals":null,"JB Totals":null,"Ethan Totals":null,"Jaime Totals":null,"Nate Totals":null,"Evan Totals":null,"Brandon Totals":null},{"Week":"69","Date":"12/13/2024","Mitch Bet Amount":null,"Mitch Win/Lose/Push":null,"Mitch":null,"Phil Bet Amount":null,"Phil Win/Lose/Push":null,"Phil":null,"Bryce Bet Amount":null,"Bryce Win/Lose/Push":null,"Bryce":null,"Cory Bet Amount":null,"Cory Win/Lose/Push":null,"Cory":null,"JB Bet Amount":null,"JB Win/Lose/Push":null,"JB":null,"Ethan Bet Amount":null,"Ethan Win/Lose/Push":null,"Ethan":null,"Jaime Bet Amount":null,"Jaime Win/Lose/Push":null,"Jaime":null,"Nathan Bet Amount":null,"Nathan Win/Lose/Push":null,"Nathan":null,"Evan Bet Amount":null,"Evan Win/Lose/Push":null,"Evan":null,"Brandon Bet Amount":null,"Brandon Win/Lose/Push":null,"Brandon":null,"Total Team Bet":null,"Legends Bet":null,"Leaders Bet":null,"To Win":null,"Payout":null,"TOTALS":null,"Mitch Totals":null,"Phil Totals":null,"Bryce Totals":null,"Cory Totals":null,"JB Totals":null,"Ethan Totals":null,"Jaime Totals":null,"Nate Totals":null,"Evan Totals":null,"Brandon Totals":null},{"Week":"70","Date":"12/20/2024","Mitch Bet Amount":null,"Mitch Win/Lose/Push":null,"Mitch":null,"Phil Bet Amount":null,"Phil Win/Lose/Push":null,"Phil":null,"Bryce Bet Amount":null,"Bryce Win/Lose/Push":null,"Bryce":null,"Cory Bet Amount":null,"Cory Win/Lose/Push":null,"Cory":null,"JB Bet Amount":null,"JB Win/Lose/Push":null,"JB":null,"Ethan Bet Amount":null,"Ethan Win/Lose/Push":null,"Ethan":null,"Jaime Bet Amount":null,"Jaime Win/Lose/Push":null,"Jaime":null,"Nathan Bet Amount":null,"Nathan Win/Lose/Push":null,"Nathan":null,"Evan Bet Amount":null,"Evan Win/Lose/Push":null,"Evan":null,"Brandon Bet Amount":null,"Brandon Win/Lose/Push":null,"Brandon":null,"Total Team Bet":null,"Legends Bet":null,"Leaders Bet":null,"To Win":null,"Payout":null,"TOTALS":null,"Mitch Totals":null,"Phil Totals":null,"Bryce Totals":null,"Cory Totals":null,"JB Totals":null,"Ethan Totals":null,"Jaime Totals":null,"Nate Totals":null,"Evan Totals":null,"Brandon Totals":null},{"Week":"71","Date":"12/27/2024","Mitch Bet Amount":null,"Mitch Win/Lose/Push":null,"Mitch":null,"Phil Bet Amount":null,"Phil Win/Lose/Push":null,"Phil":null,"Bryce Bet Amount":null,"Bryce Win/Lose/Push":null,"Bryce":null,"Cory Bet Amount":null,"Cory Win/Lose/Push":null,"Cory":null,"JB Bet Amount":null,"JB Win/Lose/Push":null,"JB":null,"Ethan Bet Amount":null,"Ethan Win/Lose/Push":null,"Ethan":null,"Jaime Bet Amount":null,"Jaime Win/Lose/Push":null,"Jaime":null,"Nathan Bet Amount":null,"Nathan Win/Lose/Push":null,"Nathan":null,"Evan Bet Amount":null,"Evan Win/Lose/Push":null,"Evan":null,"Brandon Bet Amount":null,"Brandon Win/Lose/Push":null,"Brandon":null,"Total Team Bet":null,"Legends Bet":null,"Leaders Bet":null,"To Win":null,"Payout":null,"TOTALS":null,"Mitch Totals":null,"Phil Totals":null,"Bryce Totals":null,"Cory Totals":null,"JB Totals":null,"Ethan Totals":null,"Jaime Totals":null,"Nate Totals":null,"Evan Totals":null,"Brandon Totals":null},{"Week":"72","Date":"01/03/2025","Mitch Bet Amount":null,"Mitch Win/Lose/Push":null,"Mitch":null,"Phil Bet Amount":null,"Phil Win/Lose/Push":null,"Phil":null,"Bryce Bet Amount":null,"Bryce Win/Lose/Push":null,"Bryce":null,"Cory Bet Amount":null,"Cory Win/Lose/Push":null,"Cory":null,"JB Bet Amount":null,"JB Win/Lose/Push":null,"JB":null,"Ethan Bet Amount":null,"Ethan Win/Lose/Push":null,"Ethan":null,"Jaime Bet Amount":null,"Jaime Win/Lose/Push":null,"Jaime":null,"Nathan Bet Amount":null,"Nathan Win/Lose/Push":null,"Nathan":null,"Evan Bet Amount":null,"Evan Win/Lose/Push":null,"Evan":null,"Brandon Bet Amount":null,"Brandon Win/Lose/Push":null,"Brandon":null,"Total Team Bet":null,"Legends Bet":null,"Leaders Bet":null,"To Win":null,"Payout":null,"TOTALS":null,"Mitch Totals":null,"Phil Totals":null,"Bryce Totals":null,"Cory Totals":null,"JB Totals":null,"Ethan Totals":null,"Jaime Totals":null,"Nate Totals":null,"Evan Totals":null,"Brandon Totals":null},{"Week":"73","Date":"01/10/2025","Mitch Bet Amount":null,"Mitch Win/Lose/Push":null,"Mitch":null,"Phil Bet Amount":null,"Phil Win/Lose/Push":null,"Phil":null,"Bryce Bet Amount":null,"Bryce Win/Lose/Push":null,"Bryce":null,"Cory Bet Amount":null,"Cory Win/Lose/Push":null,"Cory":null,"JB Bet Amount":null,"JB Win/Lose/Push":null,"JB":null,"Ethan Bet Amount":null,"Ethan Win/Lose/Push":null,"Ethan":null,"Jaime Bet Amount":null,"Jaime Win/Lose/Push":null,"Jaime":null,"Nathan Bet Amount":null,"Nathan Win/Lose/Push":null,"Nathan":null,"Evan Bet Amount":null,"Evan Win/Lose/Push":null,"Evan":null,"Brandon Bet Amount":null,"Brandon Win/Lose/Push":null,"Brandon":null,"Total Team Bet":null,"Legends Bet":null,"Leaders Bet":null,"To Win":null,"Payout":null,"TOTALS":null,"Mitch Totals":null,"Phil Totals":null,"Bryce Totals":null,"Cory Totals":null,"JB Totals":null,"Ethan Totals":null,"Jaime Totals":null,"Nate Totals":null,"Evan Totals":null,"Brandon Totals":null},{"Week":"74","Date":"01/17/2025","Mitch Bet Amount":null,"Mitch Win/Lose/Push":null,"Mitch":null,"Phil Bet Amount":null,"Phil Win/Lose/Push":null,"Phil":null,"Bryce Bet Amount":null,"Bryce Win/Lose/Push":null,"Bryce":null,"Cory Bet Amount":null,"Cory Win/Lose/Push":null,"Cory":null,"JB Bet Amount":null,"JB Win/Lose/Push":null,"JB":null,"Ethan Bet Amount":null,"Ethan Win/Lose/Push":null,"Ethan":null,"Jaime Bet Amount":null,"Jaime Win/Lose/Push":null,"Jaime":null,"Nathan Bet Amount":null,"Nathan Win/Lose/Push":null,"Nathan":null,"Evan Bet Amount":null,"Evan Win/Lose/Push":null,"Evan":null,"Brandon Bet Amount":null,"Brandon Win/Lose/Push":null,"Brandon":null,"Total Team Bet":null,"Legends Bet":null,"Leaders Bet":null,"To Win":null,"Payout":null,"TOTALS":null,"Mitch Totals":null,"Phil Totals":null,"Bryce Totals":null,"Cory Totals":null,"JB Totals":null,"Ethan Totals":null,"Jaime Totals":null,"Nate Totals":null,"Evan Totals":null,"Brandon Totals":null},{"Week":"75","Date":"01/24/2025","Mitch Bet Amount":null,"Mitch Win/Lose/Push":null,"Mitch":null,"Phil Bet Amount":null,"Phil Win/Lose/Push":null,"Phil":null,"Bryce Bet Amount":null,"Bryce Win/Lose/Push":null,"Bryce":null,"Cory Bet Amount":null,"Cory Win/Lose/Push":null,"Cory":null,"JB Bet Amount":null,"JB Win/Lose/Push":null,"JB":null,"Ethan Bet Amount":null,"Ethan Win/Lose/Push":null,"Ethan":null,"Jaime Bet Amount":null,"Jaime Win/Lose/Push":null,"Jaime":null,"Nathan Bet Amount":null,"Nathan Win/Lose/Push":null,"Nathan":null,"Evan Bet Amount":null,"Evan Win/Lose/Push":null,"Evan":null,"Brandon Bet Amount":null,"Brandon Win/Lose/Push":null,"Brandon":null,"Total Team Bet":null,"Legends Bet":null,"Leaders Bet":null,"To Win":null,"Payout":null,"TOTALS":null,"Mitch Totals":null,"Phil Totals":null,"Bryce Totals":null,"Cory Totals":null,"JB Totals":null,"Ethan Totals":null,"Jaime Totals":null,"Nate Totals":null,"Evan Totals":null,"Brandon Totals":null},{"Week":"76","Date":"01/31/2025","Mitch Bet Amount":null,"Mitch Win/Lose/Push":null,"Mitch":null,"Phil Bet Amount":null,"Phil Win/Lose/Push":null,"Phil":null,"Bryce Bet Amount":null,"Bryce Win/Lose/Push":null,"Bryce":null,"Cory Bet Amount":null,"Cory Win/Lose/Push":null,"Cory":null,"JB Bet Amount":null,"JB Win/Lose/Push":null,"JB":null,"Ethan Bet Amount":null,"Ethan Win/Lose/Push":null,"Ethan":null,"Jaime Bet Amount":null,"Jaime Win/Lose/Push":null,"Jaime":null,"Nathan Bet Amount":null,"Nathan Win/Lose/Push":null,"Nathan":null,"Evan Bet Amount":null,"Evan Win/Lose/Push":null,"Evan":null,"Brandon Bet Amount":null,"Brandon Win/Lose/Push":null,"Brandon":null,"Total Team Bet":null,"Legends Bet":null,"Leaders Bet":null,"To Win":null,"Payout":null,"TOTALS":null,"Mitch Totals":null,"Phil Totals":null,"Bryce Totals":null,"Cory Totals":null,"JB Totals":null,"Ethan Totals":null,"Jaime Totals":null,"Nate Totals":null,"Evan Totals":null,"Brandon Totals":null},{"Week":"77","Date":"02/07/2025","Mitch Bet Amount":null,"Mitch Win/Lose/Push":null,"Mitch":null,"Phil Bet Amount":null,"Phil Win/Lose/Push":null,"Phil":null,"Bryce Bet Amount":null,"Bryce Win/Lose/Push":null,"Bryce":null,"Cory Bet Amount":null,"Cory Win/Lose/Push":null,"Cory":null,"JB Bet Amount":null,"JB Win/Lose/Push":null,"JB":null,"Ethan Bet Amount":null,"Ethan Win/Lose/Push":null,"Ethan":null,"Jaime Bet Amount":null,"Jaime Win/Lose/Push":null,"Jaime":null,"Nathan Bet Amount":null,"Nathan Win/Lose/Push":null,"Nathan":null,"Evan Bet Amount":null,"Evan Win/Lose/Push":null,"Evan":null,"Brandon Bet Amount":null,"Brandon Win/Lose/Push":null,"Brandon":null,"Total Team Bet":null,"Legends Bet":null,"Leaders Bet":null,"To Win":null,"Payout":null,"TOTALS":null,"Mitch Totals":null,"Phil Totals":null,"Bryce Totals":null,"Cory Totals":null,"JB Totals":null,"Ethan Totals":null,"Jaime Totals":null,"Nate Totals":null,"Evan Totals":null,"Brandon Totals":null},{"Week":"78","Date":"02/14/2025","Mitch Bet Amount":null,"Mitch Win/Lose/Push":null,"Mitch":null,"Phil Bet Amount":null,"Phil Win/Lose/Push":null,"Phil":null,"Bryce Bet Amount":null,"Bryce Win/Lose/Push":null,"Bryce":null,"Cory Bet Amount":null,"Cory Win/Lose/Push":null,"Cory":null,"JB Bet Amount":null,"JB Win/Lose/Push":null,"JB":null,"Ethan Bet Amount":null,"Ethan Win/Lose/Push":null,"Ethan":null,"Jaime Bet Amount":null,"Jaime Win/Lose/Push":null,"Jaime":null,"Nathan Bet Amount":null,"Nathan Win/Lose/Push":null,"Nathan":null,"Evan Bet Amount":null,"Evan Win/Lose/Push":null,"Evan":null,"Brandon Bet Amount":null,"Brandon Win/Lose/Push":null,"Brandon":null,"Total Team Bet":null,"Legends Bet":null,"Leaders Bet":null,"To Win":null,"Payout":null,"TOTALS":null,"Mitch Totals":null,"Phil Totals":null,"Bryce Totals":null,"Cory Totals":null,"JB Totals":null,"Ethan Totals":null,"Jaime Totals":null,"Nate Totals":null,"Evan Totals":null,"Brandon Totals":null},{"Week":"79","Date":"02/21/2025","Mitch Bet Amount":null,"Mitch Win/Lose/Push":null,"Mitch":null,"Phil Bet Amount":null,"Phil Win/Lose/Push":null,"Phil":null,"Bryce Bet Amount":null,"Bryce Win/Lose/Push":null,"Bryce":null,"Cory Bet Amount":null,"Cory Win/Lose/Push":null,"Cory":null,"JB Bet Amount":null,"JB Win/Lose/Push":null,"JB":null,"Ethan Bet Amount":null,"Ethan Win/Lose/Push":null,"Ethan":null,"Jaime Bet Amount":null,"Jaime Win/Lose/Push":null,"Jaime":null,"Nathan Bet Amount":null,"Nathan Win/Lose/Push":null,"Nathan":null,"Evan Bet Amount":null,"Evan Win/Lose/Push":null,"Evan":null,"Brandon Bet Amount":null,"Brandon Win/Lose/Push":null,"Brandon":null,"Total Team Bet":null,"Legends Bet":null,"Leaders Bet":null,"To Win":null,"Payout":null,"TOTALS":null,"Mitch Totals":null,"Phil Totals":null,"Bryce Totals":null,"Cory Totals":null,"JB Totals":null,"Ethan Totals":null,"Jaime Totals":null,"Nate Totals":null,"Evan Totals":null,"Brandon Totals":null},{"Week":"80","Date":"02/28/2025","Mitch Bet Amount":null,"Mitch Win/Lose/Push":null,"Mitch":null,"Phil Bet Amount":null,"Phil Win/Lose/Push":null,"Phil":null,"Bryce Bet Amount":null,"Bryce Win/Lose/Push":null,"Bryce":null,"Cory Bet Amount":null,"Cory Win/Lose/Push":null,"Cory":null,"JB Bet Amount":null,"JB Win/Lose/Push":null,"JB":null,"Ethan Bet Amount":null,"Ethan Win/Lose/Push":null,"Ethan":null,"Jaime Bet Amount":null,"Jaime Win/Lose/Push":null,"Jaime":null,"Nathan Bet Amount":null,"Nathan Win/Lose/Push":null,"Nathan":null,"Evan Bet Amount":null,"Evan Win/Lose/Push":null,"Evan":null,"Brandon Bet Amount":null,"Brandon Win/Lose/Push":null,"Brandon":null,"Total Team Bet":null,"Legends Bet":null,"Leaders Bet":null,"To Win":null,"Payout":null,"TOTALS":null,"Mitch Totals":null,"Phil Totals":null,"Bryce Totals":null,"Cory Totals":null,"JB Totals":null,"Ethan Totals":null,"Jaime Totals":null,"Nate Totals":null,"Evan Totals":null,"Brandon Totals":null},{"Week":"81","Date":"03/07/2025","Mitch Bet Amount":null,"Mitch Win/Lose/Push":null,"Mitch":null,"Phil Bet Amount":null,"Phil Win/Lose/Push":null,"Phil":null,"Bryce Bet Amount":null,"Bryce Win/Lose/Push":null,"Bryce":null,"Cory Bet Amount":null,"Cory Win/Lose/Push":null,"Cory":null,"JB Bet Amount":null,"JB Win/Lose/Push":null,"JB":null,"Ethan Bet Amount":null,"Ethan Win/Lose/Push":null,"Ethan":null,"Jaime Bet Amount":null,"Jaime Win/Lose/Push":null,"Jaime":null,"Nathan Bet Amount":null,"Nathan Win/Lose/Push":null,"Nathan":null,"Evan Bet Amount":null,"Evan Win/Lose/Push":null,"Evan":null,"Brandon Bet Amount":null,"Brandon Win/Lose/Push":null,"Brandon":null,"Total Team Bet":null,"Legends Bet":null,"Leaders Bet":null,"To Win":null,"Payout":null,"TOTALS":null,"Mitch Totals":null,"Phil Totals":null,"Bryce Totals":null,"Cory Totals":null,"JB Totals":null,"Ethan Totals":null,"Jaime Totals":null,"Nate Totals":null,"Evan Totals":null,"Brandon Totals":null},{"Week":"82","Date":"03/14/2025","Mitch Bet Amount":null,"Mitch Win/Lose/Push":null,"Mitch":null,"Phil Bet Amount":null,"Phil Win/Lose/Push":null,"Phil":null,"Bryce Bet Amount":null,"Bryce Win/Lose/Push":null,"Bryce":null,"Cory Bet Amount":null,"Cory Win/Lose/Push":null,"Cory":null,"JB Bet Amount":null,"JB Win/Lose/Push":null,"JB":null,"Ethan Bet Amount":null,"Ethan Win/Lose/Push":null,"Ethan":null,"Jaime Bet Amount":null,"Jaime Win/Lose/Push":null,"Jaime":null,"Nathan Bet Amount":null,"Nathan Win/Lose/Push":null,"Nathan":null,"Evan Bet Amount":null,"Evan Win/Lose/Push":null,"Evan":null,"Brandon Bet Amount":null,"Brandon Win/Lose/Push":null,"Brandon":null,"Total Team Bet":null,"Legends Bet":null,"Leaders Bet":null,"To Win":null,"Payout":null,"TOTALS":null,"Mitch Totals":null,"Phil Totals":null,"Bryce Totals":null,"Cory Totals":null,"JB Totals":null,"Ethan Totals":null,"Jaime Totals":null,"Nate Totals":null,"Evan Totals":null,"Brandon Totals":null},{"Week":"83","Date":"03/21/2025","Mitch Bet Amount":null,"Mitch Win/Lose/Push":null,"Mitch":null,"Phil Bet Amount":null,"Phil Win/Lose/Push":null,"Phil":null,"Bryce Bet Amount":null,"Bryce Win/Lose/Push":null,"Bryce":null,"Cory Bet Amount":null,"Cory Win/Lose/Push":null,"Cory":null,"JB Bet Amount":null,"JB Win/Lose/Push":null,"JB":null,"Ethan Bet Amount":null,"Ethan Win/Lose/Push":null,"Ethan":null,"Jaime Bet Amount":null,"Jaime Win/Lose/Push":null,"Jaime":null,"Nathan Bet Amount":null,"Nathan Win/Lose/Push":null,"Nathan":null,"Evan Bet Amount":null,"Evan Win/Lose/Push":null,"Evan":null,"Brandon Bet Amount":null,"Brandon Win/Lose/Push":null,"Brandon":null,"Total Team Bet":null,"Legends Bet":null,"Leaders Bet":null,"To Win":null,"Payout":null,"TOTALS":null,"Mitch Totals":null,"Phil Totals":null,"Bryce Totals":null,"Cory Totals":null,"JB Totals":null,"Ethan Totals":null,"Jaime Totals":null,"Nate Totals":null,"Evan Totals":null,"Brandon Totals":null},{"Week":"84","Date":"03/28/2025","Mitch Bet Amount":null,"Mitch Win/Lose/Push":null,"Mitch":null,"Phil Bet Amount":null,"Phil Win/Lose/Push":null,"Phil":null,"Bryce Bet Amount":null,"Bryce Win/Lose/Push":null,"Bryce":null,"Cory Bet Amount":null,"Cory Win/Lose/Push":null,"Cory":null,"JB Bet Amount":null,"JB Win/Lose/Push":null,"JB":null,"Ethan Bet Amount":null,"Ethan Win/Lose/Push":null,"Ethan":null,"Jaime Bet Amount":null,"Jaime Win/Lose/Push":null,"Jaime":null,"Nathan Bet Amount":null,"Nathan Win/Lose/Push":null,"Nathan":null,"Evan Bet Amount":null,"Evan Win/Lose/Push":null,"Evan":null,"Brandon Bet Amount":null,"Brandon Win/Lose/Push":null,"Brandon":null,"Total Team Bet":null,"Legends Bet":null,"Leaders Bet":null,"To Win":null,"Payout":null,"TOTALS":null,"Mitch Totals":null,"Phil Totals":null,"Bryce Totals":null,"Cory Totals":null,"JB Totals":null,"Ethan Totals":null,"Jaime Totals":null,"Nate Totals":null,"Evan Totals":null,"Brandon Totals":null},{"Week":"85","Date":"04/04/2025","Mitch Bet Amount":null,"Mitch Win/Lose/Push":null,"Mitch":null,"Phil Bet Amount":null,"Phil Win/Lose/Push":null,"Phil":null,"Bryce Bet Amount":null,"Bryce Win/Lose/Push":null,"Bryce":null,"Cory Bet Amount":null,"Cory Win/Lose/Push":null,"Cory":null,"JB Bet Amount":null,"JB Win/Lose/Push":null,"JB":null,"Ethan Bet Amount":null,"Ethan Win/Lose/Push":null,"Ethan":null,"Jaime Bet Amount":null,"Jaime Win/Lose/Push":null,"Jaime":null,"Nathan Bet Amount":null,"Nathan Win/Lose/Push":null,"Nathan":null,"Evan Bet Amount":null,"Evan Win/Lose/Push":null,"Evan":null,"Brandon Bet Amount":null,"Brandon Win/Lose/Push":null,"Brandon":null,"Total Team Bet":null,"Legends Bet":null,"Leaders Bet":null,"To Win":null,"Payout":null,"TOTALS":null,"Mitch Totals":null,"Phil Totals":null,"Bryce Totals":null,"Cory Totals":null,"JB Totals":null,"Ethan Totals":null,"Jaime Totals":null,"Nate Totals":null,"Evan Totals":null,"Brandon Totals":null},{"Week":"86","Date":"04/11/2025","Mitch Bet Amount":null,"Mitch Win/Lose/Push":null,"Mitch":null,"Phil Bet Amount":null,"Phil Win/Lose/Push":null,"Phil":null,"Bryce Bet Amount":null,"Bryce Win/Lose/Push":null,"Bryce":null,"Cory Bet Amount":null,"Cory Win/Lose/Push":null,"Cory":null,"JB Bet Amount":null,"JB Win/Lose/Push":null,"JB":null,"Ethan Bet Amount":null,"Ethan Win/Lose/Push":null,"Ethan":null,"Jaime Bet Amount":null,"Jaime Win/Lose/Push":null,"Jaime":null,"Nathan Bet Amount":null,"Nathan Win/Lose/Push":null,"Nathan":null,"Evan Bet Amount":null,"Evan Win/Lose/Push":null,"Evan":null,"Brandon Bet Amount":null,"Brandon Win/Lose/Push":null,"Brandon":null,"Total Team Bet":null,"Legends Bet":null,"Leaders Bet":null,"To Win":null,"Payout":null,"TOTALS":null,"Mitch Totals":null,"Phil Totals":null,"Bryce Totals":null,"Cory Totals":null,"JB Totals":null,"Ethan Totals":null,"Jaime Totals":null,"Nate Totals":null,"Evan Totals":null,"Brandon Totals":null},{"Week":"87","Date":"04/18/2025","Mitch Bet Amount":null,"Mitch Win/Lose/Push":null,"Mitch":null,"Phil Bet Amount":null,"Phil Win/Lose/Push":null,"Phil":null,"Bryce Bet Amount":null,"Bryce Win/Lose/Push":null,"Bryce":null,"Cory Bet Amount":null,"Cory Win/Lose/Push":null,"Cory":null,"JB Bet Amount":null,"JB Win/Lose/Push":null,"JB":null,"Ethan Bet Amount":null,"Ethan Win/Lose/Push":null,"Ethan":null,"Jaime Bet Amount":null,"Jaime Win/Lose/Push":null,"Jaime":null,"Nathan Bet Amount":null,"Nathan Win/Lose/Push":null,"Nathan":null,"Evan Bet Amount":null,"Evan Win/Lose/Push":null,"Evan":null,"Brandon Bet Amount":null,"Brandon Win/Lose/Push":null,"Brandon":null,"Total Team Bet":null,"Legends Bet":null,"Leaders Bet":null,"To Win":null,"Payout":null,"TOTALS":null,"Mitch Totals":null,"Phil Totals":null,"Bryce Totals":null,"Cory Totals":null,"JB Totals":null,"Ethan Totals":null,"Jaime Totals":null,"Nate Totals":null,"Evan Totals":null,"Brandon Totals":null},{"Week":"88","Date":"04/25/2025","Mitch Bet Amount":null,"Mitch Win/Lose/Push":null,"Mitch":null,"Phil Bet Amount":null,"Phil Win/Lose/Push":null,"Phil":null,"Bryce Bet Amount":null,"Bryce Win/Lose/Push":null,"Bryce":null,"Cory Bet Amount":null,"Cory Win/Lose/Push":null,"Cory":null,"JB Bet Amount":null,"JB Win/Lose/Push":null,"JB":null,"Ethan Bet Amount":null,"Ethan Win/Lose/Push":null,"Ethan":null,"Jaime Bet Amount":null,"Jaime Win/Lose/Push":null,"Jaime":null,"Nathan Bet Amount":null,"Nathan Win/Lose/Push":null,"Nathan":null,"Evan Bet Amount":null,"Evan Win/Lose/Push":null,"Evan":null,"Brandon Bet Amount":null,"Brandon Win/Lose/Push":null,"Brandon":null,"Total Team Bet":null,"Legends Bet":null,"Leaders Bet":null,"To Win":null,"Payout":null,"TOTALS":null,"Mitch Totals":null,"Phil Totals":null,"Bryce Totals":null,"Cory Totals":null,"JB Totals":null,"Ethan Totals":null,"Jaime Totals":null,"Nate Totals":null,"Evan Totals":null,"Brandon Totals":null},{"Week":"89","Date":"05/02/2025","Mitch Bet Amount":null,"Mitch Win/Lose/Push":null,"Mitch":null,"Phil Bet Amount":null,"Phil Win/Lose/Push":null,"Phil":null,"Bryce Bet Amount":null,"Bryce Win/Lose/Push":null,"Bryce":null,"Cory Bet Amount":null,"Cory Win/Lose/Push":null,"Cory":null,"JB Bet Amount":null,"JB Win/Lose/Push":null,"JB":null,"Ethan Bet Amount":null,"Ethan Win/Lose/Push":null,"Ethan":null,"Jaime Bet Amount":null,"Jaime Win/Lose/Push":null,"Jaime":null,"Nathan Bet Amount":null,"Nathan Win/Lose/Push":null,"Nathan":null,"Evan Bet Amount":null,"Evan Win/Lose/Push":null,"Evan":null,"Brandon Bet Amount":null,"Brandon Win/Lose/Push":null,"Brandon":null,"Total Team Bet":null,"Legends Bet":null,"Leaders Bet":null,"To Win":null,"Payout":null,"TOTALS":null,"Mitch Totals":null,"Phil Totals":null,"Bryce Totals":null,"Cory Totals":null,"JB Totals":null,"Ethan Totals":null,"Jaime Totals":null,"Nate Totals":null,"Evan Totals":null,"Brandon Totals":null},{"Week":"90","Date":"05/09/2025","Mitch Bet Amount":null,"Mitch Win/Lose/Push":null,"Mitch":null,"Phil Bet Amount":null,"Phil Win/Lose/Push":null,"Phil":null,"Bryce Bet Amount":null,"Bryce Win/Lose/Push":null,"Bryce":null,"Cory Bet Amount":null,"Cory Win/Lose/Push":null,"Cory":null,"JB Bet Amount":null,"JB Win/Lose/Push":null,"JB":null,"Ethan Bet Amount":null,"Ethan Win/Lose/Push":null,"Ethan":null,"Jaime Bet Amount":null,"Jaime Win/Lose/Push":null,"Jaime":null,"Nathan Bet Amount":null,"Nathan Win/Lose/Push":null,"Nathan":null,"Evan Bet Amount":null,"Evan Win/Lose/Push":null,"Evan":null,"Brandon Bet Amount":null,"Brandon Win/Lose/Push":null,"Brandon":null,"Total Team Bet":null,"Legends Bet":null,"Leaders Bet":null,"To Win":null,"Payout":null,"TOTALS":null,"Mitch Totals":null,"Phil Totals":null,"Bryce Totals":null,"Cory Totals":null,"JB Totals":null,"Ethan Totals":null,"Jaime Totals":null,"Nate Totals":null,"Evan Totals":null,"Brandon Totals":null},{"Week":"91","Date":"05/16/2025","Mitch Bet Amount":null,"Mitch Win/Lose/Push":null,"Mitch":null,"Phil Bet Amount":null,"Phil Win/Lose/Push":null,"Phil":null,"Bryce Bet Amount":null,"Bryce Win/Lose/Push":null,"Bryce":null,"Cory Bet Amount":null,"Cory Win/Lose/Push":null,"Cory":null,"JB Bet Amount":null,"JB Win/Lose/Push":null,"JB":null,"Ethan Bet Amount":null,"Ethan Win/Lose/Push":null,"Ethan":null,"Jaime Bet Amount":null,"Jaime Win/Lose/Push":null,"Jaime":null,"Nathan Bet Amount":null,"Nathan Win/Lose/Push":null,"Nathan":null,"Evan Bet Amount":null,"Evan Win/Lose/Push":null,"Evan":null,"Brandon Bet Amount":null,"Brandon Win/Lose/Push":null,"Brandon":null,"Total Team Bet":null,"Legends Bet":null,"Leaders Bet":null,"To Win":null,"Payout":null,"TOTALS":null,"Mitch Totals":null,"Phil Totals":null,"Bryce Totals":null,"Cory Totals":null,"JB Totals":null,"Ethan Totals":null,"Jaime Totals":null,"Nate Totals":null,"Evan Totals":null,"Brandon Totals":null},{"Week":"92","Date":"05/23/2025","Mitch Bet Amount":null,"Mitch Win/Lose/Push":null,"Mitch":null,"Phil Bet Amount":null,"Phil Win/Lose/Push":null,"Phil":null,"Bryce Bet Amount":null,"Bryce Win/Lose/Push":null,"Bryce":null,"Cory Bet Amount":null,"Cory Win/Lose/Push":null,"Cory":null,"JB Bet Amount":null,"JB Win/Lose/Push":null,"JB":null,"Ethan Bet Amount":null,"Ethan Win/Lose/Push":null,"Ethan":null,"Jaime Bet Amount":null,"Jaime Win/Lose/Push":null,"Jaime":null,"Nathan Bet Amount":null,"Nathan Win/Lose/Push":null,"Nathan":null,"Evan Bet Amount":null,"Evan Win/Lose/Push":null,"Evan":null,"Brandon Bet Amount":null,"Brandon Win/Lose/Push":null,"Brandon":null,"Total Team Bet":null,"Legends Bet":null,"Leaders Bet":null,"To Win":null,"Payout":null,"TOTALS":null,"Mitch Totals":null,"Phil Totals":null,"Bryce Totals":null,"Cory Totals":null,"JB Totals":null,"Ethan Totals":null,"Jaime Totals":null,"Nate Totals":null,"Evan Totals":null,"Brandon Totals":null},{"Week":"93","Date":"05/30/2025","Mitch Bet Amount":null,"Mitch Win/Lose/Push":null,"Mitch":null,"Phil Bet Amount":null,"Phil Win/Lose/Push":null,"Phil":null,"Bryce Bet Amount":null,"Bryce Win/Lose/Push":null,"Bryce":null,"Cory Bet Amount":null,"Cory Win/Lose/Push":null,"Cory":null,"JB Bet Amount":null,"JB Win/Lose/Push":null,"JB":null,"Ethan Bet Amount":null,"Ethan Win/Lose/Push":null,"Ethan":null,"Jaime Bet Amount":null,"Jaime Win/Lose/Push":null,"Jaime":null,"Nathan Bet Amount":null,"Nathan Win/Lose/Push":null,"Nathan":null,"Evan Bet Amount":null,"Evan Win/Lose/Push":null,"Evan":null,"Brandon Bet Amount":null,"Brandon Win/Lose/Push":null,"Brandon":null,"Total Team Bet":null,"Legends Bet":null,"Leaders Bet":null,"To Win":null,"Payout":null,"TOTALS":null,"Mitch Totals":null,"Phil Totals":null,"Bryce Totals":null,"Cory Totals":null,"JB Totals":null,"Ethan Totals":null,"Jaime Totals":null,"Nate Totals":null,"Evan Totals":null,"Brandon Totals":null},{"Week":"94","Date":"06/06/2025","Mitch Bet Amount":null,"Mitch Win/Lose/Push":null,"Mitch":null,"Phil Bet Amount":null,"Phil Win/Lose/Push":null,"Phil":null,"Bryce Bet Amount":null,"Bryce Win/Lose/Push":null,"Bryce":null,"Cory Bet Amount":null,"Cory Win/Lose/Push":null,"Cory":null,"JB Bet Amount":null,"JB Win/Lose/Push":null,"JB":null,"Ethan Bet Amount":null,"Ethan Win/Lose/Push":null,"Ethan":null,"Jaime Bet Amount":null,"Jaime Win/Lose/Push":null,"Jaime":null,"Nathan Bet Amount":null,"Nathan Win/Lose/Push":null,"Nathan":null,"Evan Bet Amount":null,"Evan Win/Lose/Push":null,"Evan":null,"Brandon Bet Amount":null,"Brandon Win/Lose/Push":null,"Brandon":null,"Total Team Bet":null,"Legends Bet":null,"Leaders Bet":null,"To Win":null,"Payout":null,"TOTALS":null,"Mitch Totals":null,"Phil Totals":null,"Bryce Totals":null,"Cory Totals":null,"JB Totals":null,"Ethan Totals":null,"Jaime Totals":null,"Nate Totals":null,"Evan Totals":null,"Brandon Totals":null},{"Week":"95","Date":"06/13/2025","Mitch Bet Amount":null,"Mitch Win/Lose/Push":null,"Mitch":null,"Phil Bet Amount":null,"Phil Win/Lose/Push":null,"Phil":null,"Bryce Bet Amount":null,"Bryce Win/Lose/Push":null,"Bryce":null,"Cory Bet Amount":null,"Cory Win/Lose/Push":null,"Cory":null,"JB Bet Amount":null,"JB Win/Lose/Push":null,"JB":null,"Ethan Bet Amount":null,"Ethan Win/Lose/Push":null,"Ethan":null,"Jaime Bet Amount":null,"Jaime Win/Lose/Push":null,"Jaime":null,"Nathan Bet Amount":null,"Nathan Win/Lose/Push":null,"Nathan":null,"Evan Bet Amount":null,"Evan Win/Lose/Push":null,"Evan":null,"Brandon Bet Amount":null,"Brandon Win/Lose/Push":null,"Brandon":null,"Total Team Bet":null,"Legends Bet":null,"Leaders Bet":null,"To Win":null,"Payout":null,"TOTALS":null,"Mitch Totals":null,"Phil Totals":null,"Bryce Totals":null,"Cory Totals":null,"JB Totals":null,"Ethan Totals":null,"Jaime Totals":null,"Nate Totals":null,"Evan Totals":null,"Brandon Totals":null},{"Week":"96","Date":"06/20/2025","Mitch Bet Amount":null,"Mitch Win/Lose/Push":null,"Mitch":null,"Phil Bet Amount":null,"Phil Win/Lose/Push":null,"Phil":null,"Bryce Bet Amount":null,"Bryce Win/Lose/Push":null,"Bryce":null,"Cory Bet Amount":null,"Cory Win/Lose/Push":null,"Cory":null,"JB Bet Amount":null,"JB Win/Lose/Push":null,"JB":null,"Ethan Bet Amount":null,"Ethan Win/Lose/Push":null,"Ethan":null,"Jaime Bet Amount":null,"Jaime Win/Lose/Push":null,"Jaime":null,"Nathan Bet Amount":null,"Nathan Win/Lose/Push":null,"Nathan":null,"Evan Bet Amount":null,"Evan Win/Lose/Push":null,"Evan":null,"Brandon Bet Amount":null,"Brandon Win/Lose/Push":null,"Brandon":null,"Total Team Bet":null,"Legends Bet":null,"Leaders Bet":null,"To Win":null,"Payout":null,"TOTALS":null,"Mitch Totals":null,"Phil Totals":null,"Bryce Totals":null,"Cory Totals":null,"JB Totals":null,"Ethan Totals":null,"Jaime Totals":null,"Nate Totals":null,"Evan Totals":null,"Brandon Totals":null},{"Week":"97","Date":"06/27/2025","Mitch Bet Amount":null,"Mitch Win/Lose/Push":null,"Mitch":null,"Phil Bet Amount":null,"Phil Win/Lose/Push":null,"Phil":null,"Bryce Bet Amount":null,"Bryce Win/Lose/Push":null,"Bryce":null,"Cory Bet Amount":null,"Cory Win/Lose/Push":null,"Cory":null,"JB Bet Amount":null,"JB Win/Lose/Push":null,"JB":null,"Ethan Bet Amount":null,"Ethan Win/Lose/Push":null,"Ethan":null,"Jaime Bet Amount":null,"Jaime Win/Lose/Push":null,"Jaime":null,"Nathan Bet Amount":null,"Nathan Win/Lose/Push":null,"Nathan":null,"Evan Bet Amount":null,"Evan Win/Lose/Push":null,"Evan":null,"Brandon Bet Amount":null,"Brandon Win/Lose/Push":null,"Brandon":null,"Total Team Bet":null,"Legends Bet":null,"Leaders Bet":null,"To Win":null,"Payout":null,"TOTALS":null,"Mitch Totals":null,"Phil Totals":null,"Bryce Totals":null,"Cory Totals":null,"JB Totals":null,"Ethan Totals":null,"Jaime Totals":null,"Nate Totals":null,"Evan Totals":null,"Brandon Totals":null},{"Week":"98","Date":"07/04/2025","Mitch Bet Amount":null,"Mitch Win/Lose/Push":null,"Mitch":null,"Phil Bet Amount":null,"Phil Win/Lose/Push":null,"Phil":null,"Bryce Bet Amount":null,"Bryce Win/Lose/Push":null,"Bryce":null,"Cory Bet Amount":null,"Cory Win/Lose/Push":null,"Cory":null,"JB Bet Amount":null,"JB Win/Lose/Push":null,"JB":null,"Ethan Bet Amount":null,"Ethan Win/Lose/Push":null,"Ethan":null,"Jaime Bet Amount":null,"Jaime Win/Lose/Push":null,"Jaime":null,"Nathan Bet Amount":null,"Nathan Win/Lose/Push":null,"Nathan":null,"Evan Bet Amount":null,"Evan Win/Lose/Push":null,"Evan":null,"Brandon Bet Amount":null,"Brandon Win/Lose/Push":null,"Brandon":null,"Total Team Bet":null,"Legends Bet":null,"Leaders Bet":null,"To Win":null,"Payout":null,"TOTALS":null,"Mitch Totals":null,"Phil Totals":null,"Bryce Totals":null,"Cory Totals":null,"JB Totals":null,"Ethan Totals":null,"Jaime Totals":null,"Nate Totals":null,"Evan Totals":null,"Brandon Totals":null},{"Week":"99","Date":"07/11/2025","Mitch Bet Amount":null,"Mitch Win/Lose/Push":null,"Mitch":null,"Phil Bet Amount":null,"Phil Win/Lose/Push":null,"Phil":null,"Bryce Bet Amount":null,"Bryce Win/Lose/Push":null,"Bryce":null,"Cory Bet Amount":null,"Cory Win/Lose/Push":null,"Cory":null,"JB Bet Amount":null,"JB Win/Lose/Push":null,"JB":null,"Ethan Bet Amount":null,"Ethan Win/Lose/Push":null,"Ethan":null,"Jaime Bet Amount":null,"Jaime Win/Lose/Push":null,"Jaime":null,"Nathan Bet Amount":null,"Nathan Win/Lose/Push":null,"Nathan":null,"Evan Bet Amount":null,"Evan Win/Lose/Push":null,"Evan":null,"Brandon Bet Amount":null,"Brandon Win/Lose/Push":null,"Brandon":null,"Total Team Bet":null,"Legends Bet":null,"Leaders Bet":null,"To Win":null,"Payout":null,"TOTALS":null,"Mitch Totals":null,"Phil Totals":null,"Bryce Totals":null,"Cory Totals":null,"JB Totals":null,"Ethan Totals":null,"Jaime Totals":null,"Nate Totals":null,"Evan Totals":null,"Brandon Totals":null},{"Week":"100","Date":"07/18/2025","Mitch Bet Amount":null,"Mitch Win/Lose/Push":null,"Mitch":null,"Phil Bet Amount":null,"Phil Win/Lose/Push":null,"Phil":null,"Bryce Bet Amount":null,"Bryce Win/Lose/Push":null,"Bryce":null,"Cory Bet Amount":null,"Cory Win/Lose/Push":null,"Cory":null,"JB Bet Amount":null,"JB Win/Lose/Push":null,"JB":null,"Ethan Bet Amount":null,"Ethan Win/Lose/Push":null,"Ethan":null,"Jaime Bet Amount":null,"Jaime Win/Lose/Push":null,"Jaime":null,"Nathan Bet Amount":null,"Nathan Win/Lose/Push":null,"Nathan":null,"Evan Bet Amount":null,"Evan Win/Lose/Push":null,"Evan":null,"Brandon Bet Amount":null,"Brandon Win/Lose/Push":null,"Brandon":null,"Total Team Bet":null,"Legends Bet":null,"Leaders Bet":null,"To Win":null,"Payout":null,"TOTALS":null,"Mitch Totals":null,"Phil Totals":null,"Bryce Totals":null,"Cory Totals":null,"JB Totals":null,"Ethan Totals":null,"Jaime Totals":null,"Nate Totals":null,"Evan Totals":null,"Brandon Totals":null},{"Week":"101","Date":"07/25/2025","Mitch Bet Amount":null,"Mitch Win/Lose/Push":null,"Mitch":null,"Phil Bet Amount":null,"Phil Win/Lose/Push":null,"Phil":null,"Bryce Bet Amount":null,"Bryce Win/Lose/Push":null,"Bryce":null,"Cory Bet Amount":null,"Cory Win/Lose/Push":null,"Cory":null,"JB Bet Amount":null,"JB Win/Lose/Push":null,"JB":null,"Ethan Bet Amount":null,"Ethan Win/Lose/Push":null,"Ethan":null,"Jaime Bet Amount":null,"Jaime Win/Lose/Push":null,"Jaime":null,"Nathan Bet Amount":null,"Nathan Win/Lose/Push":null,"Nathan":null,"Evan Bet Amount":null,"Evan Win/Lose/Push":null,"Evan":null,"Brandon Bet Amount":null,"Brandon Win/Lose/Push":null,"Brandon":null,"Total Team Bet":null,"Legends Bet":null,"Leaders Bet":null,"To Win":null,"Payout":null,"TOTALS":null,"Mitch Totals":null,"Phil Totals":null,"Bryce Totals":null,"Cory Totals":null,"JB Totals":null,"Ethan Totals":null,"Jaime Totals":null,"Nate Totals":null,"Evan Totals":null,"Brandon Totals":null},{"Week":"102","Date":"08/01/2025","Mitch Bet Amount":null,"Mitch Win/Lose/Push":null,"Mitch":null,"Phil Bet Amount":null,"Phil Win/Lose/Push":null,"Phil":null,"Bryce Bet Amount":null,"Bryce Win/Lose/Push":null,"Bryce":null,"Cory Bet Amount":null,"Cory Win/Lose/Push":null,"Cory":null,"JB Bet Amount":null,"JB Win/Lose/Push":null,"JB":null,"Ethan Bet Amount":null,"Ethan Win/Lose/Push":null,"Ethan":null,"Jaime Bet Amount":null,"Jaime Win/Lose/Push":null,"Jaime":null,"Nathan Bet Amount":null,"Nathan Win/Lose/Push":null,"Nathan":null,"Evan Bet Amount":null,"Evan Win/Lose/Push":null,"Evan":null,"Brandon Bet Amount":null,"Brandon Win/Lose/Push":null,"Brandon":null,"Total Team Bet":null,"Legends Bet":null,"Leaders Bet":null,"To Win":null,"Payout":null,"TOTALS":null,"Mitch Totals":null,"Phil Totals":null,"Bryce Totals":null,"Cory Totals":null,"JB Totals":null,"Ethan Totals":null,"Jaime Totals":null,"Nate Totals":null,"Evan Totals":null,"Brandon Totals":null},{"Week":"103","Date":"08/08/2025","Mitch Bet Amount":null,"Mitch Win/Lose/Push":null,"Mitch":null,"Phil Bet Amount":null,"Phil Win/Lose/Push":null,"Phil":null,"Bryce Bet Amount":null,"Bryce Win/Lose/Push":null,"Bryce":null,"Cory Bet Amount":null,"Cory Win/Lose/Push":null,"Cory":null,"JB Bet Amount":null,"JB Win/Lose/Push":null,"JB":null,"Ethan Bet Amount":null,"Ethan Win/Lose/Push":null,"Ethan":null,"Jaime Bet Amount":null,"Jaime Win/Lose/Push":null,"Jaime":null,"Nathan Bet Amount":null,"Nathan Win/Lose/Push":null,"Nathan":null,"Evan Bet Amount":null,"Evan Win/Lose/Push":null,"Evan":null,"Brandon Bet Amount":null,"Brandon Win/Lose/Push":null,"Brandon":null,"Total Team Bet":null,"Legends Bet":null,"Leaders Bet":null,"To Win":null,"Payout":null,"TOTALS":null,"Mitch Totals":null,"Phil Totals":null,"Bryce Totals":null,"Cory Totals":null,"JB Totals":null,"Ethan Totals":null,"Jaime Totals":null,"Nate Totals":null,"Evan Totals":null,"Brandon Totals":null},{"Week":"104","Date":"08/15/2025","Mitch Bet Amount":null,"Mitch Win/Lose/Push":null,"Mitch":null,"Phil Bet Amount":null,"Phil Win/Lose/Push":null,"Phil":null,"Bryce Bet Amount":null,"Bryce Win/Lose/Push":null,"Bryce":null,"Cory Bet Amount":null,"Cory Win/Lose/Push":null,"Cory":null,"JB Bet Amount":null,"JB Win/Lose/Push":null,"JB":null,"Ethan Bet Amount":null,"Ethan Win/Lose/Push":null,"Ethan":null,"Jaime Bet Amount":null,"Jaime Win/Lose/Push":null,"Jaime":null,"Nathan Bet Amount":null,"Nathan Win/Lose/Push":null,"Nathan":null,"Evan Bet Amount":null,"Evan Win/Lose/Push":null,"Evan":null,"Brandon Bet Amount":null,"Brandon Win/Lose/Push":null,"Brandon":null,"Total Team Bet":null,"Legends Bet":null,"Leaders Bet":null,"To Win":null,"Payout":null,"TOTALS":null,"Mitch Totals":null,"Phil Totals":null,"Bryce Totals":null,"Cory Totals":null,"JB Totals":null,"Ethan Totals":null,"Jaime Totals":null,"Nate Totals":null,"Evan Totals":null,"Brandon Totals":null},{"Week":"105","Date":"08/22/2025","Mitch Bet Amount":null,"Mitch Win/Lose/Push":null,"Mitch":null,"Phil Bet Amount":null,"Phil Win/Lose/Push":null,"Phil":null,"Bryce Bet Amount":null,"Bryce Win/Lose/Push":null,"Bryce":null,"Cory Bet Amount":null,"Cory Win/Lose/Push":null,"Cory":null,"JB Bet Amount":null,"JB Win/Lose/Push":null,"JB":null,"Ethan Bet Amount":null,"Ethan Win/Lose/Push":null,"Ethan":null,"Jaime Bet Amount":null,"Jaime Win/Lose/Push":null,"Jaime":null,"Nathan Bet Amount":null,"Nathan Win/Lose/Push":null,"Nathan":null,"Evan Bet Amount":null,"Evan Win/Lose/Push":null,"Evan":null,"Brandon Bet Amount":null,"Brandon Win/Lose/Push":null,"Brandon":null,"Total Team Bet":null,"Legends Bet":null,"Leaders Bet":null,"To Win":null,"Payout":null,"TOTALS":null,"Mitch Totals":null,"Phil Totals":null,"Bryce Totals":null,"Cory Totals":null,"JB Totals":null,"Ethan Totals":null,"Jaime Totals":null,"Nate Totals":null,"Evan Totals":null,"Brandon Totals":null},{"Week":"106","Date":"08/29/2025","Mitch Bet Amount":null,"Mitch Win/Lose/Push":null,"Mitch":null,"Phil Bet Amount":null,"Phil Win/Lose/Push":null,"Phil":null,"Bryce Bet Amount":null,"Bryce Win/Lose/Push":null,"Bryce":null,"Cory Bet Amount":null,"Cory Win/Lose/Push":null,"Cory":null,"JB Bet Amount":null,"JB Win/Lose/Push":null,"JB":null,"Ethan Bet Amount":null,"Ethan Win/Lose/Push":null,"Ethan":null,"Jaime Bet Amount":null,"Jaime Win/Lose/Push":null,"Jaime":null,"Nathan Bet Amount":null,"Nathan Win/Lose/Push":null,"Nathan":null,"Evan Bet Amount":null,"Evan Win/Lose/Push":null,"Evan":null,"Brandon Bet Amount":null,"Brandon Win/Lose/Push":null,"Brandon":null,"Total Team Bet":null,"Legends Bet":null,"Leaders Bet":null,"To Win":null,"Payout":null,"TOTALS":null,"Mitch Totals":null,"Phil Totals":null,"Bryce Totals":null,"Cory Totals":null,"JB Totals":null,"Ethan Totals":null,"Jaime Totals":null,"Nate Totals":null,"Evan Totals":null,"Brandon Totals":null},{"Week":"107","Date":"09/05/2025","Mitch Bet Amount":null,"Mitch Win/Lose/Push":null,"Mitch":null,"Phil Bet Amount":null,"Phil Win/Lose/Push":null,"Phil":null,"Bryce Bet Amount":null,"Bryce Win/Lose/Push":null,"Bryce":null,"Cory Bet Amount":null,"Cory Win/Lose/Push":null,"Cory":null,"JB Bet Amount":null,"JB Win/Lose/Push":null,"JB":null,"Ethan Bet Amount":null,"Ethan Win/Lose/Push":null,"Ethan":null,"Jaime Bet Amount":null,"Jaime Win/Lose/Push":null,"Jaime":null,"Nathan Bet Amount":null,"Nathan Win/Lose/Push":null,"Nathan":null,"Evan Bet Amount":null,"Evan Win/Lose/Push":null,"Evan":null,"Brandon Bet Amount":null,"Brandon Win/Lose/Push":null,"Brandon":null,"Total Team Bet":null,"Legends Bet":null,"Leaders Bet":null,"To Win":null,"Payout":null,"TOTALS":null,"Mitch Totals":null,"Phil Totals":null,"Bryce Totals":null,"Cory Totals":null,"JB Totals":null,"Ethan Totals":null,"Jaime Totals":null,"Nate Totals":null,"Evan Totals":null,"Brandon Totals":null},{"Week":"108","Date":"09/12/2025","Mitch Bet Amount":null,"Mitch Win/Lose/Push":null,"Mitch":null,"Phil Bet Amount":null,"Phil Win/Lose/Push":null,"Phil":null,"Bryce Bet Amount":null,"Bryce Win/Lose/Push":null,"Bryce":null,"Cory Bet Amount":null,"Cory Win/Lose/Push":null,"Cory":null,"JB Bet Amount":null,"JB Win/Lose/Push":null,"JB":null,"Ethan Bet Amount":null,"Ethan Win/Lose/Push":null,"Ethan":null,"Jaime Bet Amount":null,"Jaime Win/Lose/Push":null,"Jaime":null,"Nathan Bet Amount":null,"Nathan Win/Lose/Push":null,"Nathan":null,"Evan Bet Amount":null,"Evan Win/Lose/Push":null,"Evan":null,"Brandon Bet Amount":null,"Brandon Win/Lose/Push":null,"Brandon":null,"Total Team Bet":null,"Legends Bet":null,"Leaders Bet":null,"To Win":null,"Payout":null,"TOTALS":null,"Mitch Totals":null,"Phil Totals":null,"Bryce Totals":null,"Cory Totals":null,"JB Totals":null,"Ethan Totals":null,"Jaime Totals":null,"Nate Totals":null,"Evan Totals":null,"Brandon Totals":null},{"Week":"109","Date":"09/19/2025","Mitch Bet Amount":null,"Mitch Win/Lose/Push":null,"Mitch":null,"Phil Bet Amount":null,"Phil Win/Lose/Push":null,"Phil":null,"Bryce Bet Amount":null,"Bryce Win/Lose/Push":null,"Bryce":null,"Cory Bet Amount":null,"Cory Win/Lose/Push":null,"Cory":null,"JB Bet Amount":null,"JB Win/Lose/Push":null,"JB":null,"Ethan Bet Amount":null,"Ethan Win/Lose/Push":null,"Ethan":null,"Jaime Bet Amount":null,"Jaime Win/Lose/Push":null,"Jaime":null,"Nathan Bet Amount":null,"Nathan Win/Lose/Push":null,"Nathan":null,"Evan Bet Amount":null,"Evan Win/Lose/Push":null,"Evan":null,"Brandon Bet Amount":null,"Brandon Win/Lose/Push":null,"Brandon":null,"Total Team Bet":null,"Legends Bet":null,"Leaders Bet":null,"To Win":null,"Payout":null,"TOTALS":null,"Mitch Totals":null,"Phil Totals":null,"Bryce Totals":null,"Cory Totals":null,"JB Totals":null,"Ethan Totals":null,"Jaime Totals":null,"Nate Totals":null,"Evan Totals":null,"Brandon Totals":null},{"Week":"110","Date":"09/26/2025","Mitch Bet Amount":null,"Mitch Win/Lose/Push":null,"Mitch":null,"Phil Bet Amount":null,"Phil Win/Lose/Push":null,"Phil":null,"Bryce Bet Amount":null,"Bryce Win/Lose/Push":null,"Bryce":null,"Cory Bet Amount":null,"Cory Win/Lose/Push":null,"Cory":null,"JB Bet Amount":null,"JB Win/Lose/Push":null,"JB":null,"Ethan Bet Amount":null,"Ethan Win/Lose/Push":null,"Ethan":null,"Jaime Bet Amount":null,"Jaime Win/Lose/Push":null,"Jaime":null,"Nathan Bet Amount":null,"Nathan Win/Lose/Push":null,"Nathan":null,"Evan Bet Amount":null,"Evan Win/Lose/Push":null,"Evan":null,"Brandon Bet Amount":null,"Brandon Win/Lose/Push":null,"Brandon":null,"Total Team Bet":null,"Legends Bet":null,"Leaders Bet":null,"To Win":null,"Payout":null,"TOTALS":null,"Mitch Totals":null,"Phil Totals":null,"Bryce Totals":null,"Cory Totals":null,"JB Totals":null,"Ethan Totals":null,"Jaime Totals":null,"Nate Totals":null,"Evan Totals":null,"Brandon Totals":null},{"Week":"111","Date":"10/03/2025","Mitch Bet Amount":null,"Mitch Win/Lose/Push":null,"Mitch":null,"Phil Bet Amount":null,"Phil Win/Lose/Push":null,"Phil":null,"Bryce Bet Amount":null,"Bryce Win/Lose/Push":null,"Bryce":null,"Cory Bet Amount":null,"Cory Win/Lose/Push":null,"Cory":null,"JB Bet Amount":null,"JB Win/Lose/Push":null,"JB":null,"Ethan Bet Amount":null,"Ethan Win/Lose/Push":null,"Ethan":null,"Jaime Bet Amount":null,"Jaime Win/Lose/Push":null,"Jaime":null,"Nathan Bet Amount":null,"Nathan Win/Lose/Push":null,"Nathan":null,"Evan Bet Amount":null,"Evan Win/Lose/Push":null,"Evan":null,"Brandon Bet Amount":null,"Brandon Win/Lose/Push":null,"Brandon":null,"Total Team Bet":null,"Legends Bet":null,"Leaders Bet":null,"To Win":null,"Payout":null,"TOTALS":null,"Mitch Totals":null,"Phil Totals":null,"Bryce Totals":null,"Cory Totals":null,"JB Totals":null,"Ethan Totals":null,"Jaime Totals":null,"Nate Totals":null,"Evan Totals":null,"Brandon Totals":null},{"Week":"112","Date":"10/10/2025","Mitch Bet Amount":null,"Mitch Win/Lose/Push":null,"Mitch":null,"Phil Bet Amount":null,"Phil Win/Lose/Push":null,"Phil":null,"Bryce Bet Amount":null,"Bryce Win/Lose/Push":null,"Bryce":null,"Cory Bet Amount":null,"Cory Win/Lose/Push":null,"Cory":null,"JB Bet Amount":null,"JB Win/Lose/Push":null,"JB":null,"Ethan Bet Amount":null,"Ethan Win/Lose/Push":null,"Ethan":null,"Jaime Bet Amount":null,"Jaime Win/Lose/Push":null,"Jaime":null,"Nathan Bet Amount":null,"Nathan Win/Lose/Push":null,"Nathan":null,"Evan Bet Amount":null,"Evan Win/Lose/Push":null,"Evan":null,"Brandon Bet Amount":null,"Brandon Win/Lose/Push":null,"Brandon":null,"Total Team Bet":null,"Legends Bet":null,"Leaders Bet":null,"To Win":null,"Payout":null,"TOTALS":null,"Mitch Totals":null,"Phil Totals":null,"Bryce Totals":null,"Cory Totals":null,"JB Totals":null,"Ethan Totals":null,"Jaime Totals":null,"Nate Totals":null,"Evan Totals":null,"Brandon Totals":null},{"Week":"113","Date":"10/17/2025","Mitch Bet Amount":null,"Mitch Win/Lose/Push":null,"Mitch":null,"Phil Bet Amount":null,"Phil Win/Lose/Push":null,"Phil":null,"Bryce Bet Amount":null,"Bryce Win/Lose/Push":null,"Bryce":null,"Cory Bet Amount":null,"Cory Win/Lose/Push":null,"Cory":null,"JB Bet Amount":null,"JB Win/Lose/Push":null,"JB":null,"Ethan Bet Amount":null,"Ethan Win/Lose/Push":null,"Ethan":null,"Jaime Bet Amount":null,"Jaime Win/Lose/Push":null,"Jaime":null,"Nathan Bet Amount":null,"Nathan Win/Lose/Push":null,"Nathan":null,"Evan Bet Amount":null,"Evan Win/Lose/Push":null,"Evan":null,"Brandon Bet Amount":null,"Brandon Win/Lose/Push":null,"Brandon":null,"Total Team Bet":null,"Legends Bet":null,"Leaders Bet":null,"To Win":null,"Payout":null,"TOTALS":null,"Mitch Totals":null,"Phil Totals":null,"Bryce Totals":null,"Cory Totals":null,"JB Totals":null,"Ethan Totals":null,"Jaime Totals":null,"Nate Totals":null,"Evan Totals":null,"Brandon Totals":null},{"Week":"114","Date":"10/24/2025","Mitch Bet Amount":null,"Mitch Win/Lose/Push":null,"Mitch":null,"Phil Bet Amount":null,"Phil Win/Lose/Push":null,"Phil":null,"Bryce Bet Amount":null,"Bryce Win/Lose/Push":null,"Bryce":null,"Cory Bet Amount":null,"Cory Win/Lose/Push":null,"Cory":null,"JB Bet Amount":null,"JB Win/Lose/Push":null,"JB":null,"Ethan Bet Amount":null,"Ethan Win/Lose/Push":null,"Ethan":null,"Jaime Bet Amount":null,"Jaime Win/Lose/Push":null,"Jaime":null,"Nathan Bet Amount":null,"Nathan Win/Lose/Push":null,"Nathan":null,"Evan Bet Amount":null,"Evan Win/Lose/Push":null,"Evan":null,"Brandon Bet Amount":null,"Brandon Win/Lose/Push":null,"Brandon":null,"Total Team Bet":null,"Legends Bet":null,"Leaders Bet":null,"To Win":null,"Payout":null,"TOTALS":null,"Mitch Totals":null,"Phil Totals":null,"Bryce Totals":null,"Cory Totals":null,"JB Totals":null,"Ethan Totals":null,"Jaime Totals":null,"Nate Totals":null,"Evan Totals":null,"Brandon Totals":null},{"Week":"115","Date":"10/31/2025","Mitch Bet Amount":null,"Mitch Win/Lose/Push":null,"Mitch":null,"Phil Bet Amount":null,"Phil Win/Lose/Push":null,"Phil":null,"Bryce Bet Amount":null,"Bryce Win/Lose/Push":null,"Bryce":null,"Cory Bet Amount":null,"Cory Win/Lose/Push":null,"Cory":null,"JB Bet Amount":null,"JB Win/Lose/Push":null,"JB":null,"Ethan Bet Amount":null,"Ethan Win/Lose/Push":null,"Ethan":null,"Jaime Bet Amount":null,"Jaime Win/Lose/Push":null,"Jaime":null,"Nathan Bet Amount":null,"Nathan Win/Lose/Push":null,"Nathan":null,"Evan Bet Amount":null,"Evan Win/Lose/Push":null,"Evan":null,"Brandon Bet Amount":null,"Brandon Win/Lose/Push":null,"Brandon":null,"Total Team Bet":null,"Legends Bet":null,"Leaders Bet":null,"To Win":null,"Payout":null,"TOTALS":null,"Mitch Totals":null,"Phil Totals":null,"Bryce Totals":null,"Cory Totals":null,"JB Totals":null,"Ethan Totals":null,"Jaime Totals":null,"Nate Totals":null,"Evan Totals":null,"Brandon Totals":null},{"Week":"116","Date":"11/07/2025","Mitch Bet Amount":null,"Mitch Win/Lose/Push":null,"Mitch":null,"Phil Bet Amount":null,"Phil Win/Lose/Push":null,"Phil":null,"Bryce Bet Amount":null,"Bryce Win/Lose/Push":null,"Bryce":null,"Cory Bet Amount":null,"Cory Win/Lose/Push":null,"Cory":null,"JB Bet Amount":null,"JB Win/Lose/Push":null,"JB":null,"Ethan Bet Amount":null,"Ethan Win/Lose/Push":null,"Ethan":null,"Jaime Bet Amount":null,"Jaime Win/Lose/Push":null,"Jaime":null,"Nathan Bet Amount":null,"Nathan Win/Lose/Push":null,"Nathan":null,"Evan Bet Amount":null,"Evan Win/Lose/Push":null,"Evan":null,"Brandon Bet Amount":null,"Brandon Win/Lose/Push":null,"Brandon":null,"Total Team Bet":null,"Legends Bet":null,"Leaders Bet":null,"To Win":null,"Payout":null,"TOTALS":null,"Mitch Totals":null,"Phil Totals":null,"Bryce Totals":null,"Cory Totals":null,"JB Totals":null,"Ethan Totals":null,"Jaime Totals":null,"Nate Totals":null,"Evan Totals":null,"Brandon Totals":null},{"Week":"117","Date":"11/14/2025","Mitch Bet Amount":null,"Mitch Win/Lose/Push":null,"Mitch":null,"Phil Bet Amount":null,"Phil Win/Lose/Push":null,"Phil":null,"Bryce Bet Amount":null,"Bryce Win/Lose/Push":null,"Bryce":null,"Cory Bet Amount":null,"Cory Win/Lose/Push":null,"Cory":null,"JB Bet Amount":null,"JB Win/Lose/Push":null,"JB":null,"Ethan Bet Amount":null,"Ethan Win/Lose/Push":null,"Ethan":null,"Jaime Bet Amount":null,"Jaime Win/Lose/Push":null,"Jaime":null,"Nathan Bet Amount":null,"Nathan Win/Lose/Push":null,"Nathan":null,"Evan Bet Amount":null,"Evan Win/Lose/Push":null,"Evan":null,"Brandon Bet Amount":null,"Brandon Win/Lose/Push":null,"Brandon":null,"Total Team Bet":null,"Legends Bet":null,"Leaders Bet":null,"To Win":null,"Payout":null,"TOTALS":null,"Mitch Totals":null,"Phil Totals":null,"Bryce Totals":null,"Cory Totals":null,"JB Totals":null,"Ethan Totals":null,"Jaime Totals":null,"Nate Totals":null,"Evan Totals":null,"Brandon Totals":null},{"Week":"118","Date":"11/21/2025","Mitch Bet Amount":null,"Mitch Win/Lose/Push":null,"Mitch":null,"Phil Bet Amount":null,"Phil Win/Lose/Push":null,"Phil":null,"Bryce Bet Amount":null,"Bryce Win/Lose/Push":null,"Bryce":null,"Cory Bet Amount":null,"Cory Win/Lose/Push":null,"Cory":null,"JB Bet Amount":null,"JB Win/Lose/Push":null,"JB":null,"Ethan Bet Amount":null,"Ethan Win/Lose/Push":null,"Ethan":null,"Jaime Bet Amount":null,"Jaime Win/Lose/Push":null,"Jaime":null,"Nathan Bet Amount":null,"Nathan Win/Lose/Push":null,"Nathan":null,"Evan Bet Amount":null,"Evan Win/Lose/Push":null,"Evan":null,"Brandon Bet Amount":null,"Brandon Win/Lose/Push":null,"Brandon":null,"Total Team Bet":null,"Legends Bet":null,"Leaders Bet":null,"To Win":null,"Payout":null,"TOTALS":null,"Mitch Totals":null,"Phil Totals":null,"Bryce Totals":null,"Cory Totals":null,"JB Totals":null,"Ethan Totals":null,"Jaime Totals":null,"Nate Totals":null,"Evan Totals":null,"Brandon Totals":null},{"Week":"119","Date":"11/28/2025","Mitch Bet Amount":null,"Mitch Win/Lose/Push":null,"Mitch":null,"Phil Bet Amount":null,"Phil Win/Lose/Push":null,"Phil":null,"Bryce Bet Amount":null,"Bryce Win/Lose/Push":null,"Bryce":null,"Cory Bet Amount":null,"Cory Win/Lose/Push":null,"Cory":null,"JB Bet Amount":null,"JB Win/Lose/Push":null,"JB":null,"Ethan Bet Amount":null,"Ethan Win/Lose/Push":null,"Ethan":null,"Jaime Bet Amount":null,"Jaime Win/Lose/Push":null,"Jaime":null,"Nathan Bet Amount":null,"Nathan Win/Lose/Push":null,"Nathan":null,"Evan Bet Amount":null,"Evan Win/Lose/Push":null,"Evan":null,"Brandon Bet Amount":null,"Brandon Win/Lose/Push":null,"Brandon":null,"Total Team Bet":null,"Legends Bet":null,"Leaders Bet":null,"To Win":null,"Payout":null,"TOTALS":null,"Mitch Totals":null,"Phil Totals":null,"Bryce Totals":null,"Cory Totals":null,"JB Totals":null,"Ethan Totals":null,"Jaime Totals":null,"Nate Totals":null,"Evan Totals":null,"Brandon Totals":null},{"Week":"120","Date":"12/05/2025","Mitch Bet Amount":null,"Mitch Win/Lose/Push":null,"Mitch":null,"Phil Bet Amount":null,"Phil Win/Lose/Push":null,"Phil":null,"Bryce Bet Amount":null,"Bryce Win/Lose/Push":null,"Bryce":null,"Cory Bet Amount":null,"Cory Win/Lose/Push":null,"Cory":null,"JB Bet Amount":null,"JB Win/Lose/Push":null,"JB":null,"Ethan Bet Amount":null,"Ethan Win/Lose/Push":null,"Ethan":null,"Jaime Bet Amount":null,"Jaime Win/Lose/Push":null,"Jaime":null,"Nathan Bet Amount":null,"Nathan Win/Lose/Push":null,"Nathan":null,"Evan Bet Amount":null,"Evan Win/Lose/Push":null,"Evan":null,"Brandon Bet Amount":null,"Brandon Win/Lose/Push":null,"Brandon":null,"Total Team Bet":null,"Legends Bet":null,"Leaders Bet":null,"To Win":null,"Payout":null,"TOTALS":null,"Mitch Totals":null,"Phil Totals":null,"Bryce Totals":null,"Cory Totals":null,"JB Totals":null,"Ethan Totals":null,"Jaime Totals":null,"Nate Totals":null,"Evan Totals":null,"Brandon Totals":null},{"Week":"121","Date":"12/12/2025","Mitch Bet Amount":null,"Mitch Win/Lose/Push":null,"Mitch":null,"Phil Bet Amount":null,"Phil Win/Lose/Push":null,"Phil":null,"Bryce Bet Amount":null,"Bryce Win/Lose/Push":null,"Bryce":null,"Cory Bet Amount":null,"Cory Win/Lose/Push":null,"Cory":null,"JB Bet Amount":null,"JB Win/Lose/Push":null,"JB":null,"Ethan Bet Amount":null,"Ethan Win/Lose/Push":null,"Ethan":null,"Jaime Bet Amount":null,"Jaime Win/Lose/Push":null,"Jaime":null,"Nathan Bet Amount":null,"Nathan Win/Lose/Push":null,"Nathan":null,"Evan Bet Amount":null,"Evan Win/Lose/Push":null,"Evan":null,"Brandon Bet Amount":null,"Brandon Win/Lose/Push":null,"Brandon":null,"Total Team Bet":null,"Legends Bet":null,"Leaders Bet":null,"To Win":null,"Payout":null,"TOTALS":null,"Mitch Totals":null,"Phil Totals":null,"Bryce Totals":null,"Cory Totals":null,"JB Totals":null,"Ethan Totals":null,"Jaime Totals":null,"Nate Totals":null,"Evan Totals":null,"Brandon Totals":null},{"Week":"122","Date":"12/19/2025","Mitch Bet Amount":null,"Mitch Win/Lose/Push":null,"Mitch":null,"Phil Bet Amount":null,"Phil Win/Lose/Push":null,"Phil":null,"Bryce Bet Amount":null,"Bryce Win/Lose/Push":null,"Bryce":null,"Cory Bet Amount":null,"Cory Win/Lose/Push":null,"Cory":null,"JB Bet Amount":null,"JB Win/Lose/Push":null,"JB":null,"Ethan Bet Amount":null,"Ethan Win/Lose/Push":null,"Ethan":null,"Jaime Bet Amount":null,"Jaime Win/Lose/Push":null,"Jaime":null,"Nathan Bet Amount":null,"Nathan Win/Lose/Push":null,"Nathan":null,"Evan Bet Amount":null,"Evan Win/Lose/Push":null,"Evan":null,"Brandon Bet Amount":null,"Brandon Win/Lose/Push":null,"Brandon":null,"Total Team Bet":null,"Legends Bet":null,"Leaders Bet":null,"To Win":null,"Payout":null,"TOTALS":null,"Mitch Totals":null,"Phil Totals":null,"Bryce Totals":null,"Cory Totals":null,"JB Totals":null,"Ethan Totals":null,"Jaime Totals":null,"Nate Totals":null,"Evan Totals":null,"Brandon Totals":null},{"Week":"123","Date":"12/26/2025","Mitch Bet Amount":null,"Mitch Win/Lose/Push":null,"Mitch":null,"Phil Bet Amount":null,"Phil Win/Lose/Push":null,"Phil":null,"Bryce Bet Amount":null,"Bryce Win/Lose/Push":null,"Bryce":null,"Cory Bet Amount":null,"Cory Win/Lose/Push":null,"Cory":null,"JB Bet Amount":null,"JB Win/Lose/Push":null,"JB":null,"Ethan Bet Amount":null,"Ethan Win/Lose/Push":null,"Ethan":null,"Jaime Bet Amount":null,"Jaime Win/Lose/Push":null,"Jaime":null,"Nathan Bet Amount":null,"Nathan Win/Lose/Push":null,"Nathan":null,"Evan Bet Amount":null,"Evan Win/Lose/Push":null,"Evan":null,"Brandon Bet Amount":null,"Brandon Win/Lose/Push":null,"Brandon":null,"Total Team Bet":null,"Legends Bet":null,"Leaders Bet":null,"To Win":null,"Payout":null,"TOTALS":null,"Mitch Totals":null,"Phil Totals":null,"Bryce Totals":null,"Cory Totals":null,"JB Totals":null,"Ethan Totals":null,"Jaime Totals":null,"Nate Totals":null,"Evan Totals":null,"Brandon Totals":null},{"Week":"124","Date":"01/02/2026","Mitch Bet Amount":null,"Mitch Win/Lose/Push":null,"Mitch":null,"Phil Bet Amount":null,"Phil Win/Lose/Push":null,"Phil":null,"Bryce Bet Amount":null,"Bryce Win/Lose/Push":null,"Bryce":null,"Cory Bet Amount":null,"Cory Win/Lose/Push":null,"Cory":null,"JB Bet Amount":null,"JB Win/Lose/Push":null,"JB":null,"Ethan Bet Amount":null,"Ethan Win/Lose/Push":null,"Ethan":null,"Jaime Bet Amount":null,"Jaime Win/Lose/Push":null,"Jaime":null,"Nathan Bet Amount":null,"Nathan Win/Lose/Push":null,"Nathan":null,"Evan Bet Amount":null,"Evan Win/Lose/Push":null,"Evan":null,"Brandon Bet Amount":null,"Brandon Win/Lose/Push":null,"Brandon":null,"Total Team Bet":null,"Legends Bet":null,"Leaders Bet":null,"To Win":null,"Payout":null,"TOTALS":null,"Mitch Totals":null,"Phil Totals":null,"Bryce Totals":null,"Cory Totals":null,"JB Totals":null,"Ethan Totals":null,"Jaime Totals":null,"Nate Totals":null,"Evan Totals":null,"Brandon Totals":null},{"Week":"125","Date":"01/09/2026","Mitch Bet Amount":null,"Mitch Win/Lose/Push":null,"Mitch":null,"Phil Bet Amount":null,"Phil Win/Lose/Push":null,"Phil":null,"Bryce Bet Amount":null,"Bryce Win/Lose/Push":null,"Bryce":null,"Cory Bet Amount":null,"Cory Win/Lose/Push":null,"Cory":null,"JB Bet Amount":null,"JB Win/Lose/Push":null,"JB":null,"Ethan Bet Amount":null,"Ethan Win/Lose/Push":null,"Ethan":null,"Jaime Bet Amount":null,"Jaime Win/Lose/Push":null,"Jaime":null,"Nathan Bet Amount":null,"Nathan Win/Lose/Push":null,"Nathan":null,"Evan Bet Amount":null,"Evan Win/Lose/Push":null,"Evan":null,"Brandon Bet Amount":null,"Brandon Win/Lose/Push":null,"Brandon":null,"Total Team Bet":null,"Legends Bet":null,"Leaders Bet":null,"To Win":null,"Payout":null,"TOTALS":null,"Mitch Totals":null,"Phil Totals":null,"Bryce Totals":null,"Cory Totals":null,"JB Totals":null,"Ethan Totals":null,"Jaime Totals":null,"Nate Totals":null,"Evan Totals":null,"Brandon Totals":null}]
3:31:44 AM [express] GET /api/data 304 in 6ms :: [{"Week":"1","Date":"8/23/24","Mitch Bet Amount":"$5","Mitch Win/Lose/Push":"Loss","Mitch":"FSU -10.5","Phil Bet Amount":"$5","Phil Win/Lose/Push":"Loss","Phil":"Montana State -13.5","Bryce Bet Amount":"$15","Bryce Win/Lose/Push":"Win","Bryce":"Burns over Im","Cory Bet Amount":"$5","Cory Win/Lose/Push":"Loss","Cory":"Ludvig or Clark ","JB Bet Amount":"$5","JB Win/Lose/Push":"Loss","JB":"Colorado","Ethan Bet Amount":"$5","Ethan Win/Lose/Push":"Win","Ethan":"Gophers UNC Under","Jaime Bet Amount":"5","Jaime Win/Lose/Push":"Win","Jaime":"Tail Ethan","Nathan Bet Amount":"","Nathan Win/Lose/Push":"","Nathan":"","Evan Bet Amount":"","Evan Win/Lose/Push":"","Evan":"","Brandon Bet Amount":"","Brandon Win/Lose/Push":"","Brandon":"","Total Team Bet":"$45.00","Legends Bet":"","Leaders Bet":"","To Win":"","Payout":"","TOTALS":"Total Bet","Mitch Totals":"360","Phil Totals":"385","Bryce Totals":"300","Cory Totals":"365","JB Totals":"260","Ethan Totals":"295","Jaime Totals":"415","Nate Totals":"0","Evan Totals":"0","Brandon Totals":"0"},{"Week":"2","Date":"8/30/24","Mitch Bet Amount":"$10","Mitch Win/Lose/Push":"Loss","Mitch":"Texas CSU over","Phil Bet Amount":"$10","Phil Win/Lose/Push":"Win","Phil":"Clemson uga under","Bryce Bet Amount":"$5","Bryce Win/Lose/Push":"Win","Bryce":"Notre Dame ","Cory Bet Amount":"$10","Cory Win/Lose/Push":"Win","Cory":"Penn state cover","JB Bet Amount":"$10","JB Win/Lose/Push":"Win","JB":"Florida over","Ethan Bet Amount":"$5","Ethan Win/Lose/Push":"Win","Ethan":"Georgia -12","Jaime Bet Amount":"5","Jaime Win/Lose/Push":"Win","Jaime":"Tail Ethan","Nathan Bet Amount":"","Nathan Win/Lose/Push":"","Nathan":"","Evan Bet Amount":"","Evan Win/Lose/Push":"","Evan":"","Brandon Bet Amount":"","Brandon Win/Lose/Push":"","Brandon":"","Total Team Bet":"$55.00","Legends Bet":"","Leaders Bet":"","To Win":"","Payout":"","TOTALS":"Total Wins","Mitch Totals":"13","Phil Totals":"12","Bryce Totals":"17","Cory Totals":"10","JB Totals":"16","Ethan Totals":"15","Jaime Totals":"11","Nate Totals":"0","Evan Totals":"0","Brandon Totals":"0"},{"Week":"3","Date":"9/6/24","Mitch Bet Amount":"$15","Mitch Win/Lose/Push":"Loss","Mitch":"Maryland Cover","Phil Bet Amount":"$5","Phil Win/Lose/Push":"Loss","Phil":"Michigan Texas Under","Bryce Bet Amount":"$5","Bryce Win/Lose/Push":"Loss","Bryce":"Iowa ","Cory Bet Amount":"$5","Cory Win/Lose/Push":"Win","Cory":"Clemson over ","JB Bet Amount":"$5","JB Win/Lose/Push":"Loss","JB":"Oregon","Ethan Bet Amount":"$5","Ethan Win/Lose/Push":"Loss","Ethan":"Colorado cover ","Jaime Bet Amount":"5","Jaime Win/Lose/Push":"Loss","Jaime":"Tail Ethan","Nathan Bet Amount":"","Nathan Win/Lose/Push":"","Nathan":"","Evan Bet Amount":"","Evan Win/Lose/Push":"","Evan":"","Brandon Bet Amount":"","Brandon Win/Lose/Push":"","Brandon":"","Total Team Bet":"$45.00","Legends Bet":"","Leaders Bet":"","To Win":"","Payout":"","TOTALS":"Total Losses","Mitch Totals":"17","Phil Totals":"19","Bryce Totals":"14","Cory Totals":"19","JB Totals":"15","Ethan Totals":"16","Jaime Totals":"18","Nate Totals":"0","Evan Totals":"0","Brandon Totals":"0"},{"Week":"4","Date":"9/13/24","Mitch Bet Amount":"$20","Mitch Win/Lose/Push":"Loss","Mitch":"Bryce","Phil Bet Amount":"$10","Phil Win/Lose/Push":"Loss","Phil":"LA Tech NC State Under","Bryce Bet Amount":"$10","Bryce Win/Lose/Push":"Loss","Bryce":"Oregon State ","Cory Bet Amount":"$5","Cory Win/Lose/Push":"Loss","Cory":"Georgia ","JB Bet Amount":"$10","JB Win/Lose/Push":"Win","JB":"indiana","Ethan Bet Amount":"$10","Ethan Win/Lose/Push":"Win","Ethan":"Gopher under ","Jaime Bet Amount":"10","Jaime Win/Lose/Push":"Loss","Jaime":"Tail Cory","Nathan Bet Amount":"","Nathan Win/Lose/Push":"","Nathan":"","Evan Bet Amount":"","Evan Win/Lose/Push":"","Evan":"","Brandon Bet Amount":"","Brandon Win/Lose/Push":"","Brandon":"","Total Team Bet":"$75.00","Legends Bet":"","Leaders Bet":"","To Win":"","Payout":"","TOTALS":"Total Pushes","Mitch Totals":"1","Phil Totals":"0","Bryce Totals":"0","Cory Totals":"2","JB Totals":"0","Ethan Totals":"0","Jaime Totals":"2","Nate Totals":"0","Evan Totals":"0","Brandon Totals":"0"},{"Week":"5","Date":"9/20/24","Mitch Bet Amount":"$25","Mitch Win/Lose/Push":"Loss","Mitch":"Ethan ","Phil Bet Amount":"$15","Phil Win/Lose/Push":"Loss","Phil":"Gophers Iowa Under ","Bryce Bet Amount":"$15","Bryce Win/Lose/Push":"Loss","Bryce":"OSU ","Cory Bet Amount":"$10","Cory Win/Lose/Push":"Win","Cory":"Clemson over  ","JB Bet Amount":"$5","JB Win/Lose/Push":"Win","JB":"Colorado State under ","Ethan Bet Amount":"$5","Ethan Win/Lose/Push":"Loss","Ethan":"USC ","Jaime Bet Amount":"15","Jaime Win/Lose/Push":"Win","Jaime":"Tail Cory ","Nathan Bet Amount":"","Nathan Win/Lose/Push":"","Nathan":"","Evan Bet Amount":"","Evan Win/Lose/Push":"","Evan":"","Brandon Bet Amount":"","Brandon Win/Lose/Push":"","Brandon":"","Total Team Bet":"$90.00","Legends Bet":"","Leaders Bet":"","To Win":"","Payout":"","TOTALS":"Win Percentage","Mitch Totals":"43.33%","Phil Totals":"38.71%","Bryce Totals":"54.84%","Cory Totals":"34.48%","JB Totals":"51.61%","Ethan Totals":"48.39%","Jaime Totals":"37.93%","Nate Totals":"0.00%","Evan Totals":"0.00%","Brandon Totals":"0.00%"},{"Week":"6","Date":"9/27/24","Mitch Bet Amount":"$30","Mitch Win/Lose/Push":"Loss","Mitch":"JB","Phil Bet Amount":"$20","Phil Win/Lose/Push":"Loss","Phil":"Cory","Bryce Bet Amount":"$20","Bryce Win/Lose/Push":"Loss","Bryce":"JB ","Cory Bet Amount":"$5","Cory Win/Lose/Push":"Loss","Cory":"Penn state over","JB Bet Amount":"$5","JB Win/Lose/Push":"Loss","JB":"Michigan","Ethan Bet Amount":"$10","Ethan Win/Lose/Push":"Loss","Ethan":"Georgia","Jaime Bet Amount":"5","Jaime Win/Lose/Push":"Loss","Jaime":"Texas Miss St Over","Nathan Bet Amount":"","Nathan Win/Lose/Push":"","Nathan":"","Evan Bet Amount":"","Evan Win/Lose/Push":"","Evan":"","Brandon Bet Amount":"","Brandon Win/Lose/Push":"","Brandon":"","Total Team Bet":"$95.00","Legends Bet":null,"Leaders Bet":null,"To Win":null,"Payout":null,"TOTALS":null,"Mitch Totals":null,"Phil Totals":null,"Bryce Totals":null,"Cory Totals":null,"JB Totals":null,"Ethan Totals":null,"Jaime Totals":null,"Nate Totals":null,"Evan Totals":null,"Brandon Totals":null},{"Week":"7","Date":"10/4/24","Mitch Bet Amount":"$35","Mitch Win/Lose/Push":"Win","Mitch":"JB","Phil Bet Amount":"$25","Phil Win/Lose/Push":"Loss","Phil":"Jaime","Bryce Bet Amount":"$25","Bryce Win/Lose/Push":"Win","Bryce":"JB","Cory Bet Amount":"$10","Cory Win/Lose/Push":"Loss","Cory":"South Carolina cover","JB Bet Amount":"$10","JB Win/Lose/Push":"Win","JB":"Ohio st","Ethan Bet Amount":"$15","Ethan Win/Lose/Push":"Loss","Ethan":"Northwestern","Jaime Bet Amount":"10","Jaime Win/Lose/Push":"Loss","Jaime":"Michigan Cover","Nathan Bet Amount":"","Nathan Win/Lose/Push":"","Nathan":"","Evan Bet Amount":"","Evan Win/Lose/Push":"","Evan":"","Brandon Bet Amount":"","Brandon Win/Lose/Push":"","Brandon":"","Total Team Bet":"$130.00","Legends Bet":null,"Leaders Bet":null,"To Win":null,"Payout":null,"TOTALS":null,"Mitch Totals":null,"Phil Totals":null,"Bryce Totals":null,"Cory Totals":null,"JB Totals":null,"Ethan Totals":null,"Jaime Totals":null,"Nate Totals":null,"Evan Totals":null,"Brandon Totals":null},{"Week":"8","Date":"10/11/24","Mitch Bet Amount":"$5","Mitch Win/Lose/Push":"Win","Mitch":"Penn State","Phil Bet Amount":"$30","Phil Win/Lose/Push":"Loss","Phil":"JB","Bryce Bet Amount":"$5","Bryce Win/Lose/Push":"Loss","Bryce":"Ohio state","Cory Bet Amount":"$15","Cory Win/Lose/Push":"Loss","Cory":"Boise over ","JB Bet Amount":"$5","JB Win/Lose/Push":"Loss","JB":"Kentucky","Ethan Bet Amount":"$20","Ethan Win/Lose/Push":"Loss","Ethan":"Cory","Jaime Bet Amount":"15","Jaime Win/Lose/Push":"Win","Jaime":"ND/Stanford Over","Nathan Bet Amount":"","Nathan Win/Lose/Push":"","Nathan":"","Evan Bet Amount":"","Evan Win/Lose/Push":"","Evan":"","Brandon Bet Amount":"","Brandon Win/Lose/Push":"","Brandon":"","Total Team Bet":"$95.00","Legends Bet":null,"Leaders Bet":null,"To Win":null,"Payout":null,"TOTALS":null,"Mitch Totals":null,"Phil Totals":null,"Bryce Totals":null,"Cory Totals":null,"JB Totals":null,"Ethan Totals":null,"Jaime Totals":null,"Nate Totals":null,"Evan Totals":null,"Brandon Totals":null},{"Week":"9","Date":"10/17/24","Mitch Bet Amount":"$5","Mitch Win/Lose/Push":"Win","Mitch":"Kansas St","Phil Bet Amount":"$35","Phil Win/Lose/Push":"Loss","Phil":"JB","Bryce Bet Amount":"$10","Bryce Win/Lose/Push":"Win","Bryce":"Illinois","Cory Bet Amount":"$20","Cory Win/Lose/Push":"Push","Cory":"Jaime","JB Bet Amount":"$10","JB Win/Lose/Push":"Loss","JB":"Rutgers","Ethan Bet Amount":"$25","Ethan Win/Lose/Push":"Loss","Ethan":"JB","Jaime Bet Amount":"5","Jaime Win/Lose/Push":"Push","Jaime":"Army Cover","Nathan Bet Amount":"","Nathan Win/Lose/Push":"","Nathan":"","Evan Bet Amount":"","Evan Win/Lose/Push":"","Evan":"","Brandon Bet Amount":"","Brandon Win/Lose/Push":"","Brandon":"","Total Team Bet":"$110.00","Legends Bet":null,"Leaders Bet":null,"To Win":null,"Payout":null,"TOTALS":null,"Mitch Totals":null,"Phil Totals":null,"Bryce Totals":null,"Cory Totals":null,"JB Totals":null,"Ethan Totals":null,"Jaime Totals":null,"Nate Totals":null,"Evan Totals":null,"Brandon Totals":null},{"Week":"10","Date":"10/25/24","Mitch Bet Amount":"$5","Mitch Win/Lose/Push":"Loss","Mitch":"UCF ","Phil Bet Amount":"$40","Phil Win/Lose/Push":"Win","Phil":"JB ","Bryce Bet Amount":"$5","Bryce Win/Lose/Push":"Loss","Bryce":"\"Illinois, I guess\" ","Cory Bet Amount":"$20","Cory Win/Lose/Push":"Win","Cory":"Jaime ","JB Bet Amount":"$15","JB Win/Lose/Push":"Win","JB":"Miami ","Ethan Bet Amount":"$30","Ethan Win/Lose/Push":"Win","Ethan":"Jaime ","Jaime Bet Amount":"5","Jaime Win/Lose/Push":"Win","Jaime":"PSU Cover ","Nathan Bet Amount":"","Nathan Win/Lose/Push":"","Nathan":"","Evan Bet Amount":"","Evan Win/Lose/Push":"","Evan":"","Brandon Bet Amount":"","Brandon Win/Lose/Push":"","Brandon":"","Total Team Bet":"$120.00","Legends Bet":null,"Leaders Bet":null,"To Win":null,"Payout":null,"TOTALS":null,"Mitch Totals":null,"Phil Totals":null,"Bryce Totals":null,"Cory Totals":null,"JB Totals":null,"Ethan Totals":null,"Jaime Totals":null,"Nate Totals":null,"Evan Totals":null,"Brandon Totals":null},{"Week":"11","Date":"11/1/24","Mitch Bet Amount":"$10","Mitch Win/Lose/Push":"Win","Mitch":"Indiana","Phil Bet Amount":"$5","Phil Win/Lose/Push":"Win","Phil":"Ethan ","Bryce Bet Amount":"$10","Bryce Win/Lose/Push":"Win","Bryce":"Vikings ","Cory Bet Amount":"$5","Cory Win/Lose/Push":"Loss","Cory":"Navy over","JB Bet Amount":"$5","JB Win/Lose/Push":"Loss","JB":"Kansas St","Ethan Bet Amount":"$5","Ethan Win/Lose/Push":"Win","Ethan":"Ohio state ","Jaime Bet Amount":"5","Jaime Win/Lose/Push":"Loss","Jaime":"Army/AF Over","Nathan Bet Amount":"","Nathan Win/Lose/Push":"","Nathan":"","Evan Bet Amount":"","Evan Win/Lose/Push":"","Evan":"","Brandon Bet Amount":"","Brandon Win/Lose/Push":"","Brandon":"","Total Team Bet":"$45.00","Legends Bet":null,"Leaders Bet":null,"To Win":null,"Payout":null,"TOTALS":null,"Mitch Totals":null,"Phil Totals":null,"Bryce Totals":null,"Cory Totals":null,"JB Totals":null,"Ethan Totals":null,"Jaime Totals":null,"Nate Totals":null,"Evan Totals":null,"Brandon Totals":null},{"Week":"12","Date":"11/8/24","Mitch Bet Amount":"$5","Mitch Win/Lose/Push":"Loss","Mitch":"Gophers","Phil Bet Amount":"$5","Phil Win/Lose/Push":"Loss","Phil":"Mitch","Bryce Bet Amount":"$5","Bryce Win/Lose/Push":"Loss","Bryce":"Vikings ","Cory Bet Amount":"$10","Cory Win/Lose/Push":"Loss","Cory":"Clemson over","JB Bet Amount":"$10","JB Win/Lose/Push":"Loss","JB":"bryce","Ethan Bet Amount":"$5","Ethan Win/Lose/Push":"Win","Ethan":"Steelers +3","Jaime Bet Amount":"10","Jaime Win/Lose/Push":"Loss","Jaime":"Georgia Cover","Nathan Bet Amount":"","Nathan Win/Lose/Push":"","Nathan":"","Evan Bet Amount":"","Evan Win/Lose/Push":"","Evan":"","Brandon Bet Amount":"","Brandon Win/Lose/Push":"","Brandon":"","Total Team Bet":"$50.00","Legends Bet":null,"Leaders Bet":null,"To Win":null,"Payout":null,"TOTALS":null,"Mitch Totals":null,"Phil Totals":null,"Bryce Totals":null,"Cory Totals":null,"JB Totals":null,"Ethan Totals":null,"Jaime Totals":null,"Nate Totals":null,"Evan Totals":null,"Brandon Totals":null},{"Week":"13","Date":"11/15/24","Mitch Bet Amount":"$10","Mitch Win/Lose/Push":"Loss","Mitch":"Oregon","Phil Bet Amount":"$10","Phil Win/Lose/Push":"Loss","Phil":"JB","Bryce Bet Amount":"$10","Bryce Win/Lose/Push":"Win","Bryce":"Vikings","Cory Bet Amount":"$15","Cory Win/Lose/Push":"Loss","Cory":"KSU over ","JB Bet Amount":"$15","JB Win/Lose/Push":"Loss","JB":"SMU","Ethan Bet Amount":"$5","Ethan Win/Lose/Push":"Win","Ethan":"Illinois","Jaime Bet Amount":"15","Jaime Win/Lose/Push":"Loss","Jaime":"Packers Cover","Nathan Bet Amount":"","Nathan Win/Lose/Push":"","Nathan":"","Evan Bet Amount":"","Evan Win/Lose/Push":"","Evan":"","Brandon Bet Amount":"","Brandon Win/Lose/Push":"","Brandon":"","Total Team Bet":"$80.00","Legends Bet":null,"Leaders Bet":null,"To Win":null,"Payout":null,"TOTALS":null,"Mitch Totals":null,"Phil Totals":null,"Bryce Totals":null,"Cory Totals":null,"JB Totals":null,"Ethan Totals":null,"Jaime Totals":null,"Nate Totals":null,"Evan Totals":null,"Brandon Totals":null},{"Week":"14","Date":"11/22/24","Mitch Bet Amount":"$15","Mitch Win/Lose/Push":"Win","Mitch":"Boston College  ","Phil Bet Amount":"$15","Phil Win/Lose/Push":"Loss","Phil":"UNC / Boston College Under ","Bryce Bet Amount":"$5","Bryce Win/Lose/Push":"Win","Bryce":"Lions ","Cory Bet Amount":"$20","Cory Win/Lose/Push":"Win","Cory":"Bryce  ","JB Bet Amount":"$20","JB Win/Lose/Push":"Win","JB":"Bruce ","Ethan Bet Amount":"$5","Ethan Win/Lose/Push":"Loss","Ethan":"Gopher under ","Jaime Bet Amount":"20","Jaime Win/Lose/Push":"Loss","Jaime":"Tail Ethan ","Nathan Bet Amount":"","Nathan Win/Lose/Push":"","Nathan":"","Evan Bet Amount":"","Evan Win/Lose/Push":"","Evan":"","Brandon Bet Amount":"","Brandon Win/Lose/Push":"","Brandon":"","Total Team Bet":"$100.00","Legends Bet":null,"Leaders Bet":null,"To Win":null,"Payout":null,"TOTALS":null,"Mitch Totals":null,"Phil Totals":null,"Bryce Totals":null,"Cory Totals":null,"JB Totals":null,"Ethan Totals":null,"Jaime Totals":null,"Nate Totals":null,"Evan Totals":null,"Brandon Totals":null},{"Week":"15","Date":"11/29/24","Mitch Bet Amount":"$5","Mitch Win/Lose/Push":"Loss","Mitch":"Kansas ","Phil Bet Amount":"$20","Phil Win/Lose/Push":"Win","Phil":"Cory","Bryce Bet Amount":"$5","Bryce Win/Lose/Push":"Loss","Bryce":"Maryland ","Cory Bet Amount":"$5","Cory Win/Lose/Push":"Win","Cory":"Notre dame ","JB Bet Amount":"$5","JB Win/Lose/Push":"Loss","JB":"usf","Ethan Bet Amount":"$10","Ethan Win/Lose/Push":"Loss","Ethan":"Tennessee titans  ","Jaime Bet Amount":"25","Jaime Win/Lose/Push":"Win","Jaime":"Tail Cory","Nathan Bet Amount":"","Nathan Win/Lose/Push":"","Nathan":"","Evan Bet Amount":"","Evan Win/Lose/Push":"","Evan":"","Brandon Bet Amount":"","Brandon Win/Lose/Push":"","Brandon":"","Total Team Bet":"$75.00","Legends Bet":null,"Leaders Bet":null,"To Win":null,"Payout":null,"TOTALS":null,"Mitch Totals":null,"Phil Totals":null,"Bryce Totals":null,"Cory Totals":null,"JB Totals":null,"Ethan Totals":null,"Jaime Totals":null,"Nate Totals":null,"Evan Totals":null,"Brandon Totals":null},{"Week":"16","Date":"12/6/24","Mitch Bet Amount":"$10","Mitch Win/Lose/Push":"Loss","Mitch":"Miami (OH) ","Phil Bet Amount":"$5","Phil Win/Lose/Push":"Win","Phil":"Ethan ","Bryce Bet Amount":"$10","Bryce Win/Lose/Push":"Loss","Bryce":"Texas ","Cory Bet Amount":"$5","Cory Win/Lose/Push":"Loss","Cory":"Smu ","JB Bet Amount":"$10","JB Win/Lose/Push":"Win","JB":"ethan ","Ethan Bet Amount":"$15","Ethan Win/Lose/Push":"Win","Ethan":"QUACK ","Jaime Bet Amount":"5","Jaime Win/Lose/Push":"Win","Jaime":"Tampa Bay -6.5","Nathan Bet Amount":"","Nathan Win/Lose/Push":"","Nathan":"","Evan Bet Amount":"","Evan Win/Lose/Push":"","Evan":"","Brandon Bet Amount":"","Brandon Win/Lose/Push":"","Brandon":"","Total Team Bet":"$60.00","Legends Bet":null,"Leaders Bet":null,"To Win":null,"Payout":null,"TOTALS":null,"Mitch Totals":null,"Phil Totals":null,"Bryce Totals":null,"Cory Totals":null,"JB Totals":null,"Ethan Totals":null,"Jaime Totals":null,"Nate Totals":null,"Evan Totals":null,"Brandon Totals":null},{"Week":"17","Date":"12/13/24","Mitch Bet Amount":"$15","Mitch Win/Lose/Push":"Loss","Mitch":"Ethan ","Phil Bet Amount":"$5","Phil Win/Lose/Push":"Loss","Phil":"Army/navy Under ","Bryce Bet Amount":"$15","Bryce Win/Lose/Push":"Win","Bryce":"Vikings ","Cory Bet Amount":"$10","Cory Win/Lose/Push":"Win","Cory":"Unlv cover  ","JB Bet Amount":"$5","JB Win/Lose/Push":"Loss","JB":"Mississippi st ","Ethan Bet Amount":"$5","Ethan Win/Lose/Push":"Loss","Ethan":"Georgia southern ","Jaime Bet Amount":"5","Jaime Win/Lose/Push":"Loss","Jaime":"Jack St/SC St Over ","Nathan Bet Amount":"","Nathan Win/Lose/Push":"","Nathan":"","Evan Bet Amount":"","Evan Win/Lose/Push":"","Evan":"","Brandon Bet Amount":"","Brandon Win/Lose/Push":"","Brandon":"","Total Team Bet":"$60.00","Legends Bet":null,"Leaders Bet":null,"To Win":null,"Payout":null,"TOTALS":null,"Mitch Totals":null,"Phil Totals":null,"Bryce Totals":null,"Cory Totals":null,"JB Totals":null,"Ethan Totals":null,"Jaime Totals":null,"Nate Totals":null,"Evan Totals":null,"Brandon Totals":null},{"Week":"18","Date":"12/20/24","Mitch Bet Amount":"$20","Mitch Win/Lose/Push":"Loss","Mitch":"Cory","Phil Bet Amount":"$10","Phil Win/Lose/Push":"Loss","Phil":"Texas/Clemson Under","Bryce Bet Amount":"$5","Bryce Win/Lose/Push":"Win","Bryce":"lions","Cory Bet Amount":"$5","Cory Win/Lose/Push":"Loss","Cory":"Eagles","JB Bet Amount":"$10","JB Win/Lose/Push":"Loss","JB":"wild over ","Ethan Bet Amount":"$10","Ethan Win/Lose/Push":"Win","Ethan":"Texas","Jaime Bet Amount":"10","Jaime Win/Lose/Push":"Win","Jaime":"Colts Cover","Nathan Bet Amount":"","Nathan Win/Lose/Push":"","Nathan":"","Evan Bet Amount":"","Evan Win/Lose/Push":"","Evan":"","Brandon Bet Amount":"","Brandon Win/Lose/Push":"","Brandon":"","Total Team Bet":"$70.00","Legends Bet":null,"Leaders Bet":null,"To Win":null,"Payout":null,"TOTALS":null,"Mitch Totals":null,"Phil Totals":null,"Bryce Totals":null,"Cory Totals":null,"JB Totals":null,"Ethan Totals":null,"Jaime Totals":null,"Nate Totals":null,"Evan Totals":null,"Brandon Totals":null},{"Week":"19","Date":"12/27/24","Mitch Bet Amount":"$25","Mitch Win/Lose/Push":"Win","Mitch":"Ethan","Phil Bet Amount":"$15","Phil Win/Lose/Push":"Win","Phil":"Iowa State/Miami Over","Bryce Bet Amount":"$5","Bryce Win/Lose/Push":"Win","Bryce":"vikes","Cory Bet Amount":"$10","Cory Win/Lose/Push":"Win","Cory":"Det lions","JB Bet Amount":"$15","JB Win/Lose/Push":"Win","JB":"Penn St","Ethan Bet Amount":"$5","Ethan Win/Lose/Push":"Win","Ethan":"Gophers","Jaime Bet Amount":"5","Jaime Win/Lose/Push":"Loss","Jaime":"Panthers Cover","Nathan Bet Amount":"","Nathan Win/Lose/Push":"","Nathan":"","Evan Bet Amount":"","Evan Win/Lose/Push":"","Evan":"","Brandon Bet Amount":"","Brandon Win/Lose/Push":"","Brandon":"","Total Team Bet":"$80.00","Legends Bet":null,"Leaders Bet":null,"To Win":null,"Payout":null,"TOTALS":null,"Mitch Totals":null,"Phil Totals":null,"Bryce Totals":null,"Cory Totals":null,"JB Totals":null,"Ethan Totals":null,"Jaime Totals":null,"Nate Totals":null,"Evan Totals":null,"Brandon Totals":null},{"Week":"20","Date":"1/3/25","Mitch Bet Amount":"$5","Mitch Win/Lose/Push":"Win","Mitch":"Ethan","Phil Bet Amount":"$5","Phil Win/Lose/Push":"Win","Phil":"Buffalo -3 v Liberty","Bryce Bet Amount":"$5","Bryce Win/Lose/Push":"Loss","Bryce":"Vikings ","Cory Bet Amount":"$5","Cory Win/Lose/Push":"Loss","Cory":"Penn state","JB Bet Amount":"$5","JB Win/Lose/Push":"Win","JB":"chargers -4.5","Ethan Bet Amount":"$5","Ethan Win/Lose/Push":"Win","Ethan":"Osu","Jaime Bet Amount":"10","Jaime Win/Lose/Push":"Loss","Jaime":"OSU/Texas Over","Nathan Bet Amount":"","Nathan Win/Lose/Push":"","Nathan":"","Evan Bet Amount":"","Evan Win/Lose/Push":"","Evan":"","Brandon Bet Amount":"","Brandon Win/Lose/Push":"","Brandon":"","Total Team Bet":"$40.00","Legends Bet":null,"Leaders Bet":null,"To Win":null,"Payout":null,"TOTALS":null,"Mitch Totals":null,"Phil Totals":null,"Bryce Totals":null,"Cory Totals":null,"JB Totals":null,"Ethan Totals":null,"Jaime Totals":null,"Nate Totals":null,"Evan Totals":null,"Brandon Totals":null},{"Week":"21","Date":"1/10/25","Mitch Bet Amount":"$5","Mitch Win/Lose/Push":"Loss","Mitch":"Ethan","Phil Bet Amount":"$5","Phil Win/Lose/Push":"Win","Phil":"Pittsburgh/Baltimore Under","Bryce Bet Amount":"$10","Bryce Win/Lose/Push":"Loss","Bryce":"Vikings","Cory Bet Amount":"$10","Cory Win/Lose/Push":"Loss","Cory":"Chargers ","JB Bet Amount":"$5","JB Win/Lose/Push":"Win","JB":"Saint Mary's bball","Ethan Bet Amount":"$5","Ethan Win/Lose/Push":"Loss","Ethan":"Wolves under","Jaime Bet Amount":"15","Jaime Win/Lose/Push":"Loss","Jaime":"Packers Cover","Nathan Bet Amount":"","Nathan Win/Lose/Push":"","Nathan":"","Evan Bet Amount":"","Evan Win/Lose/Push":"","Evan":"","Brandon Bet Amount":"","Brandon Win/Lose/Push":"","Brandon":"","Total Team Bet":"$55.00","Legends Bet":null,"Leaders Bet":null,"To Win":null,"Payout":null,"TOTALS":null,"Mitch Totals":null,"Phil Totals":null,"Bryce Totals":null,"Cory Totals":null,"JB Totals":null,"Ethan Totals":null,"Jaime Totals":null,"Nate Totals":null,"Evan Totals":null,"Brandon Totals":null},{"Week":"22","Date":"1/17/25","Mitch Bet Amount":"$10","Mitch Win/Lose/Push":"Loss","Mitch":"Houston ","Phil Bet Amount":"$5","Phil Win/Lose/Push":"Win","Phil":"Alabama","Bryce Bet Amount":"$15","Bryce Win/Lose/Push":"Loss","Bryce":"Ravens","Cory Bet Amount":"$15","Cory Win/Lose/Push":"Push","Cory":"Eagles ","JB Bet Amount":"$5","JB Win/Lose/Push":"Win","JB":"Cleveland cavs","Ethan Bet Amount":"$10","Ethan Win/Lose/Push":"Win","Ethan":"Tail JB ","Jaime Bet Amount":"20","Jaime Win/Lose/Push":"Loss","Jaime":"Tail Bryce","Nathan Bet Amount":"","Nathan Win/Lose/Push":"","Nathan":"","Evan Bet Amount":"","Evan Win/Lose/Push":"","Evan":"","Brandon Bet Amount":"","Brandon Win/Lose/Push":"","Brandon":"","Total Team Bet":"$80.00","Legends Bet":null,"Leaders Bet":null,"To Win":null,"Payout":null,"TOTALS":null,"Mitch Totals":null,"Phil Totals":null,"Bryce Totals":null,"Cory Totals":null,"JB Totals":null,"Ethan Totals":null,"Jaime Totals":null,"Nate Totals":null,"Evan Totals":null,"Brandon Totals":null},{"Week":"23","Date":"1/24/25","Mitch Bet Amount":"$15","Mitch Win/Lose/Push":"Loss","Mitch":"Duke","Phil Bet Amount":"$5","Phil Win/Lose/Push":"Loss","Phil":"Kansas bball","Bryce Bet Amount":"$20","Bryce Win/Lose/Push":"Loss","Bryce":"Cory, I guess","Cory Bet Amount":"$15","Cory Win/Lose/Push":"Loss","Cory":"Gophers b ball to not cover ","JB Bet Amount":"$5","JB Win/Lose/Push":"Loss","JB":"Denver nuggets","Ethan Bet Amount":"$5","Ethan Win/Lose/Push":"Win","Ethan":"St Thomas","Jaime Bet Amount":"25","Jaime Win/Lose/Push":"Loss","Jaime":"Tail Phil","Nathan Bet Amount":"","Nathan Win/Lose/Push":"","Nathan":"","Evan Bet Amount":"","Evan Win/Lose/Push":"","Evan":"","Brandon Bet Amount":"","Brandon Win/Lose/Push":"","Brandon":"","Total Team Bet":"$90.00","Legends Bet":null,"Leaders Bet":null,"To Win":null,"Payout":null,"TOTALS":null,"Mitch Totals":null,"Phil Totals":null,"Bryce Totals":null,"Cory Totals":null,"JB Totals":null,"Ethan Totals":null,"Jaime Totals":null,"Nate Totals":null,"Evan Totals":null,"Brandon Totals":null},{"Week":"24","Date":"1/31/25","Mitch Bet Amount":"$20","Mitch Win/Lose/Push":"Win","Mitch":"Phil","Phil Bet Amount":"$10","Phil Win/Lose/Push":"Win","Phil":"Tennessee bball","Bryce Bet Amount":"$25","Bryce Win/Lose/Push":"Win","Bryce":"JB","Cory Bet Amount":"$20","Cory Win/Lose/Push":"Loss","Cory":"Ethan","JB Bet Amount":"$10","JB Win/Lose/Push":"Win","JB":"duke","Ethan Bet Amount":"$5","Ethan Win/Lose/Push":"Loss","Ethan":"Wolves over ","Jaime Bet Amount":"30","Jaime Win/Lose/Push":"Loss","Jaime":"Tail Ethan","Nathan Bet Amount":"","Nathan Win/Lose/Push":"","Nathan":"","Evan Bet Amount":"","Evan Win/Lose/Push":"","Evan":"","Brandon Bet Amount":"","Brandon Win/Lose/Push":"","Brandon":"","Total Team Bet":"$120.00","Legends Bet":null,"Leaders Bet":null,"To Win":null,"Payout":null,"TOTALS":null,"Mitch Totals":null,"Phil Totals":null,"Bryce Totals":null,"Cory Totals":null,"JB Totals":null,"Ethan Totals":null,"Jaime Totals":null,"Nate Totals":null,"Evan Totals":null,"Brandon Totals":null},{"Week":"25","Date":"2/7/25","Mitch Bet Amount":"$5","Mitch Win/Lose/Push":"Push","Mitch":"Michigan","Phil Bet Amount":"$5","Phil Win/Lose/Push":"Loss","Phil":"Mizzou","Bryce Bet Amount":"$5","Bryce Win/Lose/Push":"Loss","Bryce":"KC","Cory Bet Amount":"$25","Cory Win/Lose/Push":"Loss","Cory":"JB","JB Bet Amount":"$5","JB Win/Lose/Push":"Loss","JB":"Butler Under","Ethan Bet Amount":"$10","Ethan Win/Lose/Push":"Win","Ethan":"Creighton","Jaime Bet Amount":"35","Jaime Win/Lose/Push":"Push","Jaime":"Mitch","Nathan Bet Amount":"","Nathan Win/Lose/Push":"","Nathan":"","Evan Bet Amount":"","Evan Win/Lose/Push":"","Evan":"","Brandon Bet Amount":"","Brandon Win/Lose/Push":"","Brandon":"","Total Team Bet":"$90.00","Legends Bet":null,"Leaders Bet":null,"To Win":null,"Payout":null,"TOTALS":null,"Mitch Totals":null,"Phil Totals":null,"Bryce Totals":null,"Cory Totals":null,"JB Totals":null,"Ethan Totals":null,"Jaime Totals":null,"Nate Totals":null,"Evan Totals":null,"Brandon Totals":null},{"Week":"26","Date":"2/14/25","Mitch Bet Amount":"$5","Mitch Win/Lose/Push":"Win","Mitch":"Houston Cougars ","Phil Bet Amount":"$10","Phil Win/Lose/Push":"Win","Phil":"Wisconsin/purdue over ","Bryce Bet Amount":"$10","Bryce Win/Lose/Push":"Win","Bryce":"2 chances Scottie/aberg","Cory Bet Amount":"$30","Cory Win/Lose/Push":"Win","Cory":"Phil ","JB Bet Amount":"$10","JB Win/Lose/Push":"Win","JB":"Baylor over ","Ethan Bet Amount":"$5","Ethan Win/Lose/Push":"Loss","Ethan":"George mason -3.5 ","Jaime Bet Amount":"35","Jaime Win/Lose/Push":"Loss","Jaime":"Tail E ","Nathan Bet Amount":"","Nathan Win/Lose/Push":"","Nathan":"","Evan Bet Amount":"","Evan Win/Lose/Push":"","Evan":"","Brandon Bet Amount":"","Brandon Win/Lose/Push":"","Brandon":"","Total Team Bet":"$105.00","Legends Bet":null,"Leaders Bet":null,"To Win":null,"Payout":null,"TOTALS":null,"Mitch Totals":null,"Phil Totals":null,"Bryce Totals":null,"Cory Totals":null,"JB Totals":null,"Ethan Totals":null,"Jaime Totals":null,"Nate Totals":null,"Evan Totals":null,"Brandon Totals":null},{"Week":"27","Date":"2/21/25","Mitch Bet Amount":"$5","Mitch Win/Lose/Push":"Win","Mitch":"Florida","Phil Bet Amount":"$5","Phil Win/Lose/Push":"Win","Phil":"Alabama","Bryce Bet Amount":"$5","Bryce Win/Lose/Push":"Win","Bryce":"Iowa state","Cory Bet Amount":"$5","Cory Win/Lose/Push":"Win","Cory":"Duke","JB Bet Amount":"$5","JB Win/Lose/Push":"Win","JB":"Bama Under","Ethan Bet Amount":"$10","Ethan Win/Lose/Push":"Loss","Ethan":"Gophers","Jaime Bet Amount":"40","Jaime Win/Lose/Push":"Win","Jaime":"Cory ","Nathan Bet Amount":"","Nathan Win/Lose/Push":"","Nathan":"","Evan Bet Amount":"","Evan Win/Lose/Push":"","Evan":"","Brandon Bet Amount":"","Brandon Win/Lose/Push":"","Brandon":"","Total Team Bet":"$75.00","Legends Bet":null,"Leaders Bet":null,"To Win":null,"Payout":null,"TOTALS":null,"Mitch Totals":null,"Phil Totals":null,"Bryce Totals":null,"Cory Totals":null,"JB Totals":null,"Ethan Totals":null,"Jaime Totals":null,"Nate Totals":null,"Evan Totals":null,"Brandon Totals":null},{"Week":"28","Date":"2/28/25","Mitch Bet Amount":"$5","Mitch Win/Lose/Push":"Win","Mitch":"Clemson ","Phil Bet Amount":"$5","Phil Win/Lose/Push":"Loss","Phil":"Texas Tech/Kansas Under","Bryce Bet Amount":"$5","Bryce Win/Lose/Push":"Win","Bryce":"DUQUESNE","Cory Bet Amount":"$5","Cory Win/Lose/Push":"Loss","Cory":"Min woo lee over spieth","JB Bet Amount":"$5","JB Win/Lose/Push":"Win","JB":"wyoming ","Ethan Bet Amount":"$15","Ethan Win/Lose/Push":"Win","Ethan":"Wizards +4 ","Jaime Bet Amount":"5","Jaime Win/Lose/Push":"Win","Jaime":"Mitch","Nathan Bet Amount":"","Nathan Win/Lose/Push":"","Nathan":"","Evan Bet Amount":"","Evan Win/Lose/Push":"","Evan":"","Brandon Bet Amount":"","Brandon Win/Lose/Push":"","Brandon":"","Total Team Bet":"$45.00","Legends Bet":null,"Leaders Bet":null,"To Win":null,"Payout":null,"TOTALS":null,"Mitch Totals":null,"Phil Totals":null,"Bryce Totals":null,"Cory Totals":null,"JB Totals":null,"Ethan Totals":null,"Jaime Totals":null,"Nate Totals":null,"Evan Totals":null,"Brandon Totals":null},{"Week":"29","Date":"3/7/25","Mitch Bet Amount":"$5","Mitch Win/Lose/Push":"Win","Mitch":"Texas AM","Phil Bet Amount":"$10","Phil Win/Lose/Push":"Loss","Phil":"Marquette","Bryce Bet Amount":"$5","Bryce Win/Lose/Push":"Win","Bryce":"Brunno Ferreira ","Cory Bet Amount":"$10","Cory Win/Lose/Push":"Loss","Cory":"Ethan ","JB Bet Amount":"$5","JB Win/Lose/Push":"Loss","JB":"phil","Ethan Bet Amount":"$5","Ethan Win/Lose/Push":"Loss","Ethan":"Georgetown under","Jaime Bet Amount":"5","Jaime Win/Lose/Push":"Loss","Jaime":"Houston","Nathan Bet Amount":"","Nathan Win/Lose/Push":"","Nathan":"","Evan Bet Amount":"","Evan Win/Lose/Push":"","Evan":"","Brandon Bet Amount":"","Brandon Win/Lose/Push":"","Brandon":"","Total Team Bet":"$45.00","Legends Bet":null,"Leaders Bet":null,"To Win":null,"Payout":null,"TOTALS":null,"Mitch Totals":null,"Phil Totals":null,"Bryce Totals":null,"Cory Totals":null,"JB Totals":null,"Ethan Totals":null,"Jaime Totals":null,"Nate Totals":null,"Evan Totals":null,"Brandon Totals":null},{"Week":"30","Date":"3/14/25","Mitch Bet Amount":"$5","Mitch Win/Lose/Push":"Win","Mitch":"St. John's ","Phil Bet Amount":"$15","Phil Win/Lose/Push":"Loss","Phil":"Tulane Memphis Under","Bryce Bet Amount":"$5","Bryce Win/Lose/Push":"Win","Bryce":"Manitoba Moose","Cory Bet Amount":"$15","Cory Win/Lose/Push":"Loss","Cory":"JB","JB Bet Amount":"$10","JB Win/Lose/Push":"Loss","JB":"Akron ","Ethan Bet Amount":"$10","Ethan Win/Lose/Push":"Loss","Ethan":"Michigan under","Jaime Bet Amount":"10","Jaime Win/Lose/Push":"Win","Jaime":"Colorado State","Nathan Bet Amount":"","Nathan Win/Lose/Push":"","Nathan":"","Evan Bet Amount":"","Evan Win/Lose/Push":"","Evan":"","Brandon Bet Amount":"","Brandon Win/Lose/Push":"","Brandon":"","Total Team Bet":"$70.00","Legends Bet":null,"Leaders Bet":null,"To Win":null,"Payout":null,"TOTALS":null,"Mitch Totals":null,"Phil Totals":null,"Bryce Totals":null,"Cory Totals":null,"JB Totals":null,"Ethan Totals":null,"Jaime Totals":null,"Nate Totals":null,"Evan Totals":null,"Brandon Totals":null},{"Week":"31","Date":"3/21/25","Mitch Bet Amount":"$5","Mitch Win/Lose/Push":"Loss","Mitch":"Florida men's basketball to cover the spread","Phil Bet Amount":"$20","Phil Win/Lose/Push":"Loss","Phil":"Mitch","Bryce Bet Amount":"$5","Bryce Win/Lose/Push":"Win","Bryce":"PAULA BADOSA","Cory Bet Amount":"$20","Cory Win/Lose/Push":"Loss","Cory":"Mitch","JB Bet Amount":"$15","JB Win/Lose/Push":"Win","JB":"tennessee","Ethan Bet Amount":"$15","Ethan Win/Lose/Push":"Loss","Ethan":"Iowa St","Jaime Bet Amount":"5","Jaime Win/Lose/Push":"Loss","Jaime":"Wisconsin","Nathan Bet Amount":"","Nathan Win/Lose/Push":"","Nathan":"","Evan Bet Amount":"","Evan Win/Lose/Push":"","Evan":"","Brandon Bet Amount":"","Brandon Win/Lose/Push":"","Brandon":"","Total Team Bet":"$85.00","Legends Bet":null,"Leaders Bet":null,"To Win":null,"Payout":null,"TOTALS":null,"Mitch Totals":null,"Phil Totals":null,"Bryce Totals":null,"Cory Totals":null,"JB Totals":null,"Ethan Totals":null,"Jaime Totals":null,"Nate Totals":null,"Evan Totals":null,"Brandon Totals":null},{"Week":"32","Date":"03/28/2025","Mitch Bet Amount":"$10","Mitch Win/Lose/Push":"","Mitch":"","Phil Bet Amount":"$25","Phil Win/Lose/Push":"","Phil":"","Bryce Bet Amount":"$5","Bryce Win/Lose/Push":"","Bryce":"","Cory Bet Amount":"$25","Cory Win/Lose/Push":"","Cory":"","JB Bet Amount":"$5","JB Win/Lose/Push":"","JB":"","Ethan Bet Amount":"$20","Ethan Win/Lose/Push":"","Ethan":"","Jaime Bet Amount":"$10","Jaime Win/Lose/Push":null,"Jaime":null,"Nathan Bet Amount":null,"Nathan Win/Lose/Push":null,"Nathan":null,"Evan Bet Amount":null,"Evan Win/Lose/Push":null,"Evan":null,"Brandon Bet Amount":null,"Brandon Win/Lose/Push":null,"Brandon":null,"Total Team Bet":null,"Legends Bet":null,"Leaders Bet":null,"To Win":null,"Payout":null,"TOTALS":null,"Mitch Totals":null,"Phil Totals":null,"Bryce Totals":null,"Cory Totals":null,"JB Totals":null,"Ethan Totals":null,"Jaime Totals":null,"Nate Totals":null,"Evan Totals":null,"Brandon Totals":null},{"Week":"33","Date":"04/04/2025","Mitch Bet Amount":null,"Mitch Win/Lose/Push":null,"Mitch":null,"Phil Bet Amount":null,"Phil Win/Lose/Push":null,"Phil":null,"Bryce Bet Amount":null,"Bryce Win/Lose/Push":null,"Bryce":null,"Cory Bet Amount":null,"Cory Win/Lose/Push":null,"Cory":null,"JB Bet Amount":null,"JB Win/Lose/Push":null,"JB":null,"Ethan Bet Amount":null,"Ethan Win/Lose/Push":null,"Ethan":null,"Jaime Bet Amount":null,"Jaime Win/Lose/Push":null,"Jaime":null,"Nathan Bet Amount":null,"Nathan Win/Lose/Push":null,"Nathan":null,"Evan Bet Amount":null,"Evan Win/Lose/Push":null,"Evan":null,"Brandon Bet Amount":null,"Brandon Win/Lose/Push":null,"Brandon":null,"Total Team Bet":null,"Legends Bet":null,"Leaders Bet":null,"To Win":null,"Payout":null,"TOTALS":null,"Mitch Totals":null,"Phil Totals":null,"Bryce Totals":null,"Cory Totals":null,"JB Totals":null,"Ethan Totals":null,"Jaime Totals":null,"Nate Totals":null,"Evan Totals":null,"Brandon Totals":null},{"Week":"34","Date":"04/11/2025","Mitch Bet Amount":null,"Mitch Win/Lose/Push":null,"Mitch":null,"Phil Bet Amount":null,"Phil Win/Lose/Push":null,"Phil":null,"Bryce Bet Amount":null,"Bryce Win/Lose/Push":null,"Bryce":null,"Cory Bet Amount":null,"Cory Win/Lose/Push":null,"Cory":null,"JB Bet Amount":null,"JB Win/Lose/Push":null,"JB":null,"Ethan Bet Amount":null,"Ethan Win/Lose/Push":null,"Ethan":null,"Jaime Bet Amount":null,"Jaime Win/Lose/Push":null,"Jaime":null,"Nathan Bet Amount":null,"Nathan Win/Lose/Push":null,"Nathan":null,"Evan Bet Amount":null,"Evan Win/Lose/Push":null,"Evan":null,"Brandon Bet Amount":null,"Brandon Win/Lose/Push":null,"Brandon":null,"Total Team Bet":null,"Legends Bet":null,"Leaders Bet":null,"To Win":null,"Payout":null,"TOTALS":null,"Mitch Totals":null,"Phil Totals":null,"Bryce Totals":null,"Cory Totals":null,"JB Totals":null,"Ethan Totals":null,"Jaime Totals":null,"Nate Totals":null,"Evan Totals":null,"Brandon Totals":null},{"Week":"35","Date":"04/18/2025","Mitch Bet Amount":null,"Mitch Win/Lose/Push":null,"Mitch":null,"Phil Bet Amount":null,"Phil Win/Lose/Push":null,"Phil":null,"Bryce Bet Amount":null,"Bryce Win/Lose/Push":null,"Bryce":null,"Cory Bet Amount":null,"Cory Win/Lose/Push":null,"Cory":null,"JB Bet Amount":null,"JB Win/Lose/Push":null,"JB":null,"Ethan Bet Amount":null,"Ethan Win/Lose/Push":null,"Ethan":null,"Jaime Bet Amount":null,"Jaime Win/Lose/Push":null,"Jaime":null,"Nathan Bet Amount":null,"Nathan Win/Lose/Push":null,"Nathan":null,"Evan Bet Amount":null,"Evan Win/Lose/Push":null,"Evan":null,"Brandon Bet Amount":null,"Brandon Win/Lose/Push":null,"Brandon":null,"Total Team Bet":null,"Legends Bet":null,"Leaders Bet":null,"To Win":null,"Payout":null,"TOTALS":null,"Mitch Totals":null,"Phil Totals":null,"Bryce Totals":null,"Cory Totals":null,"JB Totals":null,"Ethan Totals":null,"Jaime Totals":null,"Nate Totals":null,"Evan Totals":null,"Brandon Totals":null},{"Week":"36","Date":"04/25/2025","Mitch Bet Amount":null,"Mitch Win/Lose/Push":null,"Mitch":null,"Phil Bet Amount":null,"Phil Win/Lose/Push":null,"Phil":null,"Bryce Bet Amount":null,"Bryce Win/Lose/Push":null,"Bryce":null,"Cory Bet Amount":null,"Cory Win/Lose/Push":null,"Cory":null,"JB Bet Amount":null,"JB Win/Lose/Push":null,"JB":null,"Ethan Bet Amount":null,"Ethan Win/Lose/Push":null,"Ethan":null,"Jaime Bet Amount":null,"Jaime Win/Lose/Push":null,"Jaime":null,"Nathan Bet Amount":null,"Nathan Win/Lose/Push":null,"Nathan":null,"Evan Bet Amount":null,"Evan Win/Lose/Push":null,"Evan":null,"Brandon Bet Amount":null,"Brandon Win/Lose/Push":null,"Brandon":null,"Total Team Bet":null,"Legends Bet":null,"Leaders Bet":null,"To Win":null,"Payout":null,"TOTALS":null,"Mitch Totals":null,"Phil Totals":null,"Bryce Totals":null,"Cory Totals":null,"JB Totals":null,"Ethan Totals":null,"Jaime Totals":null,"Nate Totals":null,"Evan Totals":null,"Brandon Totals":null},{"Week":"37","Date":"05/02/2025","Mitch Bet Amount":null,"Mitch Win/Lose/Push":null,"Mitch":null,"Phil Bet Amount":null,"Phil Win/Lose/Push":null,"Phil":null,"Bryce Bet Amount":null,"Bryce Win/Lose/Push":null,"Bryce":null,"Cory Bet Amount":null,"Cory Win/Lose/Push":null,"Cory":null,"JB Bet Amount":null,"JB Win/Lose/Push":null,"JB":null,"Ethan Bet Amount":null,"Ethan Win/Lose/Push":null,"Ethan":null,"Jaime Bet Amount":null,"Jaime Win/Lose/Push":null,"Jaime":null,"Nathan Bet Amount":null,"Nathan Win/Lose/Push":null,"Nathan":null,"Evan Bet Amount":null,"Evan Win/Lose/Push":null,"Evan":null,"Brandon Bet Amount":null,"Brandon Win/Lose/Push":null,"Brandon":null,"Total Team Bet":null,"Legends Bet":null,"Leaders Bet":null,"To Win":null,"Payout":null,"TOTALS":null,"Mitch Totals":null,"Phil Totals":null,"Bryce Totals":null,"Cory Totals":null,"JB Totals":null,"Ethan Totals":null,"Jaime Totals":null,"Nate Totals":null,"Evan Totals":null,"Brandon Totals":null},{"Week":"38","Date":"05/09/2025","Mitch Bet Amount":null,"Mitch Win/Lose/Push":null,"Mitch":null,"Phil Bet Amount":null,"Phil Win/Lose/Push":null,"Phil":null,"Bryce Bet Amount":null,"Bryce Win/Lose/Push":null,"Bryce":null,"Cory Bet Amount":null,"Cory Win/Lose/Push":null,"Cory":null,"JB Bet Amount":null,"JB Win/Lose/Push":null,"JB":null,"Ethan Bet Amount":null,"Ethan Win/Lose/Push":null,"Ethan":null,"Jaime Bet Amount":null,"Jaime Win/Lose/Push":null,"Jaime":null,"Nathan Bet Amount":null,"Nathan Win/Lose/Push":null,"Nathan":null,"Evan Bet Amount":null,"Evan Win/Lose/Push":null,"Evan":null,"Brandon Bet Amount":null,"Brandon Win/Lose/Push":null,"Brandon":null,"Total Team Bet":null,"Legends Bet":null,"Leaders Bet":null,"To Win":null,"Payout":null,"TOTALS":null,"Mitch Totals":null,"Phil Totals":null,"Bryce Totals":null,"Cory Totals":null,"JB Totals":null,"Ethan Totals":null,"Jaime Totals":null,"Nate Totals":null,"Evan Totals":null,"Brandon Totals":null},{"Week":"39","Date":"05/16/2025","Mitch Bet Amount":null,"Mitch Win/Lose/Push":null,"Mitch":null,"Phil Bet Amount":null,"Phil Win/Lose/Push":null,"Phil":null,"Bryce Bet Amount":null,"Bryce Win/Lose/Push":null,"Bryce":null,"Cory Bet Amount":null,"Cory Win/Lose/Push":null,"Cory":null,"JB Bet Amount":null,"JB Win/Lose/Push":null,"JB":null,"Ethan Bet Amount":null,"Ethan Win/Lose/Push":null,"Ethan":null,"Jaime Bet Amount":null,"Jaime Win/Lose/Push":null,"Jaime":null,"Nathan Bet Amount":null,"Nathan Win/Lose/Push":null,"Nathan":null,"Evan Bet Amount":null,"Evan Win/Lose/Push":null,"Evan":null,"Brandon Bet Amount":null,"Brandon Win/Lose/Push":null,"Brandon":null,"Total Team Bet":null,"Legends Bet":null,"Leaders Bet":null,"To Win":null,"Payout":null,"TOTALS":null,"Mitch Totals":null,"Phil Totals":null,"Bryce Totals":null,"Cory Totals":null,"JB Totals":null,"Ethan Totals":null,"Jaime Totals":null,"Nate Totals":null,"Evan Totals":null,"Brandon Totals":null},{"Week":"40","Date":"05/23/2025","Mitch Bet Amount":null,"Mitch Win/Lose/Push":null,"Mitch":null,"Phil Bet Amount":null,"Phil Win/Lose/Push":null,"Phil":null,"Bryce Bet Amount":null,"Bryce Win/Lose/Push":null,"Bryce":null,"Cory Bet Amount":null,"Cory Win/Lose/Push":null,"Cory":null,"JB Bet Amount":null,"JB Win/Lose/Push":null,"JB":null,"Ethan Bet Amount":null,"Ethan Win/Lose/Push":null,"Ethan":null,"Jaime Bet Amount":null,"Jaime Win/Lose/Push":null,"Jaime":null,"Nathan Bet Amount":null,"Nathan Win/Lose/Push":null,"Nathan":null,"Evan Bet Amount":null,"Evan Win/Lose/Push":null,"Evan":null,"Brandon Bet Amount":null,"Brandon Win/Lose/Push":null,"Brandon":null,"Total Team Bet":null,"Legends Bet":null,"Leaders Bet":null,"To Win":null,"Payout":null,"TOTALS":null,"Mitch Totals":null,"Phil Totals":null,"Bryce Totals":null,"Cory Totals":null,"JB Totals":null,"Ethan Totals":null,"Jaime Totals":null,"Nate Totals":null,"Evan Totals":null,"Brandon Totals":null},{"Week":"41","Date":"05/30/2025","Mitch Bet Amount":null,"Mitch Win/Lose/Push":null,"Mitch":null,"Phil Bet Amount":null,"Phil Win/Lose/Push":null,"Phil":null,"Bryce Bet Amount":null,"Bryce Win/Lose/Push":null,"Bryce":null,"Cory Bet Amount":null,"Cory Win/Lose/Push":null,"Cory":null,"JB Bet Amount":null,"JB Win/Lose/Push":null,"JB":null,"Ethan Bet Amount":null,"Ethan Win/Lose/Push":null,"Ethan":null,"Jaime Bet Amount":null,"Jaime Win/Lose/Push":null,"Jaime":null,"Nathan Bet Amount":null,"Nathan Win/Lose/Push":null,"Nathan":null,"Evan Bet Amount":null,"Evan Win/Lose/Push":null,"Evan":null,"Brandon Bet Amount":null,"Brandon Win/Lose/Push":null,"Brandon":null,"Total Team Bet":null,"Legends Bet":null,"Leaders Bet":null,"To Win":null,"Payout":null,"TOTALS":null,"Mitch Totals":null,"Phil Totals":null,"Bryce Totals":null,"Cory Totals":null,"JB Totals":null,"Ethan Totals":null,"Jaime Totals":null,"Nate Totals":null,"Evan Totals":null,"Brandon Totals":null},{"Week":"42","Date":"06/06/2025","Mitch Bet Amount":null,"Mitch Win/Lose/Push":null,"Mitch":null,"Phil Bet Amount":null,"Phil Win/Lose/Push":null,"Phil":null,"Bryce Bet Amount":null,"Bryce Win/Lose/Push":null,"Bryce":null,"Cory Bet Amount":null,"Cory Win/Lose/Push":null,"Cory":null,"JB Bet Amount":null,"JB Win/Lose/Push":null,"JB":null,"Ethan Bet Amount":null,"Ethan Win/Lose/Push":null,"Ethan":null,"Jaime Bet Amount":null,"Jaime Win/Lose/Push":null,"Jaime":null,"Nathan Bet Amount":null,"Nathan Win/Lose/Push":null,"Nathan":null,"Evan Bet Amount":null,"Evan Win/Lose/Push":null,"Evan":null,"Brandon Bet Amount":null,"Brandon Win/Lose/Push":null,"Brandon":null,"Total Team Bet":null,"Legends Bet":null,"Leaders Bet":null,"To Win":null,"Payout":null,"TOTALS":null,"Mitch Totals":null,"Phil Totals":null,"Bryce Totals":null,"Cory Totals":null,"JB Totals":null,"Ethan Totals":null,"Jaime Totals":null,"Nate Totals":null,"Evan Totals":null,"Brandon Totals":null},{"Week":"43","Date":"06/13/2025","Mitch Bet Amount":null,"Mitch Win/Lose/Push":null,"Mitch":null,"Phil Bet Amount":null,"Phil Win/Lose/Push":null,"Phil":null,"Bryce Bet Amount":null,"Bryce Win/Lose/Push":null,"Bryce":null,"Cory Bet Amount":null,"Cory Win/Lose/Push":null,"Cory":null,"JB Bet Amount":null,"JB Win/Lose/Push":null,"JB":null,"Ethan Bet Amount":null,"Ethan Win/Lose/Push":null,"Ethan":null,"Jaime Bet Amount":null,"Jaime Win/Lose/Push":null,"Jaime":null,"Nathan Bet Amount":null,"Nathan Win/Lose/Push":null,"Nathan":null,"Evan Bet Amount":null,"Evan Win/Lose/Push":null,"Evan":null,"Brandon Bet Amount":null,"Brandon Win/Lose/Push":null,"Brandon":null,"Total Team Bet":null,"Legends Bet":null,"Leaders Bet":null,"To Win":null,"Payout":null,"TOTALS":null,"Mitch Totals":null,"Phil Totals":null,"Bryce Totals":null,"Cory Totals":null,"JB Totals":null,"Ethan Totals":null,"Jaime Totals":null,"Nate Totals":null,"Evan Totals":null,"Brandon Totals":null},{"Week":"44","Date":"06/20/2025","Mitch Bet Amount":null,"Mitch Win/Lose/Push":null,"Mitch":null,"Phil Bet Amount":null,"Phil Win/Lose/Push":null,"Phil":null,"Bryce Bet Amount":null,"Bryce Win/Lose/Push":null,"Bryce":null,"Cory Bet Amount":null,"Cory Win/Lose/Push":null,"Cory":null,"JB Bet Amount":null,"JB Win/Lose/Push":null,"JB":null,"Ethan Bet Amount":null,"Ethan Win/Lose/Push":null,"Ethan":null,"Jaime Bet Amount":null,"Jaime Win/Lose/Push":null,"Jaime":null,"Nathan Bet Amount":null,"Nathan Win/Lose/Push":null,"Nathan":null,"Evan Bet Amount":null,"Evan Win/Lose/Push":null,"Evan":null,"Brandon Bet Amount":null,"Brandon Win/Lose/Push":null,"Brandon":null,"Total Team Bet":null,"Legends Bet":null,"Leaders Bet":null,"To Win":null,"Payout":null,"TOTALS":null,"Mitch Totals":null,"Phil Totals":null,"Bryce Totals":null,"Cory Totals":null,"JB Totals":null,"Ethan Totals":null,"Jaime Totals":null,"Nate Totals":null,"Evan Totals":null,"Brandon Totals":null},{"Week":"45","Date":"06/27/2025","Mitch Bet Amount":null,"Mitch Win/Lose/Push":null,"Mitch":null,"Phil Bet Amount":null,"Phil Win/Lose/Push":null,"Phil":null,"Bryce Bet Amount":null,"Bryce Win/Lose/Push":null,"Bryce":null,"Cory Bet Amount":null,"Cory Win/Lose/Push":null,"Cory":null,"JB Bet Amount":null,"JB Win/Lose/Push":null,"JB":null,"Ethan Bet Amount":null,"Ethan Win/Lose/Push":null,"Ethan":null,"Jaime Bet Amount":null,"Jaime Win/Lose/Push":null,"Jaime":null,"Nathan Bet Amount":null,"Nathan Win/Lose/Push":null,"Nathan":null,"Evan Bet Amount":null,"Evan Win/Lose/Push":null,"Evan":null,"Brandon Bet Amount":null,"Brandon Win/Lose/Push":null,"Brandon":null,"Total Team Bet":null,"Legends Bet":null,"Leaders Bet":null,"To Win":null,"Payout":null,"TOTALS":null,"Mitch Totals":null,"Phil Totals":null,"Bryce Totals":null,"Cory Totals":null,"JB Totals":null,"Ethan Totals":null,"Jaime Totals":null,"Nate Totals":null,"Evan Totals":null,"Brandon Totals":null},{"Week":"46","Date":"07/04/2025","Mitch Bet Amount":null,"Mitch Win/Lose/Push":null,"Mitch":null,"Phil Bet Amount":null,"Phil Win/Lose/Push":null,"Phil":null,"Bryce Bet Amount":null,"Bryce Win/Lose/Push":null,"Bryce":null,"Cory Bet Amount":null,"Cory Win/Lose/Push":null,"Cory":null,"JB Bet Amount":null,"JB Win/Lose/Push":null,"JB":null,"Ethan Bet Amount":null,"Ethan Win/Lose/Push":null,"Ethan":null,"Jaime Bet Amount":null,"Jaime Win/Lose/Push":null,"Jaime":null,"Nathan Bet Amount":null,"Nathan Win/Lose/Push":null,"Nathan":null,"Evan Bet Amount":null,"Evan Win/Lose/Push":null,"Evan":null,"Brandon Bet Amount":null,"Brandon Win/Lose/Push":null,"Brandon":null,"Total Team Bet":null,"Legends Bet":null,"Leaders Bet":null,"To Win":null,"Payout":null,"TOTALS":null,"Mitch Totals":null,"Phil Totals":null,"Bryce Totals":null,"Cory Totals":null,"JB Totals":null,"Ethan Totals":null,"Jaime Totals":null,"Nate Totals":null,"Evan Totals":null,"Brandon Totals":null},{"Week":"47","Date":"07/11/2025","Mitch Bet Amount":null,"Mitch Win/Lose/Push":null,"Mitch":null,"Phil Bet Amount":null,"Phil Win/Lose/Push":null,"Phil":null,"Bryce Bet Amount":null,"Bryce Win/Lose/Push":null,"Bryce":null,"Cory Bet Amount":null,"Cory Win/Lose/Push":null,"Cory":null,"JB Bet Amount":null,"JB Win/Lose/Push":null,"JB":null,"Ethan Bet Amount":null,"Ethan Win/Lose/Push":null,"Ethan":null,"Jaime Bet Amount":null,"Jaime Win/Lose/Push":null,"Jaime":null,"Nathan Bet Amount":null,"Nathan Win/Lose/Push":null,"Nathan":null,"Evan Bet Amount":null,"Evan Win/Lose/Push":null,"Evan":null,"Brandon Bet Amount":null,"Brandon Win/Lose/Push":null,"Brandon":null,"Total Team Bet":null,"Legends Bet":null,"Leaders Bet":null,"To Win":null,"Payout":null,"TOTALS":null,"Mitch Totals":null,"Phil Totals":null,"Bryce Totals":null,"Cory Totals":null,"JB Totals":null,"Ethan Totals":null,"Jaime Totals":null,"Nate Totals":null,"Evan Totals":null,"Brandon Totals":null},{"Week":"48","Date":"07/18/2025","Mitch Bet Amount":null,"Mitch Win/Lose/Push":null,"Mitch":null,"Phil Bet Amount":null,"Phil Win/Lose/Push":null,"Phil":null,"Bryce Bet Amount":null,"Bryce Win/Lose/Push":null,"Bryce":null,"Cory Bet Amount":null,"Cory Win/Lose/Push":null,"Cory":null,"JB Bet Amount":null,"JB Win/Lose/Push":null,"JB":null,"Ethan Bet Amount":null,"Ethan Win/Lose/Push":null,"Ethan":null,"Jaime Bet Amount":null,"Jaime Win/Lose/Push":null,"Jaime":null,"Nathan Bet Amount":null,"Nathan Win/Lose/Push":null,"Nathan":null,"Evan Bet Amount":null,"Evan Win/Lose/Push":null,"Evan":null,"Brandon Bet Amount":null,"Brandon Win/Lose/Push":null,"Brandon":null,"Total Team Bet":null,"Legends Bet":null,"Leaders Bet":null,"To Win":null,"Payout":null,"TOTALS":null,"Mitch Totals":null,"Phil Totals":null,"Bryce Totals":null,"Cory Totals":null,"JB Totals":null,"Ethan Totals":null,"Jaime Totals":null,"Nate Totals":null,"Evan Totals":null,"Brandon Totals":null},{"Week":"49","Date":"07/25/2025","Mitch Bet Amount":null,"Mitch Win/Lose/Push":null,"Mitch":null,"Phil Bet Amount":null,"Phil Win/Lose/Push":null,"Phil":null,"Bryce Bet Amount":null,"Bryce Win/Lose/Push":null,"Bryce":null,"Cory Bet Amount":null,"Cory Win/Lose/Push":null,"Cory":null,"JB Bet Amount":null,"JB Win/Lose/Push":null,"JB":null,"Ethan Bet Amount":null,"Ethan Win/Lose/Push":null,"Ethan":null,"Jaime Bet Amount":null,"Jaime Win/Lose/Push":null,"Jaime":null,"Nathan Bet Amount":null,"Nathan Win/Lose/Push":null,"Nathan":null,"Evan Bet Amount":null,"Evan Win/Lose/Push":null,"Evan":null,"Brandon Bet Amount":null,"Brandon Win/Lose/Push":null,"Brandon":null,"Total Team Bet":null,"Legends Bet":null,"Leaders Bet":null,"To Win":null,"Payout":null,"TOTALS":null,"Mitch Totals":null,"Phil Totals":null,"Bryce Totals":null,"Cory Totals":null,"JB Totals":null,"Ethan Totals":null,"Jaime Totals":null,"Nate Totals":null,"Evan Totals":null,"Brandon Totals":null},{"Week":"50","Date":"08/01/2025","Mitch Bet Amount":null,"Mitch Win/Lose/Push":null,"Mitch":null,"Phil Bet Amount":null,"Phil Win/Lose/Push":null,"Phil":null,"Bryce Bet Amount":null,"Bryce Win/Lose/Push":null,"Bryce":null,"Cory Bet Amount":null,"Cory Win/Lose/Push":null,"Cory":null,"JB Bet Amount":null,"JB Win/Lose/Push":null,"JB":null,"Ethan Bet Amount":null,"Ethan Win/Lose/Push":null,"Ethan":null,"Jaime Bet Amount":null,"Jaime Win/Lose/Push":null,"Jaime":null,"Nathan Bet Amount":null,"Nathan Win/Lose/Push":null,"Nathan":null,"Evan Bet Amount":null,"Evan Win/Lose/Push":null,"Evan":null,"Brandon Bet Amount":null,"Brandon Win/Lose/Push":null,"Brandon":null,"Total Team Bet":null,"Legends Bet":null,"Leaders Bet":null,"To Win":null,"Payout":null,"TOTALS":null,"Mitch Totals":null,"Phil Totals":null,"Bryce Totals":null,"Cory Totals":null,"JB Totals":null,"Ethan Totals":null,"Jaime Totals":null,"Nate Totals":null,"Evan Totals":null,"Brandon Totals":null},{"Week":"51","Date":"08/08/2025","Mitch Bet Amount":null,"Mitch Win/Lose/Push":null,"Mitch":null,"Phil Bet Amount":null,"Phil Win/Lose/Push":null,"Phil":null,"Bryce Bet Amount":null,"Bryce Win/Lose/Push":null,"Bryce":null,"Cory Bet Amount":null,"Cory Win/Lose/Push":null,"Cory":null,"JB Bet Amount":null,"JB Win/Lose/Push":null,"JB":null,"Ethan Bet Amount":null,"Ethan Win/Lose/Push":null,"Ethan":null,"Jaime Bet Amount":null,"Jaime Win/Lose/Push":null,"Jaime":null,"Nathan Bet Amount":null,"Nathan Win/Lose/Push":null,"Nathan":null,"Evan Bet Amount":null,"Evan Win/Lose/Push":null,"Evan":null,"Brandon Bet Amount":null,"Brandon Win/Lose/Push":null,"Brandon":null,"Total Team Bet":null,"Legends Bet":null,"Leaders Bet":null,"To Win":null,"Payout":null,"TOTALS":null,"Mitch Totals":null,"Phil Totals":null,"Bryce Totals":null,"Cory Totals":null,"JB Totals":null,"Ethan Totals":null,"Jaime Totals":null,"Nate Totals":null,"Evan Totals":null,"Brandon Totals":null},{"Week":"52","Date":"08/15/2025","Mitch Bet Amount":null,"Mitch Win/Lose/Push":null,"Mitch":null,"Phil Bet Amount":null,"Phil Win/Lose/Push":null,"Phil":null,"Bryce Bet Amount":null,"Bryce Win/Lose/Push":null,"Bryce":null,"Cory Bet Amount":null,"Cory Win/Lose/Push":null,"Cory":null,"JB Bet Amount":null,"JB Win/Lose/Push":null,"JB":null,"Ethan Bet Amount":null,"Ethan Win/Lose/Push":null,"Ethan":null,"Jaime Bet Amount":null,"Jaime Win/Lose/Push":null,"Jaime":null,"Nathan Bet Amount":null,"Nathan Win/Lose/Push":null,"Nathan":null,"Evan Bet Amount":null,"Evan Win/Lose/Push":null,"Evan":null,"Brandon Bet Amount":null,"Brandon Win/Lose/Push":null,"Brandon":null,"Total Team Bet":null,"Legends Bet":null,"Leaders Bet":null,"To Win":null,"Payout":null,"TOTALS":null,"Mitch Totals":null,"Phil Totals":null,"Bryce Totals":null,"Cory Totals":null,"JB Totals":null,"Ethan Totals":null,"Jaime Totals":null,"Nate Totals":null,"Evan Totals":null,"Brandon Totals":null},{"Week":"53","Date":"08/22/2025","Mitch Bet Amount":null,"Mitch Win/Lose/Push":null,"Mitch":null,"Phil Bet Amount":null,"Phil Win/Lose/Push":null,"Phil":null,"Bryce Bet Amount":null,"Bryce Win/Lose/Push":null,"Bryce":null,"Cory Bet Amount":null,"Cory Win/Lose/Push":null,"Cory":null,"JB Bet Amount":null,"JB Win/Lose/Push":null,"JB":null,"Ethan Bet Amount":null,"Ethan Win/Lose/Push":null,"Ethan":null,"Jaime Bet Amount":null,"Jaime Win/Lose/Push":null,"Jaime":null,"Nathan Bet Amount":null,"Nathan Win/Lose/Push":null,"Nathan":null,"Evan Bet Amount":null,"Evan Win/Lose/Push":null,"Evan":null,"Brandon Bet Amount":null,"Brandon Win/Lose/Push":null,"Brandon":null,"Total Team Bet":null,"Legends Bet":null,"Leaders Bet":null,"To Win":null,"Payout":null,"TOTALS":null,"Mitch Totals":null,"Phil Totals":null,"Bryce Totals":null,"Cory Totals":null,"JB Totals":null,"Ethan Totals":null,"Jaime Totals":null,"Nate Totals":null,"Evan Totals":null,"Brandon Totals":null},{"Week":"54","Date":"08/29/2025","Mitch Bet Amount":null,"Mitch Win/Lose/Push":null,"Mitch":null,"Phil Bet Amount":null,"Phil Win/Lose/Push":null,"Phil":null,"Bryce Bet Amount":null,"Bryce Win/Lose/Push":null,"Bryce":null,"Cory Bet Amount":null,"Cory Win/Lose/Push":null,"Cory":null,"JB Bet Amount":null,"JB Win/Lose/Push":null,"JB":null,"Ethan Bet Amount":null,"Ethan Win/Lose/Push":null,"Ethan":null,"Jaime Bet Amount":null,"Jaime Win/Lose/Push":null,"Jaime":null,"Nathan Bet Amount":null,"Nathan Win/Lose/Push":null,"Nathan":null,"Evan Bet Amount":null,"Evan Win/Lose/Push":null,"Evan":null,"Brandon Bet Amount":null,"Brandon Win/Lose/Push":null,"Brandon":null,"Total Team Bet":null,"Legends Bet":null,"Leaders Bet":null,"To Win":null,"Payout":null,"TOTALS":null,"Mitch Totals":null,"Phil Totals":null,"Bryce Totals":null,"Cory Totals":null,"JB Totals":null,"Ethan Totals":null,"Jaime Totals":null,"Nate Totals":null,"Evan Totals":null,"Brandon Totals":null},{"Week":"55","Date":"09/05/2025","Mitch Bet Amount":null,"Mitch Win/Lose/Push":null,"Mitch":null,"Phil Bet Amount":null,"Phil Win/Lose/Push":null,"Phil":null,"Bryce Bet Amount":null,"Bryce Win/Lose/Push":null,"Bryce":null,"Cory Bet Amount":null,"Cory Win/Lose/Push":null,"Cory":null,"JB Bet Amount":null,"JB Win/Lose/Push":null,"JB":null,"Ethan Bet Amount":null,"Ethan Win/Lose/Push":null,"Ethan":null,"Jaime Bet Amount":null,"Jaime Win/Lose/Push":null,"Jaime":null,"Nathan Bet Amount":null,"Nathan Win/Lose/Push":null,"Nathan":null,"Evan Bet Amount":null,"Evan Win/Lose/Push":null,"Evan":null,"Brandon Bet Amount":null,"Brandon Win/Lose/Push":null,"Brandon":null,"Total Team Bet":null,"Legends Bet":null,"Leaders Bet":null,"To Win":null,"Payout":null,"TOTALS":null,"Mitch Totals":null,"Phil Totals":null,"Bryce Totals":null,"Cory Totals":null,"JB Totals":null,"Ethan Totals":null,"Jaime Totals":null,"Nate Totals":null,"Evan Totals":null,"Brandon Totals":null},{"Week":"56","Date":"09/12/2025","Mitch Bet Amount":null,"Mitch Win/Lose/Push":null,"Mitch":null,"Phil Bet Amount":null,"Phil Win/Lose/Push":null,"Phil":null,"Bryce Bet Amount":null,"Bryce Win/Lose/Push":null,"Bryce":null,"Cory Bet Amount":null,"Cory Win/Lose/Push":null,"Cory":null,"JB Bet Amount":null,"JB Win/Lose/Push":null,"JB":null,"Ethan Bet Amount":null,"Ethan Win/Lose/Push":null,"Ethan":null,"Jaime Bet Amount":null,"Jaime Win/Lose/Push":null,"Jaime":null,"Nathan Bet Amount":null,"Nathan Win/Lose/Push":null,"Nathan":null,"Evan Bet Amount":null,"Evan Win/Lose/Push":null,"Evan":null,"Brandon Bet Amount":null,"Brandon Win/Lose/Push":null,"Brandon":null,"Total Team Bet":null,"Legends Bet":null,"Leaders Bet":null,"To Win":null,"Payout":null,"TOTALS":null,"Mitch Totals":null,"Phil Totals":null,"Bryce Totals":null,"Cory Totals":null,"JB Totals":null,"Ethan Totals":null,"Jaime Totals":null,"Nate Totals":null,"Evan Totals":null,"Brandon Totals":null},{"Week":"57","Date":"09/19/2025","Mitch Bet Amount":null,"Mitch Win/Lose/Push":null,"Mitch":null,"Phil Bet Amount":null,"Phil Win/Lose/Push":null,"Phil":null,"Bryce Bet Amount":null,"Bryce Win/Lose/Push":null,"Bryce":null,"Cory Bet Amount":null,"Cory Win/Lose/Push":null,"Cory":null,"JB Bet Amount":null,"JB Win/Lose/Push":null,"JB":null,"Ethan Bet Amount":null,"Ethan Win/Lose/Push":null,"Ethan":null,"Jaime Bet Amount":null,"Jaime Win/Lose/Push":null,"Jaime":null,"Nathan Bet Amount":null,"Nathan Win/Lose/Push":null,"Nathan":null,"Evan Bet Amount":null,"Evan Win/Lose/Push":null,"Evan":null,"Brandon Bet Amount":null,"Brandon Win/Lose/Push":null,"Brandon":null,"Total Team Bet":null,"Legends Bet":null,"Leaders Bet":null,"To Win":null,"Payout":null,"TOTALS":null,"Mitch Totals":null,"Phil Totals":null,"Bryce Totals":null,"Cory Totals":null,"JB Totals":null,"Ethan Totals":null,"Jaime Totals":null,"Nate Totals":null,"Evan Totals":null,"Brandon Totals":null},{"Week":"58","Date":"09/26/2025","Mitch Bet Amount":null,"Mitch Win/Lose/Push":null,"Mitch":null,"Phil Bet Amount":null,"Phil Win/Lose/Push":null,"Phil":null,"Bryce Bet Amount":null,"Bryce Win/Lose/Push":null,"Bryce":null,"Cory Bet Amount":null,"Cory Win/Lose/Push":null,"Cory":null,"JB Bet Amount":null,"JB Win/Lose/Push":null,"JB":null,"Ethan Bet Amount":null,"Ethan Win/Lose/Push":null,"Ethan":null,"Jaime Bet Amount":null,"Jaime Win/Lose/Push":null,"Jaime":null,"Nathan Bet Amount":null,"Nathan Win/Lose/Push":null,"Nathan":null,"Evan Bet Amount":null,"Evan Win/Lose/Push":null,"Evan":null,"Brandon Bet Amount":null,"Brandon Win/Lose/Push":null,"Brandon":null,"Total Team Bet":null,"Legends Bet":null,"Leaders Bet":null,"To Win":null,"Payout":null,"TOTALS":null,"Mitch Totals":null,"Phil Totals":null,"Bryce Totals":null,"Cory Totals":null,"JB Totals":null,"Ethan Totals":null,"Jaime Totals":null,"Nate Totals":null,"Evan Totals":null,"Brandon Totals":null},{"Week":"59","Date":"10/03/2025","Mitch Bet Amount":null,"Mitch Win/Lose/Push":null,"Mitch":null,"Phil Bet Amount":null,"Phil Win/Lose/Push":null,"Phil":null,"Bryce Bet Amount":null,"Bryce Win/Lose/Push":null,"Bryce":null,"Cory Bet Amount":null,"Cory Win/Lose/Push":null,"Cory":null,"JB Bet Amount":null,"JB Win/Lose/Push":null,"JB":null,"Ethan Bet Amount":null,"Ethan Win/Lose/Push":null,"Ethan":null,"Jaime Bet Amount":null,"Jaime Win/Lose/Push":null,"Jaime":null,"Nathan Bet Amount":null,"Nathan Win/Lose/Push":null,"Nathan":null,"Evan Bet Amount":null,"Evan Win/Lose/Push":null,"Evan":null,"Brandon Bet Amount":null,"Brandon Win/Lose/Push":null,"Brandon":null,"Total Team Bet":null,"Legends Bet":null,"Leaders Bet":null,"To Win":null,"Payout":null,"TOTALS":null,"Mitch Totals":null,"Phil Totals":null,"Bryce Totals":null,"Cory Totals":null,"JB Totals":null,"Ethan Totals":null,"Jaime Totals":null,"Nate Totals":null,"Evan Totals":null,"Brandon Totals":null},{"Week":"60","Date":"10/10/2025","Mitch Bet Amount":null,"Mitch Win/Lose/Push":null,"Mitch":null,"Phil Bet Amount":null,"Phil Win/Lose/Push":null,"Phil":null,"Bryce Bet Amount":null,"Bryce Win/Lose/Push":null,"Bryce":null,"Cory Bet Amount":null,"Cory Win/Lose/Push":null,"Cory":null,"JB Bet Amount":null,"JB Win/Lose/Push":null,"JB":null,"Ethan Bet Amount":null,"Ethan Win/Lose/Push":null,"Ethan":null,"Jaime Bet Amount":null,"Jaime Win/Lose/Push":null,"Jaime":null,"Nathan Bet Amount":null,"Nathan Win/Lose/Push":null,"Nathan":null,"Evan Bet Amount":null,"Evan Win/Lose/Push":null,"Evan":null,"Brandon Bet Amount":null,"Brandon Win/Lose/Push":null,"Brandon":null,"Total Team Bet":null,"Legends Bet":null,"Leaders Bet":null,"To Win":null,"Payout":null,"TOTALS":null,"Mitch Totals":null,"Phil Totals":null,"Bryce Totals":null,"Cory Totals":null,"JB Totals":null,"Ethan Totals":null,"Jaime Totals":null,"Nate Totals":null,"Evan Totals":null,"Brandon Totals":null},{"Week":"61","Date":"10/17/2025","Mitch Bet Amount":null,"Mitch Win/Lose/Push":null,"Mitch":null,"Phil Bet Amount":null,"Phil Win/Lose/Push":null,"Phil":null,"Bryce Bet Amount":null,"Bryce Win/Lose/Push":null,"Bryce":null,"Cory Bet Amount":null,"Cory Win/Lose/Push":null,"Cory":null,"JB Bet Amount":null,"JB Win/Lose/Push":null,"JB":null,"Ethan Bet Amount":null,"Ethan Win/Lose/Push":null,"Ethan":null,"Jaime Bet Amount":null,"Jaime Win/Lose/Push":null,"Jaime":null,"Nathan Bet Amount":null,"Nathan Win/Lose/Push":null,"Nathan":null,"Evan Bet Amount":null,"Evan Win/Lose/Push":null,"Evan":null,"Brandon Bet Amount":null,"Brandon Win/Lose/Push":null,"Brandon":null,"Total Team Bet":null,"Legends Bet":null,"Leaders Bet":null,"To Win":null,"Payout":null,"TOTALS":null,"Mitch Totals":null,"Phil Totals":null,"Bryce Totals":null,"Cory Totals":null,"JB Totals":null,"Ethan Totals":null,"Jaime Totals":null,"Nate Totals":null,"Evan Totals":null,"Brandon Totals":null},{"Week":"62","Date":"10/24/2025","Mitch Bet Amount":null,"Mitch Win/Lose/Push":null,"Mitch":null,"Phil Bet Amount":null,"Phil Win/Lose/Push":null,"Phil":null,"Bryce Bet Amount":null,"Bryce Win/Lose/Push":null,"Bryce":null,"Cory Bet Amount":null,"Cory Win/Lose/Push":null,"Cory":null,"JB Bet Amount":null,"JB Win/Lose/Push":null,"JB":null,"Ethan Bet Amount":null,"Ethan Win/Lose/Push":null,"Ethan":null,"Jaime Bet Amount":null,"Jaime Win/Lose/Push":null,"Jaime":null,"Nathan Bet Amount":null,"Nathan Win/Lose/Push":null,"Nathan":null,"Evan Bet Amount":null,"Evan Win/Lose/Push":null,"Evan":null,"Brandon Bet Amount":null,"Brandon Win/Lose/Push":null,"Brandon":null,"Total Team Bet":null,"Legends Bet":null,"Leaders Bet":null,"To Win":null,"Payout":null,"TOTALS":null,"Mitch Totals":null,"Phil Totals":null,"Bryce Totals":null,"Cory Totals":null,"JB Totals":null,"Ethan Totals":null,"Jaime Totals":null,"Nate Totals":null,"Evan Totals":null,"Brandon Totals":null},{"Week":"63","Date":"10/31/2025","Mitch Bet Amount":null,"Mitch Win/Lose/Push":null,"Mitch":null,"Phil Bet Amount":null,"Phil Win/Lose/Push":null,"Phil":null,"Bryce Bet Amount":null,"Bryce Win/Lose/Push":null,"Bryce":null,"Cory Bet Amount":null,"Cory Win/Lose/Push":null,"Cory":null,"JB Bet Amount":null,"JB Win/Lose/Push":null,"JB":null,"Ethan Bet Amount":null,"Ethan Win/Lose/Push":null,"Ethan":null,"Jaime Bet Amount":null,"Jaime Win/Lose/Push":null,"Jaime":null,"Nathan Bet Amount":null,"Nathan Win/Lose/Push":null,"Nathan":null,"Evan Bet Amount":null,"Evan Win/Lose/Push":null,"Evan":null,"Brandon Bet Amount":null,"Brandon Win/Lose/Push":null,"Brandon":null,"Total Team Bet":null,"Legends Bet":null,"Leaders Bet":null,"To Win":null,"Payout":null,"TOTALS":null,"Mitch Totals":null,"Phil Totals":null,"Bryce Totals":null,"Cory Totals":null,"JB Totals":null,"Ethan Totals":null,"Jaime Totals":null,"Nate Totals":null,"Evan Totals":null,"Brandon Totals":null},{"Week":"64","Date":"11/07/2025","Mitch Bet Amount":null,"Mitch Win/Lose/Push":null,"Mitch":null,"Phil Bet Amount":null,"Phil Win/Lose/Push":null,"Phil":null,"Bryce Bet Amount":null,"Bryce Win/Lose/Push":null,"Bryce":null,"Cory Bet Amount":null,"Cory Win/Lose/Push":null,"Cory":null,"JB Bet Amount":null,"JB Win/Lose/Push":null,"JB":null,"Ethan Bet Amount":null,"Ethan Win/Lose/Push":null,"Ethan":null,"Jaime Bet Amount":null,"Jaime Win/Lose/Push":null,"Jaime":null,"Nathan Bet Amount":null,"Nathan Win/Lose/Push":null,"Nathan":null,"Evan Bet Amount":null,"Evan Win/Lose/Push":null,"Evan":null,"Brandon Bet Amount":null,"Brandon Win/Lose/Push":null,"Brandon":null,"Total Team Bet":null,"Legends Bet":null,"Leaders Bet":null,"To Win":null,"Payout":null,"TOTALS":null,"Mitch Totals":null,"Phil Totals":null,"Bryce Totals":null,"Cory Totals":null,"JB Totals":null,"Ethan Totals":null,"Jaime Totals":null,"Nate Totals":null,"Evan Totals":null,"Brandon Totals":null},{"Week":"65","Date":"11/14/2025","Mitch Bet Amount":null,"Mitch Win/Lose/Push":null,"Mitch":null,"Phil Bet Amount":null,"Phil Win/Lose/Push":null,"Phil":null,"Bryce Bet Amount":null,"Bryce Win/Lose/Push":null,"Bryce":null,"Cory Bet Amount":null,"Cory Win/Lose/Push":null,"Cory":null,"JB Bet Amount":null,"JB Win/Lose/Push":null,"JB":null,"Ethan Bet Amount":null,"Ethan Win/Lose/Push":null,"Ethan":null,"Jaime Bet Amount":null,"Jaime Win/Lose/Push":null,"Jaime":null,"Nathan Bet Amount":null,"Nathan Win/Lose/Push":null,"Nathan":null,"Evan Bet Amount":null,"Evan Win/Lose/Push":null,"Evan":null,"Brandon Bet Amount":null,"Brandon Win/Lose/Push":null,"Brandon":null,"Total Team Bet":null,"Legends Bet":null,"Leaders Bet":null,"To Win":null,"Payout":null,"TOTALS":null,"Mitch Totals":null,"Phil Totals":null,"Bryce Totals":null,"Cory Totals":null,"JB Totals":null,"Ethan Totals":null,"Jaime Totals":null,"Nate Totals":null,"Evan Totals":null,"Brandon Totals":null},{"Week":"66","Date":"11/21/2025","Mitch Bet Amount":null,"Mitch Win/Lose/Push":null,"Mitch":null,"Phil Bet Amount":null,"Phil Win/Lose/Push":null,"Phil":null,"Bryce Bet Amount":null,"Bryce Win/Lose/Push":null,"Bryce":null,"Cory Bet Amount":null,"Cory Win/Lose/Push":null,"Cory":null,"JB Bet Amount":null,"JB Win/Lose/Push":null,"JB":null,"Ethan Bet Amount":null,"Ethan Win/Lose/Push":null,"Ethan":null,"Jaime Bet Amount":null,"Jaime Win/Lose/Push":null,"Jaime":null,"Nathan Bet Amount":null,"Nathan Win/Lose/Push":null,"Nathan":null,"Evan Bet Amount":null,"Evan Win/Lose/Push":null,"Evan":null,"Brandon Bet Amount":null,"Brandon Win/Lose/Push":null,"Brandon":null,"Total Team Bet":null,"Legends Bet":null,"Leaders Bet":null,"To Win":null,"Payout":null,"TOTALS":null,"Mitch Totals":null,"Phil Totals":null,"Bryce Totals":null,"Cory Totals":null,"JB Totals":null,"Ethan Totals":null,"Jaime Totals":null,"Nate Totals":null,"Evan Totals":null,"Brandon Totals":null},{"Week":"67","Date":"11/28/2025","Mitch Bet Amount":null,"Mitch Win/Lose/Push":null,"Mitch":null,"Phil Bet Amount":null,"Phil Win/Lose/Push":null,"Phil":null,"Bryce Bet Amount":null,"Bryce Win/Lose/Push":null,"Bryce":null,"Cory Bet Amount":null,"Cory Win/Lose/Push":null,"Cory":null,"JB Bet Amount":null,"JB Win/Lose/Push":null,"JB":null,"Ethan Bet Amount":null,"Ethan Win/Lose/Push":null,"Ethan":null,"Jaime Bet Amount":null,"Jaime Win/Lose/Push":null,"Jaime":null,"Nathan Bet Amount":null,"Nathan Win/Lose/Push":null,"Nathan":null,"Evan Bet Amount":null,"Evan Win/Lose/Push":null,"Evan":null,"Brandon Bet Amount":null,"Brandon Win/Lose/Push":null,"Brandon":null,"Total Team Bet":null,"Legends Bet":null,"Leaders Bet":null,"To Win":null,"Payout":null,"TOTALS":null,"Mitch Totals":null,"Phil Totals":null,"Bryce Totals":null,"Cory Totals":null,"JB Totals":null,"Ethan Totals":null,"Jaime Totals":null,"Nate Totals":null,"Evan Totals":null,"Brandon Totals":null},{"Week":"68","Date":"12/05/2025","Mitch Bet Amount":null,"Mitch Win/Lose/Push":null,"Mitch":null,"Phil Bet Amount":null,"Phil Win/Lose/Push":null,"Phil":null,"Bryce Bet Amount":null,"Bryce Win/Lose/Push":null,"Bryce":null,"Cory Bet Amount":null,"Cory Win/Lose/Push":null,"Cory":null,"JB Bet Amount":null,"JB Win/Lose/Push":null,"JB":null,"Ethan Bet Amount":null,"Ethan Win/Lose/Push":null,"Ethan":null,"Jaime Bet Amount":null,"Jaime Win/Lose/Push":null,"Jaime":null,"Nathan Bet Amount":null,"Nathan Win/Lose/Push":null,"Nathan":null,"Evan Bet Amount":null,"Evan Win/Lose/Push":null,"Evan":null,"Brandon Bet Amount":null,"Brandon Win/Lose/Push":null,"Brandon":null,"Total Team Bet":null,"Legends Bet":null,"Leaders Bet":null,"To Win":null,"Payout":null,"TOTALS":null,"Mitch Totals":null,"Phil Totals":null,"Bryce Totals":null,"Cory Totals":null,"JB Totals":null,"Ethan Totals":null,"Jaime Totals":null,"Nate Totals":null,"Evan Totals":null,"Brandon Totals":null},{"Week":"69","Date":"12/12/2025","Mitch Bet Amount":null,"Mitch Win/Lose/Push":null,"Mitch":null,"Phil Bet Amount":null,"Phil Win/Lose/Push":null,"Phil":null,"Bryce Bet Amount":null,"Bryce Win/Lose/Push":null,"Bryce":null,"Cory Bet Amount":null,"Cory Win/Lose/Push":null,"Cory":null,"JB Bet Amount":null,"JB Win/Lose/Push":null,"JB":null,"Ethan Bet Amount":null,"Ethan Win/Lose/Push":null,"Ethan":null,"Jaime Bet Amount":null,"Jaime Win/Lose/Push":null,"Jaime":null,"Nathan Bet Amount":null,"Nathan Win/Lose/Push":null,"Nathan":null,"Evan Bet Amount":null,"Evan Win/Lose/Push":null,"Evan":null,"Brandon Bet Amount":null,"Brandon Win/Lose/Push":null,"Brandon":null,"Total Team Bet":null,"Legends Bet":null,"Leaders Bet":null,"To Win":null,"Payout":null,"TOTALS":null,"Mitch Totals":null,"Phil Totals":null,"Bryce Totals":null,"Cory Totals":null,"JB Totals":null,"Ethan Totals":null,"Jaime Totals":null,"Nate Totals":null,"Evan Totals":null,"Brandon Totals":null},{"Week":"70","Date":"12/19/2025","Mitch Bet Amount":null,"Mitch Win/Lose/Push":null,"Mitch":null,"Phil Bet Amount":null,"Phil Win/Lose/Push":null,"Phil":null,"Bryce Bet Amount":null,"Bryce Win/Lose/Push":null,"Bryce":null,"Cory Bet Amount":null,"Cory Win/Lose/Push":null,"Cory":null,"JB Bet Amount":null,"JB Win/Lose/Push":null,"JB":null,"Ethan Bet Amount":null,"Ethan Win/Lose/Push":null,"Ethan":null,"Jaime Bet Amount":null,"Jaime Win/Lose/Push":null,"Jaime":null,"Nathan Bet Amount":null,"Nathan Win/Lose/Push":null,"Nathan":null,"Evan Bet Amount":null,"Evan Win/Lose/Push":null,"Evan":null,"Brandon Bet Amount":null,"Brandon Win/Lose/Push":null,"Brandon":null,"Total Team Bet":null,"Legends Bet":null,"Leaders Bet":null,"To Win":null,"Payout":null,"TOTALS":null,"Mitch Totals":null,"Phil Totals":null,"Bryce Totals":null,"Cory Totals":null,"JB Totals":null,"Ethan Totals":null,"Jaime Totals":null,"Nate Totals":null,"Evan Totals":null,"Brandon Totals":null},{"Week":"71","Date":"12/26/2025","Mitch Bet Amount":null,"Mitch Win/Lose/Push":null,"Mitch":null,"Phil Bet Amount":null,"Phil Win/Lose/Push":null,"Phil":null,"Bryce Bet Amount":null,"Bryce Win/Lose/Push":null,"Bryce":null,"Cory Bet Amount":null,"Cory Win/Lose/Push":null,"Cory":null,"JB Bet Amount":null,"JB Win/Lose/Push":null,"JB":null,"Ethan Bet Amount":null,"Ethan Win/Lose/Push":null,"Ethan":null,"Jaime Bet Amount":null,"Jaime Win/Lose/Push":null,"Jaime":null,"Nathan Bet Amount":null,"Nathan Win/Lose/Push":null,"Nathan":null,"Evan Bet Amount":null,"Evan Win/Lose/Push":null,"Evan":null,"Brandon Bet Amount":null,"Brandon Win/Lose/Push":null,"Brandon":null,"Total Team Bet":null,"Legends Bet":null,"Leaders Bet":null,"To Win":null,"Payout":null,"TOTALS":null,"Mitch Totals":null,"Phil Totals":null,"Bryce Totals":null,"Cory Totals":null,"JB Totals":null,"Ethan Totals":null,"Jaime Totals":null,"Nate Totals":null,"Evan Totals":null,"Brandon Totals":null},{"Week":"72","Date":"01/02/2026","Mitch Bet Amount":null,"Mitch Win/Lose/Push":null,"Mitch":null,"Phil Bet Amount":null,"Phil Win/Lose/Push":null,"Phil":null,"Bryce Bet Amount":null,"Bryce Win/Lose/Push":null,"Bryce":null,"Cory Bet Amount":null,"Cory Win/Lose/Push":null,"Cory":null,"JB Bet Amount":null,"JB Win/Lose/Push":null,"JB":null,"Ethan Bet Amount":null,"Ethan Win/Lose/Push":null,"Ethan":null,"Jaime Bet Amount":null,"Jaime Win/Lose/Push":null,"Jaime":null,"Nathan Bet Amount":null,"Nathan Win/Lose/Push":null,"Nathan":null,"Evan Bet Amount":null,"Evan Win/Lose/Push":null,"Evan":null,"Brandon Bet Amount":null,"Brandon Win/Lose/Push":null,"Brandon":null,"Total Team Bet":null,"Legends Bet":null,"Leaders Bet":null,"To Win":null,"Payout":null,"TOTALS":null,"Mitch Totals":null,"Phil Totals":null,"Bryce Totals":null,"Cory Totals":null,"JB Totals":null,"Ethan Totals":null,"Jaime Totals":null,"Nate Totals":null,"Evan Totals":null,"Brandon Totals":null},{"Week":"73","Date":"01/09/2026","Mitch Bet Amount":null,"Mitch Win/Lose/Push":null,"Mitch":null,"Phil Bet Amount":null,"Phil Win/Lose/Push":null,"Phil":null,"Bryce Bet Amount":null,"Bryce Win/Lose/Push":null,"Bryce":null,"Cory Bet Amount":null,"Cory Win/Lose/Push":null,"Cory":null,"JB Bet Amount":null,"JB Win/Lose/Push":null,"JB":null,"Ethan Bet Amount":null,"Ethan Win/Lose/Push":null,"Ethan":null,"Jaime Bet Amount":null,"Jaime Win/Lose/Push":null,"Jaime":null,"Nathan Bet Amount":null,"Nathan Win/Lose/Push":null,"Nathan":null,"Evan Bet Amount":null,"Evan Win/Lose/Push":null,"Evan":null,"Brandon Bet Amount":null,"Brandon Win/Lose/Push":null,"Brandon":null,"Total Team Bet":null,"Legends Bet":null,"Leaders Bet":null,"To Win":null,"Payout":null,"TOTALS":null,"Mitch Totals":null,"Phil Totals":null,"Bryce Totals":null,"Cory Totals":null,"JB Totals":null,"Ethan Totals":null,"Jaime Totals":null,"Nate Totals":null,"Evan Totals":null,"Brandon Totals":null}]
3:31:44 AM [express] GET /api/data 304 in 16ms :: [{"Week":"1","Date":"8/22/2025","Mitch Bet Amount":"$10","Mitch Win/Lose/Push":"Win","Mitch":"Kansas -14 (legends)","Mitch Resolved":"Fresno State University @ University of Kansas (University of Kansas -14)","Phil Bet Amount":"$25","Phil Win/Lose/Push":"Loss","Phil":"JB (legends)","Phil Resolved":"Tail JB","Bryce Bet Amount":"$5","Bryce Win/Lose/Push":"Loss","Bryce":"Stanford? +2.5 (legends)","Bryce Resolved":"Stanford University (Stanford University +2.5)","Cory Bet Amount":"$25","Cory Win/Lose/Push":"Win","Cory":"Rutgers over 47 (leaders)","Cory Resolved":"Rutgers University (Over 47)","JB Bet Amount":"$5","JB Win/Lose/Push":"Loss","JB":"kansas st over 52 (legends)","JB Resolved":"Fresno State University @ University of Kansas (University of Kansas -14)","Ethan Bet Amount":"$20","Ethan Win/Lose/Push":"Win","Ethan":"Mitch (legends)","Ethan Resolved":"Tail Mitch","Jaime Bet Amount":"$10","Jaime Win/Lose/Push":"Loss","Jaime":"UCF/Jax St Over 52.5 (legends)","Jaime Resolved":"Rutgers University (Over 47)","Nathan Bet Amount":"$5","Nathan Win/Lose/Push":"Loss","Nathan":"Universitario -0.5 (leaders)","Nathan Resolved":"Universitario (Universitario -0.5)","Evan Bet Amount":"$5","Evan Win/Lose/Push":"Loss","Evan":"Kansas State -3 (leaders)","Evan Resolved":"Fresno State University @ University of Kansas (University of Kansas -14)","Brandon Bet Amount":"$5","Brandon Win/Lose/Push":"Loss","Brandon":"KU/Fresno o50 (leaders)","Brandon Resolved":"University of Kansas @ Fresno State University (Over 50)","":"","Total Team Bet":"$115.00","Legends Bet":"$75.00","Leaders Bet":"$40.00","To Win":"","Payout":"","TOTALS":"Total Bet","Mitch Totals":"$205.00","Phil Totals":"$215.00","Bryce Totals":"$85.00","Cory Totals":"$105.00","JB Totals":"$135.00","Ethan Totals":"$130.00","Jaime Totals":"$140.00","Nate Totals":"$110.00","Evan Totals":"$135.00","Brandon Totals":"$110.00"},{"Week":"2","Date":"8/29/2025","Mitch Bet Amount":"$5","Mitch Win/Lose/Push":"Loss","Mitch":"Alabama -13.5 (legends)","Mitch Resolved":"University of Texas @ University of Alabama (University of Alabama -13.5)","Phil Bet Amount":"$25","Phil Win/Lose/Push":"Loss","Phil":"Mitch (legends)","Phil Resolved":"Tail Mitch","Bryce Bet Amount":"$10","Bryce Win/Lose/Push":"Win","Bryce":"Ohio st (legends)","Bryce Resolved":"Ohio State University (Ohio State University)","Cory Bet Amount":"$5","Cory Win/Lose/Push":"Win","Cory":"Maryland under  (leaders)","Cory Resolved":"University of Maryland (Under)","JB Bet Amount":"$10","JB Win/Lose/Push":"Loss","JB":"penn st under (legends)","JB Resolved":"University of Maryland (Under)","Ethan Bet Amount":"$5","Ethan Win/Lose/Push":"Win","Ethan":"Iowa under 50.5 (legends)","Ethan Resolved":"University of Maryland (Under)","Jaime Bet Amount":"$15","Jaime Win/Lose/Push":"Win","Jaime":"Tennessee -13.5 (legends)","Jaime Resolved":"University of Texas @ University of Alabama (University of Alabama -13.5)","Nathan Bet Amount":"$10","Nathan Win/Lose/Push":"Win","Nathan":"Padres -1.5 (leaders)","Nathan Resolved":"San Diego Padres (San Diego Padres -1.5)","Evan Bet Amount":"$10","Evan Win/Lose/Push":"Loss","Evan":"Texas +1.5 (leaders)","Evan Resolved":"University of Texas @ University of Alabama (University of Alabama -13.5)","Brandon Bet Amount":"$10","Brandon Win/Lose/Push":"Loss","Brandon":"Sinner -8.5 (leaders)","Brandon Resolved":"Jannik Sinner (Jannik Sinner -8.5)","":"","Total Team Bet":"$105.00","Legends Bet":"$70.00","Leaders Bet":"$35.00","To Win":"","Payout":"","TOTALS":"Total Wins","Mitch Totals":"4","Phil Totals":"5","Bryce Totals":"11","Cory Totals":"10","JB Totals":"6","Ethan Totals":"9","Jaime Totals":"7","Nate Totals":"8","Evan Totals":"7","Brandon Totals":"8"},{"Week":"3","Date":"9/5/2025","Mitch Bet Amount":"$10","Mitch Win/Lose/Push":"Loss","Mitch":"Ole Miss 1H (legends)","Mitch Resolved":"North Carolina State @ University of Mississippi (University of Mississippi -7, 1st Half)","Phil Bet Amount":"$25","Phil Win/Lose/Push":"Loss","Phil":"Ethan (legends)","Phil Resolved":"Tail Ethan","Bryce Bet Amount":"$5","Bryce Win/Lose/Push":"Win","Bryce":"Vikes","Bryce Resolved":"Minnesota Vikings (Minnesota Vikings)","Cory Bet Amount":"$5","Cory Win/Lose/Push":"Win","Cory":"MSU over (leaders)","Cory Resolved":"Michigan State University (Over)","JB Bet Amount":"$15","JB Win/Lose/Push":"Loss","JB":"Navy  (legends)","JB Resolved":"United States Naval Academy (United States Naval Academy)","Ethan Bet Amount":"$5","Ethan Win/Lose/Push":"Loss","Ethan":"USF vs Florida over (legends)","Ethan Resolved":"Michigan State University (Over)","Jaime Bet Amount":"$5","Jaime Win/Lose/Push":"Win","Jaime":"Illinois -2.5 (legends)","Jaime Resolved":"University of Illinois (University of Illinois -2.5)","Nathan Bet Amount":"$5","Nathan Win/Lose/Push":"Win","Nathan":"(NFL) Arizona -6.5 (leaders)","Nathan Resolved":"Arizona Cardinals (Arizona Cardinals -6.5)","Evan Bet Amount":"$15","Evan Win/Lose/Push":"Loss","Evan":"Iowa/ Iowa St over 43 (leaders)","Evan Resolved":"Michigan State University (Over)","Brandon Bet Amount":"$15","Brandon Win/Lose/Push":"Push","Brandon":"W US Open o22 games (leaders)","Brandon Resolved":"US Open (Over 22 Games)","":"","Total Team Bet":"$105.00","Legends Bet":"$60.00","Leaders Bet":"$40.00","To Win":"","Payout":"","TOTALS":"Total Losses","Mitch Totals":"10","Phil Totals":"7","Bryce Totals":"3","Cory Totals":"2","JB Totals":"8","Ethan Totals":"5","Jaime Totals":"7","Nate Totals":"6","Evan Totals":"6","Brandon Totals":"4"},{"Week":"4","Date":"9/12/25","Mitch Bet Amount":"$15","Mitch Win/Lose/Push":"Loss","Mitch":"Steelers (legends)","Mitch Resolved":"Cincinnati Bengals @ Pittsburgh Steelers (Pittsburgh Steelers)","Phil Bet Amount":"$25","Phil Win/Lose/Push":"Win","Phil":"Ethan (legends)","Phil Resolved":"Tail Ethan","Bryce Bet Amount":"$5","Bryce Win/Lose/Push":"Win","Bryce":"Texas A&M (legends)","Bryce Resolved":"Texas A&M University (Texas A&M University)","Cory Bet Amount":"$5","Cory Win/Lose/Push":"Win","Cory":"Eagles (leaders)","Cory Resolved":"Philadelphia Eagles (Philadelphia Eagles)","JB Bet Amount":"$20","JB Win/Lose/Push":"Win","JB":"Nate (legends)","JB Resolved":"Tail Nathan","Ethan Bet Amount":"$10","Ethan Win/Lose/Push":"Win","Ethan":"Texas tech -23 (legends)","Ethan Resolved":"Texas A&M University (Texas A&M University)","Jaime Bet Amount":"$5","Jaime Win/Lose/Push":"Loss","Jaime":"Oregon -26.5 (legends)","Jaime Resolved":"University of Oregon (University of Oregon -26.5)","Nathan Bet Amount":"$5","Nathan Win/Lose/Push":"Win","Nathan":"Rams -5.5 (leaders) ","Nathan Resolved":"Los Angeles Rams (Los Angeles Rams -5.5)","Evan Bet Amount":"$20","Evan Win/Lose/Push":"Push","Evan":"Georgia -3.5 (leaders) ","Evan Resolved":"University of Georgia (University of Georgia -3.5)","Brandon Bet Amount":"$15","Brandon Win/Lose/Push":"Win","Brandon":"Man City -0.75 (leaders) ","Brandon Resolved":"Manchester City (Manchester City -0.75)","":"","Total Team Bet":"$125.00","Legends Bet":"$80.00","Leaders Bet":"$45.00","To Win":"","Payout":"$325.00","TOTALS":"Total Pushes","Mitch Totals":"0","Phil Totals":"2","Bryce Totals":"0","Cory Totals":"2","JB Totals":"0","Ethan Totals":"0","Jaime Totals":"0","Nate Totals":"0","Evan Totals":"1","Brandon Totals":"2"},{"Week":"5","Date":"9/19/25","Mitch Bet Amount":"$20","Mitch Win/Lose/Push":"Loss","Mitch":"JB (legends)","Mitch Resolved":"Tail JB","Phil Bet Amount":"$5","Phil Win/Lose/Push":"Loss","Phil":"Fresno (leaders)","Phil Resolved":"Fresno State University (Fresno State University)","Bryce Bet Amount":"$5","Bryce Win/Lose/Push":"Win","Bryce":"South Carolina (legends)","Bryce Resolved":"University of South Carolina (University of South Carolina)","Cory Bet Amount":"$5","Cory Win/Lose/Push":"Win","Cory":"Indiana (legends)","Cory Resolved":"Indiana University (Indiana University)","JB Bet Amount":"$5","JB Win/Lose/Push":"Loss","JB":"ATL Falcons (legends)","JB Resolved":"Atlanta Falcons (Atlanta Falcons)","Ethan Bet Amount":"$5","Ethan Win/Lose/Push":"Loss","Ethan":"Texans (legends)","Ethan Resolved":"Houston Texans (Houston Texans)","Jaime Bet Amount":"$10","Jaime Win/Lose/Push":"Loss","Jaime":"Packers -7.5 (legends) ","Jaime Resolved":"Green Bay Packers (Green Bay Packers -7.5)","Nathan Bet Amount":"$5","Nathan Win/Lose/Push":"Loss","Nathan":"49ers -2.5 (leaders)","Nathan Resolved":"San Francisco 49ers (San Francisco 49ers -2.5)","Evan Bet Amount":"$20","Evan Win/Lose/Push":"Win","Evan":"Florida/Miami Under 50.5 (leaders)","Evan Resolved":"University of Florida @ University of Miami (Under 50.5)","Brandon Bet Amount":"$5","Brandon Win/Lose/Push":"Loss","Brandon":"Nebraska +1 (leaders)","Brandon Resolved":"University of Nebraska (University of Nebraska +1)","":"","Total Team Bet":"$85.00","Legends Bet":"$50.00","Leaders Bet":"$35.00","To Win":"","Payout":"","TOTALS":"Win Percentage","Mitch Totals":"28.57%","Phil Totals":"41.67%","Bryce Totals":"78.57%","Cory Totals":"83.33%","JB Totals":"42.86%","Ethan Totals":"64.29%","Jaime Totals":"50.00%","Nate Totals":"57.14%","Evan Totals":"53.85%","Brandon Totals":"66.67%"},{"Week":"6","Date":"9/26/25","Mitch Bet Amount":"$25","Mitch Win/Lose/Push":"Loss","Mitch":"Ethan (legends) ","Mitch Resolved":"Tail Ethan","Phil Bet Amount":"$10","Phil Win/Lose/Push":"Loss","Phil":"Alabama/Georgia over (leaders) ","Phil Resolved":"University of Alabama @ University of Georgia (Over)","Bryce Bet Amount":"$5","Bryce Win/Lose/Push":"Loss","Bryce":"Vikings (legends) ","Bryce Resolved":"Minnesota Vikings (Minnesota Vikings)","Cory Bet Amount":"$5","Cory Win/Lose/Push":"Win","Cory":"NW/UCLA under (legends) ","Cory Resolved":"Northwestern University @ University of California Los Angeles (Under)","JB Bet Amount":"$10","JB Win/Lose/Push":"Loss","JB":"San Fran 49ers (legends) ","JB Resolved":"San Francisco 49ers (San Francisco 49ers)","Ethan Bet Amount":"$10","Ethan Win/Lose/Push":"Loss","Ethan":"Georgia (legends) ","Ethan Resolved":"University of Alabama @ University of Georgia (Over)","Jaime Bet Amount":"$15","Jaime Win/Lose/Push":"Loss","Jaime":"PSU Under 53.5 (legends) ","Jaime Resolved":"Northwestern University @ University of California Los Angeles (Under)","Nathan Bet Amount":"$10","Nathan Win/Lose/Push":"Loss","Nathan":"Chargers -6.5 (leaders) ","Nathan Resolved":"Los Angeles Chargers (Los Angeles Chargers -6.5)","Evan Bet Amount":"$5","Evan Win/Lose/Push":"Win","Evan":"Colorado/BYU under 49.5 (leaders) ","Evan Resolved":"Northwestern University @ University of California Los Angeles (Under)","Brandon Bet Amount":"$10","Brandon Win/Lose/Push":"Win","Brandon":"(leaders) Iowa +8.5 ","Brandon Resolved":"University of Iowa (University of Iowa +8.5)","":"","Total Team Bet":"$105.00","Legends Bet":"$70.00","Leaders Bet":"$35.00","To Win":null,"Payout":null,"TOTALS":null,"Mitch Totals":null,"Phil Totals":null,"Bryce Totals":null,"Cory Totals":null,"JB Totals":null,"Ethan Totals":null,"Jaime Totals":null,"Nate Totals":null,"Evan Totals":null,"Brandon Totals":null},{"Week":"7","Date":"10/3/25","Mitch Bet Amount":"$25","Mitch Win/Lose/Push":"Loss","Mitch":"Miami/FSU over (leaders) ","Mitch Resolved":"University of Miami @ Florida State University (Over)","Phil Bet Amount":"$15","Phil Win/Lose/Push":"Loss","Phil":"Texas/Florida Under (leaders) ","Phil Resolved":"University of Texas @ University of Florida (Under)","Bryce Bet Amount":"$10","Bryce Win/Lose/Push":"Win","Bryce":"Vikings Again? (legends) ","Bryce Resolved":"Minnesota Vikings (Minnesota Vikings)","Cory Bet Amount":"$5","Cory Win/Lose/Push":"Win","Cory":"Lions if below 10.5 (legends) ","Cory Resolved":"Detroit Lions (if below 10.5)","JB Bet Amount":"$15","JB Win/Lose/Push":"Win","JB":"Illinois (leaders) ","JB Resolved":"University of Illinois (University of Illinois)","Ethan Bet Amount":"$15","Ethan Win/Lose/Push":"Loss","Ethan":"Cal (legends) ","Ethan Resolved":"University of California Berkeley (University of California Berkeley)","Jaime Bet Amount":"$20","Jaime Win/Lose/Push":"Win","Jaime":"Texas Tech -11.5 (leaders) ","Jaime Resolved":"University of Texas @ University of Florida (Under)","Nathan Bet Amount":"$15","Nathan Win/Lose/Push":"Win","Nathan":"Tail Cory (legends) ","Nathan Resolved":"Tail Cory (legends)","Evan Bet Amount":"$5","Evan Win/Lose/Push":"Loss","Evan":"Texas -5.5 (legends) ","Evan Resolved":"University of Texas @ University of Florida (Under)","Brandon Bet Amount":"$5","Brandon Win/Lose/Push":"Win","Brandon":"Wisconsin +17.5 (legends) ","Brandon Resolved":"University of Wisconsin (University of Wisconsin +17.5)","":"","Total Team Bet":"$130.00","Legends Bet":"$55.00","Leaders Bet":"$75.00","To Win":null,"Payout":null,"TOTALS":null,"Mitch Totals":null,"Phil Totals":null,"Bryce Totals":null,"Cory Totals":null,"JB Totals":null,"Ethan Totals":null,"Jaime Totals":null,"Nate Totals":null,"Evan Totals":null,"Brandon Totals":null},{"Week":"8","Date":"10/10/25","Mitch Bet Amount":"$25","Mitch Win/Lose/Push":"Loss","Mitch":"Oregon (quack quack quack) (leaders)  ","Mitch Resolved":"University of Washington @ University of Oregon (University of Oregon)","Phil Bet Amount":"$20","Phil Win/Lose/Push":"Push","Phil":"Minnesota (leaders)  ","Phil Resolved":"University of Minnesota (University of Minnesota)","Bryce Bet Amount":"$5","Bryce Win/Lose/Push":"Loss","Bryce":"Lions  (legends) ","Bryce Resolved":"Detroit Lions (Detroit Lions)","Cory Bet Amount":"$5","Cory Win/Lose/Push":"Push","Cory":"Bama (legends)  ","Cory Resolved":"University of Alabama (University of Alabama)","JB Bet Amount":"$5","JB Win/Lose/Push":"Loss","JB":"unlv (leaders)  ","JB Resolved":"University of Nevada Las Vegas (University of Nevada Las Vegas)","Ethan Bet Amount":"$20","Ethan Win/Lose/Push":"Win","Ethan":"Brandon (legends)  ","Ethan Resolved":"Tail Brandon","Jaime Bet Amount":"$5","Jaime Win/Lose/Push":"Win","Jaime":"Texas A&M -7.5 (legends)  ","Jaime Resolved":"Texas A&M University (Texas A&M University -7.5)","Nathan Bet Amount":"$5","Nathan Win/Lose/Push":"Loss","Nathan":"Bills -4.5 (legends) ","Nathan Resolved":"Buffalo Bills (Buffalo Bills -4.5)","Evan Bet Amount":"$10","Evan Win/Lose/Push":"Win","Evan":"Pitt +10 (leaders)  ","Evan Resolved":"University of Pittsburgh (University of Pittsburgh +10)","Brandon Bet Amount":"$5","Brandon Win/Lose/Push":"Win","Brandon":"USC -2.5 (legends)  ","Brandon Resolved":"University of Southern California (University of Southern California -2.5)","":"","Total Team Bet":"$105.00","Legends Bet":"$45.00","Leaders Bet":"$60.00","To Win":null,"Payout":null,"TOTALS":null,"Mitch Totals":null,"Phil Totals":null,"Bryce Totals":null,"Cory Totals":null,"JB Totals":null,"Ethan Totals":null,"Jaime Totals":null,"Nate Totals":null,"Evan Totals":null,"Brandon Totals":null},{"Week":"9","Date":"10/17/25","Mitch Bet Amount":"$25","Mitch Win/Lose/Push":"Win","Mitch":"Bryce (leaders)","Mitch Resolved":"Tail Bryce","Phil Bet Amount":"$20","Phil Win/Lose/Push":"Push","Phil":"Notre Dame (leaders) ","Phil Resolved":"University of Notre Dame (University of Notre Dame)","Bryce Bet Amount":"$10","Bryce Win/Lose/Push":"Win","Bryce":"Missouri -1 (buy the half point, still -120)😉 (legends) ","Bryce Resolved":"University of Missouri (University of Missouri -1)","Cory Bet Amount":"$5","Cory Win/Lose/Push":"Win","Cory":"Bears (legends) ","Cory Resolved":"Chicago Bears (Chicago Bears)","JB Bet Amount":"$10","JB Win/Lose/Push":"Loss","JB":"texas tech (leaders) ","JB Resolved":"Texas Tech University (Texas Tech University)","Ethan Bet Amount":"$5","Ethan Win/Lose/Push":"Loss","Ethan":"Nebraska (legends) ","Ethan Resolved":"University of Nebraska (University of Nebraska)","Jaime Bet Amount":"$5","Jaime Win/Lose/Push":"Win","Jaime":"Indiana Over 49.5 (legends) ","Jaime Resolved":"Indiana University (Over 49.5)","Nathan Bet Amount":"$10","Nathan Win/Lose/Push":"Win","Nathan":"Patriots -7 (legends) ","Nathan Resolved":"New England Patriots (New England Patriots -7)","Evan Bet Amount":"$5","Evan Win/Lose/Push":"Loss","Evan":"Texas Tech -7.5 (leaders) ","Evan Resolved":"Texas Tech University (Texas Tech University)","Brandon Bet Amount":"$5","Brandon Win/Lose/Push":"Loss","Brandon":"LSU +2.5 (legends) ","Brandon Resolved":"Louisiana State University (Louisiana State University +2.5)","":"","Total Team Bet":"$100.00","Legends Bet":"$40.00","Leaders Bet":"$60.00","To Win":null,"Payout":null,"TOTALS":null,"Mitch Totals":null,"Phil Totals":null,"Bryce Totals":null,"Cory Totals":null,"JB Totals":null,"Ethan Totals":null,"Jaime Totals":null,"Nate Totals":null,"Evan Totals":null,"Brandon Totals":null},{"Week":"10","Date":"10/24/25","Mitch Bet Amount":"$5","Mitch Win/Lose/Push":"Loss","Mitch":"USF (leaders) ","Mitch Resolved":"San Jose State University @ University of South Florida (University of South Florida)","Phil Bet Amount":"$20","Phil Win/Lose/Push":"Win","Phil":"Texas A&M/LSU Over (leaders) ","Phil Resolved":"Texas A&M University @ Louisiana State University (Over)","Bryce Bet Amount":"$5","Bryce Win/Lose/Push":"Win","Bryce":"BYU (legends) ","Bryce Resolved":"Brigham Young University (Brigham Young University)","Cory Bet Amount":"$5","Cory Win/Lose/Push":"Loss","Cory":"Bama (legends)  ","Cory Resolved":"University of Alabama (University of Alabama)","JB Bet Amount":"$15","JB Win/Lose/Push":"Win","JB":"southern miss (leaders) ","JB Resolved":"University of Southern Mississippi (University of Southern Mississippi)","Ethan Bet Amount":"$10","Ethan Win/Lose/Push":"Win","Ethan":"Oklahoma vs ole miss over (legends) ","Ethan Resolved":"Texas A&M University @ Louisiana State University (Over)","Jaime Bet Amount":"$5","Jaime Win/Lose/Push":"Loss","Jaime":"UCLA +26 (legends) ","Jaime Resolved":"University of California Los Angeles (University of California Los Angeles +26)","Nathan Bet Amount":"$5","Nathan Win/Lose/Push":"Win","Nathan":"Chiefs -11.5 (legends) ","Nathan Resolved":"Kansas City Chiefs (Kansas City Chiefs -11.5)","Evan Bet Amount":"$10","Evan Win/Lose/Push":"Win","Evan":"Ole Miss +5.5 (leaders) ","Evan Resolved":"University of Southern Mississippi (University of Southern Mississippi)","Brandon Bet Amount":"$10","Brandon Win/Lose/Push":"Win","Brandon":"IF(Man City > -120, Man City, MSU +13.5) (legends) ","Brandon Resolved":"Kansas City Chiefs (Kansas City Chiefs -11.5)","":"","Total Team Bet":"$90.00","Legends Bet":"$40.00","Leaders Bet":"$50.00","To Win":null,"Payout":null,"TOTALS":null,"Mitch Totals":null,"Phil Totals":null,"Bryce Totals":null,"Cory Totals":null,"JB Totals":null,"Ethan Totals":null,"Jaime Totals":null,"Nate Totals":null,"Evan Totals":null,"Brandon Totals":null},{"Week":"11","Date":"10/31/25","Mitch Bet Amount":"$10","Mitch Win/Lose/Push":"Loss","Mitch":"georgia tech - tail JB (leaders)","Mitch Resolved":"Tail georgia tech - JB (leaders)","Phil Bet Amount":"$5","Phil Win/Lose/Push":"Win","Phil":"Utah (leaders)","Phil Resolved":"University of Utah (University of Utah)","Bryce Bet Amount":"$5","Bryce Win/Lose/Push":"Win","Bryce":"Timothy Cuamba (legends)","Bryce Resolved":"Timothy Cuamba (Timothy Cuamba)","Cory Bet Amount":"$10","Cory Win/Lose/Push":"Loss","Cory":"(legends) Patriots  ","Cory Resolved":"New England Patriots (New England Patriots)","JB Bet Amount":"$5","JB Win/Lose/Push":"Loss","JB":"(leaders) Georgia tech","JB Resolved":"Georgia Institute of Technology (Georgia Institute of Technology)","Ethan Bet Amount":"$5","Ethan Win/Lose/Push":"Win","Ethan":"Indiana (legends)","Ethan Resolved":"Indiana University (Indiana University)","Jaime Bet Amount":"$10","Jaime Win/Lose/Push":"Loss","Jaime":"MIA/SMU Over (legends)","Jaime Resolved":"University of Miami @ Southern Methodist University (Over)","Nathan Bet Amount":"$5","Nathan Win/Lose/Push":"Loss","Nathan":"KC -1.5 (legends) ","Nathan Resolved":"Kansas City Chiefs (Kansas City Chiefs -1.5)","Evan Bet Amount":"$5","Evan Win/Lose/Push":"Win","Evan":"Oklahoma+2.5 (leaders)","Evan Resolved":"University of Oklahoma (University of Oklahoma +2.5)","Brandon Bet Amount":"$5","Brandon Win/Lose/Push":"Push","Brandon":"Texas -3.5 (legends)","Brandon Resolved":"University of Texas (University of Texas -3.5)","":"","Total Team Bet":"$65.00","Legends Bet":"$40.00","Leaders Bet":"$25.00","To Win":null,"Payout":null,"TOTALS":null,"Mitch Totals":null,"Phil Totals":null,"Bryce Totals":null,"Cory Totals":null,"JB Totals":null,"Ethan Totals":null,"Jaime Totals":null,"Nate Totals":null,"Evan Totals":null,"Brandon Totals":null},{"Week":"12","Date":"11/7/25","Mitch Bet Amount":"$15","Mitch Win/Lose/Push":"Win","Mitch":"Wake Forest  (leaders) ","Mitch Resolved":"Stanford University @ Wake Forest University (Wake Forest University)","Phil Bet Amount":"$5","Phil Win/Lose/Push":"Loss","Phil":"Oregon (leaders) ","Phil Resolved":"University of Oregon (University of Oregon)","Bryce Bet Amount":"$5","Bryce Win/Lose/Push":"Win","Bryce":"(legends) UL LAFAYETTE ","Bryce Resolved":"University of Louisiana Lafayette (University of Louisiana Lafayette)","Cory Bet Amount":"$15","Cory Win/Lose/Push":"Win","Cory":"Wash/wi under (legends) ","Cory Resolved":"University of Washington @ University of Wisconsin (Under)","JB Bet Amount":"$10","JB Win/Lose/Push":"Win","JB":"stanford under (leaders) ","JB Resolved":"Stanford University @ Wake Forest University (Wake Forest University)","Ethan Bet Amount":"$5","Ethan Win/Lose/Push":"Win","Ethan":"Vandy (legends) ","Ethan Resolved":"Vanderbilt University (Vanderbilt University)","Jaime Bet Amount":"$15","Jaime Win/Lose/Push":"Win","Jaime":"Texas A&M -6.5 (leaders) ","Jaime Resolved":"Texas A&M University (Texas A&M University -6.5)","Nathan Bet Amount":"$10","Nathan Win/Lose/Push":"Win","Nathan":"LAR (legends) ","Nathan Resolved":"Los Angeles Rams (Los Angeles Rams)","Evan Bet Amount":"$5","Evan Win/Lose/Push":"Loss","Evan":"BYU +12 (legends) ","Evan Resolved":"Brigham Young University (Brigham Young University +12)","Brandon Bet Amount":"$5","Brandon Win/Lose/Push":"Win","Brandon":"Penn State (legends) ","Brandon Resolved":"Penn State University (Penn State University)","":"","Total Team Bet":"$90.00","Legends Bet":"$45.00","Leaders Bet":"$45.00","To Win":null,"Payout":null,"TOTALS":null,"Mitch Totals":null,"Phil Totals":null,"Bryce Totals":null,"Cory Totals":null,"JB Totals":null,"Ethan Totals":null,"Jaime Totals":null,"Nate Totals":null,"Evan Totals":null,"Brandon Totals":null},{"Week":"13","Date":"11/14/25","Mitch Bet Amount":"$5","Mitch Win/Lose/Push":"Loss","Mitch":"San Jose St. (leaders)","Mitch Resolved":"University of Nevada Las Vegas @ San Jose State University (San Jose State University)","Phil Bet Amount":"$10","Phil Win/Lose/Push":"Win","Phil":"Penn State (leaders) ","Phil Resolved":"University of Nevada Las Vegas @ San Jose State University (San Jose State University)","Bryce Bet Amount":"$5","Bryce Win/Lose/Push":"Win","Bryce":"(legends) Arizona ","Bryce Resolved":"University of Arizona (University of Arizona)","Cory Bet Amount":"$5","Cory Win/Lose/Push":"Push","Cory":"(legends) Ravens  ","Cory Resolved":"Baltimore Ravens (Baltimore Ravens)","JB Bet Amount":"$5","JB Win/Lose/Push":"Win","JB":"(leaders) Iowa under ","JB Resolved":"University of Iowa (Under)","Ethan Bet Amount":"$5","Ethan Win/Lose/Push":"Win","Ethan":"Georgia (legends) ","Ethan Resolved":"University of Georgia (University of Georgia)","Jaime Bet Amount":"$5","Jaime Win/Lose/Push":"Win","Jaime":"Texas A&M/SC Over (legends) ","Jaime Resolved":"Texas A&M University @ University of South Carolina (Over)","Nathan Bet Amount":"$5","Nathan Win/Lose/Push":"Loss","Nathan":"Texans (legends) ","Nathan Resolved":"Houston Texans (Houston Texans)","Evan Bet Amount":"$10","Evan Win/Lose/Push":"Win","Evan":"BYU -3 (leaders) ","Evan Resolved":"Brigham Young University (Brigham Young University -3)","Brandon Bet Amount":"$5","Brandon Win/Lose/Push":"Win","Brandon":"Northwestern +11.5 (legends) ","Brandon Resolved":"Northwestern University (Northwestern University +11.5)","":"","Total Team Bet":"$60.00","Legends Bet":"$30.00","Leaders Bet":"$30.00","To Win":null,"Payout":null,"TOTALS":null,"Mitch Totals":null,"Phil Totals":null,"Bryce Totals":null,"Cory Totals":null,"JB Totals":null,"Ethan Totals":null,"Jaime Totals":null,"Nate Totals":null,"Evan Totals":null,"Brandon Totals":null},{"Week":"14","Date":"11/21/25","Mitch Bet Amount":"$10","Mitch Win/Lose/Push":"Win","Mitch":"Bryce (leaders)","Mitch Resolved":"Tail Bryce","Phil Bet Amount":"$5","Phil Win/Lose/Push":"Win","Phil":"Michigan (leaders)","Phil Resolved":"University of Michigan (University of Michigan)","Bryce Bet Amount":"$5","Bryce Win/Lose/Push":"Win","Bryce":"Duke (legends)","Bryce Resolved":"Duke University (Duke University)","Cory Bet Amount":"$5","Cory Win/Lose/Push":"Win","Cory":"Utah KSU. Over (legends)","Cory Resolved":"Kansas State University @ University of Utah (Over)","JB Bet Amount":"$5","JB Win/Lose/Push":"Win","JB":"Brandon (leaders)","JB Resolved":"Tail Brandon","Ethan Bet Amount":"$5","Ethan Win/Lose/Push":"Win","Ethan":"Bengals (legends)","Ethan Resolved":"Cincinnati Bengals (Cincinnati Bengals)","Jaime Bet Amount":"$5","Jaime Win/Lose/Push":"Loss","Jaime":"Texas A&M/Samford Over (legends)","Jaime Resolved":"Kansas State University @ University of Utah (Over)","Nathan Bet Amount":"$10","Nathan Win/Lose/Push":"Win","Nathan":"Rams (legends)","Nathan Resolved":"Los Angeles Rams (Los Angeles Rams)","Evan Bet Amount":"$5","Evan Win/Lose/Push":"Win","Evan":"Tennessee -4 (leaders)","Evan Resolved":"University of Tennessee (University of Tennessee -4)","Brandon Bet Amount":"$5","Brandon Win/Lose/Push":"Win","Brandon":"BYU (legends)","Brandon Resolved":"Brigham Young University (Brigham Young University)","":"","Total Team Bet":"$60.00","Legends Bet":"$35.00","Leaders Bet":"$25.00","To Win":"","Payout":"$87.38","TOTALS":null,"Mitch Totals":null,"Phil Totals":null,"Bryce Totals":null,"Cory Totals":null,"JB Totals":null,"Ethan Totals":null,"Jaime Totals":null,"Nate Totals":null,"Evan Totals":null,"Brandon Totals":null},{"Week":"15","Date":"11/28/25","Mitch Bet Amount":"$5","Mitch Win/Lose/Push":"W","Mitch":"Alabama -110 (leaders)","Mitch Resolved":"Alabama Crimson Tide @ Auburn Tigers (Alabama Crimson Tide -5)","Phil Bet Amount":"$5","Phil Win/Lose/Push":"W","Phil":"Oregon (leaders) ","Phil Resolved":"Oregon Ducks @ Washington Huskies","Bryce Bet Amount":"$5","Bryce Win/Lose/Push":"L","Bryce":"vikes (NFL) (legends)","Bryce Resolved":"Minnesota Vikings @ Seattle Seahawks (Minnesota Vikings +11.5)","Cory Bet Amount":"$5","Cory Win/Lose/Push":"W","Cory":"houston (NCAAF) (legends)","Cory Resolved":"Houston Cougars @ Baylor Bears (Houston Cougars +2.5)","JB Bet Amount":"$5","JB Win/Lose/Push":"W","JB":"NW/Illinois under (leaders) (leaders)","JB Resolved":"Northwestern Wildcats @ Illinois Fighting Illini (Under 45.5)","Ethan Bet Amount":"$5","Ethan Win/Lose/Push":"W","Ethan":"ohio state -110 (legends)","Ethan Resolved":"Ohio State Buckeyes @ Michigan Wolverines (Ohio State Buckeyes -9.5)","Jaime Bet Amount":"$10","Jaime Win/Lose/Push":"L","Jaime":"OK/LSU Over -110 (leaders)","Jaime Resolved":"LSU Tigers @ Oklahoma Sooners (Over 36.5)","Nathan Bet Amount":"$5","Nathan Win/Lose/Push":"L","Nathan":"Browns  -110 (legends)","Nathan Resolved":"San Francisco 49ers @ Cleveland Browns (Cleveland Browns +6)","Evan Bet Amount":"$5","Evan Win/Lose/Push":"L","Evan":"Pitt +7 (NCAAF) (legends)","Evan Resolved":"Miami Hurricanes @ Pittsburgh Panthers (Pittsburgh Panthers +7)","Brandon Bet Amount":"$5","Brandon Win/Lose/Push":"W","Brandon":"Ethan (legends)","Brandon Resolved":"Ethan","":"","Total Team Bet":"$30.00","Legends Bet":"$0.00","Leaders Bet":"$0.00","To Win":null,"Payout":null,"TOTALS":null,"Mitch Totals":null,"Phil Totals":null,"Bryce Totals":null,"Cory Totals":null,"JB Totals":null,"Ethan Totals":null,"Jaime Totals":null,"Nate Totals":null,"Evan Totals":null,"Brandon Totals":null},{"Week":"16","Date":"12/5/25","Mitch Bet Amount":"$5","Mitch Win/Lose/Push":"W","Mitch":"Louisville | -4.5 (NCAAB) (leaders)","Mitch Resolved":"Indiana Hoosiers @ Louisville Cardinals (Louisville Cardinals -4.5)","Phil Bet Amount":"$5","Phil Win/Lose/Push":"W","Phil":"Miami-Ohio | under 43 (NCAAF) (leaders)","Phil Resolved":"Miami (OH) RedHawks @ Western Michigan Broncos (Under 43)","Bryce Bet Amount":"$10","Bryce Win/Lose/Push":"W","Bryce":"Georgia | -2 (NCAAF) (legends)","Bryce Resolved":"Georgia Bulldogs @ Alabama Crimson Tide (Georgia Bulldogs -2)","Cory Bet Amount":"$5","Cory Win/Lose/Push":"L","Cory":"Virginia | -4 (NCAAF) (legends)","Cory Resolved":"Duke Blue Devils @ Virginia Cavaliers (Virginia Cavaliers -4)","JB Bet Amount":"$5","JB Win/Lose/Push":"L","JB":"montana/montana st over 53.5","JB Resolved":"montana @ montana st (Over 53.5)","Ethan Bet Amount":"$5","Ethan Win/Lose/Push":"W","Ethan":"Jaguars | +2 (NFL) (legends)","Ethan Resolved":"Indianapolis Colts @ Jacksonville Jaguars (Jacksonville Jaguars +2)","Jaime Bet Amount":"$15","Jaime Win/Lose/Push":"L","Jaime":"Packers/Bears | under 44 (NFL) (leaders)","Jaime Resolved":"Chicago Bears @ Green Bay Packers (Under 44)","Nathan Bet Amount":"$10","Nathan Win/Lose/Push":"W","Nathan":"Texans | +3.5 (NFL) (legends)","Nathan Resolved":"Houston Texans @ Kansas City Chiefs (Houston Texans +3.5)","Evan Bet Amount":"$10","Evan Win/Lose/Push":"L","Evan":"Georgia Alabama | under 48 (NCAAF) (legends)","Evan Resolved":"Georgia Bulldogs @ Alabama Crimson Tide (Under 48)","Brandon Bet Amount":"$5","Brandon Win/Lose/Push":"L","Brandon":"OSU | -3 (NCAAF) (legends)","Brandon Resolved":"Indiana Hoosiers @ Ohio State Buckeyes (Ohio State Buckeyes -3)","":"","Total Team Bet":"$0.00","Legends Bet":"$0.00","Leaders Bet":"$0.00","To Win":null,"Payout":null,"TOTALS":null,"Mitch Totals":null,"Phil Totals":null,"Bryce Totals":null,"Cory Totals":null,"JB Totals":null,"Ethan Totals":null,"Jaime Totals":null,"Nate Totals":null,"Evan Totals":null,"Brandon Totals":null},{"Week":"17","Date":"12/12/2025","Mitch Bet Amount":"$5","Mitch Win/Lose/Push":"L","Mitch":"Navy -6 (leaders)","Mitch Resolved":"(Navy -6)","Phil Bet Amount":"$5","Phil Win/Lose/Push":"W","Phil":"Army/Navy Under 38 (leaders)","Phil Resolved":"(Under 38)","Bryce Bet Amount":"$5","Bryce Win/Lose/Push":"W","Bryce":"Brandon (legends)","Bryce Resolved":"Tail Brandon","Cory Bet Amount":"$10","Cory Win/Lose/Push":"L","Cory":"Houston/az under 42.5 (legends)","Cory Resolved":"Houston Texans Arizona Cardinals (Under 42.5)","JB Bet Amount":"$5","JB Win/Lose/Push":"P","JB":"zaga -10 (leaders)","JB Resolved":"UCLA Bruins @ Gonzaga Bulldogs (Gonzaga -10)","Ethan Bet Amount":"$5","Ethan Win/Lose/Push":"L","Ethan":"Creighton -4 (legends)","Ethan Resolved":"Kansas St. Wildcats @ Creighton Bluejays (Creighton -4)","Jaime Bet Amount":"$20","Jaime Win/Lose/Push":"W","Jaime":"Packers/Broncos Over 43 (leaders)","Jaime Resolved":"Green Bay Packers Denver Broncos (Over 43)","Nathan Bet Amount":"$5","Nathan Win/Lose/Push":"L","Nathan":"Packers -2 (legends)","Nathan Resolved":"Green Bay Packers Denver Broncos (Green Bay Packers -2)","Evan Bet Amount":"$15","Evan Win/Lose/Push":"W","Evan":"Michigan St Penn St under 145 (legends)","Evan Resolved":"Michigan St. Spartans Penn State Nittany Lions (Under 145)","Brandon Bet Amount":"$10","Brandon Win/Lose/Push":"W","Brandon":"Man City -.5 (legends)","Brandon Resolved":"Crystal Palace F.C. @ Manchester City Football Club (Manchester City -.5)","":null,"Total Team Bet":null,"Legends Bet":null,"Leaders Bet":null,"To Win":null,"Payout":null,"TOTALS":null,"Mitch Totals":null,"Phil Totals":null,"Bryce Totals":null,"Cory Totals":null,"JB Totals":null,"Ethan Totals":null,"Jaime Totals":null,"Nate Totals":null,"Evan Totals":null,"Brandon Totals":null},{"Week":"18","Date":"12/19/2025","Mitch Bet Amount":"$10","Mitch Win/Lose/Push":"L","Mitch":"unc | -3.5 (NCAAB) (leaders)","Mitch Resolved":"Ohio State Buckeyes @ North Carolina Tar Heels (North Carolina Tar Heels -3.5)","Phil Bet Amount":"$5","Phil Win/Lose/Push":"L","Phil":"Utah State/Wash State | Under 50 (NCAAF) (legends)","Phil Resolved":"Washington State Cougars @ Utah State Aggies (Under 50)","Bryce Bet Amount":"$5","Bryce Win/Lose/Push":"L","Bryce":"Utah State | -1 (NCAAF) (legends)","Bryce Resolved":"Washington State Cougars @ Utah State Aggies (Utah State Aggies -1)","Cory Bet Amount":"$15","Cory Win/Lose/Push":"W","Cory":"Unlv/Ohio under | under 65.5 (NCAAF) (legends)","Cory Resolved":"Unlv/Ohio under (Under 65.5)","JB Bet Amount":"$5","JB Win/Lose/Push":"W","JB":"montana/montana st over 53.5","JB Resolved":"Montana Grizzlies @ Montana State Bobcats (Over 53.5)","Ethan Bet Amount":"$10","Ethan Win/Lose/Push":"W","Ethan":"Gophers | -2 (NCAAF) (legends)","Ethan Resolved":"New Mexico Lobos @ Minnesota Golden Gophers (Minnesota Golden Gophers -2)","Jaime Bet Amount":"$5","Jaime Win/Lose/Push":"W","Jaime":"49ers | -5.5 (NFL) (leaders)","Jaime Resolved":"San Francisco 49ers @ Indianapolis Colts (San Francisco 49ers -5.5)","Nathan Bet Amount":"$10","Nathan Win/Lose/Push":"W","Nathan":"Vikes | -2.5 (NFL) (legends)","Nathan Resolved":"Minnesota Vikings @ New York Giants (Minnesota Vikings -2.5)","Evan Bet Amount":"$5","Evan Win/Lose/Push":"W","Evan":"TAM Miami | under 48 (NCAAF) (leaders)","Evan Resolved":"Miami Hurricanes @ Texas A&M Aggies (Under 48)","Brandon Bet Amount":"$5","Brandon Win/Lose/Push":"L","Brandon":"TAM | -3 (NCAAF) (legends)","Brandon Resolved":"TAM (TAM -3)","":null,"Total Team Bet":null,"Legends Bet":null,"Leaders Bet":null,"To Win":null,"Payout":null,"TOTALS":null,"Mitch Totals":null,"Phil Totals":null,"Bryce Totals":null,"Cory Totals":null,"JB Totals":null,"Ethan Totals":null,"Jaime Totals":null,"Nate Totals":null,"Evan Totals":null,"Brandon Totals":null},{"Week":"19","Date":"12/26/2025","Mitch Bet Amount":"$15","Mitch Win/Lose/Push":"W","Mitch":"Navy | -7 (NCAAF) (leaders)","Mitch Resolved":"Navy Midshipmen @ Cincinnati Bearcats (Navy Midshipmen -7)","Phil Bet Amount":"$10","Phil Win/Lose/Push":"L","Phil":"North Texas / San Diego St | Under 52.5 (NCAAF) (leaders)","Phil Resolved":"North Texas Mean Green @ San Diego State Aztecs (Under 52.5)","Bryce Bet Amount":"$10","Bryce Win/Lose/Push":"L","Bryce":"Arizona | +7 (NFL) (legends)","Bryce Resolved":"Arizona Cardinals @ Cincinnati Bengals (Arizona Cardinals +7)","Cory Bet Amount":"$5","Cory Win/Lose/Push":"W","Cory":"Oregon/tt | under 52.5 (NCAAF) (legends)","Cory Resolved":"Oregon @ tt (Under 52.5)","JB Bet Amount":"$5","JB Win/Lose/Push":"L","JB":"Vandy Baby! | -4.5 (NCAAF) (leaders)","JB Resolved":"Vandy Baby! (Vandy Baby! -4.5)","Ethan Bet Amount":"$5","Ethan Win/Lose/Push":"L","Ethan":"Georgia | -6 (NCAAF) (legends)","Ethan Resolved":"Georgia Tech Yellow Jackets @ BYU Cougars (Georgia Tech Yellow Jackets -6)","Jaime Bet Amount":"$5","Jaime Win/Lose/Push":"W","Jaime":"49ers | -3 (NFL) (leaders)","Jaime Resolved":"Chicago Bears @ San Francisco 49ers (San Francisco 49ers -3)","Nathan Bet Amount":"$5","Nathan Win/Lose/Push":"L","Nathan":"Packers | -3 (NFL) (legends)","Nathan Resolved":"Baltimore Ravens @ Green Bay Packers (Green Bay Packers -3)","Evan Bet Amount":"$5","Evan Win/Lose/Push":"L","Evan":"texas tech | +2 (NCAAF) (legends)","Evan Resolved":"Oregon Ducks @ Texas Tech Red Raiders (Texas Tech Red Raiders +2)","Brandon Bet Amount":"$10","Brandon Win/Lose/Push":"W","Brandon":"Texans | +2 (NFL) (legends)","Brandon Resolved":"Houston Texans @ Los Angeles Chargers (Houston Texans +2)","":null,"Total Team Bet":null,"Legends Bet":null,"Leaders Bet":null,"To Win":null,"Payout":null,"TOTALS":null,"Mitch Totals":null,"Phil Totals":null,"Bryce Totals":null,"Cory Totals":null,"JB Totals":null,"Ethan Totals":null,"Jaime Totals":null,"Nate Totals":null,"Evan Totals":null,"Brandon Totals":null},{"Week":"20","Date":"01/02/2026","Mitch Bet Amount":"$5","Mitch Win/Lose/Push":"W","Mitch":"Alabama (NCAAB) (leaders)","Mitch Resolved":"Kentucky Wildcats @ Alabama Crimson Tide (Alabama Crimson Tide -5.5) (NCAAB)","Phil Bet Amount":"$15","Phil Win/Lose/Push":"W","Phil":"Illinois State/Montana State Over (leaders)","Phil Resolved":"Illinois State Redbirds @ Montana State Bobcats (Over 56.5) (FCS)","Bryce Bet Amount":"$15","Bryce Win/Lose/Push":"W","Bryce":"Indiana (legends)","Bryce Resolved":"Oregon @ Indiana (Indiana -4)","Cory Bet Amount":"$5","Cory Win/Lose/Push":"L","Cory":"49ers (legends)","Cory Resolved":"Seattle Seahawks @ San Francisco 49ers ( San Franscisco 49ers +3)","JB Bet Amount":"$10","JB Win/Lose/Push":"L","JB":"montana st - buy the half point (leaders)","JB Resolved":"Illinois State Redbirds @ Montana State Bobcats (Montana State Bobcats -10) (FCS)","Ethan Bet Amount":"$10","Ethan Win/Lose/Push":"W","Ethan":"Timberwolves (legends)","Ethan Resolved":"Minnesota Timberwolves @ Miami Heat (Minnesota Timberwolves -3) (NBA)","Jaime Bet Amount":"$5","Jaime Win/Lose/Push":"W","Jaime":"Steelers/Ravens Over (legends)","Jaime Resolved":"Baltimore Ravens @ Pittsburgh Steelers (Over 41) (NFL)","Nathan Bet Amount":"$10","Nathan Win/Lose/Push":"L","Nathan":"Bengals (legends)","Nathan Resolved":"Cleveland Browns @ Cincinnati Bengals (Cincinnati Bengals -7) (NFL)","Evan Bet Amount":"$10","Evan Win/Lose/Push":"W","Evan":"Virginia Tech +5.5 (leaders)","Evan Resolved":"Virginia Tech Hokies @ Wake Forest Demon Deacons (Virginia Tech Hokies +5.5) (NCAAB)","Brandon Bet Amount":"$5","Brandon Win/Lose/Push":"W","Brandon":"Iowa -6.5 (legends)","Brandon Resolved":"UCLA Bruins @ Iowa Hawkeyes (Iowa Hawkeyes -6.5) (NCAAB)","":null,"Total Team Bet":null,"Legends Bet":null,"Leaders Bet":null,"To Win":null,"Payout":null,"TOTALS":null,"Mitch Totals":null,"Phil Totals":null,"Bryce Totals":null,"Cory Totals":null,"JB Totals":null,"Ethan Totals":null,"Jaime Totals":null,"Nate Totals":null,"Evan Totals":null,"Brandon Totals":null},{"Week":"21","Date":"01/09/2026","Mitch Bet Amount":"$5","Mitch Win/Lose/Push":"","Mitch":"","Mitch Resolved":"","Phil Bet Amount":"$5","Phil Win/Lose/Push":"","Phil":"","Phil Resolved":"","Bryce Bet Amount":"$5","Bryce Win/Lose/Push":"","Bryce":"","Bryce Resolved":"","Cory Bet Amount":"$10","Cory Win/Lose/Push":"","Cory":"","Cory Resolved":"","JB Bet Amount":"$15","JB Win/Lose/Push":"","JB":"","JB Resolved":"","Ethan Bet Amount":"$5","Ethan Win/Lose/Push":"","Ethan":"","Ethan Resolved":"","Jaime Bet Amount":"$5","Jaime Win/Lose/Push":"","Jaime":"","Jaime Resolved":"","Nathan Bet Amount":"$15","Nathan Win/Lose/Push":"","Nathan":"","Nathan Resolved":"","Evan Bet Amount":"$5","Evan Win/Lose/Push":"","Evan":"","Evan Resolved":"","Brandon Bet Amount":"$5","Brandon Win/Lose/Push":null,"Brandon":null,"Brandon Resolved":null,"":null,"Total Team Bet":null,"Legends Bet":null,"Leaders Bet":null,"To Win":null,"Payout":null,"TOTALS":null,"Mitch Totals":null,"Phil Totals":null,"Bryce Totals":null,"Cory Totals":null,"JB Totals":null,"Ethan Totals":null,"Jaime Totals":null,"Nate Totals":null,"Evan Totals":null,"Brandon Totals":null}]
3:31:45 AM [express] GET /api/data 200 in 131ms :: [{"Date":"8/22/2023","Mitch":"222.41","Phil":"187.41","Bryce":"97.41","Cory":"207.41","JB":"212.41","Ethan":null,"Jaime":null,"Nathan":null,"Evan":null,"Brandon":null},{"Date":"10/4/2023","Mitch":"403.76","Phil":"398.76","Bryce":"388.76","Cory":"333.76","JB":"383.76","Ethan":null,"Jaime":null,"Nathan":null,"Evan":null,"Brandon":null},{"Date":"8/23/2024","Mitch":"60.23","Phil":"95.23","Bryce":"120.23","Cory":"60.23","JB":"160.23","Ethan":null,"Jaime":null,"Nathan":null,"Evan":null,"Brandon":null}]
3:31:45 AM [express] GET /api/data 304 in 7ms :: [{"Week":"1","Date":"10/21/22","Mitch Bet Amount":"$5.00","Mitch Win/Lose/Push":"Loss","Mitch":"Washington -7.5","Phil Bet Amount":"$5.00","Phil Win/Lose/Push":"Loss","Phil":"MN vs. PSU U43","Bryce Bet Amount":"$5.00","Bryce Win/Lose/Push":"Loss","Bryce":"Purdue ML vs. Wisconsin","Cory Bet Amount":"$5.00","Cory Win/Lose/Push":"Loss","Cory":"Ole Miss -1.5","JB Bet Amount":"$5.00","JB Win/Lose/Push":"Loss","JB":"Oregon vs. UCLA U71","Ethan Bet Amount":"$5.00","Ethan Win/Lose/Push":"Loss","Ethan":"Iowa +30","Jaime Bet Amount":"","Jaime Win/Lose/Push":"","Jaime":"","Nathan Bet Amount":"$5.00","Nathan Win/Lose/Push":"","Nathan":"Nate - PSU -5","Evan Bet Amount":"","Evan Win/Lose/Push":"","Evan":"","Brandon Bet Amount":"","Brandon Win/Lose/Push":"","Brandon":"","Total Team Bet":"$35.00","Legends Bet":"","Leaders Bet":"","To Win":"$3,273.20","Payout":"$0.00","TOTALS":"Total Bet","Mitch Totals":"195","Phil Totals":"260","Bryce Totals":"275","Cory Totals":"345","JB Totals":"255","Ethan Totals":"235"},{"Week":"2","Date":"10/28/22","Mitch Bet Amount":"$10.00","Mitch Win/Lose/Push":"Win","Mitch":"TCU -7.5 ","Phil Bet Amount":"$10.00","Phil Win/Lose/Push":"Loss","Phil":"OSU v PSU U61 ","Bryce Bet Amount":"$10.00","Bryce Win/Lose/Push":"Loss","Bryce":"OSU -16 ","Cory Bet Amount":"$10.00","Cory Win/Lose/Push":"Loss","Cory":"Wild over 6.5 ","JB Bet Amount":"$10.00","JB Win/Lose/Push":"Win","JB":"unc -3 ","Ethan Bet Amount":"$10.00","Ethan Win/Lose/Push":"Loss","Ethan":"Rutgers +14 ","Jaime Bet Amount":"","Jaime Win/Lose/Push":"","Jaime":"","Nathan Bet Amount":"","Nathan Win/Lose/Push":"","Nathan":"","Evan Bet Amount":"","Evan Win/Lose/Push":"","Evan":"","Brandon Bet Amount":"","Brandon Win/Lose/Push":"","Brandon":"","Total Team Bet":"$60.00","Legends Bet":"","Leaders Bet":"","To Win":"$2,792.00","Payout":"$0.00","TOTALS":"Total Wins","Mitch Totals":"15","Phil Totals":"13","Bryce Totals":"11","Cory Totals":"10","JB Totals":"14","Ethan Totals":"13"},{"Week":"3","Date":"11/4/22","Mitch Bet Amount":"$5.00","Mitch Win/Lose/Push":"Win","Mitch":"Marshall -3","Phil Bet Amount":"$15.00","Phil Win/Lose/Push":"Win","Phil":"TCU -8","Bryce Bet Amount":"$15.00","Bryce Win/Lose/Push":"Loss","Bryce":"Clemson  -3.5","Cory Bet Amount":"$15.00","Cory Win/Lose/Push":"Loss","Cory":"Maryland +5","JB Bet Amount":"$5.00","JB Win/Lose/Push":"Win","JB":"Louisville -7","Ethan Bet Amount":"$15.00","Ethan Win/Lose/Push":"Push","Ethan":"Vikings -3","Jaime Bet Amount":"","Jaime Win/Lose/Push":"","Jaime":"","Nathan Bet Amount":"","Nathan Win/Lose/Push":"","Nathan":"","Evan Bet Amount":"","Evan Win/Lose/Push":"","Evan":"","Brandon Bet Amount":"","Brandon Win/Lose/Push":"","Brandon":"","Total Team Bet":"$70.00","Legends Bet":"","Leaders Bet":"","To Win":"$3,130.04","Payout":"$0.00","TOTALS":"Total Losses","Mitch Totals":"12","Phil Totals":"14","Bryce Totals":"14","Cory Totals":"16","JB Totals":"13","Ethan Totals":"13"},{"Week":"4","Date":"11/11/22","Mitch Bet Amount":"$5.00","Mitch Win/Lose/Push":"Loss","Mitch":"LSU -4 ","Phil Bet Amount":"$5.00","Phil Win/Lose/Push":"Win","Phil":"Ole Miss +11.5 ","Bryce Bet Amount":"$20.00","Bryce Win/Lose/Push":"Win","Bryce":"PSU-10.5  ","Cory Bet Amount":"$20.00","Cory Win/Lose/Push":"Win","Cory":"Tcu +7.5  ","JB Bet Amount":"$5.00","JB Win/Lose/Push":"Win","JB":"Clemson-7 ","Ethan Bet Amount":"$15.00","Ethan Win/Lose/Push":"Win","Ethan":"Vikings +3  ","Jaime Bet Amount":"","Jaime Win/Lose/Push":"","Jaime":"","Nathan Bet Amount":"","Nathan Win/Lose/Push":"","Nathan":"","Evan Bet Amount":"","Evan Win/Lose/Push":"","Evan":"","Brandon Bet Amount":"","Brandon Win/Lose/Push":"","Brandon":"","Total Team Bet":"$70.00","Legends Bet":"","Leaders Bet":"","To Win":"$3,479.65","Payout":"$0.00","TOTALS":"Total Pushes","Mitch Totals":"0","Phil Totals":"0","Bryce Totals":"2","Cory Totals":"1","JB Totals":"0","Ethan Totals":"1"},{"Week":"5","Date":"11/18/22","Mitch Bet Amount":"$10.00","Mitch Win/Lose/Push":"Win","Mitch":"Wash St -4 ","Phil Bet Amount":"$5.00","Phil Win/Lose/Push":"Win","Phil":"Louisville -4 ","Bryce Bet Amount":"$5.00","Bryce Win/Lose/Push":"Loss","Bryce":"Vikings +1.5 ","Cory Bet Amount":"$5.00","Cory Win/Lose/Push":"Loss","Cory":"TCU -2.5 ","JB Bet Amount":"$5.00","JB Win/Lose/Push":"Win","JB":"auburn -5.5 ","Ethan Bet Amount":"$5.00","Ethan Win/Lose/Push":"Loss","Ethan":"76ers -2 ","Jaime Bet Amount":"","Jaime Win/Lose/Push":"","Jaime":"","Nathan Bet Amount":"","Nathan Win/Lose/Push":"","Nathan":"","Evan Bet Amount":"","Evan Win/Lose/Push":"","Evan":"","Brandon Bet Amount":"","Brandon Win/Lose/Push":"","Brandon":"","Total Team Bet":"$35.00","Legends Bet":"","Leaders Bet":"","To Win":"$1,697.00","Payout":"$0.00","TOTALS":"Win Percentage","Mitch Totals":"55.56%","Phil Totals":"48.15%","Bryce Totals":"44.00%","Cory Totals":"38.46%","JB Totals":"51.85%","Ethan Totals":"50.00%"},{"Week":"6","Date":"11/25/22","Mitch Bet Amount":"$5.00","Mitch Win/Lose/Push":"Loss","Mitch":"Marshall -6 ","Phil Bet Amount":"$5.00","Phil Win/Lose/Push":"Loss","Phil":"Louisville +3 ","Bryce Bet Amount":"$10.00","Bryce Win/Lose/Push":"Win","Bryce":"Washington commanders -4 ","Cory Bet Amount":"$10.00","Cory Win/Lose/Push":"Loss","Cory":"Ravens -3 ","JB Bet Amount":"$5.00","JB Win/Lose/Push":"Loss","JB":"oregon -3 ","Ethan Bet Amount":"$10.00","Ethan Win/Lose/Push":"Win","Ethan":"Gophers + 3.5 ","Jaime Bet Amount":"","Jaime Win/Lose/Push":"","Jaime":"","Nathan Bet Amount":"","Nathan Win/Lose/Push":"","Nathan":"","Evan Bet Amount":"","Evan Win/Lose/Push":"","Evan":"","Brandon Bet Amount":"","Brandon Win/Lose/Push":"","Brandon":"","Total Team Bet":"$45.00","Legends Bet":"","Leaders Bet":"","To Win":"$1,862.92","Payout":"$0.00","TOTALS":null,"Mitch Totals":null,"Phil Totals":null,"Bryce Totals":null,"Cory Totals":null,"JB Totals":null,"Ethan Totals":null},{"Week":"7","Date":"12/2/22","Mitch Bet Amount":"$10.00","Mitch Win/Lose/Push":"Win","Mitch":"Tulane/UCF over 57 ","Phil Bet Amount":"$10.00","Phil Win/Lose/Push":"Win","Phil":"Vikings -3 ","Bryce Bet Amount":"$5.00","Bryce Win/Lose/Push":"Loss","Bryce":"KC -2 ","Cory Bet Amount":"$15.00","Cory Win/Lose/Push":"Loss","Cory":"Dolphins +4 ","JB Bet Amount":"$10.00","JB Win/Lose/Push":"Win","JB":"Michigan -16.5 ","Ethan Bet Amount":"$5.00","Ethan Win/Lose/Push":"Win","Ethan":"Mich -16.5 ","Jaime Bet Amount":"","Jaime Win/Lose/Push":"","Jaime":"","Nathan Bet Amount":"","Nathan Win/Lose/Push":"","Nathan":"","Evan Bet Amount":"","Evan Win/Lose/Push":"","Evan":"","Brandon Bet Amount":"","Brandon Win/Lose/Push":"","Brandon":"","Total Team Bet":"$55.00","Legends Bet":"","Leaders Bet":"","To Win":"$1,250.83","Payout":"$0.00","TOTALS":null,"Mitch Totals":null,"Phil Totals":null,"Bryce Totals":null,"Cory Totals":null,"JB Totals":null,"Ethan Totals":null},{"Week":"8","Date":"12/9/22","Mitch Bet Amount":"$5.00","Mitch Win/Lose/Push":"Win","Mitch":"kansas -4 ","Phil Bet Amount":"$5.00","Phil Win/Lose/Push":"Loss","Phil":"Army/Navy U32.5 ","Bryce Bet Amount":"$10.00","Bryce Win/Lose/Push":"Loss","Bryce":"TEN -3.5 ","Cory Bet Amount":"$20.00","Cory Win/Lose/Push":"Loss","Cory":"purdue -8.5 @ neb ","JB Bet Amount":"$5.00","JB Win/Lose/Push":"Loss","JB":"purdue -8.5 @ neb ","Ethan Bet Amount":"$5.00","Ethan Win/Lose/Push":"Win","Ethan":"Trail Blazers -5 ","Jaime Bet Amount":"","Jaime Win/Lose/Push":"","Jaime":"","Nathan Bet Amount":"","Nathan Win/Lose/Push":"","Nathan":"","Evan Bet Amount":"","Evan Win/Lose/Push":"","Evan":"","Brandon Bet Amount":"","Brandon Win/Lose/Push":"","Brandon":"","Total Team Bet":"$50.00","Legends Bet":"","Leaders Bet":"","To Win":"$1,195.25","Payout":"$0.00","TOTALS":null,"Mitch Totals":null,"Phil Totals":null,"Bryce Totals":null,"Cory Totals":null,"JB Totals":null,"Ethan Totals":null},{"Week":"9","Date":"12/16/22","Mitch Bet Amount":"$5.00","Mitch Win/Lose/Push":"Win","Mitch":"Southern Miss -6.5 ","Phil Bet Amount":"$10.00","Phil Win/Lose/Push":"Win","Phil":"Fresno St -4 (football) ","Bryce Bet Amount":"$15.00","Bryce Win/Lose/Push":"Loss","Bryce":"Team Woods","Cory Bet Amount":"$25.00","Cory Win/Lose/Push":"Loss","Cory":"Vikes -3.5 ","JB Bet Amount":"$10.00","JB Win/Lose/Push":"Loss","JB":"Vikes -3.5 ","Ethan Bet Amount":"$5.00","Ethan Win/Lose/Push":"Win","Ethan":"Atl falcons +4 ","Jaime Bet Amount":"","Jaime Win/Lose/Push":"","Jaime":"","Nathan Bet Amount":"","Nathan Win/Lose/Push":"","Nathan":"","Evan Bet Amount":"","Evan Win/Lose/Push":"","Evan":"","Brandon Bet Amount":"","Brandon Win/Lose/Push":"","Brandon":"","Total Team Bet":"$70.00","Legends Bet":"","Leaders Bet":"","To Win":"$4,579.16","Payout":"$0.00","TOTALS":null,"Mitch Totals":null,"Phil Totals":null,"Bryce Totals":null,"Cory Totals":null,"JB Totals":null,"Ethan Totals":null},{"Week":"10","Date":"12/23/22","Mitch Bet Amount":"$5.00","Mitch Win/Lose/Push":"Win","Mitch":"Memphis -7.5 ","Phil Bet Amount":"$5.00","Phil Win/Lose/Push":"Win","Phil":"Buffalo v Chicago Over 40 ","Bryce Bet Amount":"$20.00","Bryce Win/Lose/Push":"Loss","Bryce":"wisconsin okst over","Cory Bet Amount":"$30.00","Cory Win/Lose/Push":"Loss","Cory":"Lions Carolina under 44 ","JB Bet Amount":"$15.00","JB Win/Lose/Push":"Loss","JB":"wisconsin okst over","Ethan Bet Amount":"$5.00","Ethan Win/Lose/Push":"Loss","Ethan":"Lions Carolina under 44 ","Jaime Bet Amount":"","Jaime Win/Lose/Push":"","Jaime":"","Nathan Bet Amount":"","Nathan Win/Lose/Push":"","Nathan":"","Evan Bet Amount":"","Evan Win/Lose/Push":"","Evan":"","Brandon Bet Amount":"","Brandon Win/Lose/Push":"","Brandon":"","Total Team Bet":"$80.00","Legends Bet":"","Leaders Bet":"","To Win":"$960.66","Payout":"$0.00","TOTALS":null,"Mitch Totals":null,"Phil Totals":null,"Bryce Totals":null,"Cory Totals":null,"JB Totals":null,"Ethan Totals":null},{"Week":"11","Date":"12/30/22","Mitch Bet Amount":"$5.00","Mitch Win/Lose/Push":"Loss","Mitch":"Utah -2 ","Phil Bet Amount":"$5.00","Phil Win/Lose/Push":"Loss","Phil":"USC -2 ","Bryce Bet Amount":"$25.00","Bryce Win/Lose/Push":"Loss","Bryce":"Tail Phil ","Cory Bet Amount":"$35.00","Cory Win/Lose/Push":"Loss","Cory":"Tail Phil ","JB Bet Amount":"$20.00","JB Win/Lose/Push":"Loss","JB":"Tail Phil ","Ethan Bet Amount":"$10.00","Ethan Win/Lose/Push":"Loss","Ethan":"Georgia -6 ","Jaime Bet Amount":"","Jaime Win/Lose/Push":"","Jaime":"","Nathan Bet Amount":"","Nathan Win/Lose/Push":"","Nathan":"","Evan Bet Amount":"","Evan Win/Lose/Push":"","Evan":"","Brandon Bet Amount":"","Brandon Win/Lose/Push":"","Brandon":"","Total Team Bet":"$100.00","Legends Bet":"","Leaders Bet":"","To Win":"$595.79","Payout":"$0.00","TOTALS":null,"Mitch Totals":null,"Phil Totals":null,"Bryce Totals":null,"Cory Totals":null,"JB Totals":null,"Ethan Totals":null},{"Week":"12","Date":"1/6/23","Mitch Bet Amount":"$10.00","Mitch Win/Lose/Push":"Win","Mitch":"Kansas -1.5 ","Phil Bet Amount":"$10.00","Phil Win/Lose/Push":"Win","Phil":"Xavier +1.5 ","Bryce Bet Amount":"$30.00","Bryce Win/Lose/Push":"Win","Bryce":"Tail Mitch ","Cory Bet Amount":"$40.00","Cory Win/Lose/Push":"Win","Cory":"Tail Mitch ","JB Bet Amount":"$25.00","JB Win/Lose/Push":"Win","JB":"Tail Ethan  ","Ethan Bet Amount":"$15.00","Ethan Win/Lose/Push":"Win","Ethan":"Carolina Panthers +3.5 ","Jaime Bet Amount":"","Jaime Win/Lose/Push":"","Jaime":"","Nathan Bet Amount":"","Nathan Win/Lose/Push":"","Nathan":"","Evan Bet Amount":"","Evan Win/Lose/Push":"","Evan":"","Brandon Bet Amount":"","Brandon Win/Lose/Push":"","Brandon":"","Total Team Bet":"$130.00","Legends Bet":"","Leaders Bet":"","To Win":"$722.84","Payout":"$852.84","TOTALS":null,"Mitch Totals":null,"Phil Totals":null,"Bryce Totals":null,"Cory Totals":null,"JB Totals":null,"Ethan Totals":null},{"Week":"13","Date":"1/13/23","Mitch Bet Amount":"$5.00","Mitch Win/Lose/Push":"Loss","Mitch":"Chargers -2.5 ","Phil Bet Amount":"$5.00","Phil Win/Lose/Push":"Win","Phil":"Minn NYG over 48","Bryce Bet Amount":"$5.00","Bryce Win/Lose/Push":"Loss","Bryce":"Vikes -3 for Luda  ","Cory Bet Amount":"$5.00","Cory Win/Lose/Push":"Win","Cory":"Dallas -2.5 ","JB Bet Amount":"$5.00","JB Win/Lose/Push":"Win","JB":"bama -15 ","Ethan Bet Amount":"$5.00","Ethan Win/Lose/Push":"Loss","Ethan":"Seahawks +10 ","Jaime Bet Amount":"","Jaime Win/Lose/Push":"","Jaime":"","Nathan Bet Amount":"","Nathan Win/Lose/Push":"","Nathan":"","Evan Bet Amount":"","Evan Win/Lose/Push":"","Evan":"","Brandon Bet Amount":"","Brandon Win/Lose/Push":"","Brandon":"","Total Team Bet":"$30.00","Legends Bet":"","Leaders Bet":"","To Win":"$1,464.30","Payout":"$0.00","TOTALS":null,"Mitch Totals":null,"Phil Totals":null,"Bryce Totals":null,"Cory Totals":null,"JB Totals":null,"Ethan Totals":null},{"Week":"14","Date":"1/20/23","Mitch Bet Amount":"$10.00","Mitch Win/Lose/Push":"Win","Mitch":"alabama -4.5 ","Phil Bet Amount":"$5.00","Phil Win/Lose/Push":"Win","Phil":"Kansas state -4 ","Bryce Bet Amount":"$10.00","Bryce Win/Lose/Push":"Win","Bryce":"philly -7.5 ","Cory Bet Amount":"$5.00","Cory Win/Lose/Push":"Loss","Cory":"Buffalo/cinny over 49","JB Bet Amount":"$5.00","JB Win/Lose/Push":"Loss","JB":"under 6.5 wild/fla ","Ethan Bet Amount":"$10.00","Ethan Win/Lose/Push":"Win","Ethan":"Wolves -8 ","Jaime Bet Amount":"","Jaime Win/Lose/Push":"","Jaime":"","Nathan Bet Amount":"","Nathan Win/Lose/Push":"","Nathan":"","Evan Bet Amount":"","Evan Win/Lose/Push":"","Evan":"","Brandon Bet Amount":"","Brandon Win/Lose/Push":"","Brandon":"","Total Team Bet":"$45.00","Legends Bet":"","Leaders Bet":"","To Win":"$2,122.99","Payout":"$0.00","TOTALS":null,"Mitch Totals":null,"Phil Totals":null,"Bryce Totals":null,"Cory Totals":null,"JB Totals":null,"Ethan Totals":null},{"Week":"15","Date":"1/27/23","Mitch Bet Amount":"$5.00","Mitch Win/Lose/Push":"Loss","Mitch":"Alabama -6.5 ","Phil Bet Amount":"$5.00","Phil Win/Lose/Push":"Loss","Phil":"Baylor -6.5 ","Bryce Bet Amount":"$5.00","Bryce Win/Lose/Push":"Loss","Bryce":"Bengals ","Cory Bet Amount":"$10.00","Cory Win/Lose/Push":"Loss","Cory":"Rahm  ","JB Bet Amount":"$10.00","JB Win/Lose/Push":"Loss","JB":"Xavier over ","Ethan Bet Amount":"$5.00","Ethan Win/Lose/Push":"Win","Ethan":"Eagles -2.5","Jaime Bet Amount":"","Jaime Win/Lose/Push":"","Jaime":"","Nathan Bet Amount":"","Nathan Win/Lose/Push":"","Nathan":"","Evan Bet Amount":"","Evan Win/Lose/Push":"","Evan":"","Brandon Bet Amount":"","Brandon Win/Lose/Push":"","Brandon":"","Total Team Bet":"$40.00","Legends Bet":"","Leaders Bet":"","To Win":"$1,908.22","Payout":"$0.00","TOTALS":null,"Mitch Totals":null,"Phil Totals":null,"Bryce Totals":null,"Cory Totals":null,"JB Totals":null,"Ethan Totals":null},{"Week":"16","Date":"2/3/23","Mitch Bet Amount":"$10.00","Mitch Win/Lose/Push":"Win","Mitch":"duke/unc under 144 ","Phil Bet Amount":"$10.00","Phil Win/Lose/Push":"Loss","Phil":"Clemson -2 ","Bryce Bet Amount":"$10.00","Bryce Win/Lose/Push":"Win","Bryce":"auburn? ","Cory Bet Amount":"$15.00","Cory Win/Lose/Push":"Loss","Cory":"Purdue ","JB Bet Amount":"$15.00","JB Win/Lose/Push":"Win","JB":"Norfolk st -9 ","Ethan Bet Amount":"$5.00","Ethan Win/Lose/Push":"Loss","Ethan":"Purdue (tail Cory) ","Jaime Bet Amount":"","Jaime Win/Lose/Push":"","Jaime":"","Nathan Bet Amount":"","Nathan Win/Lose/Push":"","Nathan":"","Evan Bet Amount":"","Evan Win/Lose/Push":"","Evan":"","Brandon Bet Amount":"","Brandon Win/Lose/Push":"","Brandon":"","Total Team Bet":"$65.00","Legends Bet":"","Leaders Bet":"","To Win":"$1,583.34","Payout":"$0.00","TOTALS":null,"Mitch Totals":null,"Phil Totals":null,"Bryce Totals":null,"Cory Totals":null,"JB Totals":null,"Ethan Totals":null},{"Week":"17","Date":"2/10/23","Mitch Bet Amount":"$5.00","Mitch Win/Lose/Push":"Win","Mitch":"Creighton/UConn under ","Phil Bet Amount":"$15.00","Phil Win/Lose/Push":"Loss","Phil":"Providence -4.5 ","Bryce Bet Amount":"$5.00","Bryce Win/Lose/Push":"Win","Bryce":"Superbowl over ","Cory Bet Amount":"$20.00","Cory Win/Lose/Push":"Win","Cory":"Tail Mitch ","JB Bet Amount":"$5.00","JB Win/Lose/Push":"Loss","JB":"north dakota -6 ","Ethan Bet Amount":"$10.00","Ethan Win/Lose/Push":"Loss","Ethan":"Dallas mavericks +1.5","Jaime Bet Amount":"","Jaime Win/Lose/Push":"","Jaime":"","Nathan Bet Amount":"","Nathan Win/Lose/Push":"","Nathan":"","Evan Bet Amount":"","Evan Win/Lose/Push":"","Evan":"","Brandon Bet Amount":"","Brandon Win/Lose/Push":"","Brandon":"","Total Team Bet":"$60.00","Legends Bet":"","Leaders Bet":"","To Win":"$1,401.16","Payout":"$0.00","TOTALS":null,"Mitch Totals":null,"Phil Totals":null,"Bryce Totals":null,"Cory Totals":null,"JB Totals":null,"Ethan Totals":null},{"Week":"18","Date":"2/17/23","Mitch Bet Amount":"$5.00","Mitch Win/Lose/Push":"Loss","Mitch":"Missouri -2 ","Phil Bet Amount":"$20.00","Phil Win/Lose/Push":"Loss","Phil":"Tail Mitch","Bryce Bet Amount":"$5.00","Bryce Win/Lose/Push":"Win","Bryce":"3rd Round Match-Up - J. Rahm Vs R. McIlroy - Rahm ","Cory Bet Amount":"$5.00","Cory Win/Lose/Push":"Loss","Cory":"Penn state-8 ","JB Bet Amount":"$10.00","JB Win/Lose/Push":"Loss","JB":"wisco rutgers Over ","Ethan Bet Amount":"$15.00","Ethan Win/Lose/Push":"Win","Ethan":"Nd/Virginia under ","Jaime Bet Amount":"","Jaime Win/Lose/Push":"","Jaime":"","Nathan Bet Amount":"","Nathan Win/Lose/Push":"","Nathan":"","Evan Bet Amount":"","Evan Win/Lose/Push":"","Evan":"","Brandon Bet Amount":"","Brandon Win/Lose/Push":"","Brandon":"","Total Team Bet":"$60.00","Legends Bet":"","Leaders Bet":"","To Win":"$1,434.30","Payout":"$0.00","TOTALS":null,"Mitch Totals":null,"Phil Totals":null,"Bryce Totals":null,"Cory Totals":null,"JB Totals":null,"Ethan Totals":null},{"Week":"19","Date":"2/24/23","Mitch Bet Amount":"$10.00","Mitch Win/Lose/Push":"Win","Mitch":"Gonzaga -5.5 ","Phil Bet Amount":"$25.00","Phil Win/Lose/Push":"Loss","Phil":"Tail Ethan ","Bryce Bet Amount":"$5.00","Bryce Win/Lose/Push":"Loss","Bryce":"LIV golf 2nd round match up - Koepka vs Garcia - Koepka ","Cory Bet Amount":"$10.00","Cory Win/Lose/Push":"Win","Cory":"Nebraska -8 ","JB Bet Amount":"$15.00","JB Win/Lose/Push":"Win","JB":"zaga over","Ethan Bet Amount":"$5.00","Ethan Win/Lose/Push":"Loss","Ethan":"San Diego state -3 ","Jaime Bet Amount":"","Jaime Win/Lose/Push":"","Jaime":"","Nathan Bet Amount":"","Nathan Win/Lose/Push":"","Nathan":"","Evan Bet Amount":"","Evan Win/Lose/Push":"","Evan":"","Brandon Bet Amount":"","Brandon Win/Lose/Push":"","Brandon":"","Total Team Bet":"$70.00","Legends Bet":"","Leaders Bet":"","To Win":"$1,836.16","Payout":"$0.00","TOTALS":null,"Mitch Totals":null,"Phil Totals":null,"Bryce Totals":null,"Cory Totals":null,"JB Totals":null,"Ethan Totals":null},{"Week":"20","Date":"3/3/23","Mitch Bet Amount":"$5.00","Mitch Win/Lose/Push":"Loss","Mitch":"UNC -2.5 ","Phil Bet Amount":"$30.00","Phil Win/Lose/Push":"Win","Phil":"Tail Ethan ","Bryce Bet Amount":"$10.00","Bryce Win/Lose/Push":"Win","Bryce":"3rd Round Match-Up - X. Schauffele Vs J. Thomas - JT ","Cory Bet Amount":"$5.00","Cory Win/Lose/Push":"Win","Cory":"Rahm vs Rory - Rory ","JB Bet Amount":"$5.00","JB Win/Lose/Push":"Win","JB":"wild under ","Ethan Bet Amount":"$20.00","Ethan Win/Lose/Push":"Win","Ethan":"West Virginia -4.5 ","Jaime Bet Amount":"","Jaime Win/Lose/Push":"","Jaime":"","Nathan Bet Amount":"","Nathan Win/Lose/Push":"","Nathan":"","Evan Bet Amount":"","Evan Win/Lose/Push":"","Evan":"","Brandon Bet Amount":"","Brandon Win/Lose/Push":"","Brandon":"","Total Team Bet":"$75.00","Legends Bet":"","Leaders Bet":"","To Win":"$1,937.12","Payout":"$0.00","TOTALS":null,"Mitch Totals":null,"Phil Totals":null,"Bryce Totals":null,"Cory Totals":null,"JB Totals":null,"Ethan Totals":null},{"Week":"21","Date":"3/10/23","Mitch Bet Amount":"$10.00","Mitch Win/Lose/Push":"Win","Mitch":"VCU -3.5 ","Phil Bet Amount":"$5.00","Phil Win/Lose/Push":"Loss","Phil":"Pennsylvania +2.5 ","Bryce Bet Amount":"$5.00","Bryce Win/Lose/Push":"Loss","Bryce":"Homa over Speith ","Cory Bet Amount":"$5.00","Cory Win/Lose/Push":"Push","Cory":"Day over hovland ","JB Bet Amount":"$5.00","JB Win/Lose/Push":"Win","JB":"purdue ","Ethan Bet Amount":"$5.00","Ethan Win/Lose/Push":"Win","Ethan":"Tail JB ","Jaime Bet Amount":"","Jaime Win/Lose/Push":"","Jaime":"","Nathan Bet Amount":"","Nathan Win/Lose/Push":"","Nathan":"","Evan Bet Amount":"","Evan Win/Lose/Push":"","Evan":"","Brandon Bet Amount":"","Brandon Win/Lose/Push":"","Brandon":"","Total Team Bet":"$35.00","Legends Bet":"","Leaders Bet":"","To Win":"$670.83","Payout":"$0.00","TOTALS":null,"Mitch Totals":null,"Phil Totals":null,"Bryce Totals":null,"Cory Totals":null,"JB Totals":null,"Ethan Totals":null},{"Week":"22","Date":"3/24/23","Mitch Bet Amount":"$5.00","Mitch Win/Lose/Push":"Loss","Mitch":"Tail JB ","Phil Bet Amount":"$10.00","Phil Win/Lose/Push":"Win","Phil":"Gonz/UConn Under ","Bryce Bet Amount":"$10.00","Bryce Win/Lose/Push":"Win","Bryce":"Sam burns +125 over Cantlay","Cory Bet Amount":"$5.00","Cory Win/Lose/Push":"Win","Cory":"Wild under 6 ","JB Bet Amount":"$5.00","JB Win/Lose/Push":"Loss","JB":"KSU -1 ","Ethan Bet Amount":"$5.00","Ethan Win/Lose/Push":"Loss","Ethan":"Creighton -1 ","Jaime Bet Amount":"","Jaime Win/Lose/Push":"","Jaime":"","Nathan Bet Amount":"","Nathan Win/Lose/Push":"","Nathan":"","Evan Bet Amount":"","Evan Win/Lose/Push":"","Evan":"","Brandon Bet Amount":"","Brandon Win/Lose/Push":"","Brandon":"","Total Team Bet":"$40.00","Legends Bet":"","Leaders Bet":"","To Win":"$977.98","Payout":"$0.00","TOTALS":null,"Mitch Totals":null,"Phil Totals":null,"Bryce Totals":null,"Cory Totals":null,"JB Totals":null,"Ethan Totals":null},{"Week":"23","Date":"4/1/23","Mitch Bet Amount":"$10.00","Mitch Win/Lose/Push":"Win","Mitch":"UConn -5.5 ","Phil Bet Amount":"$5.00","Phil Win/Lose/Push":"Win","Phil":"Miami/UConn Under ","Bryce Bet Amount":"$5.00","Bryce Win/Lose/Push":"Push","Bryce":"3rd Round Match-Up - C. Conners Vs C. Kirk, Conners ","Cory Bet Amount":"$5.00","Cory Win/Lose/Push":"Win","Cory":"Golden knights to beat wild ","JB Bet Amount":"$10.00","JB Win/Lose/Push":"Loss","JB":"iowa -3 (ladies) ","Ethan Bet Amount":"$10.00","Ethan Win/Lose/Push":"Win","Ethan":"Pelicans -3 ","Jaime Bet Amount":"","Jaime Win/Lose/Push":"","Jaime":"","Nathan Bet Amount":"","Nathan Win/Lose/Push":"","Nathan":"","Evan Bet Amount":"","Evan Win/Lose/Push":"","Evan":"","Brandon Bet Amount":"","Brandon Win/Lose/Push":"","Brandon":"","Total Team Bet":"$45.00","Legends Bet":"","Leaders Bet":"","To Win":"$944.70","Payout":"$0.00","TOTALS":null,"Mitch Totals":null,"Phil Totals":null,"Bryce Totals":null,"Cory Totals":null,"JB Totals":null,"Ethan Totals":null},{"Week":"24","Date":"4/8/23","Mitch Bet Amount":"$5.00","Mitch Win/Lose/Push":"Loss","Mitch":"Detroit/Boston U8 (baseball) ","Phil Bet Amount":"$5.00","Phil Win/Lose/Push":"Loss","Phil":"Spurs +14 ","Bryce Bet Amount":"$5.00","Bryce Win/Lose/Push":"Loss","Bryce":"Koepka wins Masters ","Cory Bet Amount":"$5.00","Cory Win/Lose/Push":"Loss","Cory":"Burns top 10 ","JB Bet Amount":"$15.00","JB Win/Lose/Push":"Loss","JB":"wild U ","Ethan Bet Amount":"$5.00","Ethan Win/Lose/Push":"Loss","Ethan":"Tail Phil ","Jaime Bet Amount":"","Jaime Win/Lose/Push":"","Jaime":"","Nathan Bet Amount":"","Nathan Win/Lose/Push":"","Nathan":"","Evan Bet Amount":"","Evan Win/Lose/Push":"","Evan":"","Brandon Bet Amount":"","Brandon Win/Lose/Push":"","Brandon":"","Total Team Bet":"$40.00","Legends Bet":"","Leaders Bet":"","To Win":"$616.03","Payout":"$0.00","TOTALS":null,"Mitch Totals":null,"Phil Totals":null,"Bryce Totals":null,"Cory Totals":null,"JB Totals":null,"Ethan Totals":null},{"Week":"25","Date":"4/21/23","Mitch Bet Amount":"$10.00","Mitch Win/Lose/Push":"Loss","Mitch":"Twins -1.5 (4/22)","Phil Bet Amount":"$10.00","Phil Win/Lose/Push":"Loss","Phil":"Tail Ethan","Bryce Bet Amount":"$10.00","Bryce Win/Lose/Push":"Push","Bryce":"Bryce passed ","Cory Bet Amount":"$10.00","Cory Win/Lose/Push":"Win","Cory":"Wild over ","JB Bet Amount":"$20.00","JB Win/Lose/Push":"Win","JB":"tail Cory","Ethan Bet Amount":"$10.00","Ethan Win/Lose/Push":"Loss","Ethan":"Wolves 1st half -.5","Jaime Bet Amount":"","Jaime Win/Lose/Push":"","Jaime":"","Nathan Bet Amount":"","Nathan Win/Lose/Push":"","Nathan":"","Evan Bet Amount":"","Evan Win/Lose/Push":"","Evan":"","Brandon Bet Amount":"","Brandon Win/Lose/Push":"","Brandon":"","Total Team Bet":"$70.00","Legends Bet":"","Leaders Bet":"","To Win":"$393.08","Payout":"$0.00","TOTALS":null,"Mitch Totals":null,"Phil Totals":null,"Bryce Totals":null,"Cory Totals":null,"JB Totals":null,"Ethan Totals":null},{"Week":"26","Date":"4/28/23","Mitch Bet Amount":"$15.00","Mitch Win/Lose/Push":"Win","Mitch":"Denver -3 ","Phil Bet Amount":"$15.00","Phil Win/Lose/Push":"Win","Phil":"Tail Mitch ","Bryce Bet Amount":"$10.00","Bryce Win/Lose/Push":"Win","Bryce":"Mexico Open - 2/3 Balls - Props- 3rd Round Props - Hole 1 Winner - Tony Finau ","Cory Bet Amount":"$5.00","Cory Win/Lose/Push":"Win","Cory":"Fla/Boston over ","JB Bet Amount":"$5.00","JB Win/Lose/Push":"Win","JB":"edm/LA OVER ","Ethan Bet Amount":"$15.00","Ethan Win/Lose/Push":"Win","Ethan":"Miami heat +4.5 ","Jaime Bet Amount":"","Jaime Win/Lose/Push":"","Jaime":"","Nathan Bet Amount":"","Nathan Win/Lose/Push":"","Nathan":"","Evan Bet Amount":"","Evan Win/Lose/Push":"","Evan":"","Brandon Bet Amount":"","Brandon Win/Lose/Push":"","Brandon":"","Total Team Bet":"$65.00","Legends Bet":"","Leaders Bet":"","To Win":"$1,646.62","Payout":"$1,711.62","TOTALS":null,"Mitch Totals":null,"Phil Totals":null,"Bryce Totals":null,"Cory Totals":null,"JB Totals":null,"Ethan Totals":null},{"Week":"27","Date":"5/5/23","Mitch Bet Amount":"$5.00","Mitch Win/Lose/Push":"Loss","Mitch":"Denver +3.5","Phil Bet Amount":"$5.00","Phil Win/Lose/Push":"Loss","Phil":"Tail Cory","Bryce Bet Amount":"$5.00","Bryce Win/Lose/Push":"Win","Bryce":"Florida Panthers","Cory Bet Amount":"$5.00","Cory Win/Lose/Push":"Loss","Cory":"Edmonton/Vegas over ","JB Bet Amount":"$5.00","JB Win/Lose/Push":"Win","JB":"twins under ","Ethan Bet Amount":"$5.00","Ethan Win/Lose/Push":"Loss","Ethan":"Twins","Jaime Bet Amount":"","Jaime Win/Lose/Push":"","Jaime":"","Nathan Bet Amount":"$5.00","Nathan Win/Lose/Push":"","Nathan":"","Evan Bet Amount":"","Evan Win/Lose/Push":"","Evan":"","Brandon Bet Amount":"","Brandon Win/Lose/Push":"","Brandon":"","Total Team Bet":"$35.00","Legends Bet":"","Leaders Bet":"","To Win":"$680.31","Payout":"$0.00","TOTALS":null,"Mitch Totals":null,"Phil Totals":null,"Bryce Totals":null,"Cory Totals":null,"JB Totals":null,"Ethan Totals":null},{"Week":"28","Date":"05/12/2023","Mitch Bet Amount":"$10","Mitch Win/Lose/Push":"","Mitch":"","Phil Bet Amount":"$10","Phil Win/Lose/Push":"","Phil":"","Bryce Bet Amount":"$5","Bryce Win/Lose/Push":"","Bryce":"","Cory Bet Amount":"$10","Cory Win/Lose/Push":"","Cory":"","JB Bet Amount":"$5","JB Win/Lose/Push":"","JB":"","Ethan Bet Amount":"$10","Ethan Win/Lose/Push":null,"Ethan":null,"Jaime Bet Amount":null,"Jaime Win/Lose/Push":null,"Jaime":null,"Nathan Bet Amount":null,"Nathan Win/Lose/Push":null,"Nathan":null,"Evan Bet Amount":null,"Evan Win/Lose/Push":null,"Evan":null,"Brandon Bet Amount":null,"Brandon Win/Lose/Push":null,"Brandon":null,"Total Team Bet":null,"Legends Bet":null,"Leaders Bet":null,"To Win":null,"Payout":null,"TOTALS":null,"Mitch Totals":null,"Phil Totals":null,"Bryce Totals":null,"Cory Totals":null,"JB Totals":null,"Ethan Totals":null},{"Week":"29","Date":"05/19/2023","Mitch Bet Amount":null,"Mitch Win/Lose/Push":null,"Mitch":null,"Phil Bet Amount":null,"Phil Win/Lose/Push":null,"Phil":null,"Bryce Bet Amount":null,"Bryce Win/Lose/Push":null,"Bryce":null,"Cory Bet Amount":null,"Cory Win/Lose/Push":null,"Cory":null,"JB Bet Amount":null,"JB Win/Lose/Push":null,"JB":null,"Ethan Bet Amount":null,"Ethan Win/Lose/Push":null,"Ethan":null,"Jaime Bet Amount":null,"Jaime Win/Lose/Push":null,"Jaime":null,"Nathan Bet Amount":null,"Nathan Win/Lose/Push":null,"Nathan":null,"Evan Bet Amount":null,"Evan Win/Lose/Push":null,"Evan":null,"Brandon Bet Amount":null,"Brandon Win/Lose/Push":null,"Brandon":null,"Total Team Bet":null,"Legends Bet":null,"Leaders Bet":null,"To Win":null,"Payout":null,"TOTALS":null,"Mitch Totals":null,"Phil Totals":null,"Bryce Totals":null,"Cory Totals":null,"JB Totals":null,"Ethan Totals":null},{"Week":"30","Date":"05/26/2023","Mitch Bet Amount":null,"Mitch Win/Lose/Push":null,"Mitch":null,"Phil Bet Amount":null,"Phil Win/Lose/Push":null,"Phil":null,"Bryce Bet Amount":null,"Bryce Win/Lose/Push":null,"Bryce":null,"Cory Bet Amount":null,"Cory Win/Lose/Push":null,"Cory":null,"JB Bet Amount":null,"JB Win/Lose/Push":null,"JB":null,"Ethan Bet Amount":null,"Ethan Win/Lose/Push":null,"Ethan":null,"Jaime Bet Amount":null,"Jaime Win/Lose/Push":null,"Jaime":null,"Nathan Bet Amount":null,"Nathan Win/Lose/Push":null,"Nathan":null,"Evan Bet Amount":null,"Evan Win/Lose/Push":null,"Evan":null,"Brandon Bet Amount":null,"Brandon Win/Lose/Push":null,"Brandon":null,"Total Team Bet":null,"Legends Bet":null,"Leaders Bet":null,"To Win":null,"Payout":null,"TOTALS":null,"Mitch Totals":null,"Phil Totals":null,"Bryce Totals":null,"Cory Totals":null,"JB Totals":null,"Ethan Totals":null},{"Week":"31","Date":"06/02/2023","Mitch Bet Amount":null,"Mitch Win/Lose/Push":null,"Mitch":null,"Phil Bet Amount":null,"Phil Win/Lose/Push":null,"Phil":null,"Bryce Bet Amount":null,"Bryce Win/Lose/Push":null,"Bryce":null,"Cory Bet Amount":null,"Cory Win/Lose/Push":null,"Cory":null,"JB Bet Amount":null,"JB Win/Lose/Push":null,"JB":null,"Ethan Bet Amount":null,"Ethan Win/Lose/Push":null,"Ethan":null,"Jaime Bet Amount":null,"Jaime Win/Lose/Push":null,"Jaime":null,"Nathan Bet Amount":null,"Nathan Win/Lose/Push":null,"Nathan":null,"Evan Bet Amount":null,"Evan Win/Lose/Push":null,"Evan":null,"Brandon Bet Amount":null,"Brandon Win/Lose/Push":null,"Brandon":null,"Total Team Bet":null,"Legends Bet":null,"Leaders Bet":null,"To Win":null,"Payout":null,"TOTALS":null,"Mitch Totals":null,"Phil Totals":null,"Bryce Totals":null,"Cory Totals":null,"JB Totals":null,"Ethan Totals":null},{"Week":"32","Date":"06/09/2023","Mitch Bet Amount":null,"Mitch Win/Lose/Push":null,"Mitch":null,"Phil Bet Amount":null,"Phil Win/Lose/Push":null,"Phil":null,"Bryce Bet Amount":null,"Bryce Win/Lose/Push":null,"Bryce":null,"Cory Bet Amount":null,"Cory Win/Lose/Push":null,"Cory":null,"JB Bet Amount":null,"JB Win/Lose/Push":null,"JB":null,"Ethan Bet Amount":null,"Ethan Win/Lose/Push":null,"Ethan":null,"Jaime Bet Amount":null,"Jaime Win/Lose/Push":null,"Jaime":null,"Nathan Bet Amount":null,"Nathan Win/Lose/Push":null,"Nathan":null,"Evan Bet Amount":null,"Evan Win/Lose/Push":null,"Evan":null,"Brandon Bet Amount":null,"Brandon Win/Lose/Push":null,"Brandon":null,"Total Team Bet":null,"Legends Bet":null,"Leaders Bet":null,"To Win":null,"Payout":null,"TOTALS":null,"Mitch Totals":null,"Phil Totals":null,"Bryce Totals":null,"Cory Totals":null,"JB Totals":null,"Ethan Totals":null},{"Week":"33","Date":"06/16/2023","Mitch Bet Amount":null,"Mitch Win/Lose/Push":null,"Mitch":null,"Phil Bet Amount":null,"Phil Win/Lose/Push":null,"Phil":null,"Bryce Bet Amount":null,"Bryce Win/Lose/Push":null,"Bryce":null,"Cory Bet Amount":null,"Cory Win/Lose/Push":null,"Cory":null,"JB Bet Amount":null,"JB Win/Lose/Push":null,"JB":null,"Ethan Bet Amount":null,"Ethan Win/Lose/Push":null,"Ethan":null,"Jaime Bet Amount":null,"Jaime Win/Lose/Push":null,"Jaime":null,"Nathan Bet Amount":null,"Nathan Win/Lose/Push":null,"Nathan":null,"Evan Bet Amount":null,"Evan Win/Lose/Push":null,"Evan":null,"Brandon Bet Amount":null,"Brandon Win/Lose/Push":null,"Brandon":null,"Total Team Bet":null,"Legends Bet":null,"Leaders Bet":null,"To Win":null,"Payout":null,"TOTALS":null,"Mitch Totals":null,"Phil Totals":null,"Bryce Totals":null,"Cory Totals":null,"JB Totals":null,"Ethan Totals":null},{"Week":"34","Date":"06/23/2023","Mitch Bet Amount":null,"Mitch Win/Lose/Push":null,"Mitch":null,"Phil Bet Amount":null,"Phil Win/Lose/Push":null,"Phil":null,"Bryce Bet Amount":null,"Bryce Win/Lose/Push":null,"Bryce":null,"Cory Bet Amount":null,"Cory Win/Lose/Push":null,"Cory":null,"JB Bet Amount":null,"JB Win/Lose/Push":null,"JB":null,"Ethan Bet Amount":null,"Ethan Win/Lose/Push":null,"Ethan":null,"Jaime Bet Amount":null,"Jaime Win/Lose/Push":null,"Jaime":null,"Nathan Bet Amount":null,"Nathan Win/Lose/Push":null,"Nathan":null,"Evan Bet Amount":null,"Evan Win/Lose/Push":null,"Evan":null,"Brandon Bet Amount":null,"Brandon Win/Lose/Push":null,"Brandon":null,"Total Team Bet":null,"Legends Bet":null,"Leaders Bet":null,"To Win":null,"Payout":null,"TOTALS":null,"Mitch Totals":null,"Phil Totals":null,"Bryce Totals":null,"Cory Totals":null,"JB Totals":null,"Ethan Totals":null},{"Week":"35","Date":"06/30/2023","Mitch Bet Amount":null,"Mitch Win/Lose/Push":null,"Mitch":null,"Phil Bet Amount":null,"Phil Win/Lose/Push":null,"Phil":null,"Bryce Bet Amount":null,"Bryce Win/Lose/Push":null,"Bryce":null,"Cory Bet Amount":null,"Cory Win/Lose/Push":null,"Cory":null,"JB Bet Amount":null,"JB Win/Lose/Push":null,"JB":null,"Ethan Bet Amount":null,"Ethan Win/Lose/Push":null,"Ethan":null,"Jaime Bet Amount":null,"Jaime Win/Lose/Push":null,"Jaime":null,"Nathan Bet Amount":null,"Nathan Win/Lose/Push":null,"Nathan":null,"Evan Bet Amount":null,"Evan Win/Lose/Push":null,"Evan":null,"Brandon Bet Amount":null,"Brandon Win/Lose/Push":null,"Brandon":null,"Total Team Bet":null,"Legends Bet":null,"Leaders Bet":null,"To Win":null,"Payout":null,"TOTALS":null,"Mitch Totals":null,"Phil Totals":null,"Bryce Totals":null,"Cory Totals":null,"JB Totals":null,"Ethan Totals":null},{"Week":"36","Date":"07/07/2023","Mitch Bet Amount":null,"Mitch Win/Lose/Push":null,"Mitch":null,"Phil Bet Amount":null,"Phil Win/Lose/Push":null,"Phil":null,"Bryce Bet Amount":null,"Bryce Win/Lose/Push":null,"Bryce":null,"Cory Bet Amount":null,"Cory Win/Lose/Push":null,"Cory":null,"JB Bet Amount":null,"JB Win/Lose/Push":null,"JB":null,"Ethan Bet Amount":null,"Ethan Win/Lose/Push":null,"Ethan":null,"Jaime Bet Amount":null,"Jaime Win/Lose/Push":null,"Jaime":null,"Nathan Bet Amount":null,"Nathan Win/Lose/Push":null,"Nathan":null,"Evan Bet Amount":null,"Evan Win/Lose/Push":null,"Evan":null,"Brandon Bet Amount":null,"Brandon Win/Lose/Push":null,"Brandon":null,"Total Team Bet":null,"Legends Bet":null,"Leaders Bet":null,"To Win":null,"Payout":null,"TOTALS":null,"Mitch Totals":null,"Phil Totals":null,"Bryce Totals":null,"Cory Totals":null,"JB Totals":null,"Ethan Totals":null},{"Week":"37","Date":"07/14/2023","Mitch Bet Amount":null,"Mitch Win/Lose/Push":null,"Mitch":null,"Phil Bet Amount":null,"Phil Win/Lose/Push":null,"Phil":null,"Bryce Bet Amount":null,"Bryce Win/Lose/Push":null,"Bryce":null,"Cory Bet Amount":null,"Cory Win/Lose/Push":null,"Cory":null,"JB Bet Amount":null,"JB Win/Lose/Push":null,"JB":null,"Ethan Bet Amount":null,"Ethan Win/Lose/Push":null,"Ethan":null,"Jaime Bet Amount":null,"Jaime Win/Lose/Push":null,"Jaime":null,"Nathan Bet Amount":null,"Nathan Win/Lose/Push":null,"Nathan":null,"Evan Bet Amount":null,"Evan Win/Lose/Push":null,"Evan":null,"Brandon Bet Amount":null,"Brandon Win/Lose/Push":null,"Brandon":null,"Total Team Bet":null,"Legends Bet":null,"Leaders Bet":null,"To Win":null,"Payout":null,"TOTALS":null,"Mitch Totals":null,"Phil Totals":null,"Bryce Totals":null,"Cory Totals":null,"JB Totals":null,"Ethan Totals":null},{"Week":"38","Date":"07/21/2023","Mitch Bet Amount":null,"Mitch Win/Lose/Push":null,"Mitch":null,"Phil Bet Amount":null,"Phil Win/Lose/Push":null,"Phil":null,"Bryce Bet Amount":null,"Bryce Win/Lose/Push":null,"Bryce":null,"Cory Bet Amount":null,"Cory Win/Lose/Push":null,"Cory":null,"JB Bet Amount":null,"JB Win/Lose/Push":null,"JB":null,"Ethan Bet Amount":null,"Ethan Win/Lose/Push":null,"Ethan":null,"Jaime Bet Amount":null,"Jaime Win/Lose/Push":null,"Jaime":null,"Nathan Bet Amount":null,"Nathan Win/Lose/Push":null,"Nathan":null,"Evan Bet Amount":null,"Evan Win/Lose/Push":null,"Evan":null,"Brandon Bet Amount":null,"Brandon Win/Lose/Push":null,"Brandon":null,"Total Team Bet":null,"Legends Bet":null,"Leaders Bet":null,"To Win":null,"Payout":null,"TOTALS":null,"Mitch Totals":null,"Phil Totals":null,"Bryce Totals":null,"Cory Totals":null,"JB Totals":null,"Ethan Totals":null},{"Week":"39","Date":"07/28/2023","Mitch Bet Amount":null,"Mitch Win/Lose/Push":null,"Mitch":null,"Phil Bet Amount":null,"Phil Win/Lose/Push":null,"Phil":null,"Bryce Bet Amount":null,"Bryce Win/Lose/Push":null,"Bryce":null,"Cory Bet Amount":null,"Cory Win/Lose/Push":null,"Cory":null,"JB Bet Amount":null,"JB Win/Lose/Push":null,"JB":null,"Ethan Bet Amount":null,"Ethan Win/Lose/Push":null,"Ethan":null,"Jaime Bet Amount":null,"Jaime Win/Lose/Push":null,"Jaime":null,"Nathan Bet Amount":null,"Nathan Win/Lose/Push":null,"Nathan":null,"Evan Bet Amount":null,"Evan Win/Lose/Push":null,"Evan":null,"Brandon Bet Amount":null,"Brandon Win/Lose/Push":null,"Brandon":null,"Total Team Bet":null,"Legends Bet":null,"Leaders Bet":null,"To Win":null,"Payout":null,"TOTALS":null,"Mitch Totals":null,"Phil Totals":null,"Bryce Totals":null,"Cory Totals":null,"JB Totals":null,"Ethan Totals":null},{"Week":"40","Date":"08/04/2023","Mitch Bet Amount":null,"Mitch Win/Lose/Push":null,"Mitch":null,"Phil Bet Amount":null,"Phil Win/Lose/Push":null,"Phil":null,"Bryce Bet Amount":null,"Bryce Win/Lose/Push":null,"Bryce":null,"Cory Bet Amount":null,"Cory Win/Lose/Push":null,"Cory":null,"JB Bet Amount":null,"JB Win/Lose/Push":null,"JB":null,"Ethan Bet Amount":null,"Ethan Win/Lose/Push":null,"Ethan":null,"Jaime Bet Amount":null,"Jaime Win/Lose/Push":null,"Jaime":null,"Nathan Bet Amount":null,"Nathan Win/Lose/Push":null,"Nathan":null,"Evan Bet Amount":null,"Evan Win/Lose/Push":null,"Evan":null,"Brandon Bet Amount":null,"Brandon Win/Lose/Push":null,"Brandon":null,"Total Team Bet":null,"Legends Bet":null,"Leaders Bet":null,"To Win":null,"Payout":null,"TOTALS":null,"Mitch Totals":null,"Phil Totals":null,"Bryce Totals":null,"Cory Totals":null,"JB Totals":null,"Ethan Totals":null},{"Week":"41","Date":"08/11/2023","Mitch Bet Amount":null,"Mitch Win/Lose/Push":null,"Mitch":null,"Phil Bet Amount":null,"Phil Win/Lose/Push":null,"Phil":null,"Bryce Bet Amount":null,"Bryce Win/Lose/Push":null,"Bryce":null,"Cory Bet Amount":null,"Cory Win/Lose/Push":null,"Cory":null,"JB Bet Amount":null,"JB Win/Lose/Push":null,"JB":null,"Ethan Bet Amount":null,"Ethan Win/Lose/Push":null,"Ethan":null,"Jaime Bet Amount":null,"Jaime Win/Lose/Push":null,"Jaime":null,"Nathan Bet Amount":null,"Nathan Win/Lose/Push":null,"Nathan":null,"Evan Bet Amount":null,"Evan Win/Lose/Push":null,"Evan":null,"Brandon Bet Amount":null,"Brandon Win/Lose/Push":null,"Brandon":null,"Total Team Bet":null,"Legends Bet":null,"Leaders Bet":null,"To Win":null,"Payout":null,"TOTALS":null,"Mitch Totals":null,"Phil Totals":null,"Bryce Totals":null,"Cory Totals":null,"JB Totals":null,"Ethan Totals":null},{"Week":"42","Date":"08/18/2023","Mitch Bet Amount":null,"Mitch Win/Lose/Push":null,"Mitch":null,"Phil Bet Amount":null,"Phil Win/Lose/Push":null,"Phil":null,"Bryce Bet Amount":null,"Bryce Win/Lose/Push":null,"Bryce":null,"Cory Bet Amount":null,"Cory Win/Lose/Push":null,"Cory":null,"JB Bet Amount":null,"JB Win/Lose/Push":null,"JB":null,"Ethan Bet Amount":null,"Ethan Win/Lose/Push":null,"Ethan":null,"Jaime Bet Amount":null,"Jaime Win/Lose/Push":null,"Jaime":null,"Nathan Bet Amount":null,"Nathan Win/Lose/Push":null,"Nathan":null,"Evan Bet Amount":null,"Evan Win/Lose/Push":null,"Evan":null,"Brandon Bet Amount":null,"Brandon Win/Lose/Push":null,"Brandon":null,"Total Team Bet":null,"Legends Bet":null,"Leaders Bet":null,"To Win":null,"Payout":null,"TOTALS":null,"Mitch Totals":null,"Phil Totals":null,"Bryce Totals":null,"Cory Totals":null,"JB Totals":null,"Ethan Totals":null},{"Week":"43","Date":"08/25/2023","Mitch Bet Amount":null,"Mitch Win/Lose/Push":null,"Mitch":null,"Phil Bet Amount":null,"Phil Win/Lose/Push":null,"Phil":null,"Bryce Bet Amount":null,"Bryce Win/Lose/Push":null,"Bryce":null,"Cory Bet Amount":null,"Cory Win/Lose/Push":null,"Cory":null,"JB Bet Amount":null,"JB Win/Lose/Push":null,"JB":null,"Ethan Bet Amount":null,"Ethan Win/Lose/Push":null,"Ethan":null,"Jaime Bet Amount":null,"Jaime Win/Lose/Push":null,"Jaime":null,"Nathan Bet Amount":null,"Nathan Win/Lose/Push":null,"Nathan":null,"Evan Bet Amount":null,"Evan Win/Lose/Push":null,"Evan":null,"Brandon Bet Amount":null,"Brandon Win/Lose/Push":null,"Brandon":null,"Total Team Bet":null,"Legends Bet":null,"Leaders Bet":null,"To Win":null,"Payout":null,"TOTALS":null,"Mitch Totals":null,"Phil Totals":null,"Bryce Totals":null,"Cory Totals":null,"JB Totals":null,"Ethan Totals":null},{"Week":"44","Date":"09/01/2023","Mitch Bet Amount":null,"Mitch Win/Lose/Push":null,"Mitch":null,"Phil Bet Amount":null,"Phil Win/Lose/Push":null,"Phil":null,"Bryce Bet Amount":null,"Bryce Win/Lose/Push":null,"Bryce":null,"Cory Bet Amount":null,"Cory Win/Lose/Push":null,"Cory":null,"JB Bet Amount":null,"JB Win/Lose/Push":null,"JB":null,"Ethan Bet Amount":null,"Ethan Win/Lose/Push":null,"Ethan":null,"Jaime Bet Amount":null,"Jaime Win/Lose/Push":null,"Jaime":null,"Nathan Bet Amount":null,"Nathan Win/Lose/Push":null,"Nathan":null,"Evan Bet Amount":null,"Evan Win/Lose/Push":null,"Evan":null,"Brandon Bet Amount":null,"Brandon Win/Lose/Push":null,"Brandon":null,"Total Team Bet":null,"Legends Bet":null,"Leaders Bet":null,"To Win":null,"Payout":null,"TOTALS":null,"Mitch Totals":null,"Phil Totals":null,"Bryce Totals":null,"Cory Totals":null,"JB Totals":null,"Ethan Totals":null},{"Week":"45","Date":"09/08/2023","Mitch Bet Amount":null,"Mitch Win/Lose/Push":null,"Mitch":null,"Phil Bet Amount":null,"Phil Win/Lose/Push":null,"Phil":null,"Bryce Bet Amount":null,"Bryce Win/Lose/Push":null,"Bryce":null,"Cory Bet Amount":null,"Cory Win/Lose/Push":null,"Cory":null,"JB Bet Amount":null,"JB Win/Lose/Push":null,"JB":null,"Ethan Bet Amount":null,"Ethan Win/Lose/Push":null,"Ethan":null,"Jaime Bet Amount":null,"Jaime Win/Lose/Push":null,"Jaime":null,"Nathan Bet Amount":null,"Nathan Win/Lose/Push":null,"Nathan":null,"Evan Bet Amount":null,"Evan Win/Lose/Push":null,"Evan":null,"Brandon Bet Amount":null,"Brandon Win/Lose/Push":null,"Brandon":null,"Total Team Bet":null,"Legends Bet":null,"Leaders Bet":null,"To Win":null,"Payout":null,"TOTALS":null,"Mitch Totals":null,"Phil Totals":null,"Bryce Totals":null,"Cory Totals":null,"JB Totals":null,"Ethan Totals":null},{"Week":"46","Date":"09/15/2023","Mitch Bet Amount":null,"Mitch Win/Lose/Push":null,"Mitch":null,"Phil Bet Amount":null,"Phil Win/Lose/Push":null,"Phil":null,"Bryce Bet Amount":null,"Bryce Win/Lose/Push":null,"Bryce":null,"Cory Bet Amount":null,"Cory Win/Lose/Push":null,"Cory":null,"JB Bet Amount":null,"JB Win/Lose/Push":null,"JB":null,"Ethan Bet Amount":null,"Ethan Win/Lose/Push":null,"Ethan":null,"Jaime Bet Amount":null,"Jaime Win/Lose/Push":null,"Jaime":null,"Nathan Bet Amount":null,"Nathan Win/Lose/Push":null,"Nathan":null,"Evan Bet Amount":null,"Evan Win/Lose/Push":null,"Evan":null,"Brandon Bet Amount":null,"Brandon Win/Lose/Push":null,"Brandon":null,"Total Team Bet":null,"Legends Bet":null,"Leaders Bet":null,"To Win":null,"Payout":null,"TOTALS":null,"Mitch Totals":null,"Phil Totals":null,"Bryce Totals":null,"Cory Totals":null,"JB Totals":null,"Ethan Totals":null},{"Week":"47","Date":"09/22/2023","Mitch Bet Amount":null,"Mitch Win/Lose/Push":null,"Mitch":null,"Phil Bet Amount":null,"Phil Win/Lose/Push":null,"Phil":null,"Bryce Bet Amount":null,"Bryce Win/Lose/Push":null,"Bryce":null,"Cory Bet Amount":null,"Cory Win/Lose/Push":null,"Cory":null,"JB Bet Amount":null,"JB Win/Lose/Push":null,"JB":null,"Ethan Bet Amount":null,"Ethan Win/Lose/Push":null,"Ethan":null,"Jaime Bet Amount":null,"Jaime Win/Lose/Push":null,"Jaime":null,"Nathan Bet Amount":null,"Nathan Win/Lose/Push":null,"Nathan":null,"Evan Bet Amount":null,"Evan Win/Lose/Push":null,"Evan":null,"Brandon Bet Amount":null,"Brandon Win/Lose/Push":null,"Brandon":null,"Total Team Bet":null,"Legends Bet":null,"Leaders Bet":null,"To Win":null,"Payout":null,"TOTALS":null,"Mitch Totals":null,"Phil Totals":null,"Bryce Totals":null,"Cory Totals":null,"JB Totals":null,"Ethan Totals":null},{"Week":"48","Date":"09/29/2023","Mitch Bet Amount":null,"Mitch Win/Lose/Push":null,"Mitch":null,"Phil Bet Amount":null,"Phil Win/Lose/Push":null,"Phil":null,"Bryce Bet Amount":null,"Bryce Win/Lose/Push":null,"Bryce":null,"Cory Bet Amount":null,"Cory Win/Lose/Push":null,"Cory":null,"JB Bet Amount":null,"JB Win/Lose/Push":null,"JB":null,"Ethan Bet Amount":null,"Ethan Win/Lose/Push":null,"Ethan":null,"Jaime Bet Amount":null,"Jaime Win/Lose/Push":null,"Jaime":null,"Nathan Bet Amount":null,"Nathan Win/Lose/Push":null,"Nathan":null,"Evan Bet Amount":null,"Evan Win/Lose/Push":null,"Evan":null,"Brandon Bet Amount":null,"Brandon Win/Lose/Push":null,"Brandon":null,"Total Team Bet":null,"Legends Bet":null,"Leaders Bet":null,"To Win":null,"Payout":null,"TOTALS":null,"Mitch Totals":null,"Phil Totals":null,"Bryce Totals":null,"Cory Totals":null,"JB Totals":null,"Ethan Totals":null},{"Week":"49","Date":"10/06/2023","Mitch Bet Amount":null,"Mitch Win/Lose/Push":null,"Mitch":null,"Phil Bet Amount":null,"Phil Win/Lose/Push":null,"Phil":null,"Bryce Bet Amount":null,"Bryce Win/Lose/Push":null,"Bryce":null,"Cory Bet Amount":null,"Cory Win/Lose/Push":null,"Cory":null,"JB Bet Amount":null,"JB Win/Lose/Push":null,"JB":null,"Ethan Bet Amount":null,"Ethan Win/Lose/Push":null,"Ethan":null,"Jaime Bet Amount":null,"Jaime Win/Lose/Push":null,"Jaime":null,"Nathan Bet Amount":null,"Nathan Win/Lose/Push":null,"Nathan":null,"Evan Bet Amount":null,"Evan Win/Lose/Push":null,"Evan":null,"Brandon Bet Amount":null,"Brandon Win/Lose/Push":null,"Brandon":null,"Total Team Bet":null,"Legends Bet":null,"Leaders Bet":null,"To Win":null,"Payout":null,"TOTALS":null,"Mitch Totals":null,"Phil Totals":null,"Bryce Totals":null,"Cory Totals":null,"JB Totals":null,"Ethan Totals":null},{"Week":"50","Date":"10/13/2023","Mitch Bet Amount":null,"Mitch Win/Lose/Push":null,"Mitch":null,"Phil Bet Amount":null,"Phil Win/Lose/Push":null,"Phil":null,"Bryce Bet Amount":null,"Bryce Win/Lose/Push":null,"Bryce":null,"Cory Bet Amount":null,"Cory Win/Lose/Push":null,"Cory":null,"JB Bet Amount":null,"JB Win/Lose/Push":null,"JB":null,"Ethan Bet Amount":null,"Ethan Win/Lose/Push":null,"Ethan":null,"Jaime Bet Amount":null,"Jaime Win/Lose/Push":null,"Jaime":null,"Nathan Bet Amount":null,"Nathan Win/Lose/Push":null,"Nathan":null,"Evan Bet Amount":null,"Evan Win/Lose/Push":null,"Evan":null,"Brandon Bet Amount":null,"Brandon Win/Lose/Push":null,"Brandon":null,"Total Team Bet":null,"Legends Bet":null,"Leaders Bet":null,"To Win":null,"Payout":null,"TOTALS":null,"Mitch Totals":null,"Phil Totals":null,"Bryce Totals":null,"Cory Totals":null,"JB Totals":null,"Ethan Totals":null},{"Week":"51","Date":"10/20/2023","Mitch Bet Amount":null,"Mitch Win/Lose/Push":null,"Mitch":null,"Phil Bet Amount":null,"Phil Win/Lose/Push":null,"Phil":null,"Bryce Bet Amount":null,"Bryce Win/Lose/Push":null,"Bryce":null,"Cory Bet Amount":null,"Cory Win/Lose/Push":null,"Cory":null,"JB Bet Amount":null,"JB Win/Lose/Push":null,"JB":null,"Ethan Bet Amount":null,"Ethan Win/Lose/Push":null,"Ethan":null,"Jaime Bet Amount":null,"Jaime Win/Lose/Push":null,"Jaime":null,"Nathan Bet Amount":null,"Nathan Win/Lose/Push":null,"Nathan":null,"Evan Bet Amount":null,"Evan Win/Lose/Push":null,"Evan":null,"Brandon Bet Amount":null,"Brandon Win/Lose/Push":null,"Brandon":null,"Total Team Bet":null,"Legends Bet":null,"Leaders Bet":null,"To Win":null,"Payout":null,"TOTALS":null,"Mitch Totals":null,"Phil Totals":null,"Bryce Totals":null,"Cory Totals":null,"JB Totals":null,"Ethan Totals":null},{"Week":"52","Date":"10/27/2023","Mitch Bet Amount":null,"Mitch Win/Lose/Push":null,"Mitch":null,"Phil Bet Amount":null,"Phil Win/Lose/Push":null,"Phil":null,"Bryce Bet Amount":null,"Bryce Win/Lose/Push":null,"Bryce":null,"Cory Bet Amount":null,"Cory Win/Lose/Push":null,"Cory":null,"JB Bet Amount":null,"JB Win/Lose/Push":null,"JB":null,"Ethan Bet Amount":null,"Ethan Win/Lose/Push":null,"Ethan":null,"Jaime Bet Amount":null,"Jaime Win/Lose/Push":null,"Jaime":null,"Nathan Bet Amount":null,"Nathan Win/Lose/Push":null,"Nathan":null,"Evan Bet Amount":null,"Evan Win/Lose/Push":null,"Evan":null,"Brandon Bet Amount":null,"Brandon Win/Lose/Push":null,"Brandon":null,"Total Team Bet":null,"Legends Bet":null,"Leaders Bet":null,"To Win":null,"Payout":null,"TOTALS":null,"Mitch Totals":null,"Phil Totals":null,"Bryce Totals":null,"Cory Totals":null,"JB Totals":null,"Ethan Totals":null},{"Week":"53","Date":"11/03/2023","Mitch Bet Amount":null,"Mitch Win/Lose/Push":null,"Mitch":null,"Phil Bet Amount":null,"Phil Win/Lose/Push":null,"Phil":null,"Bryce Bet Amount":null,"Bryce Win/Lose/Push":null,"Bryce":null,"Cory Bet Amount":null,"Cory Win/Lose/Push":null,"Cory":null,"JB Bet Amount":null,"JB Win/Lose/Push":null,"JB":null,"Ethan Bet Amount":null,"Ethan Win/Lose/Push":null,"Ethan":null,"Jaime Bet Amount":null,"Jaime Win/Lose/Push":null,"Jaime":null,"Nathan Bet Amount":null,"Nathan Win/Lose/Push":null,"Nathan":null,"Evan Bet Amount":null,"Evan Win/Lose/Push":null,"Evan":null,"Brandon Bet Amount":null,"Brandon Win/Lose/Push":null,"Brandon":null,"Total Team Bet":null,"Legends Bet":null,"Leaders Bet":null,"To Win":null,"Payout":null,"TOTALS":null,"Mitch Totals":null,"Phil Totals":null,"Bryce Totals":null,"Cory Totals":null,"JB Totals":null,"Ethan Totals":null},{"Week":"54","Date":"11/10/2023","Mitch Bet Amount":null,"Mitch Win/Lose/Push":null,"Mitch":null,"Phil Bet Amount":null,"Phil Win/Lose/Push":null,"Phil":null,"Bryce Bet Amount":null,"Bryce Win/Lose/Push":null,"Bryce":null,"Cory Bet Amount":null,"Cory Win/Lose/Push":null,"Cory":null,"JB Bet Amount":null,"JB Win/Lose/Push":null,"JB":null,"Ethan Bet Amount":null,"Ethan Win/Lose/Push":null,"Ethan":null,"Jaime Bet Amount":null,"Jaime Win/Lose/Push":null,"Jaime":null,"Nathan Bet Amount":null,"Nathan Win/Lose/Push":null,"Nathan":null,"Evan Bet Amount":null,"Evan Win/Lose/Push":null,"Evan":null,"Brandon Bet Amount":null,"Brandon Win/Lose/Push":null,"Brandon":null,"Total Team Bet":null,"Legends Bet":null,"Leaders Bet":null,"To Win":null,"Payout":null,"TOTALS":null,"Mitch Totals":null,"Phil Totals":null,"Bryce Totals":null,"Cory Totals":null,"JB Totals":null,"Ethan Totals":null},{"Week":"55","Date":"11/17/2023","Mitch Bet Amount":null,"Mitch Win/Lose/Push":null,"Mitch":null,"Phil Bet Amount":null,"Phil Win/Lose/Push":null,"Phil":null,"Bryce Bet Amount":null,"Bryce Win/Lose/Push":null,"Bryce":null,"Cory Bet Amount":null,"Cory Win/Lose/Push":null,"Cory":null,"JB Bet Amount":null,"JB Win/Lose/Push":null,"JB":null,"Ethan Bet Amount":null,"Ethan Win/Lose/Push":null,"Ethan":null,"Jaime Bet Amount":null,"Jaime Win/Lose/Push":null,"Jaime":null,"Nathan Bet Amount":null,"Nathan Win/Lose/Push":null,"Nathan":null,"Evan Bet Amount":null,"Evan Win/Lose/Push":null,"Evan":null,"Brandon Bet Amount":null,"Brandon Win/Lose/Push":null,"Brandon":null,"Total Team Bet":null,"Legends Bet":null,"Leaders Bet":null,"To Win":null,"Payout":null,"TOTALS":null,"Mitch Totals":null,"Phil Totals":null,"Bryce Totals":null,"Cory Totals":null,"JB Totals":null,"Ethan Totals":null},{"Week":"56","Date":"11/24/2023","Mitch Bet Amount":null,"Mitch Win/Lose/Push":null,"Mitch":null,"Phil Bet Amount":null,"Phil Win/Lose/Push":null,"Phil":null,"Bryce Bet Amount":null,"Bryce Win/Lose/Push":null,"Bryce":null,"Cory Bet Amount":null,"Cory Win/Lose/Push":null,"Cory":null,"JB Bet Amount":null,"JB Win/Lose/Push":null,"JB":null,"Ethan Bet Amount":null,"Ethan Win/Lose/Push":null,"Ethan":null,"Jaime Bet Amount":null,"Jaime Win/Lose/Push":null,"Jaime":null,"Nathan Bet Amount":null,"Nathan Win/Lose/Push":null,"Nathan":null,"Evan Bet Amount":null,"Evan Win/Lose/Push":null,"Evan":null,"Brandon Bet Amount":null,"Brandon Win/Lose/Push":null,"Brandon":null,"Total Team Bet":null,"Legends Bet":null,"Leaders Bet":null,"To Win":null,"Payout":null,"TOTALS":null,"Mitch Totals":null,"Phil Totals":null,"Bryce Totals":null,"Cory Totals":null,"JB Totals":null,"Ethan Totals":null},{"Week":"57","Date":"12/01/2023","Mitch Bet Amount":null,"Mitch Win/Lose/Push":null,"Mitch":null,"Phil Bet Amount":null,"Phil Win/Lose/Push":null,"Phil":null,"Bryce Bet Amount":null,"Bryce Win/Lose/Push":null,"Bryce":null,"Cory Bet Amount":null,"Cory Win/Lose/Push":null,"Cory":null,"JB Bet Amount":null,"JB Win/Lose/Push":null,"JB":null,"Ethan Bet Amount":null,"Ethan Win/Lose/Push":null,"Ethan":null,"Jaime Bet Amount":null,"Jaime Win/Lose/Push":null,"Jaime":null,"Nathan Bet Amount":null,"Nathan Win/Lose/Push":null,"Nathan":null,"Evan Bet Amount":null,"Evan Win/Lose/Push":null,"Evan":null,"Brandon Bet Amount":null,"Brandon Win/Lose/Push":null,"Brandon":null,"Total Team Bet":null,"Legends Bet":null,"Leaders Bet":null,"To Win":null,"Payout":null,"TOTALS":null,"Mitch Totals":null,"Phil Totals":null,"Bryce Totals":null,"Cory Totals":null,"JB Totals":null,"Ethan Totals":null},{"Week":"58","Date":"12/08/2023","Mitch Bet Amount":null,"Mitch Win/Lose/Push":null,"Mitch":null,"Phil Bet Amount":null,"Phil Win/Lose/Push":null,"Phil":null,"Bryce Bet Amount":null,"Bryce Win/Lose/Push":null,"Bryce":null,"Cory Bet Amount":null,"Cory Win/Lose/Push":null,"Cory":null,"JB Bet Amount":null,"JB Win/Lose/Push":null,"JB":null,"Ethan Bet Amount":null,"Ethan Win/Lose/Push":null,"Ethan":null,"Jaime Bet Amount":null,"Jaime Win/Lose/Push":null,"Jaime":null,"Nathan Bet Amount":null,"Nathan Win/Lose/Push":null,"Nathan":null,"Evan Bet Amount":null,"Evan Win/Lose/Push":null,"Evan":null,"Brandon Bet Amount":null,"Brandon Win/Lose/Push":null,"Brandon":null,"Total Team Bet":null,"Legends Bet":null,"Leaders Bet":null,"To Win":null,"Payout":null,"TOTALS":null,"Mitch Totals":null,"Phil Totals":null,"Bryce Totals":null,"Cory Totals":null,"JB Totals":null,"Ethan Totals":null},{"Week":"59","Date":"12/15/2023","Mitch Bet Amount":null,"Mitch Win/Lose/Push":null,"Mitch":null,"Phil Bet Amount":null,"Phil Win/Lose/Push":null,"Phil":null,"Bryce Bet Amount":null,"Bryce Win/Lose/Push":null,"Bryce":null,"Cory Bet Amount":null,"Cory Win/Lose/Push":null,"Cory":null,"JB Bet Amount":null,"JB Win/Lose/Push":null,"JB":null,"Ethan Bet Amount":null,"Ethan Win/Lose/Push":null,"Ethan":null,"Jaime Bet Amount":null,"Jaime Win/Lose/Push":null,"Jaime":null,"Nathan Bet Amount":null,"Nathan Win/Lose/Push":null,"Nathan":null,"Evan Bet Amount":null,"Evan Win/Lose/Push":null,"Evan":null,"Brandon Bet Amount":null,"Brandon Win/Lose/Push":null,"Brandon":null,"Total Team Bet":null,"Legends Bet":null,"Leaders Bet":null,"To Win":null,"Payout":null,"TOTALS":null,"Mitch Totals":null,"Phil Totals":null,"Bryce Totals":null,"Cory Totals":null,"JB Totals":null,"Ethan Totals":null},{"Week":"60","Date":"12/22/2023","Mitch Bet Amount":null,"Mitch Win/Lose/Push":null,"Mitch":null,"Phil Bet Amount":null,"Phil Win/Lose/Push":null,"Phil":null,"Bryce Bet Amount":null,"Bryce Win/Lose/Push":null,"Bryce":null,"Cory Bet Amount":null,"Cory Win/Lose/Push":null,"Cory":null,"JB Bet Amount":null,"JB Win/Lose/Push":null,"JB":null,"Ethan Bet Amount":null,"Ethan Win/Lose/Push":null,"Ethan":null,"Jaime Bet Amount":null,"Jaime Win/Lose/Push":null,"Jaime":null,"Nathan Bet Amount":null,"Nathan Win/Lose/Push":null,"Nathan":null,"Evan Bet Amount":null,"Evan Win/Lose/Push":null,"Evan":null,"Brandon Bet Amount":null,"Brandon Win/Lose/Push":null,"Brandon":null,"Total Team Bet":null,"Legends Bet":null,"Leaders Bet":null,"To Win":null,"Payout":null,"TOTALS":null,"Mitch Totals":null,"Phil Totals":null,"Bryce Totals":null,"Cory Totals":null,"JB Totals":null,"Ethan Totals":null},{"Week":"61","Date":"12/29/2023","Mitch Bet Amount":null,"Mitch Win/Lose/Push":null,"Mitch":null,"Phil Bet Amount":null,"Phil Win/Lose/Push":null,"Phil":null,"Bryce Bet Amount":null,"Bryce Win/Lose/Push":null,"Bryce":null,"Cory Bet Amount":null,"Cory Win/Lose/Push":null,"Cory":null,"JB Bet Amount":null,"JB Win/Lose/Push":null,"JB":null,"Ethan Bet Amount":null,"Ethan Win/Lose/Push":null,"Ethan":null,"Jaime Bet Amount":null,"Jaime Win/Lose/Push":null,"Jaime":null,"Nathan Bet Amount":null,"Nathan Win/Lose/Push":null,"Nathan":null,"Evan Bet Amount":null,"Evan Win/Lose/Push":null,"Evan":null,"Brandon Bet Amount":null,"Brandon Win/Lose/Push":null,"Brandon":null,"Total Team Bet":null,"Legends Bet":null,"Leaders Bet":null,"To Win":null,"Payout":null,"TOTALS":null,"Mitch Totals":null,"Phil Totals":null,"Bryce Totals":null,"Cory Totals":null,"JB Totals":null,"Ethan Totals":null},{"Week":"62","Date":"01/05/2024","Mitch Bet Amount":null,"Mitch Win/Lose/Push":null,"Mitch":null,"Phil Bet Amount":null,"Phil Win/Lose/Push":null,"Phil":null,"Bryce Bet Amount":null,"Bryce Win/Lose/Push":null,"Bryce":null,"Cory Bet Amount":null,"Cory Win/Lose/Push":null,"Cory":null,"JB Bet Amount":null,"JB Win/Lose/Push":null,"JB":null,"Ethan Bet Amount":null,"Ethan Win/Lose/Push":null,"Ethan":null,"Jaime Bet Amount":null,"Jaime Win/Lose/Push":null,"Jaime":null,"Nathan Bet Amount":null,"Nathan Win/Lose/Push":null,"Nathan":null,"Evan Bet Amount":null,"Evan Win/Lose/Push":null,"Evan":null,"Brandon Bet Amount":null,"Brandon Win/Lose/Push":null,"Brandon":null,"Total Team Bet":null,"Legends Bet":null,"Leaders Bet":null,"To Win":null,"Payout":null,"TOTALS":null,"Mitch Totals":null,"Phil Totals":null,"Bryce Totals":null,"Cory Totals":null,"JB Totals":null,"Ethan Totals":null},{"Week":"63","Date":"01/12/2024","Mitch Bet Amount":null,"Mitch Win/Lose/Push":null,"Mitch":null,"Phil Bet Amount":null,"Phil Win/Lose/Push":null,"Phil":null,"Bryce Bet Amount":null,"Bryce Win/Lose/Push":null,"Bryce":null,"Cory Bet Amount":null,"Cory Win/Lose/Push":null,"Cory":null,"JB Bet Amount":null,"JB Win/Lose/Push":null,"JB":null,"Ethan Bet Amount":null,"Ethan Win/Lose/Push":null,"Ethan":null,"Jaime Bet Amount":null,"Jaime Win/Lose/Push":null,"Jaime":null,"Nathan Bet Amount":null,"Nathan Win/Lose/Push":null,"Nathan":null,"Evan Bet Amount":null,"Evan Win/Lose/Push":null,"Evan":null,"Brandon Bet Amount":null,"Brandon Win/Lose/Push":null,"Brandon":null,"Total Team Bet":null,"Legends Bet":null,"Leaders Bet":null,"To Win":null,"Payout":null,"TOTALS":null,"Mitch Totals":null,"Phil Totals":null,"Bryce Totals":null,"Cory Totals":null,"JB Totals":null,"Ethan Totals":null},{"Week":"64","Date":"01/19/2024","Mitch Bet Amount":null,"Mitch Win/Lose/Push":null,"Mitch":null,"Phil Bet Amount":null,"Phil Win/Lose/Push":null,"Phil":null,"Bryce Bet Amount":null,"Bryce Win/Lose/Push":null,"Bryce":null,"Cory Bet Amount":null,"Cory Win/Lose/Push":null,"Cory":null,"JB Bet Amount":null,"JB Win/Lose/Push":null,"JB":null,"Ethan Bet Amount":null,"Ethan Win/Lose/Push":null,"Ethan":null,"Jaime Bet Amount":null,"Jaime Win/Lose/Push":null,"Jaime":null,"Nathan Bet Amount":null,"Nathan Win/Lose/Push":null,"Nathan":null,"Evan Bet Amount":null,"Evan Win/Lose/Push":null,"Evan":null,"Brandon Bet Amount":null,"Brandon Win/Lose/Push":null,"Brandon":null,"Total Team Bet":null,"Legends Bet":null,"Leaders Bet":null,"To Win":null,"Payout":null,"TOTALS":null,"Mitch Totals":null,"Phil Totals":null,"Bryce Totals":null,"Cory Totals":null,"JB Totals":null,"Ethan Totals":null},{"Week":"65","Date":"01/26/2024","Mitch Bet Amount":null,"Mitch Win/Lose/Push":null,"Mitch":null,"Phil Bet Amount":null,"Phil Win/Lose/Push":null,"Phil":null,"Bryce Bet Amount":null,"Bryce Win/Lose/Push":null,"Bryce":null,"Cory Bet Amount":null,"Cory Win/Lose/Push":null,"Cory":null,"JB Bet Amount":null,"JB Win/Lose/Push":null,"JB":null,"Ethan Bet Amount":null,"Ethan Win/Lose/Push":null,"Ethan":null,"Jaime Bet Amount":null,"Jaime Win/Lose/Push":null,"Jaime":null,"Nathan Bet Amount":null,"Nathan Win/Lose/Push":null,"Nathan":null,"Evan Bet Amount":null,"Evan Win/Lose/Push":null,"Evan":null,"Brandon Bet Amount":null,"Brandon Win/Lose/Push":null,"Brandon":null,"Total Team Bet":null,"Legends Bet":null,"Leaders Bet":null,"To Win":null,"Payout":null,"TOTALS":null,"Mitch Totals":null,"Phil Totals":null,"Bryce Totals":null,"Cory Totals":null,"JB Totals":null,"Ethan Totals":null},{"Week":"66","Date":"02/02/2024","Mitch Bet Amount":null,"Mitch Win/Lose/Push":null,"Mitch":null,"Phil Bet Amount":null,"Phil Win/Lose/Push":null,"Phil":null,"Bryce Bet Amount":null,"Bryce Win/Lose/Push":null,"Bryce":null,"Cory Bet Amount":null,"Cory Win/Lose/Push":null,"Cory":null,"JB Bet Amount":null,"JB Win/Lose/Push":null,"JB":null,"Ethan Bet Amount":null,"Ethan Win/Lose/Push":null,"Ethan":null,"Jaime Bet Amount":null,"Jaime Win/Lose/Push":null,"Jaime":null,"Nathan Bet Amount":null,"Nathan Win/Lose/Push":null,"Nathan":null,"Evan Bet Amount":null,"Evan Win/Lose/Push":null,"Evan":null,"Brandon Bet Amount":null,"Brandon Win/Lose/Push":null,"Brandon":null,"Total Team Bet":null,"Legends Bet":null,"Leaders Bet":null,"To Win":null,"Payout":null,"TOTALS":null,"Mitch Totals":null,"Phil Totals":null,"Bryce Totals":null,"Cory Totals":null,"JB Totals":null,"Ethan Totals":null},{"Week":"67","Date":"02/09/2024","Mitch Bet Amount":null,"Mitch Win/Lose/Push":null,"Mitch":null,"Phil Bet Amount":null,"Phil Win/Lose/Push":null,"Phil":null,"Bryce Bet Amount":null,"Bryce Win/Lose/Push":null,"Bryce":null,"Cory Bet Amount":null,"Cory Win/Lose/Push":null,"Cory":null,"JB Bet Amount":null,"JB Win/Lose/Push":null,"JB":null,"Ethan Bet Amount":null,"Ethan Win/Lose/Push":null,"Ethan":null,"Jaime Bet Amount":null,"Jaime Win/Lose/Push":null,"Jaime":null,"Nathan Bet Amount":null,"Nathan Win/Lose/Push":null,"Nathan":null,"Evan Bet Amount":null,"Evan Win/Lose/Push":null,"Evan":null,"Brandon Bet Amount":null,"Brandon Win/Lose/Push":null,"Brandon":null,"Total Team Bet":null,"Legends Bet":null,"Leaders Bet":null,"To Win":null,"Payout":null,"TOTALS":null,"Mitch Totals":null,"Phil Totals":null,"Bryce Totals":null,"Cory Totals":null,"JB Totals":null,"Ethan Totals":null},{"Week":"68","Date":"02/16/2024","Mitch Bet Amount":null,"Mitch Win/Lose/Push":null,"Mitch":null,"Phil Bet Amount":null,"Phil Win/Lose/Push":null,"Phil":null,"Bryce Bet Amount":null,"Bryce Win/Lose/Push":null,"Bryce":null,"Cory Bet Amount":null,"Cory Win/Lose/Push":null,"Cory":null,"JB Bet Amount":null,"JB Win/Lose/Push":null,"JB":null,"Ethan Bet Amount":null,"Ethan Win/Lose/Push":null,"Ethan":null,"Jaime Bet Amount":null,"Jaime Win/Lose/Push":null,"Jaime":null,"Nathan Bet Amount":null,"Nathan Win/Lose/Push":null,"Nathan":null,"Evan Bet Amount":null,"Evan Win/Lose/Push":null,"Evan":null,"Brandon Bet Amount":null,"Brandon Win/Lose/Push":null,"Brandon":null,"Total Team Bet":null,"Legends Bet":null,"Leaders Bet":null,"To Win":null,"Payout":null,"TOTALS":null,"Mitch Totals":null,"Phil Totals":null,"Bryce Totals":null,"Cory Totals":null,"JB Totals":null,"Ethan Totals":null},{"Week":"69","Date":"02/23/2024","Mitch Bet Amount":null,"Mitch Win/Lose/Push":null,"Mitch":null,"Phil Bet Amount":null,"Phil Win/Lose/Push":null,"Phil":null,"Bryce Bet Amount":null,"Bryce Win/Lose/Push":null,"Bryce":null,"Cory Bet Amount":null,"Cory Win/Lose/Push":null,"Cory":null,"JB Bet Amount":null,"JB Win/Lose/Push":null,"JB":null,"Ethan Bet Amount":null,"Ethan Win/Lose/Push":null,"Ethan":null,"Jaime Bet Amount":null,"Jaime Win/Lose/Push":null,"Jaime":null,"Nathan Bet Amount":null,"Nathan Win/Lose/Push":null,"Nathan":null,"Evan Bet Amount":null,"Evan Win/Lose/Push":null,"Evan":null,"Brandon Bet Amount":null,"Brandon Win/Lose/Push":null,"Brandon":null,"Total Team Bet":null,"Legends Bet":null,"Leaders Bet":null,"To Win":null,"Payout":null,"TOTALS":null,"Mitch Totals":null,"Phil Totals":null,"Bryce Totals":null,"Cory Totals":null,"JB Totals":null,"Ethan Totals":null},{"Week":"70","Date":"03/01/2024","Mitch Bet Amount":null,"Mitch Win/Lose/Push":null,"Mitch":null,"Phil Bet Amount":null,"Phil Win/Lose/Push":null,"Phil":null,"Bryce Bet Amount":null,"Bryce Win/Lose/Push":null,"Bryce":null,"Cory Bet Amount":null,"Cory Win/Lose/Push":null,"Cory":null,"JB Bet Amount":null,"JB Win/Lose/Push":null,"JB":null,"Ethan Bet Amount":null,"Ethan Win/Lose/Push":null,"Ethan":null,"Jaime Bet Amount":null,"Jaime Win/Lose/Push":null,"Jaime":null,"Nathan Bet Amount":null,"Nathan Win/Lose/Push":null,"Nathan":null,"Evan Bet Amount":null,"Evan Win/Lose/Push":null,"Evan":null,"Brandon Bet Amount":null,"Brandon Win/Lose/Push":null,"Brandon":null,"Total Team Bet":null,"Legends Bet":null,"Leaders Bet":null,"To Win":null,"Payout":null,"TOTALS":null,"Mitch Totals":null,"Phil Totals":null,"Bryce Totals":null,"Cory Totals":null,"JB Totals":null,"Ethan Totals":null},{"Week":"71","Date":"03/08/2024","Mitch Bet Amount":null,"Mitch Win/Lose/Push":null,"Mitch":null,"Phil Bet Amount":null,"Phil Win/Lose/Push":null,"Phil":null,"Bryce Bet Amount":null,"Bryce Win/Lose/Push":null,"Bryce":null,"Cory Bet Amount":null,"Cory Win/Lose/Push":null,"Cory":null,"JB Bet Amount":null,"JB Win/Lose/Push":null,"JB":null,"Ethan Bet Amount":null,"Ethan Win/Lose/Push":null,"Ethan":null,"Jaime Bet Amount":null,"Jaime Win/Lose/Push":null,"Jaime":null,"Nathan Bet Amount":null,"Nathan Win/Lose/Push":null,"Nathan":null,"Evan Bet Amount":null,"Evan Win/Lose/Push":null,"Evan":null,"Brandon Bet Amount":null,"Brandon Win/Lose/Push":null,"Brandon":null,"Total Team Bet":null,"Legends Bet":null,"Leaders Bet":null,"To Win":null,"Payout":null,"TOTALS":null,"Mitch Totals":null,"Phil Totals":null,"Bryce Totals":null,"Cory Totals":null,"JB Totals":null,"Ethan Totals":null},{"Week":"72","Date":"03/15/2024","Mitch Bet Amount":null,"Mitch Win/Lose/Push":null,"Mitch":null,"Phil Bet Amount":null,"Phil Win/Lose/Push":null,"Phil":null,"Bryce Bet Amount":null,"Bryce Win/Lose/Push":null,"Bryce":null,"Cory Bet Amount":null,"Cory Win/Lose/Push":null,"Cory":null,"JB Bet Amount":null,"JB Win/Lose/Push":null,"JB":null,"Ethan Bet Amount":null,"Ethan Win/Lose/Push":null,"Ethan":null,"Jaime Bet Amount":null,"Jaime Win/Lose/Push":null,"Jaime":null,"Nathan Bet Amount":null,"Nathan Win/Lose/Push":null,"Nathan":null,"Evan Bet Amount":null,"Evan Win/Lose/Push":null,"Evan":null,"Brandon Bet Amount":null,"Brandon Win/Lose/Push":null,"Brandon":null,"Total Team Bet":null,"Legends Bet":null,"Leaders Bet":null,"To Win":null,"Payout":null,"TOTALS":null,"Mitch Totals":null,"Phil Totals":null,"Bryce Totals":null,"Cory Totals":null,"JB Totals":null,"Ethan Totals":null},{"Week":"73","Date":"03/22/2024","Mitch Bet Amount":null,"Mitch Win/Lose/Push":null,"Mitch":null,"Phil Bet Amount":null,"Phil Win/Lose/Push":null,"Phil":null,"Bryce Bet Amount":null,"Bryce Win/Lose/Push":null,"Bryce":null,"Cory Bet Amount":null,"Cory Win/Lose/Push":null,"Cory":null,"JB Bet Amount":null,"JB Win/Lose/Push":null,"JB":null,"Ethan Bet Amount":null,"Ethan Win/Lose/Push":null,"Ethan":null,"Jaime Bet Amount":null,"Jaime Win/Lose/Push":null,"Jaime":null,"Nathan Bet Amount":null,"Nathan Win/Lose/Push":null,"Nathan":null,"Evan Bet Amount":null,"Evan Win/Lose/Push":null,"Evan":null,"Brandon Bet Amount":null,"Brandon Win/Lose/Push":null,"Brandon":null,"Total Team Bet":null,"Legends Bet":null,"Leaders Bet":null,"To Win":null,"Payout":null,"TOTALS":null,"Mitch Totals":null,"Phil Totals":null,"Bryce Totals":null,"Cory Totals":null,"JB Totals":null,"Ethan Totals":null},{"Week":"74","Date":"03/29/2024","Mitch Bet Amount":null,"Mitch Win/Lose/Push":null,"Mitch":null,"Phil Bet Amount":null,"Phil Win/Lose/Push":null,"Phil":null,"Bryce Bet Amount":null,"Bryce Win/Lose/Push":null,"Bryce":null,"Cory Bet Amount":null,"Cory Win/Lose/Push":null,"Cory":null,"JB Bet Amount":null,"JB Win/Lose/Push":null,"JB":null,"Ethan Bet Amount":null,"Ethan Win/Lose/Push":null,"Ethan":null,"Jaime Bet Amount":null,"Jaime Win/Lose/Push":null,"Jaime":null,"Nathan Bet Amount":null,"Nathan Win/Lose/Push":null,"Nathan":null,"Evan Bet Amount":null,"Evan Win/Lose/Push":null,"Evan":null,"Brandon Bet Amount":null,"Brandon Win/Lose/Push":null,"Brandon":null,"Total Team Bet":null,"Legends Bet":null,"Leaders Bet":null,"To Win":null,"Payout":null,"TOTALS":null,"Mitch Totals":null,"Phil Totals":null,"Bryce Totals":null,"Cory Totals":null,"JB Totals":null,"Ethan Totals":null},{"Week":"75","Date":"04/05/2024","Mitch Bet Amount":null,"Mitch Win/Lose/Push":null,"Mitch":null,"Phil Bet Amount":null,"Phil Win/Lose/Push":null,"Phil":null,"Bryce Bet Amount":null,"Bryce Win/Lose/Push":null,"Bryce":null,"Cory Bet Amount":null,"Cory Win/Lose/Push":null,"Cory":null,"JB Bet Amount":null,"JB Win/Lose/Push":null,"JB":null,"Ethan Bet Amount":null,"Ethan Win/Lose/Push":null,"Ethan":null,"Jaime Bet Amount":null,"Jaime Win/Lose/Push":null,"Jaime":null,"Nathan Bet Amount":null,"Nathan Win/Lose/Push":null,"Nathan":null,"Evan Bet Amount":null,"Evan Win/Lose/Push":null,"Evan":null,"Brandon Bet Amount":null,"Brandon Win/Lose/Push":null,"Brandon":null,"Total Team Bet":null,"Legends Bet":null,"Leaders Bet":null,"To Win":null,"Payout":null,"TOTALS":null,"Mitch Totals":null,"Phil Totals":null,"Bryce Totals":null,"Cory Totals":null,"JB Totals":null,"Ethan Totals":null},{"Week":"76","Date":"04/12/2024","Mitch Bet Amount":null,"Mitch Win/Lose/Push":null,"Mitch":null,"Phil Bet Amount":null,"Phil Win/Lose/Push":null,"Phil":null,"Bryce Bet Amount":null,"Bryce Win/Lose/Push":null,"Bryce":null,"Cory Bet Amount":null,"Cory Win/Lose/Push":null,"Cory":null,"JB Bet Amount":null,"JB Win/Lose/Push":null,"JB":null,"Ethan Bet Amount":null,"Ethan Win/Lose/Push":null,"Ethan":null,"Jaime Bet Amount":null,"Jaime Win/Lose/Push":null,"Jaime":null,"Nathan Bet Amount":null,"Nathan Win/Lose/Push":null,"Nathan":null,"Evan Bet Amount":null,"Evan Win/Lose/Push":null,"Evan":null,"Brandon Bet Amount":null,"Brandon Win/Lose/Push":null,"Brandon":null,"Total Team Bet":null,"Legends Bet":null,"Leaders Bet":null,"To Win":null,"Payout":null,"TOTALS":null,"Mitch Totals":null,"Phil Totals":null,"Bryce Totals":null,"Cory Totals":null,"JB Totals":null,"Ethan Totals":null},{"Week":"77","Date":"04/19/2024","Mitch Bet Amount":null,"Mitch Win/Lose/Push":null,"Mitch":null,"Phil Bet Amount":null,"Phil Win/Lose/Push":null,"Phil":null,"Bryce Bet Amount":null,"Bryce Win/Lose/Push":null,"Bryce":null,"Cory Bet Amount":null,"Cory Win/Lose/Push":null,"Cory":null,"JB Bet Amount":null,"JB Win/Lose/Push":null,"JB":null,"Ethan Bet Amount":null,"Ethan Win/Lose/Push":null,"Ethan":null,"Jaime Bet Amount":null,"Jaime Win/Lose/Push":null,"Jaime":null,"Nathan Bet Amount":null,"Nathan Win/Lose/Push":null,"Nathan":null,"Evan Bet Amount":null,"Evan Win/Lose/Push":null,"Evan":null,"Brandon Bet Amount":null,"Brandon Win/Lose/Push":null,"Brandon":null,"Total Team Bet":null,"Legends Bet":null,"Leaders Bet":null,"To Win":null,"Payout":null,"TOTALS":null,"Mitch Totals":null,"Phil Totals":null,"Bryce Totals":null,"Cory Totals":null,"JB Totals":null,"Ethan Totals":null},{"Week":"78","Date":"04/26/2024","Mitch Bet Amount":null,"Mitch Win/Lose/Push":null,"Mitch":null,"Phil Bet Amount":null,"Phil Win/Lose/Push":null,"Phil":null,"Bryce Bet Amount":null,"Bryce Win/Lose/Push":null,"Bryce":null,"Cory Bet Amount":null,"Cory Win/Lose/Push":null,"Cory":null,"JB Bet Amount":null,"JB Win/Lose/Push":null,"JB":null,"Ethan Bet Amount":null,"Ethan Win/Lose/Push":null,"Ethan":null,"Jaime Bet Amount":null,"Jaime Win/Lose/Push":null,"Jaime":null,"Nathan Bet Amount":null,"Nathan Win/Lose/Push":null,"Nathan":null,"Evan Bet Amount":null,"Evan Win/Lose/Push":null,"Evan":null,"Brandon Bet Amount":null,"Brandon Win/Lose/Push":null,"Brandon":null,"Total Team Bet":null,"Legends Bet":null,"Leaders Bet":null,"To Win":null,"Payout":null,"TOTALS":null,"Mitch Totals":null,"Phil Totals":null,"Bryce Totals":null,"Cory Totals":null,"JB Totals":null,"Ethan Totals":null},{"Week":"79","Date":"05/03/2024","Mitch Bet Amount":null,"Mitch Win/Lose/Push":null,"Mitch":null,"Phil Bet Amount":null,"Phil Win/Lose/Push":null,"Phil":null,"Bryce Bet Amount":null,"Bryce Win/Lose/Push":null,"Bryce":null,"Cory Bet Amount":null,"Cory Win/Lose/Push":null,"Cory":null,"JB Bet Amount":null,"JB Win/Lose/Push":null,"JB":null,"Ethan Bet Amount":null,"Ethan Win/Lose/Push":null,"Ethan":null,"Jaime Bet Amount":null,"Jaime Win/Lose/Push":null,"Jaime":null,"Nathan Bet Amount":null,"Nathan Win/Lose/Push":null,"Nathan":null,"Evan Bet Amount":null,"Evan Win/Lose/Push":null,"Evan":null,"Brandon Bet Amount":null,"Brandon Win/Lose/Push":null,"Brandon":null,"Total Team Bet":null,"Legends Bet":null,"Leaders Bet":null,"To Win":null,"Payout":null,"TOTALS":null,"Mitch Totals":null,"Phil Totals":null,"Bryce Totals":null,"Cory Totals":null,"JB Totals":null,"Ethan Totals":null},{"Week":"80","Date":"05/10/2024","Mitch Bet Amount":null,"Mitch Win/Lose/Push":null,"Mitch":null,"Phil Bet Amount":null,"Phil Win/Lose/Push":null,"Phil":null,"Bryce Bet Amount":null,"Bryce Win/Lose/Push":null,"Bryce":null,"Cory Bet Amount":null,"Cory Win/Lose/Push":null,"Cory":null,"JB Bet Amount":null,"JB Win/Lose/Push":null,"JB":null,"Ethan Bet Amount":null,"Ethan Win/Lose/Push":null,"Ethan":null,"Jaime Bet Amount":null,"Jaime Win/Lose/Push":null,"Jaime":null,"Nathan Bet Amount":null,"Nathan Win/Lose/Push":null,"Nathan":null,"Evan Bet Amount":null,"Evan Win/Lose/Push":null,"Evan":null,"Brandon Bet Amount":null,"Brandon Win/Lose/Push":null,"Brandon":null,"Total Team Bet":null,"Legends Bet":null,"Leaders Bet":null,"To Win":null,"Payout":null,"TOTALS":null,"Mitch Totals":null,"Phil Totals":null,"Bryce Totals":null,"Cory Totals":null,"JB Totals":null,"Ethan Totals":null},{"Week":"81","Date":"05/17/2024","Mitch Bet Amount":null,"Mitch Win/Lose/Push":null,"Mitch":null,"Phil Bet Amount":null,"Phil Win/Lose/Push":null,"Phil":null,"Bryce Bet Amount":null,"Bryce Win/Lose/Push":null,"Bryce":null,"Cory Bet Amount":null,"Cory Win/Lose/Push":null,"Cory":null,"JB Bet Amount":null,"JB Win/Lose/Push":null,"JB":null,"Ethan Bet Amount":null,"Ethan Win/Lose/Push":null,"Ethan":null,"Jaime Bet Amount":null,"Jaime Win/Lose/Push":null,"Jaime":null,"Nathan Bet Amount":null,"Nathan Win/Lose/Push":null,"Nathan":null,"Evan Bet Amount":null,"Evan Win/Lose/Push":null,"Evan":null,"Brandon Bet Amount":null,"Brandon Win/Lose/Push":null,"Brandon":null,"Total Team Bet":null,"Legends Bet":null,"Leaders Bet":null,"To Win":null,"Payout":null,"TOTALS":null,"Mitch Totals":null,"Phil Totals":null,"Bryce Totals":null,"Cory Totals":null,"JB Totals":null,"Ethan Totals":null},{"Week":"82","Date":"05/24/2024","Mitch Bet Amount":null,"Mitch Win/Lose/Push":null,"Mitch":null,"Phil Bet Amount":null,"Phil Win/Lose/Push":null,"Phil":null,"Bryce Bet Amount":null,"Bryce Win/Lose/Push":null,"Bryce":null,"Cory Bet Amount":null,"Cory Win/Lose/Push":null,"Cory":null,"JB Bet Amount":null,"JB Win/Lose/Push":null,"JB":null,"Ethan Bet Amount":null,"Ethan Win/Lose/Push":null,"Ethan":null,"Jaime Bet Amount":null,"Jaime Win/Lose/Push":null,"Jaime":null,"Nathan Bet Amount":null,"Nathan Win/Lose/Push":null,"Nathan":null,"Evan Bet Amount":null,"Evan Win/Lose/Push":null,"Evan":null,"Brandon Bet Amount":null,"Brandon Win/Lose/Push":null,"Brandon":null,"Total Team Bet":null,"Legends Bet":null,"Leaders Bet":null,"To Win":null,"Payout":null,"TOTALS":null,"Mitch Totals":null,"Phil Totals":null,"Bryce Totals":null,"Cory Totals":null,"JB Totals":null,"Ethan Totals":null},{"Week":"83","Date":"05/31/2024","Mitch Bet Amount":null,"Mitch Win/Lose/Push":null,"Mitch":null,"Phil Bet Amount":null,"Phil Win/Lose/Push":null,"Phil":null,"Bryce Bet Amount":null,"Bryce Win/Lose/Push":null,"Bryce":null,"Cory Bet Amount":null,"Cory Win/Lose/Push":null,"Cory":null,"JB Bet Amount":null,"JB Win/Lose/Push":null,"JB":null,"Ethan Bet Amount":null,"Ethan Win/Lose/Push":null,"Ethan":null,"Jaime Bet Amount":null,"Jaime Win/Lose/Push":null,"Jaime":null,"Nathan Bet Amount":null,"Nathan Win/Lose/Push":null,"Nathan":null,"Evan Bet Amount":null,"Evan Win/Lose/Push":null,"Evan":null,"Brandon Bet Amount":null,"Brandon Win/Lose/Push":null,"Brandon":null,"Total Team Bet":null,"Legends Bet":null,"Leaders Bet":null,"To Win":null,"Payout":null,"TOTALS":null,"Mitch Totals":null,"Phil Totals":null,"Bryce Totals":null,"Cory Totals":null,"JB Totals":null,"Ethan Totals":null},{"Week":"84","Date":"06/07/2024","Mitch Bet Amount":null,"Mitch Win/Lose/Push":null,"Mitch":null,"Phil Bet Amount":null,"Phil Win/Lose/Push":null,"Phil":null,"Bryce Bet Amount":null,"Bryce Win/Lose/Push":null,"Bryce":null,"Cory Bet Amount":null,"Cory Win/Lose/Push":null,"Cory":null,"JB Bet Amount":null,"JB Win/Lose/Push":null,"JB":null,"Ethan Bet Amount":null,"Ethan Win/Lose/Push":null,"Ethan":null,"Jaime Bet Amount":null,"Jaime Win/Lose/Push":null,"Jaime":null,"Nathan Bet Amount":null,"Nathan Win/Lose/Push":null,"Nathan":null,"Evan Bet Amount":null,"Evan Win/Lose/Push":null,"Evan":null,"Brandon Bet Amount":null,"Brandon Win/Lose/Push":null,"Brandon":null,"Total Team Bet":null,"Legends Bet":null,"Leaders Bet":null,"To Win":null,"Payout":null,"TOTALS":null,"Mitch Totals":null,"Phil Totals":null,"Bryce Totals":null,"Cory Totals":null,"JB Totals":null,"Ethan Totals":null},{"Week":"85","Date":"06/14/2024","Mitch Bet Amount":null,"Mitch Win/Lose/Push":null,"Mitch":null,"Phil Bet Amount":null,"Phil Win/Lose/Push":null,"Phil":null,"Bryce Bet Amount":null,"Bryce Win/Lose/Push":null,"Bryce":null,"Cory Bet Amount":null,"Cory Win/Lose/Push":null,"Cory":null,"JB Bet Amount":null,"JB Win/Lose/Push":null,"JB":null,"Ethan Bet Amount":null,"Ethan Win/Lose/Push":null,"Ethan":null,"Jaime Bet Amount":null,"Jaime Win/Lose/Push":null,"Jaime":null,"Nathan Bet Amount":null,"Nathan Win/Lose/Push":null,"Nathan":null,"Evan Bet Amount":null,"Evan Win/Lose/Push":null,"Evan":null,"Brandon Bet Amount":null,"Brandon Win/Lose/Push":null,"Brandon":null,"Total Team Bet":null,"Legends Bet":null,"Leaders Bet":null,"To Win":null,"Payout":null,"TOTALS":null,"Mitch Totals":null,"Phil Totals":null,"Bryce Totals":null,"Cory Totals":null,"JB Totals":null,"Ethan Totals":null},{"Week":"86","Date":"06/21/2024","Mitch Bet Amount":null,"Mitch Win/Lose/Push":null,"Mitch":null,"Phil Bet Amount":null,"Phil Win/Lose/Push":null,"Phil":null,"Bryce Bet Amount":null,"Bryce Win/Lose/Push":null,"Bryce":null,"Cory Bet Amount":null,"Cory Win/Lose/Push":null,"Cory":null,"JB Bet Amount":null,"JB Win/Lose/Push":null,"JB":null,"Ethan Bet Amount":null,"Ethan Win/Lose/Push":null,"Ethan":null,"Jaime Bet Amount":null,"Jaime Win/Lose/Push":null,"Jaime":null,"Nathan Bet Amount":null,"Nathan Win/Lose/Push":null,"Nathan":null,"Evan Bet Amount":null,"Evan Win/Lose/Push":null,"Evan":null,"Brandon Bet Amount":null,"Brandon Win/Lose/Push":null,"Brandon":null,"Total Team Bet":null,"Legends Bet":null,"Leaders Bet":null,"To Win":null,"Payout":null,"TOTALS":null,"Mitch Totals":null,"Phil Totals":null,"Bryce Totals":null,"Cory Totals":null,"JB Totals":null,"Ethan Totals":null},{"Week":"87","Date":"06/28/2024","Mitch Bet Amount":null,"Mitch Win/Lose/Push":null,"Mitch":null,"Phil Bet Amount":null,"Phil Win/Lose/Push":null,"Phil":null,"Bryce Bet Amount":null,"Bryce Win/Lose/Push":null,"Bryce":null,"Cory Bet Amount":null,"Cory Win/Lose/Push":null,"Cory":null,"JB Bet Amount":null,"JB Win/Lose/Push":null,"JB":null,"Ethan Bet Amount":null,"Ethan Win/Lose/Push":null,"Ethan":null,"Jaime Bet Amount":null,"Jaime Win/Lose/Push":null,"Jaime":null,"Nathan Bet Amount":null,"Nathan Win/Lose/Push":null,"Nathan":null,"Evan Bet Amount":null,"Evan Win/Lose/Push":null,"Evan":null,"Brandon Bet Amount":null,"Brandon Win/Lose/Push":null,"Brandon":null,"Total Team Bet":null,"Legends Bet":null,"Leaders Bet":null,"To Win":null,"Payout":null,"TOTALS":null,"Mitch Totals":null,"Phil Totals":null,"Bryce Totals":null,"Cory Totals":null,"JB Totals":null,"Ethan Totals":null},{"Week":"88","Date":"07/05/2024","Mitch Bet Amount":null,"Mitch Win/Lose/Push":null,"Mitch":null,"Phil Bet Amount":null,"Phil Win/Lose/Push":null,"Phil":null,"Bryce Bet Amount":null,"Bryce Win/Lose/Push":null,"Bryce":null,"Cory Bet Amount":null,"Cory Win/Lose/Push":null,"Cory":null,"JB Bet Amount":null,"JB Win/Lose/Push":null,"JB":null,"Ethan Bet Amount":null,"Ethan Win/Lose/Push":null,"Ethan":null,"Jaime Bet Amount":null,"Jaime Win/Lose/Push":null,"Jaime":null,"Nathan Bet Amount":null,"Nathan Win/Lose/Push":null,"Nathan":null,"Evan Bet Amount":null,"Evan Win/Lose/Push":null,"Evan":null,"Brandon Bet Amount":null,"Brandon Win/Lose/Push":null,"Brandon":null,"Total Team Bet":null,"Legends Bet":null,"Leaders Bet":null,"To Win":null,"Payout":null,"TOTALS":null,"Mitch Totals":null,"Phil Totals":null,"Bryce Totals":null,"Cory Totals":null,"JB Totals":null,"Ethan Totals":null},{"Week":"89","Date":"07/12/2024","Mitch Bet Amount":null,"Mitch Win/Lose/Push":null,"Mitch":null,"Phil Bet Amount":null,"Phil Win/Lose/Push":null,"Phil":null,"Bryce Bet Amount":null,"Bryce Win/Lose/Push":null,"Bryce":null,"Cory Bet Amount":null,"Cory Win/Lose/Push":null,"Cory":null,"JB Bet Amount":null,"JB Win/Lose/Push":null,"JB":null,"Ethan Bet Amount":null,"Ethan Win/Lose/Push":null,"Ethan":null,"Jaime Bet Amount":null,"Jaime Win/Lose/Push":null,"Jaime":null,"Nathan Bet Amount":null,"Nathan Win/Lose/Push":null,"Nathan":null,"Evan Bet Amount":null,"Evan Win/Lose/Push":null,"Evan":null,"Brandon Bet Amount":null,"Brandon Win/Lose/Push":null,"Brandon":null,"Total Team Bet":null,"Legends Bet":null,"Leaders Bet":null,"To Win":null,"Payout":null,"TOTALS":null,"Mitch Totals":null,"Phil Totals":null,"Bryce Totals":null,"Cory Totals":null,"JB Totals":null,"Ethan Totals":null},{"Week":"90","Date":"07/19/2024","Mitch Bet Amount":null,"Mitch Win/Lose/Push":null,"Mitch":null,"Phil Bet Amount":null,"Phil Win/Lose/Push":null,"Phil":null,"Bryce Bet Amount":null,"Bryce Win/Lose/Push":null,"Bryce":null,"Cory Bet Amount":null,"Cory Win/Lose/Push":null,"Cory":null,"JB Bet Amount":null,"JB Win/Lose/Push":null,"JB":null,"Ethan Bet Amount":null,"Ethan Win/Lose/Push":null,"Ethan":null,"Jaime Bet Amount":null,"Jaime Win/Lose/Push":null,"Jaime":null,"Nathan Bet Amount":null,"Nathan Win/Lose/Push":null,"Nathan":null,"Evan Bet Amount":null,"Evan Win/Lose/Push":null,"Evan":null,"Brandon Bet Amount":null,"Brandon Win/Lose/Push":null,"Brandon":null,"Total Team Bet":null,"Legends Bet":null,"Leaders Bet":null,"To Win":null,"Payout":null,"TOTALS":null,"Mitch Totals":null,"Phil Totals":null,"Bryce Totals":null,"Cory Totals":null,"JB Totals":null,"Ethan Totals":null},{"Week":"91","Date":"07/26/2024","Mitch Bet Amount":null,"Mitch Win/Lose/Push":null,"Mitch":null,"Phil Bet Amount":null,"Phil Win/Lose/Push":null,"Phil":null,"Bryce Bet Amount":null,"Bryce Win/Lose/Push":null,"Bryce":null,"Cory Bet Amount":null,"Cory Win/Lose/Push":null,"Cory":null,"JB Bet Amount":null,"JB Win/Lose/Push":null,"JB":null,"Ethan Bet Amount":null,"Ethan Win/Lose/Push":null,"Ethan":null,"Jaime Bet Amount":null,"Jaime Win/Lose/Push":null,"Jaime":null,"Nathan Bet Amount":null,"Nathan Win/Lose/Push":null,"Nathan":null,"Evan Bet Amount":null,"Evan Win/Lose/Push":null,"Evan":null,"Brandon Bet Amount":null,"Brandon Win/Lose/Push":null,"Brandon":null,"Total Team Bet":null,"Legends Bet":null,"Leaders Bet":null,"To Win":null,"Payout":null,"TOTALS":null,"Mitch Totals":null,"Phil Totals":null,"Bryce Totals":null,"Cory Totals":null,"JB Totals":null,"Ethan Totals":null},{"Week":"92","Date":"08/02/2024","Mitch Bet Amount":null,"Mitch Win/Lose/Push":null,"Mitch":null,"Phil Bet Amount":null,"Phil Win/Lose/Push":null,"Phil":null,"Bryce Bet Amount":null,"Bryce Win/Lose/Push":null,"Bryce":null,"Cory Bet Amount":null,"Cory Win/Lose/Push":null,"Cory":null,"JB Bet Amount":null,"JB Win/Lose/Push":null,"JB":null,"Ethan Bet Amount":null,"Ethan Win/Lose/Push":null,"Ethan":null,"Jaime Bet Amount":null,"Jaime Win/Lose/Push":null,"Jaime":null,"Nathan Bet Amount":null,"Nathan Win/Lose/Push":null,"Nathan":null,"Evan Bet Amount":null,"Evan Win/Lose/Push":null,"Evan":null,"Brandon Bet Amount":null,"Brandon Win/Lose/Push":null,"Brandon":null,"Total Team Bet":null,"Legends Bet":null,"Leaders Bet":null,"To Win":null,"Payout":null,"TOTALS":null,"Mitch Totals":null,"Phil Totals":null,"Bryce Totals":null,"Cory Totals":null,"JB Totals":null,"Ethan Totals":null},{"Week":"93","Date":"08/09/2024","Mitch Bet Amount":null,"Mitch Win/Lose/Push":null,"Mitch":null,"Phil Bet Amount":null,"Phil Win/Lose/Push":null,"Phil":null,"Bryce Bet Amount":null,"Bryce Win/Lose/Push":null,"Bryce":null,"Cory Bet Amount":null,"Cory Win/Lose/Push":null,"Cory":null,"JB Bet Amount":null,"JB Win/Lose/Push":null,"JB":null,"Ethan Bet Amount":null,"Ethan Win/Lose/Push":null,"Ethan":null,"Jaime Bet Amount":null,"Jaime Win/Lose/Push":null,"Jaime":null,"Nathan Bet Amount":null,"Nathan Win/Lose/Push":null,"Nathan":null,"Evan Bet Amount":null,"Evan Win/Lose/Push":null,"Evan":null,"Brandon Bet Amount":null,"Brandon Win/Lose/Push":null,"Brandon":null,"Total Team Bet":null,"Legends Bet":null,"Leaders Bet":null,"To Win":null,"Payout":null,"TOTALS":null,"Mitch Totals":null,"Phil Totals":null,"Bryce Totals":null,"Cory Totals":null,"JB Totals":null,"Ethan Totals":null},{"Week":"94","Date":"08/16/2024","Mitch Bet Amount":null,"Mitch Win/Lose/Push":null,"Mitch":null,"Phil Bet Amount":null,"Phil Win/Lose/Push":null,"Phil":null,"Bryce Bet Amount":null,"Bryce Win/Lose/Push":null,"Bryce":null,"Cory Bet Amount":null,"Cory Win/Lose/Push":null,"Cory":null,"JB Bet Amount":null,"JB Win/Lose/Push":null,"JB":null,"Ethan Bet Amount":null,"Ethan Win/Lose/Push":null,"Ethan":null,"Jaime Bet Amount":null,"Jaime Win/Lose/Push":null,"Jaime":null,"Nathan Bet Amount":null,"Nathan Win/Lose/Push":null,"Nathan":null,"Evan Bet Amount":null,"Evan Win/Lose/Push":null,"Evan":null,"Brandon Bet Amount":null,"Brandon Win/Lose/Push":null,"Brandon":null,"Total Team Bet":null,"Legends Bet":null,"Leaders Bet":null,"To Win":null,"Payout":null,"TOTALS":null,"Mitch Totals":null,"Phil Totals":null,"Bryce Totals":null,"Cory Totals":null,"JB Totals":null,"Ethan Totals":null},{"Week":"95","Date":"08/23/2024","Mitch Bet Amount":null,"Mitch Win/Lose/Push":null,"Mitch":null,"Phil Bet Amount":null,"Phil Win/Lose/Push":null,"Phil":null,"Bryce Bet Amount":null,"Bryce Win/Lose/Push":null,"Bryce":null,"Cory Bet Amount":null,"Cory Win/Lose/Push":null,"Cory":null,"JB Bet Amount":null,"JB Win/Lose/Push":null,"JB":null,"Ethan Bet Amount":null,"Ethan Win/Lose/Push":null,"Ethan":null,"Jaime Bet Amount":null,"Jaime Win/Lose/Push":null,"Jaime":null,"Nathan Bet Amount":null,"Nathan Win/Lose/Push":null,"Nathan":null,"Evan Bet Amount":null,"Evan Win/Lose/Push":null,"Evan":null,"Brandon Bet Amount":null,"Brandon Win/Lose/Push":null,"Brandon":null,"Total Team Bet":null,"Legends Bet":null,"Leaders Bet":null,"To Win":null,"Payout":null,"TOTALS":null,"Mitch Totals":null,"Phil Totals":null,"Bryce Totals":null,"Cory Totals":null,"JB Totals":null,"Ethan Totals":null},{"Week":"96","Date":"08/30/2024","Mitch Bet Amount":null,"Mitch Win/Lose/Push":null,"Mitch":null,"Phil Bet Amount":null,"Phil Win/Lose/Push":null,"Phil":null,"Bryce Bet Amount":null,"Bryce Win/Lose/Push":null,"Bryce":null,"Cory Bet Amount":null,"Cory Win/Lose/Push":null,"Cory":null,"JB Bet Amount":null,"JB Win/Lose/Push":null,"JB":null,"Ethan Bet Amount":null,"Ethan Win/Lose/Push":null,"Ethan":null,"Jaime Bet Amount":null,"Jaime Win/Lose/Push":null,"Jaime":null,"Nathan Bet Amount":null,"Nathan Win/Lose/Push":null,"Nathan":null,"Evan Bet Amount":null,"Evan Win/Lose/Push":null,"Evan":null,"Brandon Bet Amount":null,"Brandon Win/Lose/Push":null,"Brandon":null,"Total Team Bet":null,"Legends Bet":null,"Leaders Bet":null,"To Win":null,"Payout":null,"TOTALS":null,"Mitch Totals":null,"Phil Totals":null,"Bryce Totals":null,"Cory Totals":null,"JB Totals":null,"Ethan Totals":null},{"Week":"97","Date":"09/06/2024","Mitch Bet Amount":null,"Mitch Win/Lose/Push":null,"Mitch":null,"Phil Bet Amount":null,"Phil Win/Lose/Push":null,"Phil":null,"Bryce Bet Amount":null,"Bryce Win/Lose/Push":null,"Bryce":null,"Cory Bet Amount":null,"Cory Win/Lose/Push":null,"Cory":null,"JB Bet Amount":null,"JB Win/Lose/Push":null,"JB":null,"Ethan Bet Amount":null,"Ethan Win/Lose/Push":null,"Ethan":null,"Jaime Bet Amount":null,"Jaime Win/Lose/Push":null,"Jaime":null,"Nathan Bet Amount":null,"Nathan Win/Lose/Push":null,"Nathan":null,"Evan Bet Amount":null,"Evan Win/Lose/Push":null,"Evan":null,"Brandon Bet Amount":null,"Brandon Win/Lose/Push":null,"Brandon":null,"Total Team Bet":null,"Legends Bet":null,"Leaders Bet":null,"To Win":null,"Payout":null,"TOTALS":null,"Mitch Totals":null,"Phil Totals":null,"Bryce Totals":null,"Cory Totals":null,"JB Totals":null,"Ethan Totals":null},{"Week":"98","Date":"09/13/2024","Mitch Bet Amount":null,"Mitch Win/Lose/Push":null,"Mitch":null,"Phil Bet Amount":null,"Phil Win/Lose/Push":null,"Phil":null,"Bryce Bet Amount":null,"Bryce Win/Lose/Push":null,"Bryce":null,"Cory Bet Amount":null,"Cory Win/Lose/Push":null,"Cory":null,"JB Bet Amount":null,"JB Win/Lose/Push":null,"JB":null,"Ethan Bet Amount":null,"Ethan Win/Lose/Push":null,"Ethan":null,"Jaime Bet Amount":null,"Jaime Win/Lose/Push":null,"Jaime":null,"Nathan Bet Amount":null,"Nathan Win/Lose/Push":null,"Nathan":null,"Evan Bet Amount":null,"Evan Win/Lose/Push":null,"Evan":null,"Brandon Bet Amount":null,"Brandon Win/Lose/Push":null,"Brandon":null,"Total Team Bet":null,"Legends Bet":null,"Leaders Bet":null,"To Win":null,"Payout":null,"TOTALS":null,"Mitch Totals":null,"Phil Totals":null,"Bryce Totals":null,"Cory Totals":null,"JB Totals":null,"Ethan Totals":null},{"Week":"99","Date":"09/20/2024","Mitch Bet Amount":null,"Mitch Win/Lose/Push":null,"Mitch":null,"Phil Bet Amount":null,"Phil Win/Lose/Push":null,"Phil":null,"Bryce Bet Amount":null,"Bryce Win/Lose/Push":null,"Bryce":null,"Cory Bet Amount":null,"Cory Win/Lose/Push":null,"Cory":null,"JB Bet Amount":null,"JB Win/Lose/Push":null,"JB":null,"Ethan Bet Amount":null,"Ethan Win/Lose/Push":null,"Ethan":null,"Jaime Bet Amount":null,"Jaime Win/Lose/Push":null,"Jaime":null,"Nathan Bet Amount":null,"Nathan Win/Lose/Push":null,"Nathan":null,"Evan Bet Amount":null,"Evan Win/Lose/Push":null,"Evan":null,"Brandon Bet Amount":null,"Brandon Win/Lose/Push":null,"Brandon":null,"Total Team Bet":null,"Legends Bet":null,"Leaders Bet":null,"To Win":null,"Payout":null,"TOTALS":null,"Mitch Totals":null,"Phil Totals":null,"Bryce Totals":null,"Cory Totals":null,"JB Totals":null,"Ethan Totals":null},{"Week":"100","Date":"09/27/2024","Mitch Bet Amount":null,"Mitch Win/Lose/Push":null,"Mitch":null,"Phil Bet Amount":null,"Phil Win/Lose/Push":null,"Phil":null,"Bryce Bet Amount":null,"Bryce Win/Lose/Push":null,"Bryce":null,"Cory Bet Amount":null,"Cory Win/Lose/Push":null,"Cory":null,"JB Bet Amount":null,"JB Win/Lose/Push":null,"JB":null,"Ethan Bet Amount":null,"Ethan Win/Lose/Push":null,"Ethan":null,"Jaime Bet Amount":null,"Jaime Win/Lose/Push":null,"Jaime":null,"Nathan Bet Amount":null,"Nathan Win/Lose/Push":null,"Nathan":null,"Evan Bet Amount":null,"Evan Win/Lose/Push":null,"Evan":null,"Brandon Bet Amount":null,"Brandon Win/Lose/Push":null,"Brandon":null,"Total Team Bet":null,"Legends Bet":null,"Leaders Bet":null,"To Win":null,"Payout":null,"TOTALS":null,"Mitch Totals":null,"Phil Totals":null,"Bryce Totals":null,"Cory Totals":null,"JB Totals":null,"Ethan Totals":null},{"Week":"101","Date":"10/04/2024","Mitch Bet Amount":null,"Mitch Win/Lose/Push":null,"Mitch":null,"Phil Bet Amount":null,"Phil Win/Lose/Push":null,"Phil":null,"Bryce Bet Amount":null,"Bryce Win/Lose/Push":null,"Bryce":null,"Cory Bet Amount":null,"Cory Win/Lose/Push":null,"Cory":null,"JB Bet Amount":null,"JB Win/Lose/Push":null,"JB":null,"Ethan Bet Amount":null,"Ethan Win/Lose/Push":null,"Ethan":null,"Jaime Bet Amount":null,"Jaime Win/Lose/Push":null,"Jaime":null,"Nathan Bet Amount":null,"Nathan Win/Lose/Push":null,"Nathan":null,"Evan Bet Amount":null,"Evan Win/Lose/Push":null,"Evan":null,"Brandon Bet Amount":null,"Brandon Win/Lose/Push":null,"Brandon":null,"Total Team Bet":null,"Legends Bet":null,"Leaders Bet":null,"To Win":null,"Payout":null,"TOTALS":null,"Mitch Totals":null,"Phil Totals":null,"Bryce Totals":null,"Cory Totals":null,"JB Totals":null,"Ethan Totals":null},{"Week":"102","Date":"10/11/2024","Mitch Bet Amount":null,"Mitch Win/Lose/Push":null,"Mitch":null,"Phil Bet Amount":null,"Phil Win/Lose/Push":null,"Phil":null,"Bryce Bet Amount":null,"Bryce Win/Lose/Push":null,"Bryce":null,"Cory Bet Amount":null,"Cory Win/Lose/Push":null,"Cory":null,"JB Bet Amount":null,"JB Win/Lose/Push":null,"JB":null,"Ethan Bet Amount":null,"Ethan Win/Lose/Push":null,"Ethan":null,"Jaime Bet Amount":null,"Jaime Win/Lose/Push":null,"Jaime":null,"Nathan Bet Amount":null,"Nathan Win/Lose/Push":null,"Nathan":null,"Evan Bet Amount":null,"Evan Win/Lose/Push":null,"Evan":null,"Brandon Bet Amount":null,"Brandon Win/Lose/Push":null,"Brandon":null,"Total Team Bet":null,"Legends Bet":null,"Leaders Bet":null,"To Win":null,"Payout":null,"TOTALS":null,"Mitch Totals":null,"Phil Totals":null,"Bryce Totals":null,"Cory Totals":null,"JB Totals":null,"Ethan Totals":null},{"Week":"103","Date":"10/18/2024","Mitch Bet Amount":null,"Mitch Win/Lose/Push":null,"Mitch":null,"Phil Bet Amount":null,"Phil Win/Lose/Push":null,"Phil":null,"Bryce Bet Amount":null,"Bryce Win/Lose/Push":null,"Bryce":null,"Cory Bet Amount":null,"Cory Win/Lose/Push":null,"Cory":null,"JB Bet Amount":null,"JB Win/Lose/Push":null,"JB":null,"Ethan Bet Amount":null,"Ethan Win/Lose/Push":null,"Ethan":null,"Jaime Bet Amount":null,"Jaime Win/Lose/Push":null,"Jaime":null,"Nathan Bet Amount":null,"Nathan Win/Lose/Push":null,"Nathan":null,"Evan Bet Amount":null,"Evan Win/Lose/Push":null,"Evan":null,"Brandon Bet Amount":null,"Brandon Win/Lose/Push":null,"Brandon":null,"Total Team Bet":null,"Legends Bet":null,"Leaders Bet":null,"To Win":null,"Payout":null,"TOTALS":null,"Mitch Totals":null,"Phil Totals":null,"Bryce Totals":null,"Cory Totals":null,"JB Totals":null,"Ethan Totals":null},{"Week":"104","Date":"10/25/2024","Mitch Bet Amount":null,"Mitch Win/Lose/Push":null,"Mitch":null,"Phil Bet Amount":null,"Phil Win/Lose/Push":null,"Phil":null,"Bryce Bet Amount":null,"Bryce Win/Lose/Push":null,"Bryce":null,"Cory Bet Amount":null,"Cory Win/Lose/Push":null,"Cory":null,"JB Bet Amount":null,"JB Win/Lose/Push":null,"JB":null,"Ethan Bet Amount":null,"Ethan Win/Lose/Push":null,"Ethan":null,"Jaime Bet Amount":null,"Jaime Win/Lose/Push":null,"Jaime":null,"Nathan Bet Amount":null,"Nathan Win/Lose/Push":null,"Nathan":null,"Evan Bet Amount":null,"Evan Win/Lose/Push":null,"Evan":null,"Brandon Bet Amount":null,"Brandon Win/Lose/Push":null,"Brandon":null,"Total Team Bet":null,"Legends Bet":null,"Leaders Bet":null,"To Win":null,"Payout":null,"TOTALS":null,"Mitch Totals":null,"Phil Totals":null,"Bryce Totals":null,"Cory Totals":null,"JB Totals":null,"Ethan Totals":null},{"Week":"105","Date":"11/01/2024","Mitch Bet Amount":null,"Mitch Win/Lose/Push":null,"Mitch":null,"Phil Bet Amount":null,"Phil Win/Lose/Push":null,"Phil":null,"Bryce Bet Amount":null,"Bryce Win/Lose/Push":null,"Bryce":null,"Cory Bet Amount":null,"Cory Win/Lose/Push":null,"Cory":null,"JB Bet Amount":null,"JB Win/Lose/Push":null,"JB":null,"Ethan Bet Amount":null,"Ethan Win/Lose/Push":null,"Ethan":null,"Jaime Bet Amount":null,"Jaime Win/Lose/Push":null,"Jaime":null,"Nathan Bet Amount":null,"Nathan Win/Lose/Push":null,"Nathan":null,"Evan Bet Amount":null,"Evan Win/Lose/Push":null,"Evan":null,"Brandon Bet Amount":null,"Brandon Win/Lose/Push":null,"Brandon":null,"Total Team Bet":null,"Legends Bet":null,"Leaders Bet":null,"To Win":null,"Payout":null,"TOTALS":null,"Mitch Totals":null,"Phil Totals":null,"Bryce Totals":null,"Cory Totals":null,"JB Totals":null,"Ethan Totals":null},{"Week":"106","Date":"11/08/2024","Mitch Bet Amount":null,"Mitch Win/Lose/Push":null,"Mitch":null,"Phil Bet Amount":null,"Phil Win/Lose/Push":null,"Phil":null,"Bryce Bet Amount":null,"Bryce Win/Lose/Push":null,"Bryce":null,"Cory Bet Amount":null,"Cory Win/Lose/Push":null,"Cory":null,"JB Bet Amount":null,"JB Win/Lose/Push":null,"JB":null,"Ethan Bet Amount":null,"Ethan Win/Lose/Push":null,"Ethan":null,"Jaime Bet Amount":null,"Jaime Win/Lose/Push":null,"Jaime":null,"Nathan Bet Amount":null,"Nathan Win/Lose/Push":null,"Nathan":null,"Evan Bet Amount":null,"Evan Win/Lose/Push":null,"Evan":null,"Brandon Bet Amount":null,"Brandon Win/Lose/Push":null,"Brandon":null,"Total Team Bet":null,"Legends Bet":null,"Leaders Bet":null,"To Win":null,"Payout":null,"TOTALS":null,"Mitch Totals":null,"Phil Totals":null,"Bryce Totals":null,"Cory Totals":null,"JB Totals":null,"Ethan Totals":null},{"Week":"107","Date":"11/15/2024","Mitch Bet Amount":null,"Mitch Win/Lose/Push":null,"Mitch":null,"Phil Bet Amount":null,"Phil Win/Lose/Push":null,"Phil":null,"Bryce Bet Amount":null,"Bryce Win/Lose/Push":null,"Bryce":null,"Cory Bet Amount":null,"Cory Win/Lose/Push":null,"Cory":null,"JB Bet Amount":null,"JB Win/Lose/Push":null,"JB":null,"Ethan Bet Amount":null,"Ethan Win/Lose/Push":null,"Ethan":null,"Jaime Bet Amount":null,"Jaime Win/Lose/Push":null,"Jaime":null,"Nathan Bet Amount":null,"Nathan Win/Lose/Push":null,"Nathan":null,"Evan Bet Amount":null,"Evan Win/Lose/Push":null,"Evan":null,"Brandon Bet Amount":null,"Brandon Win/Lose/Push":null,"Brandon":null,"Total Team Bet":null,"Legends Bet":null,"Leaders Bet":null,"To Win":null,"Payout":null,"TOTALS":null,"Mitch Totals":null,"Phil Totals":null,"Bryce Totals":null,"Cory Totals":null,"JB Totals":null,"Ethan Totals":null},{"Week":"108","Date":"11/22/2024","Mitch Bet Amount":null,"Mitch Win/Lose/Push":null,"Mitch":null,"Phil Bet Amount":null,"Phil Win/Lose/Push":null,"Phil":null,"Bryce Bet Amount":null,"Bryce Win/Lose/Push":null,"Bryce":null,"Cory Bet Amount":null,"Cory Win/Lose/Push":null,"Cory":null,"JB Bet Amount":null,"JB Win/Lose/Push":null,"JB":null,"Ethan Bet Amount":null,"Ethan Win/Lose/Push":null,"Ethan":null,"Jaime Bet Amount":null,"Jaime Win/Lose/Push":null,"Jaime":null,"Nathan Bet Amount":null,"Nathan Win/Lose/Push":null,"Nathan":null,"Evan Bet Amount":null,"Evan Win/Lose/Push":null,"Evan":null,"Brandon Bet Amount":null,"Brandon Win/Lose/Push":null,"Brandon":null,"Total Team Bet":null,"Legends Bet":null,"Leaders Bet":null,"To Win":null,"Payout":null,"TOTALS":null,"Mitch Totals":null,"Phil Totals":null,"Bryce Totals":null,"Cory Totals":null,"JB Totals":null,"Ethan Totals":null},{"Week":"109","Date":"11/29/2024","Mitch Bet Amount":null,"Mitch Win/Lose/Push":null,"Mitch":null,"Phil Bet Amount":null,"Phil Win/Lose/Push":null,"Phil":null,"Bryce Bet Amount":null,"Bryce Win/Lose/Push":null,"Bryce":null,"Cory Bet Amount":null,"Cory Win/Lose/Push":null,"Cory":null,"JB Bet Amount":null,"JB Win/Lose/Push":null,"JB":null,"Ethan Bet Amount":null,"Ethan Win/Lose/Push":null,"Ethan":null,"Jaime Bet Amount":null,"Jaime Win/Lose/Push":null,"Jaime":null,"Nathan Bet Amount":null,"Nathan Win/Lose/Push":null,"Nathan":null,"Evan Bet Amount":null,"Evan Win/Lose/Push":null,"Evan":null,"Brandon Bet Amount":null,"Brandon Win/Lose/Push":null,"Brandon":null,"Total Team Bet":null,"Legends Bet":null,"Leaders Bet":null,"To Win":null,"Payout":null,"TOTALS":null,"Mitch Totals":null,"Phil Totals":null,"Bryce Totals":null,"Cory Totals":null,"JB Totals":null,"Ethan Totals":null},{"Week":"110","Date":"12/06/2024","Mitch Bet Amount":null,"Mitch Win/Lose/Push":null,"Mitch":null,"Phil Bet Amount":null,"Phil Win/Lose/Push":null,"Phil":null,"Bryce Bet Amount":null,"Bryce Win/Lose/Push":null,"Bryce":null,"Cory Bet Amount":null,"Cory Win/Lose/Push":null,"Cory":null,"JB Bet Amount":null,"JB Win/Lose/Push":null,"JB":null,"Ethan Bet Amount":null,"Ethan Win/Lose/Push":null,"Ethan":null,"Jaime Bet Amount":null,"Jaime Win/Lose/Push":null,"Jaime":null,"Nathan Bet Amount":null,"Nathan Win/Lose/Push":null,"Nathan":null,"Evan Bet Amount":null,"Evan Win/Lose/Push":null,"Evan":null,"Brandon Bet Amount":null,"Brandon Win/Lose/Push":null,"Brandon":null,"Total Team Bet":null,"Legends Bet":null,"Leaders Bet":null,"To Win":null,"Payout":null,"TOTALS":null,"Mitch Totals":null,"Phil Totals":null,"Bryce Totals":null,"Cory Totals":null,"JB Totals":null,"Ethan Totals":null},{"Week":"111","Date":"12/13/2024","Mitch Bet Amount":null,"Mitch Win/Lose/Push":null,"Mitch":null,"Phil Bet Amount":null,"Phil Win/Lose/Push":null,"Phil":null,"Bryce Bet Amount":null,"Bryce Win/Lose/Push":null,"Bryce":null,"Cory Bet Amount":null,"Cory Win/Lose/Push":null,"Cory":null,"JB Bet Amount":null,"JB Win/Lose/Push":null,"JB":null,"Ethan Bet Amount":null,"Ethan Win/Lose/Push":null,"Ethan":null,"Jaime Bet Amount":null,"Jaime Win/Lose/Push":null,"Jaime":null,"Nathan Bet Amount":null,"Nathan Win/Lose/Push":null,"Nathan":null,"Evan Bet Amount":null,"Evan Win/Lose/Push":null,"Evan":null,"Brandon Bet Amount":null,"Brandon Win/Lose/Push":null,"Brandon":null,"Total Team Bet":null,"Legends Bet":null,"Leaders Bet":null,"To Win":null,"Payout":null,"TOTALS":null,"Mitch Totals":null,"Phil Totals":null,"Bryce Totals":null,"Cory Totals":null,"JB Totals":null,"Ethan Totals":null},{"Week":"112","Date":"12/20/2024","Mitch Bet Amount":null,"Mitch Win/Lose/Push":null,"Mitch":null,"Phil Bet Amount":null,"Phil Win/Lose/Push":null,"Phil":null,"Bryce Bet Amount":null,"Bryce Win/Lose/Push":null,"Bryce":null,"Cory Bet Amount":null,"Cory Win/Lose/Push":null,"Cory":null,"JB Bet Amount":null,"JB Win/Lose/Push":null,"JB":null,"Ethan Bet Amount":null,"Ethan Win/Lose/Push":null,"Ethan":null,"Jaime Bet Amount":null,"Jaime Win/Lose/Push":null,"Jaime":null,"Nathan Bet Amount":null,"Nathan Win/Lose/Push":null,"Nathan":null,"Evan Bet Amount":null,"Evan Win/Lose/Push":null,"Evan":null,"Brandon Bet Amount":null,"Brandon Win/Lose/Push":null,"Brandon":null,"Total Team Bet":null,"Legends Bet":null,"Leaders Bet":null,"To Win":null,"Payout":null,"TOTALS":null,"Mitch Totals":null,"Phil Totals":null,"Bryce Totals":null,"Cory Totals":null,"JB Totals":null,"Ethan Totals":null},{"Week":"113","Date":"12/27/2024","Mitch Bet Amount":null,"Mitch Win/Lose/Push":null,"Mitch":null,"Phil Bet Amount":null,"Phil Win/Lose/Push":null,"Phil":null,"Bryce Bet Amount":null,"Bryce Win/Lose/Push":null,"Bryce":null,"Cory Bet Amount":null,"Cory Win/Lose/Push":null,"Cory":null,"JB Bet Amount":null,"JB Win/Lose/Push":null,"JB":null,"Ethan Bet Amount":null,"Ethan Win/Lose/Push":null,"Ethan":null,"Jaime Bet Amount":null,"Jaime Win/Lose/Push":null,"Jaime":null,"Nathan Bet Amount":null,"Nathan Win/Lose/Push":null,"Nathan":null,"Evan Bet Amount":null,"Evan Win/Lose/Push":null,"Evan":null,"Brandon Bet Amount":null,"Brandon Win/Lose/Push":null,"Brandon":null,"Total Team Bet":null,"Legends Bet":null,"Leaders Bet":null,"To Win":null,"Payout":null,"TOTALS":null,"Mitch Totals":null,"Phil Totals":null,"Bryce Totals":null,"Cory Totals":null,"JB Totals":null,"Ethan Totals":null},{"Week":"114","Date":"01/03/2025","Mitch Bet Amount":null,"Mitch Win/Lose/Push":null,"Mitch":null,"Phil Bet Amount":null,"Phil Win/Lose/Push":null,"Phil":null,"Bryce Bet Amount":null,"Bryce Win/Lose/Push":null,"Bryce":null,"Cory Bet Amount":null,"Cory Win/Lose/Push":null,"Cory":null,"JB Bet Amount":null,"JB Win/Lose/Push":null,"JB":null,"Ethan Bet Amount":null,"Ethan Win/Lose/Push":null,"Ethan":null,"Jaime Bet Amount":null,"Jaime Win/Lose/Push":null,"Jaime":null,"Nathan Bet Amount":null,"Nathan Win/Lose/Push":null,"Nathan":null,"Evan Bet Amount":null,"Evan Win/Lose/Push":null,"Evan":null,"Brandon Bet Amount":null,"Brandon Win/Lose/Push":null,"Brandon":null,"Total Team Bet":null,"Legends Bet":null,"Leaders Bet":null,"To Win":null,"Payout":null,"TOTALS":null,"Mitch Totals":null,"Phil Totals":null,"Bryce Totals":null,"Cory Totals":null,"JB Totals":null,"Ethan Totals":null},{"Week":"115","Date":"01/10/2025","Mitch Bet Amount":null,"Mitch Win/Lose/Push":null,"Mitch":null,"Phil Bet Amount":null,"Phil Win/Lose/Push":null,"Phil":null,"Bryce Bet Amount":null,"Bryce Win/Lose/Push":null,"Bryce":null,"Cory Bet Amount":null,"Cory Win/Lose/Push":null,"Cory":null,"JB Bet Amount":null,"JB Win/Lose/Push":null,"JB":null,"Ethan Bet Amount":null,"Ethan Win/Lose/Push":null,"Ethan":null,"Jaime Bet Amount":null,"Jaime Win/Lose/Push":null,"Jaime":null,"Nathan Bet Amount":null,"Nathan Win/Lose/Push":null,"Nathan":null,"Evan Bet Amount":null,"Evan Win/Lose/Push":null,"Evan":null,"Brandon Bet Amount":null,"Brandon Win/Lose/Push":null,"Brandon":null,"Total Team Bet":null,"Legends Bet":null,"Leaders Bet":null,"To Win":null,"Payout":null,"TOTALS":null,"Mitch Totals":null,"Phil Totals":null,"Bryce Totals":null,"Cory Totals":null,"JB Totals":null,"Ethan Totals":null},{"Week":"116","Date":"01/17/2025","Mitch Bet Amount":null,"Mitch Win/Lose/Push":null,"Mitch":null,"Phil Bet Amount":null,"Phil Win/Lose/Push":null,"Phil":null,"Bryce Bet Amount":null,"Bryce Win/Lose/Push":null,"Bryce":null,"Cory Bet Amount":null,"Cory Win/Lose/Push":null,"Cory":null,"JB Bet Amount":null,"JB Win/Lose/Push":null,"JB":null,"Ethan Bet Amount":null,"Ethan Win/Lose/Push":null,"Ethan":null,"Jaime Bet Amount":null,"Jaime Win/Lose/Push":null,"Jaime":null,"Nathan Bet Amount":null,"Nathan Win/Lose/Push":null,"Nathan":null,"Evan Bet Amount":null,"Evan Win/Lose/Push":null,"Evan":null,"Brandon Bet Amount":null,"Brandon Win/Lose/Push":null,"Brandon":null,"Total Team Bet":null,"Legends Bet":null,"Leaders Bet":null,"To Win":null,"Payout":null,"TOTALS":null,"Mitch Totals":null,"Phil Totals":null,"Bryce Totals":null,"Cory Totals":null,"JB Totals":null,"Ethan Totals":null},{"Week":"117","Date":"01/24/2025","Mitch Bet Amount":null,"Mitch Win/Lose/Push":null,"Mitch":null,"Phil Bet Amount":null,"Phil Win/Lose/Push":null,"Phil":null,"Bryce Bet Amount":null,"Bryce Win/Lose/Push":null,"Bryce":null,"Cory Bet Amount":null,"Cory Win/Lose/Push":null,"Cory":null,"JB Bet Amount":null,"JB Win/Lose/Push":null,"JB":null,"Ethan Bet Amount":null,"Ethan Win/Lose/Push":null,"Ethan":null,"Jaime Bet Amount":null,"Jaime Win/Lose/Push":null,"Jaime":null,"Nathan Bet Amount":null,"Nathan Win/Lose/Push":null,"Nathan":null,"Evan Bet Amount":null,"Evan Win/Lose/Push":null,"Evan":null,"Brandon Bet Amount":null,"Brandon Win/Lose/Push":null,"Brandon":null,"Total Team Bet":null,"Legends Bet":null,"Leaders Bet":null,"To Win":null,"Payout":null,"TOTALS":null,"Mitch Totals":null,"Phil Totals":null,"Bryce Totals":null,"Cory Totals":null,"JB Totals":null,"Ethan Totals":null},{"Week":"118","Date":"01/31/2025","Mitch Bet Amount":null,"Mitch Win/Lose/Push":null,"Mitch":null,"Phil Bet Amount":null,"Phil Win/Lose/Push":null,"Phil":null,"Bryce Bet Amount":null,"Bryce Win/Lose/Push":null,"Bryce":null,"Cory Bet Amount":null,"Cory Win/Lose/Push":null,"Cory":null,"JB Bet Amount":null,"JB Win/Lose/Push":null,"JB":null,"Ethan Bet Amount":null,"Ethan Win/Lose/Push":null,"Ethan":null,"Jaime Bet Amount":null,"Jaime Win/Lose/Push":null,"Jaime":null,"Nathan Bet Amount":null,"Nathan Win/Lose/Push":null,"Nathan":null,"Evan Bet Amount":null,"Evan Win/Lose/Push":null,"Evan":null,"Brandon Bet Amount":null,"Brandon Win/Lose/Push":null,"Brandon":null,"Total Team Bet":null,"Legends Bet":null,"Leaders Bet":null,"To Win":null,"Payout":null,"TOTALS":null,"Mitch Totals":null,"Phil Totals":null,"Bryce Totals":null,"Cory Totals":null,"JB Totals":null,"Ethan Totals":null},{"Week":"119","Date":"02/07/2025","Mitch Bet Amount":null,"Mitch Win/Lose/Push":null,"Mitch":null,"Phil Bet Amount":null,"Phil Win/Lose/Push":null,"Phil":null,"Bryce Bet Amount":null,"Bryce Win/Lose/Push":null,"Bryce":null,"Cory Bet Amount":null,"Cory Win/Lose/Push":null,"Cory":null,"JB Bet Amount":null,"JB Win/Lose/Push":null,"JB":null,"Ethan Bet Amount":null,"Ethan Win/Lose/Push":null,"Ethan":null,"Jaime Bet Amount":null,"Jaime Win/Lose/Push":null,"Jaime":null,"Nathan Bet Amount":null,"Nathan Win/Lose/Push":null,"Nathan":null,"Evan Bet Amount":null,"Evan Win/Lose/Push":null,"Evan":null,"Brandon Bet Amount":null,"Brandon Win/Lose/Push":null,"Brandon":null,"Total Team Bet":null,"Legends Bet":null,"Leaders Bet":null,"To Win":null,"Payout":null,"TOTALS":null,"Mitch Totals":null,"Phil Totals":null,"Bryce Totals":null,"Cory Totals":null,"JB Totals":null,"Ethan Totals":null},{"Week":"120","Date":"02/14/2025","Mitch Bet Amount":null,"Mitch Win/Lose/Push":null,"Mitch":null,"Phil Bet Amount":null,"Phil Win/Lose/Push":null,"Phil":null,"Bryce Bet Amount":null,"Bryce Win/Lose/Push":null,"Bryce":null,"Cory Bet Amount":null,"Cory Win/Lose/Push":null,"Cory":null,"JB Bet Amount":null,"JB Win/Lose/Push":null,"JB":null,"Ethan Bet Amount":null,"Ethan Win/Lose/Push":null,"Ethan":null,"Jaime Bet Amount":null,"Jaime Win/Lose/Push":null,"Jaime":null,"Nathan Bet Amount":null,"Nathan Win/Lose/Push":null,"Nathan":null,"Evan Bet Amount":null,"Evan Win/Lose/Push":null,"Evan":null,"Brandon Bet Amount":null,"Brandon Win/Lose/Push":null,"Brandon":null,"Total Team Bet":null,"Legends Bet":null,"Leaders Bet":null,"To Win":null,"Payout":null,"TOTALS":null,"Mitch Totals":null,"Phil Totals":null,"Bryce Totals":null,"Cory Totals":null,"JB Totals":null,"Ethan Totals":null},{"Week":"121","Date":"02/21/2025","Mitch Bet Amount":null,"Mitch Win/Lose/Push":null,"Mitch":null,"Phil Bet Amount":null,"Phil Win/Lose/Push":null,"Phil":null,"Bryce Bet Amount":null,"Bryce Win/Lose/Push":null,"Bryce":null,"Cory Bet Amount":null,"Cory Win/Lose/Push":null,"Cory":null,"JB Bet Amount":null,"JB Win/Lose/Push":null,"JB":null,"Ethan Bet Amount":null,"Ethan Win/Lose/Push":null,"Ethan":null,"Jaime Bet Amount":null,"Jaime Win/Lose/Push":null,"Jaime":null,"Nathan Bet Amount":null,"Nathan Win/Lose/Push":null,"Nathan":null,"Evan Bet Amount":null,"Evan Win/Lose/Push":null,"Evan":null,"Brandon Bet Amount":null,"Brandon Win/Lose/Push":null,"Brandon":null,"Total Team Bet":null,"Legends Bet":null,"Leaders Bet":null,"To Win":null,"Payout":null,"TOTALS":null,"Mitch Totals":null,"Phil Totals":null,"Bryce Totals":null,"Cory Totals":null,"JB Totals":null,"Ethan Totals":null},{"Week":"122","Date":"02/28/2025","Mitch Bet Amount":null,"Mitch Win/Lose/Push":null,"Mitch":null,"Phil Bet Amount":null,"Phil Win/Lose/Push":null,"Phil":null,"Bryce Bet Amount":null,"Bryce Win/Lose/Push":null,"Bryce":null,"Cory Bet Amount":null,"Cory Win/Lose/Push":null,"Cory":null,"JB Bet Amount":null,"JB Win/Lose/Push":null,"JB":null,"Ethan Bet Amount":null,"Ethan Win/Lose/Push":null,"Ethan":null,"Jaime Bet Amount":null,"Jaime Win/Lose/Push":null,"Jaime":null,"Nathan Bet Amount":null,"Nathan Win/Lose/Push":null,"Nathan":null,"Evan Bet Amount":null,"Evan Win/Lose/Push":null,"Evan":null,"Brandon Bet Amount":null,"Brandon Win/Lose/Push":null,"Brandon":null,"Total Team Bet":null,"Legends Bet":null,"Leaders Bet":null,"To Win":null,"Payout":null,"TOTALS":null,"Mitch Totals":null,"Phil Totals":null,"Bryce Totals":null,"Cory Totals":null,"JB Totals":null,"Ethan Totals":null},{"Week":"123","Date":"03/07/2025","Mitch Bet Amount":null,"Mitch Win/Lose/Push":null,"Mitch":null,"Phil Bet Amount":null,"Phil Win/Lose/Push":null,"Phil":null,"Bryce Bet Amount":null,"Bryce Win/Lose/Push":null,"Bryce":null,"Cory Bet Amount":null,"Cory Win/Lose/Push":null,"Cory":null,"JB Bet Amount":null,"JB Win/Lose/Push":null,"JB":null,"Ethan Bet Amount":null,"Ethan Win/Lose/Push":null,"Ethan":null,"Jaime Bet Amount":null,"Jaime Win/Lose/Push":null,"Jaime":null,"Nathan Bet Amount":null,"Nathan Win/Lose/Push":null,"Nathan":null,"Evan Bet Amount":null,"Evan Win/Lose/Push":null,"Evan":null,"Brandon Bet Amount":null,"Brandon Win/Lose/Push":null,"Brandon":null,"Total Team Bet":null,"Legends Bet":null,"Leaders Bet":null,"To Win":null,"Payout":null,"TOTALS":null,"Mitch Totals":null,"Phil Totals":null,"Bryce Totals":null,"Cory Totals":null,"JB Totals":null,"Ethan Totals":null},{"Week":"124","Date":"03/14/2025","Mitch Bet Amount":null,"Mitch Win/Lose/Push":null,"Mitch":null,"Phil Bet Amount":null,"Phil Win/Lose/Push":null,"Phil":null,"Bryce Bet Amount":null,"Bryce Win/Lose/Push":null,"Bryce":null,"Cory Bet Amount":null,"Cory Win/Lose/Push":null,"Cory":null,"JB Bet Amount":null,"JB Win/Lose/Push":null,"JB":null,"Ethan Bet Amount":null,"Ethan Win/Lose/Push":null,"Ethan":null,"Jaime Bet Amount":null,"Jaime Win/Lose/Push":null,"Jaime":null,"Nathan Bet Amount":null,"Nathan Win/Lose/Push":null,"Nathan":null,"Evan Bet Amount":null,"Evan Win/Lose/Push":null,"Evan":null,"Brandon Bet Amount":null,"Brandon Win/Lose/Push":null,"Brandon":null,"Total Team Bet":null,"Legends Bet":null,"Leaders Bet":null,"To Win":null,"Payout":null,"TOTALS":null,"Mitch Totals":null,"Phil Totals":null,"Bryce Totals":null,"Cory Totals":null,"JB Totals":null,"Ethan Totals":null},{"Week":"125","Date":"03/21/2025","Mitch Bet Amount":null,"Mitch Win/Lose/Push":null,"Mitch":null,"Phil Bet Amount":null,"Phil Win/Lose/Push":null,"Phil":null,"Bryce Bet Amount":null,"Bryce Win/Lose/Push":null,"Bryce":null,"Cory Bet Amount":null,"Cory Win/Lose/Push":null,"Cory":null,"JB Bet Amount":null,"JB Win/Lose/Push":null,"JB":null,"Ethan Bet Amount":null,"Ethan Win/Lose/Push":null,"Ethan":null,"Jaime Bet Amount":null,"Jaime Win/Lose/Push":null,"Jaime":null,"Nathan Bet Amount":null,"Nathan Win/Lose/Push":null,"Nathan":null,"Evan Bet Amount":null,"Evan Win/Lose/Push":null,"Evan":null,"Brandon Bet Amount":null,"Brandon Win/Lose/Push":null,"Brandon":null,"Total Team Bet":null,"Legends Bet":null,"Leaders Bet":null,"To Win":null,"Payout":null,"TOTALS":null,"Mitch Totals":null,"Phil Totals":null,"Bryce Totals":null,"Cory Totals":null,"JB Totals":null,"Ethan Totals":null},{"Week":"126","Date":"03/28/2025","Mitch Bet Amount":null,"Mitch Win/Lose/Push":null,"Mitch":null,"Phil Bet Amount":null,"Phil Win/Lose/Push":null,"Phil":null,"Bryce Bet Amount":null,"Bryce Win/Lose/Push":null,"Bryce":null,"Cory Bet Amount":null,"Cory Win/Lose/Push":null,"Cory":null,"JB Bet Amount":null,"JB Win/Lose/Push":null,"JB":null,"Ethan Bet Amount":null,"Ethan Win/Lose/Push":null,"Ethan":null,"Jaime Bet Amount":null,"Jaime Win/Lose/Push":null,"Jaime":null,"Nathan Bet Amount":null,"Nathan Win/Lose/Push":null,"Nathan":null,"Evan Bet Amount":null,"Evan Win/Lose/Push":null,"Evan":null,"Brandon Bet Amount":null,"Brandon Win/Lose/Push":null,"Brandon":null,"Total Team Bet":null,"Legends Bet":null,"Leaders Bet":null,"To Win":null,"Payout":null,"TOTALS":null,"Mitch Totals":null,"Phil Totals":null,"Bryce Totals":null,"Cory Totals":null,"JB Totals":null,"Ethan Totals":null},{"Week":"127","Date":"04/04/2025","Mitch Bet Amount":null,"Mitch Win/Lose/Push":null,"Mitch":null,"Phil Bet Amount":null,"Phil Win/Lose/Push":null,"Phil":null,"Bryce Bet Amount":null,"Bryce Win/Lose/Push":null,"Bryce":null,"Cory Bet Amount":null,"Cory Win/Lose/Push":null,"Cory":null,"JB Bet Amount":null,"JB Win/Lose/Push":null,"JB":null,"Ethan Bet Amount":null,"Ethan Win/Lose/Push":null,"Ethan":null,"Jaime Bet Amount":null,"Jaime Win/Lose/Push":null,"Jaime":null,"Nathan Bet Amount":null,"Nathan Win/Lose/Push":null,"Nathan":null,"Evan Bet Amount":null,"Evan Win/Lose/Push":null,"Evan":null,"Brandon Bet Amount":null,"Brandon Win/Lose/Push":null,"Brandon":null,"Total Team Bet":null,"Legends Bet":null,"Leaders Bet":null,"To Win":null,"Payout":null,"TOTALS":null,"Mitch Totals":null,"Phil Totals":null,"Bryce Totals":null,"Cory Totals":null,"JB Totals":null,"Ethan Totals":null},{"Week":"128","Date":"04/11/2025","Mitch Bet Amount":null,"Mitch Win/Lose/Push":null,"Mitch":null,"Phil Bet Amount":null,"Phil Win/Lose/Push":null,"Phil":null,"Bryce Bet Amount":null,"Bryce Win/Lose/Push":null,"Bryce":null,"Cory Bet Amount":null,"Cory Win/Lose/Push":null,"Cory":null,"JB Bet Amount":null,"JB Win/Lose/Push":null,"JB":null,"Ethan Bet Amount":null,"Ethan Win/Lose/Push":null,"Ethan":null,"Jaime Bet Amount":null,"Jaime Win/Lose/Push":null,"Jaime":null,"Nathan Bet Amount":null,"Nathan Win/Lose/Push":null,"Nathan":null,"Evan Bet Amount":null,"Evan Win/Lose/Push":null,"Evan":null,"Brandon Bet Amount":null,"Brandon Win/Lose/Push":null,"Brandon":null,"Total Team Bet":null,"Legends Bet":null,"Leaders Bet":null,"To Win":null,"Payout":null,"TOTALS":null,"Mitch Totals":null,"Phil Totals":null,"Bryce Totals":null,"Cory Totals":null,"JB Totals":null,"Ethan Totals":null},{"Week":"129","Date":"04/18/2025","Mitch Bet Amount":null,"Mitch Win/Lose/Push":null,"Mitch":null,"Phil Bet Amount":null,"Phil Win/Lose/Push":null,"Phil":null,"Bryce Bet Amount":null,"Bryce Win/Lose/Push":null,"Bryce":null,"Cory Bet Amount":null,"Cory Win/Lose/Push":null,"Cory":null,"JB Bet Amount":null,"JB Win/Lose/Push":null,"JB":null,"Ethan Bet Amount":null,"Ethan Win/Lose/Push":null,"Ethan":null,"Jaime Bet Amount":null,"Jaime Win/Lose/Push":null,"Jaime":null,"Nathan Bet Amount":null,"Nathan Win/Lose/Push":null,"Nathan":null,"Evan Bet Amount":null,"Evan Win/Lose/Push":null,"Evan":null,"Brandon Bet Amount":null,"Brandon Win/Lose/Push":null,"Brandon":null,"Total Team Bet":null,"Legends Bet":null,"Leaders Bet":null,"To Win":null,"Payout":null,"TOTALS":null,"Mitch Totals":null,"Phil Totals":null,"Bryce Totals":null,"Cory Totals":null,"JB Totals":null,"Ethan Totals":null},{"Week":"130","Date":"04/25/2025","Mitch Bet Amount":null,"Mitch Win/Lose/Push":null,"Mitch":null,"Phil Bet Amount":null,"Phil Win/Lose/Push":null,"Phil":null,"Bryce Bet Amount":null,"Bryce Win/Lose/Push":null,"Bryce":null,"Cory Bet Amount":null,"Cory Win/Lose/Push":null,"Cory":null,"JB Bet Amount":null,"JB Win/Lose/Push":null,"JB":null,"Ethan Bet Amount":null,"Ethan Win/Lose/Push":null,"Ethan":null,"Jaime Bet Amount":null,"Jaime Win/Lose/Push":null,"Jaime":null,"Nathan Bet Amount":null,"Nathan Win/Lose/Push":null,"Nathan":null,"Evan Bet Amount":null,"Evan Win/Lose/Push":null,"Evan":null,"Brandon Bet Amount":null,"Brandon Win/Lose/Push":null,"Brandon":null,"Total Team Bet":null,"Legends Bet":null,"Leaders Bet":null,"To Win":null,"Payout":null,"TOTALS":null,"Mitch Totals":null,"Phil Totals":null,"Bryce Totals":null,"Cory Totals":null,"JB Totals":null,"Ethan Totals":null},{"Week":"131","Date":"05/02/2025","Mitch Bet Amount":null,"Mitch Win/Lose/Push":null,"Mitch":null,"Phil Bet Amount":null,"Phil Win/Lose/Push":null,"Phil":null,"Bryce Bet Amount":null,"Bryce Win/Lose/Push":null,"Bryce":null,"Cory Bet Amount":null,"Cory Win/Lose/Push":null,"Cory":null,"JB Bet Amount":null,"JB Win/Lose/Push":null,"JB":null,"Ethan Bet Amount":null,"Ethan Win/Lose/Push":null,"Ethan":null,"Jaime Bet Amount":null,"Jaime Win/Lose/Push":null,"Jaime":null,"Nathan Bet Amount":null,"Nathan Win/Lose/Push":null,"Nathan":null,"Evan Bet Amount":null,"Evan Win/Lose/Push":null,"Evan":null,"Brandon Bet Amount":null,"Brandon Win/Lose/Push":null,"Brandon":null,"Total Team Bet":null,"Legends Bet":null,"Leaders Bet":null,"To Win":null,"Payout":null,"TOTALS":null,"Mitch Totals":null,"Phil Totals":null,"Bryce Totals":null,"Cory Totals":null,"JB Totals":null,"Ethan Totals":null},{"Week":"132","Date":"05/09/2025","Mitch Bet Amount":null,"Mitch Win/Lose/Push":null,"Mitch":null,"Phil Bet Amount":null,"Phil Win/Lose/Push":null,"Phil":null,"Bryce Bet Amount":null,"Bryce Win/Lose/Push":null,"Bryce":null,"Cory Bet Amount":null,"Cory Win/Lose/Push":null,"Cory":null,"JB Bet Amount":null,"JB Win/Lose/Push":null,"JB":null,"Ethan Bet Amount":null,"Ethan Win/Lose/Push":null,"Ethan":null,"Jaime Bet Amount":null,"Jaime Win/Lose/Push":null,"Jaime":null,"Nathan Bet Amount":null,"Nathan Win/Lose/Push":null,"Nathan":null,"Evan Bet Amount":null,"Evan Win/Lose/Push":null,"Evan":null,"Brandon Bet Amount":null,"Brandon Win/Lose/Push":null,"Brandon":null,"Total Team Bet":null,"Legends Bet":null,"Leaders Bet":null,"To Win":null,"Payout":null,"TOTALS":null,"Mitch Totals":null,"Phil Totals":null,"Bryce Totals":null,"Cory Totals":null,"JB Totals":null,"Ethan Totals":null},{"Week":"133","Date":"05/16/2025","Mitch Bet Amount":null,"Mitch Win/Lose/Push":null,"Mitch":null,"Phil Bet Amount":null,"Phil Win/Lose/Push":null,"Phil":null,"Bryce Bet Amount":null,"Bryce Win/Lose/Push":null,"Bryce":null,"Cory Bet Amount":null,"Cory Win/Lose/Push":null,"Cory":null,"JB Bet Amount":null,"JB Win/Lose/Push":null,"JB":null,"Ethan Bet Amount":null,"Ethan Win/Lose/Push":null,"Ethan":null,"Jaime Bet Amount":null,"Jaime Win/Lose/Push":null,"Jaime":null,"Nathan Bet Amount":null,"Nathan Win/Lose/Push":null,"Nathan":null,"Evan Bet Amount":null,"Evan Win/Lose/Push":null,"Evan":null,"Brandon Bet Amount":null,"Brandon Win/Lose/Push":null,"Brandon":null,"Total Team Bet":null,"Legends Bet":null,"Leaders Bet":null,"To Win":null,"Payout":null,"TOTALS":null,"Mitch Totals":null,"Phil Totals":null,"Bryce Totals":null,"Cory Totals":null,"JB Totals":null,"Ethan Totals":null},{"Week":"134","Date":"05/23/2025","Mitch Bet Amount":null,"Mitch Win/Lose/Push":null,"Mitch":null,"Phil Bet Amount":null,"Phil Win/Lose/Push":null,"Phil":null,"Bryce Bet Amount":null,"Bryce Win/Lose/Push":null,"Bryce":null,"Cory Bet Amount":null,"Cory Win/Lose/Push":null,"Cory":null,"JB Bet Amount":null,"JB Win/Lose/Push":null,"JB":null,"Ethan Bet Amount":null,"Ethan Win/Lose/Push":null,"Ethan":null,"Jaime Bet Amount":null,"Jaime Win/Lose/Push":null,"Jaime":null,"Nathan Bet Amount":null,"Nathan Win/Lose/Push":null,"Nathan":null,"Evan Bet Amount":null,"Evan Win/Lose/Push":null,"Evan":null,"Brandon Bet Amount":null,"Brandon Win/Lose/Push":null,"Brandon":null,"Total Team Bet":null,"Legends Bet":null,"Leaders Bet":null,"To Win":null,"Payout":null,"TOTALS":null,"Mitch Totals":null,"Phil Totals":null,"Bryce Totals":null,"Cory Totals":null,"JB Totals":null,"Ethan Totals":null},{"Week":"135","Date":"05/30/2025","Mitch Bet Amount":null,"Mitch Win/Lose/Push":null,"Mitch":null,"Phil Bet Amount":null,"Phil Win/Lose/Push":null,"Phil":null,"Bryce Bet Amount":null,"Bryce Win/Lose/Push":null,"Bryce":null,"Cory Bet Amount":null,"Cory Win/Lose/Push":null,"Cory":null,"JB Bet Amount":null,"JB Win/Lose/Push":null,"JB":null,"Ethan Bet Amount":null,"Ethan Win/Lose/Push":null,"Ethan":null,"Jaime Bet Amount":null,"Jaime Win/Lose/Push":null,"Jaime":null,"Nathan Bet Amount":null,"Nathan Win/Lose/Push":null,"Nathan":null,"Evan Bet Amount":null,"Evan Win/Lose/Push":null,"Evan":null,"Brandon Bet Amount":null,"Brandon Win/Lose/Push":null,"Brandon":null,"Total Team Bet":null,"Legends Bet":null,"Leaders Bet":null,"To Win":null,"Payout":null,"TOTALS":null,"Mitch Totals":null,"Phil Totals":null,"Bryce Totals":null,"Cory Totals":null,"JB Totals":null,"Ethan Totals":null},{"Week":"136","Date":"06/06/2025","Mitch Bet Amount":null,"Mitch Win/Lose/Push":null,"Mitch":null,"Phil Bet Amount":null,"Phil Win/Lose/Push":null,"Phil":null,"Bryce Bet Amount":null,"Bryce Win/Lose/Push":null,"Bryce":null,"Cory Bet Amount":null,"Cory Win/Lose/Push":null,"Cory":null,"JB Bet Amount":null,"JB Win/Lose/Push":null,"JB":null,"Ethan Bet Amount":null,"Ethan Win/Lose/Push":null,"Ethan":null,"Jaime Bet Amount":null,"Jaime Win/Lose/Push":null,"Jaime":null,"Nathan Bet Amount":null,"Nathan Win/Lose/Push":null,"Nathan":null,"Evan Bet Amount":null,"Evan Win/Lose/Push":null,"Evan":null,"Brandon Bet Amount":null,"Brandon Win/Lose/Push":null,"Brandon":null,"Total Team Bet":null,"Legends Bet":null,"Leaders Bet":null,"To Win":null,"Payout":null,"TOTALS":null,"Mitch Totals":null,"Phil Totals":null,"Bryce Totals":null,"Cory Totals":null,"JB Totals":null,"Ethan Totals":null},{"Week":"137","Date":"06/13/2025","Mitch Bet Amount":null,"Mitch Win/Lose/Push":null,"Mitch":null,"Phil Bet Amount":null,"Phil Win/Lose/Push":null,"Phil":null,"Bryce Bet Amount":null,"Bryce Win/Lose/Push":null,"Bryce":null,"Cory Bet Amount":null,"Cory Win/Lose/Push":null,"Cory":null,"JB Bet Amount":null,"JB Win/Lose/Push":null,"JB":null,"Ethan Bet Amount":null,"Ethan Win/Lose/Push":null,"Ethan":null,"Jaime Bet Amount":null,"Jaime Win/Lose/Push":null,"Jaime":null,"Nathan Bet Amount":null,"Nathan Win/Lose/Push":null,"Nathan":null,"Evan Bet Amount":null,"Evan Win/Lose/Push":null,"Evan":null,"Brandon Bet Amount":null,"Brandon Win/Lose/Push":null,"Brandon":null,"Total Team Bet":null,"Legends Bet":null,"Leaders Bet":null,"To Win":null,"Payout":null,"TOTALS":null,"Mitch Totals":null,"Phil Totals":null,"Bryce Totals":null,"Cory Totals":null,"JB Totals":null,"Ethan Totals":null},{"Week":"138","Date":"06/20/2025","Mitch Bet Amount":null,"Mitch Win/Lose/Push":null,"Mitch":null,"Phil Bet Amount":null,"Phil Win/Lose/Push":null,"Phil":null,"Bryce Bet Amount":null,"Bryce Win/Lose/Push":null,"Bryce":null,"Cory Bet Amount":null,"Cory Win/Lose/Push":null,"Cory":null,"JB Bet Amount":null,"JB Win/Lose/Push":null,"JB":null,"Ethan Bet Amount":null,"Ethan Win/Lose/Push":null,"Ethan":null,"Jaime Bet Amount":null,"Jaime Win/Lose/Push":null,"Jaime":null,"Nathan Bet Amount":null,"Nathan Win/Lose/Push":null,"Nathan":null,"Evan Bet Amount":null,"Evan Win/Lose/Push":null,"Evan":null,"Brandon Bet Amount":null,"Brandon Win/Lose/Push":null,"Brandon":null,"Total Team Bet":null,"Legends Bet":null,"Leaders Bet":null,"To Win":null,"Payout":null,"TOTALS":null,"Mitch Totals":null,"Phil Totals":null,"Bryce Totals":null,"Cory Totals":null,"JB Totals":null,"Ethan Totals":null},{"Week":"139","Date":"06/27/2025","Mitch Bet Amount":null,"Mitch Win/Lose/Push":null,"Mitch":null,"Phil Bet Amount":null,"Phil Win/Lose/Push":null,"Phil":null,"Bryce Bet Amount":null,"Bryce Win/Lose/Push":null,"Bryce":null,"Cory Bet Amount":null,"Cory Win/Lose/Push":null,"Cory":null,"JB Bet Amount":null,"JB Win/Lose/Push":null,"JB":null,"Ethan Bet Amount":null,"Ethan Win/Lose/Push":null,"Ethan":null,"Jaime Bet Amount":null,"Jaime Win/Lose/Push":null,"Jaime":null,"Nathan Bet Amount":null,"Nathan Win/Lose/Push":null,"Nathan":null,"Evan Bet Amount":null,"Evan Win/Lose/Push":null,"Evan":null,"Brandon Bet Amount":null,"Brandon Win/Lose/Push":null,"Brandon":null,"Total Team Bet":null,"Legends Bet":null,"Leaders Bet":null,"To Win":null,"Payout":null,"TOTALS":null,"Mitch Totals":null,"Phil Totals":null,"Bryce Totals":null,"Cory Totals":null,"JB Totals":null,"Ethan Totals":null},{"Week":"140","Date":"07/04/2025","Mitch Bet Amount":null,"Mitch Win/Lose/Push":null,"Mitch":null,"Phil Bet Amount":null,"Phil Win/Lose/Push":null,"Phil":null,"Bryce Bet Amount":null,"Bryce Win/Lose/Push":null,"Bryce":null,"Cory Bet Amount":null,"Cory Win/Lose/Push":null,"Cory":null,"JB Bet Amount":null,"JB Win/Lose/Push":null,"JB":null,"Ethan Bet Amount":null,"Ethan Win/Lose/Push":null,"Ethan":null,"Jaime Bet Amount":null,"Jaime Win/Lose/Push":null,"Jaime":null,"Nathan Bet Amount":null,"Nathan Win/Lose/Push":null,"Nathan":null,"Evan Bet Amount":null,"Evan Win/Lose/Push":null,"Evan":null,"Brandon Bet Amount":null,"Brandon Win/Lose/Push":null,"Brandon":null,"Total Team Bet":null,"Legends Bet":null,"Leaders Bet":null,"To Win":null,"Payout":null,"TOTALS":null,"Mitch Totals":null,"Phil Totals":null,"Bryce Totals":null,"Cory Totals":null,"JB Totals":null,"Ethan Totals":null},{"Week":"141","Date":"07/11/2025","Mitch Bet Amount":null,"Mitch Win/Lose/Push":null,"Mitch":null,"Phil Bet Amount":null,"Phil Win/Lose/Push":null,"Phil":null,"Bryce Bet Amount":null,"Bryce Win/Lose/Push":null,"Bryce":null,"Cory Bet Amount":null,"Cory Win/Lose/Push":null,"Cory":null,"JB Bet Amount":null,"JB Win/Lose/Push":null,"JB":null,"Ethan Bet Amount":null,"Ethan Win/Lose/Push":null,"Ethan":null,"Jaime Bet Amount":null,"Jaime Win/Lose/Push":null,"Jaime":null,"Nathan Bet Amount":null,"Nathan Win/Lose/Push":null,"Nathan":null,"Evan Bet Amount":null,"Evan Win/Lose/Push":null,"Evan":null,"Brandon Bet Amount":null,"Brandon Win/Lose/Push":null,"Brandon":null,"Total Team Bet":null,"Legends Bet":null,"Leaders Bet":null,"To Win":null,"Payout":null,"TOTALS":null,"Mitch Totals":null,"Phil Totals":null,"Bryce Totals":null,"Cory Totals":null,"JB Totals":null,"Ethan Totals":null},{"Week":"142","Date":"07/18/2025","Mitch Bet Amount":null,"Mitch Win/Lose/Push":null,"Mitch":null,"Phil Bet Amount":null,"Phil Win/Lose/Push":null,"Phil":null,"Bryce Bet Amount":null,"Bryce Win/Lose/Push":null,"Bryce":null,"Cory Bet Amount":null,"Cory Win/Lose/Push":null,"Cory":null,"JB Bet Amount":null,"JB Win/Lose/Push":null,"JB":null,"Ethan Bet Amount":null,"Ethan Win/Lose/Push":null,"Ethan":null,"Jaime Bet Amount":null,"Jaime Win/Lose/Push":null,"Jaime":null,"Nathan Bet Amount":null,"Nathan Win/Lose/Push":null,"Nathan":null,"Evan Bet Amount":null,"Evan Win/Lose/Push":null,"Evan":null,"Brandon Bet Amount":null,"Brandon Win/Lose/Push":null,"Brandon":null,"Total Team Bet":null,"Legends Bet":null,"Leaders Bet":null,"To Win":null,"Payout":null,"TOTALS":null,"Mitch Totals":null,"Phil Totals":null,"Bryce Totals":null,"Cory Totals":null,"JB Totals":null,"Ethan Totals":null},{"Week":"143","Date":"07/25/2025","Mitch Bet Amount":null,"Mitch Win/Lose/Push":null,"Mitch":null,"Phil Bet Amount":null,"Phil Win/Lose/Push":null,"Phil":null,"Bryce Bet Amount":null,"Bryce Win/Lose/Push":null,"Bryce":null,"Cory Bet Amount":null,"Cory Win/Lose/Push":null,"Cory":null,"JB Bet Amount":null,"JB Win/Lose/Push":null,"JB":null,"Ethan Bet Amount":null,"Ethan Win/Lose/Push":null,"Ethan":null,"Jaime Bet Amount":null,"Jaime Win/Lose/Push":null,"Jaime":null,"Nathan Bet Amount":null,"Nathan Win/Lose/Push":null,"Nathan":null,"Evan Bet Amount":null,"Evan Win/Lose/Push":null,"Evan":null,"Brandon Bet Amount":null,"Brandon Win/Lose/Push":null,"Brandon":null,"Total Team Bet":null,"Legends Bet":null,"Leaders Bet":null,"To Win":null,"Payout":null,"TOTALS":null,"Mitch Totals":null,"Phil Totals":null,"Bryce Totals":null,"Cory Totals":null,"JB Totals":null,"Ethan Totals":null},{"Week":"144","Date":"08/01/2025","Mitch Bet Amount":null,"Mitch Win/Lose/Push":null,"Mitch":null,"Phil Bet Amount":null,"Phil Win/Lose/Push":null,"Phil":null,"Bryce Bet Amount":null,"Bryce Win/Lose/Push":null,"Bryce":null,"Cory Bet Amount":null,"Cory Win/Lose/Push":null,"Cory":null,"JB Bet Amount":null,"JB Win/Lose/Push":null,"JB":null,"Ethan Bet Amount":null,"Ethan Win/Lose/Push":null,"Ethan":null,"Jaime Bet Amount":null,"Jaime Win/Lose/Push":null,"Jaime":null,"Nathan Bet Amount":null,"Nathan Win/Lose/Push":null,"Nathan":null,"Evan Bet Amount":null,"Evan Win/Lose/Push":null,"Evan":null,"Brandon Bet Amount":null,"Brandon Win/Lose/Push":null,"Brandon":null,"Total Team Bet":null,"Legends Bet":null,"Leaders Bet":null,"To Win":null,"Payout":null,"TOTALS":null,"Mitch Totals":null,"Phil Totals":null,"Bryce Totals":null,"Cory Totals":null,"JB Totals":null,"Ethan Totals":null},{"Week":"145","Date":"08/08/2025","Mitch Bet Amount":null,"Mitch Win/Lose/Push":null,"Mitch":null,"Phil Bet Amount":null,"Phil Win/Lose/Push":null,"Phil":null,"Bryce Bet Amount":null,"Bryce Win/Lose/Push":null,"Bryce":null,"Cory Bet Amount":null,"Cory Win/Lose/Push":null,"Cory":null,"JB Bet Amount":null,"JB Win/Lose/Push":null,"JB":null,"Ethan Bet Amount":null,"Ethan Win/Lose/Push":null,"Ethan":null,"Jaime Bet Amount":null,"Jaime Win/Lose/Push":null,"Jaime":null,"Nathan Bet Amount":null,"Nathan Win/Lose/Push":null,"Nathan":null,"Evan Bet Amount":null,"Evan Win/Lose/Push":null,"Evan":null,"Brandon Bet Amount":null,"Brandon Win/Lose/Push":null,"Brandon":null,"Total Team Bet":null,"Legends Bet":null,"Leaders Bet":null,"To Win":null,"Payout":null,"TOTALS":null,"Mitch Totals":null,"Phil Totals":null,"Bryce Totals":null,"Cory Totals":null,"JB Totals":null,"Ethan Totals":null},{"Week":"146","Date":"08/15/2025","Mitch Bet Amount":null,"Mitch Win/Lose/Push":null,"Mitch":null,"Phil Bet Amount":null,"Phil Win/Lose/Push":null,"Phil":null,"Bryce Bet Amount":null,"Bryce Win/Lose/Push":null,"Bryce":null,"Cory Bet Amount":null,"Cory Win/Lose/Push":null,"Cory":null,"JB Bet Amount":null,"JB Win/Lose/Push":null,"JB":null,"Ethan Bet Amount":null,"Ethan Win/Lose/Push":null,"Ethan":null,"Jaime Bet Amount":null,"Jaime Win/Lose/Push":null,"Jaime":null,"Nathan Bet Amount":null,"Nathan Win/Lose/Push":null,"Nathan":null,"Evan Bet Amount":null,"Evan Win/Lose/Push":null,"Evan":null,"Brandon Bet Amount":null,"Brandon Win/Lose/Push":null,"Brandon":null,"Total Team Bet":null,"Legends Bet":null,"Leaders Bet":null,"To Win":null,"Payout":null,"TOTALS":null,"Mitch Totals":null,"Phil Totals":null,"Bryce Totals":null,"Cory Totals":null,"JB Totals":null,"Ethan Totals":null},{"Week":"147","Date":"08/22/2025","Mitch Bet Amount":null,"Mitch Win/Lose/Push":null,"Mitch":null,"Phil Bet Amount":null,"Phil Win/Lose/Push":null,"Phil":null,"Bryce Bet Amount":null,"Bryce Win/Lose/Push":null,"Bryce":null,"Cory Bet Amount":null,"Cory Win/Lose/Push":null,"Cory":null,"JB Bet Amount":null,"JB Win/Lose/Push":null,"JB":null,"Ethan Bet Amount":null,"Ethan Win/Lose/Push":null,"Ethan":null,"Jaime Bet Amount":null,"Jaime Win/Lose/Push":null,"Jaime":null,"Nathan Bet Amount":null,"Nathan Win/Lose/Push":null,"Nathan":null,"Evan Bet Amount":null,"Evan Win/Lose/Push":null,"Evan":null,"Brandon Bet Amount":null,"Brandon Win/Lose/Push":null,"Brandon":null,"Total Team Bet":null,"Legends Bet":null,"Leaders Bet":null,"To Win":null,"Payout":null,"TOTALS":null,"Mitch Totals":null,"Phil Totals":null,"Bryce Totals":null,"Cory Totals":null,"JB Totals":null,"Ethan Totals":null},{"Week":"148","Date":"08/29/2025","Mitch Bet Amount":null,"Mitch Win/Lose/Push":null,"Mitch":null,"Phil Bet Amount":null,"Phil Win/Lose/Push":null,"Phil":null,"Bryce Bet Amount":null,"Bryce Win/Lose/Push":null,"Bryce":null,"Cory Bet Amount":null,"Cory Win/Lose/Push":null,"Cory":null,"JB Bet Amount":null,"JB Win/Lose/Push":null,"JB":null,"Ethan Bet Amount":null,"Ethan Win/Lose/Push":null,"Ethan":null,"Jaime Bet Amount":null,"Jaime Win/Lose/Push":null,"Jaime":null,"Nathan Bet Amount":null,"Nathan Win/Lose/Push":null,"Nathan":null,"Evan Bet Amount":null,"Evan Win/Lose/Push":null,"Evan":null,"Brandon Bet Amount":null,"Brandon Win/Lose/Push":null,"Brandon":null,"Total Team Bet":null,"Legends Bet":null,"Leaders Bet":null,"To Win":null,"Payout":null,"TOTALS":null,"Mitch Totals":null,"Phil Totals":null,"Bryce Totals":null,"Cory Totals":null,"JB Totals":null,"Ethan Totals":null},{"Week":"149","Date":"09/05/2025","Mitch Bet Amount":null,"Mitch Win/Lose/Push":null,"Mitch":null,"Phil Bet Amount":null,"Phil Win/Lose/Push":null,"Phil":null,"Bryce Bet Amount":null,"Bryce Win/Lose/Push":null,"Bryce":null,"Cory Bet Amount":null,"Cory Win/Lose/Push":null,"Cory":null,"JB Bet Amount":null,"JB Win/Lose/Push":null,"JB":null,"Ethan Bet Amount":null,"Ethan Win/Lose/Push":null,"Ethan":null,"Jaime Bet Amount":null,"Jaime Win/Lose/Push":null,"Jaime":null,"Nathan Bet Amount":null,"Nathan Win/Lose/Push":null,"Nathan":null,"Evan Bet Amount":null,"Evan Win/Lose/Push":null,"Evan":null,"Brandon Bet Amount":null,"Brandon Win/Lose/Push":null,"Brandon":null,"Total Team Bet":null,"Legends Bet":null,"Leaders Bet":null,"To Win":null,"Payout":null,"TOTALS":null,"Mitch Totals":null,"Phil Totals":null,"Bryce Totals":null,"Cory Totals":null,"JB Totals":null,"Ethan Totals":null},{"Week":"150","Date":"09/12/2025","Mitch Bet Amount":null,"Mitch Win/Lose/Push":null,"Mitch":null,"Phil Bet Amount":null,"Phil Win/Lose/Push":null,"Phil":null,"Bryce Bet Amount":null,"Bryce Win/Lose/Push":null,"Bryce":null,"Cory Bet Amount":null,"Cory Win/Lose/Push":null,"Cory":null,"JB Bet Amount":null,"JB Win/Lose/Push":null,"JB":null,"Ethan Bet Amount":null,"Ethan Win/Lose/Push":null,"Ethan":null,"Jaime Bet Amount":null,"Jaime Win/Lose/Push":null,"Jaime":null,"Nathan Bet Amount":null,"Nathan Win/Lose/Push":null,"Nathan":null,"Evan Bet Amount":null,"Evan Win/Lose/Push":null,"Evan":null,"Brandon Bet Amount":null,"Brandon Win/Lose/Push":null,"Brandon":null,"Total Team Bet":null,"Legends Bet":null,"Leaders Bet":null,"To Win":null,"Payout":null,"TOTALS":null,"Mitch Totals":null,"Phil Totals":null,"Bryce Totals":null,"Cory Totals":null,"JB Totals":null,"Ethan Totals":null},{"Week":"151","Date":"09/19/2025","Mitch Bet Amount":null,"Mitch Win/Lose/Push":null,"Mitch":null,"Phil Bet Amount":null,"Phil Win/Lose/Push":null,"Phil":null,"Bryce Bet Amount":null,"Bryce Win/Lose/Push":null,"Bryce":null,"Cory Bet Amount":null,"Cory Win/Lose/Push":null,"Cory":null,"JB Bet Amount":null,"JB Win/Lose/Push":null,"JB":null,"Ethan Bet Amount":null,"Ethan Win/Lose/Push":null,"Ethan":null,"Jaime Bet Amount":null,"Jaime Win/Lose/Push":null,"Jaime":null,"Nathan Bet Amount":null,"Nathan Win/Lose/Push":null,"Nathan":null,"Evan Bet Amount":null,"Evan Win/Lose/Push":null,"Evan":null,"Brandon Bet Amount":null,"Brandon Win/Lose/Push":null,"Brandon":null,"Total Team Bet":null,"Legends Bet":null,"Leaders Bet":null,"To Win":null,"Payout":null,"TOTALS":null,"Mitch Totals":null,"Phil Totals":null,"Bryce Totals":null,"Cory Totals":null,"JB Totals":null,"Ethan Totals":null},{"Week":"152","Date":"09/26/2025","Mitch Bet Amount":null,"Mitch Win/Lose/Push":null,"Mitch":null,"Phil Bet Amount":null,"Phil Win/Lose/Push":null,"Phil":null,"Bryce Bet Amount":null,"Bryce Win/Lose/Push":null,"Bryce":null,"Cory Bet Amount":null,"Cory Win/Lose/Push":null,"Cory":null,"JB Bet Amount":null,"JB Win/Lose/Push":null,"JB":null,"Ethan Bet Amount":null,"Ethan Win/Lose/Push":null,"Ethan":null,"Jaime Bet Amount":null,"Jaime Win/Lose/Push":null,"Jaime":null,"Nathan Bet Amount":null,"Nathan Win/Lose/Push":null,"Nathan":null,"Evan Bet Amount":null,"Evan Win/Lose/Push":null,"Evan":null,"Brandon Bet Amount":null,"Brandon Win/Lose/Push":null,"Brandon":null,"Total Team Bet":null,"Legends Bet":null,"Leaders Bet":null,"To Win":null,"Payout":null,"TOTALS":null,"Mitch Totals":null,"Phil Totals":null,"Bryce Totals":null,"Cory Totals":null,"JB Totals":null,"Ethan Totals":null},{"Week":"153","Date":"10/03/2025","Mitch Bet Amount":null,"Mitch Win/Lose/Push":null,"Mitch":null,"Phil Bet Amount":null,"Phil Win/Lose/Push":null,"Phil":null,"Bryce Bet Amount":null,"Bryce Win/Lose/Push":null,"Bryce":null,"Cory Bet Amount":null,"Cory Win/Lose/Push":null,"Cory":null,"JB Bet Amount":null,"JB Win/Lose/Push":null,"JB":null,"Ethan Bet Amount":null,"Ethan Win/Lose/Push":null,"Ethan":null,"Jaime Bet Amount":null,"Jaime Win/Lose/Push":null,"Jaime":null,"Nathan Bet Amount":null,"Nathan Win/Lose/Push":null,"Nathan":null,"Evan Bet Amount":null,"Evan Win/Lose/Push":null,"Evan":null,"Brandon Bet Amount":null,"Brandon Win/Lose/Push":null,"Brandon":null,"Total Team Bet":null,"Legends Bet":null,"Leaders Bet":null,"To Win":null,"Payout":null,"TOTALS":null,"Mitch Totals":null,"Phil Totals":null,"Bryce Totals":null,"Cory Totals":null,"JB Totals":null,"Ethan Totals":null},{"Week":"154","Date":"10/10/2025","Mitch Bet Amount":null,"Mitch Win/Lose/Push":null,"Mitch":null,"Phil Bet Amount":null,"Phil Win/Lose/Push":null,"Phil":null,"Bryce Bet Amount":null,"Bryce Win/Lose/Push":null,"Bryce":null,"Cory Bet Amount":null,"Cory Win/Lose/Push":null,"Cory":null,"JB Bet Amount":null,"JB Win/Lose/Push":null,"JB":null,"Ethan Bet Amount":null,"Ethan Win/Lose/Push":null,"Ethan":null,"Jaime Bet Amount":null,"Jaime Win/Lose/Push":null,"Jaime":null,"Nathan Bet Amount":null,"Nathan Win/Lose/Push":null,"Nathan":null,"Evan Bet Amount":null,"Evan Win/Lose/Push":null,"Evan":null,"Brandon Bet Amount":null,"Brandon Win/Lose/Push":null,"Brandon":null,"Total Team Bet":null,"Legends Bet":null,"Leaders Bet":null,"To Win":null,"Payout":null,"TOTALS":null,"Mitch Totals":null,"Phil Totals":null,"Bryce Totals":null,"Cory Totals":null,"JB Totals":null,"Ethan Totals":null},{"Week":"155","Date":"10/17/2025","Mitch Bet Amount":null,"Mitch Win/Lose/Push":null,"Mitch":null,"Phil Bet Amount":null,"Phil Win/Lose/Push":null,"Phil":null,"Bryce Bet Amount":null,"Bryce Win/Lose/Push":null,"Bryce":null,"Cory Bet Amount":null,"Cory Win/Lose/Push":null,"Cory":null,"JB Bet Amount":null,"JB Win/Lose/Push":null,"JB":null,"Ethan Bet Amount":null,"Ethan Win/Lose/Push":null,"Ethan":null,"Jaime Bet Amount":null,"Jaime Win/Lose/Push":null,"Jaime":null,"Nathan Bet Amount":null,"Nathan Win/Lose/Push":null,"Nathan":null,"Evan Bet Amount":null,"Evan Win/Lose/Push":null,"Evan":null,"Brandon Bet Amount":null,"Brandon Win/Lose/Push":null,"Brandon":null,"Total Team Bet":null,"Legends Bet":null,"Leaders Bet":null,"To Win":null,"Payout":null,"TOTALS":null,"Mitch Totals":null,"Phil Totals":null,"Bryce Totals":null,"Cory Totals":null,"JB Totals":null,"Ethan Totals":null},{"Week":"156","Date":"10/24/2025","Mitch Bet Amount":null,"Mitch Win/Lose/Push":null,"Mitch":null,"Phil Bet Amount":null,"Phil Win/Lose/Push":null,"Phil":null,"Bryce Bet Amount":null,"Bryce Win/Lose/Push":null,"Bryce":null,"Cory Bet Amount":null,"Cory Win/Lose/Push":null,"Cory":null,"JB Bet Amount":null,"JB Win/Lose/Push":null,"JB":null,"Ethan Bet Amount":null,"Ethan Win/Lose/Push":null,"Ethan":null,"Jaime Bet Amount":null,"Jaime Win/Lose/Push":null,"Jaime":null,"Nathan Bet Amount":null,"Nathan Win/Lose/Push":null,"Nathan":null,"Evan Bet Amount":null,"Evan Win/Lose/Push":null,"Evan":null,"Brandon Bet Amount":null,"Brandon Win/Lose/Push":null,"Brandon":null,"Total Team Bet":null,"Legends Bet":null,"Leaders Bet":null,"To Win":null,"Payout":null,"TOTALS":null,"Mitch Totals":null,"Phil Totals":null,"Bryce Totals":null,"Cory Totals":null,"JB Totals":null,"Ethan Totals":null},{"Week":"157","Date":"10/31/2025","Mitch Bet Amount":null,"Mitch Win/Lose/Push":null,"Mitch":null,"Phil Bet Amount":null,"Phil Win/Lose/Push":null,"Phil":null,"Bryce Bet Amount":null,"Bryce Win/Lose/Push":null,"Bryce":null,"Cory Bet Amount":null,"Cory Win/Lose/Push":null,"Cory":null,"JB Bet Amount":null,"JB Win/Lose/Push":null,"JB":null,"Ethan Bet Amount":null,"Ethan Win/Lose/Push":null,"Ethan":null,"Jaime Bet Amount":null,"Jaime Win/Lose/Push":null,"Jaime":null,"Nathan Bet Amount":null,"Nathan Win/Lose/Push":null,"Nathan":null,"Evan Bet Amount":null,"Evan Win/Lose/Push":null,"Evan":null,"Brandon Bet Amount":null,"Brandon Win/Lose/Push":null,"Brandon":null,"Total Team Bet":null,"Legends Bet":null,"Leaders Bet":null,"To Win":null,"Payout":null,"TOTALS":null,"Mitch Totals":null,"Phil Totals":null,"Bryce Totals":null,"Cory Totals":null,"JB Totals":null,"Ethan Totals":null},{"Week":"158","Date":"11/07/2025","Mitch Bet Amount":null,"Mitch Win/Lose/Push":null,"Mitch":null,"Phil Bet Amount":null,"Phil Win/Lose/Push":null,"Phil":null,"Bryce Bet Amount":null,"Bryce Win/Lose/Push":null,"Bryce":null,"Cory Bet Amount":null,"Cory Win/Lose/Push":null,"Cory":null,"JB Bet Amount":null,"JB Win/Lose/Push":null,"JB":null,"Ethan Bet Amount":null,"Ethan Win/Lose/Push":null,"Ethan":null,"Jaime Bet Amount":null,"Jaime Win/Lose/Push":null,"Jaime":null,"Nathan Bet Amount":null,"Nathan Win/Lose/Push":null,"Nathan":null,"Evan Bet Amount":null,"Evan Win/Lose/Push":null,"Evan":null,"Brandon Bet Amount":null,"Brandon Win/Lose/Push":null,"Brandon":null,"Total Team Bet":null,"Legends Bet":null,"Leaders Bet":null,"To Win":null,"Payout":null,"TOTALS":null,"Mitch Totals":null,"Phil Totals":null,"Bryce Totals":null,"Cory Totals":null,"JB Totals":null,"Ethan Totals":null},{"Week":"159","Date":"11/14/2025","Mitch Bet Amount":null,"Mitch Win/Lose/Push":null,"Mitch":null,"Phil Bet Amount":null,"Phil Win/Lose/Push":null,"Phil":null,"Bryce Bet Amount":null,"Bryce Win/Lose/Push":null,"Bryce":null,"Cory Bet Amount":null,"Cory Win/Lose/Push":null,"Cory":null,"JB Bet Amount":null,"JB Win/Lose/Push":null,"JB":null,"Ethan Bet Amount":null,"Ethan Win/Lose/Push":null,"Ethan":null,"Jaime Bet Amount":null,"Jaime Win/Lose/Push":null,"Jaime":null,"Nathan Bet Amount":null,"Nathan Win/Lose/Push":null,"Nathan":null,"Evan Bet Amount":null,"Evan Win/Lose/Push":null,"Evan":null,"Brandon Bet Amount":null,"Brandon Win/Lose/Push":null,"Brandon":null,"Total Team Bet":null,"Legends Bet":null,"Leaders Bet":null,"To Win":null,"Payout":null,"TOTALS":null,"Mitch Totals":null,"Phil Totals":null,"Bryce Totals":null,"Cory Totals":null,"JB Totals":null,"Ethan Totals":null},{"Week":"160","Date":"11/21/2025","Mitch Bet Amount":null,"Mitch Win/Lose/Push":null,"Mitch":null,"Phil Bet Amount":null,"Phil Win/Lose/Push":null,"Phil":null,"Bryce Bet Amount":null,"Bryce Win/Lose/Push":null,"Bryce":null,"Cory Bet Amount":null,"Cory Win/Lose/Push":null,"Cory":null,"JB Bet Amount":null,"JB Win/Lose/Push":null,"JB":null,"Ethan Bet Amount":null,"Ethan Win/Lose/Push":null,"Ethan":null,"Jaime Bet Amount":null,"Jaime Win/Lose/Push":null,"Jaime":null,"Nathan Bet Amount":null,"Nathan Win/Lose/Push":null,"Nathan":null,"Evan Bet Amount":null,"Evan Win/Lose/Push":null,"Evan":null,"Brandon Bet Amount":null,"Brandon Win/Lose/Push":null,"Brandon":null,"Total Team Bet":null,"Legends Bet":null,"Leaders Bet":null,"To Win":null,"Payout":null,"TOTALS":null,"Mitch Totals":null,"Phil Totals":null,"Bryce Totals":null,"Cory Totals":null,"JB Totals":null,"Ethan Totals":null},{"Week":"161","Date":"11/28/2025","Mitch Bet Amount":null,"Mitch Win/Lose/Push":null,"Mitch":null,"Phil Bet Amount":null,"Phil Win/Lose/Push":null,"Phil":null,"Bryce Bet Amount":null,"Bryce Win/Lose/Push":null,"Bryce":null,"Cory Bet Amount":null,"Cory Win/Lose/Push":null,"Cory":null,"JB Bet Amount":null,"JB Win/Lose/Push":null,"JB":null,"Ethan Bet Amount":null,"Ethan Win/Lose/Push":null,"Ethan":null,"Jaime Bet Amount":null,"Jaime Win/Lose/Push":null,"Jaime":null,"Nathan Bet Amount":null,"Nathan Win/Lose/Push":null,"Nathan":null,"Evan Bet Amount":null,"Evan Win/Lose/Push":null,"Evan":null,"Brandon Bet Amount":null,"Brandon Win/Lose/Push":null,"Brandon":null,"Total Team Bet":null,"Legends Bet":null,"Leaders Bet":null,"To Win":null,"Payout":null,"TOTALS":null,"Mitch Totals":null,"Phil Totals":null,"Bryce Totals":null,"Cory Totals":null,"JB Totals":null,"Ethan Totals":null},{"Week":"162","Date":"12/05/2025","Mitch Bet Amount":null,"Mitch Win/Lose/Push":null,"Mitch":null,"Phil Bet Amount":null,"Phil Win/Lose/Push":null,"Phil":null,"Bryce Bet Amount":null,"Bryce Win/Lose/Push":null,"Bryce":null,"Cory Bet Amount":null,"Cory Win/Lose/Push":null,"Cory":null,"JB Bet Amount":null,"JB Win/Lose/Push":null,"JB":null,"Ethan Bet Amount":null,"Ethan Win/Lose/Push":null,"Ethan":null,"Jaime Bet Amount":null,"Jaime Win/Lose/Push":null,"Jaime":null,"Nathan Bet Amount":null,"Nathan Win/Lose/Push":null,"Nathan":null,"Evan Bet Amount":null,"Evan Win/Lose/Push":null,"Evan":null,"Brandon Bet Amount":null,"Brandon Win/Lose/Push":null,"Brandon":null,"Total Team Bet":null,"Legends Bet":null,"Leaders Bet":null,"To Win":null,"Payout":null,"TOTALS":null,"Mitch Totals":null,"Phil Totals":null,"Bryce Totals":null,"Cory Totals":null,"JB Totals":null,"Ethan Totals":null},{"Week":"163","Date":"12/12/2025","Mitch Bet Amount":null,"Mitch Win/Lose/Push":null,"Mitch":null,"Phil Bet Amount":null,"Phil Win/Lose/Push":null,"Phil":null,"Bryce Bet Amount":null,"Bryce Win/Lose/Push":null,"Bryce":null,"Cory Bet Amount":null,"Cory Win/Lose/Push":null,"Cory":null,"JB Bet Amount":null,"JB Win/Lose/Push":null,"JB":null,"Ethan Bet Amount":null,"Ethan Win/Lose/Push":null,"Ethan":null,"Jaime Bet Amount":null,"Jaime Win/Lose/Push":null,"Jaime":null,"Nathan Bet Amount":null,"Nathan Win/Lose/Push":null,"Nathan":null,"Evan Bet Amount":null,"Evan Win/Lose/Push":null,"Evan":null,"Brandon Bet Amount":null,"Brandon Win/Lose/Push":null,"Brandon":null,"Total Team Bet":null,"Legends Bet":null,"Leaders Bet":null,"To Win":null,"Payout":null,"TOTALS":null,"Mitch Totals":null,"Phil Totals":null,"Bryce Totals":null,"Cory Totals":null,"JB Totals":null,"Ethan Totals":null},{"Week":"164","Date":"12/19/2025","Mitch Bet Amount":null,"Mitch Win/Lose/Push":null,"Mitch":null,"Phil Bet Amount":null,"Phil Win/Lose/Push":null,"Phil":null,"Bryce Bet Amount":null,"Bryce Win/Lose/Push":null,"Bryce":null,"Cory Bet Amount":null,"Cory Win/Lose/Push":null,"Cory":null,"JB Bet Amount":null,"JB Win/Lose/Push":null,"JB":null,"Ethan Bet Amount":null,"Ethan Win/Lose/Push":null,"Ethan":null,"Jaime Bet Amount":null,"Jaime Win/Lose/Push":null,"Jaime":null,"Nathan Bet Amount":null,"Nathan Win/Lose/Push":null,"Nathan":null,"Evan Bet Amount":null,"Evan Win/Lose/Push":null,"Evan":null,"Brandon Bet Amount":null,"Brandon Win/Lose/Push":null,"Brandon":null,"Total Team Bet":null,"Legends Bet":null,"Leaders Bet":null,"To Win":null,"Payout":null,"TOTALS":null,"Mitch Totals":null,"Phil Totals":null,"Bryce Totals":null,"Cory Totals":null,"JB Totals":null,"Ethan Totals":null},{"Week":"165","Date":"12/26/2025","Mitch Bet Amount":null,"Mitch Win/Lose/Push":null,"Mitch":null,"Phil Bet Amount":null,"Phil Win/Lose/Push":null,"Phil":null,"Bryce Bet Amount":null,"Bryce Win/Lose/Push":null,"Bryce":null,"Cory Bet Amount":null,"Cory Win/Lose/Push":null,"Cory":null,"JB Bet Amount":null,"JB Win/Lose/Push":null,"JB":null,"Ethan Bet Amount":null,"Ethan Win/Lose/Push":null,"Ethan":null,"Jaime Bet Amount":null,"Jaime Win/Lose/Push":null,"Jaime":null,"Nathan Bet Amount":null,"Nathan Win/Lose/Push":null,"Nathan":null,"Evan Bet Amount":null,"Evan Win/Lose/Push":null,"Evan":null,"Brandon Bet Amount":null,"Brandon Win/Lose/Push":null,"Brandon":null,"Total Team Bet":null,"Legends Bet":null,"Leaders Bet":null,"To Win":null,"Payout":null,"TOTALS":null,"Mitch Totals":null,"Phil Totals":null,"Bryce Totals":null,"Cory Totals":null,"JB Totals":null,"Ethan Totals":null},{"Week":"166","Date":"01/02/2026","Mitch Bet Amount":null,"Mitch Win/Lose/Push":null,"Mitch":null,"Phil Bet Amount":null,"Phil Win/Lose/Push":null,"Phil":null,"Bryce Bet Amount":null,"Bryce Win/Lose/Push":null,"Bryce":null,"Cory Bet Amount":null,"Cory Win/Lose/Push":null,"Cory":null,"JB Bet Amount":null,"JB Win/Lose/Push":null,"JB":null,"Ethan Bet Amount":null,"Ethan Win/Lose/Push":null,"Ethan":null,"Jaime Bet Amount":null,"Jaime Win/Lose/Push":null,"Jaime":null,"Nathan Bet Amount":null,"Nathan Win/Lose/Push":null,"Nathan":null,"Evan Bet Amount":null,"Evan Win/Lose/Push":null,"Evan":null,"Brandon Bet Amount":null,"Brandon Win/Lose/Push":null,"Brandon":null,"Total Team Bet":null,"Legends Bet":null,"Leaders Bet":null,"To Win":null,"Payout":null,"TOTALS":null,"Mitch Totals":null,"Phil Totals":null,"Bryce Totals":null,"Cory Totals":null,"JB Totals":null,"Ethan Totals":null},{"Week":"167","Date":"01/09/2026","Mitch Bet Amount":null,"Mitch Win/Lose/Push":null,"Mitch":null,"Phil Bet Amount":null,"Phil Win/Lose/Push":null,"Phil":null,"Bryce Bet Amount":null,"Bryce Win/Lose/Push":null,"Bryce":null,"Cory Bet Amount":null,"Cory Win/Lose/Push":null,"Cory":null,"JB Bet Amount":null,"JB Win/Lose/Push":null,"JB":null,"Ethan Bet Amount":null,"Ethan Win/Lose/Push":null,"Ethan":null,"Jaime Bet Amount":null,"Jaime Win/Lose/Push":null,"Jaime":null,"Nathan Bet Amount":null,"Nathan Win/Lose/Push":null,"Nathan":null,"Evan Bet Amount":null,"Evan Win/Lose/Push":null,"Evan":null,"Brandon Bet Amount":null,"Brandon Win/Lose/Push":null,"Brandon":null,"Total Team Bet":null,"Legends Bet":null,"Leaders Bet":null,"To Win":null,"Payout":null,"TOTALS":null,"Mitch Totals":null,"Phil Totals":null,"Bryce Totals":null,"Cory Totals":null,"JB Totals":null,"Ethan Totals":null}]
3:31:45 AM [express] GET /api/data 304 in 5ms :: [{"Week":"1","Date":"8/25/23","Mitch Bet Amount":"$10","Mitch Win/Lose/Push":"Win","Mitch":"San Diego St -2.5","Phil Bet Amount":"$10","Phil Win/Lose/Push":"Win","Phil":"Hawaii/Vanderbilt Over","Bryce Bet Amount":"$5","Bryce Win/Lose/Push":"Win","Bryce":"Glover over Henley","Cory Bet Amount":"$10","Cory Win/Lose/Push":"Win","Cory":"Nebraska +7.5","JB Bet Amount":"$5","JB Win/Lose/Push":"Win","JB":"Utah","Ethan Bet Amount":"$10","Ethan Win/Lose/Push":"Win","Ethan":"MN/Neb Under","Jaime Bet Amount":"","Jaime Win/Lose/Push":"","Jaime":"","Nathan Bet Amount":"","Nathan Win/Lose/Push":"","Nathan":"","Evan Bet Amount":"","Evan Win/Lose/Push":"","Evan":"","Brandon Bet Amount":"","Brandon Win/Lose/Push":"","Brandon":"","Total Team Bet":"$50.00","Legends Bet":"","Leaders Bet":"","To Win":"2752.57","Payout":"$2,802.57","TOTALS":"Total Bet","Mitch Totals":"290","Phil Totals":"260","Bryce Totals":"240","Cory Totals":"360","JB Totals":"405","Ethan Totals":"295","Jaime Totals":"0","Nate Totals":"0","Evan Totals":"0","Brandon Totals":"0"},{"Week":"2","Date":"9/1/23","Mitch Bet Amount":"$5","Mitch Win/Lose/Push":"Win","Mitch":"Washington -14","Phil Bet Amount":"$5","Phil Win/Lose/Push":"Loss","Phil":"Purdue/Fresno Under","Bryce Bet Amount":"$5","Bryce Win/Lose/Push":"Win","Bryce":"Tail Ethan","Cory Bet Amount":"$5","Cory Win/Lose/Push":"Loss","Cory":"Wisconsin under","JB Bet Amount":"$5","JB Win/Lose/Push":"Loss","JB":"Utsa. meep meep","Ethan Bet Amount":"$5","Ethan Win/Lose/Push":"Win","Ethan":"Iowa Under","Jaime Bet Amount":"","Jaime Win/Lose/Push":"","Jaime":"","Nathan Bet Amount":"","Nathan Win/Lose/Push":"","Nathan":"","Evan Bet Amount":"","Evan Win/Lose/Push":"","Evan":"","Brandon Bet Amount":"","Brandon Win/Lose/Push":"","Brandon":"","Total Team Bet":"$30.00","Legends Bet":"","Leaders Bet":"","To Win":"","Payout":"","TOTALS":"Total Wins","Mitch Totals":"17","Phil Totals":"17","Bryce Totals":"18","Cory Totals":"11","JB Totals":"11","Ethan Totals":"17","Jaime Totals":"0","Nate Totals":"0","Evan Totals":"0","Brandon Totals":"0"},{"Week":"3","Date":"9/8/23","Mitch Bet Amount":"$5","Mitch Win/Lose/Push":"Win","Mitch":"Georgia Southern -7","Phil Bet Amount":"$10","Phil Win/Lose/Push":"Win","Phil":"Nebraska/Coach Prime Under","Bryce Bet Amount":"$5","Bryce Win/Lose/Push":"Win","Bryce":"Gophers under","Cory Bet Amount":"$10","Cory Win/Lose/Push":"Loss","Cory":"Bears -1.5","JB Bet Amount":"$10","JB Win/Lose/Push":"Win","JB":"coach prime -3","Ethan Bet Amount":"$5","Ethan Win/Lose/Push":"Win","Ethan":"Tail Phil ","Jaime Bet Amount":"","Jaime Win/Lose/Push":"","Jaime":"","Nathan Bet Amount":"","Nathan Win/Lose/Push":"","Nathan":"","Evan Bet Amount":"","Evan Win/Lose/Push":"","Evan":"","Brandon Bet Amount":"","Brandon Win/Lose/Push":"","Brandon":"","Total Team Bet":"$45.00","Legends Bet":"","Leaders Bet":"","To Win":"","Payout":"","TOTALS":"Total Losses","Mitch Totals":"12","Phil Totals":"11","Bryce Totals":"13","Cory Totals":"18","JB Totals":"18","Ethan Totals":"14","Jaime Totals":"0","Nate Totals":"0","Evan Totals":"0","Brandon Totals":"0"},{"Week":"4","Date":"9/15/23","Mitch Bet Amount":"$5","Mitch Win/Lose/Push":"Win","Mitch":"Rutgers -7","Phil Bet Amount":"$5","Phil Win/Lose/Push":"Win","Phil":"Indiana under","Bryce Bet Amount":"$5","Bryce Win/Lose/Push":"Loss","Bryce":"Nebraska under","Cory Bet Amount":"$15","Cory Win/Lose/Push":"Loss","Cory":"Ohio st under","JB Bet Amount":"$5","JB Win/Lose/Push":"Win","JB":"Wisconsin -20 ","Ethan Bet Amount":"$5","Ethan Win/Lose/Push":"Win","Ethan":"Florida +5.5","Jaime Bet Amount":"","Jaime Win/Lose/Push":"","Jaime":"","Nathan Bet Amount":"","Nathan Win/Lose/Push":"","Nathan":"","Evan Bet Amount":"","Evan Win/Lose/Push":"","Evan":"","Brandon Bet Amount":"","Brandon Win/Lose/Push":"","Brandon":"","Total Team Bet":"$40.00","Legends Bet":"","Leaders Bet":"","To Win":"","Payout":"","TOTALS":"Total Pushes","Mitch Totals":"2","Phil Totals":"3","Bryce Totals":"0","Cory Totals":"2","JB Totals":"2","Ethan Totals":"0","Jaime Totals":"0","Nate Totals":"0","Evan Totals":"0","Brandon Totals":"0"},{"Week":"5","Date":"9/22/23","Mitch Bet Amount":"$5","Mitch Win/Lose/Push":"Win","Mitch":"Texas A&M -9 ","Phil Bet Amount":"$5","Phil Win/Lose/Push":"Win","Phil":"TCU/SMU Under ","Bryce Bet Amount":"$10","Bryce Win/Lose/Push":"Loss","Bryce":"Vikings -1 ","Cory Bet Amount":"$20","Cory Win/Lose/Push":"Loss","Cory":"Tail JB ","JB Bet Amount":"$5","JB Win/Lose/Push":"Loss","JB":"Psu over ","Ethan Bet Amount":"$5","Ethan Win/Lose/Push":"Loss","Ethan":"Gophs Cover ","Jaime Bet Amount":"","Jaime Win/Lose/Push":"","Jaime":"","Nathan Bet Amount":"","Nathan Win/Lose/Push":"","Nathan":"","Evan Bet Amount":"","Evan Win/Lose/Push":"","Evan":"","Brandon Bet Amount":"","Brandon Win/Lose/Push":"","Brandon":"","Total Team Bet":"$50.00","Legends Bet":"","Leaders Bet":"","To Win":"","Payout":"","TOTALS":"Win Percentage","Mitch Totals":"58.62%","Phil Totals":"60.71%","Bryce Totals":"58.06%","Cory Totals":"37.93%","JB Totals":"37.93%","Ethan Totals":"54.84%","Jaime Totals":"0.00%","Nate Totals":"0.00%","Evan Totals":"0.00%","Brandon Totals":"0.00%"},{"Week":"6","Date":"9/29/23","Mitch Bet Amount":"$5","Mitch Win/Lose/Push":"Push","Mitch":"Memphis -3","Phil Bet Amount":"$5","Phil Win/Lose/Push":"Win","Phil":"Texas A&M/Arkansas Over","Bryce Bet Amount":"$15","Bryce Win/Lose/Push":"Win","Bryce":"Colorado cover","Cory Bet Amount":"$25","Cory Win/Lose/Push":"Push","Cory":"Mitch ","JB Bet Amount":"$10","JB Win/Lose/Push":"Loss","JB":"UNLV under","Ethan Bet Amount":"$10","Ethan Win/Lose/Push":"Loss","Ethan":"Iowa -10.5","Jaime Bet Amount":"","Jaime Win/Lose/Push":"","Jaime":"","Nathan Bet Amount":"","Nathan Win/Lose/Push":"","Nathan":"","Evan Bet Amount":"","Evan Win/Lose/Push":"","Evan":"","Brandon Bet Amount":"","Brandon Win/Lose/Push":"","Brandon":"","Total Team Bet":"$70.00","Legends Bet":null,"Leaders Bet":null,"To Win":null,"Payout":null,"TOTALS":null,"Mitch Totals":null,"Phil Totals":null,"Bryce Totals":null,"Cory Totals":null,"JB Totals":null,"Ethan Totals":null,"Jaime Totals":null,"Nate Totals":null,"Evan Totals":null,"Brandon Totals":null},{"Week":"7","Date":"10/6/23","Mitch Bet Amount":"$5","Mitch Win/Lose/Push":"Loss","Mitch":"Notre Dame -6.5","Phil Bet Amount":"$5","Phil Win/Lose/Push":"Win","Phil":"LSU/Mizzou Over","Bryce Bet Amount":"$5","Bryce Win/Lose/Push":"Win","Bryce":"Rutgers ","Cory Bet Amount":"$25","Cory Win/Lose/Push":"Win","Cory":"JB","JB Bet Amount":"$15","JB Win/Lose/Push":"Win","JB":"MichigaN -20","Ethan Bet Amount":"$15","Ethan Win/Lose/Push":"Loss","Ethan":"Gopher under","Jaime Bet Amount":"","Jaime Win/Lose/Push":"","Jaime":"","Nathan Bet Amount":"","Nathan Win/Lose/Push":"","Nathan":"","Evan Bet Amount":"","Evan Win/Lose/Push":"","Evan":"","Brandon Bet Amount":"","Brandon Win/Lose/Push":"","Brandon":"","Total Team Bet":"$70.00","Legends Bet":null,"Leaders Bet":null,"To Win":null,"Payout":null,"TOTALS":null,"Mitch Totals":null,"Phil Totals":null,"Bryce Totals":null,"Cory Totals":null,"JB Totals":null,"Ethan Totals":null,"Jaime Totals":null,"Nate Totals":null,"Evan Totals":null,"Brandon Totals":null},{"Week":"8","Date":"10/13/23","Mitch Bet Amount":"$10","Mitch Win/Lose/Push":"Win","Mitch":"Kansas St/TT Over","Phil Bet Amount":"$5","Phil Win/Lose/Push":"Win","Phil":"OSU/Purdue Under","Bryce Bet Amount":"$5","Bryce Win/Lose/Push":"Win","Bryce":"Washington cover","Cory Bet Amount":"$5","Cory Win/Lose/Push":"Loss","Cory":"Louisville cover","JB Bet Amount":"$5","JB Win/Lose/Push":"Loss","JB":"Temple Over","Ethan Bet Amount":"$20","Ethan Win/Lose/Push":"Loss","Ethan":"Tail Cory","Jaime Bet Amount":"","Jaime Win/Lose/Push":"","Jaime":"","Nathan Bet Amount":"","Nathan Win/Lose/Push":"","Nathan":"","Evan Bet Amount":"","Evan Win/Lose/Push":"","Evan":"","Brandon Bet Amount":"","Brandon Win/Lose/Push":"","Brandon":"","Total Team Bet":"$50.00","Legends Bet":null,"Leaders Bet":null,"To Win":null,"Payout":null,"TOTALS":null,"Mitch Totals":null,"Phil Totals":null,"Bryce Totals":null,"Cory Totals":null,"JB Totals":null,"Ethan Totals":null,"Jaime Totals":null,"Nate Totals":null,"Evan Totals":null,"Brandon Totals":null},{"Week":"9","Date":"10/20/23","Mitch Bet Amount":"$5","Mitch Win/Lose/Push":"Win","Mitch":"Kansas St -5.5 ","Phil Bet Amount":"$5","Phil Win/Lose/Push":"Win","Phil":"Air Force/navy under ","Bryce Bet Amount":"$5","Bryce Win/Lose/Push":"Win","Bryce":"Utah  ","Cory Bet Amount":"$10","Cory Win/Lose/Push":"Loss","Cory":"Iowa ","JB Bet Amount":"$10","JB Win/Lose/Push":"Win","JB":"michigan ","Ethan Bet Amount":"$25","Ethan Win/Lose/Push":"Win","Ethan":"Tail Mitch  ","Jaime Bet Amount":"","Jaime Win/Lose/Push":"","Jaime":"","Nathan Bet Amount":"","Nathan Win/Lose/Push":"","Nathan":"","Evan Bet Amount":"","Evan Win/Lose/Push":"","Evan":"","Brandon Bet Amount":"","Brandon Win/Lose/Push":"","Brandon":"","Total Team Bet":"$60.00","Legends Bet":null,"Leaders Bet":null,"To Win":null,"Payout":null,"TOTALS":null,"Mitch Totals":null,"Phil Totals":null,"Bryce Totals":null,"Cory Totals":null,"JB Totals":null,"Ethan Totals":null,"Jaime Totals":null,"Nate Totals":null,"Evan Totals":null,"Brandon Totals":null},{"Week":"10","Date":"10/27/23","Mitch Bet Amount":"$5","Mitch Win/Lose/Push":"Loss","Mitch":"Maryland -14 ","Phil Bet Amount":"$5","Phil Win/Lose/Push":"Win","Phil":"UConn/BC Under ","Bryce Bet Amount":"$5","Bryce Win/Lose/Push":"Loss","Bryce":"Oregon St ","Cory Bet Amount":"$15","Cory Win/Lose/Push":"Win","Cory":"Vikings ","JB Bet Amount":"$5","JB Win/Lose/Push":"Loss","JB":"Oklahoma -9 ","Ethan Bet Amount":"$5","Ethan Win/Lose/Push":"Loss","Ethan":"Memphis N Texas U 68 ","Jaime Bet Amount":"","Jaime Win/Lose/Push":"","Jaime":"","Nathan Bet Amount":"","Nathan Win/Lose/Push":"","Nathan":"","Evan Bet Amount":"","Evan Win/Lose/Push":"","Evan":"","Brandon Bet Amount":"","Brandon Win/Lose/Push":"","Brandon":"","Total Team Bet":"$40.00","Legends Bet":null,"Leaders Bet":null,"To Win":null,"Payout":null,"TOTALS":null,"Mitch Totals":null,"Phil Totals":null,"Bryce Totals":null,"Cory Totals":null,"JB Totals":null,"Ethan Totals":null,"Jaime Totals":null,"Nate Totals":null,"Evan Totals":null,"Brandon Totals":null},{"Week":"11","Date":"11/3/23","Mitch Bet Amount":"$10","Mitch Win/Lose/Push":"Loss","Mitch":"Nebraska -3","Phil Bet Amount":"$5","Phil Win/Lose/Push":"Loss","Phil":"Arkansas/Florida Under","Bryce Bet Amount":"$10","Bryce Win/Lose/Push":"Win","Bryce":"Washington (whoever is playing USC)","Cory Bet Amount":"$5","Cory Win/Lose/Push":"Loss","Cory":"Gophers under","JB Bet Amount":"$10","JB Win/Lose/Push":"Win","JB":"Michigan Over","Ethan Bet Amount":"$10","Ethan Win/Lose/Push":"Win","Ethan":"Bama -3","Jaime Bet Amount":"","Jaime Win/Lose/Push":"","Jaime":"","Nathan Bet Amount":"","Nathan Win/Lose/Push":"","Nathan":"","Evan Bet Amount":"","Evan Win/Lose/Push":"","Evan":"","Brandon Bet Amount":"","Brandon Win/Lose/Push":"","Brandon":"","Total Team Bet":"$50.00","Legends Bet":null,"Leaders Bet":null,"To Win":null,"Payout":null,"TOTALS":null,"Mitch Totals":null,"Phil Totals":null,"Bryce Totals":null,"Cory Totals":null,"JB Totals":null,"Ethan Totals":null,"Jaime Totals":null,"Nate Totals":null,"Evan Totals":null,"Brandon Totals":null},{"Week":"12","Date":"11/10/23","Mitch Bet Amount":"$15","Mitch Win/Lose/Push":"Loss","Mitch":"Washington cover ","Phil Bet Amount":"$10","Phil Win/Lose/Push":"Win","Phil":"Maryland Nebraska under ","Bryce Bet Amount":"$5","Bryce Win/Lose/Push":"Win","Bryce":"vikes ","Cory Bet Amount":"$10","Cory Win/Lose/Push":"Loss","Cory":"Gb/pitt under ","JB Bet Amount":"$5","JB Win/Lose/Push":"Loss","JB":"fsu -14 ","Ethan Bet Amount":"$5","Ethan Win/Lose/Push":"Loss","Ethan":"Falcons -1.5 ","Jaime Bet Amount":"","Jaime Win/Lose/Push":"","Jaime":"","Nathan Bet Amount":"","Nathan Win/Lose/Push":"","Nathan":"","Evan Bet Amount":"","Evan Win/Lose/Push":"","Evan":"","Brandon Bet Amount":"","Brandon Win/Lose/Push":"","Brandon":"","Total Team Bet":"$50.00","Legends Bet":null,"Leaders Bet":null,"To Win":null,"Payout":null,"TOTALS":null,"Mitch Totals":null,"Phil Totals":null,"Bryce Totals":null,"Cory Totals":null,"JB Totals":null,"Ethan Totals":null,"Jaime Totals":null,"Nate Totals":null,"Evan Totals":null,"Brandon Totals":null},{"Week":"13","Date":"11/17/23","Mitch Bet Amount":"$20","Mitch Win/Lose/Push":"Win","Mitch":"Phil","Phil Bet Amount":"$5","Phil Win/Lose/Push":"Win","Phil":"Tulane FAU under","Bryce Bet Amount":"$5","Bryce Win/Lose/Push":"Win","Bryce":"vikes","Cory Bet Amount":"$15","Cory Win/Lose/Push":"Win","Cory":"Osu cover","JB Bet Amount":"$10","JB Win/Lose/Push":"Win","JB":"Georgia","Ethan Bet Amount":"$10","Ethan Win/Lose/Push":"Loss","Ethan":"Nebraska Wisconsin under","Jaime Bet Amount":"","Jaime Win/Lose/Push":"","Jaime":"","Nathan Bet Amount":"","Nathan Win/Lose/Push":"","Nathan":"","Evan Bet Amount":"","Evan Win/Lose/Push":"","Evan":"","Brandon Bet Amount":"","Brandon Win/Lose/Push":"","Brandon":"","Total Team Bet":"$65.00","Legends Bet":null,"Leaders Bet":null,"To Win":null,"Payout":null,"TOTALS":null,"Mitch Totals":null,"Phil Totals":null,"Bryce Totals":null,"Cory Totals":null,"JB Totals":null,"Ethan Totals":null,"Jaime Totals":null,"Nate Totals":null,"Evan Totals":null,"Brandon Totals":null},{"Week":"14","Date":"11/24/23","Mitch Bet Amount":"$5","Mitch Win/Lose/Push":"Win","Mitch":"Kansas -7 ","Phil Bet Amount":"$5","Phil Win/Lose/Push":"Loss","Phil":"Kentucky Louisville Under","Bryce Bet Amount":"$5","Bryce Win/Lose/Push":"Loss","Bryce":"Vikes ","Cory Bet Amount":"$5","Cory Win/Lose/Push":"Win","Cory":"Isu/ksu over ","JB Bet Amount":"$5","JB Win/Lose/Push":"Loss","JB":"Alabama ","Ethan Bet Amount":"$15","Ethan Win/Lose/Push":"Loss","Ethan":"Mich osu under  ","Jaime Bet Amount":"","Jaime Win/Lose/Push":"","Jaime":"","Nathan Bet Amount":"","Nathan Win/Lose/Push":"","Nathan":"","Evan Bet Amount":"","Evan Win/Lose/Push":"","Evan":"","Brandon Bet Amount":"","Brandon Win/Lose/Push":"","Brandon":"","Total Team Bet":"$40.00","Legends Bet":null,"Leaders Bet":null,"To Win":null,"Payout":null,"TOTALS":null,"Mitch Totals":null,"Phil Totals":null,"Bryce Totals":null,"Cory Totals":null,"JB Totals":null,"Ethan Totals":null,"Jaime Totals":null,"Nate Totals":null,"Evan Totals":null,"Brandon Totals":null},{"Week":"15","Date":"12/1/23","Mitch Bet Amount":"$5","Mitch Win/Lose/Push":"Loss","Mitch":"Georgia ","Phil Bet Amount":"$10","Phil Win/Lose/Push":"Win","Phil":"Iowa/Michigan Under","Bryce Bet Amount":"$10","Bryce Win/Lose/Push":"Win","Bryce":"3 Chances - Sheffler/Morikowa/Fitzpatrick ","Cory Bet Amount":"$5","Cory Win/Lose/Push":"Win","Cory":"Lions","JB Bet Amount":"$10","JB Win/Lose/Push":"Loss","JB":"Steelers","Ethan Bet Amount":"$20","Ethan Win/Lose/Push":"Win","Ethan":"Tail Phil","Jaime Bet Amount":"","Jaime Win/Lose/Push":"","Jaime":"","Nathan Bet Amount":"","Nathan Win/Lose/Push":"","Nathan":"","Evan Bet Amount":"","Evan Win/Lose/Push":"","Evan":"","Brandon Bet Amount":"","Brandon Win/Lose/Push":"","Brandon":"","Total Team Bet":"$60.00","Legends Bet":null,"Leaders Bet":null,"To Win":null,"Payout":null,"TOTALS":null,"Mitch Totals":null,"Phil Totals":null,"Bryce Totals":null,"Cory Totals":null,"JB Totals":null,"Ethan Totals":null,"Jaime Totals":null,"Nate Totals":null,"Evan Totals":null,"Brandon Totals":null},{"Week":"16","Date":"12/8/23","Mitch Bet Amount":"$10","Mitch Win/Lose/Push":"Win","Mitch":"gophers bball ","Phil Bet Amount":"$5","Phil Win/Lose/Push":"Push","Phil":"Army/Navy Under ","Bryce Bet Amount":"$5","Bryce Win/Lose/Push":"Loss","Bryce":"Cory ","Cory Bet Amount":"$5","Cory Win/Lose/Push":"Loss","Cory":"Texans Cover ","JB Bet Amount":"$15","JB Win/Lose/Push":"Win","JB":"Arizona bball ","Ethan Bet Amount":"$5","Ethan Win/Lose/Push":"Win","Ethan":"Tail Mitch  ","Jaime Bet Amount":"","Jaime Win/Lose/Push":"","Jaime":"","Nathan Bet Amount":"","Nathan Win/Lose/Push":"","Nathan":"","Evan Bet Amount":"","Evan Win/Lose/Push":"","Evan":"","Brandon Bet Amount":"","Brandon Win/Lose/Push":"","Brandon":"","Total Team Bet":"$45.00","Legends Bet":null,"Leaders Bet":null,"To Win":null,"Payout":null,"TOTALS":null,"Mitch Totals":null,"Phil Totals":null,"Bryce Totals":null,"Cory Totals":null,"JB Totals":null,"Ethan Totals":null,"Jaime Totals":null,"Nate Totals":null,"Evan Totals":null,"Brandon Totals":null},{"Week":"17","Date":"12/15/23","Mitch Bet Amount":"$5","Mitch Win/Lose/Push":"Loss","Mitch":"Kansas bball  ","Phil Bet Amount":"$5","Phil Win/Lose/Push":"Loss","Phil":"UCLA/boise under ","Bryce Bet Amount":"$10","Bryce Win/Lose/Push":"Loss","Bryce":"2 chances, team woods / team Thomas ","Cory Bet Amount":"$10","Cory Win/Lose/Push":"Win","Cory":"San Fran cover ","JB Bet Amount":"$5","JB Win/Lose/Push":"Loss","JB":"Myrtle Beach Bowl Under ","Ethan Bet Amount":"$5","Ethan Win/Lose/Push":"Win","Ethan":"Twolves Under ","Jaime Bet Amount":"","Jaime Win/Lose/Push":"","Jaime":"","Nathan Bet Amount":"","Nathan Win/Lose/Push":"","Nathan":"","Evan Bet Amount":"","Evan Win/Lose/Push":"","Evan":"","Brandon Bet Amount":"","Brandon Win/Lose/Push":"","Brandon":"","Total Team Bet":"$40.00","Legends Bet":null,"Leaders Bet":null,"To Win":null,"Payout":null,"TOTALS":null,"Mitch Totals":null,"Phil Totals":null,"Bryce Totals":null,"Cory Totals":null,"JB Totals":null,"Ethan Totals":null,"Jaime Totals":null,"Nate Totals":null,"Evan Totals":null,"Brandon Totals":null},{"Week":"18","Date":"12/22/23","Mitch Bet Amount":"$10","Mitch Win/Lose/Push":"Loss","Mitch":"Troy ","Phil Bet Amount":"$10","Phil Win/Lose/Push":"Loss","Phil":"Minnesota/bowling green under ","Bryce Bet Amount":"$15","Bryce Win/Lose/Push":"Loss","Bryce":"Utah  ","Cory Bet Amount":"$5","Cory Win/Lose/Push":"Loss","Cory":"James Madison ","JB Bet Amount":"$10","JB Win/Lose/Push":"Loss","JB":"Nu/UTAH over ","Ethan Bet Amount":"$5","Ethan Win/Lose/Push":"Win","Ethan":"Lions -3 ","Jaime Bet Amount":"","Jaime Win/Lose/Push":"","Jaime":"","Nathan Bet Amount":"","Nathan Win/Lose/Push":"","Nathan":"","Evan Bet Amount":"","Evan Win/Lose/Push":"","Evan":"","Brandon Bet Amount":"","Brandon Win/Lose/Push":"","Brandon":"","Total Team Bet":"$55.00","Legends Bet":null,"Leaders Bet":null,"To Win":null,"Payout":null,"TOTALS":null,"Mitch Totals":null,"Phil Totals":null,"Bryce Totals":null,"Cory Totals":null,"JB Totals":null,"Ethan Totals":null,"Jaime Totals":null,"Nate Totals":null,"Evan Totals":null,"Brandon Totals":null},{"Week":"19","Date":"12/29/23","Mitch Bet Amount":"$15","Mitch Win/Lose/Push":"Loss","Mitch":"FIU bball","Phil Bet Amount":"$15","Phil Win/Lose/Push":"Win","Phil":"Ole Miss/Penn State Over","Bryce Bet Amount":"$20","Bryce Win/Lose/Push":"Win","Bryce":"when Phil overs you don't think twice","Cory Bet Amount":"$10","Cory Win/Lose/Push":"Loss","Cory":"Bucs over ","JB Bet Amount":"$15","JB Win/Lose/Push":"Loss","JB":"georgia under","Ethan Bet Amount":"$5","Ethan Win/Lose/Push":"Loss","Ethan":"Lakers/Wolves Over 225","Jaime Bet Amount":"","Jaime Win/Lose/Push":"","Jaime":"","Nathan Bet Amount":"","Nathan Win/Lose/Push":"","Nathan":"","Evan Bet Amount":"","Evan Win/Lose/Push":"","Evan":"","Brandon Bet Amount":"","Brandon Win/Lose/Push":"","Brandon":"","Total Team Bet":"$80.00","Legends Bet":null,"Leaders Bet":null,"To Win":null,"Payout":null,"TOTALS":null,"Mitch Totals":null,"Phil Totals":null,"Bryce Totals":null,"Cory Totals":null,"JB Totals":null,"Ethan Totals":null,"Jaime Totals":null,"Nate Totals":null,"Evan Totals":null,"Brandon Totals":null},{"Week":"20","Date":"1/5/24","Mitch Bet Amount":"$20","Mitch Win/Lose/Push":"Loss","Mitch":"Tail Ethan ","Phil Bet Amount":"$5","Phil Win/Lose/Push":"Loss","Phil":"Baltimore ravens +3","Bryce Bet Amount":"$5","Bryce Win/Lose/Push":"Loss","Bryce":"Washington +4.5","Cory Bet Amount":"$15","Cory Win/Lose/Push":"Loss","Cory":"Wild under","JB Bet Amount":"$20","JB Win/Lose/Push":"Loss","JB":"phil","Ethan Bet Amount":"$10","Ethan Win/Lose/Push":"Loss","Ethan":"Bucks -5 @ rockets","Jaime Bet Amount":"","Jaime Win/Lose/Push":"","Jaime":"","Nathan Bet Amount":"","Nathan Win/Lose/Push":"","Nathan":"","Evan Bet Amount":"","Evan Win/Lose/Push":"","Evan":"","Brandon Bet Amount":"","Brandon Win/Lose/Push":"","Brandon":"","Total Team Bet":"$75.00","Legends Bet":null,"Leaders Bet":null,"To Win":null,"Payout":null,"TOTALS":null,"Mitch Totals":null,"Phil Totals":null,"Bryce Totals":null,"Cory Totals":null,"JB Totals":null,"Ethan Totals":null,"Jaime Totals":null,"Nate Totals":null,"Evan Totals":null,"Brandon Totals":null},{"Week":"21","Date":"1/12/24","Mitch Bet Amount":"$25","Mitch Win/Lose/Push":"Push","Mitch":"phil ","Phil Bet Amount":"$10","Phil Win/Lose/Push":"Push","Phil":"Pittsburgh/Buffalo under 33 ","Bryce Bet Amount":"$10","Bryce Win/Lose/Push":"Win","Bryce":"Rams +3 ","Cory Bet Amount":"$20","Cory Win/Lose/Push":"Push","Cory":"Phil ","JB Bet Amount":"$25","JB Win/Lose/Push":"Push","JB":"phil ","Ethan Bet Amount":"$15","Ethan Win/Lose/Push":"Loss","Ethan":"Dolphins +4.5 ","Jaime Bet Amount":"","Jaime Win/Lose/Push":"","Jaime":"","Nathan Bet Amount":"","Nathan Win/Lose/Push":"","Nathan":"","Evan Bet Amount":"","Evan Win/Lose/Push":"","Evan":"","Brandon Bet Amount":"","Brandon Win/Lose/Push":"","Brandon":"","Total Team Bet":"$105.00","Legends Bet":null,"Leaders Bet":null,"To Win":null,"Payout":null,"TOTALS":null,"Mitch Totals":null,"Phil Totals":null,"Bryce Totals":null,"Cory Totals":null,"JB Totals":null,"Ethan Totals":null,"Jaime Totals":null,"Nate Totals":null,"Evan Totals":null,"Brandon Totals":null},{"Week":"22","Date":"1/19/24","Mitch Bet Amount":"$25","Mitch Win/Lose/Push":"Win","Mitch":"Bryce ","Phil Bet Amount":"$10","Phil Win/Lose/Push":"Push","Phil":"Baltimore/Houston Under ","Bryce Bet Amount":"$5","Bryce Win/Lose/Push":"Win","Bryce":"Tampa / Detroit Over ","Cory Bet Amount":"$20","Cory Win/Lose/Push":"Win","Cory":"Bryce ","JB Bet Amount":"$20","JB Win/Lose/Push":"Push","JB":"Phil ","Ethan Bet Amount":"$20","Ethan Win/Lose/Push":"Win","Ethan":"Bryce ","Jaime Bet Amount":"","Jaime Win/Lose/Push":"","Jaime":"","Nathan Bet Amount":"","Nathan Win/Lose/Push":"","Nathan":"","Evan Bet Amount":"","Evan Win/Lose/Push":"","Evan":"","Brandon Bet Amount":"","Brandon Win/Lose/Push":"","Brandon":"","Total Team Bet":"$100.00","Legends Bet":"","Leaders Bet":"","To Win":"256.92","Payout":"$186.00","TOTALS":null,"Mitch Totals":null,"Phil Totals":null,"Bryce Totals":null,"Cory Totals":null,"JB Totals":null,"Ethan Totals":null,"Jaime Totals":null,"Nate Totals":null,"Evan Totals":null,"Brandon Totals":null},{"Week":"23","Date":"1/26/24","Mitch Bet Amount":"$5","Mitch Win/Lose/Push":"Win","Mitch":"Arizona -3.5 ","Phil Bet Amount":"$10","Phil Win/Lose/Push":"Loss","Phil":"Georgia/Florida Under ","Bryce Bet Amount":"$5","Bryce Win/Lose/Push":"Loss","Bryce":"KC / Baltimore Over ","Cory Bet Amount":"$5","Cory Win/Lose/Push":"Loss","Cory":"Det/sf under ","JB Bet Amount":"$20","JB Win/Lose/Push":"Loss","JB":"4th times a charm (Phil) ","Ethan Bet Amount":"$5","Ethan Win/Lose/Push":"Win","Ethan":"Sac kings +1.5 ","Jaime Bet Amount":"","Jaime Win/Lose/Push":"","Jaime":"","Nathan Bet Amount":"","Nathan Win/Lose/Push":"","Nathan":"","Evan Bet Amount":"","Evan Win/Lose/Push":"","Evan":"","Brandon Bet Amount":"","Brandon Win/Lose/Push":"","Brandon":"","Total Team Bet":"$50.00","Legends Bet":null,"Leaders Bet":null,"To Win":null,"Payout":null,"TOTALS":null,"Mitch Totals":null,"Phil Totals":null,"Bryce Totals":null,"Cory Totals":null,"JB Totals":null,"Ethan Totals":null,"Jaime Totals":null,"Nate Totals":null,"Evan Totals":null,"Brandon Totals":null},{"Week":"24","Date":"2/2/24","Mitch Bet Amount":"$5","Mitch Win/Lose/Push":"Loss","Mitch":"Oklahoma -1.5 ","Phil Bet Amount":"$15","Phil Win/Lose/Push":"Loss","Phil":"Houston -1 ","Bryce Bet Amount":"$10","Bryce Win/Lose/Push":"Loss","Bryce":"Gophers Hockey ","Cory Bet Amount":"$10","Cory Win/Lose/Push":"Loss","Cory":"Tail Ethan  ","JB Bet Amount":"$25","JB Win/Lose/Push":"Loss","JB":"a tale of ethan ","Ethan Bet Amount":"$5","Ethan Win/Lose/Push":"Loss","Ethan":"Northwestern +.5 ","Jaime Bet Amount":"","Jaime Win/Lose/Push":"","Jaime":"","Nathan Bet Amount":"","Nathan Win/Lose/Push":"","Nathan":"","Evan Bet Amount":"","Evan Win/Lose/Push":"","Evan":"","Brandon Bet Amount":"","Brandon Win/Lose/Push":"","Brandon":"","Total Team Bet":"$70.00","Legends Bet":null,"Leaders Bet":null,"To Win":null,"Payout":null,"TOTALS":null,"Mitch Totals":null,"Phil Totals":null,"Bryce Totals":null,"Cory Totals":null,"JB Totals":null,"Ethan Totals":null,"Jaime Totals":null,"Nate Totals":null,"Evan Totals":null,"Brandon Totals":null},{"Week":"25","Date":"2/9/24","Mitch Bet Amount":"$10","Mitch Win/Lose/Push":"Loss","Mitch":"Kentucky -4","Phil Bet Amount":"$20","Phil Win/Lose/Push":"Loss","Phil":"Tail Mitch","Bryce Bet Amount":"$15","Bryce Win/Lose/Push":"Win","Bryce":"Tail Cory","Cory Bet Amount":"$15","Cory Win/Lose/Push":"Win","Cory":"KC ML","JB Bet Amount":"$30","JB Win/Lose/Push":"Loss","JB":"Coach Rigdon","Ethan Bet Amount":"$10","Ethan Win/Lose/Push":"Loss","Ethan":"Butler","Jaime Bet Amount":"","Jaime Win/Lose/Push":"","Jaime":"","Nathan Bet Amount":"","Nathan Win/Lose/Push":"","Nathan":"","Evan Bet Amount":"","Evan Win/Lose/Push":"","Evan":"","Brandon Bet Amount":"","Brandon Win/Lose/Push":"","Brandon":"","Total Team Bet":"$100.00","Legends Bet":null,"Leaders Bet":null,"To Win":null,"Payout":null,"TOTALS":null,"Mitch Totals":null,"Phil Totals":null,"Bryce Totals":null,"Cory Totals":null,"JB Totals":null,"Ethan Totals":null,"Jaime Totals":null,"Nate Totals":null,"Evan Totals":null,"Brandon Totals":null},{"Week":"26","Date":"2/16/24","Mitch Bet Amount":"$15","Mitch Win/Lose/Push":"Win","Mitch":"Duke  ","Phil Bet Amount":"$25","Phil Win/Lose/Push":"Win","Phil":"Ethan ","Bryce Bet Amount":"$5","Bryce Win/Lose/Push":"Win","Bryce":"Genesis - Match ups (Cam Young over Tom Kim)  ","Cory Bet Amount":"$5","Cory Win/Lose/Push":"Loss","Cory":"South Carolina  ","JB Bet Amount":"$35","JB Win/Lose/Push":"Loss","JB":"suburban husband, flowing blond hair ","Ethan Bet Amount":"$15","Ethan Win/Lose/Push":"Win","Ethan":"UConn ","Jaime Bet Amount":"","Jaime Win/Lose/Push":"","Jaime":"","Nathan Bet Amount":"","Nathan Win/Lose/Push":"","Nathan":"","Evan Bet Amount":"","Evan Win/Lose/Push":"","Evan":"","Brandon Bet Amount":"","Brandon Win/Lose/Push":"","Brandon":"","Total Team Bet":"$100.00","Legends Bet":null,"Leaders Bet":null,"To Win":null,"Payout":null,"TOTALS":null,"Mitch Totals":null,"Phil Totals":null,"Bryce Totals":null,"Cory Totals":null,"JB Totals":null,"Ethan Totals":null,"Jaime Totals":null,"Nate Totals":null,"Evan Totals":null,"Brandon Totals":null},{"Week":"27","Date":"2/23/24","Mitch Bet Amount":"$5","Mitch Win/Lose/Push":"Win","Mitch":"TCU ","Phil Bet Amount":"$5","Phil Win/Lose/Push":"Loss","Phil":"Missouri / Arkansas Under 145.5 ","Bryce Bet Amount":"$5","Bryce Win/Lose/Push":"Loss","Bryce":"Utah  ","Cory Bet Amount":"$10","Cory Win/Lose/Push":"Loss","Cory":"Kraken ","JB Bet Amount":"$40","JB Win/Lose/Push":"Win","JB":"mitch ","Ethan Bet Amount":"$5","Ethan Win/Lose/Push":"Win","Ethan":"Arkansas -5 ","Jaime Bet Amount":"","Jaime Win/Lose/Push":"","Jaime":"","Nathan Bet Amount":"","Nathan Win/Lose/Push":"","Nathan":"","Evan Bet Amount":"","Evan Win/Lose/Push":"","Evan":"","Brandon Bet Amount":"","Brandon Win/Lose/Push":"","Brandon":"","Total Team Bet":"$70.00","Legends Bet":null,"Leaders Bet":null,"To Win":null,"Payout":null,"TOTALS":null,"Mitch Totals":null,"Phil Totals":null,"Bryce Totals":null,"Cory Totals":null,"JB Totals":null,"Ethan Totals":null,"Jaime Totals":null,"Nate Totals":null,"Evan Totals":null,"Brandon Totals":null},{"Week":"28","Date":"3/1/24","Mitch Bet Amount":"$5","Mitch Win/Lose/Push":"Win","Mitch":"wazzu -6","Phil Bet Amount":"$10","Phil Win/Lose/Push":"Win","Phil":"Mitch","Bryce Bet Amount":"$10","Bryce Win/Lose/Push":"Win","Bryce":"3rd round match up - j. knapp","Cory Bet Amount":"$15","Cory Win/Lose/Push":"Loss","Cory":"Minn -6.5","JB Bet Amount":"$5","JB Win/Lose/Push":"Loss","JB":"ethan","Ethan Bet Amount":"$5","Ethan Win/Lose/Push":"Loss","Ethan":"Northwestern -3.5","Jaime Bet Amount":null,"Jaime Win/Lose/Push":null,"Jaime":null,"Nathan Bet Amount":null,"Nathan Win/Lose/Push":null,"Nathan":null,"Evan Bet Amount":null,"Evan Win/Lose/Push":null,"Evan":null,"Brandon Bet Amount":null,"Brandon Win/Lose/Push":null,"Brandon":null,"Total Team Bet":null,"Legends Bet":null,"Leaders Bet":null,"To Win":null,"Payout":null,"TOTALS":null,"Mitch Totals":null,"Phil Totals":null,"Bryce Totals":null,"Cory Totals":null,"JB Totals":null,"Ethan Totals":null,"Jaime Totals":null,"Nate Totals":null,"Evan Totals":null,"Brandon Totals":null},{"Week":"29","Date":"3/8/24","Mitch Bet Amount":"$5","Mitch Win/Lose/Push":"Win","Mitch":"Marquette","Phil Bet Amount":"$5","Phil Win/Lose/Push":"Win","Phil":"Western Kentucky +5.5","Bryce Bet Amount":"$5","Bryce Win/Lose/Push":"Win","Bryce":"Arnold Palmer Top 20 Finish - Nick Taylor  ","Cory Bet Amount":"$20","Cory Win/Lose/Push":"Win","Cory":"Ethan","JB Bet Amount":"$10","JB Win/Lose/Push":"Win","JB":"mitch","Ethan Bet Amount":"$10","Ethan Win/Lose/Push":"Win","Ethan":"Creighton -1","Jaime Bet Amount":"","Jaime Win/Lose/Push":"","Jaime":"","Nathan Bet Amount":"","Nathan Win/Lose/Push":"","Nathan":"","Evan Bet Amount":"","Evan Win/Lose/Push":"","Evan":"","Brandon Bet Amount":"","Brandon Win/Lose/Push":"","Brandon":"","Total Team Bet":"","Legends Bet":"","Leaders Bet":"","To Win":"319.76","Payout":"$319.76","TOTALS":null,"Mitch Totals":null,"Phil Totals":null,"Bryce Totals":null,"Cory Totals":null,"JB Totals":null,"Ethan Totals":null,"Jaime Totals":null,"Nate Totals":null,"Evan Totals":null,"Brandon Totals":null},{"Week":"30","Date":"3/15/24","Mitch Bet Amount":"$5","Mitch Win/Lose/Push":"Loss","Mitch":"Auburn -7.5","Phil Bet Amount":"$5","Phil Win/Lose/Push":"Loss","Phil":"UTEP +3.5","Bryce Bet Amount":"$5","Bryce Win/Lose/Push":"Loss","Bryce":"Tail Cory","Cory Bet Amount":"$5","Cory Win/Lose/Push":"Loss","Cory":"English over theegala ","JB Bet Amount":"$5","JB Win/Lose/Push":"Loss","JB":"mitch","Ethan Bet Amount":"$5","Ethan Win/Lose/Push":"Win","Ethan":"Wisconsin +6","Jaime Bet Amount":null,"Jaime Win/Lose/Push":null,"Jaime":null,"Nathan Bet Amount":null,"Nathan Win/Lose/Push":null,"Nathan":null,"Evan Bet Amount":null,"Evan Win/Lose/Push":null,"Evan":null,"Brandon Bet Amount":null,"Brandon Win/Lose/Push":null,"Brandon":null,"Total Team Bet":null,"Legends Bet":null,"Leaders Bet":null,"To Win":null,"Payout":null,"TOTALS":null,"Mitch Totals":null,"Phil Totals":null,"Bryce Totals":null,"Cory Totals":null,"JB Totals":null,"Ethan Totals":null,"Jaime Totals":null,"Nate Totals":null,"Evan Totals":null,"Brandon Totals":null},{"Week":"31","Date":"3/22/24","Mitch Bet Amount":"$10","Mitch Win/Lose/Push":"Win","Mitch":"UNC -4  ","Phil Bet Amount":"$10","Phil Win/Lose/Push":"Win","Phil":"Texas/Tennessee under  ","Bryce Bet Amount":"$10","Bryce Win/Lose/Push":"Loss","Bryce":"cam young over wallace  ","Cory Bet Amount":"$10","Cory Win/Lose/Push":"Win","Cory":"Hugh's over Todd   ","JB Bet Amount":"$10","JB Win/Lose/Push":"Win","JB":"Vegas knights under  ","Ethan Bet Amount":"$5","Ethan Win/Lose/Push":"Win","Ethan":"Iowa St -6.5  ","Jaime Bet Amount":"","Jaime Win/Lose/Push":"","Jaime":"","Nathan Bet Amount":"","Nathan Win/Lose/Push":"","Nathan":"","Evan Bet Amount":"","Evan Win/Lose/Push":"","Evan":"","Brandon Bet Amount":"","Brandon Win/Lose/Push":"","Brandon":"","Total Team Bet":"","Legends Bet":"","Leaders Bet":"","To Win":"1505.6","Payout":"$1,505.60","TOTALS":null,"Mitch Totals":null,"Phil Totals":null,"Bryce Totals":null,"Cory Totals":null,"JB Totals":null,"Ethan Totals":null,"Jaime Totals":null,"Nate Totals":null,"Evan Totals":null,"Brandon Totals":null},{"Week":"32","Date":"03/29/2024","Mitch Bet Amount":"$5","Mitch Win/Lose/Push":"","Mitch":"","Phil Bet Amount":"$5","Phil Win/Lose/Push":"","Phil":"","Bryce Bet Amount":"$15","Bryce Win/Lose/Push":"","Bryce":"","Cory Bet Amount":"$5","Cory Win/Lose/Push":"","Cory":"","JB Bet Amount":"$5","JB Win/Lose/Push":"","JB":"","Ethan Bet Amount":"$5","Ethan Win/Lose/Push":null,"Ethan":null,"Jaime Bet Amount":null,"Jaime Win/Lose/Push":null,"Jaime":null,"Nathan Bet Amount":null,"Nathan Win/Lose/Push":null,"Nathan":null,"Evan Bet Amount":null,"Evan Win/Lose/Push":null,"Evan":null,"Brandon Bet Amount":null,"Brandon Win/Lose/Push":null,"Brandon":null,"Total Team Bet":null,"Legends Bet":null,"Leaders Bet":null,"To Win":null,"Payout":null,"TOTALS":null,"Mitch Totals":null,"Phil Totals":null,"Bryce Totals":null,"Cory Totals":null,"JB Totals":null,"Ethan Totals":null,"Jaime Totals":null,"Nate Totals":null,"Evan Totals":null,"Brandon Totals":null},{"Week":"33","Date":"04/05/2024","Mitch Bet Amount":null,"Mitch Win/Lose/Push":null,"Mitch":null,"Phil Bet Amount":null,"Phil Win/Lose/Push":null,"Phil":null,"Bryce Bet Amount":null,"Bryce Win/Lose/Push":null,"Bryce":null,"Cory Bet Amount":null,"Cory Win/Lose/Push":null,"Cory":null,"JB Bet Amount":null,"JB Win/Lose/Push":null,"JB":null,"Ethan Bet Amount":null,"Ethan Win/Lose/Push":null,"Ethan":null,"Jaime Bet Amount":null,"Jaime Win/Lose/Push":null,"Jaime":null,"Nathan Bet Amount":null,"Nathan Win/Lose/Push":null,"Nathan":null,"Evan Bet Amount":null,"Evan Win/Lose/Push":null,"Evan":null,"Brandon Bet Amount":null,"Brandon Win/Lose/Push":null,"Brandon":null,"Total Team Bet":null,"Legends Bet":null,"Leaders Bet":null,"To Win":null,"Payout":null,"TOTALS":null,"Mitch Totals":null,"Phil Totals":null,"Bryce Totals":null,"Cory Totals":null,"JB Totals":null,"Ethan Totals":null,"Jaime Totals":null,"Nate Totals":null,"Evan Totals":null,"Brandon Totals":null},{"Week":"34","Date":"04/12/2024","Mitch Bet Amount":null,"Mitch Win/Lose/Push":null,"Mitch":null,"Phil Bet Amount":null,"Phil Win/Lose/Push":null,"Phil":null,"Bryce Bet Amount":null,"Bryce Win/Lose/Push":null,"Bryce":null,"Cory Bet Amount":null,"Cory Win/Lose/Push":null,"Cory":null,"JB Bet Amount":null,"JB Win/Lose/Push":null,"JB":null,"Ethan Bet Amount":null,"Ethan Win/Lose/Push":null,"Ethan":null,"Jaime Bet Amount":null,"Jaime Win/Lose/Push":null,"Jaime":null,"Nathan Bet Amount":null,"Nathan Win/Lose/Push":null,"Nathan":null,"Evan Bet Amount":null,"Evan Win/Lose/Push":null,"Evan":null,"Brandon Bet Amount":null,"Brandon Win/Lose/Push":null,"Brandon":null,"Total Team Bet":null,"Legends Bet":null,"Leaders Bet":null,"To Win":null,"Payout":null,"TOTALS":null,"Mitch Totals":null,"Phil Totals":null,"Bryce Totals":null,"Cory Totals":null,"JB Totals":null,"Ethan Totals":null,"Jaime Totals":null,"Nate Totals":null,"Evan Totals":null,"Brandon Totals":null},{"Week":"35","Date":"04/19/2024","Mitch Bet Amount":null,"Mitch Win/Lose/Push":null,"Mitch":null,"Phil Bet Amount":null,"Phil Win/Lose/Push":null,"Phil":null,"Bryce Bet Amount":null,"Bryce Win/Lose/Push":null,"Bryce":null,"Cory Bet Amount":null,"Cory Win/Lose/Push":null,"Cory":null,"JB Bet Amount":null,"JB Win/Lose/Push":null,"JB":null,"Ethan Bet Amount":null,"Ethan Win/Lose/Push":null,"Ethan":null,"Jaime Bet Amount":null,"Jaime Win/Lose/Push":null,"Jaime":null,"Nathan Bet Amount":null,"Nathan Win/Lose/Push":null,"Nathan":null,"Evan Bet Amount":null,"Evan Win/Lose/Push":null,"Evan":null,"Brandon Bet Amount":null,"Brandon Win/Lose/Push":null,"Brandon":null,"Total Team Bet":null,"Legends Bet":null,"Leaders Bet":null,"To Win":null,"Payout":null,"TOTALS":null,"Mitch Totals":null,"Phil Totals":null,"Bryce Totals":null,"Cory Totals":null,"JB Totals":null,"Ethan Totals":null,"Jaime Totals":null,"Nate Totals":null,"Evan Totals":null,"Brandon Totals":null},{"Week":"36","Date":"04/26/2024","Mitch Bet Amount":null,"Mitch Win/Lose/Push":null,"Mitch":null,"Phil Bet Amount":null,"Phil Win/Lose/Push":null,"Phil":null,"Bryce Bet Amount":null,"Bryce Win/Lose/Push":null,"Bryce":null,"Cory Bet Amount":null,"Cory Win/Lose/Push":null,"Cory":null,"JB Bet Amount":null,"JB Win/Lose/Push":null,"JB":null,"Ethan Bet Amount":null,"Ethan Win/Lose/Push":null,"Ethan":null,"Jaime Bet Amount":null,"Jaime Win/Lose/Push":null,"Jaime":null,"Nathan Bet Amount":null,"Nathan Win/Lose/Push":null,"Nathan":null,"Evan Bet Amount":null,"Evan Win/Lose/Push":null,"Evan":null,"Brandon Bet Amount":null,"Brandon Win/Lose/Push":null,"Brandon":null,"Total Team Bet":null,"Legends Bet":null,"Leaders Bet":null,"To Win":null,"Payout":null,"TOTALS":null,"Mitch Totals":null,"Phil Totals":null,"Bryce Totals":null,"Cory Totals":null,"JB Totals":null,"Ethan Totals":null,"Jaime Totals":null,"Nate Totals":null,"Evan Totals":null,"Brandon Totals":null},{"Week":"37","Date":"05/03/2024","Mitch Bet Amount":null,"Mitch Win/Lose/Push":null,"Mitch":null,"Phil Bet Amount":null,"Phil Win/Lose/Push":null,"Phil":null,"Bryce Bet Amount":null,"Bryce Win/Lose/Push":null,"Bryce":null,"Cory Bet Amount":null,"Cory Win/Lose/Push":null,"Cory":null,"JB Bet Amount":null,"JB Win/Lose/Push":null,"JB":null,"Ethan Bet Amount":null,"Ethan Win/Lose/Push":null,"Ethan":null,"Jaime Bet Amount":null,"Jaime Win/Lose/Push":null,"Jaime":null,"Nathan Bet Amount":null,"Nathan Win/Lose/Push":null,"Nathan":null,"Evan Bet Amount":null,"Evan Win/Lose/Push":null,"Evan":null,"Brandon Bet Amount":null,"Brandon Win/Lose/Push":null,"Brandon":null,"Total Team Bet":null,"Legends Bet":null,"Leaders Bet":null,"To Win":null,"Payout":null,"TOTALS":null,"Mitch Totals":null,"Phil Totals":null,"Bryce Totals":null,"Cory Totals":null,"JB Totals":null,"Ethan Totals":null,"Jaime Totals":null,"Nate Totals":null,"Evan Totals":null,"Brandon Totals":null},{"Week":"38","Date":"05/10/2024","Mitch Bet Amount":null,"Mitch Win/Lose/Push":null,"Mitch":null,"Phil Bet Amount":null,"Phil Win/Lose/Push":null,"Phil":null,"Bryce Bet Amount":null,"Bryce Win/Lose/Push":null,"Bryce":null,"Cory Bet Amount":null,"Cory Win/Lose/Push":null,"Cory":null,"JB Bet Amount":null,"JB Win/Lose/Push":null,"JB":null,"Ethan Bet Amount":null,"Ethan Win/Lose/Push":null,"Ethan":null,"Jaime Bet Amount":null,"Jaime Win/Lose/Push":null,"Jaime":null,"Nathan Bet Amount":null,"Nathan Win/Lose/Push":null,"Nathan":null,"Evan Bet Amount":null,"Evan Win/Lose/Push":null,"Evan":null,"Brandon Bet Amount":null,"Brandon Win/Lose/Push":null,"Brandon":null,"Total Team Bet":null,"Legends Bet":null,"Leaders Bet":null,"To Win":null,"Payout":null,"TOTALS":null,"Mitch Totals":null,"Phil Totals":null,"Bryce Totals":null,"Cory Totals":null,"JB Totals":null,"Ethan Totals":null,"Jaime Totals":null,"Nate Totals":null,"Evan Totals":null,"Brandon Totals":null},{"Week":"39","Date":"05/17/2024","Mitch Bet Amount":null,"Mitch Win/Lose/Push":null,"Mitch":null,"Phil Bet Amount":null,"Phil Win/Lose/Push":null,"Phil":null,"Bryce Bet Amount":null,"Bryce Win/Lose/Push":null,"Bryce":null,"Cory Bet Amount":null,"Cory Win/Lose/Push":null,"Cory":null,"JB Bet Amount":null,"JB Win/Lose/Push":null,"JB":null,"Ethan Bet Amount":null,"Ethan Win/Lose/Push":null,"Ethan":null,"Jaime Bet Amount":null,"Jaime Win/Lose/Push":null,"Jaime":null,"Nathan Bet Amount":null,"Nathan Win/Lose/Push":null,"Nathan":null,"Evan Bet Amount":null,"Evan Win/Lose/Push":null,"Evan":null,"Brandon Bet Amount":null,"Brandon Win/Lose/Push":null,"Brandon":null,"Total Team Bet":null,"Legends Bet":null,"Leaders Bet":null,"To Win":null,"Payout":null,"TOTALS":null,"Mitch Totals":null,"Phil Totals":null,"Bryce Totals":null,"Cory Totals":null,"JB Totals":null,"Ethan Totals":null,"Jaime Totals":null,"Nate Totals":null,"Evan Totals":null,"Brandon Totals":null},{"Week":"40","Date":"05/24/2024","Mitch Bet Amount":null,"Mitch Win/Lose/Push":null,"Mitch":null,"Phil Bet Amount":null,"Phil Win/Lose/Push":null,"Phil":null,"Bryce Bet Amount":null,"Bryce Win/Lose/Push":null,"Bryce":null,"Cory Bet Amount":null,"Cory Win/Lose/Push":null,"Cory":null,"JB Bet Amount":null,"JB Win/Lose/Push":null,"JB":null,"Ethan Bet Amount":null,"Ethan Win/Lose/Push":null,"Ethan":null,"Jaime Bet Amount":null,"Jaime Win/Lose/Push":null,"Jaime":null,"Nathan Bet Amount":null,"Nathan Win/Lose/Push":null,"Nathan":null,"Evan Bet Amount":null,"Evan Win/Lose/Push":null,"Evan":null,"Brandon Bet Amount":null,"Brandon Win/Lose/Push":null,"Brandon":null,"Total Team Bet":null,"Legends Bet":null,"Leaders Bet":null,"To Win":null,"Payout":null,"TOTALS":null,"Mitch Totals":null,"Phil Totals":null,"Bryce Totals":null,"Cory Totals":null,"JB Totals":null,"Ethan Totals":null,"Jaime Totals":null,"Nate Totals":null,"Evan Totals":null,"Brandon Totals":null},{"Week":"41","Date":"05/31/2024","Mitch Bet Amount":null,"Mitch Win/Lose/Push":null,"Mitch":null,"Phil Bet Amount":null,"Phil Win/Lose/Push":null,"Phil":null,"Bryce Bet Amount":null,"Bryce Win/Lose/Push":null,"Bryce":null,"Cory Bet Amount":null,"Cory Win/Lose/Push":null,"Cory":null,"JB Bet Amount":null,"JB Win/Lose/Push":null,"JB":null,"Ethan Bet Amount":null,"Ethan Win/Lose/Push":null,"Ethan":null,"Jaime Bet Amount":null,"Jaime Win/Lose/Push":null,"Jaime":null,"Nathan Bet Amount":null,"Nathan Win/Lose/Push":null,"Nathan":null,"Evan Bet Amount":null,"Evan Win/Lose/Push":null,"Evan":null,"Brandon Bet Amount":null,"Brandon Win/Lose/Push":null,"Brandon":null,"Total Team Bet":null,"Legends Bet":null,"Leaders Bet":null,"To Win":null,"Payout":null,"TOTALS":null,"Mitch Totals":null,"Phil Totals":null,"Bryce Totals":null,"Cory Totals":null,"JB Totals":null,"Ethan Totals":null,"Jaime Totals":null,"Nate Totals":null,"Evan Totals":null,"Brandon Totals":null},{"Week":"42","Date":"06/07/2024","Mitch Bet Amount":null,"Mitch Win/Lose/Push":null,"Mitch":null,"Phil Bet Amount":null,"Phil Win/Lose/Push":null,"Phil":null,"Bryce Bet Amount":null,"Bryce Win/Lose/Push":null,"Bryce":null,"Cory Bet Amount":null,"Cory Win/Lose/Push":null,"Cory":null,"JB Bet Amount":null,"JB Win/Lose/Push":null,"JB":null,"Ethan Bet Amount":null,"Ethan Win/Lose/Push":null,"Ethan":null,"Jaime Bet Amount":null,"Jaime Win/Lose/Push":null,"Jaime":null,"Nathan Bet Amount":null,"Nathan Win/Lose/Push":null,"Nathan":null,"Evan Bet Amount":null,"Evan Win/Lose/Push":null,"Evan":null,"Brandon Bet Amount":null,"Brandon Win/Lose/Push":null,"Brandon":null,"Total Team Bet":null,"Legends Bet":null,"Leaders Bet":null,"To Win":null,"Payout":null,"TOTALS":null,"Mitch Totals":null,"Phil Totals":null,"Bryce Totals":null,"Cory Totals":null,"JB Totals":null,"Ethan Totals":null,"Jaime Totals":null,"Nate Totals":null,"Evan Totals":null,"Brandon Totals":null},{"Week":"43","Date":"06/14/2024","Mitch Bet Amount":null,"Mitch Win/Lose/Push":null,"Mitch":null,"Phil Bet Amount":null,"Phil Win/Lose/Push":null,"Phil":null,"Bryce Bet Amount":null,"Bryce Win/Lose/Push":null,"Bryce":null,"Cory Bet Amount":null,"Cory Win/Lose/Push":null,"Cory":null,"JB Bet Amount":null,"JB Win/Lose/Push":null,"JB":null,"Ethan Bet Amount":null,"Ethan Win/Lose/Push":null,"Ethan":null,"Jaime Bet Amount":null,"Jaime Win/Lose/Push":null,"Jaime":null,"Nathan Bet Amount":null,"Nathan Win/Lose/Push":null,"Nathan":null,"Evan Bet Amount":null,"Evan Win/Lose/Push":null,"Evan":null,"Brandon Bet Amount":null,"Brandon Win/Lose/Push":null,"Brandon":null,"Total Team Bet":null,"Legends Bet":null,"Leaders Bet":null,"To Win":null,"Payout":null,"TOTALS":null,"Mitch Totals":null,"Phil Totals":null,"Bryce Totals":null,"Cory Totals":null,"JB Totals":null,"Ethan Totals":null,"Jaime Totals":null,"Nate Totals":null,"Evan Totals":null,"Brandon Totals":null},{"Week":"44","Date":"06/21/2024","Mitch Bet Amount":null,"Mitch Win/Lose/Push":null,"Mitch":null,"Phil Bet Amount":null,"Phil Win/Lose/Push":null,"Phil":null,"Bryce Bet Amount":null,"Bryce Win/Lose/Push":null,"Bryce":null,"Cory Bet Amount":null,"Cory Win/Lose/Push":null,"Cory":null,"JB Bet Amount":null,"JB Win/Lose/Push":null,"JB":null,"Ethan Bet Amount":null,"Ethan Win/Lose/Push":null,"Ethan":null,"Jaime Bet Amount":null,"Jaime Win/Lose/Push":null,"Jaime":null,"Nathan Bet Amount":null,"Nathan Win/Lose/Push":null,"Nathan":null,"Evan Bet Amount":null,"Evan Win/Lose/Push":null,"Evan":null,"Brandon Bet Amount":null,"Brandon Win/Lose/Push":null,"Brandon":null,"Total Team Bet":null,"Legends Bet":null,"Leaders Bet":null,"To Win":null,"Payout":null,"TOTALS":null,"Mitch Totals":null,"Phil Totals":null,"Bryce Totals":null,"Cory Totals":null,"JB Totals":null,"Ethan Totals":null,"Jaime Totals":null,"Nate Totals":null,"Evan Totals":null,"Brandon Totals":null},{"Week":"45","Date":"06/28/2024","Mitch Bet Amount":null,"Mitch Win/Lose/Push":null,"Mitch":null,"Phil Bet Amount":null,"Phil Win/Lose/Push":null,"Phil":null,"Bryce Bet Amount":null,"Bryce Win/Lose/Push":null,"Bryce":null,"Cory Bet Amount":null,"Cory Win/Lose/Push":null,"Cory":null,"JB Bet Amount":null,"JB Win/Lose/Push":null,"JB":null,"Ethan Bet Amount":null,"Ethan Win/Lose/Push":null,"Ethan":null,"Jaime Bet Amount":null,"Jaime Win/Lose/Push":null,"Jaime":null,"Nathan Bet Amount":null,"Nathan Win/Lose/Push":null,"Nathan":null,"Evan Bet Amount":null,"Evan Win/Lose/Push":null,"Evan":null,"Brandon Bet Amount":null,"Brandon Win/Lose/Push":null,"Brandon":null,"Total Team Bet":null,"Legends Bet":null,"Leaders Bet":null,"To Win":null,"Payout":null,"TOTALS":null,"Mitch Totals":null,"Phil Totals":null,"Bryce Totals":null,"Cory Totals":null,"JB Totals":null,"Ethan Totals":null,"Jaime Totals":null,"Nate Totals":null,"Evan Totals":null,"Brandon Totals":null},{"Week":"46","Date":"07/05/2024","Mitch Bet Amount":null,"Mitch Win/Lose/Push":null,"Mitch":null,"Phil Bet Amount":null,"Phil Win/Lose/Push":null,"Phil":null,"Bryce Bet Amount":null,"Bryce Win/Lose/Push":null,"Bryce":null,"Cory Bet Amount":null,"Cory Win/Lose/Push":null,"Cory":null,"JB Bet Amount":null,"JB Win/Lose/Push":null,"JB":null,"Ethan Bet Amount":null,"Ethan Win/Lose/Push":null,"Ethan":null,"Jaime Bet Amount":null,"Jaime Win/Lose/Push":null,"Jaime":null,"Nathan Bet Amount":null,"Nathan Win/Lose/Push":null,"Nathan":null,"Evan Bet Amount":null,"Evan Win/Lose/Push":null,"Evan":null,"Brandon Bet Amount":null,"Brandon Win/Lose/Push":null,"Brandon":null,"Total Team Bet":null,"Legends Bet":null,"Leaders Bet":null,"To Win":null,"Payout":null,"TOTALS":null,"Mitch Totals":null,"Phil Totals":null,"Bryce Totals":null,"Cory Totals":null,"JB Totals":null,"Ethan Totals":null,"Jaime Totals":null,"Nate Totals":null,"Evan Totals":null,"Brandon Totals":null},{"Week":"47","Date":"07/12/2024","Mitch Bet Amount":null,"Mitch Win/Lose/Push":null,"Mitch":null,"Phil Bet Amount":null,"Phil Win/Lose/Push":null,"Phil":null,"Bryce Bet Amount":null,"Bryce Win/Lose/Push":null,"Bryce":null,"Cory Bet Amount":null,"Cory Win/Lose/Push":null,"Cory":null,"JB Bet Amount":null,"JB Win/Lose/Push":null,"JB":null,"Ethan Bet Amount":null,"Ethan Win/Lose/Push":null,"Ethan":null,"Jaime Bet Amount":null,"Jaime Win/Lose/Push":null,"Jaime":null,"Nathan Bet Amount":null,"Nathan Win/Lose/Push":null,"Nathan":null,"Evan Bet Amount":null,"Evan Win/Lose/Push":null,"Evan":null,"Brandon Bet Amount":null,"Brandon Win/Lose/Push":null,"Brandon":null,"Total Team Bet":null,"Legends Bet":null,"Leaders Bet":null,"To Win":null,"Payout":null,"TOTALS":null,"Mitch Totals":null,"Phil Totals":null,"Bryce Totals":null,"Cory Totals":null,"JB Totals":null,"Ethan Totals":null,"Jaime Totals":null,"Nate Totals":null,"Evan Totals":null,"Brandon Totals":null},{"Week":"48","Date":"07/19/2024","Mitch Bet Amount":null,"Mitch Win/Lose/Push":null,"Mitch":null,"Phil Bet Amount":null,"Phil Win/Lose/Push":null,"Phil":null,"Bryce Bet Amount":null,"Bryce Win/Lose/Push":null,"Bryce":null,"Cory Bet Amount":null,"Cory Win/Lose/Push":null,"Cory":null,"JB Bet Amount":null,"JB Win/Lose/Push":null,"JB":null,"Ethan Bet Amount":null,"Ethan Win/Lose/Push":null,"Ethan":null,"Jaime Bet Amount":null,"Jaime Win/Lose/Push":null,"Jaime":null,"Nathan Bet Amount":null,"Nathan Win/Lose/Push":null,"Nathan":null,"Evan Bet Amount":null,"Evan Win/Lose/Push":null,"Evan":null,"Brandon Bet Amount":null,"Brandon Win/Lose/Push":null,"Brandon":null,"Total Team Bet":null,"Legends Bet":null,"Leaders Bet":null,"To Win":null,"Payout":null,"TOTALS":null,"Mitch Totals":null,"Phil Totals":null,"Bryce Totals":null,"Cory Totals":null,"JB Totals":null,"Ethan Totals":null,"Jaime Totals":null,"Nate Totals":null,"Evan Totals":null,"Brandon Totals":null},{"Week":"49","Date":"07/26/2024","Mitch Bet Amount":null,"Mitch Win/Lose/Push":null,"Mitch":null,"Phil Bet Amount":null,"Phil Win/Lose/Push":null,"Phil":null,"Bryce Bet Amount":null,"Bryce Win/Lose/Push":null,"Bryce":null,"Cory Bet Amount":null,"Cory Win/Lose/Push":null,"Cory":null,"JB Bet Amount":null,"JB Win/Lose/Push":null,"JB":null,"Ethan Bet Amount":null,"Ethan Win/Lose/Push":null,"Ethan":null,"Jaime Bet Amount":null,"Jaime Win/Lose/Push":null,"Jaime":null,"Nathan Bet Amount":null,"Nathan Win/Lose/Push":null,"Nathan":null,"Evan Bet Amount":null,"Evan Win/Lose/Push":null,"Evan":null,"Brandon Bet Amount":null,"Brandon Win/Lose/Push":null,"Brandon":null,"Total Team Bet":null,"Legends Bet":null,"Leaders Bet":null,"To Win":null,"Payout":null,"TOTALS":null,"Mitch Totals":null,"Phil Totals":null,"Bryce Totals":null,"Cory Totals":null,"JB Totals":null,"Ethan Totals":null,"Jaime Totals":null,"Nate Totals":null,"Evan Totals":null,"Brandon Totals":null},{"Week":"50","Date":"08/02/2024","Mitch Bet Amount":null,"Mitch Win/Lose/Push":null,"Mitch":null,"Phil Bet Amount":null,"Phil Win/Lose/Push":null,"Phil":null,"Bryce Bet Amount":null,"Bryce Win/Lose/Push":null,"Bryce":null,"Cory Bet Amount":null,"Cory Win/Lose/Push":null,"Cory":null,"JB Bet Amount":null,"JB Win/Lose/Push":null,"JB":null,"Ethan Bet Amount":null,"Ethan Win/Lose/Push":null,"Ethan":null,"Jaime Bet Amount":null,"Jaime Win/Lose/Push":null,"Jaime":null,"Nathan Bet Amount":null,"Nathan Win/Lose/Push":null,"Nathan":null,"Evan Bet Amount":null,"Evan Win/Lose/Push":null,"Evan":null,"Brandon Bet Amount":null,"Brandon Win/Lose/Push":null,"Brandon":null,"Total Team Bet":null,"Legends Bet":null,"Leaders Bet":null,"To Win":null,"Payout":null,"TOTALS":null,"Mitch Totals":null,"Phil Totals":null,"Bryce Totals":null,"Cory Totals":null,"JB Totals":null,"Ethan Totals":null,"Jaime Totals":null,"Nate Totals":null,"Evan Totals":null,"Brandon Totals":null},{"Week":"51","Date":"08/09/2024","Mitch Bet Amount":null,"Mitch Win/Lose/Push":null,"Mitch":null,"Phil Bet Amount":null,"Phil Win/Lose/Push":null,"Phil":null,"Bryce Bet Amount":null,"Bryce Win/Lose/Push":null,"Bryce":null,"Cory Bet Amount":null,"Cory Win/Lose/Push":null,"Cory":null,"JB Bet Amount":null,"JB Win/Lose/Push":null,"JB":null,"Ethan Bet Amount":null,"Ethan Win/Lose/Push":null,"Ethan":null,"Jaime Bet Amount":null,"Jaime Win/Lose/Push":null,"Jaime":null,"Nathan Bet Amount":null,"Nathan Win/Lose/Push":null,"Nathan":null,"Evan Bet Amount":null,"Evan Win/Lose/Push":null,"Evan":null,"Brandon Bet Amount":null,"Brandon Win/Lose/Push":null,"Brandon":null,"Total Team Bet":null,"Legends Bet":null,"Leaders Bet":null,"To Win":null,"Payout":null,"TOTALS":null,"Mitch Totals":null,"Phil Totals":null,"Bryce Totals":null,"Cory Totals":null,"JB Totals":null,"Ethan Totals":null,"Jaime Totals":null,"Nate Totals":null,"Evan Totals":null,"Brandon Totals":null},{"Week":"52","Date":"08/16/2024","Mitch Bet Amount":null,"Mitch Win/Lose/Push":null,"Mitch":null,"Phil Bet Amount":null,"Phil Win/Lose/Push":null,"Phil":null,"Bryce Bet Amount":null,"Bryce Win/Lose/Push":null,"Bryce":null,"Cory Bet Amount":null,"Cory Win/Lose/Push":null,"Cory":null,"JB Bet Amount":null,"JB Win/Lose/Push":null,"JB":null,"Ethan Bet Amount":null,"Ethan Win/Lose/Push":null,"Ethan":null,"Jaime Bet Amount":null,"Jaime Win/Lose/Push":null,"Jaime":null,"Nathan Bet Amount":null,"Nathan Win/Lose/Push":null,"Nathan":null,"Evan Bet Amount":null,"Evan Win/Lose/Push":null,"Evan":null,"Brandon Bet Amount":null,"Brandon Win/Lose/Push":null,"Brandon":null,"Total Team Bet":null,"Legends Bet":null,"Leaders Bet":null,"To Win":null,"Payout":null,"TOTALS":null,"Mitch Totals":null,"Phil Totals":null,"Bryce Totals":null,"Cory Totals":null,"JB Totals":null,"Ethan Totals":null,"Jaime Totals":null,"Nate Totals":null,"Evan Totals":null,"Brandon Totals":null},{"Week":"53","Date":"08/23/2024","Mitch Bet Amount":null,"Mitch Win/Lose/Push":null,"Mitch":null,"Phil Bet Amount":null,"Phil Win/Lose/Push":null,"Phil":null,"Bryce Bet Amount":null,"Bryce Win/Lose/Push":null,"Bryce":null,"Cory Bet Amount":null,"Cory Win/Lose/Push":null,"Cory":null,"JB Bet Amount":null,"JB Win/Lose/Push":null,"JB":null,"Ethan Bet Amount":null,"Ethan Win/Lose/Push":null,"Ethan":null,"Jaime Bet Amount":null,"Jaime Win/Lose/Push":null,"Jaime":null,"Nathan Bet Amount":null,"Nathan Win/Lose/Push":null,"Nathan":null,"Evan Bet Amount":null,"Evan Win/Lose/Push":null,"Evan":null,"Brandon Bet Amount":null,"Brandon Win/Lose/Push":null,"Brandon":null,"Total Team Bet":null,"Legends Bet":null,"Leaders Bet":null,"To Win":null,"Payout":null,"TOTALS":null,"Mitch Totals":null,"Phil Totals":null,"Bryce Totals":null,"Cory Totals":null,"JB Totals":null,"Ethan Totals":null,"Jaime Totals":null,"Nate Totals":null,"Evan Totals":null,"Brandon Totals":null},{"Week":"54","Date":"08/30/2024","Mitch Bet Amount":null,"Mitch Win/Lose/Push":null,"Mitch":null,"Phil Bet Amount":null,"Phil Win/Lose/Push":null,"Phil":null,"Bryce Bet Amount":null,"Bryce Win/Lose/Push":null,"Bryce":null,"Cory Bet Amount":null,"Cory Win/Lose/Push":null,"Cory":null,"JB Bet Amount":null,"JB Win/Lose/Push":null,"JB":null,"Ethan Bet Amount":null,"Ethan Win/Lose/Push":null,"Ethan":null,"Jaime Bet Amount":null,"Jaime Win/Lose/Push":null,"Jaime":null,"Nathan Bet Amount":null,"Nathan Win/Lose/Push":null,"Nathan":null,"Evan Bet Amount":null,"Evan Win/Lose/Push":null,"Evan":null,"Brandon Bet Amount":null,"Brandon Win/Lose/Push":null,"Brandon":null,"Total Team Bet":null,"Legends Bet":null,"Leaders Bet":null,"To Win":null,"Payout":null,"TOTALS":null,"Mitch Totals":null,"Phil Totals":null,"Bryce Totals":null,"Cory Totals":null,"JB Totals":null,"Ethan Totals":null,"Jaime Totals":null,"Nate Totals":null,"Evan Totals":null,"Brandon Totals":null},{"Week":"55","Date":"09/06/2024","Mitch Bet Amount":null,"Mitch Win/Lose/Push":null,"Mitch":null,"Phil Bet Amount":null,"Phil Win/Lose/Push":null,"Phil":null,"Bryce Bet Amount":null,"Bryce Win/Lose/Push":null,"Bryce":null,"Cory Bet Amount":null,"Cory Win/Lose/Push":null,"Cory":null,"JB Bet Amount":null,"JB Win/Lose/Push":null,"JB":null,"Ethan Bet Amount":null,"Ethan Win/Lose/Push":null,"Ethan":null,"Jaime Bet Amount":null,"Jaime Win/Lose/Push":null,"Jaime":null,"Nathan Bet Amount":null,"Nathan Win/Lose/Push":null,"Nathan":null,"Evan Bet Amount":null,"Evan Win/Lose/Push":null,"Evan":null,"Brandon Bet Amount":null,"Brandon Win/Lose/Push":null,"Brandon":null,"Total Team Bet":null,"Legends Bet":null,"Leaders Bet":null,"To Win":null,"Payout":null,"TOTALS":null,"Mitch Totals":null,"Phil Totals":null,"Bryce Totals":null,"Cory Totals":null,"JB Totals":null,"Ethan Totals":null,"Jaime Totals":null,"Nate Totals":null,"Evan Totals":null,"Brandon Totals":null},{"Week":"56","Date":"09/13/2024","Mitch Bet Amount":null,"Mitch Win/Lose/Push":null,"Mitch":null,"Phil Bet Amount":null,"Phil Win/Lose/Push":null,"Phil":null,"Bryce Bet Amount":null,"Bryce Win/Lose/Push":null,"Bryce":null,"Cory Bet Amount":null,"Cory Win/Lose/Push":null,"Cory":null,"JB Bet Amount":null,"JB Win/Lose/Push":null,"JB":null,"Ethan Bet Amount":null,"Ethan Win/Lose/Push":null,"Ethan":null,"Jaime Bet Amount":null,"Jaime Win/Lose/Push":null,"Jaime":null,"Nathan Bet Amount":null,"Nathan Win/Lose/Push":null,"Nathan":null,"Evan Bet Amount":null,"Evan Win/Lose/Push":null,"Evan":null,"Brandon Bet Amount":null,"Brandon Win/Lose/Push":null,"Brandon":null,"Total Team Bet":null,"Legends Bet":null,"Leaders Bet":null,"To Win":null,"Payout":null,"TOTALS":null,"Mitch Totals":null,"Phil Totals":null,"Bryce Totals":null,"Cory Totals":null,"JB Totals":null,"Ethan Totals":null,"Jaime Totals":null,"Nate Totals":null,"Evan Totals":null,"Brandon Totals":null},{"Week":"57","Date":"09/20/2024","Mitch Bet Amount":null,"Mitch Win/Lose/Push":null,"Mitch":null,"Phil Bet Amount":null,"Phil Win/Lose/Push":null,"Phil":null,"Bryce Bet Amount":null,"Bryce Win/Lose/Push":null,"Bryce":null,"Cory Bet Amount":null,"Cory Win/Lose/Push":null,"Cory":null,"JB Bet Amount":null,"JB Win/Lose/Push":null,"JB":null,"Ethan Bet Amount":null,"Ethan Win/Lose/Push":null,"Ethan":null,"Jaime Bet Amount":null,"Jaime Win/Lose/Push":null,"Jaime":null,"Nathan Bet Amount":null,"Nathan Win/Lose/Push":null,"Nathan":null,"Evan Bet Amount":null,"Evan Win/Lose/Push":null,"Evan":null,"Brandon Bet Amount":null,"Brandon Win/Lose/Push":null,"Brandon":null,"Total Team Bet":null,"Legends Bet":null,"Leaders Bet":null,"To Win":null,"Payout":null,"TOTALS":null,"Mitch Totals":null,"Phil Totals":null,"Bryce Totals":null,"Cory Totals":null,"JB Totals":null,"Ethan Totals":null,"Jaime Totals":null,"Nate Totals":null,"Evan Totals":null,"Brandon Totals":null},{"Week":"58","Date":"09/27/2024","Mitch Bet Amount":null,"Mitch Win/Lose/Push":null,"Mitch":null,"Phil Bet Amount":null,"Phil Win/Lose/Push":null,"Phil":null,"Bryce Bet Amount":null,"Bryce Win/Lose/Push":null,"Bryce":null,"Cory Bet Amount":null,"Cory Win/Lose/Push":null,"Cory":null,"JB Bet Amount":null,"JB Win/Lose/Push":null,"JB":null,"Ethan Bet Amount":null,"Ethan Win/Lose/Push":null,"Ethan":null,"Jaime Bet Amount":null,"Jaime Win/Lose/Push":null,"Jaime":null,"Nathan Bet Amount":null,"Nathan Win/Lose/Push":null,"Nathan":null,"Evan Bet Amount":null,"Evan Win/Lose/Push":null,"Evan":null,"Brandon Bet Amount":null,"Brandon Win/Lose/Push":null,"Brandon":null,"Total Team Bet":null,"Legends Bet":null,"Leaders Bet":null,"To Win":null,"Payout":null,"TOTALS":null,"Mitch Totals":null,"Phil Totals":null,"Bryce Totals":null,"Cory Totals":null,"JB Totals":null,"Ethan Totals":null,"Jaime Totals":null,"Nate Totals":null,"Evan Totals":null,"Brandon Totals":null},{"Week":"59","Date":"10/04/2024","Mitch Bet Amount":null,"Mitch Win/Lose/Push":null,"Mitch":null,"Phil Bet Amount":null,"Phil Win/Lose/Push":null,"Phil":null,"Bryce Bet Amount":null,"Bryce Win/Lose/Push":null,"Bryce":null,"Cory Bet Amount":null,"Cory Win/Lose/Push":null,"Cory":null,"JB Bet Amount":null,"JB Win/Lose/Push":null,"JB":null,"Ethan Bet Amount":null,"Ethan Win/Lose/Push":null,"Ethan":null,"Jaime Bet Amount":null,"Jaime Win/Lose/Push":null,"Jaime":null,"Nathan Bet Amount":null,"Nathan Win/Lose/Push":null,"Nathan":null,"Evan Bet Amount":null,"Evan Win/Lose/Push":null,"Evan":null,"Brandon Bet Amount":null,"Brandon Win/Lose/Push":null,"Brandon":null,"Total Team Bet":null,"Legends Bet":null,"Leaders Bet":null,"To Win":null,"Payout":null,"TOTALS":null,"Mitch Totals":null,"Phil Totals":null,"Bryce Totals":null,"Cory Totals":null,"JB Totals":null,"Ethan Totals":null,"Jaime Totals":null,"Nate Totals":null,"Evan Totals":null,"Brandon Totals":null},{"Week":"60","Date":"10/11/2024","Mitch Bet Amount":null,"Mitch Win/Lose/Push":null,"Mitch":null,"Phil Bet Amount":null,"Phil Win/Lose/Push":null,"Phil":null,"Bryce Bet Amount":null,"Bryce Win/Lose/Push":null,"Bryce":null,"Cory Bet Amount":null,"Cory Win/Lose/Push":null,"Cory":null,"JB Bet Amount":null,"JB Win/Lose/Push":null,"JB":null,"Ethan Bet Amount":null,"Ethan Win/Lose/Push":null,"Ethan":null,"Jaime Bet Amount":null,"Jaime Win/Lose/Push":null,"Jaime":null,"Nathan Bet Amount":null,"Nathan Win/Lose/Push":null,"Nathan":null,"Evan Bet Amount":null,"Evan Win/Lose/Push":null,"Evan":null,"Brandon Bet Amount":null,"Brandon Win/Lose/Push":null,"Brandon":null,"Total Team Bet":null,"Legends Bet":null,"Leaders Bet":null,"To Win":null,"Payout":null,"TOTALS":null,"Mitch Totals":null,"Phil Totals":null,"Bryce Totals":null,"Cory Totals":null,"JB Totals":null,"Ethan Totals":null,"Jaime Totals":null,"Nate Totals":null,"Evan Totals":null,"Brandon Totals":null},{"Week":"61","Date":"10/18/2024","Mitch Bet Amount":null,"Mitch Win/Lose/Push":null,"Mitch":null,"Phil Bet Amount":null,"Phil Win/Lose/Push":null,"Phil":null,"Bryce Bet Amount":null,"Bryce Win/Lose/Push":null,"Bryce":null,"Cory Bet Amount":null,"Cory Win/Lose/Push":null,"Cory":null,"JB Bet Amount":null,"JB Win/Lose/Push":null,"JB":null,"Ethan Bet Amount":null,"Ethan Win/Lose/Push":null,"Ethan":null,"Jaime Bet Amount":null,"Jaime Win/Lose/Push":null,"Jaime":null,"Nathan Bet Amount":null,"Nathan Win/Lose/Push":null,"Nathan":null,"Evan Bet Amount":null,"Evan Win/Lose/Push":null,"Evan":null,"Brandon Bet Amount":null,"Brandon Win/Lose/Push":null,"Brandon":null,"Total Team Bet":null,"Legends Bet":null,"Leaders Bet":null,"To Win":null,"Payout":null,"TOTALS":null,"Mitch Totals":null,"Phil Totals":null,"Bryce Totals":null,"Cory Totals":null,"JB Totals":null,"Ethan Totals":null,"Jaime Totals":null,"Nate Totals":null,"Evan Totals":null,"Brandon Totals":null},{"Week":"62","Date":"10/25/2024","Mitch Bet Amount":null,"Mitch Win/Lose/Push":null,"Mitch":null,"Phil Bet Amount":null,"Phil Win/Lose/Push":null,"Phil":null,"Bryce Bet Amount":null,"Bryce Win/Lose/Push":null,"Bryce":null,"Cory Bet Amount":null,"Cory Win/Lose/Push":null,"Cory":null,"JB Bet Amount":null,"JB Win/Lose/Push":null,"JB":null,"Ethan Bet Amount":null,"Ethan Win/Lose/Push":null,"Ethan":null,"Jaime Bet Amount":null,"Jaime Win/Lose/Push":null,"Jaime":null,"Nathan Bet Amount":null,"Nathan Win/Lose/Push":null,"Nathan":null,"Evan Bet Amount":null,"Evan Win/Lose/Push":null,"Evan":null,"Brandon Bet Amount":null,"Brandon Win/Lose/Push":null,"Brandon":null,"Total Team Bet":null,"Legends Bet":null,"Leaders Bet":null,"To Win":null,"Payout":null,"TOTALS":null,"Mitch Totals":null,"Phil Totals":null,"Bryce Totals":null,"Cory Totals":null,"JB Totals":null,"Ethan Totals":null,"Jaime Totals":null,"Nate Totals":null,"Evan Totals":null,"Brandon Totals":null},{"Week":"63","Date":"11/01/2024","Mitch Bet Amount":null,"Mitch Win/Lose/Push":null,"Mitch":null,"Phil Bet Amount":null,"Phil Win/Lose/Push":null,"Phil":null,"Bryce Bet Amount":null,"Bryce Win/Lose/Push":null,"Bryce":null,"Cory Bet Amount":null,"Cory Win/Lose/Push":null,"Cory":null,"JB Bet Amount":null,"JB Win/Lose/Push":null,"JB":null,"Ethan Bet Amount":null,"Ethan Win/Lose/Push":null,"Ethan":null,"Jaime Bet Amount":null,"Jaime Win/Lose/Push":null,"Jaime":null,"Nathan Bet Amount":null,"Nathan Win/Lose/Push":null,"Nathan":null,"Evan Bet Amount":null,"Evan Win/Lose/Push":null,"Evan":null,"Brandon Bet Amount":null,"Brandon Win/Lose/Push":null,"Brandon":null,"Total Team Bet":null,"Legends Bet":null,"Leaders Bet":null,"To Win":null,"Payout":null,"TOTALS":null,"Mitch Totals":null,"Phil Totals":null,"Bryce Totals":null,"Cory Totals":null,"JB Totals":null,"Ethan Totals":null,"Jaime Totals":null,"Nate Totals":null,"Evan Totals":null,"Brandon Totals":null},{"Week":"64","Date":"11/08/2024","Mitch Bet Amount":null,"Mitch Win/Lose/Push":null,"Mitch":null,"Phil Bet Amount":null,"Phil Win/Lose/Push":null,"Phil":null,"Bryce Bet Amount":null,"Bryce Win/Lose/Push":null,"Bryce":null,"Cory Bet Amount":null,"Cory Win/Lose/Push":null,"Cory":null,"JB Bet Amount":null,"JB Win/Lose/Push":null,"JB":null,"Ethan Bet Amount":null,"Ethan Win/Lose/Push":null,"Ethan":null,"Jaime Bet Amount":null,"Jaime Win/Lose/Push":null,"Jaime":null,"Nathan Bet Amount":null,"Nathan Win/Lose/Push":null,"Nathan":null,"Evan Bet Amount":null,"Evan Win/Lose/Push":null,"Evan":null,"Brandon Bet Amount":null,"Brandon Win/Lose/Push":null,"Brandon":null,"Total Team Bet":null,"Legends Bet":null,"Leaders Bet":null,"To Win":null,"Payout":null,"TOTALS":null,"Mitch Totals":null,"Phil Totals":null,"Bryce Totals":null,"Cory Totals":null,"JB Totals":null,"Ethan Totals":null,"Jaime Totals":null,"Nate Totals":null,"Evan Totals":null,"Brandon Totals":null},{"Week":"65","Date":"11/15/2024","Mitch Bet Amount":null,"Mitch Win/Lose/Push":null,"Mitch":null,"Phil Bet Amount":null,"Phil Win/Lose/Push":null,"Phil":null,"Bryce Bet Amount":null,"Bryce Win/Lose/Push":null,"Bryce":null,"Cory Bet Amount":null,"Cory Win/Lose/Push":null,"Cory":null,"JB Bet Amount":null,"JB Win/Lose/Push":null,"JB":null,"Ethan Bet Amount":null,"Ethan Win/Lose/Push":null,"Ethan":null,"Jaime Bet Amount":null,"Jaime Win/Lose/Push":null,"Jaime":null,"Nathan Bet Amount":null,"Nathan Win/Lose/Push":null,"Nathan":null,"Evan Bet Amount":null,"Evan Win/Lose/Push":null,"Evan":null,"Brandon Bet Amount":null,"Brandon Win/Lose/Push":null,"Brandon":null,"Total Team Bet":null,"Legends Bet":null,"Leaders Bet":null,"To Win":null,"Payout":null,"TOTALS":null,"Mitch Totals":null,"Phil Totals":null,"Bryce Totals":null,"Cory Totals":null,"JB Totals":null,"Ethan Totals":null,"Jaime Totals":null,"Nate Totals":null,"Evan Totals":null,"Brandon Totals":null},{"Week":"66","Date":"11/22/2024","Mitch Bet Amount":null,"Mitch Win/Lose/Push":null,"Mitch":null,"Phil Bet Amount":null,"Phil Win/Lose/Push":null,"Phil":null,"Bryce Bet Amount":null,"Bryce Win/Lose/Push":null,"Bryce":null,"Cory Bet Amount":null,"Cory Win/Lose/Push":null,"Cory":null,"JB Bet Amount":null,"JB Win/Lose/Push":null,"JB":null,"Ethan Bet Amount":null,"Ethan Win/Lose/Push":null,"Ethan":null,"Jaime Bet Amount":null,"Jaime Win/Lose/Push":null,"Jaime":null,"Nathan Bet Amount":null,"Nathan Win/Lose/Push":null,"Nathan":null,"Evan Bet Amount":null,"Evan Win/Lose/Push":null,"Evan":null,"Brandon Bet Amount":null,"Brandon Win/Lose/Push":null,"Brandon":null,"Total Team Bet":null,"Legends Bet":null,"Leaders Bet":null,"To Win":null,"Payout":null,"TOTALS":null,"Mitch Totals":null,"Phil Totals":null,"Bryce Totals":null,"Cory Totals":null,"JB Totals":null,"Ethan Totals":null,"Jaime Totals":null,"Nate Totals":null,"Evan Totals":null,"Brandon Totals":null},{"Week":"67","Date":"11/29/2024","Mitch Bet Amount":null,"Mitch Win/Lose/Push":null,"Mitch":null,"Phil Bet Amount":null,"Phil Win/Lose/Push":null,"Phil":null,"Bryce Bet Amount":null,"Bryce Win/Lose/Push":null,"Bryce":null,"Cory Bet Amount":null,"Cory Win/Lose/Push":null,"Cory":null,"JB Bet Amount":null,"JB Win/Lose/Push":null,"JB":null,"Ethan Bet Amount":null,"Ethan Win/Lose/Push":null,"Ethan":null,"Jaime Bet Amount":null,"Jaime Win/Lose/Push":null,"Jaime":null,"Nathan Bet Amount":null,"Nathan Win/Lose/Push":null,"Nathan":null,"Evan Bet Amount":null,"Evan Win/Lose/Push":null,"Evan":null,"Brandon Bet Amount":null,"Brandon Win/Lose/Push":null,"Brandon":null,"Total Team Bet":null,"Legends Bet":null,"Leaders Bet":null,"To Win":null,"Payout":null,"TOTALS":null,"Mitch Totals":null,"Phil Totals":null,"Bryce Totals":null,"Cory Totals":null,"JB Totals":null,"Ethan Totals":null,"Jaime Totals":null,"Nate Totals":null,"Evan Totals":null,"Brandon Totals":null},{"Week":"68","Date":"12/06/2024","Mitch Bet Amount":null,"Mitch Win/Lose/Push":null,"Mitch":null,"Phil Bet Amount":null,"Phil Win/Lose/Push":null,"Phil":null,"Bryce Bet Amount":null,"Bryce Win/Lose/Push":null,"Bryce":null,"Cory Bet Amount":null,"Cory Win/Lose/Push":null,"Cory":null,"JB Bet Amount":null,"JB Win/Lose/Push":null,"JB":null,"Ethan Bet Amount":null,"Ethan Win/Lose/Push":null,"Ethan":null,"Jaime Bet Amount":null,"Jaime Win/Lose/Push":null,"Jaime":null,"Nathan Bet Amount":null,"Nathan Win/Lose/Push":null,"Nathan":null,"Evan Bet Amount":null,"Evan Win/Lose/Push":null,"Evan":null,"Brandon Bet Amount":null,"Brandon Win/Lose/Push":null,"Brandon":null,"Total Team Bet":null,"Legends Bet":null,"Leaders Bet":null,"To Win":null,"Payout":null,"TOTALS":null,"Mitch Totals":null,"Phil Totals":null,"Bryce Totals":null,"Cory Totals":null,"JB Totals":null,"Ethan Totals":null,"Jaime Totals":null,"Nate Totals":null,"Evan Totals":null,"Brandon Totals":null},{"Week":"69","Date":"12/13/2024","Mitch Bet Amount":null,"Mitch Win/Lose/Push":null,"Mitch":null,"Phil Bet Amount":null,"Phil Win/Lose/Push":null,"Phil":null,"Bryce Bet Amount":null,"Bryce Win/Lose/Push":null,"Bryce":null,"Cory Bet Amount":null,"Cory Win/Lose/Push":null,"Cory":null,"JB Bet Amount":null,"JB Win/Lose/Push":null,"JB":null,"Ethan Bet Amount":null,"Ethan Win/Lose/Push":null,"Ethan":null,"Jaime Bet Amount":null,"Jaime Win/Lose/Push":null,"Jaime":null,"Nathan Bet Amount":null,"Nathan Win/Lose/Push":null,"Nathan":null,"Evan Bet Amount":null,"Evan Win/Lose/Push":null,"Evan":null,"Brandon Bet Amount":null,"Brandon Win/Lose/Push":null,"Brandon":null,"Total Team Bet":null,"Legends Bet":null,"Leaders Bet":null,"To Win":null,"Payout":null,"TOTALS":null,"Mitch Totals":null,"Phil Totals":null,"Bryce Totals":null,"Cory Totals":null,"JB Totals":null,"Ethan Totals":null,"Jaime Totals":null,"Nate Totals":null,"Evan Totals":null,"Brandon Totals":null},{"Week":"70","Date":"12/20/2024","Mitch Bet Amount":null,"Mitch Win/Lose/Push":null,"Mitch":null,"Phil Bet Amount":null,"Phil Win/Lose/Push":null,"Phil":null,"Bryce Bet Amount":null,"Bryce Win/Lose/Push":null,"Bryce":null,"Cory Bet Amount":null,"Cory Win/Lose/Push":null,"Cory":null,"JB Bet Amount":null,"JB Win/Lose/Push":null,"JB":null,"Ethan Bet Amount":null,"Ethan Win/Lose/Push":null,"Ethan":null,"Jaime Bet Amount":null,"Jaime Win/Lose/Push":null,"Jaime":null,"Nathan Bet Amount":null,"Nathan Win/Lose/Push":null,"Nathan":null,"Evan Bet Amount":null,"Evan Win/Lose/Push":null,"Evan":null,"Brandon Bet Amount":null,"Brandon Win/Lose/Push":null,"Brandon":null,"Total Team Bet":null,"Legends Bet":null,"Leaders Bet":null,"To Win":null,"Payout":null,"TOTALS":null,"Mitch Totals":null,"Phil Totals":null,"Bryce Totals":null,"Cory Totals":null,"JB Totals":null,"Ethan Totals":null,"Jaime Totals":null,"Nate Totals":null,"Evan Totals":null,"Brandon Totals":null},{"Week":"71","Date":"12/27/2024","Mitch Bet Amount":null,"Mitch Win/Lose/Push":null,"Mitch":null,"Phil Bet Amount":null,"Phil Win/Lose/Push":null,"Phil":null,"Bryce Bet Amount":null,"Bryce Win/Lose/Push":null,"Bryce":null,"Cory Bet Amount":null,"Cory Win/Lose/Push":null,"Cory":null,"JB Bet Amount":null,"JB Win/Lose/Push":null,"JB":null,"Ethan Bet Amount":null,"Ethan Win/Lose/Push":null,"Ethan":null,"Jaime Bet Amount":null,"Jaime Win/Lose/Push":null,"Jaime":null,"Nathan Bet Amount":null,"Nathan Win/Lose/Push":null,"Nathan":null,"Evan Bet Amount":null,"Evan Win/Lose/Push":null,"Evan":null,"Brandon Bet Amount":null,"Brandon Win/Lose/Push":null,"Brandon":null,"Total Team Bet":null,"Legends Bet":null,"Leaders Bet":null,"To Win":null,"Payout":null,"TOTALS":null,"Mitch Totals":null,"Phil Totals":null,"Bryce Totals":null,"Cory Totals":null,"JB Totals":null,"Ethan Totals":null,"Jaime Totals":null,"Nate Totals":null,"Evan Totals":null,"Brandon Totals":null},{"Week":"72","Date":"01/03/2025","Mitch Bet Amount":null,"Mitch Win/Lose/Push":null,"Mitch":null,"Phil Bet Amount":null,"Phil Win/Lose/Push":null,"Phil":null,"Bryce Bet Amount":null,"Bryce Win/Lose/Push":null,"Bryce":null,"Cory Bet Amount":null,"Cory Win/Lose/Push":null,"Cory":null,"JB Bet Amount":null,"JB Win/Lose/Push":null,"JB":null,"Ethan Bet Amount":null,"Ethan Win/Lose/Push":null,"Ethan":null,"Jaime Bet Amount":null,"Jaime Win/Lose/Push":null,"Jaime":null,"Nathan Bet Amount":null,"Nathan Win/Lose/Push":null,"Nathan":null,"Evan Bet Amount":null,"Evan Win/Lose/Push":null,"Evan":null,"Brandon Bet Amount":null,"Brandon Win/Lose/Push":null,"Brandon":null,"Total Team Bet":null,"Legends Bet":null,"Leaders Bet":null,"To Win":null,"Payout":null,"TOTALS":null,"Mitch Totals":null,"Phil Totals":null,"Bryce Totals":null,"Cory Totals":null,"JB Totals":null,"Ethan Totals":null,"Jaime Totals":null,"Nate Totals":null,"Evan Totals":null,"Brandon Totals":null},{"Week":"73","Date":"01/10/2025","Mitch Bet Amount":null,"Mitch Win/Lose/Push":null,"Mitch":null,"Phil Bet Amount":null,"Phil Win/Lose/Push":null,"Phil":null,"Bryce Bet Amount":null,"Bryce Win/Lose/Push":null,"Bryce":null,"Cory Bet Amount":null,"Cory Win/Lose/Push":null,"Cory":null,"JB Bet Amount":null,"JB Win/Lose/Push":null,"JB":null,"Ethan Bet Amount":null,"Ethan Win/Lose/Push":null,"Ethan":null,"Jaime Bet Amount":null,"Jaime Win/Lose/Push":null,"Jaime":null,"Nathan Bet Amount":null,"Nathan Win/Lose/Push":null,"Nathan":null,"Evan Bet Amount":null,"Evan Win/Lose/Push":null,"Evan":null,"Brandon Bet Amount":null,"Brandon Win/Lose/Push":null,"Brandon":null,"Total Team Bet":null,"Legends Bet":null,"Leaders Bet":null,"To Win":null,"Payout":null,"TOTALS":null,"Mitch Totals":null,"Phil Totals":null,"Bryce Totals":null,"Cory Totals":null,"JB Totals":null,"Ethan Totals":null,"Jaime Totals":null,"Nate Totals":null,"Evan Totals":null,"Brandon Totals":null},{"Week":"74","Date":"01/17/2025","Mitch Bet Amount":null,"Mitch Win/Lose/Push":null,"Mitch":null,"Phil Bet Amount":null,"Phil Win/Lose/Push":null,"Phil":null,"Bryce Bet Amount":null,"Bryce Win/Lose/Push":null,"Bryce":null,"Cory Bet Amount":null,"Cory Win/Lose/Push":null,"Cory":null,"JB Bet Amount":null,"JB Win/Lose/Push":null,"JB":null,"Ethan Bet Amount":null,"Ethan Win/Lose/Push":null,"Ethan":null,"Jaime Bet Amount":null,"Jaime Win/Lose/Push":null,"Jaime":null,"Nathan Bet Amount":null,"Nathan Win/Lose/Push":null,"Nathan":null,"Evan Bet Amount":null,"Evan Win/Lose/Push":null,"Evan":null,"Brandon Bet Amount":null,"Brandon Win/Lose/Push":null,"Brandon":null,"Total Team Bet":null,"Legends Bet":null,"Leaders Bet":null,"To Win":null,"Payout":null,"TOTALS":null,"Mitch Totals":null,"Phil Totals":null,"Bryce Totals":null,"Cory Totals":null,"JB Totals":null,"Ethan Totals":null,"Jaime Totals":null,"Nate Totals":null,"Evan Totals":null,"Brandon Totals":null},{"Week":"75","Date":"01/24/2025","Mitch Bet Amount":null,"Mitch Win/Lose/Push":null,"Mitch":null,"Phil Bet Amount":null,"Phil Win/Lose/Push":null,"Phil":null,"Bryce Bet Amount":null,"Bryce Win/Lose/Push":null,"Bryce":null,"Cory Bet Amount":null,"Cory Win/Lose/Push":null,"Cory":null,"JB Bet Amount":null,"JB Win/Lose/Push":null,"JB":null,"Ethan Bet Amount":null,"Ethan Win/Lose/Push":null,"Ethan":null,"Jaime Bet Amount":null,"Jaime Win/Lose/Push":null,"Jaime":null,"Nathan Bet Amount":null,"Nathan Win/Lose/Push":null,"Nathan":null,"Evan Bet Amount":null,"Evan Win/Lose/Push":null,"Evan":null,"Brandon Bet Amount":null,"Brandon Win/Lose/Push":null,"Brandon":null,"Total Team Bet":null,"Legends Bet":null,"Leaders Bet":null,"To Win":null,"Payout":null,"TOTALS":null,"Mitch Totals":null,"Phil Totals":null,"Bryce Totals":null,"Cory Totals":null,"JB Totals":null,"Ethan Totals":null,"Jaime Totals":null,"Nate Totals":null,"Evan Totals":null,"Brandon Totals":null},{"Week":"76","Date":"01/31/2025","Mitch Bet Amount":null,"Mitch Win/Lose/Push":null,"Mitch":null,"Phil Bet Amount":null,"Phil Win/Lose/Push":null,"Phil":null,"Bryce Bet Amount":null,"Bryce Win/Lose/Push":null,"Bryce":null,"Cory Bet Amount":null,"Cory Win/Lose/Push":null,"Cory":null,"JB Bet Amount":null,"JB Win/Lose/Push":null,"JB":null,"Ethan Bet Amount":null,"Ethan Win/Lose/Push":null,"Ethan":null,"Jaime Bet Amount":null,"Jaime Win/Lose/Push":null,"Jaime":null,"Nathan Bet Amount":null,"Nathan Win/Lose/Push":null,"Nathan":null,"Evan Bet Amount":null,"Evan Win/Lose/Push":null,"Evan":null,"Brandon Bet Amount":null,"Brandon Win/Lose/Push":null,"Brandon":null,"Total Team Bet":null,"Legends Bet":null,"Leaders Bet":null,"To Win":null,"Payout":null,"TOTALS":null,"Mitch Totals":null,"Phil Totals":null,"Bryce Totals":null,"Cory Totals":null,"JB Totals":null,"Ethan Totals":null,"Jaime Totals":null,"Nate Totals":null,"Evan Totals":null,"Brandon Totals":null},{"Week":"77","Date":"02/07/2025","Mitch Bet Amount":null,"Mitch Win/Lose/Push":null,"Mitch":null,"Phil Bet Amount":null,"Phil Win/Lose/Push":null,"Phil":null,"Bryce Bet Amount":null,"Bryce Win/Lose/Push":null,"Bryce":null,"Cory Bet Amount":null,"Cory Win/Lose/Push":null,"Cory":null,"JB Bet Amount":null,"JB Win/Lose/Push":null,"JB":null,"Ethan Bet Amount":null,"Ethan Win/Lose/Push":null,"Ethan":null,"Jaime Bet Amount":null,"Jaime Win/Lose/Push":null,"Jaime":null,"Nathan Bet Amount":null,"Nathan Win/Lose/Push":null,"Nathan":null,"Evan Bet Amount":null,"Evan Win/Lose/Push":null,"Evan":null,"Brandon Bet Amount":null,"Brandon Win/Lose/Push":null,"Brandon":null,"Total Team Bet":null,"Legends Bet":null,"Leaders Bet":null,"To Win":null,"Payout":null,"TOTALS":null,"Mitch Totals":null,"Phil Totals":null,"Bryce Totals":null,"Cory Totals":null,"JB Totals":null,"Ethan Totals":null,"Jaime Totals":null,"Nate Totals":null,"Evan Totals":null,"Brandon Totals":null},{"Week":"78","Date":"02/14/2025","Mitch Bet Amount":null,"Mitch Win/Lose/Push":null,"Mitch":null,"Phil Bet Amount":null,"Phil Win/Lose/Push":null,"Phil":null,"Bryce Bet Amount":null,"Bryce Win/Lose/Push":null,"Bryce":null,"Cory Bet Amount":null,"Cory Win/Lose/Push":null,"Cory":null,"JB Bet Amount":null,"JB Win/Lose/Push":null,"JB":null,"Ethan Bet Amount":null,"Ethan Win/Lose/Push":null,"Ethan":null,"Jaime Bet Amount":null,"Jaime Win/Lose/Push":null,"Jaime":null,"Nathan Bet Amount":null,"Nathan Win/Lose/Push":null,"Nathan":null,"Evan Bet Amount":null,"Evan Win/Lose/Push":null,"Evan":null,"Brandon Bet Amount":null,"Brandon Win/Lose/Push":null,"Brandon":null,"Total Team Bet":null,"Legends Bet":null,"Leaders Bet":null,"To Win":null,"Payout":null,"TOTALS":null,"Mitch Totals":null,"Phil Totals":null,"Bryce Totals":null,"Cory Totals":null,"JB Totals":null,"Ethan Totals":null,"Jaime Totals":null,"Nate Totals":null,"Evan Totals":null,"Brandon Totals":null},{"Week":"79","Date":"02/21/2025","Mitch Bet Amount":null,"Mitch Win/Lose/Push":null,"Mitch":null,"Phil Bet Amount":null,"Phil Win/Lose/Push":null,"Phil":null,"Bryce Bet Amount":null,"Bryce Win/Lose/Push":null,"Bryce":null,"Cory Bet Amount":null,"Cory Win/Lose/Push":null,"Cory":null,"JB Bet Amount":null,"JB Win/Lose/Push":null,"JB":null,"Ethan Bet Amount":null,"Ethan Win/Lose/Push":null,"Ethan":null,"Jaime Bet Amount":null,"Jaime Win/Lose/Push":null,"Jaime":null,"Nathan Bet Amount":null,"Nathan Win/Lose/Push":null,"Nathan":null,"Evan Bet Amount":null,"Evan Win/Lose/Push":null,"Evan":null,"Brandon Bet Amount":null,"Brandon Win/Lose/Push":null,"Brandon":null,"Total Team Bet":null,"Legends Bet":null,"Leaders Bet":null,"To Win":null,"Payout":null,"TOTALS":null,"Mitch Totals":null,"Phil Totals":null,"Bryce Totals":null,"Cory Totals":null,"JB Totals":null,"Ethan Totals":null,"Jaime Totals":null,"Nate Totals":null,"Evan Totals":null,"Brandon Totals":null},{"Week":"80","Date":"02/28/2025","Mitch Bet Amount":null,"Mitch Win/Lose/Push":null,"Mitch":null,"Phil Bet Amount":null,"Phil Win/Lose/Push":null,"Phil":null,"Bryce Bet Amount":null,"Bryce Win/Lose/Push":null,"Bryce":null,"Cory Bet Amount":null,"Cory Win/Lose/Push":null,"Cory":null,"JB Bet Amount":null,"JB Win/Lose/Push":null,"JB":null,"Ethan Bet Amount":null,"Ethan Win/Lose/Push":null,"Ethan":null,"Jaime Bet Amount":null,"Jaime Win/Lose/Push":null,"Jaime":null,"Nathan Bet Amount":null,"Nathan Win/Lose/Push":null,"Nathan":null,"Evan Bet Amount":null,"Evan Win/Lose/Push":null,"Evan":null,"Brandon Bet Amount":null,"Brandon Win/Lose/Push":null,"Brandon":null,"Total Team Bet":null,"Legends Bet":null,"Leaders Bet":null,"To Win":null,"Payout":null,"TOTALS":null,"Mitch Totals":null,"Phil Totals":null,"Bryce Totals":null,"Cory Totals":null,"JB Totals":null,"Ethan Totals":null,"Jaime Totals":null,"Nate Totals":null,"Evan Totals":null,"Brandon Totals":null},{"Week":"81","Date":"03/07/2025","Mitch Bet Amount":null,"Mitch Win/Lose/Push":null,"Mitch":null,"Phil Bet Amount":null,"Phil Win/Lose/Push":null,"Phil":null,"Bryce Bet Amount":null,"Bryce Win/Lose/Push":null,"Bryce":null,"Cory Bet Amount":null,"Cory Win/Lose/Push":null,"Cory":null,"JB Bet Amount":null,"JB Win/Lose/Push":null,"JB":null,"Ethan Bet Amount":null,"Ethan Win/Lose/Push":null,"Ethan":null,"Jaime Bet Amount":null,"Jaime Win/Lose/Push":null,"Jaime":null,"Nathan Bet Amount":null,"Nathan Win/Lose/Push":null,"Nathan":null,"Evan Bet Amount":null,"Evan Win/Lose/Push":null,"Evan":null,"Brandon Bet Amount":null,"Brandon Win/Lose/Push":null,"Brandon":null,"Total Team Bet":null,"Legends Bet":null,"Leaders Bet":null,"To Win":null,"Payout":null,"TOTALS":null,"Mitch Totals":null,"Phil Totals":null,"Bryce Totals":null,"Cory Totals":null,"JB Totals":null,"Ethan Totals":null,"Jaime Totals":null,"Nate Totals":null,"Evan Totals":null,"Brandon Totals":null},{"Week":"82","Date":"03/14/2025","Mitch Bet Amount":null,"Mitch Win/Lose/Push":null,"Mitch":null,"Phil Bet Amount":null,"Phil Win/Lose/Push":null,"Phil":null,"Bryce Bet Amount":null,"Bryce Win/Lose/Push":null,"Bryce":null,"Cory Bet Amount":null,"Cory Win/Lose/Push":null,"Cory":null,"JB Bet Amount":null,"JB Win/Lose/Push":null,"JB":null,"Ethan Bet Amount":null,"Ethan Win/Lose/Push":null,"Ethan":null,"Jaime Bet Amount":null,"Jaime Win/Lose/Push":null,"Jaime":null,"Nathan Bet Amount":null,"Nathan Win/Lose/Push":null,"Nathan":null,"Evan Bet Amount":null,"Evan Win/Lose/Push":null,"Evan":null,"Brandon Bet Amount":null,"Brandon Win/Lose/Push":null,"Brandon":null,"Total Team Bet":null,"Legends Bet":null,"Leaders Bet":null,"To Win":null,"Payout":null,"TOTALS":null,"Mitch Totals":null,"Phil Totals":null,"Bryce Totals":null,"Cory Totals":null,"JB Totals":null,"Ethan Totals":null,"Jaime Totals":null,"Nate Totals":null,"Evan Totals":null,"Brandon Totals":null},{"Week":"83","Date":"03/21/2025","Mitch Bet Amount":null,"Mitch Win/Lose/Push":null,"Mitch":null,"Phil Bet Amount":null,"Phil Win/Lose/Push":null,"Phil":null,"Bryce Bet Amount":null,"Bryce Win/Lose/Push":null,"Bryce":null,"Cory Bet Amount":null,"Cory Win/Lose/Push":null,"Cory":null,"JB Bet Amount":null,"JB Win/Lose/Push":null,"JB":null,"Ethan Bet Amount":null,"Ethan Win/Lose/Push":null,"Ethan":null,"Jaime Bet Amount":null,"Jaime Win/Lose/Push":null,"Jaime":null,"Nathan Bet Amount":null,"Nathan Win/Lose/Push":null,"Nathan":null,"Evan Bet Amount":null,"Evan Win/Lose/Push":null,"Evan":null,"Brandon Bet Amount":null,"Brandon Win/Lose/Push":null,"Brandon":null,"Total Team Bet":null,"Legends Bet":null,"Leaders Bet":null,"To Win":null,"Payout":null,"TOTALS":null,"Mitch Totals":null,"Phil Totals":null,"Bryce Totals":null,"Cory Totals":null,"JB Totals":null,"Ethan Totals":null,"Jaime Totals":null,"Nate Totals":null,"Evan Totals":null,"Brandon Totals":null},{"Week":"84","Date":"03/28/2025","Mitch Bet Amount":null,"Mitch Win/Lose/Push":null,"Mitch":null,"Phil Bet Amount":null,"Phil Win/Lose/Push":null,"Phil":null,"Bryce Bet Amount":null,"Bryce Win/Lose/Push":null,"Bryce":null,"Cory Bet Amount":null,"Cory Win/Lose/Push":null,"Cory":null,"JB Bet Amount":null,"JB Win/Lose/Push":null,"JB":null,"Ethan Bet Amount":null,"Ethan Win/Lose/Push":null,"Ethan":null,"Jaime Bet Amount":null,"Jaime Win/Lose/Push":null,"Jaime":null,"Nathan Bet Amount":null,"Nathan Win/Lose/Push":null,"Nathan":null,"Evan Bet Amount":null,"Evan Win/Lose/Push":null,"Evan":null,"Brandon Bet Amount":null,"Brandon Win/Lose/Push":null,"Brandon":null,"Total Team Bet":null,"Legends Bet":null,"Leaders Bet":null,"To Win":null,"Payout":null,"TOTALS":null,"Mitch Totals":null,"Phil Totals":null,"Bryce Totals":null,"Cory Totals":null,"JB Totals":null,"Ethan Totals":null,"Jaime Totals":null,"Nate Totals":null,"Evan Totals":null,"Brandon Totals":null},{"Week":"85","Date":"04/04/2025","Mitch Bet Amount":null,"Mitch Win/Lose/Push":null,"Mitch":null,"Phil Bet Amount":null,"Phil Win/Lose/Push":null,"Phil":null,"Bryce Bet Amount":null,"Bryce Win/Lose/Push":null,"Bryce":null,"Cory Bet Amount":null,"Cory Win/Lose/Push":null,"Cory":null,"JB Bet Amount":null,"JB Win/Lose/Push":null,"JB":null,"Ethan Bet Amount":null,"Ethan Win/Lose/Push":null,"Ethan":null,"Jaime Bet Amount":null,"Jaime Win/Lose/Push":null,"Jaime":null,"Nathan Bet Amount":null,"Nathan Win/Lose/Push":null,"Nathan":null,"Evan Bet Amount":null,"Evan Win/Lose/Push":null,"Evan":null,"Brandon Bet Amount":null,"Brandon Win/Lose/Push":null,"Brandon":null,"Total Team Bet":null,"Legends Bet":null,"Leaders Bet":null,"To Win":null,"Payout":null,"TOTALS":null,"Mitch Totals":null,"Phil Totals":null,"Bryce Totals":null,"Cory Totals":null,"JB Totals":null,"Ethan Totals":null,"Jaime Totals":null,"Nate Totals":null,"Evan Totals":null,"Brandon Totals":null},{"Week":"86","Date":"04/11/2025","Mitch Bet Amount":null,"Mitch Win/Lose/Push":null,"Mitch":null,"Phil Bet Amount":null,"Phil Win/Lose/Push":null,"Phil":null,"Bryce Bet Amount":null,"Bryce Win/Lose/Push":null,"Bryce":null,"Cory Bet Amount":null,"Cory Win/Lose/Push":null,"Cory":null,"JB Bet Amount":null,"JB Win/Lose/Push":null,"JB":null,"Ethan Bet Amount":null,"Ethan Win/Lose/Push":null,"Ethan":null,"Jaime Bet Amount":null,"Jaime Win/Lose/Push":null,"Jaime":null,"Nathan Bet Amount":null,"Nathan Win/Lose/Push":null,"Nathan":null,"Evan Bet Amount":null,"Evan Win/Lose/Push":null,"Evan":null,"Brandon Bet Amount":null,"Brandon Win/Lose/Push":null,"Brandon":null,"Total Team Bet":null,"Legends Bet":null,"Leaders Bet":null,"To Win":null,"Payout":null,"TOTALS":null,"Mitch Totals":null,"Phil Totals":null,"Bryce Totals":null,"Cory Totals":null,"JB Totals":null,"Ethan Totals":null,"Jaime Totals":null,"Nate Totals":null,"Evan Totals":null,"Brandon Totals":null},{"Week":"87","Date":"04/18/2025","Mitch Bet Amount":null,"Mitch Win/Lose/Push":null,"Mitch":null,"Phil Bet Amount":null,"Phil Win/Lose/Push":null,"Phil":null,"Bryce Bet Amount":null,"Bryce Win/Lose/Push":null,"Bryce":null,"Cory Bet Amount":null,"Cory Win/Lose/Push":null,"Cory":null,"JB Bet Amount":null,"JB Win/Lose/Push":null,"JB":null,"Ethan Bet Amount":null,"Ethan Win/Lose/Push":null,"Ethan":null,"Jaime Bet Amount":null,"Jaime Win/Lose/Push":null,"Jaime":null,"Nathan Bet Amount":null,"Nathan Win/Lose/Push":null,"Nathan":null,"Evan Bet Amount":null,"Evan Win/Lose/Push":null,"Evan":null,"Brandon Bet Amount":null,"Brandon Win/Lose/Push":null,"Brandon":null,"Total Team Bet":null,"Legends Bet":null,"Leaders Bet":null,"To Win":null,"Payout":null,"TOTALS":null,"Mitch Totals":null,"Phil Totals":null,"Bryce Totals":null,"Cory Totals":null,"JB Totals":null,"Ethan Totals":null,"Jaime Totals":null,"Nate Totals":null,"Evan Totals":null,"Brandon Totals":null},{"Week":"88","Date":"04/25/2025","Mitch Bet Amount":null,"Mitch Win/Lose/Push":null,"Mitch":null,"Phil Bet Amount":null,"Phil Win/Lose/Push":null,"Phil":null,"Bryce Bet Amount":null,"Bryce Win/Lose/Push":null,"Bryce":null,"Cory Bet Amount":null,"Cory Win/Lose/Push":null,"Cory":null,"JB Bet Amount":null,"JB Win/Lose/Push":null,"JB":null,"Ethan Bet Amount":null,"Ethan Win/Lose/Push":null,"Ethan":null,"Jaime Bet Amount":null,"Jaime Win/Lose/Push":null,"Jaime":null,"Nathan Bet Amount":null,"Nathan Win/Lose/Push":null,"Nathan":null,"Evan Bet Amount":null,"Evan Win/Lose/Push":null,"Evan":null,"Brandon Bet Amount":null,"Brandon Win/Lose/Push":null,"Brandon":null,"Total Team Bet":null,"Legends Bet":null,"Leaders Bet":null,"To Win":null,"Payout":null,"TOTALS":null,"Mitch Totals":null,"Phil Totals":null,"Bryce Totals":null,"Cory Totals":null,"JB Totals":null,"Ethan Totals":null,"Jaime Totals":null,"Nate Totals":null,"Evan Totals":null,"Brandon Totals":null},{"Week":"89","Date":"05/02/2025","Mitch Bet Amount":null,"Mitch Win/Lose/Push":null,"Mitch":null,"Phil Bet Amount":null,"Phil Win/Lose/Push":null,"Phil":null,"Bryce Bet Amount":null,"Bryce Win/Lose/Push":null,"Bryce":null,"Cory Bet Amount":null,"Cory Win/Lose/Push":null,"Cory":null,"JB Bet Amount":null,"JB Win/Lose/Push":null,"JB":null,"Ethan Bet Amount":null,"Ethan Win/Lose/Push":null,"Ethan":null,"Jaime Bet Amount":null,"Jaime Win/Lose/Push":null,"Jaime":null,"Nathan Bet Amount":null,"Nathan Win/Lose/Push":null,"Nathan":null,"Evan Bet Amount":null,"Evan Win/Lose/Push":null,"Evan":null,"Brandon Bet Amount":null,"Brandon Win/Lose/Push":null,"Brandon":null,"Total Team Bet":null,"Legends Bet":null,"Leaders Bet":null,"To Win":null,"Payout":null,"TOTALS":null,"Mitch Totals":null,"Phil Totals":null,"Bryce Totals":null,"Cory Totals":null,"JB Totals":null,"Ethan Totals":null,"Jaime Totals":null,"Nate Totals":null,"Evan Totals":null,"Brandon Totals":null},{"Week":"90","Date":"05/09/2025","Mitch Bet Amount":null,"Mitch Win/Lose/Push":null,"Mitch":null,"Phil Bet Amount":null,"Phil Win/Lose/Push":null,"Phil":null,"Bryce Bet Amount":null,"Bryce Win/Lose/Push":null,"Bryce":null,"Cory Bet Amount":null,"Cory Win/Lose/Push":null,"Cory":null,"JB Bet Amount":null,"JB Win/Lose/Push":null,"JB":null,"Ethan Bet Amount":null,"Ethan Win/Lose/Push":null,"Ethan":null,"Jaime Bet Amount":null,"Jaime Win/Lose/Push":null,"Jaime":null,"Nathan Bet Amount":null,"Nathan Win/Lose/Push":null,"Nathan":null,"Evan Bet Amount":null,"Evan Win/Lose/Push":null,"Evan":null,"Brandon Bet Amount":null,"Brandon Win/Lose/Push":null,"Brandon":null,"Total Team Bet":null,"Legends Bet":null,"Leaders Bet":null,"To Win":null,"Payout":null,"TOTALS":null,"Mitch Totals":null,"Phil Totals":null,"Bryce Totals":null,"Cory Totals":null,"JB Totals":null,"Ethan Totals":null,"Jaime Totals":null,"Nate Totals":null,"Evan Totals":null,"Brandon Totals":null},{"Week":"91","Date":"05/16/2025","Mitch Bet Amount":null,"Mitch Win/Lose/Push":null,"Mitch":null,"Phil Bet Amount":null,"Phil Win/Lose/Push":null,"Phil":null,"Bryce Bet Amount":null,"Bryce Win/Lose/Push":null,"Bryce":null,"Cory Bet Amount":null,"Cory Win/Lose/Push":null,"Cory":null,"JB Bet Amount":null,"JB Win/Lose/Push":null,"JB":null,"Ethan Bet Amount":null,"Ethan Win/Lose/Push":null,"Ethan":null,"Jaime Bet Amount":null,"Jaime Win/Lose/Push":null,"Jaime":null,"Nathan Bet Amount":null,"Nathan Win/Lose/Push":null,"Nathan":null,"Evan Bet Amount":null,"Evan Win/Lose/Push":null,"Evan":null,"Brandon Bet Amount":null,"Brandon Win/Lose/Push":null,"Brandon":null,"Total Team Bet":null,"Legends Bet":null,"Leaders Bet":null,"To Win":null,"Payout":null,"TOTALS":null,"Mitch Totals":null,"Phil Totals":null,"Bryce Totals":null,"Cory Totals":null,"JB Totals":null,"Ethan Totals":null,"Jaime Totals":null,"Nate Totals":null,"Evan Totals":null,"Brandon Totals":null},{"Week":"92","Date":"05/23/2025","Mitch Bet Amount":null,"Mitch Win/Lose/Push":null,"Mitch":null,"Phil Bet Amount":null,"Phil Win/Lose/Push":null,"Phil":null,"Bryce Bet Amount":null,"Bryce Win/Lose/Push":null,"Bryce":null,"Cory Bet Amount":null,"Cory Win/Lose/Push":null,"Cory":null,"JB Bet Amount":null,"JB Win/Lose/Push":null,"JB":null,"Ethan Bet Amount":null,"Ethan Win/Lose/Push":null,"Ethan":null,"Jaime Bet Amount":null,"Jaime Win/Lose/Push":null,"Jaime":null,"Nathan Bet Amount":null,"Nathan Win/Lose/Push":null,"Nathan":null,"Evan Bet Amount":null,"Evan Win/Lose/Push":null,"Evan":null,"Brandon Bet Amount":null,"Brandon Win/Lose/Push":null,"Brandon":null,"Total Team Bet":null,"Legends Bet":null,"Leaders Bet":null,"To Win":null,"Payout":null,"TOTALS":null,"Mitch Totals":null,"Phil Totals":null,"Bryce Totals":null,"Cory Totals":null,"JB Totals":null,"Ethan Totals":null,"Jaime Totals":null,"Nate Totals":null,"Evan Totals":null,"Brandon Totals":null},{"Week":"93","Date":"05/30/2025","Mitch Bet Amount":null,"Mitch Win/Lose/Push":null,"Mitch":null,"Phil Bet Amount":null,"Phil Win/Lose/Push":null,"Phil":null,"Bryce Bet Amount":null,"Bryce Win/Lose/Push":null,"Bryce":null,"Cory Bet Amount":null,"Cory Win/Lose/Push":null,"Cory":null,"JB Bet Amount":null,"JB Win/Lose/Push":null,"JB":null,"Ethan Bet Amount":null,"Ethan Win/Lose/Push":null,"Ethan":null,"Jaime Bet Amount":null,"Jaime Win/Lose/Push":null,"Jaime":null,"Nathan Bet Amount":null,"Nathan Win/Lose/Push":null,"Nathan":null,"Evan Bet Amount":null,"Evan Win/Lose/Push":null,"Evan":null,"Brandon Bet Amount":null,"Brandon Win/Lose/Push":null,"Brandon":null,"Total Team Bet":null,"Legends Bet":null,"Leaders Bet":null,"To Win":null,"Payout":null,"TOTALS":null,"Mitch Totals":null,"Phil Totals":null,"Bryce Totals":null,"Cory Totals":null,"JB Totals":null,"Ethan Totals":null,"Jaime Totals":null,"Nate Totals":null,"Evan Totals":null,"Brandon Totals":null},{"Week":"94","Date":"06/06/2025","Mitch Bet Amount":null,"Mitch Win/Lose/Push":null,"Mitch":null,"Phil Bet Amount":null,"Phil Win/Lose/Push":null,"Phil":null,"Bryce Bet Amount":null,"Bryce Win/Lose/Push":null,"Bryce":null,"Cory Bet Amount":null,"Cory Win/Lose/Push":null,"Cory":null,"JB Bet Amount":null,"JB Win/Lose/Push":null,"JB":null,"Ethan Bet Amount":null,"Ethan Win/Lose/Push":null,"Ethan":null,"Jaime Bet Amount":null,"Jaime Win/Lose/Push":null,"Jaime":null,"Nathan Bet Amount":null,"Nathan Win/Lose/Push":null,"Nathan":null,"Evan Bet Amount":null,"Evan Win/Lose/Push":null,"Evan":null,"Brandon Bet Amount":null,"Brandon Win/Lose/Push":null,"Brandon":null,"Total Team Bet":null,"Legends Bet":null,"Leaders Bet":null,"To Win":null,"Payout":null,"TOTALS":null,"Mitch Totals":null,"Phil Totals":null,"Bryce Totals":null,"Cory Totals":null,"JB Totals":null,"Ethan Totals":null,"Jaime Totals":null,"Nate Totals":null,"Evan Totals":null,"Brandon Totals":null},{"Week":"95","Date":"06/13/2025","Mitch Bet Amount":null,"Mitch Win/Lose/Push":null,"Mitch":null,"Phil Bet Amount":null,"Phil Win/Lose/Push":null,"Phil":null,"Bryce Bet Amount":null,"Bryce Win/Lose/Push":null,"Bryce":null,"Cory Bet Amount":null,"Cory Win/Lose/Push":null,"Cory":null,"JB Bet Amount":null,"JB Win/Lose/Push":null,"JB":null,"Ethan Bet Amount":null,"Ethan Win/Lose/Push":null,"Ethan":null,"Jaime Bet Amount":null,"Jaime Win/Lose/Push":null,"Jaime":null,"Nathan Bet Amount":null,"Nathan Win/Lose/Push":null,"Nathan":null,"Evan Bet Amount":null,"Evan Win/Lose/Push":null,"Evan":null,"Brandon Bet Amount":null,"Brandon Win/Lose/Push":null,"Brandon":null,"Total Team Bet":null,"Legends Bet":null,"Leaders Bet":null,"To Win":null,"Payout":null,"TOTALS":null,"Mitch Totals":null,"Phil Totals":null,"Bryce Totals":null,"Cory Totals":null,"JB Totals":null,"Ethan Totals":null,"Jaime Totals":null,"Nate Totals":null,"Evan Totals":null,"Brandon Totals":null},{"Week":"96","Date":"06/20/2025","Mitch Bet Amount":null,"Mitch Win/Lose/Push":null,"Mitch":null,"Phil Bet Amount":null,"Phil Win/Lose/Push":null,"Phil":null,"Bryce Bet Amount":null,"Bryce Win/Lose/Push":null,"Bryce":null,"Cory Bet Amount":null,"Cory Win/Lose/Push":null,"Cory":null,"JB Bet Amount":null,"JB Win/Lose/Push":null,"JB":null,"Ethan Bet Amount":null,"Ethan Win/Lose/Push":null,"Ethan":null,"Jaime Bet Amount":null,"Jaime Win/Lose/Push":null,"Jaime":null,"Nathan Bet Amount":null,"Nathan Win/Lose/Push":null,"Nathan":null,"Evan Bet Amount":null,"Evan Win/Lose/Push":null,"Evan":null,"Brandon Bet Amount":null,"Brandon Win/Lose/Push":null,"Brandon":null,"Total Team Bet":null,"Legends Bet":null,"Leaders Bet":null,"To Win":null,"Payout":null,"TOTALS":null,"Mitch Totals":null,"Phil Totals":null,"Bryce Totals":null,"Cory Totals":null,"JB Totals":null,"Ethan Totals":null,"Jaime Totals":null,"Nate Totals":null,"Evan Totals":null,"Brandon Totals":null},{"Week":"97","Date":"06/27/2025","Mitch Bet Amount":null,"Mitch Win/Lose/Push":null,"Mitch":null,"Phil Bet Amount":null,"Phil Win/Lose/Push":null,"Phil":null,"Bryce Bet Amount":null,"Bryce Win/Lose/Push":null,"Bryce":null,"Cory Bet Amount":null,"Cory Win/Lose/Push":null,"Cory":null,"JB Bet Amount":null,"JB Win/Lose/Push":null,"JB":null,"Ethan Bet Amount":null,"Ethan Win/Lose/Push":null,"Ethan":null,"Jaime Bet Amount":null,"Jaime Win/Lose/Push":null,"Jaime":null,"Nathan Bet Amount":null,"Nathan Win/Lose/Push":null,"Nathan":null,"Evan Bet Amount":null,"Evan Win/Lose/Push":null,"Evan":null,"Brandon Bet Amount":null,"Brandon Win/Lose/Push":null,"Brandon":null,"Total Team Bet":null,"Legends Bet":null,"Leaders Bet":null,"To Win":null,"Payout":null,"TOTALS":null,"Mitch Totals":null,"Phil Totals":null,"Bryce Totals":null,"Cory Totals":null,"JB Totals":null,"Ethan Totals":null,"Jaime Totals":null,"Nate Totals":null,"Evan Totals":null,"Brandon Totals":null},{"Week":"98","Date":"07/04/2025","Mitch Bet Amount":null,"Mitch Win/Lose/Push":null,"Mitch":null,"Phil Bet Amount":null,"Phil Win/Lose/Push":null,"Phil":null,"Bryce Bet Amount":null,"Bryce Win/Lose/Push":null,"Bryce":null,"Cory Bet Amount":null,"Cory Win/Lose/Push":null,"Cory":null,"JB Bet Amount":null,"JB Win/Lose/Push":null,"JB":null,"Ethan Bet Amount":null,"Ethan Win/Lose/Push":null,"Ethan":null,"Jaime Bet Amount":null,"Jaime Win/Lose/Push":null,"Jaime":null,"Nathan Bet Amount":null,"Nathan Win/Lose/Push":null,"Nathan":null,"Evan Bet Amount":null,"Evan Win/Lose/Push":null,"Evan":null,"Brandon Bet Amount":null,"Brandon Win/Lose/Push":null,"Brandon":null,"Total Team Bet":null,"Legends Bet":null,"Leaders Bet":null,"To Win":null,"Payout":null,"TOTALS":null,"Mitch Totals":null,"Phil Totals":null,"Bryce Totals":null,"Cory Totals":null,"JB Totals":null,"Ethan Totals":null,"Jaime Totals":null,"Nate Totals":null,"Evan Totals":null,"Brandon Totals":null},{"Week":"99","Date":"07/11/2025","Mitch Bet Amount":null,"Mitch Win/Lose/Push":null,"Mitch":null,"Phil Bet Amount":null,"Phil Win/Lose/Push":null,"Phil":null,"Bryce Bet Amount":null,"Bryce Win/Lose/Push":null,"Bryce":null,"Cory Bet Amount":null,"Cory Win/Lose/Push":null,"Cory":null,"JB Bet Amount":null,"JB Win/Lose/Push":null,"JB":null,"Ethan Bet Amount":null,"Ethan Win/Lose/Push":null,"Ethan":null,"Jaime Bet Amount":null,"Jaime Win/Lose/Push":null,"Jaime":null,"Nathan Bet Amount":null,"Nathan Win/Lose/Push":null,"Nathan":null,"Evan Bet Amount":null,"Evan Win/Lose/Push":null,"Evan":null,"Brandon Bet Amount":null,"Brandon Win/Lose/Push":null,"Brandon":null,"Total Team Bet":null,"Legends Bet":null,"Leaders Bet":null,"To Win":null,"Payout":null,"TOTALS":null,"Mitch Totals":null,"Phil Totals":null,"Bryce Totals":null,"Cory Totals":null,"JB Totals":null,"Ethan Totals":null,"Jaime Totals":null,"Nate Totals":null,"Evan Totals":null,"Brandon Totals":null},{"Week":"100","Date":"07/18/2025","Mitch Bet Amount":null,"Mitch Win/Lose/Push":null,"Mitch":null,"Phil Bet Amount":null,"Phil Win/Lose/Push":null,"Phil":null,"Bryce Bet Amount":null,"Bryce Win/Lose/Push":null,"Bryce":null,"Cory Bet Amount":null,"Cory Win/Lose/Push":null,"Cory":null,"JB Bet Amount":null,"JB Win/Lose/Push":null,"JB":null,"Ethan Bet Amount":null,"Ethan Win/Lose/Push":null,"Ethan":null,"Jaime Bet Amount":null,"Jaime Win/Lose/Push":null,"Jaime":null,"Nathan Bet Amount":null,"Nathan Win/Lose/Push":null,"Nathan":null,"Evan Bet Amount":null,"Evan Win/Lose/Push":null,"Evan":null,"Brandon Bet Amount":null,"Brandon Win/Lose/Push":null,"Brandon":null,"Total Team Bet":null,"Legends Bet":null,"Leaders Bet":null,"To Win":null,"Payout":null,"TOTALS":null,"Mitch Totals":null,"Phil Totals":null,"Bryce Totals":null,"Cory Totals":null,"JB Totals":null,"Ethan Totals":null,"Jaime Totals":null,"Nate Totals":null,"Evan Totals":null,"Brandon Totals":null},{"Week":"101","Date":"07/25/2025","Mitch Bet Amount":null,"Mitch Win/Lose/Push":null,"Mitch":null,"Phil Bet Amount":null,"Phil Win/Lose/Push":null,"Phil":null,"Bryce Bet Amount":null,"Bryce Win/Lose/Push":null,"Bryce":null,"Cory Bet Amount":null,"Cory Win/Lose/Push":null,"Cory":null,"JB Bet Amount":null,"JB Win/Lose/Push":null,"JB":null,"Ethan Bet Amount":null,"Ethan Win/Lose/Push":null,"Ethan":null,"Jaime Bet Amount":null,"Jaime Win/Lose/Push":null,"Jaime":null,"Nathan Bet Amount":null,"Nathan Win/Lose/Push":null,"Nathan":null,"Evan Bet Amount":null,"Evan Win/Lose/Push":null,"Evan":null,"Brandon Bet Amount":null,"Brandon Win/Lose/Push":null,"Brandon":null,"Total Team Bet":null,"Legends Bet":null,"Leaders Bet":null,"To Win":null,"Payout":null,"TOTALS":null,"Mitch Totals":null,"Phil Totals":null,"Bryce Totals":null,"Cory Totals":null,"JB Totals":null,"Ethan Totals":null,"Jaime Totals":null,"Nate Totals":null,"Evan Totals":null,"Brandon Totals":null},{"Week":"102","Date":"08/01/2025","Mitch Bet Amount":null,"Mitch Win/Lose/Push":null,"Mitch":null,"Phil Bet Amount":null,"Phil Win/Lose/Push":null,"Phil":null,"Bryce Bet Amount":null,"Bryce Win/Lose/Push":null,"Bryce":null,"Cory Bet Amount":null,"Cory Win/Lose/Push":null,"Cory":null,"JB Bet Amount":null,"JB Win/Lose/Push":null,"JB":null,"Ethan Bet Amount":null,"Ethan Win/Lose/Push":null,"Ethan":null,"Jaime Bet Amount":null,"Jaime Win/Lose/Push":null,"Jaime":null,"Nathan Bet Amount":null,"Nathan Win/Lose/Push":null,"Nathan":null,"Evan Bet Amount":null,"Evan Win/Lose/Push":null,"Evan":null,"Brandon Bet Amount":null,"Brandon Win/Lose/Push":null,"Brandon":null,"Total Team Bet":null,"Legends Bet":null,"Leaders Bet":null,"To Win":null,"Payout":null,"TOTALS":null,"Mitch Totals":null,"Phil Totals":null,"Bryce Totals":null,"Cory Totals":null,"JB Totals":null,"Ethan Totals":null,"Jaime Totals":null,"Nate Totals":null,"Evan Totals":null,"Brandon Totals":null},{"Week":"103","Date":"08/08/2025","Mitch Bet Amount":null,"Mitch Win/Lose/Push":null,"Mitch":null,"Phil Bet Amount":null,"Phil Win/Lose/Push":null,"Phil":null,"Bryce Bet Amount":null,"Bryce Win/Lose/Push":null,"Bryce":null,"Cory Bet Amount":null,"Cory Win/Lose/Push":null,"Cory":null,"JB Bet Amount":null,"JB Win/Lose/Push":null,"JB":null,"Ethan Bet Amount":null,"Ethan Win/Lose/Push":null,"Ethan":null,"Jaime Bet Amount":null,"Jaime Win/Lose/Push":null,"Jaime":null,"Nathan Bet Amount":null,"Nathan Win/Lose/Push":null,"Nathan":null,"Evan Bet Amount":null,"Evan Win/Lose/Push":null,"Evan":null,"Brandon Bet Amount":null,"Brandon Win/Lose/Push":null,"Brandon":null,"Total Team Bet":null,"Legends Bet":null,"Leaders Bet":null,"To Win":null,"Payout":null,"TOTALS":null,"Mitch Totals":null,"Phil Totals":null,"Bryce Totals":null,"Cory Totals":null,"JB Totals":null,"Ethan Totals":null,"Jaime Totals":null,"Nate Totals":null,"Evan Totals":null,"Brandon Totals":null},{"Week":"104","Date":"08/15/2025","Mitch Bet Amount":null,"Mitch Win/Lose/Push":null,"Mitch":null,"Phil Bet Amount":null,"Phil Win/Lose/Push":null,"Phil":null,"Bryce Bet Amount":null,"Bryce Win/Lose/Push":null,"Bryce":null,"Cory Bet Amount":null,"Cory Win/Lose/Push":null,"Cory":null,"JB Bet Amount":null,"JB Win/Lose/Push":null,"JB":null,"Ethan Bet Amount":null,"Ethan Win/Lose/Push":null,"Ethan":null,"Jaime Bet Amount":null,"Jaime Win/Lose/Push":null,"Jaime":null,"Nathan Bet Amount":null,"Nathan Win/Lose/Push":null,"Nathan":null,"Evan Bet Amount":null,"Evan Win/Lose/Push":null,"Evan":null,"Brandon Bet Amount":null,"Brandon Win/Lose/Push":null,"Brandon":null,"Total Team Bet":null,"Legends Bet":null,"Leaders Bet":null,"To Win":null,"Payout":null,"TOTALS":null,"Mitch Totals":null,"Phil Totals":null,"Bryce Totals":null,"Cory Totals":null,"JB Totals":null,"Ethan Totals":null,"Jaime Totals":null,"Nate Totals":null,"Evan Totals":null,"Brandon Totals":null},{"Week":"105","Date":"08/22/2025","Mitch Bet Amount":null,"Mitch Win/Lose/Push":null,"Mitch":null,"Phil Bet Amount":null,"Phil Win/Lose/Push":null,"Phil":null,"Bryce Bet Amount":null,"Bryce Win/Lose/Push":null,"Bryce":null,"Cory Bet Amount":null,"Cory Win/Lose/Push":null,"Cory":null,"JB Bet Amount":null,"JB Win/Lose/Push":null,"JB":null,"Ethan Bet Amount":null,"Ethan Win/Lose/Push":null,"Ethan":null,"Jaime Bet Amount":null,"Jaime Win/Lose/Push":null,"Jaime":null,"Nathan Bet Amount":null,"Nathan Win/Lose/Push":null,"Nathan":null,"Evan Bet Amount":null,"Evan Win/Lose/Push":null,"Evan":null,"Brandon Bet Amount":null,"Brandon Win/Lose/Push":null,"Brandon":null,"Total Team Bet":null,"Legends Bet":null,"Leaders Bet":null,"To Win":null,"Payout":null,"TOTALS":null,"Mitch Totals":null,"Phil Totals":null,"Bryce Totals":null,"Cory Totals":null,"JB Totals":null,"Ethan Totals":null,"Jaime Totals":null,"Nate Totals":null,"Evan Totals":null,"Brandon Totals":null},{"Week":"106","Date":"08/29/2025","Mitch Bet Amount":null,"Mitch Win/Lose/Push":null,"Mitch":null,"Phil Bet Amount":null,"Phil Win/Lose/Push":null,"Phil":null,"Bryce Bet Amount":null,"Bryce Win/Lose/Push":null,"Bryce":null,"Cory Bet Amount":null,"Cory Win/Lose/Push":null,"Cory":null,"JB Bet Amount":null,"JB Win/Lose/Push":null,"JB":null,"Ethan Bet Amount":null,"Ethan Win/Lose/Push":null,"Ethan":null,"Jaime Bet Amount":null,"Jaime Win/Lose/Push":null,"Jaime":null,"Nathan Bet Amount":null,"Nathan Win/Lose/Push":null,"Nathan":null,"Evan Bet Amount":null,"Evan Win/Lose/Push":null,"Evan":null,"Brandon Bet Amount":null,"Brandon Win/Lose/Push":null,"Brandon":null,"Total Team Bet":null,"Legends Bet":null,"Leaders Bet":null,"To Win":null,"Payout":null,"TOTALS":null,"Mitch Totals":null,"Phil Totals":null,"Bryce Totals":null,"Cory Totals":null,"JB Totals":null,"Ethan Totals":null,"Jaime Totals":null,"Nate Totals":null,"Evan Totals":null,"Brandon Totals":null},{"Week":"107","Date":"09/05/2025","Mitch Bet Amount":null,"Mitch Win/Lose/Push":null,"Mitch":null,"Phil Bet Amount":null,"Phil Win/Lose/Push":null,"Phil":null,"Bryce Bet Amount":null,"Bryce Win/Lose/Push":null,"Bryce":null,"Cory Bet Amount":null,"Cory Win/Lose/Push":null,"Cory":null,"JB Bet Amount":null,"JB Win/Lose/Push":null,"JB":null,"Ethan Bet Amount":null,"Ethan Win/Lose/Push":null,"Ethan":null,"Jaime Bet Amount":null,"Jaime Win/Lose/Push":null,"Jaime":null,"Nathan Bet Amount":null,"Nathan Win/Lose/Push":null,"Nathan":null,"Evan Bet Amount":null,"Evan Win/Lose/Push":null,"Evan":null,"Brandon Bet Amount":null,"Brandon Win/Lose/Push":null,"Brandon":null,"Total Team Bet":null,"Legends Bet":null,"Leaders Bet":null,"To Win":null,"Payout":null,"TOTALS":null,"Mitch Totals":null,"Phil Totals":null,"Bryce Totals":null,"Cory Totals":null,"JB Totals":null,"Ethan Totals":null,"Jaime Totals":null,"Nate Totals":null,"Evan Totals":null,"Brandon Totals":null},{"Week":"108","Date":"09/12/2025","Mitch Bet Amount":null,"Mitch Win/Lose/Push":null,"Mitch":null,"Phil Bet Amount":null,"Phil Win/Lose/Push":null,"Phil":null,"Bryce Bet Amount":null,"Bryce Win/Lose/Push":null,"Bryce":null,"Cory Bet Amount":null,"Cory Win/Lose/Push":null,"Cory":null,"JB Bet Amount":null,"JB Win/Lose/Push":null,"JB":null,"Ethan Bet Amount":null,"Ethan Win/Lose/Push":null,"Ethan":null,"Jaime Bet Amount":null,"Jaime Win/Lose/Push":null,"Jaime":null,"Nathan Bet Amount":null,"Nathan Win/Lose/Push":null,"Nathan":null,"Evan Bet Amount":null,"Evan Win/Lose/Push":null,"Evan":null,"Brandon Bet Amount":null,"Brandon Win/Lose/Push":null,"Brandon":null,"Total Team Bet":null,"Legends Bet":null,"Leaders Bet":null,"To Win":null,"Payout":null,"TOTALS":null,"Mitch Totals":null,"Phil Totals":null,"Bryce Totals":null,"Cory Totals":null,"JB Totals":null,"Ethan Totals":null,"Jaime Totals":null,"Nate Totals":null,"Evan Totals":null,"Brandon Totals":null},{"Week":"109","Date":"09/19/2025","Mitch Bet Amount":null,"Mitch Win/Lose/Push":null,"Mitch":null,"Phil Bet Amount":null,"Phil Win/Lose/Push":null,"Phil":null,"Bryce Bet Amount":null,"Bryce Win/Lose/Push":null,"Bryce":null,"Cory Bet Amount":null,"Cory Win/Lose/Push":null,"Cory":null,"JB Bet Amount":null,"JB Win/Lose/Push":null,"JB":null,"Ethan Bet Amount":null,"Ethan Win/Lose/Push":null,"Ethan":null,"Jaime Bet Amount":null,"Jaime Win/Lose/Push":null,"Jaime":null,"Nathan Bet Amount":null,"Nathan Win/Lose/Push":null,"Nathan":null,"Evan Bet Amount":null,"Evan Win/Lose/Push":null,"Evan":null,"Brandon Bet Amount":null,"Brandon Win/Lose/Push":null,"Brandon":null,"Total Team Bet":null,"Legends Bet":null,"Leaders Bet":null,"To Win":null,"Payout":null,"TOTALS":null,"Mitch Totals":null,"Phil Totals":null,"Bryce Totals":null,"Cory Totals":null,"JB Totals":null,"Ethan Totals":null,"Jaime Totals":null,"Nate Totals":null,"Evan Totals":null,"Brandon Totals":null},{"Week":"110","Date":"09/26/2025","Mitch Bet Amount":null,"Mitch Win/Lose/Push":null,"Mitch":null,"Phil Bet Amount":null,"Phil Win/Lose/Push":null,"Phil":null,"Bryce Bet Amount":null,"Bryce Win/Lose/Push":null,"Bryce":null,"Cory Bet Amount":null,"Cory Win/Lose/Push":null,"Cory":null,"JB Bet Amount":null,"JB Win/Lose/Push":null,"JB":null,"Ethan Bet Amount":null,"Ethan Win/Lose/Push":null,"Ethan":null,"Jaime Bet Amount":null,"Jaime Win/Lose/Push":null,"Jaime":null,"Nathan Bet Amount":null,"Nathan Win/Lose/Push":null,"Nathan":null,"Evan Bet Amount":null,"Evan Win/Lose/Push":null,"Evan":null,"Brandon Bet Amount":null,"Brandon Win/Lose/Push":null,"Brandon":null,"Total Team Bet":null,"Legends Bet":null,"Leaders Bet":null,"To Win":null,"Payout":null,"TOTALS":null,"Mitch Totals":null,"Phil Totals":null,"Bryce Totals":null,"Cory Totals":null,"JB Totals":null,"Ethan Totals":null,"Jaime Totals":null,"Nate Totals":null,"Evan Totals":null,"Brandon Totals":null},{"Week":"111","Date":"10/03/2025","Mitch Bet Amount":null,"Mitch Win/Lose/Push":null,"Mitch":null,"Phil Bet Amount":null,"Phil Win/Lose/Push":null,"Phil":null,"Bryce Bet Amount":null,"Bryce Win/Lose/Push":null,"Bryce":null,"Cory Bet Amount":null,"Cory Win/Lose/Push":null,"Cory":null,"JB Bet Amount":null,"JB Win/Lose/Push":null,"JB":null,"Ethan Bet Amount":null,"Ethan Win/Lose/Push":null,"Ethan":null,"Jaime Bet Amount":null,"Jaime Win/Lose/Push":null,"Jaime":null,"Nathan Bet Amount":null,"Nathan Win/Lose/Push":null,"Nathan":null,"Evan Bet Amount":null,"Evan Win/Lose/Push":null,"Evan":null,"Brandon Bet Amount":null,"Brandon Win/Lose/Push":null,"Brandon":null,"Total Team Bet":null,"Legends Bet":null,"Leaders Bet":null,"To Win":null,"Payout":null,"TOTALS":null,"Mitch Totals":null,"Phil Totals":null,"Bryce Totals":null,"Cory Totals":null,"JB Totals":null,"Ethan Totals":null,"Jaime Totals":null,"Nate Totals":null,"Evan Totals":null,"Brandon Totals":null},{"Week":"112","Date":"10/10/2025","Mitch Bet Amount":null,"Mitch Win/Lose/Push":null,"Mitch":null,"Phil Bet Amount":null,"Phil Win/Lose/Push":null,"Phil":null,"Bryce Bet Amount":null,"Bryce Win/Lose/Push":null,"Bryce":null,"Cory Bet Amount":null,"Cory Win/Lose/Push":null,"Cory":null,"JB Bet Amount":null,"JB Win/Lose/Push":null,"JB":null,"Ethan Bet Amount":null,"Ethan Win/Lose/Push":null,"Ethan":null,"Jaime Bet Amount":null,"Jaime Win/Lose/Push":null,"Jaime":null,"Nathan Bet Amount":null,"Nathan Win/Lose/Push":null,"Nathan":null,"Evan Bet Amount":null,"Evan Win/Lose/Push":null,"Evan":null,"Brandon Bet Amount":null,"Brandon Win/Lose/Push":null,"Brandon":null,"Total Team Bet":null,"Legends Bet":null,"Leaders Bet":null,"To Win":null,"Payout":null,"TOTALS":null,"Mitch Totals":null,"Phil Totals":null,"Bryce Totals":null,"Cory Totals":null,"JB Totals":null,"Ethan Totals":null,"Jaime Totals":null,"Nate Totals":null,"Evan Totals":null,"Brandon Totals":null},{"Week":"113","Date":"10/17/2025","Mitch Bet Amount":null,"Mitch Win/Lose/Push":null,"Mitch":null,"Phil Bet Amount":null,"Phil Win/Lose/Push":null,"Phil":null,"Bryce Bet Amount":null,"Bryce Win/Lose/Push":null,"Bryce":null,"Cory Bet Amount":null,"Cory Win/Lose/Push":null,"Cory":null,"JB Bet Amount":null,"JB Win/Lose/Push":null,"JB":null,"Ethan Bet Amount":null,"Ethan Win/Lose/Push":null,"Ethan":null,"Jaime Bet Amount":null,"Jaime Win/Lose/Push":null,"Jaime":null,"Nathan Bet Amount":null,"Nathan Win/Lose/Push":null,"Nathan":null,"Evan Bet Amount":null,"Evan Win/Lose/Push":null,"Evan":null,"Brandon Bet Amount":null,"Brandon Win/Lose/Push":null,"Brandon":null,"Total Team Bet":null,"Legends Bet":null,"Leaders Bet":null,"To Win":null,"Payout":null,"TOTALS":null,"Mitch Totals":null,"Phil Totals":null,"Bryce Totals":null,"Cory Totals":null,"JB Totals":null,"Ethan Totals":null,"Jaime Totals":null,"Nate Totals":null,"Evan Totals":null,"Brandon Totals":null},{"Week":"114","Date":"10/24/2025","Mitch Bet Amount":null,"Mitch Win/Lose/Push":null,"Mitch":null,"Phil Bet Amount":null,"Phil Win/Lose/Push":null,"Phil":null,"Bryce Bet Amount":null,"Bryce Win/Lose/Push":null,"Bryce":null,"Cory Bet Amount":null,"Cory Win/Lose/Push":null,"Cory":null,"JB Bet Amount":null,"JB Win/Lose/Push":null,"JB":null,"Ethan Bet Amount":null,"Ethan Win/Lose/Push":null,"Ethan":null,"Jaime Bet Amount":null,"Jaime Win/Lose/Push":null,"Jaime":null,"Nathan Bet Amount":null,"Nathan Win/Lose/Push":null,"Nathan":null,"Evan Bet Amount":null,"Evan Win/Lose/Push":null,"Evan":null,"Brandon Bet Amount":null,"Brandon Win/Lose/Push":null,"Brandon":null,"Total Team Bet":null,"Legends Bet":null,"Leaders Bet":null,"To Win":null,"Payout":null,"TOTALS":null,"Mitch Totals":null,"Phil Totals":null,"Bryce Totals":null,"Cory Totals":null,"JB Totals":null,"Ethan Totals":null,"Jaime Totals":null,"Nate Totals":null,"Evan Totals":null,"Brandon Totals":null},{"Week":"115","Date":"10/31/2025","Mitch Bet Amount":null,"Mitch Win/Lose/Push":null,"Mitch":null,"Phil Bet Amount":null,"Phil Win/Lose/Push":null,"Phil":null,"Bryce Bet Amount":null,"Bryce Win/Lose/Push":null,"Bryce":null,"Cory Bet Amount":null,"Cory Win/Lose/Push":null,"Cory":null,"JB Bet Amount":null,"JB Win/Lose/Push":null,"JB":null,"Ethan Bet Amount":null,"Ethan Win/Lose/Push":null,"Ethan":null,"Jaime Bet Amount":null,"Jaime Win/Lose/Push":null,"Jaime":null,"Nathan Bet Amount":null,"Nathan Win/Lose/Push":null,"Nathan":null,"Evan Bet Amount":null,"Evan Win/Lose/Push":null,"Evan":null,"Brandon Bet Amount":null,"Brandon Win/Lose/Push":null,"Brandon":null,"Total Team Bet":null,"Legends Bet":null,"Leaders Bet":null,"To Win":null,"Payout":null,"TOTALS":null,"Mitch Totals":null,"Phil Totals":null,"Bryce Totals":null,"Cory Totals":null,"JB Totals":null,"Ethan Totals":null,"Jaime Totals":null,"Nate Totals":null,"Evan Totals":null,"Brandon Totals":null},{"Week":"116","Date":"11/07/2025","Mitch Bet Amount":null,"Mitch Win/Lose/Push":null,"Mitch":null,"Phil Bet Amount":null,"Phil Win/Lose/Push":null,"Phil":null,"Bryce Bet Amount":null,"Bryce Win/Lose/Push":null,"Bryce":null,"Cory Bet Amount":null,"Cory Win/Lose/Push":null,"Cory":null,"JB Bet Amount":null,"JB Win/Lose/Push":null,"JB":null,"Ethan Bet Amount":null,"Ethan Win/Lose/Push":null,"Ethan":null,"Jaime Bet Amount":null,"Jaime Win/Lose/Push":null,"Jaime":null,"Nathan Bet Amount":null,"Nathan Win/Lose/Push":null,"Nathan":null,"Evan Bet Amount":null,"Evan Win/Lose/Push":null,"Evan":null,"Brandon Bet Amount":null,"Brandon Win/Lose/Push":null,"Brandon":null,"Total Team Bet":null,"Legends Bet":null,"Leaders Bet":null,"To Win":null,"Payout":null,"TOTALS":null,"Mitch Totals":null,"Phil Totals":null,"Bryce Totals":null,"Cory Totals":null,"JB Totals":null,"Ethan Totals":null,"Jaime Totals":null,"Nate Totals":null,"Evan Totals":null,"Brandon Totals":null},{"Week":"117","Date":"11/14/2025","Mitch Bet Amount":null,"Mitch Win/Lose/Push":null,"Mitch":null,"Phil Bet Amount":null,"Phil Win/Lose/Push":null,"Phil":null,"Bryce Bet Amount":null,"Bryce Win/Lose/Push":null,"Bryce":null,"Cory Bet Amount":null,"Cory Win/Lose/Push":null,"Cory":null,"JB Bet Amount":null,"JB Win/Lose/Push":null,"JB":null,"Ethan Bet Amount":null,"Ethan Win/Lose/Push":null,"Ethan":null,"Jaime Bet Amount":null,"Jaime Win/Lose/Push":null,"Jaime":null,"Nathan Bet Amount":null,"Nathan Win/Lose/Push":null,"Nathan":null,"Evan Bet Amount":null,"Evan Win/Lose/Push":null,"Evan":null,"Brandon Bet Amount":null,"Brandon Win/Lose/Push":null,"Brandon":null,"Total Team Bet":null,"Legends Bet":null,"Leaders Bet":null,"To Win":null,"Payout":null,"TOTALS":null,"Mitch Totals":null,"Phil Totals":null,"Bryce Totals":null,"Cory Totals":null,"JB Totals":null,"Ethan Totals":null,"Jaime Totals":null,"Nate Totals":null,"Evan Totals":null,"Brandon Totals":null},{"Week":"118","Date":"11/21/2025","Mitch Bet Amount":null,"Mitch Win/Lose/Push":null,"Mitch":null,"Phil Bet Amount":null,"Phil Win/Lose/Push":null,"Phil":null,"Bryce Bet Amount":null,"Bryce Win/Lose/Push":null,"Bryce":null,"Cory Bet Amount":null,"Cory Win/Lose/Push":null,"Cory":null,"JB Bet Amount":null,"JB Win/Lose/Push":null,"JB":null,"Ethan Bet Amount":null,"Ethan Win/Lose/Push":null,"Ethan":null,"Jaime Bet Amount":null,"Jaime Win/Lose/Push":null,"Jaime":null,"Nathan Bet Amount":null,"Nathan Win/Lose/Push":null,"Nathan":null,"Evan Bet Amount":null,"Evan Win/Lose/Push":null,"Evan":null,"Brandon Bet Amount":null,"Brandon Win/Lose/Push":null,"Brandon":null,"Total Team Bet":null,"Legends Bet":null,"Leaders Bet":null,"To Win":null,"Payout":null,"TOTALS":null,"Mitch Totals":null,"Phil Totals":null,"Bryce Totals":null,"Cory Totals":null,"JB Totals":null,"Ethan Totals":null,"Jaime Totals":null,"Nate Totals":null,"Evan Totals":null,"Brandon Totals":null},{"Week":"119","Date":"11/28/2025","Mitch Bet Amount":null,"Mitch Win/Lose/Push":null,"Mitch":null,"Phil Bet Amount":null,"Phil Win/Lose/Push":null,"Phil":null,"Bryce Bet Amount":null,"Bryce Win/Lose/Push":null,"Bryce":null,"Cory Bet Amount":null,"Cory Win/Lose/Push":null,"Cory":null,"JB Bet Amount":null,"JB Win/Lose/Push":null,"JB":null,"Ethan Bet Amount":null,"Ethan Win/Lose/Push":null,"Ethan":null,"Jaime Bet Amount":null,"Jaime Win/Lose/Push":null,"Jaime":null,"Nathan Bet Amount":null,"Nathan Win/Lose/Push":null,"Nathan":null,"Evan Bet Amount":null,"Evan Win/Lose/Push":null,"Evan":null,"Brandon Bet Amount":null,"Brandon Win/Lose/Push":null,"Brandon":null,"Total Team Bet":null,"Legends Bet":null,"Leaders Bet":null,"To Win":null,"Payout":null,"TOTALS":null,"Mitch Totals":null,"Phil Totals":null,"Bryce Totals":null,"Cory Totals":null,"JB Totals":null,"Ethan Totals":null,"Jaime Totals":null,"Nate Totals":null,"Evan Totals":null,"Brandon Totals":null},{"Week":"120","Date":"12/05/2025","Mitch Bet Amount":null,"Mitch Win/Lose/Push":null,"Mitch":null,"Phil Bet Amount":null,"Phil Win/Lose/Push":null,"Phil":null,"Bryce Bet Amount":null,"Bryce Win/Lose/Push":null,"Bryce":null,"Cory Bet Amount":null,"Cory Win/Lose/Push":null,"Cory":null,"JB Bet Amount":null,"JB Win/Lose/Push":null,"JB":null,"Ethan Bet Amount":null,"Ethan Win/Lose/Push":null,"Ethan":null,"Jaime Bet Amount":null,"Jaime Win/Lose/Push":null,"Jaime":null,"Nathan Bet Amount":null,"Nathan Win/Lose/Push":null,"Nathan":null,"Evan Bet Amount":null,"Evan Win/Lose/Push":null,"Evan":null,"Brandon Bet Amount":null,"Brandon Win/Lose/Push":null,"Brandon":null,"Total Team Bet":null,"Legends Bet":null,"Leaders Bet":null,"To Win":null,"Payout":null,"TOTALS":null,"Mitch Totals":null,"Phil Totals":null,"Bryce Totals":null,"Cory Totals":null,"JB Totals":null,"Ethan Totals":null,"Jaime Totals":null,"Nate Totals":null,"Evan Totals":null,"Brandon Totals":null},{"Week":"121","Date":"12/12/2025","Mitch Bet Amount":null,"Mitch Win/Lose/Push":null,"Mitch":null,"Phil Bet Amount":null,"Phil Win/Lose/Push":null,"Phil":null,"Bryce Bet Amount":null,"Bryce Win/Lose/Push":null,"Bryce":null,"Cory Bet Amount":null,"Cory Win/Lose/Push":null,"Cory":null,"JB Bet Amount":null,"JB Win/Lose/Push":null,"JB":null,"Ethan Bet Amount":null,"Ethan Win/Lose/Push":null,"Ethan":null,"Jaime Bet Amount":null,"Jaime Win/Lose/Push":null,"Jaime":null,"Nathan Bet Amount":null,"Nathan Win/Lose/Push":null,"Nathan":null,"Evan Bet Amount":null,"Evan Win/Lose/Push":null,"Evan":null,"Brandon Bet Amount":null,"Brandon Win/Lose/Push":null,"Brandon":null,"Total Team Bet":null,"Legends Bet":null,"Leaders Bet":null,"To Win":null,"Payout":null,"TOTALS":null,"Mitch Totals":null,"Phil Totals":null,"Bryce Totals":null,"Cory Totals":null,"JB Totals":null,"Ethan Totals":null,"Jaime Totals":null,"Nate Totals":null,"Evan Totals":null,"Brandon Totals":null},{"Week":"122","Date":"12/19/2025","Mitch Bet Amount":null,"Mitch Win/Lose/Push":null,"Mitch":null,"Phil Bet Amount":null,"Phil Win/Lose/Push":null,"Phil":null,"Bryce Bet Amount":null,"Bryce Win/Lose/Push":null,"Bryce":null,"Cory Bet Amount":null,"Cory Win/Lose/Push":null,"Cory":null,"JB Bet Amount":null,"JB Win/Lose/Push":null,"JB":null,"Ethan Bet Amount":null,"Ethan Win/Lose/Push":null,"Ethan":null,"Jaime Bet Amount":null,"Jaime Win/Lose/Push":null,"Jaime":null,"Nathan Bet Amount":null,"Nathan Win/Lose/Push":null,"Nathan":null,"Evan Bet Amount":null,"Evan Win/Lose/Push":null,"Evan":null,"Brandon Bet Amount":null,"Brandon Win/Lose/Push":null,"Brandon":null,"Total Team Bet":null,"Legends Bet":null,"Leaders Bet":null,"To Win":null,"Payout":null,"TOTALS":null,"Mitch Totals":null,"Phil Totals":null,"Bryce Totals":null,"Cory Totals":null,"JB Totals":null,"Ethan Totals":null,"Jaime Totals":null,"Nate Totals":null,"Evan Totals":null,"Brandon Totals":null},{"Week":"123","Date":"12/26/2025","Mitch Bet Amount":null,"Mitch Win/Lose/Push":null,"Mitch":null,"Phil Bet Amount":null,"Phil Win/Lose/Push":null,"Phil":null,"Bryce Bet Amount":null,"Bryce Win/Lose/Push":null,"Bryce":null,"Cory Bet Amount":null,"Cory Win/Lose/Push":null,"Cory":null,"JB Bet Amount":null,"JB Win/Lose/Push":null,"JB":null,"Ethan Bet Amount":null,"Ethan Win/Lose/Push":null,"Ethan":null,"Jaime Bet Amount":null,"Jaime Win/Lose/Push":null,"Jaime":null,"Nathan Bet Amount":null,"Nathan Win/Lose/Push":null,"Nathan":null,"Evan Bet Amount":null,"Evan Win/Lose/Push":null,"Evan":null,"Brandon Bet Amount":null,"Brandon Win/Lose/Push":null,"Brandon":null,"Total Team Bet":null,"Legends Bet":null,"Leaders Bet":null,"To Win":null,"Payout":null,"TOTALS":null,"Mitch Totals":null,"Phil Totals":null,"Bryce Totals":null,"Cory Totals":null,"JB Totals":null,"Ethan Totals":null,"Jaime Totals":null,"Nate Totals":null,"Evan Totals":null,"Brandon Totals":null},{"Week":"124","Date":"01/02/2026","Mitch Bet Amount":null,"Mitch Win/Lose/Push":null,"Mitch":null,"Phil Bet Amount":null,"Phil Win/Lose/Push":null,"Phil":null,"Bryce Bet Amount":null,"Bryce Win/Lose/Push":null,"Bryce":null,"Cory Bet Amount":null,"Cory Win/Lose/Push":null,"Cory":null,"JB Bet Amount":null,"JB Win/Lose/Push":null,"JB":null,"Ethan Bet Amount":null,"Ethan Win/Lose/Push":null,"Ethan":null,"Jaime Bet Amount":null,"Jaime Win/Lose/Push":null,"Jaime":null,"Nathan Bet Amount":null,"Nathan Win/Lose/Push":null,"Nathan":null,"Evan Bet Amount":null,"Evan Win/Lose/Push":null,"Evan":null,"Brandon Bet Amount":null,"Brandon Win/Lose/Push":null,"Brandon":null,"Total Team Bet":null,"Legends Bet":null,"Leaders Bet":null,"To Win":null,"Payout":null,"TOTALS":null,"Mitch Totals":null,"Phil Totals":null,"Bryce Totals":null,"Cory Totals":null,"JB Totals":null,"Ethan Totals":null,"Jaime Totals":null,"Nate Totals":null,"Evan Totals":null,"Brandon Totals":null},{"Week":"125","Date":"01/09/2026","Mitch Bet Amount":null,"Mitch Win/Lose/Push":null,"Mitch":null,"Phil Bet Amount":null,"Phil Win/Lose/Push":null,"Phil":null,"Bryce Bet Amount":null,"Bryce Win/Lose/Push":null,"Bryce":null,"Cory Bet Amount":null,"Cory Win/Lose/Push":null,"Cory":null,"JB Bet Amount":null,"JB Win/Lose/Push":null,"JB":null,"Ethan Bet Amount":null,"Ethan Win/Lose/Push":null,"Ethan":null,"Jaime Bet Amount":null,"Jaime Win/Lose/Push":null,"Jaime":null,"Nathan Bet Amount":null,"Nathan Win/Lose/Push":null,"Nathan":null,"Evan Bet Amount":null,"Evan Win/Lose/Push":null,"Evan":null,"Brandon Bet Amount":null,"Brandon Win/Lose/Push":null,"Brandon":null,"Total Team Bet":null,"Legends Bet":null,"Leaders Bet":null,"To Win":null,"Payout":null,"TOTALS":null,"Mitch Totals":null,"Phil Totals":null,"Bryce Totals":null,"Cory Totals":null,"JB Totals":null,"Ethan Totals":null,"Jaime Totals":null,"Nate Totals":null,"Evan Totals":null,"Brandon Totals":null}]
3:31:45 AM [express] GET /api/data 304 in 4ms :: [{"Week":"1","Date":"8/23/24","Mitch Bet Amount":"$5","Mitch Win/Lose/Push":"Loss","Mitch":"FSU -10.5","Phil Bet Amount":"$5","Phil Win/Lose/Push":"Loss","Phil":"Montana State -13.5","Bryce Bet Amount":"$15","Bryce Win/Lose/Push":"Win","Bryce":"Burns over Im","Cory Bet Amount":"$5","Cory Win/Lose/Push":"Loss","Cory":"Ludvig or Clark ","JB Bet Amount":"$5","JB Win/Lose/Push":"Loss","JB":"Colorado","Ethan Bet Amount":"$5","Ethan Win/Lose/Push":"Win","Ethan":"Gophers UNC Under","Jaime Bet Amount":"5","Jaime Win/Lose/Push":"Win","Jaime":"Tail Ethan","Nathan Bet Amount":"","Nathan Win/Lose/Push":"","Nathan":"","Evan Bet Amount":"","Evan Win/Lose/Push":"","Evan":"","Brandon Bet Amount":"","Brandon Win/Lose/Push":"","Brandon":"","Total Team Bet":"$45.00","Legends Bet":"","Leaders Bet":"","To Win":"","Payout":"","TOTALS":"Total Bet","Mitch Totals":"360","Phil Totals":"385","Bryce Totals":"300","Cory Totals":"365","JB Totals":"260","Ethan Totals":"295","Jaime Totals":"415","Nate Totals":"0","Evan Totals":"0","Brandon Totals":"0"},{"Week":"2","Date":"8/30/24","Mitch Bet Amount":"$10","Mitch Win/Lose/Push":"Loss","Mitch":"Texas CSU over","Phil Bet Amount":"$10","Phil Win/Lose/Push":"Win","Phil":"Clemson uga under","Bryce Bet Amount":"$5","Bryce Win/Lose/Push":"Win","Bryce":"Notre Dame ","Cory Bet Amount":"$10","Cory Win/Lose/Push":"Win","Cory":"Penn state cover","JB Bet Amount":"$10","JB Win/Lose/Push":"Win","JB":"Florida over","Ethan Bet Amount":"$5","Ethan Win/Lose/Push":"Win","Ethan":"Georgia -12","Jaime Bet Amount":"5","Jaime Win/Lose/Push":"Win","Jaime":"Tail Ethan","Nathan Bet Amount":"","Nathan Win/Lose/Push":"","Nathan":"","Evan Bet Amount":"","Evan Win/Lose/Push":"","Evan":"","Brandon Bet Amount":"","Brandon Win/Lose/Push":"","Brandon":"","Total Team Bet":"$55.00","Legends Bet":"","Leaders Bet":"","To Win":"","Payout":"","TOTALS":"Total Wins","Mitch Totals":"13","Phil Totals":"12","Bryce Totals":"17","Cory Totals":"10","JB Totals":"16","Ethan Totals":"15","Jaime Totals":"11","Nate Totals":"0","Evan Totals":"0","Brandon Totals":"0"},{"Week":"3","Date":"9/6/24","Mitch Bet Amount":"$15","Mitch Win/Lose/Push":"Loss","Mitch":"Maryland Cover","Phil Bet Amount":"$5","Phil Win/Lose/Push":"Loss","Phil":"Michigan Texas Under","Bryce Bet Amount":"$5","Bryce Win/Lose/Push":"Loss","Bryce":"Iowa ","Cory Bet Amount":"$5","Cory Win/Lose/Push":"Win","Cory":"Clemson over ","JB Bet Amount":"$5","JB Win/Lose/Push":"Loss","JB":"Oregon","Ethan Bet Amount":"$5","Ethan Win/Lose/Push":"Loss","Ethan":"Colorado cover ","Jaime Bet Amount":"5","Jaime Win/Lose/Push":"Loss","Jaime":"Tail Ethan","Nathan Bet Amount":"","Nathan Win/Lose/Push":"","Nathan":"","Evan Bet Amount":"","Evan Win/Lose/Push":"","Evan":"","Brandon Bet Amount":"","Brandon Win/Lose/Push":"","Brandon":"","Total Team Bet":"$45.00","Legends Bet":"","Leaders Bet":"","To Win":"","Payout":"","TOTALS":"Total Losses","Mitch Totals":"17","Phil Totals":"19","Bryce Totals":"14","Cory Totals":"19","JB Totals":"15","Ethan Totals":"16","Jaime Totals":"18","Nate Totals":"0","Evan Totals":"0","Brandon Totals":"0"},{"Week":"4","Date":"9/13/24","Mitch Bet Amount":"$20","Mitch Win/Lose/Push":"Loss","Mitch":"Bryce","Phil Bet Amount":"$10","Phil Win/Lose/Push":"Loss","Phil":"LA Tech NC State Under","Bryce Bet Amount":"$10","Bryce Win/Lose/Push":"Loss","Bryce":"Oregon State ","Cory Bet Amount":"$5","Cory Win/Lose/Push":"Loss","Cory":"Georgia ","JB Bet Amount":"$10","JB Win/Lose/Push":"Win","JB":"indiana","Ethan Bet Amount":"$10","Ethan Win/Lose/Push":"Win","Ethan":"Gopher under ","Jaime Bet Amount":"10","Jaime Win/Lose/Push":"Loss","Jaime":"Tail Cory","Nathan Bet Amount":"","Nathan Win/Lose/Push":"","Nathan":"","Evan Bet Amount":"","Evan Win/Lose/Push":"","Evan":"","Brandon Bet Amount":"","Brandon Win/Lose/Push":"","Brandon":"","Total Team Bet":"$75.00","Legends Bet":"","Leaders Bet":"","To Win":"","Payout":"","TOTALS":"Total Pushes","Mitch Totals":"1","Phil Totals":"0","Bryce Totals":"0","Cory Totals":"2","JB Totals":"0","Ethan Totals":"0","Jaime Totals":"2","Nate Totals":"0","Evan Totals":"0","Brandon Totals":"0"},{"Week":"5","Date":"9/20/24","Mitch Bet Amount":"$25","Mitch Win/Lose/Push":"Loss","Mitch":"Ethan ","Phil Bet Amount":"$15","Phil Win/Lose/Push":"Loss","Phil":"Gophers Iowa Under ","Bryce Bet Amount":"$15","Bryce Win/Lose/Push":"Loss","Bryce":"OSU ","Cory Bet Amount":"$10","Cory Win/Lose/Push":"Win","Cory":"Clemson over  ","JB Bet Amount":"$5","JB Win/Lose/Push":"Win","JB":"Colorado State under ","Ethan Bet Amount":"$5","Ethan Win/Lose/Push":"Loss","Ethan":"USC ","Jaime Bet Amount":"15","Jaime Win/Lose/Push":"Win","Jaime":"Tail Cory ","Nathan Bet Amount":"","Nathan Win/Lose/Push":"","Nathan":"","Evan Bet Amount":"","Evan Win/Lose/Push":"","Evan":"","Brandon Bet Amount":"","Brandon Win/Lose/Push":"","Brandon":"","Total Team Bet":"$90.00","Legends Bet":"","Leaders Bet":"","To Win":"","Payout":"","TOTALS":"Win Percentage","Mitch Totals":"43.33%","Phil Totals":"38.71%","Bryce Totals":"54.84%","Cory Totals":"34.48%","JB Totals":"51.61%","Ethan Totals":"48.39%","Jaime Totals":"37.93%","Nate Totals":"0.00%","Evan Totals":"0.00%","Brandon Totals":"0.00%"},{"Week":"6","Date":"9/27/24","Mitch Bet Amount":"$30","Mitch Win/Lose/Push":"Loss","Mitch":"JB","Phil Bet Amount":"$20","Phil Win/Lose/Push":"Loss","Phil":"Cory","Bryce Bet Amount":"$20","Bryce Win/Lose/Push":"Loss","Bryce":"JB ","Cory Bet Amount":"$5","Cory Win/Lose/Push":"Loss","Cory":"Penn state over","JB Bet Amount":"$5","JB Win/Lose/Push":"Loss","JB":"Michigan","Ethan Bet Amount":"$10","Ethan Win/Lose/Push":"Loss","Ethan":"Georgia","Jaime Bet Amount":"5","Jaime Win/Lose/Push":"Loss","Jaime":"Texas Miss St Over","Nathan Bet Amount":"","Nathan Win/Lose/Push":"","Nathan":"","Evan Bet Amount":"","Evan Win/Lose/Push":"","Evan":"","Brandon Bet Amount":"","Brandon Win/Lose/Push":"","Brandon":"","Total Team Bet":"$95.00","Legends Bet":null,"Leaders Bet":null,"To Win":null,"Payout":null,"TOTALS":null,"Mitch Totals":null,"Phil Totals":null,"Bryce Totals":null,"Cory Totals":null,"JB Totals":null,"Ethan Totals":null,"Jaime Totals":null,"Nate Totals":null,"Evan Totals":null,"Brandon Totals":null},{"Week":"7","Date":"10/4/24","Mitch Bet Amount":"$35","Mitch Win/Lose/Push":"Win","Mitch":"JB","Phil Bet Amount":"$25","Phil Win/Lose/Push":"Loss","Phil":"Jaime","Bryce Bet Amount":"$25","Bryce Win/Lose/Push":"Win","Bryce":"JB","Cory Bet Amount":"$10","Cory Win/Lose/Push":"Loss","Cory":"South Carolina cover","JB Bet Amount":"$10","JB Win/Lose/Push":"Win","JB":"Ohio st","Ethan Bet Amount":"$15","Ethan Win/Lose/Push":"Loss","Ethan":"Northwestern","Jaime Bet Amount":"10","Jaime Win/Lose/Push":"Loss","Jaime":"Michigan Cover","Nathan Bet Amount":"","Nathan Win/Lose/Push":"","Nathan":"","Evan Bet Amount":"","Evan Win/Lose/Push":"","Evan":"","Brandon Bet Amount":"","Brandon Win/Lose/Push":"","Brandon":"","Total Team Bet":"$130.00","Legends Bet":null,"Leaders Bet":null,"To Win":null,"Payout":null,"TOTALS":null,"Mitch Totals":null,"Phil Totals":null,"Bryce Totals":null,"Cory Totals":null,"JB Totals":null,"Ethan Totals":null,"Jaime Totals":null,"Nate Totals":null,"Evan Totals":null,"Brandon Totals":null},{"Week":"8","Date":"10/11/24","Mitch Bet Amount":"$5","Mitch Win/Lose/Push":"Win","Mitch":"Penn State","Phil Bet Amount":"$30","Phil Win/Lose/Push":"Loss","Phil":"JB","Bryce Bet Amount":"$5","Bryce Win/Lose/Push":"Loss","Bryce":"Ohio state","Cory Bet Amount":"$15","Cory Win/Lose/Push":"Loss","Cory":"Boise over ","JB Bet Amount":"$5","JB Win/Lose/Push":"Loss","JB":"Kentucky","Ethan Bet Amount":"$20","Ethan Win/Lose/Push":"Loss","Ethan":"Cory","Jaime Bet Amount":"15","Jaime Win/Lose/Push":"Win","Jaime":"ND/Stanford Over","Nathan Bet Amount":"","Nathan Win/Lose/Push":"","Nathan":"","Evan Bet Amount":"","Evan Win/Lose/Push":"","Evan":"","Brandon Bet Amount":"","Brandon Win/Lose/Push":"","Brandon":"","Total Team Bet":"$95.00","Legends Bet":null,"Leaders Bet":null,"To Win":null,"Payout":null,"TOTALS":null,"Mitch Totals":null,"Phil Totals":null,"Bryce Totals":null,"Cory Totals":null,"JB Totals":null,"Ethan Totals":null,"Jaime Totals":null,"Nate Totals":null,"Evan Totals":null,"Brandon Totals":null},{"Week":"9","Date":"10/17/24","Mitch Bet Amount":"$5","Mitch Win/Lose/Push":"Win","Mitch":"Kansas St","Phil Bet Amount":"$35","Phil Win/Lose/Push":"Loss","Phil":"JB","Bryce Bet Amount":"$10","Bryce Win/Lose/Push":"Win","Bryce":"Illinois","Cory Bet Amount":"$20","Cory Win/Lose/Push":"Push","Cory":"Jaime","JB Bet Amount":"$10","JB Win/Lose/Push":"Loss","JB":"Rutgers","Ethan Bet Amount":"$25","Ethan Win/Lose/Push":"Loss","Ethan":"JB","Jaime Bet Amount":"5","Jaime Win/Lose/Push":"Push","Jaime":"Army Cover","Nathan Bet Amount":"","Nathan Win/Lose/Push":"","Nathan":"","Evan Bet Amount":"","Evan Win/Lose/Push":"","Evan":"","Brandon Bet Amount":"","Brandon Win/Lose/Push":"","Brandon":"","Total Team Bet":"$110.00","Legends Bet":null,"Leaders Bet":null,"To Win":null,"Payout":null,"TOTALS":null,"Mitch Totals":null,"Phil Totals":null,"Bryce Totals":null,"Cory Totals":null,"JB Totals":null,"Ethan Totals":null,"Jaime Totals":null,"Nate Totals":null,"Evan Totals":null,"Brandon Totals":null},{"Week":"10","Date":"10/25/24","Mitch Bet Amount":"$5","Mitch Win/Lose/Push":"Loss","Mitch":"UCF ","Phil Bet Amount":"$40","Phil Win/Lose/Push":"Win","Phil":"JB ","Bryce Bet Amount":"$5","Bryce Win/Lose/Push":"Loss","Bryce":"\"Illinois, I guess\" ","Cory Bet Amount":"$20","Cory Win/Lose/Push":"Win","Cory":"Jaime ","JB Bet Amount":"$15","JB Win/Lose/Push":"Win","JB":"Miami ","Ethan Bet Amount":"$30","Ethan Win/Lose/Push":"Win","Ethan":"Jaime ","Jaime Bet Amount":"5","Jaime Win/Lose/Push":"Win","Jaime":"PSU Cover ","Nathan Bet Amount":"","Nathan Win/Lose/Push":"","Nathan":"","Evan Bet Amount":"","Evan Win/Lose/Push":"","Evan":"","Brandon Bet Amount":"","Brandon Win/Lose/Push":"","Brandon":"","Total Team Bet":"$120.00","Legends Bet":null,"Leaders Bet":null,"To Win":null,"Payout":null,"TOTALS":null,"Mitch Totals":null,"Phil Totals":null,"Bryce Totals":null,"Cory Totals":null,"JB Totals":null,"Ethan Totals":null,"Jaime Totals":null,"Nate Totals":null,"Evan Totals":null,"Brandon Totals":null},{"Week":"11","Date":"11/1/24","Mitch Bet Amount":"$10","Mitch Win/Lose/Push":"Win","Mitch":"Indiana","Phil Bet Amount":"$5","Phil Win/Lose/Push":"Win","Phil":"Ethan ","Bryce Bet Amount":"$10","Bryce Win/Lose/Push":"Win","Bryce":"Vikings ","Cory Bet Amount":"$5","Cory Win/Lose/Push":"Loss","Cory":"Navy over","JB Bet Amount":"$5","JB Win/Lose/Push":"Loss","JB":"Kansas St","Ethan Bet Amount":"$5","Ethan Win/Lose/Push":"Win","Ethan":"Ohio state ","Jaime Bet Amount":"5","Jaime Win/Lose/Push":"Loss","Jaime":"Army/AF Over","Nathan Bet Amount":"","Nathan Win/Lose/Push":"","Nathan":"","Evan Bet Amount":"","Evan Win/Lose/Push":"","Evan":"","Brandon Bet Amount":"","Brandon Win/Lose/Push":"","Brandon":"","Total Team Bet":"$45.00","Legends Bet":null,"Leaders Bet":null,"To Win":null,"Payout":null,"TOTALS":null,"Mitch Totals":null,"Phil Totals":null,"Bryce Totals":null,"Cory Totals":null,"JB Totals":null,"Ethan Totals":null,"Jaime Totals":null,"Nate Totals":null,"Evan Totals":null,"Brandon Totals":null},{"Week":"12","Date":"11/8/24","Mitch Bet Amount":"$5","Mitch Win/Lose/Push":"Loss","Mitch":"Gophers","Phil Bet Amount":"$5","Phil Win/Lose/Push":"Loss","Phil":"Mitch","Bryce Bet Amount":"$5","Bryce Win/Lose/Push":"Loss","Bryce":"Vikings ","Cory Bet Amount":"$10","Cory Win/Lose/Push":"Loss","Cory":"Clemson over","JB Bet Amount":"$10","JB Win/Lose/Push":"Loss","JB":"bryce","Ethan Bet Amount":"$5","Ethan Win/Lose/Push":"Win","Ethan":"Steelers +3","Jaime Bet Amount":"10","Jaime Win/Lose/Push":"Loss","Jaime":"Georgia Cover","Nathan Bet Amount":"","Nathan Win/Lose/Push":"","Nathan":"","Evan Bet Amount":"","Evan Win/Lose/Push":"","Evan":"","Brandon Bet Amount":"","Brandon Win/Lose/Push":"","Brandon":"","Total Team Bet":"$50.00","Legends Bet":null,"Leaders Bet":null,"To Win":null,"Payout":null,"TOTALS":null,"Mitch Totals":null,"Phil Totals":null,"Bryce Totals":null,"Cory Totals":null,"JB Totals":null,"Ethan Totals":null,"Jaime Totals":null,"Nate Totals":null,"Evan Totals":null,"Brandon Totals":null},{"Week":"13","Date":"11/15/24","Mitch Bet Amount":"$10","Mitch Win/Lose/Push":"Loss","Mitch":"Oregon","Phil Bet Amount":"$10","Phil Win/Lose/Push":"Loss","Phil":"JB","Bryce Bet Amount":"$10","Bryce Win/Lose/Push":"Win","Bryce":"Vikings","Cory Bet Amount":"$15","Cory Win/Lose/Push":"Loss","Cory":"KSU over ","JB Bet Amount":"$15","JB Win/Lose/Push":"Loss","JB":"SMU","Ethan Bet Amount":"$5","Ethan Win/Lose/Push":"Win","Ethan":"Illinois","Jaime Bet Amount":"15","Jaime Win/Lose/Push":"Loss","Jaime":"Packers Cover","Nathan Bet Amount":"","Nathan Win/Lose/Push":"","Nathan":"","Evan Bet Amount":"","Evan Win/Lose/Push":"","Evan":"","Brandon Bet Amount":"","Brandon Win/Lose/Push":"","Brandon":"","Total Team Bet":"$80.00","Legends Bet":null,"Leaders Bet":null,"To Win":null,"Payout":null,"TOTALS":null,"Mitch Totals":null,"Phil Totals":null,"Bryce Totals":null,"Cory Totals":null,"JB Totals":null,"Ethan Totals":null,"Jaime Totals":null,"Nate Totals":null,"Evan Totals":null,"Brandon Totals":null},{"Week":"14","Date":"11/22/24","Mitch Bet Amount":"$15","Mitch Win/Lose/Push":"Win","Mitch":"Boston College  ","Phil Bet Amount":"$15","Phil Win/Lose/Push":"Loss","Phil":"UNC / Boston College Under ","Bryce Bet Amount":"$5","Bryce Win/Lose/Push":"Win","Bryce":"Lions ","Cory Bet Amount":"$20","Cory Win/Lose/Push":"Win","Cory":"Bryce  ","JB Bet Amount":"$20","JB Win/Lose/Push":"Win","JB":"Bruce ","Ethan Bet Amount":"$5","Ethan Win/Lose/Push":"Loss","Ethan":"Gopher under ","Jaime Bet Amount":"20","Jaime Win/Lose/Push":"Loss","Jaime":"Tail Ethan ","Nathan Bet Amount":"","Nathan Win/Lose/Push":"","Nathan":"","Evan Bet Amount":"","Evan Win/Lose/Push":"","Evan":"","Brandon Bet Amount":"","Brandon Win/Lose/Push":"","Brandon":"","Total Team Bet":"$100.00","Legends Bet":null,"Leaders Bet":null,"To Win":null,"Payout":null,"TOTALS":null,"Mitch Totals":null,"Phil Totals":null,"Bryce Totals":null,"Cory Totals":null,"JB Totals":null,"Ethan Totals":null,"Jaime Totals":null,"Nate Totals":null,"Evan Totals":null,"Brandon Totals":null},{"Week":"15","Date":"11/29/24","Mitch Bet Amount":"$5","Mitch Win/Lose/Push":"Loss","Mitch":"Kansas ","Phil Bet Amount":"$20","Phil Win/Lose/Push":"Win","Phil":"Cory","Bryce Bet Amount":"$5","Bryce Win/Lose/Push":"Loss","Bryce":"Maryland ","Cory Bet Amount":"$5","Cory Win/Lose/Push":"Win","Cory":"Notre dame ","JB Bet Amount":"$5","JB Win/Lose/Push":"Loss","JB":"usf","Ethan Bet Amount":"$10","Ethan Win/Lose/Push":"Loss","Ethan":"Tennessee titans  ","Jaime Bet Amount":"25","Jaime Win/Lose/Push":"Win","Jaime":"Tail Cory","Nathan Bet Amount":"","Nathan Win/Lose/Push":"","Nathan":"","Evan Bet Amount":"","Evan Win/Lose/Push":"","Evan":"","Brandon Bet Amount":"","Brandon Win/Lose/Push":"","Brandon":"","Total Team Bet":"$75.00","Legends Bet":null,"Leaders Bet":null,"To Win":null,"Payout":null,"TOTALS":null,"Mitch Totals":null,"Phil Totals":null,"Bryce Totals":null,"Cory Totals":null,"JB Totals":null,"Ethan Totals":null,"Jaime Totals":null,"Nate Totals":null,"Evan Totals":null,"Brandon Totals":null},{"Week":"16","Date":"12/6/24","Mitch Bet Amount":"$10","Mitch Win/Lose/Push":"Loss","Mitch":"Miami (OH) ","Phil Bet Amount":"$5","Phil Win/Lose/Push":"Win","Phil":"Ethan ","Bryce Bet Amount":"$10","Bryce Win/Lose/Push":"Loss","Bryce":"Texas ","Cory Bet Amount":"$5","Cory Win/Lose/Push":"Loss","Cory":"Smu ","JB Bet Amount":"$10","JB Win/Lose/Push":"Win","JB":"ethan ","Ethan Bet Amount":"$15","Ethan Win/Lose/Push":"Win","Ethan":"QUACK ","Jaime Bet Amount":"5","Jaime Win/Lose/Push":"Win","Jaime":"Tampa Bay -6.5","Nathan Bet Amount":"","Nathan Win/Lose/Push":"","Nathan":"","Evan Bet Amount":"","Evan Win/Lose/Push":"","Evan":"","Brandon Bet Amount":"","Brandon Win/Lose/Push":"","Brandon":"","Total Team Bet":"$60.00","Legends Bet":null,"Leaders Bet":null,"To Win":null,"Payout":null,"TOTALS":null,"Mitch Totals":null,"Phil Totals":null,"Bryce Totals":null,"Cory Totals":null,"JB Totals":null,"Ethan Totals":null,"Jaime Totals":null,"Nate Totals":null,"Evan Totals":null,"Brandon Totals":null},{"Week":"17","Date":"12/13/24","Mitch Bet Amount":"$15","Mitch Win/Lose/Push":"Loss","Mitch":"Ethan ","Phil Bet Amount":"$5","Phil Win/Lose/Push":"Loss","Phil":"Army/navy Under ","Bryce Bet Amount":"$15","Bryce Win/Lose/Push":"Win","Bryce":"Vikings ","Cory Bet Amount":"$10","Cory Win/Lose/Push":"Win","Cory":"Unlv cover  ","JB Bet Amount":"$5","JB Win/Lose/Push":"Loss","JB":"Mississippi st ","Ethan Bet Amount":"$5","Ethan Win/Lose/Push":"Loss","Ethan":"Georgia southern ","Jaime Bet Amount":"5","Jaime Win/Lose/Push":"Loss","Jaime":"Jack St/SC St Over ","Nathan Bet Amount":"","Nathan Win/Lose/Push":"","Nathan":"","Evan Bet Amount":"","Evan Win/Lose/Push":"","Evan":"","Brandon Bet Amount":"","Brandon Win/Lose/Push":"","Brandon":"","Total Team Bet":"$60.00","Legends Bet":null,"Leaders Bet":null,"To Win":null,"Payout":null,"TOTALS":null,"Mitch Totals":null,"Phil Totals":null,"Bryce Totals":null,"Cory Totals":null,"JB Totals":null,"Ethan Totals":null,"Jaime Totals":null,"Nate Totals":null,"Evan Totals":null,"Brandon Totals":null},{"Week":"18","Date":"12/20/24","Mitch Bet Amount":"$20","Mitch Win/Lose/Push":"Loss","Mitch":"Cory","Phil Bet Amount":"$10","Phil Win/Lose/Push":"Loss","Phil":"Texas/Clemson Under","Bryce Bet Amount":"$5","Bryce Win/Lose/Push":"Win","Bryce":"lions","Cory Bet Amount":"$5","Cory Win/Lose/Push":"Loss","Cory":"Eagles","JB Bet Amount":"$10","JB Win/Lose/Push":"Loss","JB":"wild over ","Ethan Bet Amount":"$10","Ethan Win/Lose/Push":"Win","Ethan":"Texas","Jaime Bet Amount":"10","Jaime Win/Lose/Push":"Win","Jaime":"Colts Cover","Nathan Bet Amount":"","Nathan Win/Lose/Push":"","Nathan":"","Evan Bet Amount":"","Evan Win/Lose/Push":"","Evan":"","Brandon Bet Amount":"","Brandon Win/Lose/Push":"","Brandon":"","Total Team Bet":"$70.00","Legends Bet":null,"Leaders Bet":null,"To Win":null,"Payout":null,"TOTALS":null,"Mitch Totals":null,"Phil Totals":null,"Bryce Totals":null,"Cory Totals":null,"JB Totals":null,"Ethan Totals":null,"Jaime Totals":null,"Nate Totals":null,"Evan Totals":null,"Brandon Totals":null},{"Week":"19","Date":"12/27/24","Mitch Bet Amount":"$25","Mitch Win/Lose/Push":"Win","Mitch":"Ethan","Phil Bet Amount":"$15","Phil Win/Lose/Push":"Win","Phil":"Iowa State/Miami Over","Bryce Bet Amount":"$5","Bryce Win/Lose/Push":"Win","Bryce":"vikes","Cory Bet Amount":"$10","Cory Win/Lose/Push":"Win","Cory":"Det lions","JB Bet Amount":"$15","JB Win/Lose/Push":"Win","JB":"Penn St","Ethan Bet Amount":"$5","Ethan Win/Lose/Push":"Win","Ethan":"Gophers","Jaime Bet Amount":"5","Jaime Win/Lose/Push":"Loss","Jaime":"Panthers Cover","Nathan Bet Amount":"","Nathan Win/Lose/Push":"","Nathan":"","Evan Bet Amount":"","Evan Win/Lose/Push":"","Evan":"","Brandon Bet Amount":"","Brandon Win/Lose/Push":"","Brandon":"","Total Team Bet":"$80.00","Legends Bet":null,"Leaders Bet":null,"To Win":null,"Payout":null,"TOTALS":null,"Mitch Totals":null,"Phil Totals":null,"Bryce Totals":null,"Cory Totals":null,"JB Totals":null,"Ethan Totals":null,"Jaime Totals":null,"Nate Totals":null,"Evan Totals":null,"Brandon Totals":null},{"Week":"20","Date":"1/3/25","Mitch Bet Amount":"$5","Mitch Win/Lose/Push":"Win","Mitch":"Ethan","Phil Bet Amount":"$5","Phil Win/Lose/Push":"Win","Phil":"Buffalo -3 v Liberty","Bryce Bet Amount":"$5","Bryce Win/Lose/Push":"Loss","Bryce":"Vikings ","Cory Bet Amount":"$5","Cory Win/Lose/Push":"Loss","Cory":"Penn state","JB Bet Amount":"$5","JB Win/Lose/Push":"Win","JB":"chargers -4.5","Ethan Bet Amount":"$5","Ethan Win/Lose/Push":"Win","Ethan":"Osu","Jaime Bet Amount":"10","Jaime Win/Lose/Push":"Loss","Jaime":"OSU/Texas Over","Nathan Bet Amount":"","Nathan Win/Lose/Push":"","Nathan":"","Evan Bet Amount":"","Evan Win/Lose/Push":"","Evan":"","Brandon Bet Amount":"","Brandon Win/Lose/Push":"","Brandon":"","Total Team Bet":"$40.00","Legends Bet":null,"Leaders Bet":null,"To Win":null,"Payout":null,"TOTALS":null,"Mitch Totals":null,"Phil Totals":null,"Bryce Totals":null,"Cory Totals":null,"JB Totals":null,"Ethan Totals":null,"Jaime Totals":null,"Nate Totals":null,"Evan Totals":null,"Brandon Totals":null},{"Week":"21","Date":"1/10/25","Mitch Bet Amount":"$5","Mitch Win/Lose/Push":"Loss","Mitch":"Ethan","Phil Bet Amount":"$5","Phil Win/Lose/Push":"Win","Phil":"Pittsburgh/Baltimore Under","Bryce Bet Amount":"$10","Bryce Win/Lose/Push":"Loss","Bryce":"Vikings","Cory Bet Amount":"$10","Cory Win/Lose/Push":"Loss","Cory":"Chargers ","JB Bet Amount":"$5","JB Win/Lose/Push":"Win","JB":"Saint Mary's bball","Ethan Bet Amount":"$5","Ethan Win/Lose/Push":"Loss","Ethan":"Wolves under","Jaime Bet Amount":"15","Jaime Win/Lose/Push":"Loss","Jaime":"Packers Cover","Nathan Bet Amount":"","Nathan Win/Lose/Push":"","Nathan":"","Evan Bet Amount":"","Evan Win/Lose/Push":"","Evan":"","Brandon Bet Amount":"","Brandon Win/Lose/Push":"","Brandon":"","Total Team Bet":"$55.00","Legends Bet":null,"Leaders Bet":null,"To Win":null,"Payout":null,"TOTALS":null,"Mitch Totals":null,"Phil Totals":null,"Bryce Totals":null,"Cory Totals":null,"JB Totals":null,"Ethan Totals":null,"Jaime Totals":null,"Nate Totals":null,"Evan Totals":null,"Brandon Totals":null},{"Week":"22","Date":"1/17/25","Mitch Bet Amount":"$10","Mitch Win/Lose/Push":"Loss","Mitch":"Houston ","Phil Bet Amount":"$5","Phil Win/Lose/Push":"Win","Phil":"Alabama","Bryce Bet Amount":"$15","Bryce Win/Lose/Push":"Loss","Bryce":"Ravens","Cory Bet Amount":"$15","Cory Win/Lose/Push":"Push","Cory":"Eagles ","JB Bet Amount":"$5","JB Win/Lose/Push":"Win","JB":"Cleveland cavs","Ethan Bet Amount":"$10","Ethan Win/Lose/Push":"Win","Ethan":"Tail JB ","Jaime Bet Amount":"20","Jaime Win/Lose/Push":"Loss","Jaime":"Tail Bryce","Nathan Bet Amount":"","Nathan Win/Lose/Push":"","Nathan":"","Evan Bet Amount":"","Evan Win/Lose/Push":"","Evan":"","Brandon Bet Amount":"","Brandon Win/Lose/Push":"","Brandon":"","Total Team Bet":"$80.00","Legends Bet":null,"Leaders Bet":null,"To Win":null,"Payout":null,"TOTALS":null,"Mitch Totals":null,"Phil Totals":null,"Bryce Totals":null,"Cory Totals":null,"JB Totals":null,"Ethan Totals":null,"Jaime Totals":null,"Nate Totals":null,"Evan Totals":null,"Brandon Totals":null},{"Week":"23","Date":"1/24/25","Mitch Bet Amount":"$15","Mitch Win/Lose/Push":"Loss","Mitch":"Duke","Phil Bet Amount":"$5","Phil Win/Lose/Push":"Loss","Phil":"Kansas bball","Bryce Bet Amount":"$20","Bryce Win/Lose/Push":"Loss","Bryce":"Cory, I guess","Cory Bet Amount":"$15","Cory Win/Lose/Push":"Loss","Cory":"Gophers b ball to not cover ","JB Bet Amount":"$5","JB Win/Lose/Push":"Loss","JB":"Denver nuggets","Ethan Bet Amount":"$5","Ethan Win/Lose/Push":"Win","Ethan":"St Thomas","Jaime Bet Amount":"25","Jaime Win/Lose/Push":"Loss","Jaime":"Tail Phil","Nathan Bet Amount":"","Nathan Win/Lose/Push":"","Nathan":"","Evan Bet Amount":"","Evan Win/Lose/Push":"","Evan":"","Brandon Bet Amount":"","Brandon Win/Lose/Push":"","Brandon":"","Total Team Bet":"$90.00","Legends Bet":null,"Leaders Bet":null,"To Win":null,"Payout":null,"TOTALS":null,"Mitch Totals":null,"Phil Totals":null,"Bryce Totals":null,"Cory Totals":null,"JB Totals":null,"Ethan Totals":null,"Jaime Totals":null,"Nate Totals":null,"Evan Totals":null,"Brandon Totals":null},{"Week":"24","Date":"1/31/25","Mitch Bet Amount":"$20","Mitch Win/Lose/Push":"Win","Mitch":"Phil","Phil Bet Amount":"$10","Phil Win/Lose/Push":"Win","Phil":"Tennessee bball","Bryce Bet Amount":"$25","Bryce Win/Lose/Push":"Win","Bryce":"JB","Cory Bet Amount":"$20","Cory Win/Lose/Push":"Loss","Cory":"Ethan","JB Bet Amount":"$10","JB Win/Lose/Push":"Win","JB":"duke","Ethan Bet Amount":"$5","Ethan Win/Lose/Push":"Loss","Ethan":"Wolves over ","Jaime Bet Amount":"30","Jaime Win/Lose/Push":"Loss","Jaime":"Tail Ethan","Nathan Bet Amount":"","Nathan Win/Lose/Push":"","Nathan":"","Evan Bet Amount":"","Evan Win/Lose/Push":"","Evan":"","Brandon Bet Amount":"","Brandon Win/Lose/Push":"","Brandon":"","Total Team Bet":"$120.00","Legends Bet":null,"Leaders Bet":null,"To Win":null,"Payout":null,"TOTALS":null,"Mitch Totals":null,"Phil Totals":null,"Bryce Totals":null,"Cory Totals":null,"JB Totals":null,"Ethan Totals":null,"Jaime Totals":null,"Nate Totals":null,"Evan Totals":null,"Brandon Totals":null},{"Week":"25","Date":"2/7/25","Mitch Bet Amount":"$5","Mitch Win/Lose/Push":"Push","Mitch":"Michigan","Phil Bet Amount":"$5","Phil Win/Lose/Push":"Loss","Phil":"Mizzou","Bryce Bet Amount":"$5","Bryce Win/Lose/Push":"Loss","Bryce":"KC","Cory Bet Amount":"$25","Cory Win/Lose/Push":"Loss","Cory":"JB","JB Bet Amount":"$5","JB Win/Lose/Push":"Loss","JB":"Butler Under","Ethan Bet Amount":"$10","Ethan Win/Lose/Push":"Win","Ethan":"Creighton","Jaime Bet Amount":"35","Jaime Win/Lose/Push":"Push","Jaime":"Mitch","Nathan Bet Amount":"","Nathan Win/Lose/Push":"","Nathan":"","Evan Bet Amount":"","Evan Win/Lose/Push":"","Evan":"","Brandon Bet Amount":"","Brandon Win/Lose/Push":"","Brandon":"","Total Team Bet":"$90.00","Legends Bet":null,"Leaders Bet":null,"To Win":null,"Payout":null,"TOTALS":null,"Mitch Totals":null,"Phil Totals":null,"Bryce Totals":null,"Cory Totals":null,"JB Totals":null,"Ethan Totals":null,"Jaime Totals":null,"Nate Totals":null,"Evan Totals":null,"Brandon Totals":null},{"Week":"26","Date":"2/14/25","Mitch Bet Amount":"$5","Mitch Win/Lose/Push":"Win","Mitch":"Houston Cougars ","Phil Bet Amount":"$10","Phil Win/Lose/Push":"Win","Phil":"Wisconsin/purdue over ","Bryce Bet Amount":"$10","Bryce Win/Lose/Push":"Win","Bryce":"2 chances Scottie/aberg","Cory Bet Amount":"$30","Cory Win/Lose/Push":"Win","Cory":"Phil ","JB Bet Amount":"$10","JB Win/Lose/Push":"Win","JB":"Baylor over ","Ethan Bet Amount":"$5","Ethan Win/Lose/Push":"Loss","Ethan":"George mason -3.5 ","Jaime Bet Amount":"35","Jaime Win/Lose/Push":"Loss","Jaime":"Tail E ","Nathan Bet Amount":"","Nathan Win/Lose/Push":"","Nathan":"","Evan Bet Amount":"","Evan Win/Lose/Push":"","Evan":"","Brandon Bet Amount":"","Brandon Win/Lose/Push":"","Brandon":"","Total Team Bet":"$105.00","Legends Bet":null,"Leaders Bet":null,"To Win":null,"Payout":null,"TOTALS":null,"Mitch Totals":null,"Phil Totals":null,"Bryce Totals":null,"Cory Totals":null,"JB Totals":null,"Ethan Totals":null,"Jaime Totals":null,"Nate Totals":null,"Evan Totals":null,"Brandon Totals":null},{"Week":"27","Date":"2/21/25","Mitch Bet Amount":"$5","Mitch Win/Lose/Push":"Win","Mitch":"Florida","Phil Bet Amount":"$5","Phil Win/Lose/Push":"Win","Phil":"Alabama","Bryce Bet Amount":"$5","Bryce Win/Lose/Push":"Win","Bryce":"Iowa state","Cory Bet Amount":"$5","Cory Win/Lose/Push":"Win","Cory":"Duke","JB Bet Amount":"$5","JB Win/Lose/Push":"Win","JB":"Bama Under","Ethan Bet Amount":"$10","Ethan Win/Lose/Push":"Loss","Ethan":"Gophers","Jaime Bet Amount":"40","Jaime Win/Lose/Push":"Win","Jaime":"Cory ","Nathan Bet Amount":"","Nathan Win/Lose/Push":"","Nathan":"","Evan Bet Amount":"","Evan Win/Lose/Push":"","Evan":"","Brandon Bet Amount":"","Brandon Win/Lose/Push":"","Brandon":"","Total Team Bet":"$75.00","Legends Bet":null,"Leaders Bet":null,"To Win":null,"Payout":null,"TOTALS":null,"Mitch Totals":null,"Phil Totals":null,"Bryce Totals":null,"Cory Totals":null,"JB Totals":null,"Ethan Totals":null,"Jaime Totals":null,"Nate Totals":null,"Evan Totals":null,"Brandon Totals":null},{"Week":"28","Date":"2/28/25","Mitch Bet Amount":"$5","Mitch Win/Lose/Push":"Win","Mitch":"Clemson ","Phil Bet Amount":"$5","Phil Win/Lose/Push":"Loss","Phil":"Texas Tech/Kansas Under","Bryce Bet Amount":"$5","Bryce Win/Lose/Push":"Win","Bryce":"DUQUESNE","Cory Bet Amount":"$5","Cory Win/Lose/Push":"Loss","Cory":"Min woo lee over spieth","JB Bet Amount":"$5","JB Win/Lose/Push":"Win","JB":"wyoming ","Ethan Bet Amount":"$15","Ethan Win/Lose/Push":"Win","Ethan":"Wizards +4 ","Jaime Bet Amount":"5","Jaime Win/Lose/Push":"Win","Jaime":"Mitch","Nathan Bet Amount":"","Nathan Win/Lose/Push":"","Nathan":"","Evan Bet Amount":"","Evan Win/Lose/Push":"","Evan":"","Brandon Bet Amount":"","Brandon Win/Lose/Push":"","Brandon":"","Total Team Bet":"$45.00","Legends Bet":null,"Leaders Bet":null,"To Win":null,"Payout":null,"TOTALS":null,"Mitch Totals":null,"Phil Totals":null,"Bryce Totals":null,"Cory Totals":null,"JB Totals":null,"Ethan Totals":null,"Jaime Totals":null,"Nate Totals":null,"Evan Totals":null,"Brandon Totals":null},{"Week":"29","Date":"3/7/25","Mitch Bet Amount":"$5","Mitch Win/Lose/Push":"Win","Mitch":"Texas AM","Phil Bet Amount":"$10","Phil Win/Lose/Push":"Loss","Phil":"Marquette","Bryce Bet Amount":"$5","Bryce Win/Lose/Push":"Win","Bryce":"Brunno Ferreira ","Cory Bet Amount":"$10","Cory Win/Lose/Push":"Loss","Cory":"Ethan ","JB Bet Amount":"$5","JB Win/Lose/Push":"Loss","JB":"phil","Ethan Bet Amount":"$5","Ethan Win/Lose/Push":"Loss","Ethan":"Georgetown under","Jaime Bet Amount":"5","Jaime Win/Lose/Push":"Loss","Jaime":"Houston","Nathan Bet Amount":"","Nathan Win/Lose/Push":"","Nathan":"","Evan Bet Amount":"","Evan Win/Lose/Push":"","Evan":"","Brandon Bet Amount":"","Brandon Win/Lose/Push":"","Brandon":"","Total Team Bet":"$45.00","Legends Bet":null,"Leaders Bet":null,"To Win":null,"Payout":null,"TOTALS":null,"Mitch Totals":null,"Phil Totals":null,"Bryce Totals":null,"Cory Totals":null,"JB Totals":null,"Ethan Totals":null,"Jaime Totals":null,"Nate Totals":null,"Evan Totals":null,"Brandon Totals":null},{"Week":"30","Date":"3/14/25","Mitch Bet Amount":"$5","Mitch Win/Lose/Push":"Win","Mitch":"St. John's ","Phil Bet Amount":"$15","Phil Win/Lose/Push":"Loss","Phil":"Tulane Memphis Under","Bryce Bet Amount":"$5","Bryce Win/Lose/Push":"Win","Bryce":"Manitoba Moose","Cory Bet Amount":"$15","Cory Win/Lose/Push":"Loss","Cory":"JB","JB Bet Amount":"$10","JB Win/Lose/Push":"Loss","JB":"Akron ","Ethan Bet Amount":"$10","Ethan Win/Lose/Push":"Loss","Ethan":"Michigan under","Jaime Bet Amount":"10","Jaime Win/Lose/Push":"Win","Jaime":"Colorado State","Nathan Bet Amount":"","Nathan Win/Lose/Push":"","Nathan":"","Evan Bet Amount":"","Evan Win/Lose/Push":"","Evan":"","Brandon Bet Amount":"","Brandon Win/Lose/Push":"","Brandon":"","Total Team Bet":"$70.00","Legends Bet":null,"Leaders Bet":null,"To Win":null,"Payout":null,"TOTALS":null,"Mitch Totals":null,"Phil Totals":null,"Bryce Totals":null,"Cory Totals":null,"JB Totals":null,"Ethan Totals":null,"Jaime Totals":null,"Nate Totals":null,"Evan Totals":null,"Brandon Totals":null},{"Week":"31","Date":"3/21/25","Mitch Bet Amount":"$5","Mitch Win/Lose/Push":"Loss","Mitch":"Florida men's basketball to cover the spread","Phil Bet Amount":"$20","Phil Win/Lose/Push":"Loss","Phil":"Mitch","Bryce Bet Amount":"$5","Bryce Win/Lose/Push":"Win","Bryce":"PAULA BADOSA","Cory Bet Amount":"$20","Cory Win/Lose/Push":"Loss","Cory":"Mitch","JB Bet Amount":"$15","JB Win/Lose/Push":"Win","JB":"tennessee","Ethan Bet Amount":"$15","Ethan Win/Lose/Push":"Loss","Ethan":"Iowa St","Jaime Bet Amount":"5","Jaime Win/Lose/Push":"Loss","Jaime":"Wisconsin","Nathan Bet Amount":"","Nathan Win/Lose/Push":"","Nathan":"","Evan Bet Amount":"","Evan Win/Lose/Push":"","Evan":"","Brandon Bet Amount":"","Brandon Win/Lose/Push":"","Brandon":"","Total Team Bet":"$85.00","Legends Bet":null,"Leaders Bet":null,"To Win":null,"Payout":null,"TOTALS":null,"Mitch Totals":null,"Phil Totals":null,"Bryce Totals":null,"Cory Totals":null,"JB Totals":null,"Ethan Totals":null,"Jaime Totals":null,"Nate Totals":null,"Evan Totals":null,"Brandon Totals":null},{"Week":"32","Date":"03/28/2025","Mitch Bet Amount":"$10","Mitch Win/Lose/Push":"","Mitch":"","Phil Bet Amount":"$25","Phil Win/Lose/Push":"","Phil":"","Bryce Bet Amount":"$5","Bryce Win/Lose/Push":"","Bryce":"","Cory Bet Amount":"$25","Cory Win/Lose/Push":"","Cory":"","JB Bet Amount":"$5","JB Win/Lose/Push":"","JB":"","Ethan Bet Amount":"$20","Ethan Win/Lose/Push":"","Ethan":"","Jaime Bet Amount":"$10","Jaime Win/Lose/Push":null,"Jaime":null,"Nathan Bet Amount":null,"Nathan Win/Lose/Push":null,"Nathan":null,"Evan Bet Amount":null,"Evan Win/Lose/Push":null,"Evan":null,"Brandon Bet Amount":null,"Brandon Win/Lose/Push":null,"Brandon":null,"Total Team Bet":null,"Legends Bet":null,"Leaders Bet":null,"To Win":null,"Payout":null,"TOTALS":null,"Mitch Totals":null,"Phil Totals":null,"Bryce Totals":null,"Cory Totals":null,"JB Totals":null,"Ethan Totals":null,"Jaime Totals":null,"Nate Totals":null,"Evan Totals":null,"Brandon Totals":null},{"Week":"33","Date":"04/04/2025","Mitch Bet Amount":null,"Mitch Win/Lose/Push":null,"Mitch":null,"Phil Bet Amount":null,"Phil Win/Lose/Push":null,"Phil":null,"Bryce Bet Amount":null,"Bryce Win/Lose/Push":null,"Bryce":null,"Cory Bet Amount":null,"Cory Win/Lose/Push":null,"Cory":null,"JB Bet Amount":null,"JB Win/Lose/Push":null,"JB":null,"Ethan Bet Amount":null,"Ethan Win/Lose/Push":null,"Ethan":null,"Jaime Bet Amount":null,"Jaime Win/Lose/Push":null,"Jaime":null,"Nathan Bet Amount":null,"Nathan Win/Lose/Push":null,"Nathan":null,"Evan Bet Amount":null,"Evan Win/Lose/Push":null,"Evan":null,"Brandon Bet Amount":null,"Brandon Win/Lose/Push":null,"Brandon":null,"Total Team Bet":null,"Legends Bet":null,"Leaders Bet":null,"To Win":null,"Payout":null,"TOTALS":null,"Mitch Totals":null,"Phil Totals":null,"Bryce Totals":null,"Cory Totals":null,"JB Totals":null,"Ethan Totals":null,"Jaime Totals":null,"Nate Totals":null,"Evan Totals":null,"Brandon Totals":null},{"Week":"34","Date":"04/11/2025","Mitch Bet Amount":null,"Mitch Win/Lose/Push":null,"Mitch":null,"Phil Bet Amount":null,"Phil Win/Lose/Push":null,"Phil":null,"Bryce Bet Amount":null,"Bryce Win/Lose/Push":null,"Bryce":null,"Cory Bet Amount":null,"Cory Win/Lose/Push":null,"Cory":null,"JB Bet Amount":null,"JB Win/Lose/Push":null,"JB":null,"Ethan Bet Amount":null,"Ethan Win/Lose/Push":null,"Ethan":null,"Jaime Bet Amount":null,"Jaime Win/Lose/Push":null,"Jaime":null,"Nathan Bet Amount":null,"Nathan Win/Lose/Push":null,"Nathan":null,"Evan Bet Amount":null,"Evan Win/Lose/Push":null,"Evan":null,"Brandon Bet Amount":null,"Brandon Win/Lose/Push":null,"Brandon":null,"Total Team Bet":null,"Legends Bet":null,"Leaders Bet":null,"To Win":null,"Payout":null,"TOTALS":null,"Mitch Totals":null,"Phil Totals":null,"Bryce Totals":null,"Cory Totals":null,"JB Totals":null,"Ethan Totals":null,"Jaime Totals":null,"Nate Totals":null,"Evan Totals":null,"Brandon Totals":null},{"Week":"35","Date":"04/18/2025","Mitch Bet Amount":null,"Mitch Win/Lose/Push":null,"Mitch":null,"Phil Bet Amount":null,"Phil Win/Lose/Push":null,"Phil":null,"Bryce Bet Amount":null,"Bryce Win/Lose/Push":null,"Bryce":null,"Cory Bet Amount":null,"Cory Win/Lose/Push":null,"Cory":null,"JB Bet Amount":null,"JB Win/Lose/Push":null,"JB":null,"Ethan Bet Amount":null,"Ethan Win/Lose/Push":null,"Ethan":null,"Jaime Bet Amount":null,"Jaime Win/Lose/Push":null,"Jaime":null,"Nathan Bet Amount":null,"Nathan Win/Lose/Push":null,"Nathan":null,"Evan Bet Amount":null,"Evan Win/Lose/Push":null,"Evan":null,"Brandon Bet Amount":null,"Brandon Win/Lose/Push":null,"Brandon":null,"Total Team Bet":null,"Legends Bet":null,"Leaders Bet":null,"To Win":null,"Payout":null,"TOTALS":null,"Mitch Totals":null,"Phil Totals":null,"Bryce Totals":null,"Cory Totals":null,"JB Totals":null,"Ethan Totals":null,"Jaime Totals":null,"Nate Totals":null,"Evan Totals":null,"Brandon Totals":null},{"Week":"36","Date":"04/25/2025","Mitch Bet Amount":null,"Mitch Win/Lose/Push":null,"Mitch":null,"Phil Bet Amount":null,"Phil Win/Lose/Push":null,"Phil":null,"Bryce Bet Amount":null,"Bryce Win/Lose/Push":null,"Bryce":null,"Cory Bet Amount":null,"Cory Win/Lose/Push":null,"Cory":null,"JB Bet Amount":null,"JB Win/Lose/Push":null,"JB":null,"Ethan Bet Amount":null,"Ethan Win/Lose/Push":null,"Ethan":null,"Jaime Bet Amount":null,"Jaime Win/Lose/Push":null,"Jaime":null,"Nathan Bet Amount":null,"Nathan Win/Lose/Push":null,"Nathan":null,"Evan Bet Amount":null,"Evan Win/Lose/Push":null,"Evan":null,"Brandon Bet Amount":null,"Brandon Win/Lose/Push":null,"Brandon":null,"Total Team Bet":null,"Legends Bet":null,"Leaders Bet":null,"To Win":null,"Payout":null,"TOTALS":null,"Mitch Totals":null,"Phil Totals":null,"Bryce Totals":null,"Cory Totals":null,"JB Totals":null,"Ethan Totals":null,"Jaime Totals":null,"Nate Totals":null,"Evan Totals":null,"Brandon Totals":null},{"Week":"37","Date":"05/02/2025","Mitch Bet Amount":null,"Mitch Win/Lose/Push":null,"Mitch":null,"Phil Bet Amount":null,"Phil Win/Lose/Push":null,"Phil":null,"Bryce Bet Amount":null,"Bryce Win/Lose/Push":null,"Bryce":null,"Cory Bet Amount":null,"Cory Win/Lose/Push":null,"Cory":null,"JB Bet Amount":null,"JB Win/Lose/Push":null,"JB":null,"Ethan Bet Amount":null,"Ethan Win/Lose/Push":null,"Ethan":null,"Jaime Bet Amount":null,"Jaime Win/Lose/Push":null,"Jaime":null,"Nathan Bet Amount":null,"Nathan Win/Lose/Push":null,"Nathan":null,"Evan Bet Amount":null,"Evan Win/Lose/Push":null,"Evan":null,"Brandon Bet Amount":null,"Brandon Win/Lose/Push":null,"Brandon":null,"Total Team Bet":null,"Legends Bet":null,"Leaders Bet":null,"To Win":null,"Payout":null,"TOTALS":null,"Mitch Totals":null,"Phil Totals":null,"Bryce Totals":null,"Cory Totals":null,"JB Totals":null,"Ethan Totals":null,"Jaime Totals":null,"Nate Totals":null,"Evan Totals":null,"Brandon Totals":null},{"Week":"38","Date":"05/09/2025","Mitch Bet Amount":null,"Mitch Win/Lose/Push":null,"Mitch":null,"Phil Bet Amount":null,"Phil Win/Lose/Push":null,"Phil":null,"Bryce Bet Amount":null,"Bryce Win/Lose/Push":null,"Bryce":null,"Cory Bet Amount":null,"Cory Win/Lose/Push":null,"Cory":null,"JB Bet Amount":null,"JB Win/Lose/Push":null,"JB":null,"Ethan Bet Amount":null,"Ethan Win/Lose/Push":null,"Ethan":null,"Jaime Bet Amount":null,"Jaime Win/Lose/Push":null,"Jaime":null,"Nathan Bet Amount":null,"Nathan Win/Lose/Push":null,"Nathan":null,"Evan Bet Amount":null,"Evan Win/Lose/Push":null,"Evan":null,"Brandon Bet Amount":null,"Brandon Win/Lose/Push":null,"Brandon":null,"Total Team Bet":null,"Legends Bet":null,"Leaders Bet":null,"To Win":null,"Payout":null,"TOTALS":null,"Mitch Totals":null,"Phil Totals":null,"Bryce Totals":null,"Cory Totals":null,"JB Totals":null,"Ethan Totals":null,"Jaime Totals":null,"Nate Totals":null,"Evan Totals":null,"Brandon Totals":null},{"Week":"39","Date":"05/16/2025","Mitch Bet Amount":null,"Mitch Win/Lose/Push":null,"Mitch":null,"Phil Bet Amount":null,"Phil Win/Lose/Push":null,"Phil":null,"Bryce Bet Amount":null,"Bryce Win/Lose/Push":null,"Bryce":null,"Cory Bet Amount":null,"Cory Win/Lose/Push":null,"Cory":null,"JB Bet Amount":null,"JB Win/Lose/Push":null,"JB":null,"Ethan Bet Amount":null,"Ethan Win/Lose/Push":null,"Ethan":null,"Jaime Bet Amount":null,"Jaime Win/Lose/Push":null,"Jaime":null,"Nathan Bet Amount":null,"Nathan Win/Lose/Push":null,"Nathan":null,"Evan Bet Amount":null,"Evan Win/Lose/Push":null,"Evan":null,"Brandon Bet Amount":null,"Brandon Win/Lose/Push":null,"Brandon":null,"Total Team Bet":null,"Legends Bet":null,"Leaders Bet":null,"To Win":null,"Payout":null,"TOTALS":null,"Mitch Totals":null,"Phil Totals":null,"Bryce Totals":null,"Cory Totals":null,"JB Totals":null,"Ethan Totals":null,"Jaime Totals":null,"Nate Totals":null,"Evan Totals":null,"Brandon Totals":null},{"Week":"40","Date":"05/23/2025","Mitch Bet Amount":null,"Mitch Win/Lose/Push":null,"Mitch":null,"Phil Bet Amount":null,"Phil Win/Lose/Push":null,"Phil":null,"Bryce Bet Amount":null,"Bryce Win/Lose/Push":null,"Bryce":null,"Cory Bet Amount":null,"Cory Win/Lose/Push":null,"Cory":null,"JB Bet Amount":null,"JB Win/Lose/Push":null,"JB":null,"Ethan Bet Amount":null,"Ethan Win/Lose/Push":null,"Ethan":null,"Jaime Bet Amount":null,"Jaime Win/Lose/Push":null,"Jaime":null,"Nathan Bet Amount":null,"Nathan Win/Lose/Push":null,"Nathan":null,"Evan Bet Amount":null,"Evan Win/Lose/Push":null,"Evan":null,"Brandon Bet Amount":null,"Brandon Win/Lose/Push":null,"Brandon":null,"Total Team Bet":null,"Legends Bet":null,"Leaders Bet":null,"To Win":null,"Payout":null,"TOTALS":null,"Mitch Totals":null,"Phil Totals":null,"Bryce Totals":null,"Cory Totals":null,"JB Totals":null,"Ethan Totals":null,"Jaime Totals":null,"Nate Totals":null,"Evan Totals":null,"Brandon Totals":null},{"Week":"41","Date":"05/30/2025","Mitch Bet Amount":null,"Mitch Win/Lose/Push":null,"Mitch":null,"Phil Bet Amount":null,"Phil Win/Lose/Push":null,"Phil":null,"Bryce Bet Amount":null,"Bryce Win/Lose/Push":null,"Bryce":null,"Cory Bet Amount":null,"Cory Win/Lose/Push":null,"Cory":null,"JB Bet Amount":null,"JB Win/Lose/Push":null,"JB":null,"Ethan Bet Amount":null,"Ethan Win/Lose/Push":null,"Ethan":null,"Jaime Bet Amount":null,"Jaime Win/Lose/Push":null,"Jaime":null,"Nathan Bet Amount":null,"Nathan Win/Lose/Push":null,"Nathan":null,"Evan Bet Amount":null,"Evan Win/Lose/Push":null,"Evan":null,"Brandon Bet Amount":null,"Brandon Win/Lose/Push":null,"Brandon":null,"Total Team Bet":null,"Legends Bet":null,"Leaders Bet":null,"To Win":null,"Payout":null,"TOTALS":null,"Mitch Totals":null,"Phil Totals":null,"Bryce Totals":null,"Cory Totals":null,"JB Totals":null,"Ethan Totals":null,"Jaime Totals":null,"Nate Totals":null,"Evan Totals":null,"Brandon Totals":null},{"Week":"42","Date":"06/06/2025","Mitch Bet Amount":null,"Mitch Win/Lose/Push":null,"Mitch":null,"Phil Bet Amount":null,"Phil Win/Lose/Push":null,"Phil":null,"Bryce Bet Amount":null,"Bryce Win/Lose/Push":null,"Bryce":null,"Cory Bet Amount":null,"Cory Win/Lose/Push":null,"Cory":null,"JB Bet Amount":null,"JB Win/Lose/Push":null,"JB":null,"Ethan Bet Amount":null,"Ethan Win/Lose/Push":null,"Ethan":null,"Jaime Bet Amount":null,"Jaime Win/Lose/Push":null,"Jaime":null,"Nathan Bet Amount":null,"Nathan Win/Lose/Push":null,"Nathan":null,"Evan Bet Amount":null,"Evan Win/Lose/Push":null,"Evan":null,"Brandon Bet Amount":null,"Brandon Win/Lose/Push":null,"Brandon":null,"Total Team Bet":null,"Legends Bet":null,"Leaders Bet":null,"To Win":null,"Payout":null,"TOTALS":null,"Mitch Totals":null,"Phil Totals":null,"Bryce Totals":null,"Cory Totals":null,"JB Totals":null,"Ethan Totals":null,"Jaime Totals":null,"Nate Totals":null,"Evan Totals":null,"Brandon Totals":null},{"Week":"43","Date":"06/13/2025","Mitch Bet Amount":null,"Mitch Win/Lose/Push":null,"Mitch":null,"Phil Bet Amount":null,"Phil Win/Lose/Push":null,"Phil":null,"Bryce Bet Amount":null,"Bryce Win/Lose/Push":null,"Bryce":null,"Cory Bet Amount":null,"Cory Win/Lose/Push":null,"Cory":null,"JB Bet Amount":null,"JB Win/Lose/Push":null,"JB":null,"Ethan Bet Amount":null,"Ethan Win/Lose/Push":null,"Ethan":null,"Jaime Bet Amount":null,"Jaime Win/Lose/Push":null,"Jaime":null,"Nathan Bet Amount":null,"Nathan Win/Lose/Push":null,"Nathan":null,"Evan Bet Amount":null,"Evan Win/Lose/Push":null,"Evan":null,"Brandon Bet Amount":null,"Brandon Win/Lose/Push":null,"Brandon":null,"Total Team Bet":null,"Legends Bet":null,"Leaders Bet":null,"To Win":null,"Payout":null,"TOTALS":null,"Mitch Totals":null,"Phil Totals":null,"Bryce Totals":null,"Cory Totals":null,"JB Totals":null,"Ethan Totals":null,"Jaime Totals":null,"Nate Totals":null,"Evan Totals":null,"Brandon Totals":null},{"Week":"44","Date":"06/20/2025","Mitch Bet Amount":null,"Mitch Win/Lose/Push":null,"Mitch":null,"Phil Bet Amount":null,"Phil Win/Lose/Push":null,"Phil":null,"Bryce Bet Amount":null,"Bryce Win/Lose/Push":null,"Bryce":null,"Cory Bet Amount":null,"Cory Win/Lose/Push":null,"Cory":null,"JB Bet Amount":null,"JB Win/Lose/Push":null,"JB":null,"Ethan Bet Amount":null,"Ethan Win/Lose/Push":null,"Ethan":null,"Jaime Bet Amount":null,"Jaime Win/Lose/Push":null,"Jaime":null,"Nathan Bet Amount":null,"Nathan Win/Lose/Push":null,"Nathan":null,"Evan Bet Amount":null,"Evan Win/Lose/Push":null,"Evan":null,"Brandon Bet Amount":null,"Brandon Win/Lose/Push":null,"Brandon":null,"Total Team Bet":null,"Legends Bet":null,"Leaders Bet":null,"To Win":null,"Payout":null,"TOTALS":null,"Mitch Totals":null,"Phil Totals":null,"Bryce Totals":null,"Cory Totals":null,"JB Totals":null,"Ethan Totals":null,"Jaime Totals":null,"Nate Totals":null,"Evan Totals":null,"Brandon Totals":null},{"Week":"45","Date":"06/27/2025","Mitch Bet Amount":null,"Mitch Win/Lose/Push":null,"Mitch":null,"Phil Bet Amount":null,"Phil Win/Lose/Push":null,"Phil":null,"Bryce Bet Amount":null,"Bryce Win/Lose/Push":null,"Bryce":null,"Cory Bet Amount":null,"Cory Win/Lose/Push":null,"Cory":null,"JB Bet Amount":null,"JB Win/Lose/Push":null,"JB":null,"Ethan Bet Amount":null,"Ethan Win/Lose/Push":null,"Ethan":null,"Jaime Bet Amount":null,"Jaime Win/Lose/Push":null,"Jaime":null,"Nathan Bet Amount":null,"Nathan Win/Lose/Push":null,"Nathan":null,"Evan Bet Amount":null,"Evan Win/Lose/Push":null,"Evan":null,"Brandon Bet Amount":null,"Brandon Win/Lose/Push":null,"Brandon":null,"Total Team Bet":null,"Legends Bet":null,"Leaders Bet":null,"To Win":null,"Payout":null,"TOTALS":null,"Mitch Totals":null,"Phil Totals":null,"Bryce Totals":null,"Cory Totals":null,"JB Totals":null,"Ethan Totals":null,"Jaime Totals":null,"Nate Totals":null,"Evan Totals":null,"Brandon Totals":null},{"Week":"46","Date":"07/04/2025","Mitch Bet Amount":null,"Mitch Win/Lose/Push":null,"Mitch":null,"Phil Bet Amount":null,"Phil Win/Lose/Push":null,"Phil":null,"Bryce Bet Amount":null,"Bryce Win/Lose/Push":null,"Bryce":null,"Cory Bet Amount":null,"Cory Win/Lose/Push":null,"Cory":null,"JB Bet Amount":null,"JB Win/Lose/Push":null,"JB":null,"Ethan Bet Amount":null,"Ethan Win/Lose/Push":null,"Ethan":null,"Jaime Bet Amount":null,"Jaime Win/Lose/Push":null,"Jaime":null,"Nathan Bet Amount":null,"Nathan Win/Lose/Push":null,"Nathan":null,"Evan Bet Amount":null,"Evan Win/Lose/Push":null,"Evan":null,"Brandon Bet Amount":null,"Brandon Win/Lose/Push":null,"Brandon":null,"Total Team Bet":null,"Legends Bet":null,"Leaders Bet":null,"To Win":null,"Payout":null,"TOTALS":null,"Mitch Totals":null,"Phil Totals":null,"Bryce Totals":null,"Cory Totals":null,"JB Totals":null,"Ethan Totals":null,"Jaime Totals":null,"Nate Totals":null,"Evan Totals":null,"Brandon Totals":null},{"Week":"47","Date":"07/11/2025","Mitch Bet Amount":null,"Mitch Win/Lose/Push":null,"Mitch":null,"Phil Bet Amount":null,"Phil Win/Lose/Push":null,"Phil":null,"Bryce Bet Amount":null,"Bryce Win/Lose/Push":null,"Bryce":null,"Cory Bet Amount":null,"Cory Win/Lose/Push":null,"Cory":null,"JB Bet Amount":null,"JB Win/Lose/Push":null,"JB":null,"Ethan Bet Amount":null,"Ethan Win/Lose/Push":null,"Ethan":null,"Jaime Bet Amount":null,"Jaime Win/Lose/Push":null,"Jaime":null,"Nathan Bet Amount":null,"Nathan Win/Lose/Push":null,"Nathan":null,"Evan Bet Amount":null,"Evan Win/Lose/Push":null,"Evan":null,"Brandon Bet Amount":null,"Brandon Win/Lose/Push":null,"Brandon":null,"Total Team Bet":null,"Legends Bet":null,"Leaders Bet":null,"To Win":null,"Payout":null,"TOTALS":null,"Mitch Totals":null,"Phil Totals":null,"Bryce Totals":null,"Cory Totals":null,"JB Totals":null,"Ethan Totals":null,"Jaime Totals":null,"Nate Totals":null,"Evan Totals":null,"Brandon Totals":null},{"Week":"48","Date":"07/18/2025","Mitch Bet Amount":null,"Mitch Win/Lose/Push":null,"Mitch":null,"Phil Bet Amount":null,"Phil Win/Lose/Push":null,"Phil":null,"Bryce Bet Amount":null,"Bryce Win/Lose/Push":null,"Bryce":null,"Cory Bet Amount":null,"Cory Win/Lose/Push":null,"Cory":null,"JB Bet Amount":null,"JB Win/Lose/Push":null,"JB":null,"Ethan Bet Amount":null,"Ethan Win/Lose/Push":null,"Ethan":null,"Jaime Bet Amount":null,"Jaime Win/Lose/Push":null,"Jaime":null,"Nathan Bet Amount":null,"Nathan Win/Lose/Push":null,"Nathan":null,"Evan Bet Amount":null,"Evan Win/Lose/Push":null,"Evan":null,"Brandon Bet Amount":null,"Brandon Win/Lose/Push":null,"Brandon":null,"Total Team Bet":null,"Legends Bet":null,"Leaders Bet":null,"To Win":null,"Payout":null,"TOTALS":null,"Mitch Totals":null,"Phil Totals":null,"Bryce Totals":null,"Cory Totals":null,"JB Totals":null,"Ethan Totals":null,"Jaime Totals":null,"Nate Totals":null,"Evan Totals":null,"Brandon Totals":null},{"Week":"49","Date":"07/25/2025","Mitch Bet Amount":null,"Mitch Win/Lose/Push":null,"Mitch":null,"Phil Bet Amount":null,"Phil Win/Lose/Push":null,"Phil":null,"Bryce Bet Amount":null,"Bryce Win/Lose/Push":null,"Bryce":null,"Cory Bet Amount":null,"Cory Win/Lose/Push":null,"Cory":null,"JB Bet Amount":null,"JB Win/Lose/Push":null,"JB":null,"Ethan Bet Amount":null,"Ethan Win/Lose/Push":null,"Ethan":null,"Jaime Bet Amount":null,"Jaime Win/Lose/Push":null,"Jaime":null,"Nathan Bet Amount":null,"Nathan Win/Lose/Push":null,"Nathan":null,"Evan Bet Amount":null,"Evan Win/Lose/Push":null,"Evan":null,"Brandon Bet Amount":null,"Brandon Win/Lose/Push":null,"Brandon":null,"Total Team Bet":null,"Legends Bet":null,"Leaders Bet":null,"To Win":null,"Payout":null,"TOTALS":null,"Mitch Totals":null,"Phil Totals":null,"Bryce Totals":null,"Cory Totals":null,"JB Totals":null,"Ethan Totals":null,"Jaime Totals":null,"Nate Totals":null,"Evan Totals":null,"Brandon Totals":null},{"Week":"50","Date":"08/01/2025","Mitch Bet Amount":null,"Mitch Win/Lose/Push":null,"Mitch":null,"Phil Bet Amount":null,"Phil Win/Lose/Push":null,"Phil":null,"Bryce Bet Amount":null,"Bryce Win/Lose/Push":null,"Bryce":null,"Cory Bet Amount":null,"Cory Win/Lose/Push":null,"Cory":null,"JB Bet Amount":null,"JB Win/Lose/Push":null,"JB":null,"Ethan Bet Amount":null,"Ethan Win/Lose/Push":null,"Ethan":null,"Jaime Bet Amount":null,"Jaime Win/Lose/Push":null,"Jaime":null,"Nathan Bet Amount":null,"Nathan Win/Lose/Push":null,"Nathan":null,"Evan Bet Amount":null,"Evan Win/Lose/Push":null,"Evan":null,"Brandon Bet Amount":null,"Brandon Win/Lose/Push":null,"Brandon":null,"Total Team Bet":null,"Legends Bet":null,"Leaders Bet":null,"To Win":null,"Payout":null,"TOTALS":null,"Mitch Totals":null,"Phil Totals":null,"Bryce Totals":null,"Cory Totals":null,"JB Totals":null,"Ethan Totals":null,"Jaime Totals":null,"Nate Totals":null,"Evan Totals":null,"Brandon Totals":null},{"Week":"51","Date":"08/08/2025","Mitch Bet Amount":null,"Mitch Win/Lose/Push":null,"Mitch":null,"Phil Bet Amount":null,"Phil Win/Lose/Push":null,"Phil":null,"Bryce Bet Amount":null,"Bryce Win/Lose/Push":null,"Bryce":null,"Cory Bet Amount":null,"Cory Win/Lose/Push":null,"Cory":null,"JB Bet Amount":null,"JB Win/Lose/Push":null,"JB":null,"Ethan Bet Amount":null,"Ethan Win/Lose/Push":null,"Ethan":null,"Jaime Bet Amount":null,"Jaime Win/Lose/Push":null,"Jaime":null,"Nathan Bet Amount":null,"Nathan Win/Lose/Push":null,"Nathan":null,"Evan Bet Amount":null,"Evan Win/Lose/Push":null,"Evan":null,"Brandon Bet Amount":null,"Brandon Win/Lose/Push":null,"Brandon":null,"Total Team Bet":null,"Legends Bet":null,"Leaders Bet":null,"To Win":null,"Payout":null,"TOTALS":null,"Mitch Totals":null,"Phil Totals":null,"Bryce Totals":null,"Cory Totals":null,"JB Totals":null,"Ethan Totals":null,"Jaime Totals":null,"Nate Totals":null,"Evan Totals":null,"Brandon Totals":null},{"Week":"52","Date":"08/15/2025","Mitch Bet Amount":null,"Mitch Win/Lose/Push":null,"Mitch":null,"Phil Bet Amount":null,"Phil Win/Lose/Push":null,"Phil":null,"Bryce Bet Amount":null,"Bryce Win/Lose/Push":null,"Bryce":null,"Cory Bet Amount":null,"Cory Win/Lose/Push":null,"Cory":null,"JB Bet Amount":null,"JB Win/Lose/Push":null,"JB":null,"Ethan Bet Amount":null,"Ethan Win/Lose/Push":null,"Ethan":null,"Jaime Bet Amount":null,"Jaime Win/Lose/Push":null,"Jaime":null,"Nathan Bet Amount":null,"Nathan Win/Lose/Push":null,"Nathan":null,"Evan Bet Amount":null,"Evan Win/Lose/Push":null,"Evan":null,"Brandon Bet Amount":null,"Brandon Win/Lose/Push":null,"Brandon":null,"Total Team Bet":null,"Legends Bet":null,"Leaders Bet":null,"To Win":null,"Payout":null,"TOTALS":null,"Mitch Totals":null,"Phil Totals":null,"Bryce Totals":null,"Cory Totals":null,"JB Totals":null,"Ethan Totals":null,"Jaime Totals":null,"Nate Totals":null,"Evan Totals":null,"Brandon Totals":null},{"Week":"53","Date":"08/22/2025","Mitch Bet Amount":null,"Mitch Win/Lose/Push":null,"Mitch":null,"Phil Bet Amount":null,"Phil Win/Lose/Push":null,"Phil":null,"Bryce Bet Amount":null,"Bryce Win/Lose/Push":null,"Bryce":null,"Cory Bet Amount":null,"Cory Win/Lose/Push":null,"Cory":null,"JB Bet Amount":null,"JB Win/Lose/Push":null,"JB":null,"Ethan Bet Amount":null,"Ethan Win/Lose/Push":null,"Ethan":null,"Jaime Bet Amount":null,"Jaime Win/Lose/Push":null,"Jaime":null,"Nathan Bet Amount":null,"Nathan Win/Lose/Push":null,"Nathan":null,"Evan Bet Amount":null,"Evan Win/Lose/Push":null,"Evan":null,"Brandon Bet Amount":null,"Brandon Win/Lose/Push":null,"Brandon":null,"Total Team Bet":null,"Legends Bet":null,"Leaders Bet":null,"To Win":null,"Payout":null,"TOTALS":null,"Mitch Totals":null,"Phil Totals":null,"Bryce Totals":null,"Cory Totals":null,"JB Totals":null,"Ethan Totals":null,"Jaime Totals":null,"Nate Totals":null,"Evan Totals":null,"Brandon Totals":null},{"Week":"54","Date":"08/29/2025","Mitch Bet Amount":null,"Mitch Win/Lose/Push":null,"Mitch":null,"Phil Bet Amount":null,"Phil Win/Lose/Push":null,"Phil":null,"Bryce Bet Amount":null,"Bryce Win/Lose/Push":null,"Bryce":null,"Cory Bet Amount":null,"Cory Win/Lose/Push":null,"Cory":null,"JB Bet Amount":null,"JB Win/Lose/Push":null,"JB":null,"Ethan Bet Amount":null,"Ethan Win/Lose/Push":null,"Ethan":null,"Jaime Bet Amount":null,"Jaime Win/Lose/Push":null,"Jaime":null,"Nathan Bet Amount":null,"Nathan Win/Lose/Push":null,"Nathan":null,"Evan Bet Amount":null,"Evan Win/Lose/Push":null,"Evan":null,"Brandon Bet Amount":null,"Brandon Win/Lose/Push":null,"Brandon":null,"Total Team Bet":null,"Legends Bet":null,"Leaders Bet":null,"To Win":null,"Payout":null,"TOTALS":null,"Mitch Totals":null,"Phil Totals":null,"Bryce Totals":null,"Cory Totals":null,"JB Totals":null,"Ethan Totals":null,"Jaime Totals":null,"Nate Totals":null,"Evan Totals":null,"Brandon Totals":null},{"Week":"55","Date":"09/05/2025","Mitch Bet Amount":null,"Mitch Win/Lose/Push":null,"Mitch":null,"Phil Bet Amount":null,"Phil Win/Lose/Push":null,"Phil":null,"Bryce Bet Amount":null,"Bryce Win/Lose/Push":null,"Bryce":null,"Cory Bet Amount":null,"Cory Win/Lose/Push":null,"Cory":null,"JB Bet Amount":null,"JB Win/Lose/Push":null,"JB":null,"Ethan Bet Amount":null,"Ethan Win/Lose/Push":null,"Ethan":null,"Jaime Bet Amount":null,"Jaime Win/Lose/Push":null,"Jaime":null,"Nathan Bet Amount":null,"Nathan Win/Lose/Push":null,"Nathan":null,"Evan Bet Amount":null,"Evan Win/Lose/Push":null,"Evan":null,"Brandon Bet Amount":null,"Brandon Win/Lose/Push":null,"Brandon":null,"Total Team Bet":null,"Legends Bet":null,"Leaders Bet":null,"To Win":null,"Payout":null,"TOTALS":null,"Mitch Totals":null,"Phil Totals":null,"Bryce Totals":null,"Cory Totals":null,"JB Totals":null,"Ethan Totals":null,"Jaime Totals":null,"Nate Totals":null,"Evan Totals":null,"Brandon Totals":null},{"Week":"56","Date":"09/12/2025","Mitch Bet Amount":null,"Mitch Win/Lose/Push":null,"Mitch":null,"Phil Bet Amount":null,"Phil Win/Lose/Push":null,"Phil":null,"Bryce Bet Amount":null,"Bryce Win/Lose/Push":null,"Bryce":null,"Cory Bet Amount":null,"Cory Win/Lose/Push":null,"Cory":null,"JB Bet Amount":null,"JB Win/Lose/Push":null,"JB":null,"Ethan Bet Amount":null,"Ethan Win/Lose/Push":null,"Ethan":null,"Jaime Bet Amount":null,"Jaime Win/Lose/Push":null,"Jaime":null,"Nathan Bet Amount":null,"Nathan Win/Lose/Push":null,"Nathan":null,"Evan Bet Amount":null,"Evan Win/Lose/Push":null,"Evan":null,"Brandon Bet Amount":null,"Brandon Win/Lose/Push":null,"Brandon":null,"Total Team Bet":null,"Legends Bet":null,"Leaders Bet":null,"To Win":null,"Payout":null,"TOTALS":null,"Mitch Totals":null,"Phil Totals":null,"Bryce Totals":null,"Cory Totals":null,"JB Totals":null,"Ethan Totals":null,"Jaime Totals":null,"Nate Totals":null,"Evan Totals":null,"Brandon Totals":null},{"Week":"57","Date":"09/19/2025","Mitch Bet Amount":null,"Mitch Win/Lose/Push":null,"Mitch":null,"Phil Bet Amount":null,"Phil Win/Lose/Push":null,"Phil":null,"Bryce Bet Amount":null,"Bryce Win/Lose/Push":null,"Bryce":null,"Cory Bet Amount":null,"Cory Win/Lose/Push":null,"Cory":null,"JB Bet Amount":null,"JB Win/Lose/Push":null,"JB":null,"Ethan Bet Amount":null,"Ethan Win/Lose/Push":null,"Ethan":null,"Jaime Bet Amount":null,"Jaime Win/Lose/Push":null,"Jaime":null,"Nathan Bet Amount":null,"Nathan Win/Lose/Push":null,"Nathan":null,"Evan Bet Amount":null,"Evan Win/Lose/Push":null,"Evan":null,"Brandon Bet Amount":null,"Brandon Win/Lose/Push":null,"Brandon":null,"Total Team Bet":null,"Legends Bet":null,"Leaders Bet":null,"To Win":null,"Payout":null,"TOTALS":null,"Mitch Totals":null,"Phil Totals":null,"Bryce Totals":null,"Cory Totals":null,"JB Totals":null,"Ethan Totals":null,"Jaime Totals":null,"Nate Totals":null,"Evan Totals":null,"Brandon Totals":null},{"Week":"58","Date":"09/26/2025","Mitch Bet Amount":null,"Mitch Win/Lose/Push":null,"Mitch":null,"Phil Bet Amount":null,"Phil Win/Lose/Push":null,"Phil":null,"Bryce Bet Amount":null,"Bryce Win/Lose/Push":null,"Bryce":null,"Cory Bet Amount":null,"Cory Win/Lose/Push":null,"Cory":null,"JB Bet Amount":null,"JB Win/Lose/Push":null,"JB":null,"Ethan Bet Amount":null,"Ethan Win/Lose/Push":null,"Ethan":null,"Jaime Bet Amount":null,"Jaime Win/Lose/Push":null,"Jaime":null,"Nathan Bet Amount":null,"Nathan Win/Lose/Push":null,"Nathan":null,"Evan Bet Amount":null,"Evan Win/Lose/Push":null,"Evan":null,"Brandon Bet Amount":null,"Brandon Win/Lose/Push":null,"Brandon":null,"Total Team Bet":null,"Legends Bet":null,"Leaders Bet":null,"To Win":null,"Payout":null,"TOTALS":null,"Mitch Totals":null,"Phil Totals":null,"Bryce Totals":null,"Cory Totals":null,"JB Totals":null,"Ethan Totals":null,"Jaime Totals":null,"Nate Totals":null,"Evan Totals":null,"Brandon Totals":null},{"Week":"59","Date":"10/03/2025","Mitch Bet Amount":null,"Mitch Win/Lose/Push":null,"Mitch":null,"Phil Bet Amount":null,"Phil Win/Lose/Push":null,"Phil":null,"Bryce Bet Amount":null,"Bryce Win/Lose/Push":null,"Bryce":null,"Cory Bet Amount":null,"Cory Win/Lose/Push":null,"Cory":null,"JB Bet Amount":null,"JB Win/Lose/Push":null,"JB":null,"Ethan Bet Amount":null,"Ethan Win/Lose/Push":null,"Ethan":null,"Jaime Bet Amount":null,"Jaime Win/Lose/Push":null,"Jaime":null,"Nathan Bet Amount":null,"Nathan Win/Lose/Push":null,"Nathan":null,"Evan Bet Amount":null,"Evan Win/Lose/Push":null,"Evan":null,"Brandon Bet Amount":null,"Brandon Win/Lose/Push":null,"Brandon":null,"Total Team Bet":null,"Legends Bet":null,"Leaders Bet":null,"To Win":null,"Payout":null,"TOTALS":null,"Mitch Totals":null,"Phil Totals":null,"Bryce Totals":null,"Cory Totals":null,"JB Totals":null,"Ethan Totals":null,"Jaime Totals":null,"Nate Totals":null,"Evan Totals":null,"Brandon Totals":null},{"Week":"60","Date":"10/10/2025","Mitch Bet Amount":null,"Mitch Win/Lose/Push":null,"Mitch":null,"Phil Bet Amount":null,"Phil Win/Lose/Push":null,"Phil":null,"Bryce Bet Amount":null,"Bryce Win/Lose/Push":null,"Bryce":null,"Cory Bet Amount":null,"Cory Win/Lose/Push":null,"Cory":null,"JB Bet Amount":null,"JB Win/Lose/Push":null,"JB":null,"Ethan Bet Amount":null,"Ethan Win/Lose/Push":null,"Ethan":null,"Jaime Bet Amount":null,"Jaime Win/Lose/Push":null,"Jaime":null,"Nathan Bet Amount":null,"Nathan Win/Lose/Push":null,"Nathan":null,"Evan Bet Amount":null,"Evan Win/Lose/Push":null,"Evan":null,"Brandon Bet Amount":null,"Brandon Win/Lose/Push":null,"Brandon":null,"Total Team Bet":null,"Legends Bet":null,"Leaders Bet":null,"To Win":null,"Payout":null,"TOTALS":null,"Mitch Totals":null,"Phil Totals":null,"Bryce Totals":null,"Cory Totals":null,"JB Totals":null,"Ethan Totals":null,"Jaime Totals":null,"Nate Totals":null,"Evan Totals":null,"Brandon Totals":null},{"Week":"61","Date":"10/17/2025","Mitch Bet Amount":null,"Mitch Win/Lose/Push":null,"Mitch":null,"Phil Bet Amount":null,"Phil Win/Lose/Push":null,"Phil":null,"Bryce Bet Amount":null,"Bryce Win/Lose/Push":null,"Bryce":null,"Cory Bet Amount":null,"Cory Win/Lose/Push":null,"Cory":null,"JB Bet Amount":null,"JB Win/Lose/Push":null,"JB":null,"Ethan Bet Amount":null,"Ethan Win/Lose/Push":null,"Ethan":null,"Jaime Bet Amount":null,"Jaime Win/Lose/Push":null,"Jaime":null,"Nathan Bet Amount":null,"Nathan Win/Lose/Push":null,"Nathan":null,"Evan Bet Amount":null,"Evan Win/Lose/Push":null,"Evan":null,"Brandon Bet Amount":null,"Brandon Win/Lose/Push":null,"Brandon":null,"Total Team Bet":null,"Legends Bet":null,"Leaders Bet":null,"To Win":null,"Payout":null,"TOTALS":null,"Mitch Totals":null,"Phil Totals":null,"Bryce Totals":null,"Cory Totals":null,"JB Totals":null,"Ethan Totals":null,"Jaime Totals":null,"Nate Totals":null,"Evan Totals":null,"Brandon Totals":null},{"Week":"62","Date":"10/24/2025","Mitch Bet Amount":null,"Mitch Win/Lose/Push":null,"Mitch":null,"Phil Bet Amount":null,"Phil Win/Lose/Push":null,"Phil":null,"Bryce Bet Amount":null,"Bryce Win/Lose/Push":null,"Bryce":null,"Cory Bet Amount":null,"Cory Win/Lose/Push":null,"Cory":null,"JB Bet Amount":null,"JB Win/Lose/Push":null,"JB":null,"Ethan Bet Amount":null,"Ethan Win/Lose/Push":null,"Ethan":null,"Jaime Bet Amount":null,"Jaime Win/Lose/Push":null,"Jaime":null,"Nathan Bet Amount":null,"Nathan Win/Lose/Push":null,"Nathan":null,"Evan Bet Amount":null,"Evan Win/Lose/Push":null,"Evan":null,"Brandon Bet Amount":null,"Brandon Win/Lose/Push":null,"Brandon":null,"Total Team Bet":null,"Legends Bet":null,"Leaders Bet":null,"To Win":null,"Payout":null,"TOTALS":null,"Mitch Totals":null,"Phil Totals":null,"Bryce Totals":null,"Cory Totals":null,"JB Totals":null,"Ethan Totals":null,"Jaime Totals":null,"Nate Totals":null,"Evan Totals":null,"Brandon Totals":null},{"Week":"63","Date":"10/31/2025","Mitch Bet Amount":null,"Mitch Win/Lose/Push":null,"Mitch":null,"Phil Bet Amount":null,"Phil Win/Lose/Push":null,"Phil":null,"Bryce Bet Amount":null,"Bryce Win/Lose/Push":null,"Bryce":null,"Cory Bet Amount":null,"Cory Win/Lose/Push":null,"Cory":null,"JB Bet Amount":null,"JB Win/Lose/Push":null,"JB":null,"Ethan Bet Amount":null,"Ethan Win/Lose/Push":null,"Ethan":null,"Jaime Bet Amount":null,"Jaime Win/Lose/Push":null,"Jaime":null,"Nathan Bet Amount":null,"Nathan Win/Lose/Push":null,"Nathan":null,"Evan Bet Amount":null,"Evan Win/Lose/Push":null,"Evan":null,"Brandon Bet Amount":null,"Brandon Win/Lose/Push":null,"Brandon":null,"Total Team Bet":null,"Legends Bet":null,"Leaders Bet":null,"To Win":null,"Payout":null,"TOTALS":null,"Mitch Totals":null,"Phil Totals":null,"Bryce Totals":null,"Cory Totals":null,"JB Totals":null,"Ethan Totals":null,"Jaime Totals":null,"Nate Totals":null,"Evan Totals":null,"Brandon Totals":null},{"Week":"64","Date":"11/07/2025","Mitch Bet Amount":null,"Mitch Win/Lose/Push":null,"Mitch":null,"Phil Bet Amount":null,"Phil Win/Lose/Push":null,"Phil":null,"Bryce Bet Amount":null,"Bryce Win/Lose/Push":null,"Bryce":null,"Cory Bet Amount":null,"Cory Win/Lose/Push":null,"Cory":null,"JB Bet Amount":null,"JB Win/Lose/Push":null,"JB":null,"Ethan Bet Amount":null,"Ethan Win/Lose/Push":null,"Ethan":null,"Jaime Bet Amount":null,"Jaime Win/Lose/Push":null,"Jaime":null,"Nathan Bet Amount":null,"Nathan Win/Lose/Push":null,"Nathan":null,"Evan Bet Amount":null,"Evan Win/Lose/Push":null,"Evan":null,"Brandon Bet Amount":null,"Brandon Win/Lose/Push":null,"Brandon":null,"Total Team Bet":null,"Legends Bet":null,"Leaders Bet":null,"To Win":null,"Payout":null,"TOTALS":null,"Mitch Totals":null,"Phil Totals":null,"Bryce Totals":null,"Cory Totals":null,"JB Totals":null,"Ethan Totals":null,"Jaime Totals":null,"Nate Totals":null,"Evan Totals":null,"Brandon Totals":null},{"Week":"65","Date":"11/14/2025","Mitch Bet Amount":null,"Mitch Win/Lose/Push":null,"Mitch":null,"Phil Bet Amount":null,"Phil Win/Lose/Push":null,"Phil":null,"Bryce Bet Amount":null,"Bryce Win/Lose/Push":null,"Bryce":null,"Cory Bet Amount":null,"Cory Win/Lose/Push":null,"Cory":null,"JB Bet Amount":null,"JB Win/Lose/Push":null,"JB":null,"Ethan Bet Amount":null,"Ethan Win/Lose/Push":null,"Ethan":null,"Jaime Bet Amount":null,"Jaime Win/Lose/Push":null,"Jaime":null,"Nathan Bet Amount":null,"Nathan Win/Lose/Push":null,"Nathan":null,"Evan Bet Amount":null,"Evan Win/Lose/Push":null,"Evan":null,"Brandon Bet Amount":null,"Brandon Win/Lose/Push":null,"Brandon":null,"Total Team Bet":null,"Legends Bet":null,"Leaders Bet":null,"To Win":null,"Payout":null,"TOTALS":null,"Mitch Totals":null,"Phil Totals":null,"Bryce Totals":null,"Cory Totals":null,"JB Totals":null,"Ethan Totals":null,"Jaime Totals":null,"Nate Totals":null,"Evan Totals":null,"Brandon Totals":null},{"Week":"66","Date":"11/21/2025","Mitch Bet Amount":null,"Mitch Win/Lose/Push":null,"Mitch":null,"Phil Bet Amount":null,"Phil Win/Lose/Push":null,"Phil":null,"Bryce Bet Amount":null,"Bryce Win/Lose/Push":null,"Bryce":null,"Cory Bet Amount":null,"Cory Win/Lose/Push":null,"Cory":null,"JB Bet Amount":null,"JB Win/Lose/Push":null,"JB":null,"Ethan Bet Amount":null,"Ethan Win/Lose/Push":null,"Ethan":null,"Jaime Bet Amount":null,"Jaime Win/Lose/Push":null,"Jaime":null,"Nathan Bet Amount":null,"Nathan Win/Lose/Push":null,"Nathan":null,"Evan Bet Amount":null,"Evan Win/Lose/Push":null,"Evan":null,"Brandon Bet Amount":null,"Brandon Win/Lose/Push":null,"Brandon":null,"Total Team Bet":null,"Legends Bet":null,"Leaders Bet":null,"To Win":null,"Payout":null,"TOTALS":null,"Mitch Totals":null,"Phil Totals":null,"Bryce Totals":null,"Cory Totals":null,"JB Totals":null,"Ethan Totals":null,"Jaime Totals":null,"Nate Totals":null,"Evan Totals":null,"Brandon Totals":null},{"Week":"67","Date":"11/28/2025","Mitch Bet Amount":null,"Mitch Win/Lose/Push":null,"Mitch":null,"Phil Bet Amount":null,"Phil Win/Lose/Push":null,"Phil":null,"Bryce Bet Amount":null,"Bryce Win/Lose/Push":null,"Bryce":null,"Cory Bet Amount":null,"Cory Win/Lose/Push":null,"Cory":null,"JB Bet Amount":null,"JB Win/Lose/Push":null,"JB":null,"Ethan Bet Amount":null,"Ethan Win/Lose/Push":null,"Ethan":null,"Jaime Bet Amount":null,"Jaime Win/Lose/Push":null,"Jaime":null,"Nathan Bet Amount":null,"Nathan Win/Lose/Push":null,"Nathan":null,"Evan Bet Amount":null,"Evan Win/Lose/Push":null,"Evan":null,"Brandon Bet Amount":null,"Brandon Win/Lose/Push":null,"Brandon":null,"Total Team Bet":null,"Legends Bet":null,"Leaders Bet":null,"To Win":null,"Payout":null,"TOTALS":null,"Mitch Totals":null,"Phil Totals":null,"Bryce Totals":null,"Cory Totals":null,"JB Totals":null,"Ethan Totals":null,"Jaime Totals":null,"Nate Totals":null,"Evan Totals":null,"Brandon Totals":null},{"Week":"68","Date":"12/05/2025","Mitch Bet Amount":null,"Mitch Win/Lose/Push":null,"Mitch":null,"Phil Bet Amount":null,"Phil Win/Lose/Push":null,"Phil":null,"Bryce Bet Amount":null,"Bryce Win/Lose/Push":null,"Bryce":null,"Cory Bet Amount":null,"Cory Win/Lose/Push":null,"Cory":null,"JB Bet Amount":null,"JB Win/Lose/Push":null,"JB":null,"Ethan Bet Amount":null,"Ethan Win/Lose/Push":null,"Ethan":null,"Jaime Bet Amount":null,"Jaime Win/Lose/Push":null,"Jaime":null,"Nathan Bet Amount":null,"Nathan Win/Lose/Push":null,"Nathan":null,"Evan Bet Amount":null,"Evan Win/Lose/Push":null,"Evan":null,"Brandon Bet Amount":null,"Brandon Win/Lose/Push":null,"Brandon":null,"Total Team Bet":null,"Legends Bet":null,"Leaders Bet":null,"To Win":null,"Payout":null,"TOTALS":null,"Mitch Totals":null,"Phil Totals":null,"Bryce Totals":null,"Cory Totals":null,"JB Totals":null,"Ethan Totals":null,"Jaime Totals":null,"Nate Totals":null,"Evan Totals":null,"Brandon Totals":null},{"Week":"69","Date":"12/12/2025","Mitch Bet Amount":null,"Mitch Win/Lose/Push":null,"Mitch":null,"Phil Bet Amount":null,"Phil Win/Lose/Push":null,"Phil":null,"Bryce Bet Amount":null,"Bryce Win/Lose/Push":null,"Bryce":null,"Cory Bet Amount":null,"Cory Win/Lose/Push":null,"Cory":null,"JB Bet Amount":null,"JB Win/Lose/Push":null,"JB":null,"Ethan Bet Amount":null,"Ethan Win/Lose/Push":null,"Ethan":null,"Jaime Bet Amount":null,"Jaime Win/Lose/Push":null,"Jaime":null,"Nathan Bet Amount":null,"Nathan Win/Lose/Push":null,"Nathan":null,"Evan Bet Amount":null,"Evan Win/Lose/Push":null,"Evan":null,"Brandon Bet Amount":null,"Brandon Win/Lose/Push":null,"Brandon":null,"Total Team Bet":null,"Legends Bet":null,"Leaders Bet":null,"To Win":null,"Payout":null,"TOTALS":null,"Mitch Totals":null,"Phil Totals":null,"Bryce Totals":null,"Cory Totals":null,"JB Totals":null,"Ethan Totals":null,"Jaime Totals":null,"Nate Totals":null,"Evan Totals":null,"Brandon Totals":null},{"Week":"70","Date":"12/19/2025","Mitch Bet Amount":null,"Mitch Win/Lose/Push":null,"Mitch":null,"Phil Bet Amount":null,"Phil Win/Lose/Push":null,"Phil":null,"Bryce Bet Amount":null,"Bryce Win/Lose/Push":null,"Bryce":null,"Cory Bet Amount":null,"Cory Win/Lose/Push":null,"Cory":null,"JB Bet Amount":null,"JB Win/Lose/Push":null,"JB":null,"Ethan Bet Amount":null,"Ethan Win/Lose/Push":null,"Ethan":null,"Jaime Bet Amount":null,"Jaime Win/Lose/Push":null,"Jaime":null,"Nathan Bet Amount":null,"Nathan Win/Lose/Push":null,"Nathan":null,"Evan Bet Amount":null,"Evan Win/Lose/Push":null,"Evan":null,"Brandon Bet Amount":null,"Brandon Win/Lose/Push":null,"Brandon":null,"Total Team Bet":null,"Legends Bet":null,"Leaders Bet":null,"To Win":null,"Payout":null,"TOTALS":null,"Mitch Totals":null,"Phil Totals":null,"Bryce Totals":null,"Cory Totals":null,"JB Totals":null,"Ethan Totals":null,"Jaime Totals":null,"Nate Totals":null,"Evan Totals":null,"Brandon Totals":null},{"Week":"71","Date":"12/26/2025","Mitch Bet Amount":null,"Mitch Win/Lose/Push":null,"Mitch":null,"Phil Bet Amount":null,"Phil Win/Lose/Push":null,"Phil":null,"Bryce Bet Amount":null,"Bryce Win/Lose/Push":null,"Bryce":null,"Cory Bet Amount":null,"Cory Win/Lose/Push":null,"Cory":null,"JB Bet Amount":null,"JB Win/Lose/Push":null,"JB":null,"Ethan Bet Amount":null,"Ethan Win/Lose/Push":null,"Ethan":null,"Jaime Bet Amount":null,"Jaime Win/Lose/Push":null,"Jaime":null,"Nathan Bet Amount":null,"Nathan Win/Lose/Push":null,"Nathan":null,"Evan Bet Amount":null,"Evan Win/Lose/Push":null,"Evan":null,"Brandon Bet Amount":null,"Brandon Win/Lose/Push":null,"Brandon":null,"Total Team Bet":null,"Legends Bet":null,"Leaders Bet":null,"To Win":null,"Payout":null,"TOTALS":null,"Mitch Totals":null,"Phil Totals":null,"Bryce Totals":null,"Cory Totals":null,"JB Totals":null,"Ethan Totals":null,"Jaime Totals":null,"Nate Totals":null,"Evan Totals":null,"Brandon Totals":null},{"Week":"72","Date":"01/02/2026","Mitch Bet Amount":null,"Mitch Win/Lose/Push":null,"Mitch":null,"Phil Bet Amount":null,"Phil Win/Lose/Push":null,"Phil":null,"Bryce Bet Amount":null,"Bryce Win/Lose/Push":null,"Bryce":null,"Cory Bet Amount":null,"Cory Win/Lose/Push":null,"Cory":null,"JB Bet Amount":null,"JB Win/Lose/Push":null,"JB":null,"Ethan Bet Amount":null,"Ethan Win/Lose/Push":null,"Ethan":null,"Jaime Bet Amount":null,"Jaime Win/Lose/Push":null,"Jaime":null,"Nathan Bet Amount":null,"Nathan Win/Lose/Push":null,"Nathan":null,"Evan Bet Amount":null,"Evan Win/Lose/Push":null,"Evan":null,"Brandon Bet Amount":null,"Brandon Win/Lose/Push":null,"Brandon":null,"Total Team Bet":null,"Legends Bet":null,"Leaders Bet":null,"To Win":null,"Payout":null,"TOTALS":null,"Mitch Totals":null,"Phil Totals":null,"Bryce Totals":null,"Cory Totals":null,"JB Totals":null,"Ethan Totals":null,"Jaime Totals":null,"Nate Totals":null,"Evan Totals":null,"Brandon Totals":null},{"Week":"73","Date":"01/09/2026","Mitch Bet Amount":null,"Mitch Win/Lose/Push":null,"Mitch":null,"Phil Bet Amount":null,"Phil Win/Lose/Push":null,"Phil":null,"Bryce Bet Amount":null,"Bryce Win/Lose/Push":null,"Bryce":null,"Cory Bet Amount":null,"Cory Win/Lose/Push":null,"Cory":null,"JB Bet Amount":null,"JB Win/Lose/Push":null,"JB":null,"Ethan Bet Amount":null,"Ethan Win/Lose/Push":null,"Ethan":null,"Jaime Bet Amount":null,"Jaime Win/Lose/Push":null,"Jaime":null,"Nathan Bet Amount":null,"Nathan Win/Lose/Push":null,"Nathan":null,"Evan Bet Amount":null,"Evan Win/Lose/Push":null,"Evan":null,"Brandon Bet Amount":null,"Brandon Win/Lose/Push":null,"Brandon":null,"Total Team Bet":null,"Legends Bet":null,"Leaders Bet":null,"To Win":null,"Payout":null,"TOTALS":null,"Mitch Totals":null,"Phil Totals":null,"Bryce Totals":null,"Cory Totals":null,"JB Totals":null,"Ethan Totals":null,"Jaime Totals":null,"Nate Totals":null,"Evan Totals":null,"Brandon Totals":null}]
3:31:45 AM [express] GET /api/data 304 in 2ms :: [{"Week":"1","Date":"8/22/2025","Mitch Bet Amount":"$10","Mitch Win/Lose/Push":"Win","Mitch":"Kansas -14 (legends)","Mitch Resolved":"Fresno State University @ University of Kansas (University of Kansas -14)","Phil Bet Amount":"$25","Phil Win/Lose/Push":"Loss","Phil":"JB (legends)","Phil Resolved":"Tail JB","Bryce Bet Amount":"$5","Bryce Win/Lose/Push":"Loss","Bryce":"Stanford? +2.5 (legends)","Bryce Resolved":"Stanford University (Stanford University +2.5)","Cory Bet Amount":"$25","Cory Win/Lose/Push":"Win","Cory":"Rutgers over 47 (leaders)","Cory Resolved":"Rutgers University (Over 47)","JB Bet Amount":"$5","JB Win/Lose/Push":"Loss","JB":"kansas st over 52 (legends)","JB Resolved":"Fresno State University @ University of Kansas (University of Kansas -14)","Ethan Bet Amount":"$20","Ethan Win/Lose/Push":"Win","Ethan":"Mitch (legends)","Ethan Resolved":"Tail Mitch","Jaime Bet Amount":"$10","Jaime Win/Lose/Push":"Loss","Jaime":"UCF/Jax St Over 52.5 (legends)","Jaime Resolved":"Rutgers University (Over 47)","Nathan Bet Amount":"$5","Nathan Win/Lose/Push":"Loss","Nathan":"Universitario -0.5 (leaders)","Nathan Resolved":"Universitario (Universitario -0.5)","Evan Bet Amount":"$5","Evan Win/Lose/Push":"Loss","Evan":"Kansas State -3 (leaders)","Evan Resolved":"Fresno State University @ University of Kansas (University of Kansas -14)","Brandon Bet Amount":"$5","Brandon Win/Lose/Push":"Loss","Brandon":"KU/Fresno o50 (leaders)","Brandon Resolved":"University of Kansas @ Fresno State University (Over 50)","":"","Total Team Bet":"$115.00","Legends Bet":"$75.00","Leaders Bet":"$40.00","To Win":"","Payout":"","TOTALS":"Total Bet","Mitch Totals":"$205.00","Phil Totals":"$215.00","Bryce Totals":"$85.00","Cory Totals":"$105.00","JB Totals":"$135.00","Ethan Totals":"$130.00","Jaime Totals":"$140.00","Nate Totals":"$110.00","Evan Totals":"$135.00","Brandon Totals":"$110.00"},{"Week":"2","Date":"8/29/2025","Mitch Bet Amount":"$5","Mitch Win/Lose/Push":"Loss","Mitch":"Alabama -13.5 (legends)","Mitch Resolved":"University of Texas @ University of Alabama (University of Alabama -13.5)","Phil Bet Amount":"$25","Phil Win/Lose/Push":"Loss","Phil":"Mitch (legends)","Phil Resolved":"Tail Mitch","Bryce Bet Amount":"$10","Bryce Win/Lose/Push":"Win","Bryce":"Ohio st (legends)","Bryce Resolved":"Ohio State University (Ohio State University)","Cory Bet Amount":"$5","Cory Win/Lose/Push":"Win","Cory":"Maryland under  (leaders)","Cory Resolved":"University of Maryland (Under)","JB Bet Amount":"$10","JB Win/Lose/Push":"Loss","JB":"penn st under (legends)","JB Resolved":"University of Maryland (Under)","Ethan Bet Amount":"$5","Ethan Win/Lose/Push":"Win","Ethan":"Iowa under 50.5 (legends)","Ethan Resolved":"University of Maryland (Under)","Jaime Bet Amount":"$15","Jaime Win/Lose/Push":"Win","Jaime":"Tennessee -13.5 (legends)","Jaime Resolved":"University of Texas @ University of Alabama (University of Alabama -13.5)","Nathan Bet Amount":"$10","Nathan Win/Lose/Push":"Win","Nathan":"Padres -1.5 (leaders)","Nathan Resolved":"San Diego Padres (San Diego Padres -1.5)","Evan Bet Amount":"$10","Evan Win/Lose/Push":"Loss","Evan":"Texas +1.5 (leaders)","Evan Resolved":"University of Texas @ University of Alabama (University of Alabama -13.5)","Brandon Bet Amount":"$10","Brandon Win/Lose/Push":"Loss","Brandon":"Sinner -8.5 (leaders)","Brandon Resolved":"Jannik Sinner (Jannik Sinner -8.5)","":"","Total Team Bet":"$105.00","Legends Bet":"$70.00","Leaders Bet":"$35.00","To Win":"","Payout":"","TOTALS":"Total Wins","Mitch Totals":"4","Phil Totals":"5","Bryce Totals":"11","Cory Totals":"10","JB Totals":"6","Ethan Totals":"9","Jaime Totals":"7","Nate Totals":"8","Evan Totals":"7","Brandon Totals":"8"},{"Week":"3","Date":"9/5/2025","Mitch Bet Amount":"$10","Mitch Win/Lose/Push":"Loss","Mitch":"Ole Miss 1H (legends)","Mitch Resolved":"North Carolina State @ University of Mississippi (University of Mississippi -7, 1st Half)","Phil Bet Amount":"$25","Phil Win/Lose/Push":"Loss","Phil":"Ethan (legends)","Phil Resolved":"Tail Ethan","Bryce Bet Amount":"$5","Bryce Win/Lose/Push":"Win","Bryce":"Vikes","Bryce Resolved":"Minnesota Vikings (Minnesota Vikings)","Cory Bet Amount":"$5","Cory Win/Lose/Push":"Win","Cory":"MSU over (leaders)","Cory Resolved":"Michigan State University (Over)","JB Bet Amount":"$15","JB Win/Lose/Push":"Loss","JB":"Navy  (legends)","JB Resolved":"United States Naval Academy (United States Naval Academy)","Ethan Bet Amount":"$5","Ethan Win/Lose/Push":"Loss","Ethan":"USF vs Florida over (legends)","Ethan Resolved":"Michigan State University (Over)","Jaime Bet Amount":"$5","Jaime Win/Lose/Push":"Win","Jaime":"Illinois -2.5 (legends)","Jaime Resolved":"University of Illinois (University of Illinois -2.5)","Nathan Bet Amount":"$5","Nathan Win/Lose/Push":"Win","Nathan":"(NFL) Arizona -6.5 (leaders)","Nathan Resolved":"Arizona Cardinals (Arizona Cardinals -6.5)","Evan Bet Amount":"$15","Evan Win/Lose/Push":"Loss","Evan":"Iowa/ Iowa St over 43 (leaders)","Evan Resolved":"Michigan State University (Over)","Brandon Bet Amount":"$15","Brandon Win/Lose/Push":"Push","Brandon":"W US Open o22 games (leaders)","Brandon Resolved":"US Open (Over 22 Games)","":"","Total Team Bet":"$105.00","Legends Bet":"$60.00","Leaders Bet":"$40.00","To Win":"","Payout":"","TOTALS":"Total Losses","Mitch Totals":"10","Phil Totals":"7","Bryce Totals":"3","Cory Totals":"2","JB Totals":"8","Ethan Totals":"5","Jaime Totals":"7","Nate Totals":"6","Evan Totals":"6","Brandon Totals":"4"},{"Week":"4","Date":"9/12/25","Mitch Bet Amount":"$15","Mitch Win/Lose/Push":"Loss","Mitch":"Steelers (legends)","Mitch Resolved":"Cincinnati Bengals @ Pittsburgh Steelers (Pittsburgh Steelers)","Phil Bet Amount":"$25","Phil Win/Lose/Push":"Win","Phil":"Ethan (legends)","Phil Resolved":"Tail Ethan","Bryce Bet Amount":"$5","Bryce Win/Lose/Push":"Win","Bryce":"Texas A&M (legends)","Bryce Resolved":"Texas A&M University (Texas A&M University)","Cory Bet Amount":"$5","Cory Win/Lose/Push":"Win","Cory":"Eagles (leaders)","Cory Resolved":"Philadelphia Eagles (Philadelphia Eagles)","JB Bet Amount":"$20","JB Win/Lose/Push":"Win","JB":"Nate (legends)","JB Resolved":"Tail Nathan","Ethan Bet Amount":"$10","Ethan Win/Lose/Push":"Win","Ethan":"Texas tech -23 (legends)","Ethan Resolved":"Texas A&M University (Texas A&M University)","Jaime Bet Amount":"$5","Jaime Win/Lose/Push":"Loss","Jaime":"Oregon -26.5 (legends)","Jaime Resolved":"University of Oregon (University of Oregon -26.5)","Nathan Bet Amount":"$5","Nathan Win/Lose/Push":"Win","Nathan":"Rams -5.5 (leaders) ","Nathan Resolved":"Los Angeles Rams (Los Angeles Rams -5.5)","Evan Bet Amount":"$20","Evan Win/Lose/Push":"Push","Evan":"Georgia -3.5 (leaders) ","Evan Resolved":"University of Georgia (University of Georgia -3.5)","Brandon Bet Amount":"$15","Brandon Win/Lose/Push":"Win","Brandon":"Man City -0.75 (leaders) ","Brandon Resolved":"Manchester City (Manchester City -0.75)","":"","Total Team Bet":"$125.00","Legends Bet":"$80.00","Leaders Bet":"$45.00","To Win":"","Payout":"$325.00","TOTALS":"Total Pushes","Mitch Totals":"0","Phil Totals":"2","Bryce Totals":"0","Cory Totals":"2","JB Totals":"0","Ethan Totals":"0","Jaime Totals":"0","Nate Totals":"0","Evan Totals":"1","Brandon Totals":"2"},{"Week":"5","Date":"9/19/25","Mitch Bet Amount":"$20","Mitch Win/Lose/Push":"Loss","Mitch":"JB (legends)","Mitch Resolved":"Tail JB","Phil Bet Amount":"$5","Phil Win/Lose/Push":"Loss","Phil":"Fresno (leaders)","Phil Resolved":"Fresno State University (Fresno State University)","Bryce Bet Amount":"$5","Bryce Win/Lose/Push":"Win","Bryce":"South Carolina (legends)","Bryce Resolved":"University of South Carolina (University of South Carolina)","Cory Bet Amount":"$5","Cory Win/Lose/Push":"Win","Cory":"Indiana (legends)","Cory Resolved":"Indiana University (Indiana University)","JB Bet Amount":"$5","JB Win/Lose/Push":"Loss","JB":"ATL Falcons (legends)","JB Resolved":"Atlanta Falcons (Atlanta Falcons)","Ethan Bet Amount":"$5","Ethan Win/Lose/Push":"Loss","Ethan":"Texans (legends)","Ethan Resolved":"Houston Texans (Houston Texans)","Jaime Bet Amount":"$10","Jaime Win/Lose/Push":"Loss","Jaime":"Packers -7.5 (legends) ","Jaime Resolved":"Green Bay Packers (Green Bay Packers -7.5)","Nathan Bet Amount":"$5","Nathan Win/Lose/Push":"Loss","Nathan":"49ers -2.5 (leaders)","Nathan Resolved":"San Francisco 49ers (San Francisco 49ers -2.5)","Evan Bet Amount":"$20","Evan Win/Lose/Push":"Win","Evan":"Florida/Miami Under 50.5 (leaders)","Evan Resolved":"University of Florida @ University of Miami (Under 50.5)","Brandon Bet Amount":"$5","Brandon Win/Lose/Push":"Loss","Brandon":"Nebraska +1 (leaders)","Brandon Resolved":"University of Nebraska (University of Nebraska +1)","":"","Total Team Bet":"$85.00","Legends Bet":"$50.00","Leaders Bet":"$35.00","To Win":"","Payout":"","TOTALS":"Win Percentage","Mitch Totals":"28.57%","Phil Totals":"41.67%","Bryce Totals":"78.57%","Cory Totals":"83.33%","JB Totals":"42.86%","Ethan Totals":"64.29%","Jaime Totals":"50.00%","Nate Totals":"57.14%","Evan Totals":"53.85%","Brandon Totals":"66.67%"},{"Week":"6","Date":"9/26/25","Mitch Bet Amount":"$25","Mitch Win/Lose/Push":"Loss","Mitch":"Ethan (legends) ","Mitch Resolved":"Tail Ethan","Phil Bet Amount":"$10","Phil Win/Lose/Push":"Loss","Phil":"Alabama/Georgia over (leaders) ","Phil Resolved":"University of Alabama @ University of Georgia (Over)","Bryce Bet Amount":"$5","Bryce Win/Lose/Push":"Loss","Bryce":"Vikings (legends) ","Bryce Resolved":"Minnesota Vikings (Minnesota Vikings)","Cory Bet Amount":"$5","Cory Win/Lose/Push":"Win","Cory":"NW/UCLA under (legends) ","Cory Resolved":"Northwestern University @ University of California Los Angeles (Under)","JB Bet Amount":"$10","JB Win/Lose/Push":"Loss","JB":"San Fran 49ers (legends) ","JB Resolved":"San Francisco 49ers (San Francisco 49ers)","Ethan Bet Amount":"$10","Ethan Win/Lose/Push":"Loss","Ethan":"Georgia (legends) ","Ethan Resolved":"University of Alabama @ University of Georgia (Over)","Jaime Bet Amount":"$15","Jaime Win/Lose/Push":"Loss","Jaime":"PSU Under 53.5 (legends) ","Jaime Resolved":"Northwestern University @ University of California Los Angeles (Under)","Nathan Bet Amount":"$10","Nathan Win/Lose/Push":"Loss","Nathan":"Chargers -6.5 (leaders) ","Nathan Resolved":"Los Angeles Chargers (Los Angeles Chargers -6.5)","Evan Bet Amount":"$5","Evan Win/Lose/Push":"Win","Evan":"Colorado/BYU under 49.5 (leaders) ","Evan Resolved":"Northwestern University @ University of California Los Angeles (Under)","Brandon Bet Amount":"$10","Brandon Win/Lose/Push":"Win","Brandon":"(leaders) Iowa +8.5 ","Brandon Resolved":"University of Iowa (University of Iowa +8.5)","":"","Total Team Bet":"$105.00","Legends Bet":"$70.00","Leaders Bet":"$35.00","To Win":null,"Payout":null,"TOTALS":null,"Mitch Totals":null,"Phil Totals":null,"Bryce Totals":null,"Cory Totals":null,"JB Totals":null,"Ethan Totals":null,"Jaime Totals":null,"Nate Totals":null,"Evan Totals":null,"Brandon Totals":null},{"Week":"7","Date":"10/3/25","Mitch Bet Amount":"$25","Mitch Win/Lose/Push":"Loss","Mitch":"Miami/FSU over (leaders) ","Mitch Resolved":"University of Miami @ Florida State University (Over)","Phil Bet Amount":"$15","Phil Win/Lose/Push":"Loss","Phil":"Texas/Florida Under (leaders) ","Phil Resolved":"University of Texas @ University of Florida (Under)","Bryce Bet Amount":"$10","Bryce Win/Lose/Push":"Win","Bryce":"Vikings Again? (legends) ","Bryce Resolved":"Minnesota Vikings (Minnesota Vikings)","Cory Bet Amount":"$5","Cory Win/Lose/Push":"Win","Cory":"Lions if below 10.5 (legends) ","Cory Resolved":"Detroit Lions (if below 10.5)","JB Bet Amount":"$15","JB Win/Lose/Push":"Win","JB":"Illinois (leaders) ","JB Resolved":"University of Illinois (University of Illinois)","Ethan Bet Amount":"$15","Ethan Win/Lose/Push":"Loss","Ethan":"Cal (legends) ","Ethan Resolved":"University of California Berkeley (University of California Berkeley)","Jaime Bet Amount":"$20","Jaime Win/Lose/Push":"Win","Jaime":"Texas Tech -11.5 (leaders) ","Jaime Resolved":"University of Texas @ University of Florida (Under)","Nathan Bet Amount":"$15","Nathan Win/Lose/Push":"Win","Nathan":"Tail Cory (legends) ","Nathan Resolved":"Tail Cory (legends)","Evan Bet Amount":"$5","Evan Win/Lose/Push":"Loss","Evan":"Texas -5.5 (legends) ","Evan Resolved":"University of Texas @ University of Florida (Under)","Brandon Bet Amount":"$5","Brandon Win/Lose/Push":"Win","Brandon":"Wisconsin +17.5 (legends) ","Brandon Resolved":"University of Wisconsin (University of Wisconsin +17.5)","":"","Total Team Bet":"$130.00","Legends Bet":"$55.00","Leaders Bet":"$75.00","To Win":null,"Payout":null,"TOTALS":null,"Mitch Totals":null,"Phil Totals":null,"Bryce Totals":null,"Cory Totals":null,"JB Totals":null,"Ethan Totals":null,"Jaime Totals":null,"Nate Totals":null,"Evan Totals":null,"Brandon Totals":null},{"Week":"8","Date":"10/10/25","Mitch Bet Amount":"$25","Mitch Win/Lose/Push":"Loss","Mitch":"Oregon (quack quack quack) (leaders)  ","Mitch Resolved":"University of Washington @ University of Oregon (University of Oregon)","Phil Bet Amount":"$20","Phil Win/Lose/Push":"Push","Phil":"Minnesota (leaders)  ","Phil Resolved":"University of Minnesota (University of Minnesota)","Bryce Bet Amount":"$5","Bryce Win/Lose/Push":"Loss","Bryce":"Lions  (legends) ","Bryce Resolved":"Detroit Lions (Detroit Lions)","Cory Bet Amount":"$5","Cory Win/Lose/Push":"Push","Cory":"Bama (legends)  ","Cory Resolved":"University of Alabama (University of Alabama)","JB Bet Amount":"$5","JB Win/Lose/Push":"Loss","JB":"unlv (leaders)  ","JB Resolved":"University of Nevada Las Vegas (University of Nevada Las Vegas)","Ethan Bet Amount":"$20","Ethan Win/Lose/Push":"Win","Ethan":"Brandon (legends)  ","Ethan Resolved":"Tail Brandon","Jaime Bet Amount":"$5","Jaime Win/Lose/Push":"Win","Jaime":"Texas A&M -7.5 (legends)  ","Jaime Resolved":"Texas A&M University (Texas A&M University -7.5)","Nathan Bet Amount":"$5","Nathan Win/Lose/Push":"Loss","Nathan":"Bills -4.5 (legends) ","Nathan Resolved":"Buffalo Bills (Buffalo Bills -4.5)","Evan Bet Amount":"$10","Evan Win/Lose/Push":"Win","Evan":"Pitt +10 (leaders)  ","Evan Resolved":"University of Pittsburgh (University of Pittsburgh +10)","Brandon Bet Amount":"$5","Brandon Win/Lose/Push":"Win","Brandon":"USC -2.5 (legends)  ","Brandon Resolved":"University of Southern California (University of Southern California -2.5)","":"","Total Team Bet":"$105.00","Legends Bet":"$45.00","Leaders Bet":"$60.00","To Win":null,"Payout":null,"TOTALS":null,"Mitch Totals":null,"Phil Totals":null,"Bryce Totals":null,"Cory Totals":null,"JB Totals":null,"Ethan Totals":null,"Jaime Totals":null,"Nate Totals":null,"Evan Totals":null,"Brandon Totals":null},{"Week":"9","Date":"10/17/25","Mitch Bet Amount":"$25","Mitch Win/Lose/Push":"Win","Mitch":"Bryce (leaders)","Mitch Resolved":"Tail Bryce","Phil Bet Amount":"$20","Phil Win/Lose/Push":"Push","Phil":"Notre Dame (leaders) ","Phil Resolved":"University of Notre Dame (University of Notre Dame)","Bryce Bet Amount":"$10","Bryce Win/Lose/Push":"Win","Bryce":"Missouri -1 (buy the half point, still -120)😉 (legends) ","Bryce Resolved":"University of Missouri (University of Missouri -1)","Cory Bet Amount":"$5","Cory Win/Lose/Push":"Win","Cory":"Bears (legends) ","Cory Resolved":"Chicago Bears (Chicago Bears)","JB Bet Amount":"$10","JB Win/Lose/Push":"Loss","JB":"texas tech (leaders) ","JB Resolved":"Texas Tech University (Texas Tech University)","Ethan Bet Amount":"$5","Ethan Win/Lose/Push":"Loss","Ethan":"Nebraska (legends) ","Ethan Resolved":"University of Nebraska (University of Nebraska)","Jaime Bet Amount":"$5","Jaime Win/Lose/Push":"Win","Jaime":"Indiana Over 49.5 (legends) ","Jaime Resolved":"Indiana University (Over 49.5)","Nathan Bet Amount":"$10","Nathan Win/Lose/Push":"Win","Nathan":"Patriots -7 (legends) ","Nathan Resolved":"New England Patriots (New England Patriots -7)","Evan Bet Amount":"$5","Evan Win/Lose/Push":"Loss","Evan":"Texas Tech -7.5 (leaders) ","Evan Resolved":"Texas Tech University (Texas Tech University)","Brandon Bet Amount":"$5","Brandon Win/Lose/Push":"Loss","Brandon":"LSU +2.5 (legends) ","Brandon Resolved":"Louisiana State University (Louisiana State University +2.5)","":"","Total Team Bet":"$100.00","Legends Bet":"$40.00","Leaders Bet":"$60.00","To Win":null,"Payout":null,"TOTALS":null,"Mitch Totals":null,"Phil Totals":null,"Bryce Totals":null,"Cory Totals":null,"JB Totals":null,"Ethan Totals":null,"Jaime Totals":null,"Nate Totals":null,"Evan Totals":null,"Brandon Totals":null},{"Week":"10","Date":"10/24/25","Mitch Bet Amount":"$5","Mitch Win/Lose/Push":"Loss","Mitch":"USF (leaders) ","Mitch Resolved":"San Jose State University @ University of South Florida (University of South Florida)","Phil Bet Amount":"$20","Phil Win/Lose/Push":"Win","Phil":"Texas A&M/LSU Over (leaders) ","Phil Resolved":"Texas A&M University @ Louisiana State University (Over)","Bryce Bet Amount":"$5","Bryce Win/Lose/Push":"Win","Bryce":"BYU (legends) ","Bryce Resolved":"Brigham Young University (Brigham Young University)","Cory Bet Amount":"$5","Cory Win/Lose/Push":"Loss","Cory":"Bama (legends)  ","Cory Resolved":"University of Alabama (University of Alabama)","JB Bet Amount":"$15","JB Win/Lose/Push":"Win","JB":"southern miss (leaders) ","JB Resolved":"University of Southern Mississippi (University of Southern Mississippi)","Ethan Bet Amount":"$10","Ethan Win/Lose/Push":"Win","Ethan":"Oklahoma vs ole miss over (legends) ","Ethan Resolved":"Texas A&M University @ Louisiana State University (Over)","Jaime Bet Amount":"$5","Jaime Win/Lose/Push":"Loss","Jaime":"UCLA +26 (legends) ","Jaime Resolved":"University of California Los Angeles (University of California Los Angeles +26)","Nathan Bet Amount":"$5","Nathan Win/Lose/Push":"Win","Nathan":"Chiefs -11.5 (legends) ","Nathan Resolved":"Kansas City Chiefs (Kansas City Chiefs -11.5)","Evan Bet Amount":"$10","Evan Win/Lose/Push":"Win","Evan":"Ole Miss +5.5 (leaders) ","Evan Resolved":"University of Southern Mississippi (University of Southern Mississippi)","Brandon Bet Amount":"$10","Brandon Win/Lose/Push":"Win","Brandon":"IF(Man City > -120, Man City, MSU +13.5) (legends) ","Brandon Resolved":"Kansas City Chiefs (Kansas City Chiefs -11.5)","":"","Total Team Bet":"$90.00","Legends Bet":"$40.00","Leaders Bet":"$50.00","To Win":null,"Payout":null,"TOTALS":null,"Mitch Totals":null,"Phil Totals":null,"Bryce Totals":null,"Cory Totals":null,"JB Totals":null,"Ethan Totals":null,"Jaime Totals":null,"Nate Totals":null,"Evan Totals":null,"Brandon Totals":null},{"Week":"11","Date":"10/31/25","Mitch Bet Amount":"$10","Mitch Win/Lose/Push":"Loss","Mitch":"georgia tech - tail JB (leaders)","Mitch Resolved":"Tail georgia tech - JB (leaders)","Phil Bet Amount":"$5","Phil Win/Lose/Push":"Win","Phil":"Utah (leaders)","Phil Resolved":"University of Utah (University of Utah)","Bryce Bet Amount":"$5","Bryce Win/Lose/Push":"Win","Bryce":"Timothy Cuamba (legends)","Bryce Resolved":"Timothy Cuamba (Timothy Cuamba)","Cory Bet Amount":"$10","Cory Win/Lose/Push":"Loss","Cory":"(legends) Patriots  ","Cory Resolved":"New England Patriots (New England Patriots)","JB Bet Amount":"$5","JB Win/Lose/Push":"Loss","JB":"(leaders) Georgia tech","JB Resolved":"Georgia Institute of Technology (Georgia Institute of Technology)","Ethan Bet Amount":"$5","Ethan Win/Lose/Push":"Win","Ethan":"Indiana (legends)","Ethan Resolved":"Indiana University (Indiana University)","Jaime Bet Amount":"$10","Jaime Win/Lose/Push":"Loss","Jaime":"MIA/SMU Over (legends)","Jaime Resolved":"University of Miami @ Southern Methodist University (Over)","Nathan Bet Amount":"$5","Nathan Win/Lose/Push":"Loss","Nathan":"KC -1.5 (legends) ","Nathan Resolved":"Kansas City Chiefs (Kansas City Chiefs -1.5)","Evan Bet Amount":"$5","Evan Win/Lose/Push":"Win","Evan":"Oklahoma+2.5 (leaders)","Evan Resolved":"University of Oklahoma (University of Oklahoma +2.5)","Brandon Bet Amount":"$5","Brandon Win/Lose/Push":"Push","Brandon":"Texas -3.5 (legends)","Brandon Resolved":"University of Texas (University of Texas -3.5)","":"","Total Team Bet":"$65.00","Legends Bet":"$40.00","Leaders Bet":"$25.00","To Win":null,"Payout":null,"TOTALS":null,"Mitch Totals":null,"Phil Totals":null,"Bryce Totals":null,"Cory Totals":null,"JB Totals":null,"Ethan Totals":null,"Jaime Totals":null,"Nate Totals":null,"Evan Totals":null,"Brandon Totals":null},{"Week":"12","Date":"11/7/25","Mitch Bet Amount":"$15","Mitch Win/Lose/Push":"Win","Mitch":"Wake Forest  (leaders) ","Mitch Resolved":"Stanford University @ Wake Forest University (Wake Forest University)","Phil Bet Amount":"$5","Phil Win/Lose/Push":"Loss","Phil":"Oregon (leaders) ","Phil Resolved":"University of Oregon (University of Oregon)","Bryce Bet Amount":"$5","Bryce Win/Lose/Push":"Win","Bryce":"(legends) UL LAFAYETTE ","Bryce Resolved":"University of Louisiana Lafayette (University of Louisiana Lafayette)","Cory Bet Amount":"$15","Cory Win/Lose/Push":"Win","Cory":"Wash/wi under (legends) ","Cory Resolved":"University of Washington @ University of Wisconsin (Under)","JB Bet Amount":"$10","JB Win/Lose/Push":"Win","JB":"stanford under (leaders) ","JB Resolved":"Stanford University @ Wake Forest University (Wake Forest University)","Ethan Bet Amount":"$5","Ethan Win/Lose/Push":"Win","Ethan":"Vandy (legends) ","Ethan Resolved":"Vanderbilt University (Vanderbilt University)","Jaime Bet Amount":"$15","Jaime Win/Lose/Push":"Win","Jaime":"Texas A&M -6.5 (leaders) ","Jaime Resolved":"Texas A&M University (Texas A&M University -6.5)","Nathan Bet Amount":"$10","Nathan Win/Lose/Push":"Win","Nathan":"LAR (legends) ","Nathan Resolved":"Los Angeles Rams (Los Angeles Rams)","Evan Bet Amount":"$5","Evan Win/Lose/Push":"Loss","Evan":"BYU +12 (legends) ","Evan Resolved":"Brigham Young University (Brigham Young University +12)","Brandon Bet Amount":"$5","Brandon Win/Lose/Push":"Win","Brandon":"Penn State (legends) ","Brandon Resolved":"Penn State University (Penn State University)","":"","Total Team Bet":"$90.00","Legends Bet":"$45.00","Leaders Bet":"$45.00","To Win":null,"Payout":null,"TOTALS":null,"Mitch Totals":null,"Phil Totals":null,"Bryce Totals":null,"Cory Totals":null,"JB Totals":null,"Ethan Totals":null,"Jaime Totals":null,"Nate Totals":null,"Evan Totals":null,"Brandon Totals":null},{"Week":"13","Date":"11/14/25","Mitch Bet Amount":"$5","Mitch Win/Lose/Push":"Loss","Mitch":"San Jose St. (leaders)","Mitch Resolved":"University of Nevada Las Vegas @ San Jose State University (San Jose State University)","Phil Bet Amount":"$10","Phil Win/Lose/Push":"Win","Phil":"Penn State (leaders) ","Phil Resolved":"University of Nevada Las Vegas @ San Jose State University (San Jose State University)","Bryce Bet Amount":"$5","Bryce Win/Lose/Push":"Win","Bryce":"(legends) Arizona ","Bryce Resolved":"University of Arizona (University of Arizona)","Cory Bet Amount":"$5","Cory Win/Lose/Push":"Push","Cory":"(legends) Ravens  ","Cory Resolved":"Baltimore Ravens (Baltimore Ravens)","JB Bet Amount":"$5","JB Win/Lose/Push":"Win","JB":"(leaders) Iowa under ","JB Resolved":"University of Iowa (Under)","Ethan Bet Amount":"$5","Ethan Win/Lose/Push":"Win","Ethan":"Georgia (legends) ","Ethan Resolved":"University of Georgia (University of Georgia)","Jaime Bet Amount":"$5","Jaime Win/Lose/Push":"Win","Jaime":"Texas A&M/SC Over (legends) ","Jaime Resolved":"Texas A&M University @ University of South Carolina (Over)","Nathan Bet Amount":"$5","Nathan Win/Lose/Push":"Loss","Nathan":"Texans (legends) ","Nathan Resolved":"Houston Texans (Houston Texans)","Evan Bet Amount":"$10","Evan Win/Lose/Push":"Win","Evan":"BYU -3 (leaders) ","Evan Resolved":"Brigham Young University (Brigham Young University -3)","Brandon Bet Amount":"$5","Brandon Win/Lose/Push":"Win","Brandon":"Northwestern +11.5 (legends) ","Brandon Resolved":"Northwestern University (Northwestern University +11.5)","":"","Total Team Bet":"$60.00","Legends Bet":"$30.00","Leaders Bet":"$30.00","To Win":null,"Payout":null,"TOTALS":null,"Mitch Totals":null,"Phil Totals":null,"Bryce Totals":null,"Cory Totals":null,"JB Totals":null,"Ethan Totals":null,"Jaime Totals":null,"Nate Totals":null,"Evan Totals":null,"Brandon Totals":null},{"Week":"14","Date":"11/21/25","Mitch Bet Amount":"$10","Mitch Win/Lose/Push":"Win","Mitch":"Bryce (leaders)","Mitch Resolved":"Tail Bryce","Phil Bet Amount":"$5","Phil Win/Lose/Push":"Win","Phil":"Michigan (leaders)","Phil Resolved":"University of Michigan (University of Michigan)","Bryce Bet Amount":"$5","Bryce Win/Lose/Push":"Win","Bryce":"Duke (legends)","Bryce Resolved":"Duke University (Duke University)","Cory Bet Amount":"$5","Cory Win/Lose/Push":"Win","Cory":"Utah KSU. Over (legends)","Cory Resolved":"Kansas State University @ University of Utah (Over)","JB Bet Amount":"$5","JB Win/Lose/Push":"Win","JB":"Brandon (leaders)","JB Resolved":"Tail Brandon","Ethan Bet Amount":"$5","Ethan Win/Lose/Push":"Win","Ethan":"Bengals (legends)","Ethan Resolved":"Cincinnati Bengals (Cincinnati Bengals)","Jaime Bet Amount":"$5","Jaime Win/Lose/Push":"Loss","Jaime":"Texas A&M/Samford Over (legends)","Jaime Resolved":"Kansas State University @ University of Utah (Over)","Nathan Bet Amount":"$10","Nathan Win/Lose/Push":"Win","Nathan":"Rams (legends)","Nathan Resolved":"Los Angeles Rams (Los Angeles Rams)","Evan Bet Amount":"$5","Evan Win/Lose/Push":"Win","Evan":"Tennessee -4 (leaders)","Evan Resolved":"University of Tennessee (University of Tennessee -4)","Brandon Bet Amount":"$5","Brandon Win/Lose/Push":"Win","Brandon":"BYU (legends)","Brandon Resolved":"Brigham Young University (Brigham Young University)","":"","Total Team Bet":"$60.00","Legends Bet":"$35.00","Leaders Bet":"$25.00","To Win":"","Payout":"$87.38","TOTALS":null,"Mitch Totals":null,"Phil Totals":null,"Bryce Totals":null,"Cory Totals":null,"JB Totals":null,"Ethan Totals":null,"Jaime Totals":null,"Nate Totals":null,"Evan Totals":null,"Brandon Totals":null},{"Week":"15","Date":"11/28/25","Mitch Bet Amount":"$5","Mitch Win/Lose/Push":"W","Mitch":"Alabama -110 (leaders)","Mitch Resolved":"Alabama Crimson Tide @ Auburn Tigers (Alabama Crimson Tide -5)","Phil Bet Amount":"$5","Phil Win/Lose/Push":"W","Phil":"Oregon (leaders) ","Phil Resolved":"Oregon Ducks @ Washington Huskies","Bryce Bet Amount":"$5","Bryce Win/Lose/Push":"L","Bryce":"vikes (NFL) (legends)","Bryce Resolved":"Minnesota Vikings @ Seattle Seahawks (Minnesota Vikings +11.5)","Cory Bet Amount":"$5","Cory Win/Lose/Push":"W","Cory":"houston (NCAAF) (legends)","Cory Resolved":"Houston Cougars @ Baylor Bears (Houston Cougars +2.5)","JB Bet Amount":"$5","JB Win/Lose/Push":"W","JB":"NW/Illinois under (leaders) (leaders)","JB Resolved":"Northwestern Wildcats @ Illinois Fighting Illini (Under 45.5)","Ethan Bet Amount":"$5","Ethan Win/Lose/Push":"W","Ethan":"ohio state -110 (legends)","Ethan Resolved":"Ohio State Buckeyes @ Michigan Wolverines (Ohio State Buckeyes -9.5)","Jaime Bet Amount":"$10","Jaime Win/Lose/Push":"L","Jaime":"OK/LSU Over -110 (leaders)","Jaime Resolved":"LSU Tigers @ Oklahoma Sooners (Over 36.5)","Nathan Bet Amount":"$5","Nathan Win/Lose/Push":"L","Nathan":"Browns  -110 (legends)","Nathan Resolved":"San Francisco 49ers @ Cleveland Browns (Cleveland Browns +6)","Evan Bet Amount":"$5","Evan Win/Lose/Push":"L","Evan":"Pitt +7 (NCAAF) (legends)","Evan Resolved":"Miami Hurricanes @ Pittsburgh Panthers (Pittsburgh Panthers +7)","Brandon Bet Amount":"$5","Brandon Win/Lose/Push":"W","Brandon":"Ethan (legends)","Brandon Resolved":"Ethan","":"","Total Team Bet":"$30.00","Legends Bet":"$0.00","Leaders Bet":"$0.00","To Win":null,"Payout":null,"TOTALS":null,"Mitch Totals":null,"Phil Totals":null,"Bryce Totals":null,"Cory Totals":null,"JB Totals":null,"Ethan Totals":null,"Jaime Totals":null,"Nate Totals":null,"Evan Totals":null,"Brandon Totals":null},{"Week":"16","Date":"12/5/25","Mitch Bet Amount":"$5","Mitch Win/Lose/Push":"W","Mitch":"Louisville | -4.5 (NCAAB) (leaders)","Mitch Resolved":"Indiana Hoosiers @ Louisville Cardinals (Louisville Cardinals -4.5)","Phil Bet Amount":"$5","Phil Win/Lose/Push":"W","Phil":"Miami-Ohio | under 43 (NCAAF) (leaders)","Phil Resolved":"Miami (OH) RedHawks @ Western Michigan Broncos (Under 43)","Bryce Bet Amount":"$10","Bryce Win/Lose/Push":"W","Bryce":"Georgia | -2 (NCAAF) (legends)","Bryce Resolved":"Georgia Bulldogs @ Alabama Crimson Tide (Georgia Bulldogs -2)","Cory Bet Amount":"$5","Cory Win/Lose/Push":"L","Cory":"Virginia | -4 (NCAAF) (legends)","Cory Resolved":"Duke Blue Devils @ Virginia Cavaliers (Virginia Cavaliers -4)","JB Bet Amount":"$5","JB Win/Lose/Push":"L","JB":"montana/montana st over 53.5","JB Resolved":"montana @ montana st (Over 53.5)","Ethan Bet Amount":"$5","Ethan Win/Lose/Push":"W","Ethan":"Jaguars | +2 (NFL) (legends)","Ethan Resolved":"Indianapolis Colts @ Jacksonville Jaguars (Jacksonville Jaguars +2)","Jaime Bet Amount":"$15","Jaime Win/Lose/Push":"L","Jaime":"Packers/Bears | under 44 (NFL) (leaders)","Jaime Resolved":"Chicago Bears @ Green Bay Packers (Under 44)","Nathan Bet Amount":"$10","Nathan Win/Lose/Push":"W","Nathan":"Texans | +3.5 (NFL) (legends)","Nathan Resolved":"Houston Texans @ Kansas City Chiefs (Houston Texans +3.5)","Evan Bet Amount":"$10","Evan Win/Lose/Push":"L","Evan":"Georgia Alabama | under 48 (NCAAF) (legends)","Evan Resolved":"Georgia Bulldogs @ Alabama Crimson Tide (Under 48)","Brandon Bet Amount":"$5","Brandon Win/Lose/Push":"L","Brandon":"OSU | -3 (NCAAF) (legends)","Brandon Resolved":"Indiana Hoosiers @ Ohio State Buckeyes (Ohio State Buckeyes -3)","":"","Total Team Bet":"$0.00","Legends Bet":"$0.00","Leaders Bet":"$0.00","To Win":null,"Payout":null,"TOTALS":null,"Mitch Totals":null,"Phil Totals":null,"Bryce Totals":null,"Cory Totals":null,"JB Totals":null,"Ethan Totals":null,"Jaime Totals":null,"Nate Totals":null,"Evan Totals":null,"Brandon Totals":null},{"Week":"17","Date":"12/12/2025","Mitch Bet Amount":"$5","Mitch Win/Lose/Push":"L","Mitch":"Navy -6 (leaders)","Mitch Resolved":"(Navy -6)","Phil Bet Amount":"$5","Phil Win/Lose/Push":"W","Phil":"Army/Navy Under 38 (leaders)","Phil Resolved":"(Under 38)","Bryce Bet Amount":"$5","Bryce Win/Lose/Push":"W","Bryce":"Brandon (legends)","Bryce Resolved":"Tail Brandon","Cory Bet Amount":"$10","Cory Win/Lose/Push":"L","Cory":"Houston/az under 42.5 (legends)","Cory Resolved":"Houston Texans Arizona Cardinals (Under 42.5)","JB Bet Amount":"$5","JB Win/Lose/Push":"P","JB":"zaga -10 (leaders)","JB Resolved":"UCLA Bruins @ Gonzaga Bulldogs (Gonzaga -10)","Ethan Bet Amount":"$5","Ethan Win/Lose/Push":"L","Ethan":"Creighton -4 (legends)","Ethan Resolved":"Kansas St. Wildcats @ Creighton Bluejays (Creighton -4)","Jaime Bet Amount":"$20","Jaime Win/Lose/Push":"W","Jaime":"Packers/Broncos Over 43 (leaders)","Jaime Resolved":"Green Bay Packers Denver Broncos (Over 43)","Nathan Bet Amount":"$5","Nathan Win/Lose/Push":"L","Nathan":"Packers -2 (legends)","Nathan Resolved":"Green Bay Packers Denver Broncos (Green Bay Packers -2)","Evan Bet Amount":"$15","Evan Win/Lose/Push":"W","Evan":"Michigan St Penn St under 145 (legends)","Evan Resolved":"Michigan St. Spartans Penn State Nittany Lions (Under 145)","Brandon Bet Amount":"$10","Brandon Win/Lose/Push":"W","Brandon":"Man City -.5 (legends)","Brandon Resolved":"Crystal Palace F.C. @ Manchester City Football Club (Manchester City -.5)","":null,"Total Team Bet":null,"Legends Bet":null,"Leaders Bet":null,"To Win":null,"Payout":null,"TOTALS":null,"Mitch Totals":null,"Phil Totals":null,"Bryce Totals":null,"Cory Totals":null,"JB Totals":null,"Ethan Totals":null,"Jaime Totals":null,"Nate Totals":null,"Evan Totals":null,"Brandon Totals":null},{"Week":"18","Date":"12/19/2025","Mitch Bet Amount":"$10","Mitch Win/Lose/Push":"L","Mitch":"unc | -3.5 (NCAAB) (leaders)","Mitch Resolved":"Ohio State Buckeyes @ North Carolina Tar Heels (North Carolina Tar Heels -3.5)","Phil Bet Amount":"$5","Phil Win/Lose/Push":"L","Phil":"Utah State/Wash State | Under 50 (NCAAF) (legends)","Phil Resolved":"Washington State Cougars @ Utah State Aggies (Under 50)","Bryce Bet Amount":"$5","Bryce Win/Lose/Push":"L","Bryce":"Utah State | -1 (NCAAF) (legends)","Bryce Resolved":"Washington State Cougars @ Utah State Aggies (Utah State Aggies -1)","Cory Bet Amount":"$15","Cory Win/Lose/Push":"W","Cory":"Unlv/Ohio under | under 65.5 (NCAAF) (legends)","Cory Resolved":"Unlv/Ohio under (Under 65.5)","JB Bet Amount":"$5","JB Win/Lose/Push":"W","JB":"montana/montana st over 53.5","JB Resolved":"Montana Grizzlies @ Montana State Bobcats (Over 53.5)","Ethan Bet Amount":"$10","Ethan Win/Lose/Push":"W","Ethan":"Gophers | -2 (NCAAF) (legends)","Ethan Resolved":"New Mexico Lobos @ Minnesota Golden Gophers (Minnesota Golden Gophers -2)","Jaime Bet Amount":"$5","Jaime Win/Lose/Push":"W","Jaime":"49ers | -5.5 (NFL) (leaders)","Jaime Resolved":"San Francisco 49ers @ Indianapolis Colts (San Francisco 49ers -5.5)","Nathan Bet Amount":"$10","Nathan Win/Lose/Push":"W","Nathan":"Vikes | -2.5 (NFL) (legends)","Nathan Resolved":"Minnesota Vikings @ New York Giants (Minnesota Vikings -2.5)","Evan Bet Amount":"$5","Evan Win/Lose/Push":"W","Evan":"TAM Miami | under 48 (NCAAF) (leaders)","Evan Resolved":"Miami Hurricanes @ Texas A&M Aggies (Under 48)","Brandon Bet Amount":"$5","Brandon Win/Lose/Push":"L","Brandon":"TAM | -3 (NCAAF) (legends)","Brandon Resolved":"TAM (TAM -3)","":null,"Total Team Bet":null,"Legends Bet":null,"Leaders Bet":null,"To Win":null,"Payout":null,"TOTALS":null,"Mitch Totals":null,"Phil Totals":null,"Bryce Totals":null,"Cory Totals":null,"JB Totals":null,"Ethan Totals":null,"Jaime Totals":null,"Nate Totals":null,"Evan Totals":null,"Brandon Totals":null},{"Week":"19","Date":"12/26/2025","Mitch Bet Amount":"$15","Mitch Win/Lose/Push":"W","Mitch":"Navy | -7 (NCAAF) (leaders)","Mitch Resolved":"Navy Midshipmen @ Cincinnati Bearcats (Navy Midshipmen -7)","Phil Bet Amount":"$10","Phil Win/Lose/Push":"L","Phil":"North Texas / San Diego St | Under 52.5 (NCAAF) (leaders)","Phil Resolved":"North Texas Mean Green @ San Diego State Aztecs (Under 52.5)","Bryce Bet Amount":"$10","Bryce Win/Lose/Push":"L","Bryce":"Arizona | +7 (NFL) (legends)","Bryce Resolved":"Arizona Cardinals @ Cincinnati Bengals (Arizona Cardinals +7)","Cory Bet Amount":"$5","Cory Win/Lose/Push":"W","Cory":"Oregon/tt | under 52.5 (NCAAF) (legends)","Cory Resolved":"Oregon @ tt (Under 52.5)","JB Bet Amount":"$5","JB Win/Lose/Push":"L","JB":"Vandy Baby! | -4.5 (NCAAF) (leaders)","JB Resolved":"Vandy Baby! (Vandy Baby! -4.5)","Ethan Bet Amount":"$5","Ethan Win/Lose/Push":"L","Ethan":"Georgia | -6 (NCAAF) (legends)","Ethan Resolved":"Georgia Tech Yellow Jackets @ BYU Cougars (Georgia Tech Yellow Jackets -6)","Jaime Bet Amount":"$5","Jaime Win/Lose/Push":"W","Jaime":"49ers | -3 (NFL) (leaders)","Jaime Resolved":"Chicago Bears @ San Francisco 49ers (San Francisco 49ers -3)","Nathan Bet Amount":"$5","Nathan Win/Lose/Push":"L","Nathan":"Packers | -3 (NFL) (legends)","Nathan Resolved":"Baltimore Ravens @ Green Bay Packers (Green Bay Packers -3)","Evan Bet Amount":"$5","Evan Win/Lose/Push":"L","Evan":"texas tech | +2 (NCAAF) (legends)","Evan Resolved":"Oregon Ducks @ Texas Tech Red Raiders (Texas Tech Red Raiders +2)","Brandon Bet Amount":"$10","Brandon Win/Lose/Push":"W","Brandon":"Texans | +2 (NFL) (legends)","Brandon Resolved":"Houston Texans @ Los Angeles Chargers (Houston Texans +2)","":null,"Total Team Bet":null,"Legends Bet":null,"Leaders Bet":null,"To Win":null,"Payout":null,"TOTALS":null,"Mitch Totals":null,"Phil Totals":null,"Bryce Totals":null,"Cory Totals":null,"JB Totals":null,"Ethan Totals":null,"Jaime Totals":null,"Nate Totals":null,"Evan Totals":null,"Brandon Totals":null},{"Week":"20","Date":"01/02/2026","Mitch Bet Amount":"$5","Mitch Win/Lose/Push":"W","Mitch":"Alabama (NCAAB) (leaders)","Mitch Resolved":"Kentucky Wildcats @ Alabama Crimson Tide (Alabama Crimson Tide -5.5) (NCAAB)","Phil Bet Amount":"$15","Phil Win/Lose/Push":"W","Phil":"Illinois State/Montana State Over (leaders)","Phil Resolved":"Illinois State Redbirds @ Montana State Bobcats (Over 56.5) (FCS)","Bryce Bet Amount":"$15","Bryce Win/Lose/Push":"W","Bryce":"Indiana (legends)","Bryce Resolved":"Oregon @ Indiana (Indiana -4)","Cory Bet Amount":"$5","Cory Win/Lose/Push":"L","Cory":"49ers (legends)","Cory Resolved":"Seattle Seahawks @ San Francisco 49ers ( San Franscisco 49ers +3)","JB Bet Amount":"$10","JB Win/Lose/Push":"L","JB":"montana st - buy the half point (leaders)","JB Resolved":"Illinois State Redbirds @ Montana State Bobcats (Montana State Bobcats -10) (FCS)","Ethan Bet Amount":"$10","Ethan Win/Lose/Push":"W","Ethan":"Timberwolves (legends)","Ethan Resolved":"Minnesota Timberwolves @ Miami Heat (Minnesota Timberwolves -3) (NBA)","Jaime Bet Amount":"$5","Jaime Win/Lose/Push":"W","Jaime":"Steelers/Ravens Over (legends)","Jaime Resolved":"Baltimore Ravens @ Pittsburgh Steelers (Over 41) (NFL)","Nathan Bet Amount":"$10","Nathan Win/Lose/Push":"L","Nathan":"Bengals (legends)","Nathan Resolved":"Cleveland Browns @ Cincinnati Bengals (Cincinnati Bengals -7) (NFL)","Evan Bet Amount":"$10","Evan Win/Lose/Push":"W","Evan":"Virginia Tech +5.5 (leaders)","Evan Resolved":"Virginia Tech Hokies @ Wake Forest Demon Deacons (Virginia Tech Hokies +5.5) (NCAAB)","Brandon Bet Amount":"$5","Brandon Win/Lose/Push":"W","Brandon":"Iowa -6.5 (legends)","Brandon Resolved":"UCLA Bruins @ Iowa Hawkeyes (Iowa Hawkeyes -6.5) (NCAAB)","":null,"Total Team Bet":null,"Legends Bet":null,"Leaders Bet":null,"To Win":null,"Payout":null,"TOTALS":null,"Mitch Totals":null,"Phil Totals":null,"Bryce Totals":null,"Cory Totals":null,"JB Totals":null,"Ethan Totals":null,"Jaime Totals":null,"Nate Totals":null,"Evan Totals":null,"Brandon Totals":null},{"Week":"21","Date":"01/09/2026","Mitch Bet Amount":"$5","Mitch Win/Lose/Push":"","Mitch":"","Mitch Resolved":"","Phil Bet Amount":"$5","Phil Win/Lose/Push":"","Phil":"","Phil Resolved":"","Bryce Bet Amount":"$5","Bryce Win/Lose/Push":"","Bryce":"","Bryce Resolved":"","Cory Bet Amount":"$10","Cory Win/Lose/Push":"","Cory":"","Cory Resolved":"","JB Bet Amount":"$15","JB Win/Lose/Push":"","JB":"","JB Resolved":"","Ethan Bet Amount":"$5","Ethan Win/Lose/Push":"","Ethan":"","Ethan Resolved":"","Jaime Bet Amount":"$5","Jaime Win/Lose/Push":"","Jaime":"","Jaime Resolved":"","Nathan Bet Amount":"$15","Nathan Win/Lose/Push":"","Nathan":"","Nathan Resolved":"","Evan Bet Amount":"$5","Evan Win/Lose/Push":"","Evan":"","Evan Resolved":"","Brandon Bet Amount":"$5","Brandon Win/Lose/Push":null,"Brandon":null,"Brandon Resolved":null,"":null,"Total Team Bet":null,"Legends Bet":null,"Leaders Bet":null,"To Win":null,"Payout":null,"TOTALS":null,"Mitch Totals":null,"Phil Totals":null,"Bryce Totals":null,"Cory Totals":null,"JB Totals":null,"Ethan Totals":null,"Jaime Totals":null,"Nate Totals":null,"Evan Totals":null,"Brandon Totals":null}]
3:32:07 AM [express] GET /api/data 304 in 2ms :: [{"Week":"1","Date":"8/22/2025","Mitch Bet Amount":"$10","Mitch Win/Lose/Push":"Win","Mitch":"Kansas -14 (legends)","Mitch Resolved":"Fresno State University @ University of Kansas (University of Kansas -14)","Phil Bet Amount":"$25","Phil Win/Lose/Push":"Loss","Phil":"JB (legends)","Phil Resolved":"Tail JB","Bryce Bet Amount":"$5","Bryce Win/Lose/Push":"Loss","Bryce":"Stanford? +2.5 (legends)","Bryce Resolved":"Stanford University (Stanford University +2.5)","Cory Bet Amount":"$25","Cory Win/Lose/Push":"Win","Cory":"Rutgers over 47 (leaders)","Cory Resolved":"Rutgers University (Over 47)","JB Bet Amount":"$5","JB Win/Lose/Push":"Loss","JB":"kansas st over 52 (legends)","JB Resolved":"Fresno State University @ University of Kansas (University of Kansas -14)","Ethan Bet Amount":"$20","Ethan Win/Lose/Push":"Win","Ethan":"Mitch (legends)","Ethan Resolved":"Tail Mitch","Jaime Bet Amount":"$10","Jaime Win/Lose/Push":"Loss","Jaime":"UCF/Jax St Over 52.5 (legends)","Jaime Resolved":"Rutgers University (Over 47)","Nathan Bet Amount":"$5","Nathan Win/Lose/Push":"Loss","Nathan":"Universitario -0.5 (leaders)","Nathan Resolved":"Universitario (Universitario -0.5)","Evan Bet Amount":"$5","Evan Win/Lose/Push":"Loss","Evan":"Kansas State -3 (leaders)","Evan Resolved":"Fresno State University @ University of Kansas (University of Kansas -14)","Brandon Bet Amount":"$5","Brandon Win/Lose/Push":"Loss","Brandon":"KU/Fresno o50 (leaders)","Brandon Resolved":"University of Kansas @ Fresno State University (Over 50)","":"","Total Team Bet":"$115.00","Legends Bet":"$75.00","Leaders Bet":"$40.00","To Win":"","Payout":"","TOTALS":"Total Bet","Mitch Totals":"$205.00","Phil Totals":"$215.00","Bryce Totals":"$85.00","Cory Totals":"$105.00","JB Totals":"$135.00","Ethan Totals":"$130.00","Jaime Totals":"$140.00","Nate Totals":"$110.00","Evan Totals":"$135.00","Brandon Totals":"$110.00"},{"Week":"2","Date":"8/29/2025","Mitch Bet Amount":"$5","Mitch Win/Lose/Push":"Loss","Mitch":"Alabama -13.5 (legends)","Mitch Resolved":"University of Texas @ University of Alabama (University of Alabama -13.5)","Phil Bet Amount":"$25","Phil Win/Lose/Push":"Loss","Phil":"Mitch (legends)","Phil Resolved":"Tail Mitch","Bryce Bet Amount":"$10","Bryce Win/Lose/Push":"Win","Bryce":"Ohio st (legends)","Bryce Resolved":"Ohio State University (Ohio State University)","Cory Bet Amount":"$5","Cory Win/Lose/Push":"Win","Cory":"Maryland under  (leaders)","Cory Resolved":"University of Maryland (Under)","JB Bet Amount":"$10","JB Win/Lose/Push":"Loss","JB":"penn st under (legends)","JB Resolved":"University of Maryland (Under)","Ethan Bet Amount":"$5","Ethan Win/Lose/Push":"Win","Ethan":"Iowa under 50.5 (legends)","Ethan Resolved":"University of Maryland (Under)","Jaime Bet Amount":"$15","Jaime Win/Lose/Push":"Win","Jaime":"Tennessee -13.5 (legends)","Jaime Resolved":"University of Texas @ University of Alabama (University of Alabama -13.5)","Nathan Bet Amount":"$10","Nathan Win/Lose/Push":"Win","Nathan":"Padres -1.5 (leaders)","Nathan Resolved":"San Diego Padres (San Diego Padres -1.5)","Evan Bet Amount":"$10","Evan Win/Lose/Push":"Loss","Evan":"Texas +1.5 (leaders)","Evan Resolved":"University of Texas @ University of Alabama (University of Alabama -13.5)","Brandon Bet Amount":"$10","Brandon Win/Lose/Push":"Loss","Brandon":"Sinner -8.5 (leaders)","Brandon Resolved":"Jannik Sinner (Jannik Sinner -8.5)","":"","Total Team Bet":"$105.00","Legends Bet":"$70.00","Leaders Bet":"$35.00","To Win":"","Payout":"","TOTALS":"Total Wins","Mitch Totals":"4","Phil Totals":"5","Bryce Totals":"11","Cory Totals":"10","JB Totals":"6","Ethan Totals":"9","Jaime Totals":"7","Nate Totals":"8","Evan Totals":"7","Brandon Totals":"8"},{"Week":"3","Date":"9/5/2025","Mitch Bet Amount":"$10","Mitch Win/Lose/Push":"Loss","Mitch":"Ole Miss 1H (legends)","Mitch Resolved":"North Carolina State @ University of Mississippi (University of Mississippi -7, 1st Half)","Phil Bet Amount":"$25","Phil Win/Lose/Push":"Loss","Phil":"Ethan (legends)","Phil Resolved":"Tail Ethan","Bryce Bet Amount":"$5","Bryce Win/Lose/Push":"Win","Bryce":"Vikes","Bryce Resolved":"Minnesota Vikings (Minnesota Vikings)","Cory Bet Amount":"$5","Cory Win/Lose/Push":"Win","Cory":"MSU over (leaders)","Cory Resolved":"Michigan State University (Over)","JB Bet Amount":"$15","JB Win/Lose/Push":"Loss","JB":"Navy  (legends)","JB Resolved":"United States Naval Academy (United States Naval Academy)","Ethan Bet Amount":"$5","Ethan Win/Lose/Push":"Loss","Ethan":"USF vs Florida over (legends)","Ethan Resolved":"Michigan State University (Over)","Jaime Bet Amount":"$5","Jaime Win/Lose/Push":"Win","Jaime":"Illinois -2.5 (legends)","Jaime Resolved":"University of Illinois (University of Illinois -2.5)","Nathan Bet Amount":"$5","Nathan Win/Lose/Push":"Win","Nathan":"(NFL) Arizona -6.5 (leaders)","Nathan Resolved":"Arizona Cardinals (Arizona Cardinals -6.5)","Evan Bet Amount":"$15","Evan Win/Lose/Push":"Loss","Evan":"Iowa/ Iowa St over 43 (leaders)","Evan Resolved":"Michigan State University (Over)","Brandon Bet Amount":"$15","Brandon Win/Lose/Push":"Push","Brandon":"W US Open o22 games (leaders)","Brandon Resolved":"US Open (Over 22 Games)","":"","Total Team Bet":"$105.00","Legends Bet":"$60.00","Leaders Bet":"$40.00","To Win":"","Payout":"","TOTALS":"Total Losses","Mitch Totals":"10","Phil Totals":"7","Bryce Totals":"3","Cory Totals":"2","JB Totals":"8","Ethan Totals":"5","Jaime Totals":"7","Nate Totals":"6","Evan Totals":"6","Brandon Totals":"4"},{"Week":"4","Date":"9/12/25","Mitch Bet Amount":"$15","Mitch Win/Lose/Push":"Loss","Mitch":"Steelers (legends)","Mitch Resolved":"Cincinnati Bengals @ Pittsburgh Steelers (Pittsburgh Steelers)","Phil Bet Amount":"$25","Phil Win/Lose/Push":"Win","Phil":"Ethan (legends)","Phil Resolved":"Tail Ethan","Bryce Bet Amount":"$5","Bryce Win/Lose/Push":"Win","Bryce":"Texas A&M (legends)","Bryce Resolved":"Texas A&M University (Texas A&M University)","Cory Bet Amount":"$5","Cory Win/Lose/Push":"Win","Cory":"Eagles (leaders)","Cory Resolved":"Philadelphia Eagles (Philadelphia Eagles)","JB Bet Amount":"$20","JB Win/Lose/Push":"Win","JB":"Nate (legends)","JB Resolved":"Tail Nathan","Ethan Bet Amount":"$10","Ethan Win/Lose/Push":"Win","Ethan":"Texas tech -23 (legends)","Ethan Resolved":"Texas A&M University (Texas A&M University)","Jaime Bet Amount":"$5","Jaime Win/Lose/Push":"Loss","Jaime":"Oregon -26.5 (legends)","Jaime Resolved":"University of Oregon (University of Oregon -26.5)","Nathan Bet Amount":"$5","Nathan Win/Lose/Push":"Win","Nathan":"Rams -5.5 (leaders) ","Nathan Resolved":"Los Angeles Rams (Los Angeles Rams -5.5)","Evan Bet Amount":"$20","Evan Win/Lose/Push":"Push","Evan":"Georgia -3.5 (leaders) ","Evan Resolved":"University of Georgia (University of Georgia -3.5)","Brandon Bet Amount":"$15","Brandon Win/Lose/Push":"Win","Brandon":"Man City -0.75 (leaders) ","Brandon Resolved":"Manchester City (Manchester City -0.75)","":"","Total Team Bet":"$125.00","Legends Bet":"$80.00","Leaders Bet":"$45.00","To Win":"","Payout":"$325.00","TOTALS":"Total Pushes","Mitch Totals":"0","Phil Totals":"2","Bryce Totals":"0","Cory Totals":"2","JB Totals":"0","Ethan Totals":"0","Jaime Totals":"0","Nate Totals":"0","Evan Totals":"1","Brandon Totals":"2"},{"Week":"5","Date":"9/19/25","Mitch Bet Amount":"$20","Mitch Win/Lose/Push":"Loss","Mitch":"JB (legends)","Mitch Resolved":"Tail JB","Phil Bet Amount":"$5","Phil Win/Lose/Push":"Loss","Phil":"Fresno (leaders)","Phil Resolved":"Fresno State University (Fresno State University)","Bryce Bet Amount":"$5","Bryce Win/Lose/Push":"Win","Bryce":"South Carolina (legends)","Bryce Resolved":"University of South Carolina (University of South Carolina)","Cory Bet Amount":"$5","Cory Win/Lose/Push":"Win","Cory":"Indiana (legends)","Cory Resolved":"Indiana University (Indiana University)","JB Bet Amount":"$5","JB Win/Lose/Push":"Loss","JB":"ATL Falcons (legends)","JB Resolved":"Atlanta Falcons (Atlanta Falcons)","Ethan Bet Amount":"$5","Ethan Win/Lose/Push":"Loss","Ethan":"Texans (legends)","Ethan Resolved":"Houston Texans (Houston Texans)","Jaime Bet Amount":"$10","Jaime Win/Lose/Push":"Loss","Jaime":"Packers -7.5 (legends) ","Jaime Resolved":"Green Bay Packers (Green Bay Packers -7.5)","Nathan Bet Amount":"$5","Nathan Win/Lose/Push":"Loss","Nathan":"49ers -2.5 (leaders)","Nathan Resolved":"San Francisco 49ers (San Francisco 49ers -2.5)","Evan Bet Amount":"$20","Evan Win/Lose/Push":"Win","Evan":"Florida/Miami Under 50.5 (leaders)","Evan Resolved":"University of Florida @ University of Miami (Under 50.5)","Brandon Bet Amount":"$5","Brandon Win/Lose/Push":"Loss","Brandon":"Nebraska +1 (leaders)","Brandon Resolved":"University of Nebraska (University of Nebraska +1)","":"","Total Team Bet":"$85.00","Legends Bet":"$50.00","Leaders Bet":"$35.00","To Win":"","Payout":"","TOTALS":"Win Percentage","Mitch Totals":"28.57%","Phil Totals":"41.67%","Bryce Totals":"78.57%","Cory Totals":"83.33%","JB Totals":"42.86%","Ethan Totals":"64.29%","Jaime Totals":"50.00%","Nate Totals":"57.14%","Evan Totals":"53.85%","Brandon Totals":"66.67%"},{"Week":"6","Date":"9/26/25","Mitch Bet Amount":"$25","Mitch Win/Lose/Push":"Loss","Mitch":"Ethan (legends) ","Mitch Resolved":"Tail Ethan","Phil Bet Amount":"$10","Phil Win/Lose/Push":"Loss","Phil":"Alabama/Georgia over (leaders) ","Phil Resolved":"University of Alabama @ University of Georgia (Over)","Bryce Bet Amount":"$5","Bryce Win/Lose/Push":"Loss","Bryce":"Vikings (legends) ","Bryce Resolved":"Minnesota Vikings (Minnesota Vikings)","Cory Bet Amount":"$5","Cory Win/Lose/Push":"Win","Cory":"NW/UCLA under (legends) ","Cory Resolved":"Northwestern University @ University of California Los Angeles (Under)","JB Bet Amount":"$10","JB Win/Lose/Push":"Loss","JB":"San Fran 49ers (legends) ","JB Resolved":"San Francisco 49ers (San Francisco 49ers)","Ethan Bet Amount":"$10","Ethan Win/Lose/Push":"Loss","Ethan":"Georgia (legends) ","Ethan Resolved":"University of Alabama @ University of Georgia (Over)","Jaime Bet Amount":"$15","Jaime Win/Lose/Push":"Loss","Jaime":"PSU Under 53.5 (legends) ","Jaime Resolved":"Northwestern University @ University of California Los Angeles (Under)","Nathan Bet Amount":"$10","Nathan Win/Lose/Push":"Loss","Nathan":"Chargers -6.5 (leaders) ","Nathan Resolved":"Los Angeles Chargers (Los Angeles Chargers -6.5)","Evan Bet Amount":"$5","Evan Win/Lose/Push":"Win","Evan":"Colorado/BYU under 49.5 (leaders) ","Evan Resolved":"Northwestern University @ University of California Los Angeles (Under)","Brandon Bet Amount":"$10","Brandon Win/Lose/Push":"Win","Brandon":"(leaders) Iowa +8.5 ","Brandon Resolved":"University of Iowa (University of Iowa +8.5)","":"","Total Team Bet":"$105.00","Legends Bet":"$70.00","Leaders Bet":"$35.00","To Win":null,"Payout":null,"TOTALS":null,"Mitch Totals":null,"Phil Totals":null,"Bryce Totals":null,"Cory Totals":null,"JB Totals":null,"Ethan Totals":null,"Jaime Totals":null,"Nate Totals":null,"Evan Totals":null,"Brandon Totals":null},{"Week":"7","Date":"10/3/25","Mitch Bet Amount":"$25","Mitch Win/Lose/Push":"Loss","Mitch":"Miami/FSU over (leaders) ","Mitch Resolved":"University of Miami @ Florida State University (Over)","Phil Bet Amount":"$15","Phil Win/Lose/Push":"Loss","Phil":"Texas/Florida Under (leaders) ","Phil Resolved":"University of Texas @ University of Florida (Under)","Bryce Bet Amount":"$10","Bryce Win/Lose/Push":"Win","Bryce":"Vikings Again? (legends) ","Bryce Resolved":"Minnesota Vikings (Minnesota Vikings)","Cory Bet Amount":"$5","Cory Win/Lose/Push":"Win","Cory":"Lions if below 10.5 (legends) ","Cory Resolved":"Detroit Lions (if below 10.5)","JB Bet Amount":"$15","JB Win/Lose/Push":"Win","JB":"Illinois (leaders) ","JB Resolved":"University of Illinois (University of Illinois)","Ethan Bet Amount":"$15","Ethan Win/Lose/Push":"Loss","Ethan":"Cal (legends) ","Ethan Resolved":"University of California Berkeley (University of California Berkeley)","Jaime Bet Amount":"$20","Jaime Win/Lose/Push":"Win","Jaime":"Texas Tech -11.5 (leaders) ","Jaime Resolved":"University of Texas @ University of Florida (Under)","Nathan Bet Amount":"$15","Nathan Win/Lose/Push":"Win","Nathan":"Tail Cory (legends) ","Nathan Resolved":"Tail Cory (legends)","Evan Bet Amount":"$5","Evan Win/Lose/Push":"Loss","Evan":"Texas -5.5 (legends) ","Evan Resolved":"University of Texas @ University of Florida (Under)","Brandon Bet Amount":"$5","Brandon Win/Lose/Push":"Win","Brandon":"Wisconsin +17.5 (legends) ","Brandon Resolved":"University of Wisconsin (University of Wisconsin +17.5)","":"","Total Team Bet":"$130.00","Legends Bet":"$55.00","Leaders Bet":"$75.00","To Win":null,"Payout":null,"TOTALS":null,"Mitch Totals":null,"Phil Totals":null,"Bryce Totals":null,"Cory Totals":null,"JB Totals":null,"Ethan Totals":null,"Jaime Totals":null,"Nate Totals":null,"Evan Totals":null,"Brandon Totals":null},{"Week":"8","Date":"10/10/25","Mitch Bet Amount":"$25","Mitch Win/Lose/Push":"Loss","Mitch":"Oregon (quack quack quack) (leaders)  ","Mitch Resolved":"University of Washington @ University of Oregon (University of Oregon)","Phil Bet Amount":"$20","Phil Win/Lose/Push":"Push","Phil":"Minnesota (leaders)  ","Phil Resolved":"University of Minnesota (University of Minnesota)","Bryce Bet Amount":"$5","Bryce Win/Lose/Push":"Loss","Bryce":"Lions  (legends) ","Bryce Resolved":"Detroit Lions (Detroit Lions)","Cory Bet Amount":"$5","Cory Win/Lose/Push":"Push","Cory":"Bama (legends)  ","Cory Resolved":"University of Alabama (University of Alabama)","JB Bet Amount":"$5","JB Win/Lose/Push":"Loss","JB":"unlv (leaders)  ","JB Resolved":"University of Nevada Las Vegas (University of Nevada Las Vegas)","Ethan Bet Amount":"$20","Ethan Win/Lose/Push":"Win","Ethan":"Brandon (legends)  ","Ethan Resolved":"Tail Brandon","Jaime Bet Amount":"$5","Jaime Win/Lose/Push":"Win","Jaime":"Texas A&M -7.5 (legends)  ","Jaime Resolved":"Texas A&M University (Texas A&M University -7.5)","Nathan Bet Amount":"$5","Nathan Win/Lose/Push":"Loss","Nathan":"Bills -4.5 (legends) ","Nathan Resolved":"Buffalo Bills (Buffalo Bills -4.5)","Evan Bet Amount":"$10","Evan Win/Lose/Push":"Win","Evan":"Pitt +10 (leaders)  ","Evan Resolved":"University of Pittsburgh (University of Pittsburgh +10)","Brandon Bet Amount":"$5","Brandon Win/Lose/Push":"Win","Brandon":"USC -2.5 (legends)  ","Brandon Resolved":"University of Southern California (University of Southern California -2.5)","":"","Total Team Bet":"$105.00","Legends Bet":"$45.00","Leaders Bet":"$60.00","To Win":null,"Payout":null,"TOTALS":null,"Mitch Totals":null,"Phil Totals":null,"Bryce Totals":null,"Cory Totals":null,"JB Totals":null,"Ethan Totals":null,"Jaime Totals":null,"Nate Totals":null,"Evan Totals":null,"Brandon Totals":null},{"Week":"9","Date":"10/17/25","Mitch Bet Amount":"$25","Mitch Win/Lose/Push":"Win","Mitch":"Bryce (leaders)","Mitch Resolved":"Tail Bryce","Phil Bet Amount":"$20","Phil Win/Lose/Push":"Push","Phil":"Notre Dame (leaders) ","Phil Resolved":"University of Notre Dame (University of Notre Dame)","Bryce Bet Amount":"$10","Bryce Win/Lose/Push":"Win","Bryce":"Missouri -1 (buy the half point, still -120)😉 (legends) ","Bryce Resolved":"University of Missouri (University of Missouri -1)","Cory Bet Amount":"$5","Cory Win/Lose/Push":"Win","Cory":"Bears (legends) ","Cory Resolved":"Chicago Bears (Chicago Bears)","JB Bet Amount":"$10","JB Win/Lose/Push":"Loss","JB":"texas tech (leaders) ","JB Resolved":"Texas Tech University (Texas Tech University)","Ethan Bet Amount":"$5","Ethan Win/Lose/Push":"Loss","Ethan":"Nebraska (legends) ","Ethan Resolved":"University of Nebraska (University of Nebraska)","Jaime Bet Amount":"$5","Jaime Win/Lose/Push":"Win","Jaime":"Indiana Over 49.5 (legends) ","Jaime Resolved":"Indiana University (Over 49.5)","Nathan Bet Amount":"$10","Nathan Win/Lose/Push":"Win","Nathan":"Patriots -7 (legends) ","Nathan Resolved":"New England Patriots (New England Patriots -7)","Evan Bet Amount":"$5","Evan Win/Lose/Push":"Loss","Evan":"Texas Tech -7.5 (leaders) ","Evan Resolved":"Texas Tech University (Texas Tech University)","Brandon Bet Amount":"$5","Brandon Win/Lose/Push":"Loss","Brandon":"LSU +2.5 (legends) ","Brandon Resolved":"Louisiana State University (Louisiana State University +2.5)","":"","Total Team Bet":"$100.00","Legends Bet":"$40.00","Leaders Bet":"$60.00","To Win":null,"Payout":null,"TOTALS":null,"Mitch Totals":null,"Phil Totals":null,"Bryce Totals":null,"Cory Totals":null,"JB Totals":null,"Ethan Totals":null,"Jaime Totals":null,"Nate Totals":null,"Evan Totals":null,"Brandon Totals":null},{"Week":"10","Date":"10/24/25","Mitch Bet Amount":"$5","Mitch Win/Lose/Push":"Loss","Mitch":"USF (leaders) ","Mitch Resolved":"San Jose State University @ University of South Florida (University of South Florida)","Phil Bet Amount":"$20","Phil Win/Lose/Push":"Win","Phil":"Texas A&M/LSU Over (leaders) ","Phil Resolved":"Texas A&M University @ Louisiana State University (Over)","Bryce Bet Amount":"$5","Bryce Win/Lose/Push":"Win","Bryce":"BYU (legends) ","Bryce Resolved":"Brigham Young University (Brigham Young University)","Cory Bet Amount":"$5","Cory Win/Lose/Push":"Loss","Cory":"Bama (legends)  ","Cory Resolved":"University of Alabama (University of Alabama)","JB Bet Amount":"$15","JB Win/Lose/Push":"Win","JB":"southern miss (leaders) ","JB Resolved":"University of Southern Mississippi (University of Southern Mississippi)","Ethan Bet Amount":"$10","Ethan Win/Lose/Push":"Win","Ethan":"Oklahoma vs ole miss over (legends) ","Ethan Resolved":"Texas A&M University @ Louisiana State University (Over)","Jaime Bet Amount":"$5","Jaime Win/Lose/Push":"Loss","Jaime":"UCLA +26 (legends) ","Jaime Resolved":"University of California Los Angeles (University of California Los Angeles +26)","Nathan Bet Amount":"$5","Nathan Win/Lose/Push":"Win","Nathan":"Chiefs -11.5 (legends) ","Nathan Resolved":"Kansas City Chiefs (Kansas City Chiefs -11.5)","Evan Bet Amount":"$10","Evan Win/Lose/Push":"Win","Evan":"Ole Miss +5.5 (leaders) ","Evan Resolved":"University of Southern Mississippi (University of Southern Mississippi)","Brandon Bet Amount":"$10","Brandon Win/Lose/Push":"Win","Brandon":"IF(Man City > -120, Man City, MSU +13.5) (legends) ","Brandon Resolved":"Kansas City Chiefs (Kansas City Chiefs -11.5)","":"","Total Team Bet":"$90.00","Legends Bet":"$40.00","Leaders Bet":"$50.00","To Win":null,"Payout":null,"TOTALS":null,"Mitch Totals":null,"Phil Totals":null,"Bryce Totals":null,"Cory Totals":null,"JB Totals":null,"Ethan Totals":null,"Jaime Totals":null,"Nate Totals":null,"Evan Totals":null,"Brandon Totals":null},{"Week":"11","Date":"10/31/25","Mitch Bet Amount":"$10","Mitch Win/Lose/Push":"Loss","Mitch":"georgia tech - tail JB (leaders)","Mitch Resolved":"Tail georgia tech - JB (leaders)","Phil Bet Amount":"$5","Phil Win/Lose/Push":"Win","Phil":"Utah (leaders)","Phil Resolved":"University of Utah (University of Utah)","Bryce Bet Amount":"$5","Bryce Win/Lose/Push":"Win","Bryce":"Timothy Cuamba (legends)","Bryce Resolved":"Timothy Cuamba (Timothy Cuamba)","Cory Bet Amount":"$10","Cory Win/Lose/Push":"Loss","Cory":"(legends) Patriots  ","Cory Resolved":"New England Patriots (New England Patriots)","JB Bet Amount":"$5","JB Win/Lose/Push":"Loss","JB":"(leaders) Georgia tech","JB Resolved":"Georgia Institute of Technology (Georgia Institute of Technology)","Ethan Bet Amount":"$5","Ethan Win/Lose/Push":"Win","Ethan":"Indiana (legends)","Ethan Resolved":"Indiana University (Indiana University)","Jaime Bet Amount":"$10","Jaime Win/Lose/Push":"Loss","Jaime":"MIA/SMU Over (legends)","Jaime Resolved":"University of Miami @ Southern Methodist University (Over)","Nathan Bet Amount":"$5","Nathan Win/Lose/Push":"Loss","Nathan":"KC -1.5 (legends) ","Nathan Resolved":"Kansas City Chiefs (Kansas City Chiefs -1.5)","Evan Bet Amount":"$5","Evan Win/Lose/Push":"Win","Evan":"Oklahoma+2.5 (leaders)","Evan Resolved":"University of Oklahoma (University of Oklahoma +2.5)","Brandon Bet Amount":"$5","Brandon Win/Lose/Push":"Push","Brandon":"Texas -3.5 (legends)","Brandon Resolved":"University of Texas (University of Texas -3.5)","":"","Total Team Bet":"$65.00","Legends Bet":"$40.00","Leaders Bet":"$25.00","To Win":null,"Payout":null,"TOTALS":null,"Mitch Totals":null,"Phil Totals":null,"Bryce Totals":null,"Cory Totals":null,"JB Totals":null,"Ethan Totals":null,"Jaime Totals":null,"Nate Totals":null,"Evan Totals":null,"Brandon Totals":null},{"Week":"12","Date":"11/7/25","Mitch Bet Amount":"$15","Mitch Win/Lose/Push":"Win","Mitch":"Wake Forest  (leaders) ","Mitch Resolved":"Stanford University @ Wake Forest University (Wake Forest University)","Phil Bet Amount":"$5","Phil Win/Lose/Push":"Loss","Phil":"Oregon (leaders) ","Phil Resolved":"University of Oregon (University of Oregon)","Bryce Bet Amount":"$5","Bryce Win/Lose/Push":"Win","Bryce":"(legends) UL LAFAYETTE ","Bryce Resolved":"University of Louisiana Lafayette (University of Louisiana Lafayette)","Cory Bet Amount":"$15","Cory Win/Lose/Push":"Win","Cory":"Wash/wi under (legends) ","Cory Resolved":"University of Washington @ University of Wisconsin (Under)","JB Bet Amount":"$10","JB Win/Lose/Push":"Win","JB":"stanford under (leaders) ","JB Resolved":"Stanford University @ Wake Forest University (Wake Forest University)","Ethan Bet Amount":"$5","Ethan Win/Lose/Push":"Win","Ethan":"Vandy (legends) ","Ethan Resolved":"Vanderbilt University (Vanderbilt University)","Jaime Bet Amount":"$15","Jaime Win/Lose/Push":"Win","Jaime":"Texas A&M -6.5 (leaders) ","Jaime Resolved":"Texas A&M University (Texas A&M University -6.5)","Nathan Bet Amount":"$10","Nathan Win/Lose/Push":"Win","Nathan":"LAR (legends) ","Nathan Resolved":"Los Angeles Rams (Los Angeles Rams)","Evan Bet Amount":"$5","Evan Win/Lose/Push":"Loss","Evan":"BYU +12 (legends) ","Evan Resolved":"Brigham Young University (Brigham Young University +12)","Brandon Bet Amount":"$5","Brandon Win/Lose/Push":"Win","Brandon":"Penn State (legends) ","Brandon Resolved":"Penn State University (Penn State University)","":"","Total Team Bet":"$90.00","Legends Bet":"$45.00","Leaders Bet":"$45.00","To Win":null,"Payout":null,"TOTALS":null,"Mitch Totals":null,"Phil Totals":null,"Bryce Totals":null,"Cory Totals":null,"JB Totals":null,"Ethan Totals":null,"Jaime Totals":null,"Nate Totals":null,"Evan Totals":null,"Brandon Totals":null},{"Week":"13","Date":"11/14/25","Mitch Bet Amount":"$5","Mitch Win/Lose/Push":"Loss","Mitch":"San Jose St. (leaders)","Mitch Resolved":"University of Nevada Las Vegas @ San Jose State University (San Jose State University)","Phil Bet Amount":"$10","Phil Win/Lose/Push":"Win","Phil":"Penn State (leaders) ","Phil Resolved":"University of Nevada Las Vegas @ San Jose State University (San Jose State University)","Bryce Bet Amount":"$5","Bryce Win/Lose/Push":"Win","Bryce":"(legends) Arizona ","Bryce Resolved":"University of Arizona (University of Arizona)","Cory Bet Amount":"$5","Cory Win/Lose/Push":"Push","Cory":"(legends) Ravens  ","Cory Resolved":"Baltimore Ravens (Baltimore Ravens)","JB Bet Amount":"$5","JB Win/Lose/Push":"Win","JB":"(leaders) Iowa under ","JB Resolved":"University of Iowa (Under)","Ethan Bet Amount":"$5","Ethan Win/Lose/Push":"Win","Ethan":"Georgia (legends) ","Ethan Resolved":"University of Georgia (University of Georgia)","Jaime Bet Amount":"$5","Jaime Win/Lose/Push":"Win","Jaime":"Texas A&M/SC Over (legends) ","Jaime Resolved":"Texas A&M University @ University of South Carolina (Over)","Nathan Bet Amount":"$5","Nathan Win/Lose/Push":"Loss","Nathan":"Texans (legends) ","Nathan Resolved":"Houston Texans (Houston Texans)","Evan Bet Amount":"$10","Evan Win/Lose/Push":"Win","Evan":"BYU -3 (leaders) ","Evan Resolved":"Brigham Young University (Brigham Young University -3)","Brandon Bet Amount":"$5","Brandon Win/Lose/Push":"Win","Brandon":"Northwestern +11.5 (legends) ","Brandon Resolved":"Northwestern University (Northwestern University +11.5)","":"","Total Team Bet":"$60.00","Legends Bet":"$30.00","Leaders Bet":"$30.00","To Win":null,"Payout":null,"TOTALS":null,"Mitch Totals":null,"Phil Totals":null,"Bryce Totals":null,"Cory Totals":null,"JB Totals":null,"Ethan Totals":null,"Jaime Totals":null,"Nate Totals":null,"Evan Totals":null,"Brandon Totals":null},{"Week":"14","Date":"11/21/25","Mitch Bet Amount":"$10","Mitch Win/Lose/Push":"Win","Mitch":"Bryce (leaders)","Mitch Resolved":"Tail Bryce","Phil Bet Amount":"$5","Phil Win/Lose/Push":"Win","Phil":"Michigan (leaders)","Phil Resolved":"University of Michigan (University of Michigan)","Bryce Bet Amount":"$5","Bryce Win/Lose/Push":"Win","Bryce":"Duke (legends)","Bryce Resolved":"Duke University (Duke University)","Cory Bet Amount":"$5","Cory Win/Lose/Push":"Win","Cory":"Utah KSU. Over (legends)","Cory Resolved":"Kansas State University @ University of Utah (Over)","JB Bet Amount":"$5","JB Win/Lose/Push":"Win","JB":"Brandon (leaders)","JB Resolved":"Tail Brandon","Ethan Bet Amount":"$5","Ethan Win/Lose/Push":"Win","Ethan":"Bengals (legends)","Ethan Resolved":"Cincinnati Bengals (Cincinnati Bengals)","Jaime Bet Amount":"$5","Jaime Win/Lose/Push":"Loss","Jaime":"Texas A&M/Samford Over (legends)","Jaime Resolved":"Kansas State University @ University of Utah (Over)","Nathan Bet Amount":"$10","Nathan Win/Lose/Push":"Win","Nathan":"Rams (legends)","Nathan Resolved":"Los Angeles Rams (Los Angeles Rams)","Evan Bet Amount":"$5","Evan Win/Lose/Push":"Win","Evan":"Tennessee -4 (leaders)","Evan Resolved":"University of Tennessee (University of Tennessee -4)","Brandon Bet Amount":"$5","Brandon Win/Lose/Push":"Win","Brandon":"BYU (legends)","Brandon Resolved":"Brigham Young University (Brigham Young University)","":"","Total Team Bet":"$60.00","Legends Bet":"$35.00","Leaders Bet":"$25.00","To Win":"","Payout":"$87.38","TOTALS":null,"Mitch Totals":null,"Phil Totals":null,"Bryce Totals":null,"Cory Totals":null,"JB Totals":null,"Ethan Totals":null,"Jaime Totals":null,"Nate Totals":null,"Evan Totals":null,"Brandon Totals":null},{"Week":"15","Date":"11/28/25","Mitch Bet Amount":"$5","Mitch Win/Lose/Push":"W","Mitch":"Alabama -110 (leaders)","Mitch Resolved":"Alabama Crimson Tide @ Auburn Tigers (Alabama Crimson Tide -5)","Phil Bet Amount":"$5","Phil Win/Lose/Push":"W","Phil":"Oregon (leaders) ","Phil Resolved":"Oregon Ducks @ Washington Huskies","Bryce Bet Amount":"$5","Bryce Win/Lose/Push":"L","Bryce":"vikes (NFL) (legends)","Bryce Resolved":"Minnesota Vikings @ Seattle Seahawks (Minnesota Vikings +11.5)","Cory Bet Amount":"$5","Cory Win/Lose/Push":"W","Cory":"houston (NCAAF) (legends)","Cory Resolved":"Houston Cougars @ Baylor Bears (Houston Cougars +2.5)","JB Bet Amount":"$5","JB Win/Lose/Push":"W","JB":"NW/Illinois under (leaders) (leaders)","JB Resolved":"Northwestern Wildcats @ Illinois Fighting Illini (Under 45.5)","Ethan Bet Amount":"$5","Ethan Win/Lose/Push":"W","Ethan":"ohio state -110 (legends)","Ethan Resolved":"Ohio State Buckeyes @ Michigan Wolverines (Ohio State Buckeyes -9.5)","Jaime Bet Amount":"$10","Jaime Win/Lose/Push":"L","Jaime":"OK/LSU Over -110 (leaders)","Jaime Resolved":"LSU Tigers @ Oklahoma Sooners (Over 36.5)","Nathan Bet Amount":"$5","Nathan Win/Lose/Push":"L","Nathan":"Browns  -110 (legends)","Nathan Resolved":"San Francisco 49ers @ Cleveland Browns (Cleveland Browns +6)","Evan Bet Amount":"$5","Evan Win/Lose/Push":"L","Evan":"Pitt +7 (NCAAF) (legends)","Evan Resolved":"Miami Hurricanes @ Pittsburgh Panthers (Pittsburgh Panthers +7)","Brandon Bet Amount":"$5","Brandon Win/Lose/Push":"W","Brandon":"Ethan (legends)","Brandon Resolved":"Ethan","":"","Total Team Bet":"$30.00","Legends Bet":"$0.00","Leaders Bet":"$0.00","To Win":null,"Payout":null,"TOTALS":null,"Mitch Totals":null,"Phil Totals":null,"Bryce Totals":null,"Cory Totals":null,"JB Totals":null,"Ethan Totals":null,"Jaime Totals":null,"Nate Totals":null,"Evan Totals":null,"Brandon Totals":null},{"Week":"16","Date":"12/5/25","Mitch Bet Amount":"$5","Mitch Win/Lose/Push":"W","Mitch":"Louisville | -4.5 (NCAAB) (leaders)","Mitch Resolved":"Indiana Hoosiers @ Louisville Cardinals (Louisville Cardinals -4.5)","Phil Bet Amount":"$5","Phil Win/Lose/Push":"W","Phil":"Miami-Ohio | under 43 (NCAAF) (leaders)","Phil Resolved":"Miami (OH) RedHawks @ Western Michigan Broncos (Under 43)","Bryce Bet Amount":"$10","Bryce Win/Lose/Push":"W","Bryce":"Georgia | -2 (NCAAF) (legends)","Bryce Resolved":"Georgia Bulldogs @ Alabama Crimson Tide (Georgia Bulldogs -2)","Cory Bet Amount":"$5","Cory Win/Lose/Push":"L","Cory":"Virginia | -4 (NCAAF) (legends)","Cory Resolved":"Duke Blue Devils @ Virginia Cavaliers (Virginia Cavaliers -4)","JB Bet Amount":"$5","JB Win/Lose/Push":"L","JB":"montana/montana st over 53.5","JB Resolved":"montana @ montana st (Over 53.5)","Ethan Bet Amount":"$5","Ethan Win/Lose/Push":"W","Ethan":"Jaguars | +2 (NFL) (legends)","Ethan Resolved":"Indianapolis Colts @ Jacksonville Jaguars (Jacksonville Jaguars +2)","Jaime Bet Amount":"$15","Jaime Win/Lose/Push":"L","Jaime":"Packers/Bears | under 44 (NFL) (leaders)","Jaime Resolved":"Chicago Bears @ Green Bay Packers (Under 44)","Nathan Bet Amount":"$10","Nathan Win/Lose/Push":"W","Nathan":"Texans | +3.5 (NFL) (legends)","Nathan Resolved":"Houston Texans @ Kansas City Chiefs (Houston Texans +3.5)","Evan Bet Amount":"$10","Evan Win/Lose/Push":"L","Evan":"Georgia Alabama | under 48 (NCAAF) (legends)","Evan Resolved":"Georgia Bulldogs @ Alabama Crimson Tide (Under 48)","Brandon Bet Amount":"$5","Brandon Win/Lose/Push":"L","Brandon":"OSU | -3 (NCAAF) (legends)","Brandon Resolved":"Indiana Hoosiers @ Ohio State Buckeyes (Ohio State Buckeyes -3)","":"","Total Team Bet":"$0.00","Legends Bet":"$0.00","Leaders Bet":"$0.00","To Win":null,"Payout":null,"TOTALS":null,"Mitch Totals":null,"Phil Totals":null,"Bryce Totals":null,"Cory Totals":null,"JB Totals":null,"Ethan Totals":null,"Jaime Totals":null,"Nate Totals":null,"Evan Totals":null,"Brandon Totals":null},{"Week":"17","Date":"12/12/2025","Mitch Bet Amount":"$5","Mitch Win/Lose/Push":"L","Mitch":"Navy -6 (leaders)","Mitch Resolved":"(Navy -6)","Phil Bet Amount":"$5","Phil Win/Lose/Push":"W","Phil":"Army/Navy Under 38 (leaders)","Phil Resolved":"(Under 38)","Bryce Bet Amount":"$5","Bryce Win/Lose/Push":"W","Bryce":"Brandon (legends)","Bryce Resolved":"Tail Brandon","Cory Bet Amount":"$10","Cory Win/Lose/Push":"L","Cory":"Houston/az under 42.5 (legends)","Cory Resolved":"Houston Texans Arizona Cardinals (Under 42.5)","JB Bet Amount":"$5","JB Win/Lose/Push":"P","JB":"zaga -10 (leaders)","JB Resolved":"UCLA Bruins @ Gonzaga Bulldogs (Gonzaga -10)","Ethan Bet Amount":"$5","Ethan Win/Lose/Push":"L","Ethan":"Creighton -4 (legends)","Ethan Resolved":"Kansas St. Wildcats @ Creighton Bluejays (Creighton -4)","Jaime Bet Amount":"$20","Jaime Win/Lose/Push":"W","Jaime":"Packers/Broncos Over 43 (leaders)","Jaime Resolved":"Green Bay Packers Denver Broncos (Over 43)","Nathan Bet Amount":"$5","Nathan Win/Lose/Push":"L","Nathan":"Packers -2 (legends)","Nathan Resolved":"Green Bay Packers Denver Broncos (Green Bay Packers -2)","Evan Bet Amount":"$15","Evan Win/Lose/Push":"W","Evan":"Michigan St Penn St under 145 (legends)","Evan Resolved":"Michigan St. Spartans Penn State Nittany Lions (Under 145)","Brandon Bet Amount":"$10","Brandon Win/Lose/Push":"W","Brandon":"Man City -.5 (legends)","Brandon Resolved":"Crystal Palace F.C. @ Manchester City Football Club (Manchester City -.5)","":null,"Total Team Bet":null,"Legends Bet":null,"Leaders Bet":null,"To Win":null,"Payout":null,"TOTALS":null,"Mitch Totals":null,"Phil Totals":null,"Bryce Totals":null,"Cory Totals":null,"JB Totals":null,"Ethan Totals":null,"Jaime Totals":null,"Nate Totals":null,"Evan Totals":null,"Brandon Totals":null},{"Week":"18","Date":"12/19/2025","Mitch Bet Amount":"$10","Mitch Win/Lose/Push":"L","Mitch":"unc | -3.5 (NCAAB) (leaders)","Mitch Resolved":"Ohio State Buckeyes @ North Carolina Tar Heels (North Carolina Tar Heels -3.5)","Phil Bet Amount":"$5","Phil Win/Lose/Push":"L","Phil":"Utah State/Wash State | Under 50 (NCAAF) (legends)","Phil Resolved":"Washington State Cougars @ Utah State Aggies (Under 50)","Bryce Bet Amount":"$5","Bryce Win/Lose/Push":"L","Bryce":"Utah State | -1 (NCAAF) (legends)","Bryce Resolved":"Washington State Cougars @ Utah State Aggies (Utah State Aggies -1)","Cory Bet Amount":"$15","Cory Win/Lose/Push":"W","Cory":"Unlv/Ohio under | under 65.5 (NCAAF) (legends)","Cory Resolved":"Unlv/Ohio under (Under 65.5)","JB Bet Amount":"$5","JB Win/Lose/Push":"W","JB":"montana/montana st over 53.5","JB Resolved":"Montana Grizzlies @ Montana State Bobcats (Over 53.5)","Ethan Bet Amount":"$10","Ethan Win/Lose/Push":"W","Ethan":"Gophers | -2 (NCAAF) (legends)","Ethan Resolved":"New Mexico Lobos @ Minnesota Golden Gophers (Minnesota Golden Gophers -2)","Jaime Bet Amount":"$5","Jaime Win/Lose/Push":"W","Jaime":"49ers | -5.5 (NFL) (leaders)","Jaime Resolved":"San Francisco 49ers @ Indianapolis Colts (San Francisco 49ers -5.5)","Nathan Bet Amount":"$10","Nathan Win/Lose/Push":"W","Nathan":"Vikes | -2.5 (NFL) (legends)","Nathan Resolved":"Minnesota Vikings @ New York Giants (Minnesota Vikings -2.5)","Evan Bet Amount":"$5","Evan Win/Lose/Push":"W","Evan":"TAM Miami | under 48 (NCAAF) (leaders)","Evan Resolved":"Miami Hurricanes @ Texas A&M Aggies (Under 48)","Brandon Bet Amount":"$5","Brandon Win/Lose/Push":"L","Brandon":"TAM | -3 (NCAAF) (legends)","Brandon Resolved":"TAM (TAM -3)","":null,"Total Team Bet":null,"Legends Bet":null,"Leaders Bet":null,"To Win":null,"Payout":null,"TOTALS":null,"Mitch Totals":null,"Phil Totals":null,"Bryce Totals":null,"Cory Totals":null,"JB Totals":null,"Ethan Totals":null,"Jaime Totals":null,"Nate Totals":null,"Evan Totals":null,"Brandon Totals":null},{"Week":"19","Date":"12/26/2025","Mitch Bet Amount":"$15","Mitch Win/Lose/Push":"W","Mitch":"Navy | -7 (NCAAF) (leaders)","Mitch Resolved":"Navy Midshipmen @ Cincinnati Bearcats (Navy Midshipmen -7)","Phil Bet Amount":"$10","Phil Win/Lose/Push":"L","Phil":"North Texas / San Diego St | Under 52.5 (NCAAF) (leaders)","Phil Resolved":"North Texas Mean Green @ San Diego State Aztecs (Under 52.5)","Bryce Bet Amount":"$10","Bryce Win/Lose/Push":"L","Bryce":"Arizona | +7 (NFL) (legends)","Bryce Resolved":"Arizona Cardinals @ Cincinnati Bengals (Arizona Cardinals +7)","Cory Bet Amount":"$5","Cory Win/Lose/Push":"W","Cory":"Oregon/tt | under 52.5 (NCAAF) (legends)","Cory Resolved":"Oregon @ tt (Under 52.5)","JB Bet Amount":"$5","JB Win/Lose/Push":"L","JB":"Vandy Baby! | -4.5 (NCAAF) (leaders)","JB Resolved":"Vandy Baby! (Vandy Baby! -4.5)","Ethan Bet Amount":"$5","Ethan Win/Lose/Push":"L","Ethan":"Georgia | -6 (NCAAF) (legends)","Ethan Resolved":"Georgia Tech Yellow Jackets @ BYU Cougars (Georgia Tech Yellow Jackets -6)","Jaime Bet Amount":"$5","Jaime Win/Lose/Push":"W","Jaime":"49ers | -3 (NFL) (leaders)","Jaime Resolved":"Chicago Bears @ San Francisco 49ers (San Francisco 49ers -3)","Nathan Bet Amount":"$5","Nathan Win/Lose/Push":"L","Nathan":"Packers | -3 (NFL) (legends)","Nathan Resolved":"Baltimore Ravens @ Green Bay Packers (Green Bay Packers -3)","Evan Bet Amount":"$5","Evan Win/Lose/Push":"L","Evan":"texas tech | +2 (NCAAF) (legends)","Evan Resolved":"Oregon Ducks @ Texas Tech Red Raiders (Texas Tech Red Raiders +2)","Brandon Bet Amount":"$10","Brandon Win/Lose/Push":"W","Brandon":"Texans | +2 (NFL) (legends)","Brandon Resolved":"Houston Texans @ Los Angeles Chargers (Houston Texans +2)","":null,"Total Team Bet":null,"Legends Bet":null,"Leaders Bet":null,"To Win":null,"Payout":null,"TOTALS":null,"Mitch Totals":null,"Phil Totals":null,"Bryce Totals":null,"Cory Totals":null,"JB Totals":null,"Ethan Totals":null,"Jaime Totals":null,"Nate Totals":null,"Evan Totals":null,"Brandon Totals":null},{"Week":"20","Date":"01/02/2026","Mitch Bet Amount":"$5","Mitch Win/Lose/Push":"W","Mitch":"Alabama (NCAAB) (leaders)","Mitch Resolved":"Kentucky Wildcats @ Alabama Crimson Tide (Alabama Crimson Tide -5.5) (NCAAB)","Phil Bet Amount":"$15","Phil Win/Lose/Push":"W","Phil":"Illinois State/Montana State Over (leaders)","Phil Resolved":"Illinois State Redbirds @ Montana State Bobcats (Over 56.5) (FCS)","Bryce Bet Amount":"$15","Bryce Win/Lose/Push":"W","Bryce":"Indiana (legends)","Bryce Resolved":"Oregon @ Indiana (Indiana -4)","Cory Bet Amount":"$5","Cory Win/Lose/Push":"L","Cory":"49ers (legends)","Cory Resolved":"Seattle Seahawks @ San Francisco 49ers ( San Franscisco 49ers +3)","JB Bet Amount":"$10","JB Win/Lose/Push":"L","JB":"montana st - buy the half point (leaders)","JB Resolved":"Illinois State Redbirds @ Montana State Bobcats (Montana State Bobcats -10) (FCS)","Ethan Bet Amount":"$10","Ethan Win/Lose/Push":"W","Ethan":"Timberwolves (legends)","Ethan Resolved":"Minnesota Timberwolves @ Miami Heat (Minnesota Timberwolves -3) (NBA)","Jaime Bet Amount":"$5","Jaime Win/Lose/Push":"W","Jaime":"Steelers/Ravens Over (legends)","Jaime Resolved":"Baltimore Ravens @ Pittsburgh Steelers (Over 41) (NFL)","Nathan Bet Amount":"$10","Nathan Win/Lose/Push":"L","Nathan":"Bengals (legends)","Nathan Resolved":"Cleveland Browns @ Cincinnati Bengals (Cincinnati Bengals -7) (NFL)","Evan Bet Amount":"$10","Evan Win/Lose/Push":"W","Evan":"Virginia Tech +5.5 (leaders)","Evan Resolved":"Virginia Tech Hokies @ Wake Forest Demon Deacons (Virginia Tech Hokies +5.5) (NCAAB)","Brandon Bet Amount":"$5","Brandon Win/Lose/Push":"W","Brandon":"Iowa -6.5 (legends)","Brandon Resolved":"UCLA Bruins @ Iowa Hawkeyes (Iowa Hawkeyes -6.5) (NCAAB)","":null,"Total Team Bet":null,"Legends Bet":null,"Leaders Bet":null,"To Win":null,"Payout":null,"TOTALS":null,"Mitch Totals":null,"Phil Totals":null,"Bryce Totals":null,"Cory Totals":null,"JB Totals":null,"Ethan Totals":null,"Jaime Totals":null,"Nate Totals":null,"Evan Totals":null,"Brandon Totals":null},{"Week":"21","Date":"01/09/2026","Mitch Bet Amount":"$5","Mitch Win/Lose/Push":"","Mitch":"","Mitch Resolved":"","Phil Bet Amount":"$5","Phil Win/Lose/Push":"","Phil":"","Phil Resolved":"","Bryce Bet Amount":"$5","Bryce Win/Lose/Push":"","Bryce":"","Bryce Resolved":"","Cory Bet Amount":"$10","Cory Win/Lose/Push":"","Cory":"","Cory Resolved":"","JB Bet Amount":"$15","JB Win/Lose/Push":"","JB":"","JB Resolved":"","Ethan Bet Amount":"$5","Ethan Win/Lose/Push":"","Ethan":"","Ethan Resolved":"","Jaime Bet Amount":"$5","Jaime Win/Lose/Push":"","Jaime":"","Jaime Resolved":"","Nathan Bet Amount":"$15","Nathan Win/Lose/Push":"","Nathan":"","Nathan Resolved":"","Evan Bet Amount":"$5","Evan Win/Lose/Push":"","Evan":"","Evan Resolved":"","Brandon Bet Amount":"$5","Brandon Win/Lose/Push":null,"Brandon":null,"Brandon Resolved":null,"":null,"Total Team Bet":null,"Legends Bet":null,"Leaders Bet":null,"To Win":null,"Payout":null,"TOTALS":null,"Mitch Totals":null,"Phil Totals":null,"Bryce Totals":null,"Cory Totals":null,"JB Totals":null,"Ethan Totals":null,"Jaime Totals":null,"Nate Totals":null,"Evan Totals":null,"Brandon Totals":null}]
3:32:07 AM [express] GET /api/data 304 in 4ms :: [{"Week":"1","Date":"8/22/2025","Mitch Bet Amount":"$10","Mitch Win/Lose/Push":"Win","Mitch":"Kansas -14 (legends)","Mitch Resolved":"Fresno State University @ University of Kansas (University of Kansas -14)","Phil Bet Amount":"$25","Phil Win/Lose/Push":"Loss","Phil":"JB (legends)","Phil Resolved":"Tail JB","Bryce Bet Amount":"$5","Bryce Win/Lose/Push":"Loss","Bryce":"Stanford? +2.5 (legends)","Bryce Resolved":"Stanford University (Stanford University +2.5)","Cory Bet Amount":"$25","Cory Win/Lose/Push":"Win","Cory":"Rutgers over 47 (leaders)","Cory Resolved":"Rutgers University (Over 47)","JB Bet Amount":"$5","JB Win/Lose/Push":"Loss","JB":"kansas st over 52 (legends)","JB Resolved":"Fresno State University @ University of Kansas (University of Kansas -14)","Ethan Bet Amount":"$20","Ethan Win/Lose/Push":"Win","Ethan":"Mitch (legends)","Ethan Resolved":"Tail Mitch","Jaime Bet Amount":"$10","Jaime Win/Lose/Push":"Loss","Jaime":"UCF/Jax St Over 52.5 (legends)","Jaime Resolved":"Rutgers University (Over 47)","Nathan Bet Amount":"$5","Nathan Win/Lose/Push":"Loss","Nathan":"Universitario -0.5 (leaders)","Nathan Resolved":"Universitario (Universitario -0.5)","Evan Bet Amount":"$5","Evan Win/Lose/Push":"Loss","Evan":"Kansas State -3 (leaders)","Evan Resolved":"Fresno State University @ University of Kansas (University of Kansas -14)","Brandon Bet Amount":"$5","Brandon Win/Lose/Push":"Loss","Brandon":"KU/Fresno o50 (leaders)","Brandon Resolved":"University of Kansas @ Fresno State University (Over 50)","":"","Total Team Bet":"$115.00","Legends Bet":"$75.00","Leaders Bet":"$40.00","To Win":"","Payout":"","TOTALS":"Total Bet","Mitch Totals":"$205.00","Phil Totals":"$215.00","Bryce Totals":"$85.00","Cory Totals":"$105.00","JB Totals":"$135.00","Ethan Totals":"$130.00","Jaime Totals":"$140.00","Nate Totals":"$110.00","Evan Totals":"$135.00","Brandon Totals":"$110.00"},{"Week":"2","Date":"8/29/2025","Mitch Bet Amount":"$5","Mitch Win/Lose/Push":"Loss","Mitch":"Alabama -13.5 (legends)","Mitch Resolved":"University of Texas @ University of Alabama (University of Alabama -13.5)","Phil Bet Amount":"$25","Phil Win/Lose/Push":"Loss","Phil":"Mitch (legends)","Phil Resolved":"Tail Mitch","Bryce Bet Amount":"$10","Bryce Win/Lose/Push":"Win","Bryce":"Ohio st (legends)","Bryce Resolved":"Ohio State University (Ohio State University)","Cory Bet Amount":"$5","Cory Win/Lose/Push":"Win","Cory":"Maryland under  (leaders)","Cory Resolved":"University of Maryland (Under)","JB Bet Amount":"$10","JB Win/Lose/Push":"Loss","JB":"penn st under (legends)","JB Resolved":"University of Maryland (Under)","Ethan Bet Amount":"$5","Ethan Win/Lose/Push":"Win","Ethan":"Iowa under 50.5 (legends)","Ethan Resolved":"University of Maryland (Under)","Jaime Bet Amount":"$15","Jaime Win/Lose/Push":"Win","Jaime":"Tennessee -13.5 (legends)","Jaime Resolved":"University of Texas @ University of Alabama (University of Alabama -13.5)","Nathan Bet Amount":"$10","Nathan Win/Lose/Push":"Win","Nathan":"Padres -1.5 (leaders)","Nathan Resolved":"San Diego Padres (San Diego Padres -1.5)","Evan Bet Amount":"$10","Evan Win/Lose/Push":"Loss","Evan":"Texas +1.5 (leaders)","Evan Resolved":"University of Texas @ University of Alabama (University of Alabama -13.5)","Brandon Bet Amount":"$10","Brandon Win/Lose/Push":"Loss","Brandon":"Sinner -8.5 (leaders)","Brandon Resolved":"Jannik Sinner (Jannik Sinner -8.5)","":"","Total Team Bet":"$105.00","Legends Bet":"$70.00","Leaders Bet":"$35.00","To Win":"","Payout":"","TOTALS":"Total Wins","Mitch Totals":"4","Phil Totals":"5","Bryce Totals":"11","Cory Totals":"10","JB Totals":"6","Ethan Totals":"9","Jaime Totals":"7","Nate Totals":"8","Evan Totals":"7","Brandon Totals":"8"},{"Week":"3","Date":"9/5/2025","Mitch Bet Amount":"$10","Mitch Win/Lose/Push":"Loss","Mitch":"Ole Miss 1H (legends)","Mitch Resolved":"North Carolina State @ University of Mississippi (University of Mississippi -7, 1st Half)","Phil Bet Amount":"$25","Phil Win/Lose/Push":"Loss","Phil":"Ethan (legends)","Phil Resolved":"Tail Ethan","Bryce Bet Amount":"$5","Bryce Win/Lose/Push":"Win","Bryce":"Vikes","Bryce Resolved":"Minnesota Vikings (Minnesota Vikings)","Cory Bet Amount":"$5","Cory Win/Lose/Push":"Win","Cory":"MSU over (leaders)","Cory Resolved":"Michigan State University (Over)","JB Bet Amount":"$15","JB Win/Lose/Push":"Loss","JB":"Navy  (legends)","JB Resolved":"United States Naval Academy (United States Naval Academy)","Ethan Bet Amount":"$5","Ethan Win/Lose/Push":"Loss","Ethan":"USF vs Florida over (legends)","Ethan Resolved":"Michigan State University (Over)","Jaime Bet Amount":"$5","Jaime Win/Lose/Push":"Win","Jaime":"Illinois -2.5 (legends)","Jaime Resolved":"University of Illinois (University of Illinois -2.5)","Nathan Bet Amount":"$5","Nathan Win/Lose/Push":"Win","Nathan":"(NFL) Arizona -6.5 (leaders)","Nathan Resolved":"Arizona Cardinals (Arizona Cardinals -6.5)","Evan Bet Amount":"$15","Evan Win/Lose/Push":"Loss","Evan":"Iowa/ Iowa St over 43 (leaders)","Evan Resolved":"Michigan State University (Over)","Brandon Bet Amount":"$15","Brandon Win/Lose/Push":"Push","Brandon":"W US Open o22 games (leaders)","Brandon Resolved":"US Open (Over 22 Games)","":"","Total Team Bet":"$105.00","Legends Bet":"$60.00","Leaders Bet":"$40.00","To Win":"","Payout":"","TOTALS":"Total Losses","Mitch Totals":"10","Phil Totals":"7","Bryce Totals":"3","Cory Totals":"2","JB Totals":"8","Ethan Totals":"5","Jaime Totals":"7","Nate Totals":"6","Evan Totals":"6","Brandon Totals":"4"},{"Week":"4","Date":"9/12/25","Mitch Bet Amount":"$15","Mitch Win/Lose/Push":"Loss","Mitch":"Steelers (legends)","Mitch Resolved":"Cincinnati Bengals @ Pittsburgh Steelers (Pittsburgh Steelers)","Phil Bet Amount":"$25","Phil Win/Lose/Push":"Win","Phil":"Ethan (legends)","Phil Resolved":"Tail Ethan","Bryce Bet Amount":"$5","Bryce Win/Lose/Push":"Win","Bryce":"Texas A&M (legends)","Bryce Resolved":"Texas A&M University (Texas A&M University)","Cory Bet Amount":"$5","Cory Win/Lose/Push":"Win","Cory":"Eagles (leaders)","Cory Resolved":"Philadelphia Eagles (Philadelphia Eagles)","JB Bet Amount":"$20","JB Win/Lose/Push":"Win","JB":"Nate (legends)","JB Resolved":"Tail Nathan","Ethan Bet Amount":"$10","Ethan Win/Lose/Push":"Win","Ethan":"Texas tech -23 (legends)","Ethan Resolved":"Texas A&M University (Texas A&M University)","Jaime Bet Amount":"$5","Jaime Win/Lose/Push":"Loss","Jaime":"Oregon -26.5 (legends)","Jaime Resolved":"University of Oregon (University of Oregon -26.5)","Nathan Bet Amount":"$5","Nathan Win/Lose/Push":"Win","Nathan":"Rams -5.5 (leaders) ","Nathan Resolved":"Los Angeles Rams (Los Angeles Rams -5.5)","Evan Bet Amount":"$20","Evan Win/Lose/Push":"Push","Evan":"Georgia -3.5 (leaders) ","Evan Resolved":"University of Georgia (University of Georgia -3.5)","Brandon Bet Amount":"$15","Brandon Win/Lose/Push":"Win","Brandon":"Man City -0.75 (leaders) ","Brandon Resolved":"Manchester City (Manchester City -0.75)","":"","Total Team Bet":"$125.00","Legends Bet":"$80.00","Leaders Bet":"$45.00","To Win":"","Payout":"$325.00","TOTALS":"Total Pushes","Mitch Totals":"0","Phil Totals":"2","Bryce Totals":"0","Cory Totals":"2","JB Totals":"0","Ethan Totals":"0","Jaime Totals":"0","Nate Totals":"0","Evan Totals":"1","Brandon Totals":"2"},{"Week":"5","Date":"9/19/25","Mitch Bet Amount":"$20","Mitch Win/Lose/Push":"Loss","Mitch":"JB (legends)","Mitch Resolved":"Tail JB","Phil Bet Amount":"$5","Phil Win/Lose/Push":"Loss","Phil":"Fresno (leaders)","Phil Resolved":"Fresno State University (Fresno State University)","Bryce Bet Amount":"$5","Bryce Win/Lose/Push":"Win","Bryce":"South Carolina (legends)","Bryce Resolved":"University of South Carolina (University of South Carolina)","Cory Bet Amount":"$5","Cory Win/Lose/Push":"Win","Cory":"Indiana (legends)","Cory Resolved":"Indiana University (Indiana University)","JB Bet Amount":"$5","JB Win/Lose/Push":"Loss","JB":"ATL Falcons (legends)","JB Resolved":"Atlanta Falcons (Atlanta Falcons)","Ethan Bet Amount":"$5","Ethan Win/Lose/Push":"Loss","Ethan":"Texans (legends)","Ethan Resolved":"Houston Texans (Houston Texans)","Jaime Bet Amount":"$10","Jaime Win/Lose/Push":"Loss","Jaime":"Packers -7.5 (legends) ","Jaime Resolved":"Green Bay Packers (Green Bay Packers -7.5)","Nathan Bet Amount":"$5","Nathan Win/Lose/Push":"Loss","Nathan":"49ers -2.5 (leaders)","Nathan Resolved":"San Francisco 49ers (San Francisco 49ers -2.5)","Evan Bet Amount":"$20","Evan Win/Lose/Push":"Win","Evan":"Florida/Miami Under 50.5 (leaders)","Evan Resolved":"University of Florida @ University of Miami (Under 50.5)","Brandon Bet Amount":"$5","Brandon Win/Lose/Push":"Loss","Brandon":"Nebraska +1 (leaders)","Brandon Resolved":"University of Nebraska (University of Nebraska +1)","":"","Total Team Bet":"$85.00","Legends Bet":"$50.00","Leaders Bet":"$35.00","To Win":"","Payout":"","TOTALS":"Win Percentage","Mitch Totals":"28.57%","Phil Totals":"41.67%","Bryce Totals":"78.57%","Cory Totals":"83.33%","JB Totals":"42.86%","Ethan Totals":"64.29%","Jaime Totals":"50.00%","Nate Totals":"57.14%","Evan Totals":"53.85%","Brandon Totals":"66.67%"},{"Week":"6","Date":"9/26/25","Mitch Bet Amount":"$25","Mitch Win/Lose/Push":"Loss","Mitch":"Ethan (legends) ","Mitch Resolved":"Tail Ethan","Phil Bet Amount":"$10","Phil Win/Lose/Push":"Loss","Phil":"Alabama/Georgia over (leaders) ","Phil Resolved":"University of Alabama @ University of Georgia (Over)","Bryce Bet Amount":"$5","Bryce Win/Lose/Push":"Loss","Bryce":"Vikings (legends) ","Bryce Resolved":"Minnesota Vikings (Minnesota Vikings)","Cory Bet Amount":"$5","Cory Win/Lose/Push":"Win","Cory":"NW/UCLA under (legends) ","Cory Resolved":"Northwestern University @ University of California Los Angeles (Under)","JB Bet Amount":"$10","JB Win/Lose/Push":"Loss","JB":"San Fran 49ers (legends) ","JB Resolved":"San Francisco 49ers (San Francisco 49ers)","Ethan Bet Amount":"$10","Ethan Win/Lose/Push":"Loss","Ethan":"Georgia (legends) ","Ethan Resolved":"University of Alabama @ University of Georgia (Over)","Jaime Bet Amount":"$15","Jaime Win/Lose/Push":"Loss","Jaime":"PSU Under 53.5 (legends) ","Jaime Resolved":"Northwestern University @ University of California Los Angeles (Under)","Nathan Bet Amount":"$10","Nathan Win/Lose/Push":"Loss","Nathan":"Chargers -6.5 (leaders) ","Nathan Resolved":"Los Angeles Chargers (Los Angeles Chargers -6.5)","Evan Bet Amount":"$5","Evan Win/Lose/Push":"Win","Evan":"Colorado/BYU under 49.5 (leaders) ","Evan Resolved":"Northwestern University @ University of California Los Angeles (Under)","Brandon Bet Amount":"$10","Brandon Win/Lose/Push":"Win","Brandon":"(leaders) Iowa +8.5 ","Brandon Resolved":"University of Iowa (University of Iowa +8.5)","":"","Total Team Bet":"$105.00","Legends Bet":"$70.00","Leaders Bet":"$35.00","To Win":null,"Payout":null,"TOTALS":null,"Mitch Totals":null,"Phil Totals":null,"Bryce Totals":null,"Cory Totals":null,"JB Totals":null,"Ethan Totals":null,"Jaime Totals":null,"Nate Totals":null,"Evan Totals":null,"Brandon Totals":null},{"Week":"7","Date":"10/3/25","Mitch Bet Amount":"$25","Mitch Win/Lose/Push":"Loss","Mitch":"Miami/FSU over (leaders) ","Mitch Resolved":"University of Miami @ Florida State University (Over)","Phil Bet Amount":"$15","Phil Win/Lose/Push":"Loss","Phil":"Texas/Florida Under (leaders) ","Phil Resolved":"University of Texas @ University of Florida (Under)","Bryce Bet Amount":"$10","Bryce Win/Lose/Push":"Win","Bryce":"Vikings Again? (legends) ","Bryce Resolved":"Minnesota Vikings (Minnesota Vikings)","Cory Bet Amount":"$5","Cory Win/Lose/Push":"Win","Cory":"Lions if below 10.5 (legends) ","Cory Resolved":"Detroit Lions (if below 10.5)","JB Bet Amount":"$15","JB Win/Lose/Push":"Win","JB":"Illinois (leaders) ","JB Resolved":"University of Illinois (University of Illinois)","Ethan Bet Amount":"$15","Ethan Win/Lose/Push":"Loss","Ethan":"Cal (legends) ","Ethan Resolved":"University of California Berkeley (University of California Berkeley)","Jaime Bet Amount":"$20","Jaime Win/Lose/Push":"Win","Jaime":"Texas Tech -11.5 (leaders) ","Jaime Resolved":"University of Texas @ University of Florida (Under)","Nathan Bet Amount":"$15","Nathan Win/Lose/Push":"Win","Nathan":"Tail Cory (legends) ","Nathan Resolved":"Tail Cory (legends)","Evan Bet Amount":"$5","Evan Win/Lose/Push":"Loss","Evan":"Texas -5.5 (legends) ","Evan Resolved":"University of Texas @ University of Florida (Under)","Brandon Bet Amount":"$5","Brandon Win/Lose/Push":"Win","Brandon":"Wisconsin +17.5 (legends) ","Brandon Resolved":"University of Wisconsin (University of Wisconsin +17.5)","":"","Total Team Bet":"$130.00","Legends Bet":"$55.00","Leaders Bet":"$75.00","To Win":null,"Payout":null,"TOTALS":null,"Mitch Totals":null,"Phil Totals":null,"Bryce Totals":null,"Cory Totals":null,"JB Totals":null,"Ethan Totals":null,"Jaime Totals":null,"Nate Totals":null,"Evan Totals":null,"Brandon Totals":null},{"Week":"8","Date":"10/10/25","Mitch Bet Amount":"$25","Mitch Win/Lose/Push":"Loss","Mitch":"Oregon (quack quack quack) (leaders)  ","Mitch Resolved":"University of Washington @ University of Oregon (University of Oregon)","Phil Bet Amount":"$20","Phil Win/Lose/Push":"Push","Phil":"Minnesota (leaders)  ","Phil Resolved":"University of Minnesota (University of Minnesota)","Bryce Bet Amount":"$5","Bryce Win/Lose/Push":"Loss","Bryce":"Lions  (legends) ","Bryce Resolved":"Detroit Lions (Detroit Lions)","Cory Bet Amount":"$5","Cory Win/Lose/Push":"Push","Cory":"Bama (legends)  ","Cory Resolved":"University of Alabama (University of Alabama)","JB Bet Amount":"$5","JB Win/Lose/Push":"Loss","JB":"unlv (leaders)  ","JB Resolved":"University of Nevada Las Vegas (University of Nevada Las Vegas)","Ethan Bet Amount":"$20","Ethan Win/Lose/Push":"Win","Ethan":"Brandon (legends)  ","Ethan Resolved":"Tail Brandon","Jaime Bet Amount":"$5","Jaime Win/Lose/Push":"Win","Jaime":"Texas A&M -7.5 (legends)  ","Jaime Resolved":"Texas A&M University (Texas A&M University -7.5)","Nathan Bet Amount":"$5","Nathan Win/Lose/Push":"Loss","Nathan":"Bills -4.5 (legends) ","Nathan Resolved":"Buffalo Bills (Buffalo Bills -4.5)","Evan Bet Amount":"$10","Evan Win/Lose/Push":"Win","Evan":"Pitt +10 (leaders)  ","Evan Resolved":"University of Pittsburgh (University of Pittsburgh +10)","Brandon Bet Amount":"$5","Brandon Win/Lose/Push":"Win","Brandon":"USC -2.5 (legends)  ","Brandon Resolved":"University of Southern California (University of Southern California -2.5)","":"","Total Team Bet":"$105.00","Legends Bet":"$45.00","Leaders Bet":"$60.00","To Win":null,"Payout":null,"TOTALS":null,"Mitch Totals":null,"Phil Totals":null,"Bryce Totals":null,"Cory Totals":null,"JB Totals":null,"Ethan Totals":null,"Jaime Totals":null,"Nate Totals":null,"Evan Totals":null,"Brandon Totals":null},{"Week":"9","Date":"10/17/25","Mitch Bet Amount":"$25","Mitch Win/Lose/Push":"Win","Mitch":"Bryce (leaders)","Mitch Resolved":"Tail Bryce","Phil Bet Amount":"$20","Phil Win/Lose/Push":"Push","Phil":"Notre Dame (leaders) ","Phil Resolved":"University of Notre Dame (University of Notre Dame)","Bryce Bet Amount":"$10","Bryce Win/Lose/Push":"Win","Bryce":"Missouri -1 (buy the half point, still -120)😉 (legends) ","Bryce Resolved":"University of Missouri (University of Missouri -1)","Cory Bet Amount":"$5","Cory Win/Lose/Push":"Win","Cory":"Bears (legends) ","Cory Resolved":"Chicago Bears (Chicago Bears)","JB Bet Amount":"$10","JB Win/Lose/Push":"Loss","JB":"texas tech (leaders) ","JB Resolved":"Texas Tech University (Texas Tech University)","Ethan Bet Amount":"$5","Ethan Win/Lose/Push":"Loss","Ethan":"Nebraska (legends) ","Ethan Resolved":"University of Nebraska (University of Nebraska)","Jaime Bet Amount":"$5","Jaime Win/Lose/Push":"Win","Jaime":"Indiana Over 49.5 (legends) ","Jaime Resolved":"Indiana University (Over 49.5)","Nathan Bet Amount":"$10","Nathan Win/Lose/Push":"Win","Nathan":"Patriots -7 (legends) ","Nathan Resolved":"New England Patriots (New England Patriots -7)","Evan Bet Amount":"$5","Evan Win/Lose/Push":"Loss","Evan":"Texas Tech -7.5 (leaders) ","Evan Resolved":"Texas Tech University (Texas Tech University)","Brandon Bet Amount":"$5","Brandon Win/Lose/Push":"Loss","Brandon":"LSU +2.5 (legends) ","Brandon Resolved":"Louisiana State University (Louisiana State University +2.5)","":"","Total Team Bet":"$100.00","Legends Bet":"$40.00","Leaders Bet":"$60.00","To Win":null,"Payout":null,"TOTALS":null,"Mitch Totals":null,"Phil Totals":null,"Bryce Totals":null,"Cory Totals":null,"JB Totals":null,"Ethan Totals":null,"Jaime Totals":null,"Nate Totals":null,"Evan Totals":null,"Brandon Totals":null},{"Week":"10","Date":"10/24/25","Mitch Bet Amount":"$5","Mitch Win/Lose/Push":"Loss","Mitch":"USF (leaders) ","Mitch Resolved":"San Jose State University @ University of South Florida (University of South Florida)","Phil Bet Amount":"$20","Phil Win/Lose/Push":"Win","Phil":"Texas A&M/LSU Over (leaders) ","Phil Resolved":"Texas A&M University @ Louisiana State University (Over)","Bryce Bet Amount":"$5","Bryce Win/Lose/Push":"Win","Bryce":"BYU (legends) ","Bryce Resolved":"Brigham Young University (Brigham Young University)","Cory Bet Amount":"$5","Cory Win/Lose/Push":"Loss","Cory":"Bama (legends)  ","Cory Resolved":"University of Alabama (University of Alabama)","JB Bet Amount":"$15","JB Win/Lose/Push":"Win","JB":"southern miss (leaders) ","JB Resolved":"University of Southern Mississippi (University of Southern Mississippi)","Ethan Bet Amount":"$10","Ethan Win/Lose/Push":"Win","Ethan":"Oklahoma vs ole miss over (legends) ","Ethan Resolved":"Texas A&M University @ Louisiana State University (Over)","Jaime Bet Amount":"$5","Jaime Win/Lose/Push":"Loss","Jaime":"UCLA +26 (legends) ","Jaime Resolved":"University of California Los Angeles (University of California Los Angeles +26)","Nathan Bet Amount":"$5","Nathan Win/Lose/Push":"Win","Nathan":"Chiefs -11.5 (legends) ","Nathan Resolved":"Kansas City Chiefs (Kansas City Chiefs -11.5)","Evan Bet Amount":"$10","Evan Win/Lose/Push":"Win","Evan":"Ole Miss +5.5 (leaders) ","Evan Resolved":"University of Southern Mississippi (University of Southern Mississippi)","Brandon Bet Amount":"$10","Brandon Win/Lose/Push":"Win","Brandon":"IF(Man City > -120, Man City, MSU +13.5) (legends) ","Brandon Resolved":"Kansas City Chiefs (Kansas City Chiefs -11.5)","":"","Total Team Bet":"$90.00","Legends Bet":"$40.00","Leaders Bet":"$50.00","To Win":null,"Payout":null,"TOTALS":null,"Mitch Totals":null,"Phil Totals":null,"Bryce Totals":null,"Cory Totals":null,"JB Totals":null,"Ethan Totals":null,"Jaime Totals":null,"Nate Totals":null,"Evan Totals":null,"Brandon Totals":null},{"Week":"11","Date":"10/31/25","Mitch Bet Amount":"$10","Mitch Win/Lose/Push":"Loss","Mitch":"georgia tech - tail JB (leaders)","Mitch Resolved":"Tail georgia tech - JB (leaders)","Phil Bet Amount":"$5","Phil Win/Lose/Push":"Win","Phil":"Utah (leaders)","Phil Resolved":"University of Utah (University of Utah)","Bryce Bet Amount":"$5","Bryce Win/Lose/Push":"Win","Bryce":"Timothy Cuamba (legends)","Bryce Resolved":"Timothy Cuamba (Timothy Cuamba)","Cory Bet Amount":"$10","Cory Win/Lose/Push":"Loss","Cory":"(legends) Patriots  ","Cory Resolved":"New England Patriots (New England Patriots)","JB Bet Amount":"$5","JB Win/Lose/Push":"Loss","JB":"(leaders) Georgia tech","JB Resolved":"Georgia Institute of Technology (Georgia Institute of Technology)","Ethan Bet Amount":"$5","Ethan Win/Lose/Push":"Win","Ethan":"Indiana (legends)","Ethan Resolved":"Indiana University (Indiana University)","Jaime Bet Amount":"$10","Jaime Win/Lose/Push":"Loss","Jaime":"MIA/SMU Over (legends)","Jaime Resolved":"University of Miami @ Southern Methodist University (Over)","Nathan Bet Amount":"$5","Nathan Win/Lose/Push":"Loss","Nathan":"KC -1.5 (legends) ","Nathan Resolved":"Kansas City Chiefs (Kansas City Chiefs -1.5)","Evan Bet Amount":"$5","Evan Win/Lose/Push":"Win","Evan":"Oklahoma+2.5 (leaders)","Evan Resolved":"University of Oklahoma (University of Oklahoma +2.5)","Brandon Bet Amount":"$5","Brandon Win/Lose/Push":"Push","Brandon":"Texas -3.5 (legends)","Brandon Resolved":"University of Texas (University of Texas -3.5)","":"","Total Team Bet":"$65.00","Legends Bet":"$40.00","Leaders Bet":"$25.00","To Win":null,"Payout":null,"TOTALS":null,"Mitch Totals":null,"Phil Totals":null,"Bryce Totals":null,"Cory Totals":null,"JB Totals":null,"Ethan Totals":null,"Jaime Totals":null,"Nate Totals":null,"Evan Totals":null,"Brandon Totals":null},{"Week":"12","Date":"11/7/25","Mitch Bet Amount":"$15","Mitch Win/Lose/Push":"Win","Mitch":"Wake Forest  (leaders) ","Mitch Resolved":"Stanford University @ Wake Forest University (Wake Forest University)","Phil Bet Amount":"$5","Phil Win/Lose/Push":"Loss","Phil":"Oregon (leaders) ","Phil Resolved":"University of Oregon (University of Oregon)","Bryce Bet Amount":"$5","Bryce Win/Lose/Push":"Win","Bryce":"(legends) UL LAFAYETTE ","Bryce Resolved":"University of Louisiana Lafayette (University of Louisiana Lafayette)","Cory Bet Amount":"$15","Cory Win/Lose/Push":"Win","Cory":"Wash/wi under (legends) ","Cory Resolved":"University of Washington @ University of Wisconsin (Under)","JB Bet Amount":"$10","JB Win/Lose/Push":"Win","JB":"stanford under (leaders) ","JB Resolved":"Stanford University @ Wake Forest University (Wake Forest University)","Ethan Bet Amount":"$5","Ethan Win/Lose/Push":"Win","Ethan":"Vandy (legends) ","Ethan Resolved":"Vanderbilt University (Vanderbilt University)","Jaime Bet Amount":"$15","Jaime Win/Lose/Push":"Win","Jaime":"Texas A&M -6.5 (leaders) ","Jaime Resolved":"Texas A&M University (Texas A&M University -6.5)","Nathan Bet Amount":"$10","Nathan Win/Lose/Push":"Win","Nathan":"LAR (legends) ","Nathan Resolved":"Los Angeles Rams (Los Angeles Rams)","Evan Bet Amount":"$5","Evan Win/Lose/Push":"Loss","Evan":"BYU +12 (legends) ","Evan Resolved":"Brigham Young University (Brigham Young University +12)","Brandon Bet Amount":"$5","Brandon Win/Lose/Push":"Win","Brandon":"Penn State (legends) ","Brandon Resolved":"Penn State University (Penn State University)","":"","Total Team Bet":"$90.00","Legends Bet":"$45.00","Leaders Bet":"$45.00","To Win":null,"Payout":null,"TOTALS":null,"Mitch Totals":null,"Phil Totals":null,"Bryce Totals":null,"Cory Totals":null,"JB Totals":null,"Ethan Totals":null,"Jaime Totals":null,"Nate Totals":null,"Evan Totals":null,"Brandon Totals":null},{"Week":"13","Date":"11/14/25","Mitch Bet Amount":"$5","Mitch Win/Lose/Push":"Loss","Mitch":"San Jose St. (leaders)","Mitch Resolved":"University of Nevada Las Vegas @ San Jose State University (San Jose State University)","Phil Bet Amount":"$10","Phil Win/Lose/Push":"Win","Phil":"Penn State (leaders) ","Phil Resolved":"University of Nevada Las Vegas @ San Jose State University (San Jose State University)","Bryce Bet Amount":"$5","Bryce Win/Lose/Push":"Win","Bryce":"(legends) Arizona ","Bryce Resolved":"University of Arizona (University of Arizona)","Cory Bet Amount":"$5","Cory Win/Lose/Push":"Push","Cory":"(legends) Ravens  ","Cory Resolved":"Baltimore Ravens (Baltimore Ravens)","JB Bet Amount":"$5","JB Win/Lose/Push":"Win","JB":"(leaders) Iowa under ","JB Resolved":"University of Iowa (Under)","Ethan Bet Amount":"$5","Ethan Win/Lose/Push":"Win","Ethan":"Georgia (legends) ","Ethan Resolved":"University of Georgia (University of Georgia)","Jaime Bet Amount":"$5","Jaime Win/Lose/Push":"Win","Jaime":"Texas A&M/SC Over (legends) ","Jaime Resolved":"Texas A&M University @ University of South Carolina (Over)","Nathan Bet Amount":"$5","Nathan Win/Lose/Push":"Loss","Nathan":"Texans (legends) ","Nathan Resolved":"Houston Texans (Houston Texans)","Evan Bet Amount":"$10","Evan Win/Lose/Push":"Win","Evan":"BYU -3 (leaders) ","Evan Resolved":"Brigham Young University (Brigham Young University -3)","Brandon Bet Amount":"$5","Brandon Win/Lose/Push":"Win","Brandon":"Northwestern +11.5 (legends) ","Brandon Resolved":"Northwestern University (Northwestern University +11.5)","":"","Total Team Bet":"$60.00","Legends Bet":"$30.00","Leaders Bet":"$30.00","To Win":null,"Payout":null,"TOTALS":null,"Mitch Totals":null,"Phil Totals":null,"Bryce Totals":null,"Cory Totals":null,"JB Totals":null,"Ethan Totals":null,"Jaime Totals":null,"Nate Totals":null,"Evan Totals":null,"Brandon Totals":null},{"Week":"14","Date":"11/21/25","Mitch Bet Amount":"$10","Mitch Win/Lose/Push":"Win","Mitch":"Bryce (leaders)","Mitch Resolved":"Tail Bryce","Phil Bet Amount":"$5","Phil Win/Lose/Push":"Win","Phil":"Michigan (leaders)","Phil Resolved":"University of Michigan (University of Michigan)","Bryce Bet Amount":"$5","Bryce Win/Lose/Push":"Win","Bryce":"Duke (legends)","Bryce Resolved":"Duke University (Duke University)","Cory Bet Amount":"$5","Cory Win/Lose/Push":"Win","Cory":"Utah KSU. Over (legends)","Cory Resolved":"Kansas State University @ University of Utah (Over)","JB Bet Amount":"$5","JB Win/Lose/Push":"Win","JB":"Brandon (leaders)","JB Resolved":"Tail Brandon","Ethan Bet Amount":"$5","Ethan Win/Lose/Push":"Win","Ethan":"Bengals (legends)","Ethan Resolved":"Cincinnati Bengals (Cincinnati Bengals)","Jaime Bet Amount":"$5","Jaime Win/Lose/Push":"Loss","Jaime":"Texas A&M/Samford Over (legends)","Jaime Resolved":"Kansas State University @ University of Utah (Over)","Nathan Bet Amount":"$10","Nathan Win/Lose/Push":"Win","Nathan":"Rams (legends)","Nathan Resolved":"Los Angeles Rams (Los Angeles Rams)","Evan Bet Amount":"$5","Evan Win/Lose/Push":"Win","Evan":"Tennessee -4 (leaders)","Evan Resolved":"University of Tennessee (University of Tennessee -4)","Brandon Bet Amount":"$5","Brandon Win/Lose/Push":"Win","Brandon":"BYU (legends)","Brandon Resolved":"Brigham Young University (Brigham Young University)","":"","Total Team Bet":"$60.00","Legends Bet":"$35.00","Leaders Bet":"$25.00","To Win":"","Payout":"$87.38","TOTALS":null,"Mitch Totals":null,"Phil Totals":null,"Bryce Totals":null,"Cory Totals":null,"JB Totals":null,"Ethan Totals":null,"Jaime Totals":null,"Nate Totals":null,"Evan Totals":null,"Brandon Totals":null},{"Week":"15","Date":"11/28/25","Mitch Bet Amount":"$5","Mitch Win/Lose/Push":"W","Mitch":"Alabama -110 (leaders)","Mitch Resolved":"Alabama Crimson Tide @ Auburn Tigers (Alabama Crimson Tide -5)","Phil Bet Amount":"$5","Phil Win/Lose/Push":"W","Phil":"Oregon (leaders) ","Phil Resolved":"Oregon Ducks @ Washington Huskies","Bryce Bet Amount":"$5","Bryce Win/Lose/Push":"L","Bryce":"vikes (NFL) (legends)","Bryce Resolved":"Minnesota Vikings @ Seattle Seahawks (Minnesota Vikings +11.5)","Cory Bet Amount":"$5","Cory Win/Lose/Push":"W","Cory":"houston (NCAAF) (legends)","Cory Resolved":"Houston Cougars @ Baylor Bears (Houston Cougars +2.5)","JB Bet Amount":"$5","JB Win/Lose/Push":"W","JB":"NW/Illinois under (leaders) (leaders)","JB Resolved":"Northwestern Wildcats @ Illinois Fighting Illini (Under 45.5)","Ethan Bet Amount":"$5","Ethan Win/Lose/Push":"W","Ethan":"ohio state -110 (legends)","Ethan Resolved":"Ohio State Buckeyes @ Michigan Wolverines (Ohio State Buckeyes -9.5)","Jaime Bet Amount":"$10","Jaime Win/Lose/Push":"L","Jaime":"OK/LSU Over -110 (leaders)","Jaime Resolved":"LSU Tigers @ Oklahoma Sooners (Over 36.5)","Nathan Bet Amount":"$5","Nathan Win/Lose/Push":"L","Nathan":"Browns  -110 (legends)","Nathan Resolved":"San Francisco 49ers @ Cleveland Browns (Cleveland Browns +6)","Evan Bet Amount":"$5","Evan Win/Lose/Push":"L","Evan":"Pitt +7 (NCAAF) (legends)","Evan Resolved":"Miami Hurricanes @ Pittsburgh Panthers (Pittsburgh Panthers +7)","Brandon Bet Amount":"$5","Brandon Win/Lose/Push":"W","Brandon":"Ethan (legends)","Brandon Resolved":"Ethan","":"","Total Team Bet":"$30.00","Legends Bet":"$0.00","Leaders Bet":"$0.00","To Win":null,"Payout":null,"TOTALS":null,"Mitch Totals":null,"Phil Totals":null,"Bryce Totals":null,"Cory Totals":null,"JB Totals":null,"Ethan Totals":null,"Jaime Totals":null,"Nate Totals":null,"Evan Totals":null,"Brandon Totals":null},{"Week":"16","Date":"12/5/25","Mitch Bet Amount":"$5","Mitch Win/Lose/Push":"W","Mitch":"Louisville | -4.5 (NCAAB) (leaders)","Mitch Resolved":"Indiana Hoosiers @ Louisville Cardinals (Louisville Cardinals -4.5)","Phil Bet Amount":"$5","Phil Win/Lose/Push":"W","Phil":"Miami-Ohio | under 43 (NCAAF) (leaders)","Phil Resolved":"Miami (OH) RedHawks @ Western Michigan Broncos (Under 43)","Bryce Bet Amount":"$10","Bryce Win/Lose/Push":"W","Bryce":"Georgia | -2 (NCAAF) (legends)","Bryce Resolved":"Georgia Bulldogs @ Alabama Crimson Tide (Georgia Bulldogs -2)","Cory Bet Amount":"$5","Cory Win/Lose/Push":"L","Cory":"Virginia | -4 (NCAAF) (legends)","Cory Resolved":"Duke Blue Devils @ Virginia Cavaliers (Virginia Cavaliers -4)","JB Bet Amount":"$5","JB Win/Lose/Push":"L","JB":"montana/montana st over 53.5","JB Resolved":"montana @ montana st (Over 53.5)","Ethan Bet Amount":"$5","Ethan Win/Lose/Push":"W","Ethan":"Jaguars | +2 (NFL) (legends)","Ethan Resolved":"Indianapolis Colts @ Jacksonville Jaguars (Jacksonville Jaguars +2)","Jaime Bet Amount":"$15","Jaime Win/Lose/Push":"L","Jaime":"Packers/Bears | under 44 (NFL) (leaders)","Jaime Resolved":"Chicago Bears @ Green Bay Packers (Under 44)","Nathan Bet Amount":"$10","Nathan Win/Lose/Push":"W","Nathan":"Texans | +3.5 (NFL) (legends)","Nathan Resolved":"Houston Texans @ Kansas City Chiefs (Houston Texans +3.5)","Evan Bet Amount":"$10","Evan Win/Lose/Push":"L","Evan":"Georgia Alabama | under 48 (NCAAF) (legends)","Evan Resolved":"Georgia Bulldogs @ Alabama Crimson Tide (Under 48)","Brandon Bet Amount":"$5","Brandon Win/Lose/Push":"L","Brandon":"OSU | -3 (NCAAF) (legends)","Brandon Resolved":"Indiana Hoosiers @ Ohio State Buckeyes (Ohio State Buckeyes -3)","":"","Total Team Bet":"$0.00","Legends Bet":"$0.00","Leaders Bet":"$0.00","To Win":null,"Payout":null,"TOTALS":null,"Mitch Totals":null,"Phil Totals":null,"Bryce Totals":null,"Cory Totals":null,"JB Totals":null,"Ethan Totals":null,"Jaime Totals":null,"Nate Totals":null,"Evan Totals":null,"Brandon Totals":null},{"Week":"17","Date":"12/12/2025","Mitch Bet Amount":"$5","Mitch Win/Lose/Push":"L","Mitch":"Navy -6 (leaders)","Mitch Resolved":"(Navy -6)","Phil Bet Amount":"$5","Phil Win/Lose/Push":"W","Phil":"Army/Navy Under 38 (leaders)","Phil Resolved":"(Under 38)","Bryce Bet Amount":"$5","Bryce Win/Lose/Push":"W","Bryce":"Brandon (legends)","Bryce Resolved":"Tail Brandon","Cory Bet Amount":"$10","Cory Win/Lose/Push":"L","Cory":"Houston/az under 42.5 (legends)","Cory Resolved":"Houston Texans Arizona Cardinals (Under 42.5)","JB Bet Amount":"$5","JB Win/Lose/Push":"P","JB":"zaga -10 (leaders)","JB Resolved":"UCLA Bruins @ Gonzaga Bulldogs (Gonzaga -10)","Ethan Bet Amount":"$5","Ethan Win/Lose/Push":"L","Ethan":"Creighton -4 (legends)","Ethan Resolved":"Kansas St. Wildcats @ Creighton Bluejays (Creighton -4)","Jaime Bet Amount":"$20","Jaime Win/Lose/Push":"W","Jaime":"Packers/Broncos Over 43 (leaders)","Jaime Resolved":"Green Bay Packers Denver Broncos (Over 43)","Nathan Bet Amount":"$5","Nathan Win/Lose/Push":"L","Nathan":"Packers -2 (legends)","Nathan Resolved":"Green Bay Packers Denver Broncos (Green Bay Packers -2)","Evan Bet Amount":"$15","Evan Win/Lose/Push":"W","Evan":"Michigan St Penn St under 145 (legends)","Evan Resolved":"Michigan St. Spartans Penn State Nittany Lions (Under 145)","Brandon Bet Amount":"$10","Brandon Win/Lose/Push":"W","Brandon":"Man City -.5 (legends)","Brandon Resolved":"Crystal Palace F.C. @ Manchester City Football Club (Manchester City -.5)","":null,"Total Team Bet":null,"Legends Bet":null,"Leaders Bet":null,"To Win":null,"Payout":null,"TOTALS":null,"Mitch Totals":null,"Phil Totals":null,"Bryce Totals":null,"Cory Totals":null,"JB Totals":null,"Ethan Totals":null,"Jaime Totals":null,"Nate Totals":null,"Evan Totals":null,"Brandon Totals":null},{"Week":"18","Date":"12/19/2025","Mitch Bet Amount":"$10","Mitch Win/Lose/Push":"L","Mitch":"unc | -3.5 (NCAAB) (leaders)","Mitch Resolved":"Ohio State Buckeyes @ North Carolina Tar Heels (North Carolina Tar Heels -3.5)","Phil Bet Amount":"$5","Phil Win/Lose/Push":"L","Phil":"Utah State/Wash State | Under 50 (NCAAF) (legends)","Phil Resolved":"Washington State Cougars @ Utah State Aggies (Under 50)","Bryce Bet Amount":"$5","Bryce Win/Lose/Push":"L","Bryce":"Utah State | -1 (NCAAF) (legends)","Bryce Resolved":"Washington State Cougars @ Utah State Aggies (Utah State Aggies -1)","Cory Bet Amount":"$15","Cory Win/Lose/Push":"W","Cory":"Unlv/Ohio under | under 65.5 (NCAAF) (legends)","Cory Resolved":"Unlv/Ohio under (Under 65.5)","JB Bet Amount":"$5","JB Win/Lose/Push":"W","JB":"montana/montana st over 53.5","JB Resolved":"Montana Grizzlies @ Montana State Bobcats (Over 53.5)","Ethan Bet Amount":"$10","Ethan Win/Lose/Push":"W","Ethan":"Gophers | -2 (NCAAF) (legends)","Ethan Resolved":"New Mexico Lobos @ Minnesota Golden Gophers (Minnesota Golden Gophers -2)","Jaime Bet Amount":"$5","Jaime Win/Lose/Push":"W","Jaime":"49ers | -5.5 (NFL) (leaders)","Jaime Resolved":"San Francisco 49ers @ Indianapolis Colts (San Francisco 49ers -5.5)","Nathan Bet Amount":"$10","Nathan Win/Lose/Push":"W","Nathan":"Vikes | -2.5 (NFL) (legends)","Nathan Resolved":"Minnesota Vikings @ New York Giants (Minnesota Vikings -2.5)","Evan Bet Amount":"$5","Evan Win/Lose/Push":"W","Evan":"TAM Miami | under 48 (NCAAF) (leaders)","Evan Resolved":"Miami Hurricanes @ Texas A&M Aggies (Under 48)","Brandon Bet Amount":"$5","Brandon Win/Lose/Push":"L","Brandon":"TAM | -3 (NCAAF) (legends)","Brandon Resolved":"TAM (TAM -3)","":null,"Total Team Bet":null,"Legends Bet":null,"Leaders Bet":null,"To Win":null,"Payout":null,"TOTALS":null,"Mitch Totals":null,"Phil Totals":null,"Bryce Totals":null,"Cory Totals":null,"JB Totals":null,"Ethan Totals":null,"Jaime Totals":null,"Nate Totals":null,"Evan Totals":null,"Brandon Totals":null},{"Week":"19","Date":"12/26/2025","Mitch Bet Amount":"$15","Mitch Win/Lose/Push":"W","Mitch":"Navy | -7 (NCAAF) (leaders)","Mitch Resolved":"Navy Midshipmen @ Cincinnati Bearcats (Navy Midshipmen -7)","Phil Bet Amount":"$10","Phil Win/Lose/Push":"L","Phil":"North Texas / San Diego St | Under 52.5 (NCAAF) (leaders)","Phil Resolved":"North Texas Mean Green @ San Diego State Aztecs (Under 52.5)","Bryce Bet Amount":"$10","Bryce Win/Lose/Push":"L","Bryce":"Arizona | +7 (NFL) (legends)","Bryce Resolved":"Arizona Cardinals @ Cincinnati Bengals (Arizona Cardinals +7)","Cory Bet Amount":"$5","Cory Win/Lose/Push":"W","Cory":"Oregon/tt | under 52.5 (NCAAF) (legends)","Cory Resolved":"Oregon @ tt (Under 52.5)","JB Bet Amount":"$5","JB Win/Lose/Push":"L","JB":"Vandy Baby! | -4.5 (NCAAF) (leaders)","JB Resolved":"Vandy Baby! (Vandy Baby! -4.5)","Ethan Bet Amount":"$5","Ethan Win/Lose/Push":"L","Ethan":"Georgia | -6 (NCAAF) (legends)","Ethan Resolved":"Georgia Tech Yellow Jackets @ BYU Cougars (Georgia Tech Yellow Jackets -6)","Jaime Bet Amount":"$5","Jaime Win/Lose/Push":"W","Jaime":"49ers | -3 (NFL) (leaders)","Jaime Resolved":"Chicago Bears @ San Francisco 49ers (San Francisco 49ers -3)","Nathan Bet Amount":"$5","Nathan Win/Lose/Push":"L","Nathan":"Packers | -3 (NFL) (legends)","Nathan Resolved":"Baltimore Ravens @ Green Bay Packers (Green Bay Packers -3)","Evan Bet Amount":"$5","Evan Win/Lose/Push":"L","Evan":"texas tech | +2 (NCAAF) (legends)","Evan Resolved":"Oregon Ducks @ Texas Tech Red Raiders (Texas Tech Red Raiders +2)","Brandon Bet Amount":"$10","Brandon Win/Lose/Push":"W","Brandon":"Texans | +2 (NFL) (legends)","Brandon Resolved":"Houston Texans @ Los Angeles Chargers (Houston Texans +2)","":null,"Total Team Bet":null,"Legends Bet":null,"Leaders Bet":null,"To Win":null,"Payout":null,"TOTALS":null,"Mitch Totals":null,"Phil Totals":null,"Bryce Totals":null,"Cory Totals":null,"JB Totals":null,"Ethan Totals":null,"Jaime Totals":null,"Nate Totals":null,"Evan Totals":null,"Brandon Totals":null},{"Week":"20","Date":"01/02/2026","Mitch Bet Amount":"$5","Mitch Win/Lose/Push":"W","Mitch":"Alabama (NCAAB) (leaders)","Mitch Resolved":"Kentucky Wildcats @ Alabama Crimson Tide (Alabama Crimson Tide -5.5) (NCAAB)","Phil Bet Amount":"$15","Phil Win/Lose/Push":"W","Phil":"Illinois State/Montana State Over (leaders)","Phil Resolved":"Illinois State Redbirds @ Montana State Bobcats (Over 56.5) (FCS)","Bryce Bet Amount":"$15","Bryce Win/Lose/Push":"W","Bryce":"Indiana (legends)","Bryce Resolved":"Oregon @ Indiana (Indiana -4)","Cory Bet Amount":"$5","Cory Win/Lose/Push":"L","Cory":"49ers (legends)","Cory Resolved":"Seattle Seahawks @ San Francisco 49ers ( San Franscisco 49ers +3)","JB Bet Amount":"$10","JB Win/Lose/Push":"L","JB":"montana st - buy the half point (leaders)","JB Resolved":"Illinois State Redbirds @ Montana State Bobcats (Montana State Bobcats -10) (FCS)","Ethan Bet Amount":"$10","Ethan Win/Lose/Push":"W","Ethan":"Timberwolves (legends)","Ethan Resolved":"Minnesota Timberwolves @ Miami Heat (Minnesota Timberwolves -3) (NBA)","Jaime Bet Amount":"$5","Jaime Win/Lose/Push":"W","Jaime":"Steelers/Ravens Over (legends)","Jaime Resolved":"Baltimore Ravens @ Pittsburgh Steelers (Over 41) (NFL)","Nathan Bet Amount":"$10","Nathan Win/Lose/Push":"L","Nathan":"Bengals (legends)","Nathan Resolved":"Cleveland Browns @ Cincinnati Bengals (Cincinnati Bengals -7) (NFL)","Evan Bet Amount":"$10","Evan Win/Lose/Push":"W","Evan":"Virginia Tech +5.5 (leaders)","Evan Resolved":"Virginia Tech Hokies @ Wake Forest Demon Deacons (Virginia Tech Hokies +5.5) (NCAAB)","Brandon Bet Amount":"$5","Brandon Win/Lose/Push":"W","Brandon":"Iowa -6.5 (legends)","Brandon Resolved":"UCLA Bruins @ Iowa Hawkeyes (Iowa Hawkeyes -6.5) (NCAAB)","":null,"Total Team Bet":null,"Legends Bet":null,"Leaders Bet":null,"To Win":null,"Payout":null,"TOTALS":null,"Mitch Totals":null,"Phil Totals":null,"Bryce Totals":null,"Cory Totals":null,"JB Totals":null,"Ethan Totals":null,"Jaime Totals":null,"Nate Totals":null,"Evan Totals":null,"Brandon Totals":null},{"Week":"21","Date":"01/09/2026","Mitch Bet Amount":"$5","Mitch Win/Lose/Push":"","Mitch":"","Mitch Resolved":"","Phil Bet Amount":"$5","Phil Win/Lose/Push":"","Phil":"","Phil Resolved":"","Bryce Bet Amount":"$5","Bryce Win/Lose/Push":"","Bryce":"","Bryce Resolved":"","Cory Bet Amount":"$10","Cory Win/Lose/Push":"","Cory":"","Cory Resolved":"","JB Bet Amount":"$15","JB Win/Lose/Push":"","JB":"","JB Resolved":"","Ethan Bet Amount":"$5","Ethan Win/Lose/Push":"","Ethan":"","Ethan Resolved":"","Jaime Bet Amount":"$5","Jaime Win/Lose/Push":"","Jaime":"","Jaime Resolved":"","Nathan Bet Amount":"$15","Nathan Win/Lose/Push":"","Nathan":"","Nathan Resolved":"","Evan Bet Amount":"$5","Evan Win/Lose/Push":"","Evan":"","Evan Resolved":"","Brandon Bet Amount":"$5","Brandon Win/Lose/Push":null,"Brandon":null,"Brandon Resolved":null,"":null,"Total Team Bet":null,"Legends Bet":null,"Leaders Bet":null,"To Win":null,"Payout":null,"TOTALS":null,"Mitch Totals":null,"Phil Totals":null,"Bryce Totals":null,"Cory Totals":null,"JB Totals":null,"Ethan Totals":null,"Jaime Totals":null,"Nate Totals":null,"Evan Totals":null,"Brandon Totals":null}]
3:32:07 AM [express] GET /api/data 304 in 4ms :: [{"Week":"1","Date":"8/22/2025","Mitch Bet Amount":"$10","Mitch Win/Lose/Push":"Win","Mitch":"Kansas -14 (legends)","Mitch Resolved":"Fresno State University @ University of Kansas (University of Kansas -14)","Phil Bet Amount":"$25","Phil Win/Lose/Push":"Loss","Phil":"JB (legends)","Phil Resolved":"Tail JB","Bryce Bet Amount":"$5","Bryce Win/Lose/Push":"Loss","Bryce":"Stanford? +2.5 (legends)","Bryce Resolved":"Stanford University (Stanford University +2.5)","Cory Bet Amount":"$25","Cory Win/Lose/Push":"Win","Cory":"Rutgers over 47 (leaders)","Cory Resolved":"Rutgers University (Over 47)","JB Bet Amount":"$5","JB Win/Lose/Push":"Loss","JB":"kansas st over 52 (legends)","JB Resolved":"Fresno State University @ University of Kansas (University of Kansas -14)","Ethan Bet Amount":"$20","Ethan Win/Lose/Push":"Win","Ethan":"Mitch (legends)","Ethan Resolved":"Tail Mitch","Jaime Bet Amount":"$10","Jaime Win/Lose/Push":"Loss","Jaime":"UCF/Jax St Over 52.5 (legends)","Jaime Resolved":"Rutgers University (Over 47)","Nathan Bet Amount":"$5","Nathan Win/Lose/Push":"Loss","Nathan":"Universitario -0.5 (leaders)","Nathan Resolved":"Universitario (Universitario -0.5)","Evan Bet Amount":"$5","Evan Win/Lose/Push":"Loss","Evan":"Kansas State -3 (leaders)","Evan Resolved":"Fresno State University @ University of Kansas (University of Kansas -14)","Brandon Bet Amount":"$5","Brandon Win/Lose/Push":"Loss","Brandon":"KU/Fresno o50 (leaders)","Brandon Resolved":"University of Kansas @ Fresno State University (Over 50)","":"","Total Team Bet":"$115.00","Legends Bet":"$75.00","Leaders Bet":"$40.00","To Win":"","Payout":"","TOTALS":"Total Bet","Mitch Totals":"$205.00","Phil Totals":"$215.00","Bryce Totals":"$85.00","Cory Totals":"$105.00","JB Totals":"$135.00","Ethan Totals":"$130.00","Jaime Totals":"$140.00","Nate Totals":"$110.00","Evan Totals":"$135.00","Brandon Totals":"$110.00"},{"Week":"2","Date":"8/29/2025","Mitch Bet Amount":"$5","Mitch Win/Lose/Push":"Loss","Mitch":"Alabama -13.5 (legends)","Mitch Resolved":"University of Texas @ University of Alabama (University of Alabama -13.5)","Phil Bet Amount":"$25","Phil Win/Lose/Push":"Loss","Phil":"Mitch (legends)","Phil Resolved":"Tail Mitch","Bryce Bet Amount":"$10","Bryce Win/Lose/Push":"Win","Bryce":"Ohio st (legends)","Bryce Resolved":"Ohio State University (Ohio State University)","Cory Bet Amount":"$5","Cory Win/Lose/Push":"Win","Cory":"Maryland under  (leaders)","Cory Resolved":"University of Maryland (Under)","JB Bet Amount":"$10","JB Win/Lose/Push":"Loss","JB":"penn st under (legends)","JB Resolved":"University of Maryland (Under)","Ethan Bet Amount":"$5","Ethan Win/Lose/Push":"Win","Ethan":"Iowa under 50.5 (legends)","Ethan Resolved":"University of Maryland (Under)","Jaime Bet Amount":"$15","Jaime Win/Lose/Push":"Win","Jaime":"Tennessee -13.5 (legends)","Jaime Resolved":"University of Texas @ University of Alabama (University of Alabama -13.5)","Nathan Bet Amount":"$10","Nathan Win/Lose/Push":"Win","Nathan":"Padres -1.5 (leaders)","Nathan Resolved":"San Diego Padres (San Diego Padres -1.5)","Evan Bet Amount":"$10","Evan Win/Lose/Push":"Loss","Evan":"Texas +1.5 (leaders)","Evan Resolved":"University of Texas @ University of Alabama (University of Alabama -13.5)","Brandon Bet Amount":"$10","Brandon Win/Lose/Push":"Loss","Brandon":"Sinner -8.5 (leaders)","Brandon Resolved":"Jannik Sinner (Jannik Sinner -8.5)","":"","Total Team Bet":"$105.00","Legends Bet":"$70.00","Leaders Bet":"$35.00","To Win":"","Payout":"","TOTALS":"Total Wins","Mitch Totals":"4","Phil Totals":"5","Bryce Totals":"11","Cory Totals":"10","JB Totals":"6","Ethan Totals":"9","Jaime Totals":"7","Nate Totals":"8","Evan Totals":"7","Brandon Totals":"8"},{"Week":"3","Date":"9/5/2025","Mitch Bet Amount":"$10","Mitch Win/Lose/Push":"Loss","Mitch":"Ole Miss 1H (legends)","Mitch Resolved":"North Carolina State @ University of Mississippi (University of Mississippi -7, 1st Half)","Phil Bet Amount":"$25","Phil Win/Lose/Push":"Loss","Phil":"Ethan (legends)","Phil Resolved":"Tail Ethan","Bryce Bet Amount":"$5","Bryce Win/Lose/Push":"Win","Bryce":"Vikes","Bryce Resolved":"Minnesota Vikings (Minnesota Vikings)","Cory Bet Amount":"$5","Cory Win/Lose/Push":"Win","Cory":"MSU over (leaders)","Cory Resolved":"Michigan State University (Over)","JB Bet Amount":"$15","JB Win/Lose/Push":"Loss","JB":"Navy  (legends)","JB Resolved":"United States Naval Academy (United States Naval Academy)","Ethan Bet Amount":"$5","Ethan Win/Lose/Push":"Loss","Ethan":"USF vs Florida over (legends)","Ethan Resolved":"Michigan State University (Over)","Jaime Bet Amount":"$5","Jaime Win/Lose/Push":"Win","Jaime":"Illinois -2.5 (legends)","Jaime Resolved":"University of Illinois (University of Illinois -2.5)","Nathan Bet Amount":"$5","Nathan Win/Lose/Push":"Win","Nathan":"(NFL) Arizona -6.5 (leaders)","Nathan Resolved":"Arizona Cardinals (Arizona Cardinals -6.5)","Evan Bet Amount":"$15","Evan Win/Lose/Push":"Loss","Evan":"Iowa/ Iowa St over 43 (leaders)","Evan Resolved":"Michigan State University (Over)","Brandon Bet Amount":"$15","Brandon Win/Lose/Push":"Push","Brandon":"W US Open o22 games (leaders)","Brandon Resolved":"US Open (Over 22 Games)","":"","Total Team Bet":"$105.00","Legends Bet":"$60.00","Leaders Bet":"$40.00","To Win":"","Payout":"","TOTALS":"Total Losses","Mitch Totals":"10","Phil Totals":"7","Bryce Totals":"3","Cory Totals":"2","JB Totals":"8","Ethan Totals":"5","Jaime Totals":"7","Nate Totals":"6","Evan Totals":"6","Brandon Totals":"4"},{"Week":"4","Date":"9/12/25","Mitch Bet Amount":"$15","Mitch Win/Lose/Push":"Loss","Mitch":"Steelers (legends)","Mitch Resolved":"Cincinnati Bengals @ Pittsburgh Steelers (Pittsburgh Steelers)","Phil Bet Amount":"$25","Phil Win/Lose/Push":"Win","Phil":"Ethan (legends)","Phil Resolved":"Tail Ethan","Bryce Bet Amount":"$5","Bryce Win/Lose/Push":"Win","Bryce":"Texas A&M (legends)","Bryce Resolved":"Texas A&M University (Texas A&M University)","Cory Bet Amount":"$5","Cory Win/Lose/Push":"Win","Cory":"Eagles (leaders)","Cory Resolved":"Philadelphia Eagles (Philadelphia Eagles)","JB Bet Amount":"$20","JB Win/Lose/Push":"Win","JB":"Nate (legends)","JB Resolved":"Tail Nathan","Ethan Bet Amount":"$10","Ethan Win/Lose/Push":"Win","Ethan":"Texas tech -23 (legends)","Ethan Resolved":"Texas A&M University (Texas A&M University)","Jaime Bet Amount":"$5","Jaime Win/Lose/Push":"Loss","Jaime":"Oregon -26.5 (legends)","Jaime Resolved":"University of Oregon (University of Oregon -26.5)","Nathan Bet Amount":"$5","Nathan Win/Lose/Push":"Win","Nathan":"Rams -5.5 (leaders) ","Nathan Resolved":"Los Angeles Rams (Los Angeles Rams -5.5)","Evan Bet Amount":"$20","Evan Win/Lose/Push":"Push","Evan":"Georgia -3.5 (leaders) ","Evan Resolved":"University of Georgia (University of Georgia -3.5)","Brandon Bet Amount":"$15","Brandon Win/Lose/Push":"Win","Brandon":"Man City -0.75 (leaders) ","Brandon Resolved":"Manchester City (Manchester City -0.75)","":"","Total Team Bet":"$125.00","Legends Bet":"$80.00","Leaders Bet":"$45.00","To Win":"","Payout":"$325.00","TOTALS":"Total Pushes","Mitch Totals":"0","Phil Totals":"2","Bryce Totals":"0","Cory Totals":"2","JB Totals":"0","Ethan Totals":"0","Jaime Totals":"0","Nate Totals":"0","Evan Totals":"1","Brandon Totals":"2"},{"Week":"5","Date":"9/19/25","Mitch Bet Amount":"$20","Mitch Win/Lose/Push":"Loss","Mitch":"JB (legends)","Mitch Resolved":"Tail JB","Phil Bet Amount":"$5","Phil Win/Lose/Push":"Loss","Phil":"Fresno (leaders)","Phil Resolved":"Fresno State University (Fresno State University)","Bryce Bet Amount":"$5","Bryce Win/Lose/Push":"Win","Bryce":"South Carolina (legends)","Bryce Resolved":"University of South Carolina (University of South Carolina)","Cory Bet Amount":"$5","Cory Win/Lose/Push":"Win","Cory":"Indiana (legends)","Cory Resolved":"Indiana University (Indiana University)","JB Bet Amount":"$5","JB Win/Lose/Push":"Loss","JB":"ATL Falcons (legends)","JB Resolved":"Atlanta Falcons (Atlanta Falcons)","Ethan Bet Amount":"$5","Ethan Win/Lose/Push":"Loss","Ethan":"Texans (legends)","Ethan Resolved":"Houston Texans (Houston Texans)","Jaime Bet Amount":"$10","Jaime Win/Lose/Push":"Loss","Jaime":"Packers -7.5 (legends) ","Jaime Resolved":"Green Bay Packers (Green Bay Packers -7.5)","Nathan Bet Amount":"$5","Nathan Win/Lose/Push":"Loss","Nathan":"49ers -2.5 (leaders)","Nathan Resolved":"San Francisco 49ers (San Francisco 49ers -2.5)","Evan Bet Amount":"$20","Evan Win/Lose/Push":"Win","Evan":"Florida/Miami Under 50.5 (leaders)","Evan Resolved":"University of Florida @ University of Miami (Under 50.5)","Brandon Bet Amount":"$5","Brandon Win/Lose/Push":"Loss","Brandon":"Nebraska +1 (leaders)","Brandon Resolved":"University of Nebraska (University of Nebraska +1)","":"","Total Team Bet":"$85.00","Legends Bet":"$50.00","Leaders Bet":"$35.00","To Win":"","Payout":"","TOTALS":"Win Percentage","Mitch Totals":"28.57%","Phil Totals":"41.67%","Bryce Totals":"78.57%","Cory Totals":"83.33%","JB Totals":"42.86%","Ethan Totals":"64.29%","Jaime Totals":"50.00%","Nate Totals":"57.14%","Evan Totals":"53.85%","Brandon Totals":"66.67%"},{"Week":"6","Date":"9/26/25","Mitch Bet Amount":"$25","Mitch Win/Lose/Push":"Loss","Mitch":"Ethan (legends) ","Mitch Resolved":"Tail Ethan","Phil Bet Amount":"$10","Phil Win/Lose/Push":"Loss","Phil":"Alabama/Georgia over (leaders) ","Phil Resolved":"University of Alabama @ University of Georgia (Over)","Bryce Bet Amount":"$5","Bryce Win/Lose/Push":"Loss","Bryce":"Vikings (legends) ","Bryce Resolved":"Minnesota Vikings (Minnesota Vikings)","Cory Bet Amount":"$5","Cory Win/Lose/Push":"Win","Cory":"NW/UCLA under (legends) ","Cory Resolved":"Northwestern University @ University of California Los Angeles (Under)","JB Bet Amount":"$10","JB Win/Lose/Push":"Loss","JB":"San Fran 49ers (legends) ","JB Resolved":"San Francisco 49ers (San Francisco 49ers)","Ethan Bet Amount":"$10","Ethan Win/Lose/Push":"Loss","Ethan":"Georgia (legends) ","Ethan Resolved":"University of Alabama @ University of Georgia (Over)","Jaime Bet Amount":"$15","Jaime Win/Lose/Push":"Loss","Jaime":"PSU Under 53.5 (legends) ","Jaime Resolved":"Northwestern University @ University of California Los Angeles (Under)","Nathan Bet Amount":"$10","Nathan Win/Lose/Push":"Loss","Nathan":"Chargers -6.5 (leaders) ","Nathan Resolved":"Los Angeles Chargers (Los Angeles Chargers -6.5)","Evan Bet Amount":"$5","Evan Win/Lose/Push":"Win","Evan":"Colorado/BYU under 49.5 (leaders) ","Evan Resolved":"Northwestern University @ University of California Los Angeles (Under)","Brandon Bet Amount":"$10","Brandon Win/Lose/Push":"Win","Brandon":"(leaders) Iowa +8.5 ","Brandon Resolved":"University of Iowa (University of Iowa +8.5)","":"","Total Team Bet":"$105.00","Legends Bet":"$70.00","Leaders Bet":"$35.00","To Win":null,"Payout":null,"TOTALS":null,"Mitch Totals":null,"Phil Totals":null,"Bryce Totals":null,"Cory Totals":null,"JB Totals":null,"Ethan Totals":null,"Jaime Totals":null,"Nate Totals":null,"Evan Totals":null,"Brandon Totals":null},{"Week":"7","Date":"10/3/25","Mitch Bet Amount":"$25","Mitch Win/Lose/Push":"Loss","Mitch":"Miami/FSU over (leaders) ","Mitch Resolved":"University of Miami @ Florida State University (Over)","Phil Bet Amount":"$15","Phil Win/Lose/Push":"Loss","Phil":"Texas/Florida Under (leaders) ","Phil Resolved":"University of Texas @ University of Florida (Under)","Bryce Bet Amount":"$10","Bryce Win/Lose/Push":"Win","Bryce":"Vikings Again? (legends) ","Bryce Resolved":"Minnesota Vikings (Minnesota Vikings)","Cory Bet Amount":"$5","Cory Win/Lose/Push":"Win","Cory":"Lions if below 10.5 (legends) ","Cory Resolved":"Detroit Lions (if below 10.5)","JB Bet Amount":"$15","JB Win/Lose/Push":"Win","JB":"Illinois (leaders) ","JB Resolved":"University of Illinois (University of Illinois)","Ethan Bet Amount":"$15","Ethan Win/Lose/Push":"Loss","Ethan":"Cal (legends) ","Ethan Resolved":"University of California Berkeley (University of California Berkeley)","Jaime Bet Amount":"$20","Jaime Win/Lose/Push":"Win","Jaime":"Texas Tech -11.5 (leaders) ","Jaime Resolved":"University of Texas @ University of Florida (Under)","Nathan Bet Amount":"$15","Nathan Win/Lose/Push":"Win","Nathan":"Tail Cory (legends) ","Nathan Resolved":"Tail Cory (legends)","Evan Bet Amount":"$5","Evan Win/Lose/Push":"Loss","Evan":"Texas -5.5 (legends) ","Evan Resolved":"University of Texas @ University of Florida (Under)","Brandon Bet Amount":"$5","Brandon Win/Lose/Push":"Win","Brandon":"Wisconsin +17.5 (legends) ","Brandon Resolved":"University of Wisconsin (University of Wisconsin +17.5)","":"","Total Team Bet":"$130.00","Legends Bet":"$55.00","Leaders Bet":"$75.00","To Win":null,"Payout":null,"TOTALS":null,"Mitch Totals":null,"Phil Totals":null,"Bryce Totals":null,"Cory Totals":null,"JB Totals":null,"Ethan Totals":null,"Jaime Totals":null,"Nate Totals":null,"Evan Totals":null,"Brandon Totals":null},{"Week":"8","Date":"10/10/25","Mitch Bet Amount":"$25","Mitch Win/Lose/Push":"Loss","Mitch":"Oregon (quack quack quack) (leaders)  ","Mitch Resolved":"University of Washington @ University of Oregon (University of Oregon)","Phil Bet Amount":"$20","Phil Win/Lose/Push":"Push","Phil":"Minnesota (leaders)  ","Phil Resolved":"University of Minnesota (University of Minnesota)","Bryce Bet Amount":"$5","Bryce Win/Lose/Push":"Loss","Bryce":"Lions  (legends) ","Bryce Resolved":"Detroit Lions (Detroit Lions)","Cory Bet Amount":"$5","Cory Win/Lose/Push":"Push","Cory":"Bama (legends)  ","Cory Resolved":"University of Alabama (University of Alabama)","JB Bet Amount":"$5","JB Win/Lose/Push":"Loss","JB":"unlv (leaders)  ","JB Resolved":"University of Nevada Las Vegas (University of Nevada Las Vegas)","Ethan Bet Amount":"$20","Ethan Win/Lose/Push":"Win","Ethan":"Brandon (legends)  ","Ethan Resolved":"Tail Brandon","Jaime Bet Amount":"$5","Jaime Win/Lose/Push":"Win","Jaime":"Texas A&M -7.5 (legends)  ","Jaime Resolved":"Texas A&M University (Texas A&M University -7.5)","Nathan Bet Amount":"$5","Nathan Win/Lose/Push":"Loss","Nathan":"Bills -4.5 (legends) ","Nathan Resolved":"Buffalo Bills (Buffalo Bills -4.5)","Evan Bet Amount":"$10","Evan Win/Lose/Push":"Win","Evan":"Pitt +10 (leaders)  ","Evan Resolved":"University of Pittsburgh (University of Pittsburgh +10)","Brandon Bet Amount":"$5","Brandon Win/Lose/Push":"Win","Brandon":"USC -2.5 (legends)  ","Brandon Resolved":"University of Southern California (University of Southern California -2.5)","":"","Total Team Bet":"$105.00","Legends Bet":"$45.00","Leaders Bet":"$60.00","To Win":null,"Payout":null,"TOTALS":null,"Mitch Totals":null,"Phil Totals":null,"Bryce Totals":null,"Cory Totals":null,"JB Totals":null,"Ethan Totals":null,"Jaime Totals":null,"Nate Totals":null,"Evan Totals":null,"Brandon Totals":null},{"Week":"9","Date":"10/17/25","Mitch Bet Amount":"$25","Mitch Win/Lose/Push":"Win","Mitch":"Bryce (leaders)","Mitch Resolved":"Tail Bryce","Phil Bet Amount":"$20","Phil Win/Lose/Push":"Push","Phil":"Notre Dame (leaders) ","Phil Resolved":"University of Notre Dame (University of Notre Dame)","Bryce Bet Amount":"$10","Bryce Win/Lose/Push":"Win","Bryce":"Missouri -1 (buy the half point, still -120)😉 (legends) ","Bryce Resolved":"University of Missouri (University of Missouri -1)","Cory Bet Amount":"$5","Cory Win/Lose/Push":"Win","Cory":"Bears (legends) ","Cory Resolved":"Chicago Bears (Chicago Bears)","JB Bet Amount":"$10","JB Win/Lose/Push":"Loss","JB":"texas tech (leaders) ","JB Resolved":"Texas Tech University (Texas Tech University)","Ethan Bet Amount":"$5","Ethan Win/Lose/Push":"Loss","Ethan":"Nebraska (legends) ","Ethan Resolved":"University of Nebraska (University of Nebraska)","Jaime Bet Amount":"$5","Jaime Win/Lose/Push":"Win","Jaime":"Indiana Over 49.5 (legends) ","Jaime Resolved":"Indiana University (Over 49.5)","Nathan Bet Amount":"$10","Nathan Win/Lose/Push":"Win","Nathan":"Patriots -7 (legends) ","Nathan Resolved":"New England Patriots (New England Patriots -7)","Evan Bet Amount":"$5","Evan Win/Lose/Push":"Loss","Evan":"Texas Tech -7.5 (leaders) ","Evan Resolved":"Texas Tech University (Texas Tech University)","Brandon Bet Amount":"$5","Brandon Win/Lose/Push":"Loss","Brandon":"LSU +2.5 (legends) ","Brandon Resolved":"Louisiana State University (Louisiana State University +2.5)","":"","Total Team Bet":"$100.00","Legends Bet":"$40.00","Leaders Bet":"$60.00","To Win":null,"Payout":null,"TOTALS":null,"Mitch Totals":null,"Phil Totals":null,"Bryce Totals":null,"Cory Totals":null,"JB Totals":null,"Ethan Totals":null,"Jaime Totals":null,"Nate Totals":null,"Evan Totals":null,"Brandon Totals":null},{"Week":"10","Date":"10/24/25","Mitch Bet Amount":"$5","Mitch Win/Lose/Push":"Loss","Mitch":"USF (leaders) ","Mitch Resolved":"San Jose State University @ University of South Florida (University of South Florida)","Phil Bet Amount":"$20","Phil Win/Lose/Push":"Win","Phil":"Texas A&M/LSU Over (leaders) ","Phil Resolved":"Texas A&M University @ Louisiana State University (Over)","Bryce Bet Amount":"$5","Bryce Win/Lose/Push":"Win","Bryce":"BYU (legends) ","Bryce Resolved":"Brigham Young University (Brigham Young University)","Cory Bet Amount":"$5","Cory Win/Lose/Push":"Loss","Cory":"Bama (legends)  ","Cory Resolved":"University of Alabama (University of Alabama)","JB Bet Amount":"$15","JB Win/Lose/Push":"Win","JB":"southern miss (leaders) ","JB Resolved":"University of Southern Mississippi (University of Southern Mississippi)","Ethan Bet Amount":"$10","Ethan Win/Lose/Push":"Win","Ethan":"Oklahoma vs ole miss over (legends) ","Ethan Resolved":"Texas A&M University @ Louisiana State University (Over)","Jaime Bet Amount":"$5","Jaime Win/Lose/Push":"Loss","Jaime":"UCLA +26 (legends) ","Jaime Resolved":"University of California Los Angeles (University of California Los Angeles +26)","Nathan Bet Amount":"$5","Nathan Win/Lose/Push":"Win","Nathan":"Chiefs -11.5 (legends) ","Nathan Resolved":"Kansas City Chiefs (Kansas City Chiefs -11.5)","Evan Bet Amount":"$10","Evan Win/Lose/Push":"Win","Evan":"Ole Miss +5.5 (leaders) ","Evan Resolved":"University of Southern Mississippi (University of Southern Mississippi)","Brandon Bet Amount":"$10","Brandon Win/Lose/Push":"Win","Brandon":"IF(Man City > -120, Man City, MSU +13.5) (legends) ","Brandon Resolved":"Kansas City Chiefs (Kansas City Chiefs -11.5)","":"","Total Team Bet":"$90.00","Legends Bet":"$40.00","Leaders Bet":"$50.00","To Win":null,"Payout":null,"TOTALS":null,"Mitch Totals":null,"Phil Totals":null,"Bryce Totals":null,"Cory Totals":null,"JB Totals":null,"Ethan Totals":null,"Jaime Totals":null,"Nate Totals":null,"Evan Totals":null,"Brandon Totals":null},{"Week":"11","Date":"10/31/25","Mitch Bet Amount":"$10","Mitch Win/Lose/Push":"Loss","Mitch":"georgia tech - tail JB (leaders)","Mitch Resolved":"Tail georgia tech - JB (leaders)","Phil Bet Amount":"$5","Phil Win/Lose/Push":"Win","Phil":"Utah (leaders)","Phil Resolved":"University of Utah (University of Utah)","Bryce Bet Amount":"$5","Bryce Win/Lose/Push":"Win","Bryce":"Timothy Cuamba (legends)","Bryce Resolved":"Timothy Cuamba (Timothy Cuamba)","Cory Bet Amount":"$10","Cory Win/Lose/Push":"Loss","Cory":"(legends) Patriots  ","Cory Resolved":"New England Patriots (New England Patriots)","JB Bet Amount":"$5","JB Win/Lose/Push":"Loss","JB":"(leaders) Georgia tech","JB Resolved":"Georgia Institute of Technology (Georgia Institute of Technology)","Ethan Bet Amount":"$5","Ethan Win/Lose/Push":"Win","Ethan":"Indiana (legends)","Ethan Resolved":"Indiana University (Indiana University)","Jaime Bet Amount":"$10","Jaime Win/Lose/Push":"Loss","Jaime":"MIA/SMU Over (legends)","Jaime Resolved":"University of Miami @ Southern Methodist University (Over)","Nathan Bet Amount":"$5","Nathan Win/Lose/Push":"Loss","Nathan":"KC -1.5 (legends) ","Nathan Resolved":"Kansas City Chiefs (Kansas City Chiefs -1.5)","Evan Bet Amount":"$5","Evan Win/Lose/Push":"Win","Evan":"Oklahoma+2.5 (leaders)","Evan Resolved":"University of Oklahoma (University of Oklahoma +2.5)","Brandon Bet Amount":"$5","Brandon Win/Lose/Push":"Push","Brandon":"Texas -3.5 (legends)","Brandon Resolved":"University of Texas (University of Texas -3.5)","":"","Total Team Bet":"$65.00","Legends Bet":"$40.00","Leaders Bet":"$25.00","To Win":null,"Payout":null,"TOTALS":null,"Mitch Totals":null,"Phil Totals":null,"Bryce Totals":null,"Cory Totals":null,"JB Totals":null,"Ethan Totals":null,"Jaime Totals":null,"Nate Totals":null,"Evan Totals":null,"Brandon Totals":null},{"Week":"12","Date":"11/7/25","Mitch Bet Amount":"$15","Mitch Win/Lose/Push":"Win","Mitch":"Wake Forest  (leaders) ","Mitch Resolved":"Stanford University @ Wake Forest University (Wake Forest University)","Phil Bet Amount":"$5","Phil Win/Lose/Push":"Loss","Phil":"Oregon (leaders) ","Phil Resolved":"University of Oregon (University of Oregon)","Bryce Bet Amount":"$5","Bryce Win/Lose/Push":"Win","Bryce":"(legends) UL LAFAYETTE ","Bryce Resolved":"University of Louisiana Lafayette (University of Louisiana Lafayette)","Cory Bet Amount":"$15","Cory Win/Lose/Push":"Win","Cory":"Wash/wi under (legends) ","Cory Resolved":"University of Washington @ University of Wisconsin (Under)","JB Bet Amount":"$10","JB Win/Lose/Push":"Win","JB":"stanford under (leaders) ","JB Resolved":"Stanford University @ Wake Forest University (Wake Forest University)","Ethan Bet Amount":"$5","Ethan Win/Lose/Push":"Win","Ethan":"Vandy (legends) ","Ethan Resolved":"Vanderbilt University (Vanderbilt University)","Jaime Bet Amount":"$15","Jaime Win/Lose/Push":"Win","Jaime":"Texas A&M -6.5 (leaders) ","Jaime Resolved":"Texas A&M University (Texas A&M University -6.5)","Nathan Bet Amount":"$10","Nathan Win/Lose/Push":"Win","Nathan":"LAR (legends) ","Nathan Resolved":"Los Angeles Rams (Los Angeles Rams)","Evan Bet Amount":"$5","Evan Win/Lose/Push":"Loss","Evan":"BYU +12 (legends) ","Evan Resolved":"Brigham Young University (Brigham Young University +12)","Brandon Bet Amount":"$5","Brandon Win/Lose/Push":"Win","Brandon":"Penn State (legends) ","Brandon Resolved":"Penn State University (Penn State University)","":"","Total Team Bet":"$90.00","Legends Bet":"$45.00","Leaders Bet":"$45.00","To Win":null,"Payout":null,"TOTALS":null,"Mitch Totals":null,"Phil Totals":null,"Bryce Totals":null,"Cory Totals":null,"JB Totals":null,"Ethan Totals":null,"Jaime Totals":null,"Nate Totals":null,"Evan Totals":null,"Brandon Totals":null},{"Week":"13","Date":"11/14/25","Mitch Bet Amount":"$5","Mitch Win/Lose/Push":"Loss","Mitch":"San Jose St. (leaders)","Mitch Resolved":"University of Nevada Las Vegas @ San Jose State University (San Jose State University)","Phil Bet Amount":"$10","Phil Win/Lose/Push":"Win","Phil":"Penn State (leaders) ","Phil Resolved":"University of Nevada Las Vegas @ San Jose State University (San Jose State University)","Bryce Bet Amount":"$5","Bryce Win/Lose/Push":"Win","Bryce":"(legends) Arizona ","Bryce Resolved":"University of Arizona (University of Arizona)","Cory Bet Amount":"$5","Cory Win/Lose/Push":"Push","Cory":"(legends) Ravens  ","Cory Resolved":"Baltimore Ravens (Baltimore Ravens)","JB Bet Amount":"$5","JB Win/Lose/Push":"Win","JB":"(leaders) Iowa under ","JB Resolved":"University of Iowa (Under)","Ethan Bet Amount":"$5","Ethan Win/Lose/Push":"Win","Ethan":"Georgia (legends) ","Ethan Resolved":"University of Georgia (University of Georgia)","Jaime Bet Amount":"$5","Jaime Win/Lose/Push":"Win","Jaime":"Texas A&M/SC Over (legends) ","Jaime Resolved":"Texas A&M University @ University of South Carolina (Over)","Nathan Bet Amount":"$5","Nathan Win/Lose/Push":"Loss","Nathan":"Texans (legends) ","Nathan Resolved":"Houston Texans (Houston Texans)","Evan Bet Amount":"$10","Evan Win/Lose/Push":"Win","Evan":"BYU -3 (leaders) ","Evan Resolved":"Brigham Young University (Brigham Young University -3)","Brandon Bet Amount":"$5","Brandon Win/Lose/Push":"Win","Brandon":"Northwestern +11.5 (legends) ","Brandon Resolved":"Northwestern University (Northwestern University +11.5)","":"","Total Team Bet":"$60.00","Legends Bet":"$30.00","Leaders Bet":"$30.00","To Win":null,"Payout":null,"TOTALS":null,"Mitch Totals":null,"Phil Totals":null,"Bryce Totals":null,"Cory Totals":null,"JB Totals":null,"Ethan Totals":null,"Jaime Totals":null,"Nate Totals":null,"Evan Totals":null,"Brandon Totals":null},{"Week":"14","Date":"11/21/25","Mitch Bet Amount":"$10","Mitch Win/Lose/Push":"Win","Mitch":"Bryce (leaders)","Mitch Resolved":"Tail Bryce","Phil Bet Amount":"$5","Phil Win/Lose/Push":"Win","Phil":"Michigan (leaders)","Phil Resolved":"University of Michigan (University of Michigan)","Bryce Bet Amount":"$5","Bryce Win/Lose/Push":"Win","Bryce":"Duke (legends)","Bryce Resolved":"Duke University (Duke University)","Cory Bet Amount":"$5","Cory Win/Lose/Push":"Win","Cory":"Utah KSU. Over (legends)","Cory Resolved":"Kansas State University @ University of Utah (Over)","JB Bet Amount":"$5","JB Win/Lose/Push":"Win","JB":"Brandon (leaders)","JB Resolved":"Tail Brandon","Ethan Bet Amount":"$5","Ethan Win/Lose/Push":"Win","Ethan":"Bengals (legends)","Ethan Resolved":"Cincinnati Bengals (Cincinnati Bengals)","Jaime Bet Amount":"$5","Jaime Win/Lose/Push":"Loss","Jaime":"Texas A&M/Samford Over (legends)","Jaime Resolved":"Kansas State University @ University of Utah (Over)","Nathan Bet Amount":"$10","Nathan Win/Lose/Push":"Win","Nathan":"Rams (legends)","Nathan Resolved":"Los Angeles Rams (Los Angeles Rams)","Evan Bet Amount":"$5","Evan Win/Lose/Push":"Win","Evan":"Tennessee -4 (leaders)","Evan Resolved":"University of Tennessee (University of Tennessee -4)","Brandon Bet Amount":"$5","Brandon Win/Lose/Push":"Win","Brandon":"BYU (legends)","Brandon Resolved":"Brigham Young University (Brigham Young University)","":"","Total Team Bet":"$60.00","Legends Bet":"$35.00","Leaders Bet":"$25.00","To Win":"","Payout":"$87.38","TOTALS":null,"Mitch Totals":null,"Phil Totals":null,"Bryce Totals":null,"Cory Totals":null,"JB Totals":null,"Ethan Totals":null,"Jaime Totals":null,"Nate Totals":null,"Evan Totals":null,"Brandon Totals":null},{"Week":"15","Date":"11/28/25","Mitch Bet Amount":"$5","Mitch Win/Lose/Push":"W","Mitch":"Alabama -110 (leaders)","Mitch Resolved":"Alabama Crimson Tide @ Auburn Tigers (Alabama Crimson Tide -5)","Phil Bet Amount":"$5","Phil Win/Lose/Push":"W","Phil":"Oregon (leaders) ","Phil Resolved":"Oregon Ducks @ Washington Huskies","Bryce Bet Amount":"$5","Bryce Win/Lose/Push":"L","Bryce":"vikes (NFL) (legends)","Bryce Resolved":"Minnesota Vikings @ Seattle Seahawks (Minnesota Vikings +11.5)","Cory Bet Amount":"$5","Cory Win/Lose/Push":"W","Cory":"houston (NCAAF) (legends)","Cory Resolved":"Houston Cougars @ Baylor Bears (Houston Cougars +2.5)","JB Bet Amount":"$5","JB Win/Lose/Push":"W","JB":"NW/Illinois under (leaders) (leaders)","JB Resolved":"Northwestern Wildcats @ Illinois Fighting Illini (Under 45.5)","Ethan Bet Amount":"$5","Ethan Win/Lose/Push":"W","Ethan":"ohio state -110 (legends)","Ethan Resolved":"Ohio State Buckeyes @ Michigan Wolverines (Ohio State Buckeyes -9.5)","Jaime Bet Amount":"$10","Jaime Win/Lose/Push":"L","Jaime":"OK/LSU Over -110 (leaders)","Jaime Resolved":"LSU Tigers @ Oklahoma Sooners (Over 36.5)","Nathan Bet Amount":"$5","Nathan Win/Lose/Push":"L","Nathan":"Browns  -110 (legends)","Nathan Resolved":"San Francisco 49ers @ Cleveland Browns (Cleveland Browns +6)","Evan Bet Amount":"$5","Evan Win/Lose/Push":"L","Evan":"Pitt +7 (NCAAF) (legends)","Evan Resolved":"Miami Hurricanes @ Pittsburgh Panthers (Pittsburgh Panthers +7)","Brandon Bet Amount":"$5","Brandon Win/Lose/Push":"W","Brandon":"Ethan (legends)","Brandon Resolved":"Ethan","":"","Total Team Bet":"$30.00","Legends Bet":"$0.00","Leaders Bet":"$0.00","To Win":null,"Payout":null,"TOTALS":null,"Mitch Totals":null,"Phil Totals":null,"Bryce Totals":null,"Cory Totals":null,"JB Totals":null,"Ethan Totals":null,"Jaime Totals":null,"Nate Totals":null,"Evan Totals":null,"Brandon Totals":null},{"Week":"16","Date":"12/5/25","Mitch Bet Amount":"$5","Mitch Win/Lose/Push":"W","Mitch":"Louisville | -4.5 (NCAAB) (leaders)","Mitch Resolved":"Indiana Hoosiers @ Louisville Cardinals (Louisville Cardinals -4.5)","Phil Bet Amount":"$5","Phil Win/Lose/Push":"W","Phil":"Miami-Ohio | under 43 (NCAAF) (leaders)","Phil Resolved":"Miami (OH) RedHawks @ Western Michigan Broncos (Under 43)","Bryce Bet Amount":"$10","Bryce Win/Lose/Push":"W","Bryce":"Georgia | -2 (NCAAF) (legends)","Bryce Resolved":"Georgia Bulldogs @ Alabama Crimson Tide (Georgia Bulldogs -2)","Cory Bet Amount":"$5","Cory Win/Lose/Push":"L","Cory":"Virginia | -4 (NCAAF) (legends)","Cory Resolved":"Duke Blue Devils @ Virginia Cavaliers (Virginia Cavaliers -4)","JB Bet Amount":"$5","JB Win/Lose/Push":"L","JB":"montana/montana st over 53.5","JB Resolved":"montana @ montana st (Over 53.5)","Ethan Bet Amount":"$5","Ethan Win/Lose/Push":"W","Ethan":"Jaguars | +2 (NFL) (legends)","Ethan Resolved":"Indianapolis Colts @ Jacksonville Jaguars (Jacksonville Jaguars +2)","Jaime Bet Amount":"$15","Jaime Win/Lose/Push":"L","Jaime":"Packers/Bears | under 44 (NFL) (leaders)","Jaime Resolved":"Chicago Bears @ Green Bay Packers (Under 44)","Nathan Bet Amount":"$10","Nathan Win/Lose/Push":"W","Nathan":"Texans | +3.5 (NFL) (legends)","Nathan Resolved":"Houston Texans @ Kansas City Chiefs (Houston Texans +3.5)","Evan Bet Amount":"$10","Evan Win/Lose/Push":"L","Evan":"Georgia Alabama | under 48 (NCAAF) (legends)","Evan Resolved":"Georgia Bulldogs @ Alabama Crimson Tide (Under 48)","Brandon Bet Amount":"$5","Brandon Win/Lose/Push":"L","Brandon":"OSU | -3 (NCAAF) (legends)","Brandon Resolved":"Indiana Hoosiers @ Ohio State Buckeyes (Ohio State Buckeyes -3)","":"","Total Team Bet":"$0.00","Legends Bet":"$0.00","Leaders Bet":"$0.00","To Win":null,"Payout":null,"TOTALS":null,"Mitch Totals":null,"Phil Totals":null,"Bryce Totals":null,"Cory Totals":null,"JB Totals":null,"Ethan Totals":null,"Jaime Totals":null,"Nate Totals":null,"Evan Totals":null,"Brandon Totals":null},{"Week":"17","Date":"12/12/2025","Mitch Bet Amount":"$5","Mitch Win/Lose/Push":"L","Mitch":"Navy -6 (leaders)","Mitch Resolved":"(Navy -6)","Phil Bet Amount":"$5","Phil Win/Lose/Push":"W","Phil":"Army/Navy Under 38 (leaders)","Phil Resolved":"(Under 38)","Bryce Bet Amount":"$5","Bryce Win/Lose/Push":"W","Bryce":"Brandon (legends)","Bryce Resolved":"Tail Brandon","Cory Bet Amount":"$10","Cory Win/Lose/Push":"L","Cory":"Houston/az under 42.5 (legends)","Cory Resolved":"Houston Texans Arizona Cardinals (Under 42.5)","JB Bet Amount":"$5","JB Win/Lose/Push":"P","JB":"zaga -10 (leaders)","JB Resolved":"UCLA Bruins @ Gonzaga Bulldogs (Gonzaga -10)","Ethan Bet Amount":"$5","Ethan Win/Lose/Push":"L","Ethan":"Creighton -4 (legends)","Ethan Resolved":"Kansas St. Wildcats @ Creighton Bluejays (Creighton -4)","Jaime Bet Amount":"$20","Jaime Win/Lose/Push":"W","Jaime":"Packers/Broncos Over 43 (leaders)","Jaime Resolved":"Green Bay Packers Denver Broncos (Over 43)","Nathan Bet Amount":"$5","Nathan Win/Lose/Push":"L","Nathan":"Packers -2 (legends)","Nathan Resolved":"Green Bay Packers Denver Broncos (Green Bay Packers -2)","Evan Bet Amount":"$15","Evan Win/Lose/Push":"W","Evan":"Michigan St Penn St under 145 (legends)","Evan Resolved":"Michigan St. Spartans Penn State Nittany Lions (Under 145)","Brandon Bet Amount":"$10","Brandon Win/Lose/Push":"W","Brandon":"Man City -.5 (legends)","Brandon Resolved":"Crystal Palace F.C. @ Manchester City Football Club (Manchester City -.5)","":null,"Total Team Bet":null,"Legends Bet":null,"Leaders Bet":null,"To Win":null,"Payout":null,"TOTALS":null,"Mitch Totals":null,"Phil Totals":null,"Bryce Totals":null,"Cory Totals":null,"JB Totals":null,"Ethan Totals":null,"Jaime Totals":null,"Nate Totals":null,"Evan Totals":null,"Brandon Totals":null},{"Week":"18","Date":"12/19/2025","Mitch Bet Amount":"$10","Mitch Win/Lose/Push":"L","Mitch":"unc | -3.5 (NCAAB) (leaders)","Mitch Resolved":"Ohio State Buckeyes @ North Carolina Tar Heels (North Carolina Tar Heels -3.5)","Phil Bet Amount":"$5","Phil Win/Lose/Push":"L","Phil":"Utah State/Wash State | Under 50 (NCAAF) (legends)","Phil Resolved":"Washington State Cougars @ Utah State Aggies (Under 50)","Bryce Bet Amount":"$5","Bryce Win/Lose/Push":"L","Bryce":"Utah State | -1 (NCAAF) (legends)","Bryce Resolved":"Washington State Cougars @ Utah State Aggies (Utah State Aggies -1)","Cory Bet Amount":"$15","Cory Win/Lose/Push":"W","Cory":"Unlv/Ohio under | under 65.5 (NCAAF) (legends)","Cory Resolved":"Unlv/Ohio under (Under 65.5)","JB Bet Amount":"$5","JB Win/Lose/Push":"W","JB":"montana/montana st over 53.5","JB Resolved":"Montana Grizzlies @ Montana State Bobcats (Over 53.5)","Ethan Bet Amount":"$10","Ethan Win/Lose/Push":"W","Ethan":"Gophers | -2 (NCAAF) (legends)","Ethan Resolved":"New Mexico Lobos @ Minnesota Golden Gophers (Minnesota Golden Gophers -2)","Jaime Bet Amount":"$5","Jaime Win/Lose/Push":"W","Jaime":"49ers | -5.5 (NFL) (leaders)","Jaime Resolved":"San Francisco 49ers @ Indianapolis Colts (San Francisco 49ers -5.5)","Nathan Bet Amount":"$10","Nathan Win/Lose/Push":"W","Nathan":"Vikes | -2.5 (NFL) (legends)","Nathan Resolved":"Minnesota Vikings @ New York Giants (Minnesota Vikings -2.5)","Evan Bet Amount":"$5","Evan Win/Lose/Push":"W","Evan":"TAM Miami | under 48 (NCAAF) (leaders)","Evan Resolved":"Miami Hurricanes @ Texas A&M Aggies (Under 48)","Brandon Bet Amount":"$5","Brandon Win/Lose/Push":"L","Brandon":"TAM | -3 (NCAAF) (legends)","Brandon Resolved":"TAM (TAM -3)","":null,"Total Team Bet":null,"Legends Bet":null,"Leaders Bet":null,"To Win":null,"Payout":null,"TOTALS":null,"Mitch Totals":null,"Phil Totals":null,"Bryce Totals":null,"Cory Totals":null,"JB Totals":null,"Ethan Totals":null,"Jaime Totals":null,"Nate Totals":null,"Evan Totals":null,"Brandon Totals":null},{"Week":"19","Date":"12/26/2025","Mitch Bet Amount":"$15","Mitch Win/Lose/Push":"W","Mitch":"Navy | -7 (NCAAF) (leaders)","Mitch Resolved":"Navy Midshipmen @ Cincinnati Bearcats (Navy Midshipmen -7)","Phil Bet Amount":"$10","Phil Win/Lose/Push":"L","Phil":"North Texas / San Diego St | Under 52.5 (NCAAF) (leaders)","Phil Resolved":"North Texas Mean Green @ San Diego State Aztecs (Under 52.5)","Bryce Bet Amount":"$10","Bryce Win/Lose/Push":"L","Bryce":"Arizona | +7 (NFL) (legends)","Bryce Resolved":"Arizona Cardinals @ Cincinnati Bengals (Arizona Cardinals +7)","Cory Bet Amount":"$5","Cory Win/Lose/Push":"W","Cory":"Oregon/tt | under 52.5 (NCAAF) (legends)","Cory Resolved":"Oregon @ tt (Under 52.5)","JB Bet Amount":"$5","JB Win/Lose/Push":"L","JB":"Vandy Baby! | -4.5 (NCAAF) (leaders)","JB Resolved":"Vandy Baby! (Vandy Baby! -4.5)","Ethan Bet Amount":"$5","Ethan Win/Lose/Push":"L","Ethan":"Georgia | -6 (NCAAF) (legends)","Ethan Resolved":"Georgia Tech Yellow Jackets @ BYU Cougars (Georgia Tech Yellow Jackets -6)","Jaime Bet Amount":"$5","Jaime Win/Lose/Push":"W","Jaime":"49ers | -3 (NFL) (leaders)","Jaime Resolved":"Chicago Bears @ San Francisco 49ers (San Francisco 49ers -3)","Nathan Bet Amount":"$5","Nathan Win/Lose/Push":"L","Nathan":"Packers | -3 (NFL) (legends)","Nathan Resolved":"Baltimore Ravens @ Green Bay Packers (Green Bay Packers -3)","Evan Bet Amount":"$5","Evan Win/Lose/Push":"L","Evan":"texas tech | +2 (NCAAF) (legends)","Evan Resolved":"Oregon Ducks @ Texas Tech Red Raiders (Texas Tech Red Raiders +2)","Brandon Bet Amount":"$10","Brandon Win/Lose/Push":"W","Brandon":"Texans | +2 (NFL) (legends)","Brandon Resolved":"Houston Texans @ Los Angeles Chargers (Houston Texans +2)","":null,"Total Team Bet":null,"Legends Bet":null,"Leaders Bet":null,"To Win":null,"Payout":null,"TOTALS":null,"Mitch Totals":null,"Phil Totals":null,"Bryce Totals":null,"Cory Totals":null,"JB Totals":null,"Ethan Totals":null,"Jaime Totals":null,"Nate Totals":null,"Evan Totals":null,"Brandon Totals":null},{"Week":"20","Date":"01/02/2026","Mitch Bet Amount":"$5","Mitch Win/Lose/Push":"W","Mitch":"Alabama (NCAAB) (leaders)","Mitch Resolved":"Kentucky Wildcats @ Alabama Crimson Tide (Alabama Crimson Tide -5.5) (NCAAB)","Phil Bet Amount":"$15","Phil Win/Lose/Push":"W","Phil":"Illinois State/Montana State Over (leaders)","Phil Resolved":"Illinois State Redbirds @ Montana State Bobcats (Over 56.5) (FCS)","Bryce Bet Amount":"$15","Bryce Win/Lose/Push":"W","Bryce":"Indiana (legends)","Bryce Resolved":"Oregon @ Indiana (Indiana -4)","Cory Bet Amount":"$5","Cory Win/Lose/Push":"L","Cory":"49ers (legends)","Cory Resolved":"Seattle Seahawks @ San Francisco 49ers ( San Franscisco 49ers +3)","JB Bet Amount":"$10","JB Win/Lose/Push":"L","JB":"montana st - buy the half point (leaders)","JB Resolved":"Illinois State Redbirds @ Montana State Bobcats (Montana State Bobcats -10) (FCS)","Ethan Bet Amount":"$10","Ethan Win/Lose/Push":"W","Ethan":"Timberwolves (legends)","Ethan Resolved":"Minnesota Timberwolves @ Miami Heat (Minnesota Timberwolves -3) (NBA)","Jaime Bet Amount":"$5","Jaime Win/Lose/Push":"W","Jaime":"Steelers/Ravens Over (legends)","Jaime Resolved":"Baltimore Ravens @ Pittsburgh Steelers (Over 41) (NFL)","Nathan Bet Amount":"$10","Nathan Win/Lose/Push":"L","Nathan":"Bengals (legends)","Nathan Resolved":"Cleveland Browns @ Cincinnati Bengals (Cincinnati Bengals -7) (NFL)","Evan Bet Amount":"$10","Evan Win/Lose/Push":"W","Evan":"Virginia Tech +5.5 (leaders)","Evan Resolved":"Virginia Tech Hokies @ Wake Forest Demon Deacons (Virginia Tech Hokies +5.5) (NCAAB)","Brandon Bet Amount":"$5","Brandon Win/Lose/Push":"W","Brandon":"Iowa -6.5 (legends)","Brandon Resolved":"UCLA Bruins @ Iowa Hawkeyes (Iowa Hawkeyes -6.5) (NCAAB)","":null,"Total Team Bet":null,"Legends Bet":null,"Leaders Bet":null,"To Win":null,"Payout":null,"TOTALS":null,"Mitch Totals":null,"Phil Totals":null,"Bryce Totals":null,"Cory Totals":null,"JB Totals":null,"Ethan Totals":null,"Jaime Totals":null,"Nate Totals":null,"Evan Totals":null,"Brandon Totals":null},{"Week":"21","Date":"01/09/2026","Mitch Bet Amount":"$5","Mitch Win/Lose/Push":"","Mitch":"","Mitch Resolved":"","Phil Bet Amount":"$5","Phil Win/Lose/Push":"","Phil":"","Phil Resolved":"","Bryce Bet Amount":"$5","Bryce Win/Lose/Push":"","Bryce":"","Bryce Resolved":"","Cory Bet Amount":"$10","Cory Win/Lose/Push":"","Cory":"","Cory Resolved":"","JB Bet Amount":"$15","JB Win/Lose/Push":"","JB":"","JB Resolved":"","Ethan Bet Amount":"$5","Ethan Win/Lose/Push":"","Ethan":"","Ethan Resolved":"","Jaime Bet Amount":"$5","Jaime Win/Lose/Push":"","Jaime":"","Jaime Resolved":"","Nathan Bet Amount":"$15","Nathan Win/Lose/Push":"","Nathan":"","Nathan Resolved":"","Evan Bet Amount":"$5","Evan Win/Lose/Push":"","Evan":"","Evan Resolved":"","Brandon Bet Amount":"$5","Brandon Win/Lose/Push":null,"Brandon":null,"Brandon Resolved":null,"":null,"Total Team Bet":null,"Legends Bet":null,"Leaders Bet":null,"To Win":null,"Payout":null,"TOTALS":null,"Mitch Totals":null,"Phil Totals":null,"Bryce Totals":null,"Cory Totals":null,"JB Totals":null,"Ethan Totals":null,"Jaime Totals":null,"Nate Totals":null,"Evan Totals":null,"Brandon Totals":null}]
3:32:07 AM [express] GET /api/data 304 in 4ms :: [{"Week":"1","Date":"8/22/2025","Mitch Bet Amount":"$10","Mitch Win/Lose/Push":"Win","Mitch":"Kansas -14 (legends)","Mitch Resolved":"Fresno State University @ University of Kansas (University of Kansas -14)","Phil Bet Amount":"$25","Phil Win/Lose/Push":"Loss","Phil":"JB (legends)","Phil Resolved":"Tail JB","Bryce Bet Amount":"$5","Bryce Win/Lose/Push":"Loss","Bryce":"Stanford? +2.5 (legends)","Bryce Resolved":"Stanford University (Stanford University +2.5)","Cory Bet Amount":"$25","Cory Win/Lose/Push":"Win","Cory":"Rutgers over 47 (leaders)","Cory Resolved":"Rutgers University (Over 47)","JB Bet Amount":"$5","JB Win/Lose/Push":"Loss","JB":"kansas st over 52 (legends)","JB Resolved":"Fresno State University @ University of Kansas (University of Kansas -14)","Ethan Bet Amount":"$20","Ethan Win/Lose/Push":"Win","Ethan":"Mitch (legends)","Ethan Resolved":"Tail Mitch","Jaime Bet Amount":"$10","Jaime Win/Lose/Push":"Loss","Jaime":"UCF/Jax St Over 52.5 (legends)","Jaime Resolved":"Rutgers University (Over 47)","Nathan Bet Amount":"$5","Nathan Win/Lose/Push":"Loss","Nathan":"Universitario -0.5 (leaders)","Nathan Resolved":"Universitario (Universitario -0.5)","Evan Bet Amount":"$5","Evan Win/Lose/Push":"Loss","Evan":"Kansas State -3 (leaders)","Evan Resolved":"Fresno State University @ University of Kansas (University of Kansas -14)","Brandon Bet Amount":"$5","Brandon Win/Lose/Push":"Loss","Brandon":"KU/Fresno o50 (leaders)","Brandon Resolved":"University of Kansas @ Fresno State University (Over 50)","":"","Total Team Bet":"$115.00","Legends Bet":"$75.00","Leaders Bet":"$40.00","To Win":"","Payout":"","TOTALS":"Total Bet","Mitch Totals":"$205.00","Phil Totals":"$215.00","Bryce Totals":"$85.00","Cory Totals":"$105.00","JB Totals":"$135.00","Ethan Totals":"$130.00","Jaime Totals":"$140.00","Nate Totals":"$110.00","Evan Totals":"$135.00","Brandon Totals":"$110.00"},{"Week":"2","Date":"8/29/2025","Mitch Bet Amount":"$5","Mitch Win/Lose/Push":"Loss","Mitch":"Alabama -13.5 (legends)","Mitch Resolved":"University of Texas @ University of Alabama (University of Alabama -13.5)","Phil Bet Amount":"$25","Phil Win/Lose/Push":"Loss","Phil":"Mitch (legends)","Phil Resolved":"Tail Mitch","Bryce Bet Amount":"$10","Bryce Win/Lose/Push":"Win","Bryce":"Ohio st (legends)","Bryce Resolved":"Ohio State University (Ohio State University)","Cory Bet Amount":"$5","Cory Win/Lose/Push":"Win","Cory":"Maryland under  (leaders)","Cory Resolved":"University of Maryland (Under)","JB Bet Amount":"$10","JB Win/Lose/Push":"Loss","JB":"penn st under (legends)","JB Resolved":"University of Maryland (Under)","Ethan Bet Amount":"$5","Ethan Win/Lose/Push":"Win","Ethan":"Iowa under 50.5 (legends)","Ethan Resolved":"University of Maryland (Under)","Jaime Bet Amount":"$15","Jaime Win/Lose/Push":"Win","Jaime":"Tennessee -13.5 (legends)","Jaime Resolved":"University of Texas @ University of Alabama (University of Alabama -13.5)","Nathan Bet Amount":"$10","Nathan Win/Lose/Push":"Win","Nathan":"Padres -1.5 (leaders)","Nathan Resolved":"San Diego Padres (San Diego Padres -1.5)","Evan Bet Amount":"$10","Evan Win/Lose/Push":"Loss","Evan":"Texas +1.5 (leaders)","Evan Resolved":"University of Texas @ University of Alabama (University of Alabama -13.5)","Brandon Bet Amount":"$10","Brandon Win/Lose/Push":"Loss","Brandon":"Sinner -8.5 (leaders)","Brandon Resolved":"Jannik Sinner (Jannik Sinner -8.5)","":"","Total Team Bet":"$105.00","Legends Bet":"$70.00","Leaders Bet":"$35.00","To Win":"","Payout":"","TOTALS":"Total Wins","Mitch Totals":"4","Phil Totals":"5","Bryce Totals":"11","Cory Totals":"10","JB Totals":"6","Ethan Totals":"9","Jaime Totals":"7","Nate Totals":"8","Evan Totals":"7","Brandon Totals":"8"},{"Week":"3","Date":"9/5/2025","Mitch Bet Amount":"$10","Mitch Win/Lose/Push":"Loss","Mitch":"Ole Miss 1H (legends)","Mitch Resolved":"North Carolina State @ University of Mississippi (University of Mississippi -7, 1st Half)","Phil Bet Amount":"$25","Phil Win/Lose/Push":"Loss","Phil":"Ethan (legends)","Phil Resolved":"Tail Ethan","Bryce Bet Amount":"$5","Bryce Win/Lose/Push":"Win","Bryce":"Vikes","Bryce Resolved":"Minnesota Vikings (Minnesota Vikings)","Cory Bet Amount":"$5","Cory Win/Lose/Push":"Win","Cory":"MSU over (leaders)","Cory Resolved":"Michigan State University (Over)","JB Bet Amount":"$15","JB Win/Lose/Push":"Loss","JB":"Navy  (legends)","JB Resolved":"United States Naval Academy (United States Naval Academy)","Ethan Bet Amount":"$5","Ethan Win/Lose/Push":"Loss","Ethan":"USF vs Florida over (legends)","Ethan Resolved":"Michigan State University (Over)","Jaime Bet Amount":"$5","Jaime Win/Lose/Push":"Win","Jaime":"Illinois -2.5 (legends)","Jaime Resolved":"University of Illinois (University of Illinois -2.5)","Nathan Bet Amount":"$5","Nathan Win/Lose/Push":"Win","Nathan":"(NFL) Arizona -6.5 (leaders)","Nathan Resolved":"Arizona Cardinals (Arizona Cardinals -6.5)","Evan Bet Amount":"$15","Evan Win/Lose/Push":"Loss","Evan":"Iowa/ Iowa St over 43 (leaders)","Evan Resolved":"Michigan State University (Over)","Brandon Bet Amount":"$15","Brandon Win/Lose/Push":"Push","Brandon":"W US Open o22 games (leaders)","Brandon Resolved":"US Open (Over 22 Games)","":"","Total Team Bet":"$105.00","Legends Bet":"$60.00","Leaders Bet":"$40.00","To Win":"","Payout":"","TOTALS":"Total Losses","Mitch Totals":"10","Phil Totals":"7","Bryce Totals":"3","Cory Totals":"2","JB Totals":"8","Ethan Totals":"5","Jaime Totals":"7","Nate Totals":"6","Evan Totals":"6","Brandon Totals":"4"},{"Week":"4","Date":"9/12/25","Mitch Bet Amount":"$15","Mitch Win/Lose/Push":"Loss","Mitch":"Steelers (legends)","Mitch Resolved":"Cincinnati Bengals @ Pittsburgh Steelers (Pittsburgh Steelers)","Phil Bet Amount":"$25","Phil Win/Lose/Push":"Win","Phil":"Ethan (legends)","Phil Resolved":"Tail Ethan","Bryce Bet Amount":"$5","Bryce Win/Lose/Push":"Win","Bryce":"Texas A&M (legends)","Bryce Resolved":"Texas A&M University (Texas A&M University)","Cory Bet Amount":"$5","Cory Win/Lose/Push":"Win","Cory":"Eagles (leaders)","Cory Resolved":"Philadelphia Eagles (Philadelphia Eagles)","JB Bet Amount":"$20","JB Win/Lose/Push":"Win","JB":"Nate (legends)","JB Resolved":"Tail Nathan","Ethan Bet Amount":"$10","Ethan Win/Lose/Push":"Win","Ethan":"Texas tech -23 (legends)","Ethan Resolved":"Texas A&M University (Texas A&M University)","Jaime Bet Amount":"$5","Jaime Win/Lose/Push":"Loss","Jaime":"Oregon -26.5 (legends)","Jaime Resolved":"University of Oregon (University of Oregon -26.5)","Nathan Bet Amount":"$5","Nathan Win/Lose/Push":"Win","Nathan":"Rams -5.5 (leaders) ","Nathan Resolved":"Los Angeles Rams (Los Angeles Rams -5.5)","Evan Bet Amount":"$20","Evan Win/Lose/Push":"Push","Evan":"Georgia -3.5 (leaders) ","Evan Resolved":"University of Georgia (University of Georgia -3.5)","Brandon Bet Amount":"$15","Brandon Win/Lose/Push":"Win","Brandon":"Man City -0.75 (leaders) ","Brandon Resolved":"Manchester City (Manchester City -0.75)","":"","Total Team Bet":"$125.00","Legends Bet":"$80.00","Leaders Bet":"$45.00","To Win":"","Payout":"$325.00","TOTALS":"Total Pushes","Mitch Totals":"0","Phil Totals":"2","Bryce Totals":"0","Cory Totals":"2","JB Totals":"0","Ethan Totals":"0","Jaime Totals":"0","Nate Totals":"0","Evan Totals":"1","Brandon Totals":"2"},{"Week":"5","Date":"9/19/25","Mitch Bet Amount":"$20","Mitch Win/Lose/Push":"Loss","Mitch":"JB (legends)","Mitch Resolved":"Tail JB","Phil Bet Amount":"$5","Phil Win/Lose/Push":"Loss","Phil":"Fresno (leaders)","Phil Resolved":"Fresno State University (Fresno State University)","Bryce Bet Amount":"$5","Bryce Win/Lose/Push":"Win","Bryce":"South Carolina (legends)","Bryce Resolved":"University of South Carolina (University of South Carolina)","Cory Bet Amount":"$5","Cory Win/Lose/Push":"Win","Cory":"Indiana (legends)","Cory Resolved":"Indiana University (Indiana University)","JB Bet Amount":"$5","JB Win/Lose/Push":"Loss","JB":"ATL Falcons (legends)","JB Resolved":"Atlanta Falcons (Atlanta Falcons)","Ethan Bet Amount":"$5","Ethan Win/Lose/Push":"Loss","Ethan":"Texans (legends)","Ethan Resolved":"Houston Texans (Houston Texans)","Jaime Bet Amount":"$10","Jaime Win/Lose/Push":"Loss","Jaime":"Packers -7.5 (legends) ","Jaime Resolved":"Green Bay Packers (Green Bay Packers -7.5)","Nathan Bet Amount":"$5","Nathan Win/Lose/Push":"Loss","Nathan":"49ers -2.5 (leaders)","Nathan Resolved":"San Francisco 49ers (San Francisco 49ers -2.5)","Evan Bet Amount":"$20","Evan Win/Lose/Push":"Win","Evan":"Florida/Miami Under 50.5 (leaders)","Evan Resolved":"University of Florida @ University of Miami (Under 50.5)","Brandon Bet Amount":"$5","Brandon Win/Lose/Push":"Loss","Brandon":"Nebraska +1 (leaders)","Brandon Resolved":"University of Nebraska (University of Nebraska +1)","":"","Total Team Bet":"$85.00","Legends Bet":"$50.00","Leaders Bet":"$35.00","To Win":"","Payout":"","TOTALS":"Win Percentage","Mitch Totals":"28.57%","Phil Totals":"41.67%","Bryce Totals":"78.57%","Cory Totals":"83.33%","JB Totals":"42.86%","Ethan Totals":"64.29%","Jaime Totals":"50.00%","Nate Totals":"57.14%","Evan Totals":"53.85%","Brandon Totals":"66.67%"},{"Week":"6","Date":"9/26/25","Mitch Bet Amount":"$25","Mitch Win/Lose/Push":"Loss","Mitch":"Ethan (legends) ","Mitch Resolved":"Tail Ethan","Phil Bet Amount":"$10","Phil Win/Lose/Push":"Loss","Phil":"Alabama/Georgia over (leaders) ","Phil Resolved":"University of Alabama @ University of Georgia (Over)","Bryce Bet Amount":"$5","Bryce Win/Lose/Push":"Loss","Bryce":"Vikings (legends) ","Bryce Resolved":"Minnesota Vikings (Minnesota Vikings)","Cory Bet Amount":"$5","Cory Win/Lose/Push":"Win","Cory":"NW/UCLA under (legends) ","Cory Resolved":"Northwestern University @ University of California Los Angeles (Under)","JB Bet Amount":"$10","JB Win/Lose/Push":"Loss","JB":"San Fran 49ers (legends) ","JB Resolved":"San Francisco 49ers (San Francisco 49ers)","Ethan Bet Amount":"$10","Ethan Win/Lose/Push":"Loss","Ethan":"Georgia (legends) ","Ethan Resolved":"University of Alabama @ University of Georgia (Over)","Jaime Bet Amount":"$15","Jaime Win/Lose/Push":"Loss","Jaime":"PSU Under 53.5 (legends) ","Jaime Resolved":"Northwestern University @ University of California Los Angeles (Under)","Nathan Bet Amount":"$10","Nathan Win/Lose/Push":"Loss","Nathan":"Chargers -6.5 (leaders) ","Nathan Resolved":"Los Angeles Chargers (Los Angeles Chargers -6.5)","Evan Bet Amount":"$5","Evan Win/Lose/Push":"Win","Evan":"Colorado/BYU under 49.5 (leaders) ","Evan Resolved":"Northwestern University @ University of California Los Angeles (Under)","Brandon Bet Amount":"$10","Brandon Win/Lose/Push":"Win","Brandon":"(leaders) Iowa +8.5 ","Brandon Resolved":"University of Iowa (University of Iowa +8.5)","":"","Total Team Bet":"$105.00","Legends Bet":"$70.00","Leaders Bet":"$35.00","To Win":null,"Payout":null,"TOTALS":null,"Mitch Totals":null,"Phil Totals":null,"Bryce Totals":null,"Cory Totals":null,"JB Totals":null,"Ethan Totals":null,"Jaime Totals":null,"Nate Totals":null,"Evan Totals":null,"Brandon Totals":null},{"Week":"7","Date":"10/3/25","Mitch Bet Amount":"$25","Mitch Win/Lose/Push":"Loss","Mitch":"Miami/FSU over (leaders) ","Mitch Resolved":"University of Miami @ Florida State University (Over)","Phil Bet Amount":"$15","Phil Win/Lose/Push":"Loss","Phil":"Texas/Florida Under (leaders) ","Phil Resolved":"University of Texas @ University of Florida (Under)","Bryce Bet Amount":"$10","Bryce Win/Lose/Push":"Win","Bryce":"Vikings Again? (legends) ","Bryce Resolved":"Minnesota Vikings (Minnesota Vikings)","Cory Bet Amount":"$5","Cory Win/Lose/Push":"Win","Cory":"Lions if below 10.5 (legends) ","Cory Resolved":"Detroit Lions (if below 10.5)","JB Bet Amount":"$15","JB Win/Lose/Push":"Win","JB":"Illinois (leaders) ","JB Resolved":"University of Illinois (University of Illinois)","Ethan Bet Amount":"$15","Ethan Win/Lose/Push":"Loss","Ethan":"Cal (legends) ","Ethan Resolved":"University of California Berkeley (University of California Berkeley)","Jaime Bet Amount":"$20","Jaime Win/Lose/Push":"Win","Jaime":"Texas Tech -11.5 (leaders) ","Jaime Resolved":"University of Texas @ University of Florida (Under)","Nathan Bet Amount":"$15","Nathan Win/Lose/Push":"Win","Nathan":"Tail Cory (legends) ","Nathan Resolved":"Tail Cory (legends)","Evan Bet Amount":"$5","Evan Win/Lose/Push":"Loss","Evan":"Texas -5.5 (legends) ","Evan Resolved":"University of Texas @ University of Florida (Under)","Brandon Bet Amount":"$5","Brandon Win/Lose/Push":"Win","Brandon":"Wisconsin +17.5 (legends) ","Brandon Resolved":"University of Wisconsin (University of Wisconsin +17.5)","":"","Total Team Bet":"$130.00","Legends Bet":"$55.00","Leaders Bet":"$75.00","To Win":null,"Payout":null,"TOTALS":null,"Mitch Totals":null,"Phil Totals":null,"Bryce Totals":null,"Cory Totals":null,"JB Totals":null,"Ethan Totals":null,"Jaime Totals":null,"Nate Totals":null,"Evan Totals":null,"Brandon Totals":null},{"Week":"8","Date":"10/10/25","Mitch Bet Amount":"$25","Mitch Win/Lose/Push":"Loss","Mitch":"Oregon (quack quack quack) (leaders)  ","Mitch Resolved":"University of Washington @ University of Oregon (University of Oregon)","Phil Bet Amount":"$20","Phil Win/Lose/Push":"Push","Phil":"Minnesota (leaders)  ","Phil Resolved":"University of Minnesota (University of Minnesota)","Bryce Bet Amount":"$5","Bryce Win/Lose/Push":"Loss","Bryce":"Lions  (legends) ","Bryce Resolved":"Detroit Lions (Detroit Lions)","Cory Bet Amount":"$5","Cory Win/Lose/Push":"Push","Cory":"Bama (legends)  ","Cory Resolved":"University of Alabama (University of Alabama)","JB Bet Amount":"$5","JB Win/Lose/Push":"Loss","JB":"unlv (leaders)  ","JB Resolved":"University of Nevada Las Vegas (University of Nevada Las Vegas)","Ethan Bet Amount":"$20","Ethan Win/Lose/Push":"Win","Ethan":"Brandon (legends)  ","Ethan Resolved":"Tail Brandon","Jaime Bet Amount":"$5","Jaime Win/Lose/Push":"Win","Jaime":"Texas A&M -7.5 (legends)  ","Jaime Resolved":"Texas A&M University (Texas A&M University -7.5)","Nathan Bet Amount":"$5","Nathan Win/Lose/Push":"Loss","Nathan":"Bills -4.5 (legends) ","Nathan Resolved":"Buffalo Bills (Buffalo Bills -4.5)","Evan Bet Amount":"$10","Evan Win/Lose/Push":"Win","Evan":"Pitt +10 (leaders)  ","Evan Resolved":"University of Pittsburgh (University of Pittsburgh +10)","Brandon Bet Amount":"$5","Brandon Win/Lose/Push":"Win","Brandon":"USC -2.5 (legends)  ","Brandon Resolved":"University of Southern California (University of Southern California -2.5)","":"","Total Team Bet":"$105.00","Legends Bet":"$45.00","Leaders Bet":"$60.00","To Win":null,"Payout":null,"TOTALS":null,"Mitch Totals":null,"Phil Totals":null,"Bryce Totals":null,"Cory Totals":null,"JB Totals":null,"Ethan Totals":null,"Jaime Totals":null,"Nate Totals":null,"Evan Totals":null,"Brandon Totals":null},{"Week":"9","Date":"10/17/25","Mitch Bet Amount":"$25","Mitch Win/Lose/Push":"Win","Mitch":"Bryce (leaders)","Mitch Resolved":"Tail Bryce","Phil Bet Amount":"$20","Phil Win/Lose/Push":"Push","Phil":"Notre Dame (leaders) ","Phil Resolved":"University of Notre Dame (University of Notre Dame)","Bryce Bet Amount":"$10","Bryce Win/Lose/Push":"Win","Bryce":"Missouri -1 (buy the half point, still -120)😉 (legends) ","Bryce Resolved":"University of Missouri (University of Missouri -1)","Cory Bet Amount":"$5","Cory Win/Lose/Push":"Win","Cory":"Bears (legends) ","Cory Resolved":"Chicago Bears (Chicago Bears)","JB Bet Amount":"$10","JB Win/Lose/Push":"Loss","JB":"texas tech (leaders) ","JB Resolved":"Texas Tech University (Texas Tech University)","Ethan Bet Amount":"$5","Ethan Win/Lose/Push":"Loss","Ethan":"Nebraska (legends) ","Ethan Resolved":"University of Nebraska (University of Nebraska)","Jaime Bet Amount":"$5","Jaime Win/Lose/Push":"Win","Jaime":"Indiana Over 49.5 (legends) ","Jaime Resolved":"Indiana University (Over 49.5)","Nathan Bet Amount":"$10","Nathan Win/Lose/Push":"Win","Nathan":"Patriots -7 (legends) ","Nathan Resolved":"New England Patriots (New England Patriots -7)","Evan Bet Amount":"$5","Evan Win/Lose/Push":"Loss","Evan":"Texas Tech -7.5 (leaders) ","Evan Resolved":"Texas Tech University (Texas Tech University)","Brandon Bet Amount":"$5","Brandon Win/Lose/Push":"Loss","Brandon":"LSU +2.5 (legends) ","Brandon Resolved":"Louisiana State University (Louisiana State University +2.5)","":"","Total Team Bet":"$100.00","Legends Bet":"$40.00","Leaders Bet":"$60.00","To Win":null,"Payout":null,"TOTALS":null,"Mitch Totals":null,"Phil Totals":null,"Bryce Totals":null,"Cory Totals":null,"JB Totals":null,"Ethan Totals":null,"Jaime Totals":null,"Nate Totals":null,"Evan Totals":null,"Brandon Totals":null},{"Week":"10","Date":"10/24/25","Mitch Bet Amount":"$5","Mitch Win/Lose/Push":"Loss","Mitch":"USF (leaders) ","Mitch Resolved":"San Jose State University @ University of South Florida (University of South Florida)","Phil Bet Amount":"$20","Phil Win/Lose/Push":"Win","Phil":"Texas A&M/LSU Over (leaders) ","Phil Resolved":"Texas A&M University @ Louisiana State University (Over)","Bryce Bet Amount":"$5","Bryce Win/Lose/Push":"Win","Bryce":"BYU (legends) ","Bryce Resolved":"Brigham Young University (Brigham Young University)","Cory Bet Amount":"$5","Cory Win/Lose/Push":"Loss","Cory":"Bama (legends)  ","Cory Resolved":"University of Alabama (University of Alabama)","JB Bet Amount":"$15","JB Win/Lose/Push":"Win","JB":"southern miss (leaders) ","JB Resolved":"University of Southern Mississippi (University of Southern Mississippi)","Ethan Bet Amount":"$10","Ethan Win/Lose/Push":"Win","Ethan":"Oklahoma vs ole miss over (legends) ","Ethan Resolved":"Texas A&M University @ Louisiana State University (Over)","Jaime Bet Amount":"$5","Jaime Win/Lose/Push":"Loss","Jaime":"UCLA +26 (legends) ","Jaime Resolved":"University of California Los Angeles (University of California Los Angeles +26)","Nathan Bet Amount":"$5","Nathan Win/Lose/Push":"Win","Nathan":"Chiefs -11.5 (legends) ","Nathan Resolved":"Kansas City Chiefs (Kansas City Chiefs -11.5)","Evan Bet Amount":"$10","Evan Win/Lose/Push":"Win","Evan":"Ole Miss +5.5 (leaders) ","Evan Resolved":"University of Southern Mississippi (University of Southern Mississippi)","Brandon Bet Amount":"$10","Brandon Win/Lose/Push":"Win","Brandon":"IF(Man City > -120, Man City, MSU +13.5) (legends) ","Brandon Resolved":"Kansas City Chiefs (Kansas City Chiefs -11.5)","":"","Total Team Bet":"$90.00","Legends Bet":"$40.00","Leaders Bet":"$50.00","To Win":null,"Payout":null,"TOTALS":null,"Mitch Totals":null,"Phil Totals":null,"Bryce Totals":null,"Cory Totals":null,"JB Totals":null,"Ethan Totals":null,"Jaime Totals":null,"Nate Totals":null,"Evan Totals":null,"Brandon Totals":null},{"Week":"11","Date":"10/31/25","Mitch Bet Amount":"$10","Mitch Win/Lose/Push":"Loss","Mitch":"georgia tech - tail JB (leaders)","Mitch Resolved":"Tail georgia tech - JB (leaders)","Phil Bet Amount":"$5","Phil Win/Lose/Push":"Win","Phil":"Utah (leaders)","Phil Resolved":"University of Utah (University of Utah)","Bryce Bet Amount":"$5","Bryce Win/Lose/Push":"Win","Bryce":"Timothy Cuamba (legends)","Bryce Resolved":"Timothy Cuamba (Timothy Cuamba)","Cory Bet Amount":"$10","Cory Win/Lose/Push":"Loss","Cory":"(legends) Patriots  ","Cory Resolved":"New England Patriots (New England Patriots)","JB Bet Amount":"$5","JB Win/Lose/Push":"Loss","JB":"(leaders) Georgia tech","JB Resolved":"Georgia Institute of Technology (Georgia Institute of Technology)","Ethan Bet Amount":"$5","Ethan Win/Lose/Push":"Win","Ethan":"Indiana (legends)","Ethan Resolved":"Indiana University (Indiana University)","Jaime Bet Amount":"$10","Jaime Win/Lose/Push":"Loss","Jaime":"MIA/SMU Over (legends)","Jaime Resolved":"University of Miami @ Southern Methodist University (Over)","Nathan Bet Amount":"$5","Nathan Win/Lose/Push":"Loss","Nathan":"KC -1.5 (legends) ","Nathan Resolved":"Kansas City Chiefs (Kansas City Chiefs -1.5)","Evan Bet Amount":"$5","Evan Win/Lose/Push":"Win","Evan":"Oklahoma+2.5 (leaders)","Evan Resolved":"University of Oklahoma (University of Oklahoma +2.5)","Brandon Bet Amount":"$5","Brandon Win/Lose/Push":"Push","Brandon":"Texas -3.5 (legends)","Brandon Resolved":"University of Texas (University of Texas -3.5)","":"","Total Team Bet":"$65.00","Legends Bet":"$40.00","Leaders Bet":"$25.00","To Win":null,"Payout":null,"TOTALS":null,"Mitch Totals":null,"Phil Totals":null,"Bryce Totals":null,"Cory Totals":null,"JB Totals":null,"Ethan Totals":null,"Jaime Totals":null,"Nate Totals":null,"Evan Totals":null,"Brandon Totals":null},{"Week":"12","Date":"11/7/25","Mitch Bet Amount":"$15","Mitch Win/Lose/Push":"Win","Mitch":"Wake Forest  (leaders) ","Mitch Resolved":"Stanford University @ Wake Forest University (Wake Forest University)","Phil Bet Amount":"$5","Phil Win/Lose/Push":"Loss","Phil":"Oregon (leaders) ","Phil Resolved":"University of Oregon (University of Oregon)","Bryce Bet Amount":"$5","Bryce Win/Lose/Push":"Win","Bryce":"(legends) UL LAFAYETTE ","Bryce Resolved":"University of Louisiana Lafayette (University of Louisiana Lafayette)","Cory Bet Amount":"$15","Cory Win/Lose/Push":"Win","Cory":"Wash/wi under (legends) ","Cory Resolved":"University of Washington @ University of Wisconsin (Under)","JB Bet Amount":"$10","JB Win/Lose/Push":"Win","JB":"stanford under (leaders) ","JB Resolved":"Stanford University @ Wake Forest University (Wake Forest University)","Ethan Bet Amount":"$5","Ethan Win/Lose/Push":"Win","Ethan":"Vandy (legends) ","Ethan Resolved":"Vanderbilt University (Vanderbilt University)","Jaime Bet Amount":"$15","Jaime Win/Lose/Push":"Win","Jaime":"Texas A&M -6.5 (leaders) ","Jaime Resolved":"Texas A&M University (Texas A&M University -6.5)","Nathan Bet Amount":"$10","Nathan Win/Lose/Push":"Win","Nathan":"LAR (legends) ","Nathan Resolved":"Los Angeles Rams (Los Angeles Rams)","Evan Bet Amount":"$5","Evan Win/Lose/Push":"Loss","Evan":"BYU +12 (legends) ","Evan Resolved":"Brigham Young University (Brigham Young University +12)","Brandon Bet Amount":"$5","Brandon Win/Lose/Push":"Win","Brandon":"Penn State (legends) ","Brandon Resolved":"Penn State University (Penn State University)","":"","Total Team Bet":"$90.00","Legends Bet":"$45.00","Leaders Bet":"$45.00","To Win":null,"Payout":null,"TOTALS":null,"Mitch Totals":null,"Phil Totals":null,"Bryce Totals":null,"Cory Totals":null,"JB Totals":null,"Ethan Totals":null,"Jaime Totals":null,"Nate Totals":null,"Evan Totals":null,"Brandon Totals":null},{"Week":"13","Date":"11/14/25","Mitch Bet Amount":"$5","Mitch Win/Lose/Push":"Loss","Mitch":"San Jose St. (leaders)","Mitch Resolved":"University of Nevada Las Vegas @ San Jose State University (San Jose State University)","Phil Bet Amount":"$10","Phil Win/Lose/Push":"Win","Phil":"Penn State (leaders) ","Phil Resolved":"University of Nevada Las Vegas @ San Jose State University (San Jose State University)","Bryce Bet Amount":"$5","Bryce Win/Lose/Push":"Win","Bryce":"(legends) Arizona ","Bryce Resolved":"University of Arizona (University of Arizona)","Cory Bet Amount":"$5","Cory Win/Lose/Push":"Push","Cory":"(legends) Ravens  ","Cory Resolved":"Baltimore Ravens (Baltimore Ravens)","JB Bet Amount":"$5","JB Win/Lose/Push":"Win","JB":"(leaders) Iowa under ","JB Resolved":"University of Iowa (Under)","Ethan Bet Amount":"$5","Ethan Win/Lose/Push":"Win","Ethan":"Georgia (legends) ","Ethan Resolved":"University of Georgia (University of Georgia)","Jaime Bet Amount":"$5","Jaime Win/Lose/Push":"Win","Jaime":"Texas A&M/SC Over (legends) ","Jaime Resolved":"Texas A&M University @ University of South Carolina (Over)","Nathan Bet Amount":"$5","Nathan Win/Lose/Push":"Loss","Nathan":"Texans (legends) ","Nathan Resolved":"Houston Texans (Houston Texans)","Evan Bet Amount":"$10","Evan Win/Lose/Push":"Win","Evan":"BYU -3 (leaders) ","Evan Resolved":"Brigham Young University (Brigham Young University -3)","Brandon Bet Amount":"$5","Brandon Win/Lose/Push":"Win","Brandon":"Northwestern +11.5 (legends) ","Brandon Resolved":"Northwestern University (Northwestern University +11.5)","":"","Total Team Bet":"$60.00","Legends Bet":"$30.00","Leaders Bet":"$30.00","To Win":null,"Payout":null,"TOTALS":null,"Mitch Totals":null,"Phil Totals":null,"Bryce Totals":null,"Cory Totals":null,"JB Totals":null,"Ethan Totals":null,"Jaime Totals":null,"Nate Totals":null,"Evan Totals":null,"Brandon Totals":null},{"Week":"14","Date":"11/21/25","Mitch Bet Amount":"$10","Mitch Win/Lose/Push":"Win","Mitch":"Bryce (leaders)","Mitch Resolved":"Tail Bryce","Phil Bet Amount":"$5","Phil Win/Lose/Push":"Win","Phil":"Michigan (leaders)","Phil Resolved":"University of Michigan (University of Michigan)","Bryce Bet Amount":"$5","Bryce Win/Lose/Push":"Win","Bryce":"Duke (legends)","Bryce Resolved":"Duke University (Duke University)","Cory Bet Amount":"$5","Cory Win/Lose/Push":"Win","Cory":"Utah KSU. Over (legends)","Cory Resolved":"Kansas State University @ University of Utah (Over)","JB Bet Amount":"$5","JB Win/Lose/Push":"Win","JB":"Brandon (leaders)","JB Resolved":"Tail Brandon","Ethan Bet Amount":"$5","Ethan Win/Lose/Push":"Win","Ethan":"Bengals (legends)","Ethan Resolved":"Cincinnati Bengals (Cincinnati Bengals)","Jaime Bet Amount":"$5","Jaime Win/Lose/Push":"Loss","Jaime":"Texas A&M/Samford Over (legends)","Jaime Resolved":"Kansas State University @ University of Utah (Over)","Nathan Bet Amount":"$10","Nathan Win/Lose/Push":"Win","Nathan":"Rams (legends)","Nathan Resolved":"Los Angeles Rams (Los Angeles Rams)","Evan Bet Amount":"$5","Evan Win/Lose/Push":"Win","Evan":"Tennessee -4 (leaders)","Evan Resolved":"University of Tennessee (University of Tennessee -4)","Brandon Bet Amount":"$5","Brandon Win/Lose/Push":"Win","Brandon":"BYU (legends)","Brandon Resolved":"Brigham Young University (Brigham Young University)","":"","Total Team Bet":"$60.00","Legends Bet":"$35.00","Leaders Bet":"$25.00","To Win":"","Payout":"$87.38","TOTALS":null,"Mitch Totals":null,"Phil Totals":null,"Bryce Totals":null,"Cory Totals":null,"JB Totals":null,"Ethan Totals":null,"Jaime Totals":null,"Nate Totals":null,"Evan Totals":null,"Brandon Totals":null},{"Week":"15","Date":"11/28/25","Mitch Bet Amount":"$5","Mitch Win/Lose/Push":"W","Mitch":"Alabama -110 (leaders)","Mitch Resolved":"Alabama Crimson Tide @ Auburn Tigers (Alabama Crimson Tide -5)","Phil Bet Amount":"$5","Phil Win/Lose/Push":"W","Phil":"Oregon (leaders) ","Phil Resolved":"Oregon Ducks @ Washington Huskies","Bryce Bet Amount":"$5","Bryce Win/Lose/Push":"L","Bryce":"vikes (NFL) (legends)","Bryce Resolved":"Minnesota Vikings @ Seattle Seahawks (Minnesota Vikings +11.5)","Cory Bet Amount":"$5","Cory Win/Lose/Push":"W","Cory":"houston (NCAAF) (legends)","Cory Resolved":"Houston Cougars @ Baylor Bears (Houston Cougars +2.5)","JB Bet Amount":"$5","JB Win/Lose/Push":"W","JB":"NW/Illinois under (leaders) (leaders)","JB Resolved":"Northwestern Wildcats @ Illinois Fighting Illini (Under 45.5)","Ethan Bet Amount":"$5","Ethan Win/Lose/Push":"W","Ethan":"ohio state -110 (legends)","Ethan Resolved":"Ohio State Buckeyes @ Michigan Wolverines (Ohio State Buckeyes -9.5)","Jaime Bet Amount":"$10","Jaime Win/Lose/Push":"L","Jaime":"OK/LSU Over -110 (leaders)","Jaime Resolved":"LSU Tigers @ Oklahoma Sooners (Over 36.5)","Nathan Bet Amount":"$5","Nathan Win/Lose/Push":"L","Nathan":"Browns  -110 (legends)","Nathan Resolved":"San Francisco 49ers @ Cleveland Browns (Cleveland Browns +6)","Evan Bet Amount":"$5","Evan Win/Lose/Push":"L","Evan":"Pitt +7 (NCAAF) (legends)","Evan Resolved":"Miami Hurricanes @ Pittsburgh Panthers (Pittsburgh Panthers +7)","Brandon Bet Amount":"$5","Brandon Win/Lose/Push":"W","Brandon":"Ethan (legends)","Brandon Resolved":"Ethan","":"","Total Team Bet":"$30.00","Legends Bet":"$0.00","Leaders Bet":"$0.00","To Win":null,"Payout":null,"TOTALS":null,"Mitch Totals":null,"Phil Totals":null,"Bryce Totals":null,"Cory Totals":null,"JB Totals":null,"Ethan Totals":null,"Jaime Totals":null,"Nate Totals":null,"Evan Totals":null,"Brandon Totals":null},{"Week":"16","Date":"12/5/25","Mitch Bet Amount":"$5","Mitch Win/Lose/Push":"W","Mitch":"Louisville | -4.5 (NCAAB) (leaders)","Mitch Resolved":"Indiana Hoosiers @ Louisville Cardinals (Louisville Cardinals -4.5)","Phil Bet Amount":"$5","Phil Win/Lose/Push":"W","Phil":"Miami-Ohio | under 43 (NCAAF) (leaders)","Phil Resolved":"Miami (OH) RedHawks @ Western Michigan Broncos (Under 43)","Bryce Bet Amount":"$10","Bryce Win/Lose/Push":"W","Bryce":"Georgia | -2 (NCAAF) (legends)","Bryce Resolved":"Georgia Bulldogs @ Alabama Crimson Tide (Georgia Bulldogs -2)","Cory Bet Amount":"$5","Cory Win/Lose/Push":"L","Cory":"Virginia | -4 (NCAAF) (legends)","Cory Resolved":"Duke Blue Devils @ Virginia Cavaliers (Virginia Cavaliers -4)","JB Bet Amount":"$5","JB Win/Lose/Push":"L","JB":"montana/montana st over 53.5","JB Resolved":"montana @ montana st (Over 53.5)","Ethan Bet Amount":"$5","Ethan Win/Lose/Push":"W","Ethan":"Jaguars | +2 (NFL) (legends)","Ethan Resolved":"Indianapolis Colts @ Jacksonville Jaguars (Jacksonville Jaguars +2)","Jaime Bet Amount":"$15","Jaime Win/Lose/Push":"L","Jaime":"Packers/Bears | under 44 (NFL) (leaders)","Jaime Resolved":"Chicago Bears @ Green Bay Packers (Under 44)","Nathan Bet Amount":"$10","Nathan Win/Lose/Push":"W","Nathan":"Texans | +3.5 (NFL) (legends)","Nathan Resolved":"Houston Texans @ Kansas City Chiefs (Houston Texans +3.5)","Evan Bet Amount":"$10","Evan Win/Lose/Push":"L","Evan":"Georgia Alabama | under 48 (NCAAF) (legends)","Evan Resolved":"Georgia Bulldogs @ Alabama Crimson Tide (Under 48)","Brandon Bet Amount":"$5","Brandon Win/Lose/Push":"L","Brandon":"OSU | -3 (NCAAF) (legends)","Brandon Resolved":"Indiana Hoosiers @ Ohio State Buckeyes (Ohio State Buckeyes -3)","":"","Total Team Bet":"$0.00","Legends Bet":"$0.00","Leaders Bet":"$0.00","To Win":null,"Payout":null,"TOTALS":null,"Mitch Totals":null,"Phil Totals":null,"Bryce Totals":null,"Cory Totals":null,"JB Totals":null,"Ethan Totals":null,"Jaime Totals":null,"Nate Totals":null,"Evan Totals":null,"Brandon Totals":null},{"Week":"17","Date":"12/12/2025","Mitch Bet Amount":"$5","Mitch Win/Lose/Push":"L","Mitch":"Navy -6 (leaders)","Mitch Resolved":"(Navy -6)","Phil Bet Amount":"$5","Phil Win/Lose/Push":"W","Phil":"Army/Navy Under 38 (leaders)","Phil Resolved":"(Under 38)","Bryce Bet Amount":"$5","Bryce Win/Lose/Push":"W","Bryce":"Brandon (legends)","Bryce Resolved":"Tail Brandon","Cory Bet Amount":"$10","Cory Win/Lose/Push":"L","Cory":"Houston/az under 42.5 (legends)","Cory Resolved":"Houston Texans Arizona Cardinals (Under 42.5)","JB Bet Amount":"$5","JB Win/Lose/Push":"P","JB":"zaga -10 (leaders)","JB Resolved":"UCLA Bruins @ Gonzaga Bulldogs (Gonzaga -10)","Ethan Bet Amount":"$5","Ethan Win/Lose/Push":"L","Ethan":"Creighton -4 (legends)","Ethan Resolved":"Kansas St. Wildcats @ Creighton Bluejays (Creighton -4)","Jaime Bet Amount":"$20","Jaime Win/Lose/Push":"W","Jaime":"Packers/Broncos Over 43 (leaders)","Jaime Resolved":"Green Bay Packers Denver Broncos (Over 43)","Nathan Bet Amount":"$5","Nathan Win/Lose/Push":"L","Nathan":"Packers -2 (legends)","Nathan Resolved":"Green Bay Packers Denver Broncos (Green Bay Packers -2)","Evan Bet Amount":"$15","Evan Win/Lose/Push":"W","Evan":"Michigan St Penn St under 145 (legends)","Evan Resolved":"Michigan St. Spartans Penn State Nittany Lions (Under 145)","Brandon Bet Amount":"$10","Brandon Win/Lose/Push":"W","Brandon":"Man City -.5 (legends)","Brandon Resolved":"Crystal Palace F.C. @ Manchester City Football Club (Manchester City -.5)","":null,"Total Team Bet":null,"Legends Bet":null,"Leaders Bet":null,"To Win":null,"Payout":null,"TOTALS":null,"Mitch Totals":null,"Phil Totals":null,"Bryce Totals":null,"Cory Totals":null,"JB Totals":null,"Ethan Totals":null,"Jaime Totals":null,"Nate Totals":null,"Evan Totals":null,"Brandon Totals":null},{"Week":"18","Date":"12/19/2025","Mitch Bet Amount":"$10","Mitch Win/Lose/Push":"L","Mitch":"unc | -3.5 (NCAAB) (leaders)","Mitch Resolved":"Ohio State Buckeyes @ North Carolina Tar Heels (North Carolina Tar Heels -3.5)","Phil Bet Amount":"$5","Phil Win/Lose/Push":"L","Phil":"Utah State/Wash State | Under 50 (NCAAF) (legends)","Phil Resolved":"Washington State Cougars @ Utah State Aggies (Under 50)","Bryce Bet Amount":"$5","Bryce Win/Lose/Push":"L","Bryce":"Utah State | -1 (NCAAF) (legends)","Bryce Resolved":"Washington State Cougars @ Utah State Aggies (Utah State Aggies -1)","Cory Bet Amount":"$15","Cory Win/Lose/Push":"W","Cory":"Unlv/Ohio under | under 65.5 (NCAAF) (legends)","Cory Resolved":"Unlv/Ohio under (Under 65.5)","JB Bet Amount":"$5","JB Win/Lose/Push":"W","JB":"montana/montana st over 53.5","JB Resolved":"Montana Grizzlies @ Montana State Bobcats (Over 53.5)","Ethan Bet Amount":"$10","Ethan Win/Lose/Push":"W","Ethan":"Gophers | -2 (NCAAF) (legends)","Ethan Resolved":"New Mexico Lobos @ Minnesota Golden Gophers (Minnesota Golden Gophers -2)","Jaime Bet Amount":"$5","Jaime Win/Lose/Push":"W","Jaime":"49ers | -5.5 (NFL) (leaders)","Jaime Resolved":"San Francisco 49ers @ Indianapolis Colts (San Francisco 49ers -5.5)","Nathan Bet Amount":"$10","Nathan Win/Lose/Push":"W","Nathan":"Vikes | -2.5 (NFL) (legends)","Nathan Resolved":"Minnesota Vikings @ New York Giants (Minnesota Vikings -2.5)","Evan Bet Amount":"$5","Evan Win/Lose/Push":"W","Evan":"TAM Miami | under 48 (NCAAF) (leaders)","Evan Resolved":"Miami Hurricanes @ Texas A&M Aggies (Under 48)","Brandon Bet Amount":"$5","Brandon Win/Lose/Push":"L","Brandon":"TAM | -3 (NCAAF) (legends)","Brandon Resolved":"TAM (TAM -3)","":null,"Total Team Bet":null,"Legends Bet":null,"Leaders Bet":null,"To Win":null,"Payout":null,"TOTALS":null,"Mitch Totals":null,"Phil Totals":null,"Bryce Totals":null,"Cory Totals":null,"JB Totals":null,"Ethan Totals":null,"Jaime Totals":null,"Nate Totals":null,"Evan Totals":null,"Brandon Totals":null},{"Week":"19","Date":"12/26/2025","Mitch Bet Amount":"$15","Mitch Win/Lose/Push":"W","Mitch":"Navy | -7 (NCAAF) (leaders)","Mitch Resolved":"Navy Midshipmen @ Cincinnati Bearcats (Navy Midshipmen -7)","Phil Bet Amount":"$10","Phil Win/Lose/Push":"L","Phil":"North Texas / San Diego St | Under 52.5 (NCAAF) (leaders)","Phil Resolved":"North Texas Mean Green @ San Diego State Aztecs (Under 52.5)","Bryce Bet Amount":"$10","Bryce Win/Lose/Push":"L","Bryce":"Arizona | +7 (NFL) (legends)","Bryce Resolved":"Arizona Cardinals @ Cincinnati Bengals (Arizona Cardinals +7)","Cory Bet Amount":"$5","Cory Win/Lose/Push":"W","Cory":"Oregon/tt | under 52.5 (NCAAF) (legends)","Cory Resolved":"Oregon @ tt (Under 52.5)","JB Bet Amount":"$5","JB Win/Lose/Push":"L","JB":"Vandy Baby! | -4.5 (NCAAF) (leaders)","JB Resolved":"Vandy Baby! (Vandy Baby! -4.5)","Ethan Bet Amount":"$5","Ethan Win/Lose/Push":"L","Ethan":"Georgia | -6 (NCAAF) (legends)","Ethan Resolved":"Georgia Tech Yellow Jackets @ BYU Cougars (Georgia Tech Yellow Jackets -6)","Jaime Bet Amount":"$5","Jaime Win/Lose/Push":"W","Jaime":"49ers | -3 (NFL) (leaders)","Jaime Resolved":"Chicago Bears @ San Francisco 49ers (San Francisco 49ers -3)","Nathan Bet Amount":"$5","Nathan Win/Lose/Push":"L","Nathan":"Packers | -3 (NFL) (legends)","Nathan Resolved":"Baltimore Ravens @ Green Bay Packers (Green Bay Packers -3)","Evan Bet Amount":"$5","Evan Win/Lose/Push":"L","Evan":"texas tech | +2 (NCAAF) (legends)","Evan Resolved":"Oregon Ducks @ Texas Tech Red Raiders (Texas Tech Red Raiders +2)","Brandon Bet Amount":"$10","Brandon Win/Lose/Push":"W","Brandon":"Texans | +2 (NFL) (legends)","Brandon Resolved":"Houston Texans @ Los Angeles Chargers (Houston Texans +2)","":null,"Total Team Bet":null,"Legends Bet":null,"Leaders Bet":null,"To Win":null,"Payout":null,"TOTALS":null,"Mitch Totals":null,"Phil Totals":null,"Bryce Totals":null,"Cory Totals":null,"JB Totals":null,"Ethan Totals":null,"Jaime Totals":null,"Nate Totals":null,"Evan Totals":null,"Brandon Totals":null},{"Week":"20","Date":"01/02/2026","Mitch Bet Amount":"$5","Mitch Win/Lose/Push":"W","Mitch":"Alabama (NCAAB) (leaders)","Mitch Resolved":"Kentucky Wildcats @ Alabama Crimson Tide (Alabama Crimson Tide -5.5) (NCAAB)","Phil Bet Amount":"$15","Phil Win/Lose/Push":"W","Phil":"Illinois State/Montana State Over (leaders)","Phil Resolved":"Illinois State Redbirds @ Montana State Bobcats (Over 56.5) (FCS)","Bryce Bet Amount":"$15","Bryce Win/Lose/Push":"W","Bryce":"Indiana (legends)","Bryce Resolved":"Oregon @ Indiana (Indiana -4)","Cory Bet Amount":"$5","Cory Win/Lose/Push":"L","Cory":"49ers (legends)","Cory Resolved":"Seattle Seahawks @ San Francisco 49ers ( San Franscisco 49ers +3)","JB Bet Amount":"$10","JB Win/Lose/Push":"L","JB":"montana st - buy the half point (leaders)","JB Resolved":"Illinois State Redbirds @ Montana State Bobcats (Montana State Bobcats -10) (FCS)","Ethan Bet Amount":"$10","Ethan Win/Lose/Push":"W","Ethan":"Timberwolves (legends)","Ethan Resolved":"Minnesota Timberwolves @ Miami Heat (Minnesota Timberwolves -3) (NBA)","Jaime Bet Amount":"$5","Jaime Win/Lose/Push":"W","Jaime":"Steelers/Ravens Over (legends)","Jaime Resolved":"Baltimore Ravens @ Pittsburgh Steelers (Over 41) (NFL)","Nathan Bet Amount":"$10","Nathan Win/Lose/Push":"L","Nathan":"Bengals (legends)","Nathan Resolved":"Cleveland Browns @ Cincinnati Bengals (Cincinnati Bengals -7) (NFL)","Evan Bet Amount":"$10","Evan Win/Lose/Push":"W","Evan":"Virginia Tech +5.5 (leaders)","Evan Resolved":"Virginia Tech Hokies @ Wake Forest Demon Deacons (Virginia Tech Hokies +5.5) (NCAAB)","Brandon Bet Amount":"$5","Brandon Win/Lose/Push":"W","Brandon":"Iowa -6.5 (legends)","Brandon Resolved":"UCLA Bruins @ Iowa Hawkeyes (Iowa Hawkeyes -6.5) (NCAAB)","":null,"Total Team Bet":null,"Legends Bet":null,"Leaders Bet":null,"To Win":null,"Payout":null,"TOTALS":null,"Mitch Totals":null,"Phil Totals":null,"Bryce Totals":null,"Cory Totals":null,"JB Totals":null,"Ethan Totals":null,"Jaime Totals":null,"Nate Totals":null,"Evan Totals":null,"Brandon Totals":null},{"Week":"21","Date":"01/09/2026","Mitch Bet Amount":"$5","Mitch Win/Lose/Push":"","Mitch":"","Mitch Resolved":"","Phil Bet Amount":"$5","Phil Win/Lose/Push":"","Phil":"","Phil Resolved":"","Bryce Bet Amount":"$5","Bryce Win/Lose/Push":"","Bryce":"","Bryce Resolved":"","Cory Bet Amount":"$10","Cory Win/Lose/Push":"","Cory":"","Cory Resolved":"","JB Bet Amount":"$15","JB Win/Lose/Push":"","JB":"","JB Resolved":"","Ethan Bet Amount":"$5","Ethan Win/Lose/Push":"","Ethan":"","Ethan Resolved":"","Jaime Bet Amount":"$5","Jaime Win/Lose/Push":"","Jaime":"","Jaime Resolved":"","Nathan Bet Amount":"$15","Nathan Win/Lose/Push":"","Nathan":"","Nathan Resolved":"","Evan Bet Amount":"$5","Evan Win/Lose/Push":"","Evan":"","Evan Resolved":"","Brandon Bet Amount":"$5","Brandon Win/Lose/Push":null,"Brandon":null,"Brandon Resolved":null,"":null,"Total Team Bet":null,"Legends Bet":null,"Leaders Bet":null,"To Win":null,"Payout":null,"TOTALS":null,"Mitch Totals":null,"Phil Totals":null,"Bryce Totals":null,"Cory Totals":null,"JB Totals":null,"Ethan Totals":null,"Jaime Totals":null,"Nate Totals":null,"Evan Totals":null,"Brandon Totals":null}]
3:32:07 AM [express] GET /api/data 304 in 4ms :: [{"Week":"1","Date":"8/22/2025","Mitch Bet Amount":"$10","Mitch Win/Lose/Push":"Win","Mitch":"Kansas -14 (legends)","Mitch Resolved":"Fresno State University @ University of Kansas (University of Kansas -14)","Phil Bet Amount":"$25","Phil Win/Lose/Push":"Loss","Phil":"JB (legends)","Phil Resolved":"Tail JB","Bryce Bet Amount":"$5","Bryce Win/Lose/Push":"Loss","Bryce":"Stanford? +2.5 (legends)","Bryce Resolved":"Stanford University (Stanford University +2.5)","Cory Bet Amount":"$25","Cory Win/Lose/Push":"Win","Cory":"Rutgers over 47 (leaders)","Cory Resolved":"Rutgers University (Over 47)","JB Bet Amount":"$5","JB Win/Lose/Push":"Loss","JB":"kansas st over 52 (legends)","JB Resolved":"Fresno State University @ University of Kansas (University of Kansas -14)","Ethan Bet Amount":"$20","Ethan Win/Lose/Push":"Win","Ethan":"Mitch (legends)","Ethan Resolved":"Tail Mitch","Jaime Bet Amount":"$10","Jaime Win/Lose/Push":"Loss","Jaime":"UCF/Jax St Over 52.5 (legends)","Jaime Resolved":"Rutgers University (Over 47)","Nathan Bet Amount":"$5","Nathan Win/Lose/Push":"Loss","Nathan":"Universitario -0.5 (leaders)","Nathan Resolved":"Universitario (Universitario -0.5)","Evan Bet Amount":"$5","Evan Win/Lose/Push":"Loss","Evan":"Kansas State -3 (leaders)","Evan Resolved":"Fresno State University @ University of Kansas (University of Kansas -14)","Brandon Bet Amount":"$5","Brandon Win/Lose/Push":"Loss","Brandon":"KU/Fresno o50 (leaders)","Brandon Resolved":"University of Kansas @ Fresno State University (Over 50)","":"","Total Team Bet":"$115.00","Legends Bet":"$75.00","Leaders Bet":"$40.00","To Win":"","Payout":"","TOTALS":"Total Bet","Mitch Totals":"$205.00","Phil Totals":"$215.00","Bryce Totals":"$85.00","Cory Totals":"$105.00","JB Totals":"$135.00","Ethan Totals":"$130.00","Jaime Totals":"$140.00","Nate Totals":"$110.00","Evan Totals":"$135.00","Brandon Totals":"$110.00"},{"Week":"2","Date":"8/29/2025","Mitch Bet Amount":"$5","Mitch Win/Lose/Push":"Loss","Mitch":"Alabama -13.5 (legends)","Mitch Resolved":"University of Texas @ University of Alabama (University of Alabama -13.5)","Phil Bet Amount":"$25","Phil Win/Lose/Push":"Loss","Phil":"Mitch (legends)","Phil Resolved":"Tail Mitch","Bryce Bet Amount":"$10","Bryce Win/Lose/Push":"Win","Bryce":"Ohio st (legends)","Bryce Resolved":"Ohio State University (Ohio State University)","Cory Bet Amount":"$5","Cory Win/Lose/Push":"Win","Cory":"Maryland under  (leaders)","Cory Resolved":"University of Maryland (Under)","JB Bet Amount":"$10","JB Win/Lose/Push":"Loss","JB":"penn st under (legends)","JB Resolved":"University of Maryland (Under)","Ethan Bet Amount":"$5","Ethan Win/Lose/Push":"Win","Ethan":"Iowa under 50.5 (legends)","Ethan Resolved":"University of Maryland (Under)","Jaime Bet Amount":"$15","Jaime Win/Lose/Push":"Win","Jaime":"Tennessee -13.5 (legends)","Jaime Resolved":"University of Texas @ University of Alabama (University of Alabama -13.5)","Nathan Bet Amount":"$10","Nathan Win/Lose/Push":"Win","Nathan":"Padres -1.5 (leaders)","Nathan Resolved":"San Diego Padres (San Diego Padres -1.5)","Evan Bet Amount":"$10","Evan Win/Lose/Push":"Loss","Evan":"Texas +1.5 (leaders)","Evan Resolved":"University of Texas @ University of Alabama (University of Alabama -13.5)","Brandon Bet Amount":"$10","Brandon Win/Lose/Push":"Loss","Brandon":"Sinner -8.5 (leaders)","Brandon Resolved":"Jannik Sinner (Jannik Sinner -8.5)","":"","Total Team Bet":"$105.00","Legends Bet":"$70.00","Leaders Bet":"$35.00","To Win":"","Payout":"","TOTALS":"Total Wins","Mitch Totals":"4","Phil Totals":"5","Bryce Totals":"11","Cory Totals":"10","JB Totals":"6","Ethan Totals":"9","Jaime Totals":"7","Nate Totals":"8","Evan Totals":"7","Brandon Totals":"8"},{"Week":"3","Date":"9/5/2025","Mitch Bet Amount":"$10","Mitch Win/Lose/Push":"Loss","Mitch":"Ole Miss 1H (legends)","Mitch Resolved":"North Carolina State @ University of Mississippi (University of Mississippi -7, 1st Half)","Phil Bet Amount":"$25","Phil Win/Lose/Push":"Loss","Phil":"Ethan (legends)","Phil Resolved":"Tail Ethan","Bryce Bet Amount":"$5","Bryce Win/Lose/Push":"Win","Bryce":"Vikes","Bryce Resolved":"Minnesota Vikings (Minnesota Vikings)","Cory Bet Amount":"$5","Cory Win/Lose/Push":"Win","Cory":"MSU over (leaders)","Cory Resolved":"Michigan State University (Over)","JB Bet Amount":"$15","JB Win/Lose/Push":"Loss","JB":"Navy  (legends)","JB Resolved":"United States Naval Academy (United States Naval Academy)","Ethan Bet Amount":"$5","Ethan Win/Lose/Push":"Loss","Ethan":"USF vs Florida over (legends)","Ethan Resolved":"Michigan State University (Over)","Jaime Bet Amount":"$5","Jaime Win/Lose/Push":"Win","Jaime":"Illinois -2.5 (legends)","Jaime Resolved":"University of Illinois (University of Illinois -2.5)","Nathan Bet Amount":"$5","Nathan Win/Lose/Push":"Win","Nathan":"(NFL) Arizona -6.5 (leaders)","Nathan Resolved":"Arizona Cardinals (Arizona Cardinals -6.5)","Evan Bet Amount":"$15","Evan Win/Lose/Push":"Loss","Evan":"Iowa/ Iowa St over 43 (leaders)","Evan Resolved":"Michigan State University (Over)","Brandon Bet Amount":"$15","Brandon Win/Lose/Push":"Push","Brandon":"W US Open o22 games (leaders)","Brandon Resolved":"US Open (Over 22 Games)","":"","Total Team Bet":"$105.00","Legends Bet":"$60.00","Leaders Bet":"$40.00","To Win":"","Payout":"","TOTALS":"Total Losses","Mitch Totals":"10","Phil Totals":"7","Bryce Totals":"3","Cory Totals":"2","JB Totals":"8","Ethan Totals":"5","Jaime Totals":"7","Nate Totals":"6","Evan Totals":"6","Brandon Totals":"4"},{"Week":"4","Date":"9/12/25","Mitch Bet Amount":"$15","Mitch Win/Lose/Push":"Loss","Mitch":"Steelers (legends)","Mitch Resolved":"Cincinnati Bengals @ Pittsburgh Steelers (Pittsburgh Steelers)","Phil Bet Amount":"$25","Phil Win/Lose/Push":"Win","Phil":"Ethan (legends)","Phil Resolved":"Tail Ethan","Bryce Bet Amount":"$5","Bryce Win/Lose/Push":"Win","Bryce":"Texas A&M (legends)","Bryce Resolved":"Texas A&M University (Texas A&M University)","Cory Bet Amount":"$5","Cory Win/Lose/Push":"Win","Cory":"Eagles (leaders)","Cory Resolved":"Philadelphia Eagles (Philadelphia Eagles)","JB Bet Amount":"$20","JB Win/Lose/Push":"Win","JB":"Nate (legends)","JB Resolved":"Tail Nathan","Ethan Bet Amount":"$10","Ethan Win/Lose/Push":"Win","Ethan":"Texas tech -23 (legends)","Ethan Resolved":"Texas A&M University (Texas A&M University)","Jaime Bet Amount":"$5","Jaime Win/Lose/Push":"Loss","Jaime":"Oregon -26.5 (legends)","Jaime Resolved":"University of Oregon (University of Oregon -26.5)","Nathan Bet Amount":"$5","Nathan Win/Lose/Push":"Win","Nathan":"Rams -5.5 (leaders) ","Nathan Resolved":"Los Angeles Rams (Los Angeles Rams -5.5)","Evan Bet Amount":"$20","Evan Win/Lose/Push":"Push","Evan":"Georgia -3.5 (leaders) ","Evan Resolved":"University of Georgia (University of Georgia -3.5)","Brandon Bet Amount":"$15","Brandon Win/Lose/Push":"Win","Brandon":"Man City -0.75 (leaders) ","Brandon Resolved":"Manchester City (Manchester City -0.75)","":"","Total Team Bet":"$125.00","Legends Bet":"$80.00","Leaders Bet":"$45.00","To Win":"","Payout":"$325.00","TOTALS":"Total Pushes","Mitch Totals":"0","Phil Totals":"2","Bryce Totals":"0","Cory Totals":"2","JB Totals":"0","Ethan Totals":"0","Jaime Totals":"0","Nate Totals":"0","Evan Totals":"1","Brandon Totals":"2"},{"Week":"5","Date":"9/19/25","Mitch Bet Amount":"$20","Mitch Win/Lose/Push":"Loss","Mitch":"JB (legends)","Mitch Resolved":"Tail JB","Phil Bet Amount":"$5","Phil Win/Lose/Push":"Loss","Phil":"Fresno (leaders)","Phil Resolved":"Fresno State University (Fresno State University)","Bryce Bet Amount":"$5","Bryce Win/Lose/Push":"Win","Bryce":"South Carolina (legends)","Bryce Resolved":"University of South Carolina (University of South Carolina)","Cory Bet Amount":"$5","Cory Win/Lose/Push":"Win","Cory":"Indiana (legends)","Cory Resolved":"Indiana University (Indiana University)","JB Bet Amount":"$5","JB Win/Lose/Push":"Loss","JB":"ATL Falcons (legends)","JB Resolved":"Atlanta Falcons (Atlanta Falcons)","Ethan Bet Amount":"$5","Ethan Win/Lose/Push":"Loss","Ethan":"Texans (legends)","Ethan Resolved":"Houston Texans (Houston Texans)","Jaime Bet Amount":"$10","Jaime Win/Lose/Push":"Loss","Jaime":"Packers -7.5 (legends) ","Jaime Resolved":"Green Bay Packers (Green Bay Packers -7.5)","Nathan Bet Amount":"$5","Nathan Win/Lose/Push":"Loss","Nathan":"49ers -2.5 (leaders)","Nathan Resolved":"San Francisco 49ers (San Francisco 49ers -2.5)","Evan Bet Amount":"$20","Evan Win/Lose/Push":"Win","Evan":"Florida/Miami Under 50.5 (leaders)","Evan Resolved":"University of Florida @ University of Miami (Under 50.5)","Brandon Bet Amount":"$5","Brandon Win/Lose/Push":"Loss","Brandon":"Nebraska +1 (leaders)","Brandon Resolved":"University of Nebraska (University of Nebraska +1)","":"","Total Team Bet":"$85.00","Legends Bet":"$50.00","Leaders Bet":"$35.00","To Win":"","Payout":"","TOTALS":"Win Percentage","Mitch Totals":"28.57%","Phil Totals":"41.67%","Bryce Totals":"78.57%","Cory Totals":"83.33%","JB Totals":"42.86%","Ethan Totals":"64.29%","Jaime Totals":"50.00%","Nate Totals":"57.14%","Evan Totals":"53.85%","Brandon Totals":"66.67%"},{"Week":"6","Date":"9/26/25","Mitch Bet Amount":"$25","Mitch Win/Lose/Push":"Loss","Mitch":"Ethan (legends) ","Mitch Resolved":"Tail Ethan","Phil Bet Amount":"$10","Phil Win/Lose/Push":"Loss","Phil":"Alabama/Georgia over (leaders) ","Phil Resolved":"University of Alabama @ University of Georgia (Over)","Bryce Bet Amount":"$5","Bryce Win/Lose/Push":"Loss","Bryce":"Vikings (legends) ","Bryce Resolved":"Minnesota Vikings (Minnesota Vikings)","Cory Bet Amount":"$5","Cory Win/Lose/Push":"Win","Cory":"NW/UCLA under (legends) ","Cory Resolved":"Northwestern University @ University of California Los Angeles (Under)","JB Bet Amount":"$10","JB Win/Lose/Push":"Loss","JB":"San Fran 49ers (legends) ","JB Resolved":"San Francisco 49ers (San Francisco 49ers)","Ethan Bet Amount":"$10","Ethan Win/Lose/Push":"Loss","Ethan":"Georgia (legends) ","Ethan Resolved":"University of Alabama @ University of Georgia (Over)","Jaime Bet Amount":"$15","Jaime Win/Lose/Push":"Loss","Jaime":"PSU Under 53.5 (legends) ","Jaime Resolved":"Northwestern University @ University of California Los Angeles (Under)","Nathan Bet Amount":"$10","Nathan Win/Lose/Push":"Loss","Nathan":"Chargers -6.5 (leaders) ","Nathan Resolved":"Los Angeles Chargers (Los Angeles Chargers -6.5)","Evan Bet Amount":"$5","Evan Win/Lose/Push":"Win","Evan":"Colorado/BYU under 49.5 (leaders) ","Evan Resolved":"Northwestern University @ University of California Los Angeles (Under)","Brandon Bet Amount":"$10","Brandon Win/Lose/Push":"Win","Brandon":"(leaders) Iowa +8.5 ","Brandon Resolved":"University of Iowa (University of Iowa +8.5)","":"","Total Team Bet":"$105.00","Legends Bet":"$70.00","Leaders Bet":"$35.00","To Win":null,"Payout":null,"TOTALS":null,"Mitch Totals":null,"Phil Totals":null,"Bryce Totals":null,"Cory Totals":null,"JB Totals":null,"Ethan Totals":null,"Jaime Totals":null,"Nate Totals":null,"Evan Totals":null,"Brandon Totals":null},{"Week":"7","Date":"10/3/25","Mitch Bet Amount":"$25","Mitch Win/Lose/Push":"Loss","Mitch":"Miami/FSU over (leaders) ","Mitch Resolved":"University of Miami @ Florida State University (Over)","Phil Bet Amount":"$15","Phil Win/Lose/Push":"Loss","Phil":"Texas/Florida Under (leaders) ","Phil Resolved":"University of Texas @ University of Florida (Under)","Bryce Bet Amount":"$10","Bryce Win/Lose/Push":"Win","Bryce":"Vikings Again? (legends) ","Bryce Resolved":"Minnesota Vikings (Minnesota Vikings)","Cory Bet Amount":"$5","Cory Win/Lose/Push":"Win","Cory":"Lions if below 10.5 (legends) ","Cory Resolved":"Detroit Lions (if below 10.5)","JB Bet Amount":"$15","JB Win/Lose/Push":"Win","JB":"Illinois (leaders) ","JB Resolved":"University of Illinois (University of Illinois)","Ethan Bet Amount":"$15","Ethan Win/Lose/Push":"Loss","Ethan":"Cal (legends) ","Ethan Resolved":"University of California Berkeley (University of California Berkeley)","Jaime Bet Amount":"$20","Jaime Win/Lose/Push":"Win","Jaime":"Texas Tech -11.5 (leaders) ","Jaime Resolved":"University of Texas @ University of Florida (Under)","Nathan Bet Amount":"$15","Nathan Win/Lose/Push":"Win","Nathan":"Tail Cory (legends) ","Nathan Resolved":"Tail Cory (legends)","Evan Bet Amount":"$5","Evan Win/Lose/Push":"Loss","Evan":"Texas -5.5 (legends) ","Evan Resolved":"University of Texas @ University of Florida (Under)","Brandon Bet Amount":"$5","Brandon Win/Lose/Push":"Win","Brandon":"Wisconsin +17.5 (legends) ","Brandon Resolved":"University of Wisconsin (University of Wisconsin +17.5)","":"","Total Team Bet":"$130.00","Legends Bet":"$55.00","Leaders Bet":"$75.00","To Win":null,"Payout":null,"TOTALS":null,"Mitch Totals":null,"Phil Totals":null,"Bryce Totals":null,"Cory Totals":null,"JB Totals":null,"Ethan Totals":null,"Jaime Totals":null,"Nate Totals":null,"Evan Totals":null,"Brandon Totals":null},{"Week":"8","Date":"10/10/25","Mitch Bet Amount":"$25","Mitch Win/Lose/Push":"Loss","Mitch":"Oregon (quack quack quack) (leaders)  ","Mitch Resolved":"University of Washington @ University of Oregon (University of Oregon)","Phil Bet Amount":"$20","Phil Win/Lose/Push":"Push","Phil":"Minnesota (leaders)  ","Phil Resolved":"University of Minnesota (University of Minnesota)","Bryce Bet Amount":"$5","Bryce Win/Lose/Push":"Loss","Bryce":"Lions  (legends) ","Bryce Resolved":"Detroit Lions (Detroit Lions)","Cory Bet Amount":"$5","Cory Win/Lose/Push":"Push","Cory":"Bama (legends)  ","Cory Resolved":"University of Alabama (University of Alabama)","JB Bet Amount":"$5","JB Win/Lose/Push":"Loss","JB":"unlv (leaders)  ","JB Resolved":"University of Nevada Las Vegas (University of Nevada Las Vegas)","Ethan Bet Amount":"$20","Ethan Win/Lose/Push":"Win","Ethan":"Brandon (legends)  ","Ethan Resolved":"Tail Brandon","Jaime Bet Amount":"$5","Jaime Win/Lose/Push":"Win","Jaime":"Texas A&M -7.5 (legends)  ","Jaime Resolved":"Texas A&M University (Texas A&M University -7.5)","Nathan Bet Amount":"$5","Nathan Win/Lose/Push":"Loss","Nathan":"Bills -4.5 (legends) ","Nathan Resolved":"Buffalo Bills (Buffalo Bills -4.5)","Evan Bet Amount":"$10","Evan Win/Lose/Push":"Win","Evan":"Pitt +10 (leaders)  ","Evan Resolved":"University of Pittsburgh (University of Pittsburgh +10)","Brandon Bet Amount":"$5","Brandon Win/Lose/Push":"Win","Brandon":"USC -2.5 (legends)  ","Brandon Resolved":"University of Southern California (University of Southern California -2.5)","":"","Total Team Bet":"$105.00","Legends Bet":"$45.00","Leaders Bet":"$60.00","To Win":null,"Payout":null,"TOTALS":null,"Mitch Totals":null,"Phil Totals":null,"Bryce Totals":null,"Cory Totals":null,"JB Totals":null,"Ethan Totals":null,"Jaime Totals":null,"Nate Totals":null,"Evan Totals":null,"Brandon Totals":null},{"Week":"9","Date":"10/17/25","Mitch Bet Amount":"$25","Mitch Win/Lose/Push":"Win","Mitch":"Bryce (leaders)","Mitch Resolved":"Tail Bryce","Phil Bet Amount":"$20","Phil Win/Lose/Push":"Push","Phil":"Notre Dame (leaders) ","Phil Resolved":"University of Notre Dame (University of Notre Dame)","Bryce Bet Amount":"$10","Bryce Win/Lose/Push":"Win","Bryce":"Missouri -1 (buy the half point, still -120)😉 (legends) ","Bryce Resolved":"University of Missouri (University of Missouri -1)","Cory Bet Amount":"$5","Cory Win/Lose/Push":"Win","Cory":"Bears (legends) ","Cory Resolved":"Chicago Bears (Chicago Bears)","JB Bet Amount":"$10","JB Win/Lose/Push":"Loss","JB":"texas tech (leaders) ","JB Resolved":"Texas Tech University (Texas Tech University)","Ethan Bet Amount":"$5","Ethan Win/Lose/Push":"Loss","Ethan":"Nebraska (legends) ","Ethan Resolved":"University of Nebraska (University of Nebraska)","Jaime Bet Amount":"$5","Jaime Win/Lose/Push":"Win","Jaime":"Indiana Over 49.5 (legends) ","Jaime Resolved":"Indiana University (Over 49.5)","Nathan Bet Amount":"$10","Nathan Win/Lose/Push":"Win","Nathan":"Patriots -7 (legends) ","Nathan Resolved":"New England Patriots (New England Patriots -7)","Evan Bet Amount":"$5","Evan Win/Lose/Push":"Loss","Evan":"Texas Tech -7.5 (leaders) ","Evan Resolved":"Texas Tech University (Texas Tech University)","Brandon Bet Amount":"$5","Brandon Win/Lose/Push":"Loss","Brandon":"LSU +2.5 (legends) ","Brandon Resolved":"Louisiana State University (Louisiana State University +2.5)","":"","Total Team Bet":"$100.00","Legends Bet":"$40.00","Leaders Bet":"$60.00","To Win":null,"Payout":null,"TOTALS":null,"Mitch Totals":null,"Phil Totals":null,"Bryce Totals":null,"Cory Totals":null,"JB Totals":null,"Ethan Totals":null,"Jaime Totals":null,"Nate Totals":null,"Evan Totals":null,"Brandon Totals":null},{"Week":"10","Date":"10/24/25","Mitch Bet Amount":"$5","Mitch Win/Lose/Push":"Loss","Mitch":"USF (leaders) ","Mitch Resolved":"San Jose State University @ University of South Florida (University of South Florida)","Phil Bet Amount":"$20","Phil Win/Lose/Push":"Win","Phil":"Texas A&M/LSU Over (leaders) ","Phil Resolved":"Texas A&M University @ Louisiana State University (Over)","Bryce Bet Amount":"$5","Bryce Win/Lose/Push":"Win","Bryce":"BYU (legends) ","Bryce Resolved":"Brigham Young University (Brigham Young University)","Cory Bet Amount":"$5","Cory Win/Lose/Push":"Loss","Cory":"Bama (legends)  ","Cory Resolved":"University of Alabama (University of Alabama)","JB Bet Amount":"$15","JB Win/Lose/Push":"Win","JB":"southern miss (leaders) ","JB Resolved":"University of Southern Mississippi (University of Southern Mississippi)","Ethan Bet Amount":"$10","Ethan Win/Lose/Push":"Win","Ethan":"Oklahoma vs ole miss over (legends) ","Ethan Resolved":"Texas A&M University @ Louisiana State University (Over)","Jaime Bet Amount":"$5","Jaime Win/Lose/Push":"Loss","Jaime":"UCLA +26 (legends) ","Jaime Resolved":"University of California Los Angeles (University of California Los Angeles +26)","Nathan Bet Amount":"$5","Nathan Win/Lose/Push":"Win","Nathan":"Chiefs -11.5 (legends) ","Nathan Resolved":"Kansas City Chiefs (Kansas City Chiefs -11.5)","Evan Bet Amount":"$10","Evan Win/Lose/Push":"Win","Evan":"Ole Miss +5.5 (leaders) ","Evan Resolved":"University of Southern Mississippi (University of Southern Mississippi)","Brandon Bet Amount":"$10","Brandon Win/Lose/Push":"Win","Brandon":"IF(Man City > -120, Man City, MSU +13.5) (legends) ","Brandon Resolved":"Kansas City Chiefs (Kansas City Chiefs -11.5)","":"","Total Team Bet":"$90.00","Legends Bet":"$40.00","Leaders Bet":"$50.00","To Win":null,"Payout":null,"TOTALS":null,"Mitch Totals":null,"Phil Totals":null,"Bryce Totals":null,"Cory Totals":null,"JB Totals":null,"Ethan Totals":null,"Jaime Totals":null,"Nate Totals":null,"Evan Totals":null,"Brandon Totals":null},{"Week":"11","Date":"10/31/25","Mitch Bet Amount":"$10","Mitch Win/Lose/Push":"Loss","Mitch":"georgia tech - tail JB (leaders)","Mitch Resolved":"Tail georgia tech - JB (leaders)","Phil Bet Amount":"$5","Phil Win/Lose/Push":"Win","Phil":"Utah (leaders)","Phil Resolved":"University of Utah (University of Utah)","Bryce Bet Amount":"$5","Bryce Win/Lose/Push":"Win","Bryce":"Timothy Cuamba (legends)","Bryce Resolved":"Timothy Cuamba (Timothy Cuamba)","Cory Bet Amount":"$10","Cory Win/Lose/Push":"Loss","Cory":"(legends) Patriots  ","Cory Resolved":"New England Patriots (New England Patriots)","JB Bet Amount":"$5","JB Win/Lose/Push":"Loss","JB":"(leaders) Georgia tech","JB Resolved":"Georgia Institute of Technology (Georgia Institute of Technology)","Ethan Bet Amount":"$5","Ethan Win/Lose/Push":"Win","Ethan":"Indiana (legends)","Ethan Resolved":"Indiana University (Indiana University)","Jaime Bet Amount":"$10","Jaime Win/Lose/Push":"Loss","Jaime":"MIA/SMU Over (legends)","Jaime Resolved":"University of Miami @ Southern Methodist University (Over)","Nathan Bet Amount":"$5","Nathan Win/Lose/Push":"Loss","Nathan":"KC -1.5 (legends) ","Nathan Resolved":"Kansas City Chiefs (Kansas City Chiefs -1.5)","Evan Bet Amount":"$5","Evan Win/Lose/Push":"Win","Evan":"Oklahoma+2.5 (leaders)","Evan Resolved":"University of Oklahoma (University of Oklahoma +2.5)","Brandon Bet Amount":"$5","Brandon Win/Lose/Push":"Push","Brandon":"Texas -3.5 (legends)","Brandon Resolved":"University of Texas (University of Texas -3.5)","":"","Total Team Bet":"$65.00","Legends Bet":"$40.00","Leaders Bet":"$25.00","To Win":null,"Payout":null,"TOTALS":null,"Mitch Totals":null,"Phil Totals":null,"Bryce Totals":null,"Cory Totals":null,"JB Totals":null,"Ethan Totals":null,"Jaime Totals":null,"Nate Totals":null,"Evan Totals":null,"Brandon Totals":null},{"Week":"12","Date":"11/7/25","Mitch Bet Amount":"$15","Mitch Win/Lose/Push":"Win","Mitch":"Wake Forest  (leaders) ","Mitch Resolved":"Stanford University @ Wake Forest University (Wake Forest University)","Phil Bet Amount":"$5","Phil Win/Lose/Push":"Loss","Phil":"Oregon (leaders) ","Phil Resolved":"University of Oregon (University of Oregon)","Bryce Bet Amount":"$5","Bryce Win/Lose/Push":"Win","Bryce":"(legends) UL LAFAYETTE ","Bryce Resolved":"University of Louisiana Lafayette (University of Louisiana Lafayette)","Cory Bet Amount":"$15","Cory Win/Lose/Push":"Win","Cory":"Wash/wi under (legends) ","Cory Resolved":"University of Washington @ University of Wisconsin (Under)","JB Bet Amount":"$10","JB Win/Lose/Push":"Win","JB":"stanford under (leaders) ","JB Resolved":"Stanford University @ Wake Forest University (Wake Forest University)","Ethan Bet Amount":"$5","Ethan Win/Lose/Push":"Win","Ethan":"Vandy (legends) ","Ethan Resolved":"Vanderbilt University (Vanderbilt University)","Jaime Bet Amount":"$15","Jaime Win/Lose/Push":"Win","Jaime":"Texas A&M -6.5 (leaders) ","Jaime Resolved":"Texas A&M University (Texas A&M University -6.5)","Nathan Bet Amount":"$10","Nathan Win/Lose/Push":"Win","Nathan":"LAR (legends) ","Nathan Resolved":"Los Angeles Rams (Los Angeles Rams)","Evan Bet Amount":"$5","Evan Win/Lose/Push":"Loss","Evan":"BYU +12 (legends) ","Evan Resolved":"Brigham Young University (Brigham Young University +12)","Brandon Bet Amount":"$5","Brandon Win/Lose/Push":"Win","Brandon":"Penn State (legends) ","Brandon Resolved":"Penn State University (Penn State University)","":"","Total Team Bet":"$90.00","Legends Bet":"$45.00","Leaders Bet":"$45.00","To Win":null,"Payout":null,"TOTALS":null,"Mitch Totals":null,"Phil Totals":null,"Bryce Totals":null,"Cory Totals":null,"JB Totals":null,"Ethan Totals":null,"Jaime Totals":null,"Nate Totals":null,"Evan Totals":null,"Brandon Totals":null},{"Week":"13","Date":"11/14/25","Mitch Bet Amount":"$5","Mitch Win/Lose/Push":"Loss","Mitch":"San Jose St. (leaders)","Mitch Resolved":"University of Nevada Las Vegas @ San Jose State University (San Jose State University)","Phil Bet Amount":"$10","Phil Win/Lose/Push":"Win","Phil":"Penn State (leaders) ","Phil Resolved":"University of Nevada Las Vegas @ San Jose State University (San Jose State University)","Bryce Bet Amount":"$5","Bryce Win/Lose/Push":"Win","Bryce":"(legends) Arizona ","Bryce Resolved":"University of Arizona (University of Arizona)","Cory Bet Amount":"$5","Cory Win/Lose/Push":"Push","Cory":"(legends) Ravens  ","Cory Resolved":"Baltimore Ravens (Baltimore Ravens)","JB Bet Amount":"$5","JB Win/Lose/Push":"Win","JB":"(leaders) Iowa under ","JB Resolved":"University of Iowa (Under)","Ethan Bet Amount":"$5","Ethan Win/Lose/Push":"Win","Ethan":"Georgia (legends) ","Ethan Resolved":"University of Georgia (University of Georgia)","Jaime Bet Amount":"$5","Jaime Win/Lose/Push":"Win","Jaime":"Texas A&M/SC Over (legends) ","Jaime Resolved":"Texas A&M University @ University of South Carolina (Over)","Nathan Bet Amount":"$5","Nathan Win/Lose/Push":"Loss","Nathan":"Texans (legends) ","Nathan Resolved":"Houston Texans (Houston Texans)","Evan Bet Amount":"$10","Evan Win/Lose/Push":"Win","Evan":"BYU -3 (leaders) ","Evan Resolved":"Brigham Young University (Brigham Young University -3)","Brandon Bet Amount":"$5","Brandon Win/Lose/Push":"Win","Brandon":"Northwestern +11.5 (legends) ","Brandon Resolved":"Northwestern University (Northwestern University +11.5)","":"","Total Team Bet":"$60.00","Legends Bet":"$30.00","Leaders Bet":"$30.00","To Win":null,"Payout":null,"TOTALS":null,"Mitch Totals":null,"Phil Totals":null,"Bryce Totals":null,"Cory Totals":null,"JB Totals":null,"Ethan Totals":null,"Jaime Totals":null,"Nate Totals":null,"Evan Totals":null,"Brandon Totals":null},{"Week":"14","Date":"11/21/25","Mitch Bet Amount":"$10","Mitch Win/Lose/Push":"Win","Mitch":"Bryce (leaders)","Mitch Resolved":"Tail Bryce","Phil Bet Amount":"$5","Phil Win/Lose/Push":"Win","Phil":"Michigan (leaders)","Phil Resolved":"University of Michigan (University of Michigan)","Bryce Bet Amount":"$5","Bryce Win/Lose/Push":"Win","Bryce":"Duke (legends)","Bryce Resolved":"Duke University (Duke University)","Cory Bet Amount":"$5","Cory Win/Lose/Push":"Win","Cory":"Utah KSU. Over (legends)","Cory Resolved":"Kansas State University @ University of Utah (Over)","JB Bet Amount":"$5","JB Win/Lose/Push":"Win","JB":"Brandon (leaders)","JB Resolved":"Tail Brandon","Ethan Bet Amount":"$5","Ethan Win/Lose/Push":"Win","Ethan":"Bengals (legends)","Ethan Resolved":"Cincinnati Bengals (Cincinnati Bengals)","Jaime Bet Amount":"$5","Jaime Win/Lose/Push":"Loss","Jaime":"Texas A&M/Samford Over (legends)","Jaime Resolved":"Kansas State University @ University of Utah (Over)","Nathan Bet Amount":"$10","Nathan Win/Lose/Push":"Win","Nathan":"Rams (legends)","Nathan Resolved":"Los Angeles Rams (Los Angeles Rams)","Evan Bet Amount":"$5","Evan Win/Lose/Push":"Win","Evan":"Tennessee -4 (leaders)","Evan Resolved":"University of Tennessee (University of Tennessee -4)","Brandon Bet Amount":"$5","Brandon Win/Lose/Push":"Win","Brandon":"BYU (legends)","Brandon Resolved":"Brigham Young University (Brigham Young University)","":"","Total Team Bet":"$60.00","Legends Bet":"$35.00","Leaders Bet":"$25.00","To Win":"","Payout":"$87.38","TOTALS":null,"Mitch Totals":null,"Phil Totals":null,"Bryce Totals":null,"Cory Totals":null,"JB Totals":null,"Ethan Totals":null,"Jaime Totals":null,"Nate Totals":null,"Evan Totals":null,"Brandon Totals":null},{"Week":"15","Date":"11/28/25","Mitch Bet Amount":"$5","Mitch Win/Lose/Push":"W","Mitch":"Alabama -110 (leaders)","Mitch Resolved":"Alabama Crimson Tide @ Auburn Tigers (Alabama Crimson Tide -5)","Phil Bet Amount":"$5","Phil Win/Lose/Push":"W","Phil":"Oregon (leaders) ","Phil Resolved":"Oregon Ducks @ Washington Huskies","Bryce Bet Amount":"$5","Bryce Win/Lose/Push":"L","Bryce":"vikes (NFL) (legends)","Bryce Resolved":"Minnesota Vikings @ Seattle Seahawks (Minnesota Vikings +11.5)","Cory Bet Amount":"$5","Cory Win/Lose/Push":"W","Cory":"houston (NCAAF) (legends)","Cory Resolved":"Houston Cougars @ Baylor Bears (Houston Cougars +2.5)","JB Bet Amount":"$5","JB Win/Lose/Push":"W","JB":"NW/Illinois under (leaders) (leaders)","JB Resolved":"Northwestern Wildcats @ Illinois Fighting Illini (Under 45.5)","Ethan Bet Amount":"$5","Ethan Win/Lose/Push":"W","Ethan":"ohio state -110 (legends)","Ethan Resolved":"Ohio State Buckeyes @ Michigan Wolverines (Ohio State Buckeyes -9.5)","Jaime Bet Amount":"$10","Jaime Win/Lose/Push":"L","Jaime":"OK/LSU Over -110 (leaders)","Jaime Resolved":"LSU Tigers @ Oklahoma Sooners (Over 36.5)","Nathan Bet Amount":"$5","Nathan Win/Lose/Push":"L","Nathan":"Browns  -110 (legends)","Nathan Resolved":"San Francisco 49ers @ Cleveland Browns (Cleveland Browns +6)","Evan Bet Amount":"$5","Evan Win/Lose/Push":"L","Evan":"Pitt +7 (NCAAF) (legends)","Evan Resolved":"Miami Hurricanes @ Pittsburgh Panthers (Pittsburgh Panthers +7)","Brandon Bet Amount":"$5","Brandon Win/Lose/Push":"W","Brandon":"Ethan (legends)","Brandon Resolved":"Ethan","":"","Total Team Bet":"$30.00","Legends Bet":"$0.00","Leaders Bet":"$0.00","To Win":null,"Payout":null,"TOTALS":null,"Mitch Totals":null,"Phil Totals":null,"Bryce Totals":null,"Cory Totals":null,"JB Totals":null,"Ethan Totals":null,"Jaime Totals":null,"Nate Totals":null,"Evan Totals":null,"Brandon Totals":null},{"Week":"16","Date":"12/5/25","Mitch Bet Amount":"$5","Mitch Win/Lose/Push":"W","Mitch":"Louisville | -4.5 (NCAAB) (leaders)","Mitch Resolved":"Indiana Hoosiers @ Louisville Cardinals (Louisville Cardinals -4.5)","Phil Bet Amount":"$5","Phil Win/Lose/Push":"W","Phil":"Miami-Ohio | under 43 (NCAAF) (leaders)","Phil Resolved":"Miami (OH) RedHawks @ Western Michigan Broncos (Under 43)","Bryce Bet Amount":"$10","Bryce Win/Lose/Push":"W","Bryce":"Georgia | -2 (NCAAF) (legends)","Bryce Resolved":"Georgia Bulldogs @ Alabama Crimson Tide (Georgia Bulldogs -2)","Cory Bet Amount":"$5","Cory Win/Lose/Push":"L","Cory":"Virginia | -4 (NCAAF) (legends)","Cory Resolved":"Duke Blue Devils @ Virginia Cavaliers (Virginia Cavaliers -4)","JB Bet Amount":"$5","JB Win/Lose/Push":"L","JB":"montana/montana st over 53.5","JB Resolved":"montana @ montana st (Over 53.5)","Ethan Bet Amount":"$5","Ethan Win/Lose/Push":"W","Ethan":"Jaguars | +2 (NFL) (legends)","Ethan Resolved":"Indianapolis Colts @ Jacksonville Jaguars (Jacksonville Jaguars +2)","Jaime Bet Amount":"$15","Jaime Win/Lose/Push":"L","Jaime":"Packers/Bears | under 44 (NFL) (leaders)","Jaime Resolved":"Chicago Bears @ Green Bay Packers (Under 44)","Nathan Bet Amount":"$10","Nathan Win/Lose/Push":"W","Nathan":"Texans | +3.5 (NFL) (legends)","Nathan Resolved":"Houston Texans @ Kansas City Chiefs (Houston Texans +3.5)","Evan Bet Amount":"$10","Evan Win/Lose/Push":"L","Evan":"Georgia Alabama | under 48 (NCAAF) (legends)","Evan Resolved":"Georgia Bulldogs @ Alabama Crimson Tide (Under 48)","Brandon Bet Amount":"$5","Brandon Win/Lose/Push":"L","Brandon":"OSU | -3 (NCAAF) (legends)","Brandon Resolved":"Indiana Hoosiers @ Ohio State Buckeyes (Ohio State Buckeyes -3)","":"","Total Team Bet":"$0.00","Legends Bet":"$0.00","Leaders Bet":"$0.00","To Win":null,"Payout":null,"TOTALS":null,"Mitch Totals":null,"Phil Totals":null,"Bryce Totals":null,"Cory Totals":null,"JB Totals":null,"Ethan Totals":null,"Jaime Totals":null,"Nate Totals":null,"Evan Totals":null,"Brandon Totals":null},{"Week":"17","Date":"12/12/2025","Mitch Bet Amount":"$5","Mitch Win/Lose/Push":"L","Mitch":"Navy -6 (leaders)","Mitch Resolved":"(Navy -6)","Phil Bet Amount":"$5","Phil Win/Lose/Push":"W","Phil":"Army/Navy Under 38 (leaders)","Phil Resolved":"(Under 38)","Bryce Bet Amount":"$5","Bryce Win/Lose/Push":"W","Bryce":"Brandon (legends)","Bryce Resolved":"Tail Brandon","Cory Bet Amount":"$10","Cory Win/Lose/Push":"L","Cory":"Houston/az under 42.5 (legends)","Cory Resolved":"Houston Texans Arizona Cardinals (Under 42.5)","JB Bet Amount":"$5","JB Win/Lose/Push":"P","JB":"zaga -10 (leaders)","JB Resolved":"UCLA Bruins @ Gonzaga Bulldogs (Gonzaga -10)","Ethan Bet Amount":"$5","Ethan Win/Lose/Push":"L","Ethan":"Creighton -4 (legends)","Ethan Resolved":"Kansas St. Wildcats @ Creighton Bluejays (Creighton -4)","Jaime Bet Amount":"$20","Jaime Win/Lose/Push":"W","Jaime":"Packers/Broncos Over 43 (leaders)","Jaime Resolved":"Green Bay Packers Denver Broncos (Over 43)","Nathan Bet Amount":"$5","Nathan Win/Lose/Push":"L","Nathan":"Packers -2 (legends)","Nathan Resolved":"Green Bay Packers Denver Broncos (Green Bay Packers -2)","Evan Bet Amount":"$15","Evan Win/Lose/Push":"W","Evan":"Michigan St Penn St under 145 (legends)","Evan Resolved":"Michigan St. Spartans Penn State Nittany Lions (Under 145)","Brandon Bet Amount":"$10","Brandon Win/Lose/Push":"W","Brandon":"Man City -.5 (legends)","Brandon Resolved":"Crystal Palace F.C. @ Manchester City Football Club (Manchester City -.5)","":null,"Total Team Bet":null,"Legends Bet":null,"Leaders Bet":null,"To Win":null,"Payout":null,"TOTALS":null,"Mitch Totals":null,"Phil Totals":null,"Bryce Totals":null,"Cory Totals":null,"JB Totals":null,"Ethan Totals":null,"Jaime Totals":null,"Nate Totals":null,"Evan Totals":null,"Brandon Totals":null},{"Week":"18","Date":"12/19/2025","Mitch Bet Amount":"$10","Mitch Win/Lose/Push":"L","Mitch":"unc | -3.5 (NCAAB) (leaders)","Mitch Resolved":"Ohio State Buckeyes @ North Carolina Tar Heels (North Carolina Tar Heels -3.5)","Phil Bet Amount":"$5","Phil Win/Lose/Push":"L","Phil":"Utah State/Wash State | Under 50 (NCAAF) (legends)","Phil Resolved":"Washington State Cougars @ Utah State Aggies (Under 50)","Bryce Bet Amount":"$5","Bryce Win/Lose/Push":"L","Bryce":"Utah State | -1 (NCAAF) (legends)","Bryce Resolved":"Washington State Cougars @ Utah State Aggies (Utah State Aggies -1)","Cory Bet Amount":"$15","Cory Win/Lose/Push":"W","Cory":"Unlv/Ohio under | under 65.5 (NCAAF) (legends)","Cory Resolved":"Unlv/Ohio under (Under 65.5)","JB Bet Amount":"$5","JB Win/Lose/Push":"W","JB":"montana/montana st over 53.5","JB Resolved":"Montana Grizzlies @ Montana State Bobcats (Over 53.5)","Ethan Bet Amount":"$10","Ethan Win/Lose/Push":"W","Ethan":"Gophers | -2 (NCAAF) (legends)","Ethan Resolved":"New Mexico Lobos @ Minnesota Golden Gophers (Minnesota Golden Gophers -2)","Jaime Bet Amount":"$5","Jaime Win/Lose/Push":"W","Jaime":"49ers | -5.5 (NFL) (leaders)","Jaime Resolved":"San Francisco 49ers @ Indianapolis Colts (San Francisco 49ers -5.5)","Nathan Bet Amount":"$10","Nathan Win/Lose/Push":"W","Nathan":"Vikes | -2.5 (NFL) (legends)","Nathan Resolved":"Minnesota Vikings @ New York Giants (Minnesota Vikings -2.5)","Evan Bet Amount":"$5","Evan Win/Lose/Push":"W","Evan":"TAM Miami | under 48 (NCAAF) (leaders)","Evan Resolved":"Miami Hurricanes @ Texas A&M Aggies (Under 48)","Brandon Bet Amount":"$5","Brandon Win/Lose/Push":"L","Brandon":"TAM | -3 (NCAAF) (legends)","Brandon Resolved":"TAM (TAM -3)","":null,"Total Team Bet":null,"Legends Bet":null,"Leaders Bet":null,"To Win":null,"Payout":null,"TOTALS":null,"Mitch Totals":null,"Phil Totals":null,"Bryce Totals":null,"Cory Totals":null,"JB Totals":null,"Ethan Totals":null,"Jaime Totals":null,"Nate Totals":null,"Evan Totals":null,"Brandon Totals":null},{"Week":"19","Date":"12/26/2025","Mitch Bet Amount":"$15","Mitch Win/Lose/Push":"W","Mitch":"Navy | -7 (NCAAF) (leaders)","Mitch Resolved":"Navy Midshipmen @ Cincinnati Bearcats (Navy Midshipmen -7)","Phil Bet Amount":"$10","Phil Win/Lose/Push":"L","Phil":"North Texas / San Diego St | Under 52.5 (NCAAF) (leaders)","Phil Resolved":"North Texas Mean Green @ San Diego State Aztecs (Under 52.5)","Bryce Bet Amount":"$10","Bryce Win/Lose/Push":"L","Bryce":"Arizona | +7 (NFL) (legends)","Bryce Resolved":"Arizona Cardinals @ Cincinnati Bengals (Arizona Cardinals +7)","Cory Bet Amount":"$5","Cory Win/Lose/Push":"W","Cory":"Oregon/tt | under 52.5 (NCAAF) (legends)","Cory Resolved":"Oregon @ tt (Under 52.5)","JB Bet Amount":"$5","JB Win/Lose/Push":"L","JB":"Vandy Baby! | -4.5 (NCAAF) (leaders)","JB Resolved":"Vandy Baby! (Vandy Baby! -4.5)","Ethan Bet Amount":"$5","Ethan Win/Lose/Push":"L","Ethan":"Georgia | -6 (NCAAF) (legends)","Ethan Resolved":"Georgia Tech Yellow Jackets @ BYU Cougars (Georgia Tech Yellow Jackets -6)","Jaime Bet Amount":"$5","Jaime Win/Lose/Push":"W","Jaime":"49ers | -3 (NFL) (leaders)","Jaime Resolved":"Chicago Bears @ San Francisco 49ers (San Francisco 49ers -3)","Nathan Bet Amount":"$5","Nathan Win/Lose/Push":"L","Nathan":"Packers | -3 (NFL) (legends)","Nathan Resolved":"Baltimore Ravens @ Green Bay Packers (Green Bay Packers -3)","Evan Bet Amount":"$5","Evan Win/Lose/Push":"L","Evan":"texas tech | +2 (NCAAF) (legends)","Evan Resolved":"Oregon Ducks @ Texas Tech Red Raiders (Texas Tech Red Raiders +2)","Brandon Bet Amount":"$10","Brandon Win/Lose/Push":"W","Brandon":"Texans | +2 (NFL) (legends)","Brandon Resolved":"Houston Texans @ Los Angeles Chargers (Houston Texans +2)","":null,"Total Team Bet":null,"Legends Bet":null,"Leaders Bet":null,"To Win":null,"Payout":null,"TOTALS":null,"Mitch Totals":null,"Phil Totals":null,"Bryce Totals":null,"Cory Totals":null,"JB Totals":null,"Ethan Totals":null,"Jaime Totals":null,"Nate Totals":null,"Evan Totals":null,"Brandon Totals":null},{"Week":"20","Date":"01/02/2026","Mitch Bet Amount":"$5","Mitch Win/Lose/Push":"W","Mitch":"Alabama (NCAAB) (leaders)","Mitch Resolved":"Kentucky Wildcats @ Alabama Crimson Tide (Alabama Crimson Tide -5.5) (NCAAB)","Phil Bet Amount":"$15","Phil Win/Lose/Push":"W","Phil":"Illinois State/Montana State Over (leaders)","Phil Resolved":"Illinois State Redbirds @ Montana State Bobcats (Over 56.5) (FCS)","Bryce Bet Amount":"$15","Bryce Win/Lose/Push":"W","Bryce":"Indiana (legends)","Bryce Resolved":"Oregon @ Indiana (Indiana -4)","Cory Bet Amount":"$5","Cory Win/Lose/Push":"L","Cory":"49ers (legends)","Cory Resolved":"Seattle Seahawks @ San Francisco 49ers ( San Franscisco 49ers +3)","JB Bet Amount":"$10","JB Win/Lose/Push":"L","JB":"montana st - buy the half point (leaders)","JB Resolved":"Illinois State Redbirds @ Montana State Bobcats (Montana State Bobcats -10) (FCS)","Ethan Bet Amount":"$10","Ethan Win/Lose/Push":"W","Ethan":"Timberwolves (legends)","Ethan Resolved":"Minnesota Timberwolves @ Miami Heat (Minnesota Timberwolves -3) (NBA)","Jaime Bet Amount":"$5","Jaime Win/Lose/Push":"W","Jaime":"Steelers/Ravens Over (legends)","Jaime Resolved":"Baltimore Ravens @ Pittsburgh Steelers (Over 41) (NFL)","Nathan Bet Amount":"$10","Nathan Win/Lose/Push":"L","Nathan":"Bengals (legends)","Nathan Resolved":"Cleveland Browns @ Cincinnati Bengals (Cincinnati Bengals -7) (NFL)","Evan Bet Amount":"$10","Evan Win/Lose/Push":"W","Evan":"Virginia Tech +5.5 (leaders)","Evan Resolved":"Virginia Tech Hokies @ Wake Forest Demon Deacons (Virginia Tech Hokies +5.5) (NCAAB)","Brandon Bet Amount":"$5","Brandon Win/Lose/Push":"W","Brandon":"Iowa -6.5 (legends)","Brandon Resolved":"UCLA Bruins @ Iowa Hawkeyes (Iowa Hawkeyes -6.5) (NCAAB)","":null,"Total Team Bet":null,"Legends Bet":null,"Leaders Bet":null,"To Win":null,"Payout":null,"TOTALS":null,"Mitch Totals":null,"Phil Totals":null,"Bryce Totals":null,"Cory Totals":null,"JB Totals":null,"Ethan Totals":null,"Jaime Totals":null,"Nate Totals":null,"Evan Totals":null,"Brandon Totals":null},{"Week":"21","Date":"01/09/2026","Mitch Bet Amount":"$5","Mitch Win/Lose/Push":"","Mitch":"","Mitch Resolved":"","Phil Bet Amount":"$5","Phil Win/Lose/Push":"","Phil":"","Phil Resolved":"","Bryce Bet Amount":"$5","Bryce Win/Lose/Push":"","Bryce":"","Bryce Resolved":"","Cory Bet Amount":"$10","Cory Win/Lose/Push":"","Cory":"","Cory Resolved":"","JB Bet Amount":"$15","JB Win/Lose/Push":"","JB":"","JB Resolved":"","Ethan Bet Amount":"$5","Ethan Win/Lose/Push":"","Ethan":"","Ethan Resolved":"","Jaime Bet Amount":"$5","Jaime Win/Lose/Push":"","Jaime":"","Jaime Resolved":"","Nathan Bet Amount":"$15","Nathan Win/Lose/Push":"","Nathan":"","Nathan Resolved":"","Evan Bet Amount":"$5","Evan Win/Lose/Push":"","Evan":"","Evan Resolved":"","Brandon Bet Amount":"$5","Brandon Win/Lose/Push":null,"Brandon":null,"Brandon Resolved":null,"":null,"Total Team Bet":null,"Legends Bet":null,"Leaders Bet":null,"To Win":null,"Payout":null,"TOTALS":null,"Mitch Totals":null,"Phil Totals":null,"Bryce Totals":null,"Cory Totals":null,"JB Totals":null,"Ethan Totals":null,"Jaime Totals":null,"Nate Totals":null,"Evan Totals":null,"Brandon Totals":null}]
3:32:07 AM [express] GET /api/data 304 in 3ms :: [{"Week":"1","Date":"8/22/2025","Mitch Bet Amount":"$10","Mitch Win/Lose/Push":"Win","Mitch":"Kansas -14 (legends)","Mitch Resolved":"Fresno State University @ University of Kansas (University of Kansas -14)","Phil Bet Amount":"$25","Phil Win/Lose/Push":"Loss","Phil":"JB (legends)","Phil Resolved":"Tail JB","Bryce Bet Amount":"$5","Bryce Win/Lose/Push":"Loss","Bryce":"Stanford? +2.5 (legends)","Bryce Resolved":"Stanford University (Stanford University +2.5)","Cory Bet Amount":"$25","Cory Win/Lose/Push":"Win","Cory":"Rutgers over 47 (leaders)","Cory Resolved":"Rutgers University (Over 47)","JB Bet Amount":"$5","JB Win/Lose/Push":"Loss","JB":"kansas st over 52 (legends)","JB Resolved":"Fresno State University @ University of Kansas (University of Kansas -14)","Ethan Bet Amount":"$20","Ethan Win/Lose/Push":"Win","Ethan":"Mitch (legends)","Ethan Resolved":"Tail Mitch","Jaime Bet Amount":"$10","Jaime Win/Lose/Push":"Loss","Jaime":"UCF/Jax St Over 52.5 (legends)","Jaime Resolved":"Rutgers University (Over 47)","Nathan Bet Amount":"$5","Nathan Win/Lose/Push":"Loss","Nathan":"Universitario -0.5 (leaders)","Nathan Resolved":"Universitario (Universitario -0.5)","Evan Bet Amount":"$5","Evan Win/Lose/Push":"Loss","Evan":"Kansas State -3 (leaders)","Evan Resolved":"Fresno State University @ University of Kansas (University of Kansas -14)","Brandon Bet Amount":"$5","Brandon Win/Lose/Push":"Loss","Brandon":"KU/Fresno o50 (leaders)","Brandon Resolved":"University of Kansas @ Fresno State University (Over 50)","":"","Total Team Bet":"$115.00","Legends Bet":"$75.00","Leaders Bet":"$40.00","To Win":"","Payout":"","TOTALS":"Total Bet","Mitch Totals":"$205.00","Phil Totals":"$215.00","Bryce Totals":"$85.00","Cory Totals":"$105.00","JB Totals":"$135.00","Ethan Totals":"$130.00","Jaime Totals":"$140.00","Nate Totals":"$110.00","Evan Totals":"$135.00","Brandon Totals":"$110.00"},{"Week":"2","Date":"8/29/2025","Mitch Bet Amount":"$5","Mitch Win/Lose/Push":"Loss","Mitch":"Alabama -13.5 (legends)","Mitch Resolved":"University of Texas @ University of Alabama (University of Alabama -13.5)","Phil Bet Amount":"$25","Phil Win/Lose/Push":"Loss","Phil":"Mitch (legends)","Phil Resolved":"Tail Mitch","Bryce Bet Amount":"$10","Bryce Win/Lose/Push":"Win","Bryce":"Ohio st (legends)","Bryce Resolved":"Ohio State University (Ohio State University)","Cory Bet Amount":"$5","Cory Win/Lose/Push":"Win","Cory":"Maryland under  (leaders)","Cory Resolved":"University of Maryland (Under)","JB Bet Amount":"$10","JB Win/Lose/Push":"Loss","JB":"penn st under (legends)","JB Resolved":"University of Maryland (Under)","Ethan Bet Amount":"$5","Ethan Win/Lose/Push":"Win","Ethan":"Iowa under 50.5 (legends)","Ethan Resolved":"University of Maryland (Under)","Jaime Bet Amount":"$15","Jaime Win/Lose/Push":"Win","Jaime":"Tennessee -13.5 (legends)","Jaime Resolved":"University of Texas @ University of Alabama (University of Alabama -13.5)","Nathan Bet Amount":"$10","Nathan Win/Lose/Push":"Win","Nathan":"Padres -1.5 (leaders)","Nathan Resolved":"San Diego Padres (San Diego Padres -1.5)","Evan Bet Amount":"$10","Evan Win/Lose/Push":"Loss","Evan":"Texas +1.5 (leaders)","Evan Resolved":"University of Texas @ University of Alabama (University of Alabama -13.5)","Brandon Bet Amount":"$10","Brandon Win/Lose/Push":"Loss","Brandon":"Sinner -8.5 (leaders)","Brandon Resolved":"Jannik Sinner (Jannik Sinner -8.5)","":"","Total Team Bet":"$105.00","Legends Bet":"$70.00","Leaders Bet":"$35.00","To Win":"","Payout":"","TOTALS":"Total Wins","Mitch Totals":"4","Phil Totals":"5","Bryce Totals":"11","Cory Totals":"10","JB Totals":"6","Ethan Totals":"9","Jaime Totals":"7","Nate Totals":"8","Evan Totals":"7","Brandon Totals":"8"},{"Week":"3","Date":"9/5/2025","Mitch Bet Amount":"$10","Mitch Win/Lose/Push":"Loss","Mitch":"Ole Miss 1H (legends)","Mitch Resolved":"North Carolina State @ University of Mississippi (University of Mississippi -7, 1st Half)","Phil Bet Amount":"$25","Phil Win/Lose/Push":"Loss","Phil":"Ethan (legends)","Phil Resolved":"Tail Ethan","Bryce Bet Amount":"$5","Bryce Win/Lose/Push":"Win","Bryce":"Vikes","Bryce Resolved":"Minnesota Vikings (Minnesota Vikings)","Cory Bet Amount":"$5","Cory Win/Lose/Push":"Win","Cory":"MSU over (leaders)","Cory Resolved":"Michigan State University (Over)","JB Bet Amount":"$15","JB Win/Lose/Push":"Loss","JB":"Navy  (legends)","JB Resolved":"United States Naval Academy (United States Naval Academy)","Ethan Bet Amount":"$5","Ethan Win/Lose/Push":"Loss","Ethan":"USF vs Florida over (legends)","Ethan Resolved":"Michigan State University (Over)","Jaime Bet Amount":"$5","Jaime Win/Lose/Push":"Win","Jaime":"Illinois -2.5 (legends)","Jaime Resolved":"University of Illinois (University of Illinois -2.5)","Nathan Bet Amount":"$5","Nathan Win/Lose/Push":"Win","Nathan":"(NFL) Arizona -6.5 (leaders)","Nathan Resolved":"Arizona Cardinals (Arizona Cardinals -6.5)","Evan Bet Amount":"$15","Evan Win/Lose/Push":"Loss","Evan":"Iowa/ Iowa St over 43 (leaders)","Evan Resolved":"Michigan State University (Over)","Brandon Bet Amount":"$15","Brandon Win/Lose/Push":"Push","Brandon":"W US Open o22 games (leaders)","Brandon Resolved":"US Open (Over 22 Games)","":"","Total Team Bet":"$105.00","Legends Bet":"$60.00","Leaders Bet":"$40.00","To Win":"","Payout":"","TOTALS":"Total Losses","Mitch Totals":"10","Phil Totals":"7","Bryce Totals":"3","Cory Totals":"2","JB Totals":"8","Ethan Totals":"5","Jaime Totals":"7","Nate Totals":"6","Evan Totals":"6","Brandon Totals":"4"},{"Week":"4","Date":"9/12/25","Mitch Bet Amount":"$15","Mitch Win/Lose/Push":"Loss","Mitch":"Steelers (legends)","Mitch Resolved":"Cincinnati Bengals @ Pittsburgh Steelers (Pittsburgh Steelers)","Phil Bet Amount":"$25","Phil Win/Lose/Push":"Win","Phil":"Ethan (legends)","Phil Resolved":"Tail Ethan","Bryce Bet Amount":"$5","Bryce Win/Lose/Push":"Win","Bryce":"Texas A&M (legends)","Bryce Resolved":"Texas A&M University (Texas A&M University)","Cory Bet Amount":"$5","Cory Win/Lose/Push":"Win","Cory":"Eagles (leaders)","Cory Resolved":"Philadelphia Eagles (Philadelphia Eagles)","JB Bet Amount":"$20","JB Win/Lose/Push":"Win","JB":"Nate (legends)","JB Resolved":"Tail Nathan","Ethan Bet Amount":"$10","Ethan Win/Lose/Push":"Win","Ethan":"Texas tech -23 (legends)","Ethan Resolved":"Texas A&M University (Texas A&M University)","Jaime Bet Amount":"$5","Jaime Win/Lose/Push":"Loss","Jaime":"Oregon -26.5 (legends)","Jaime Resolved":"University of Oregon (University of Oregon -26.5)","Nathan Bet Amount":"$5","Nathan Win/Lose/Push":"Win","Nathan":"Rams -5.5 (leaders) ","Nathan Resolved":"Los Angeles Rams (Los Angeles Rams -5.5)","Evan Bet Amount":"$20","Evan Win/Lose/Push":"Push","Evan":"Georgia -3.5 (leaders) ","Evan Resolved":"University of Georgia (University of Georgia -3.5)","Brandon Bet Amount":"$15","Brandon Win/Lose/Push":"Win","Brandon":"Man City -0.75 (leaders) ","Brandon Resolved":"Manchester City (Manchester City -0.75)","":"","Total Team Bet":"$125.00","Legends Bet":"$80.00","Leaders Bet":"$45.00","To Win":"","Payout":"$325.00","TOTALS":"Total Pushes","Mitch Totals":"0","Phil Totals":"2","Bryce Totals":"0","Cory Totals":"2","JB Totals":"0","Ethan Totals":"0","Jaime Totals":"0","Nate Totals":"0","Evan Totals":"1","Brandon Totals":"2"},{"Week":"5","Date":"9/19/25","Mitch Bet Amount":"$20","Mitch Win/Lose/Push":"Loss","Mitch":"JB (legends)","Mitch Resolved":"Tail JB","Phil Bet Amount":"$5","Phil Win/Lose/Push":"Loss","Phil":"Fresno (leaders)","Phil Resolved":"Fresno State University (Fresno State University)","Bryce Bet Amount":"$5","Bryce Win/Lose/Push":"Win","Bryce":"South Carolina (legends)","Bryce Resolved":"University of South Carolina (University of South Carolina)","Cory Bet Amount":"$5","Cory Win/Lose/Push":"Win","Cory":"Indiana (legends)","Cory Resolved":"Indiana University (Indiana University)","JB Bet Amount":"$5","JB Win/Lose/Push":"Loss","JB":"ATL Falcons (legends)","JB Resolved":"Atlanta Falcons (Atlanta Falcons)","Ethan Bet Amount":"$5","Ethan Win/Lose/Push":"Loss","Ethan":"Texans (legends)","Ethan Resolved":"Houston Texans (Houston Texans)","Jaime Bet Amount":"$10","Jaime Win/Lose/Push":"Loss","Jaime":"Packers -7.5 (legends) ","Jaime Resolved":"Green Bay Packers (Green Bay Packers -7.5)","Nathan Bet Amount":"$5","Nathan Win/Lose/Push":"Loss","Nathan":"49ers -2.5 (leaders)","Nathan Resolved":"San Francisco 49ers (San Francisco 49ers -2.5)","Evan Bet Amount":"$20","Evan Win/Lose/Push":"Win","Evan":"Florida/Miami Under 50.5 (leaders)","Evan Resolved":"University of Florida @ University of Miami (Under 50.5)","Brandon Bet Amount":"$5","Brandon Win/Lose/Push":"Loss","Brandon":"Nebraska +1 (leaders)","Brandon Resolved":"University of Nebraska (University of Nebraska +1)","":"","Total Team Bet":"$85.00","Legends Bet":"$50.00","Leaders Bet":"$35.00","To Win":"","Payout":"","TOTALS":"Win Percentage","Mitch Totals":"28.57%","Phil Totals":"41.67%","Bryce Totals":"78.57%","Cory Totals":"83.33%","JB Totals":"42.86%","Ethan Totals":"64.29%","Jaime Totals":"50.00%","Nate Totals":"57.14%","Evan Totals":"53.85%","Brandon Totals":"66.67%"},{"Week":"6","Date":"9/26/25","Mitch Bet Amount":"$25","Mitch Win/Lose/Push":"Loss","Mitch":"Ethan (legends) ","Mitch Resolved":"Tail Ethan","Phil Bet Amount":"$10","Phil Win/Lose/Push":"Loss","Phil":"Alabama/Georgia over (leaders) ","Phil Resolved":"University of Alabama @ University of Georgia (Over)","Bryce Bet Amount":"$5","Bryce Win/Lose/Push":"Loss","Bryce":"Vikings (legends) ","Bryce Resolved":"Minnesota Vikings (Minnesota Vikings)","Cory Bet Amount":"$5","Cory Win/Lose/Push":"Win","Cory":"NW/UCLA under (legends) ","Cory Resolved":"Northwestern University @ University of California Los Angeles (Under)","JB Bet Amount":"$10","JB Win/Lose/Push":"Loss","JB":"San Fran 49ers (legends) ","JB Resolved":"San Francisco 49ers (San Francisco 49ers)","Ethan Bet Amount":"$10","Ethan Win/Lose/Push":"Loss","Ethan":"Georgia (legends) ","Ethan Resolved":"University of Alabama @ University of Georgia (Over)","Jaime Bet Amount":"$15","Jaime Win/Lose/Push":"Loss","Jaime":"PSU Under 53.5 (legends) ","Jaime Resolved":"Northwestern University @ University of California Los Angeles (Under)","Nathan Bet Amount":"$10","Nathan Win/Lose/Push":"Loss","Nathan":"Chargers -6.5 (leaders) ","Nathan Resolved":"Los Angeles Chargers (Los Angeles Chargers -6.5)","Evan Bet Amount":"$5","Evan Win/Lose/Push":"Win","Evan":"Colorado/BYU under 49.5 (leaders) ","Evan Resolved":"Northwestern University @ University of California Los Angeles (Under)","Brandon Bet Amount":"$10","Brandon Win/Lose/Push":"Win","Brandon":"(leaders) Iowa +8.5 ","Brandon Resolved":"University of Iowa (University of Iowa +8.5)","":"","Total Team Bet":"$105.00","Legends Bet":"$70.00","Leaders Bet":"$35.00","To Win":null,"Payout":null,"TOTALS":null,"Mitch Totals":null,"Phil Totals":null,"Bryce Totals":null,"Cory Totals":null,"JB Totals":null,"Ethan Totals":null,"Jaime Totals":null,"Nate Totals":null,"Evan Totals":null,"Brandon Totals":null},{"Week":"7","Date":"10/3/25","Mitch Bet Amount":"$25","Mitch Win/Lose/Push":"Loss","Mitch":"Miami/FSU over (leaders) ","Mitch Resolved":"University of Miami @ Florida State University (Over)","Phil Bet Amount":"$15","Phil Win/Lose/Push":"Loss","Phil":"Texas/Florida Under (leaders) ","Phil Resolved":"University of Texas @ University of Florida (Under)","Bryce Bet Amount":"$10","Bryce Win/Lose/Push":"Win","Bryce":"Vikings Again? (legends) ","Bryce Resolved":"Minnesota Vikings (Minnesota Vikings)","Cory Bet Amount":"$5","Cory Win/Lose/Push":"Win","Cory":"Lions if below 10.5 (legends) ","Cory Resolved":"Detroit Lions (if below 10.5)","JB Bet Amount":"$15","JB Win/Lose/Push":"Win","JB":"Illinois (leaders) ","JB Resolved":"University of Illinois (University of Illinois)","Ethan Bet Amount":"$15","Ethan Win/Lose/Push":"Loss","Ethan":"Cal (legends) ","Ethan Resolved":"University of California Berkeley (University of California Berkeley)","Jaime Bet Amount":"$20","Jaime Win/Lose/Push":"Win","Jaime":"Texas Tech -11.5 (leaders) ","Jaime Resolved":"University of Texas @ University of Florida (Under)","Nathan Bet Amount":"$15","Nathan Win/Lose/Push":"Win","Nathan":"Tail Cory (legends) ","Nathan Resolved":"Tail Cory (legends)","Evan Bet Amount":"$5","Evan Win/Lose/Push":"Loss","Evan":"Texas -5.5 (legends) ","Evan Resolved":"University of Texas @ University of Florida (Under)","Brandon Bet Amount":"$5","Brandon Win/Lose/Push":"Win","Brandon":"Wisconsin +17.5 (legends) ","Brandon Resolved":"University of Wisconsin (University of Wisconsin +17.5)","":"","Total Team Bet":"$130.00","Legends Bet":"$55.00","Leaders Bet":"$75.00","To Win":null,"Payout":null,"TOTALS":null,"Mitch Totals":null,"Phil Totals":null,"Bryce Totals":null,"Cory Totals":null,"JB Totals":null,"Ethan Totals":null,"Jaime Totals":null,"Nate Totals":null,"Evan Totals":null,"Brandon Totals":null},{"Week":"8","Date":"10/10/25","Mitch Bet Amount":"$25","Mitch Win/Lose/Push":"Loss","Mitch":"Oregon (quack quack quack) (leaders)  ","Mitch Resolved":"University of Washington @ University of Oregon (University of Oregon)","Phil Bet Amount":"$20","Phil Win/Lose/Push":"Push","Phil":"Minnesota (leaders)  ","Phil Resolved":"University of Minnesota (University of Minnesota)","Bryce Bet Amount":"$5","Bryce Win/Lose/Push":"Loss","Bryce":"Lions  (legends) ","Bryce Resolved":"Detroit Lions (Detroit Lions)","Cory Bet Amount":"$5","Cory Win/Lose/Push":"Push","Cory":"Bama (legends)  ","Cory Resolved":"University of Alabama (University of Alabama)","JB Bet Amount":"$5","JB Win/Lose/Push":"Loss","JB":"unlv (leaders)  ","JB Resolved":"University of Nevada Las Vegas (University of Nevada Las Vegas)","Ethan Bet Amount":"$20","Ethan Win/Lose/Push":"Win","Ethan":"Brandon (legends)  ","Ethan Resolved":"Tail Brandon","Jaime Bet Amount":"$5","Jaime Win/Lose/Push":"Win","Jaime":"Texas A&M -7.5 (legends)  ","Jaime Resolved":"Texas A&M University (Texas A&M University -7.5)","Nathan Bet Amount":"$5","Nathan Win/Lose/Push":"Loss","Nathan":"Bills -4.5 (legends) ","Nathan Resolved":"Buffalo Bills (Buffalo Bills -4.5)","Evan Bet Amount":"$10","Evan Win/Lose/Push":"Win","Evan":"Pitt +10 (leaders)  ","Evan Resolved":"University of Pittsburgh (University of Pittsburgh +10)","Brandon Bet Amount":"$5","Brandon Win/Lose/Push":"Win","Brandon":"USC -2.5 (legends)  ","Brandon Resolved":"University of Southern California (University of Southern California -2.5)","":"","Total Team Bet":"$105.00","Legends Bet":"$45.00","Leaders Bet":"$60.00","To Win":null,"Payout":null,"TOTALS":null,"Mitch Totals":null,"Phil Totals":null,"Bryce Totals":null,"Cory Totals":null,"JB Totals":null,"Ethan Totals":null,"Jaime Totals":null,"Nate Totals":null,"Evan Totals":null,"Brandon Totals":null},{"Week":"9","Date":"10/17/25","Mitch Bet Amount":"$25","Mitch Win/Lose/Push":"Win","Mitch":"Bryce (leaders)","Mitch Resolved":"Tail Bryce","Phil Bet Amount":"$20","Phil Win/Lose/Push":"Push","Phil":"Notre Dame (leaders) ","Phil Resolved":"University of Notre Dame (University of Notre Dame)","Bryce Bet Amount":"$10","Bryce Win/Lose/Push":"Win","Bryce":"Missouri -1 (buy the half point, still -120)😉 (legends) ","Bryce Resolved":"University of Missouri (University of Missouri -1)","Cory Bet Amount":"$5","Cory Win/Lose/Push":"Win","Cory":"Bears (legends) ","Cory Resolved":"Chicago Bears (Chicago Bears)","JB Bet Amount":"$10","JB Win/Lose/Push":"Loss","JB":"texas tech (leaders) ","JB Resolved":"Texas Tech University (Texas Tech University)","Ethan Bet Amount":"$5","Ethan Win/Lose/Push":"Loss","Ethan":"Nebraska (legends) ","Ethan Resolved":"University of Nebraska (University of Nebraska)","Jaime Bet Amount":"$5","Jaime Win/Lose/Push":"Win","Jaime":"Indiana Over 49.5 (legends) ","Jaime Resolved":"Indiana University (Over 49.5)","Nathan Bet Amount":"$10","Nathan Win/Lose/Push":"Win","Nathan":"Patriots -7 (legends) ","Nathan Resolved":"New England Patriots (New England Patriots -7)","Evan Bet Amount":"$5","Evan Win/Lose/Push":"Loss","Evan":"Texas Tech -7.5 (leaders) ","Evan Resolved":"Texas Tech University (Texas Tech University)","Brandon Bet Amount":"$5","Brandon Win/Lose/Push":"Loss","Brandon":"LSU +2.5 (legends) ","Brandon Resolved":"Louisiana State University (Louisiana State University +2.5)","":"","Total Team Bet":"$100.00","Legends Bet":"$40.00","Leaders Bet":"$60.00","To Win":null,"Payout":null,"TOTALS":null,"Mitch Totals":null,"Phil Totals":null,"Bryce Totals":null,"Cory Totals":null,"JB Totals":null,"Ethan Totals":null,"Jaime Totals":null,"Nate Totals":null,"Evan Totals":null,"Brandon Totals":null},{"Week":"10","Date":"10/24/25","Mitch Bet Amount":"$5","Mitch Win/Lose/Push":"Loss","Mitch":"USF (leaders) ","Mitch Resolved":"San Jose State University @ University of South Florida (University of South Florida)","Phil Bet Amount":"$20","Phil Win/Lose/Push":"Win","Phil":"Texas A&M/LSU Over (leaders) ","Phil Resolved":"Texas A&M University @ Louisiana State University (Over)","Bryce Bet Amount":"$5","Bryce Win/Lose/Push":"Win","Bryce":"BYU (legends) ","Bryce Resolved":"Brigham Young University (Brigham Young University)","Cory Bet Amount":"$5","Cory Win/Lose/Push":"Loss","Cory":"Bama (legends)  ","Cory Resolved":"University of Alabama (University of Alabama)","JB Bet Amount":"$15","JB Win/Lose/Push":"Win","JB":"southern miss (leaders) ","JB Resolved":"University of Southern Mississippi (University of Southern Mississippi)","Ethan Bet Amount":"$10","Ethan Win/Lose/Push":"Win","Ethan":"Oklahoma vs ole miss over (legends) ","Ethan Resolved":"Texas A&M University @ Louisiana State University (Over)","Jaime Bet Amount":"$5","Jaime Win/Lose/Push":"Loss","Jaime":"UCLA +26 (legends) ","Jaime Resolved":"University of California Los Angeles (University of California Los Angeles +26)","Nathan Bet Amount":"$5","Nathan Win/Lose/Push":"Win","Nathan":"Chiefs -11.5 (legends) ","Nathan Resolved":"Kansas City Chiefs (Kansas City Chiefs -11.5)","Evan Bet Amount":"$10","Evan Win/Lose/Push":"Win","Evan":"Ole Miss +5.5 (leaders) ","Evan Resolved":"University of Southern Mississippi (University of Southern Mississippi)","Brandon Bet Amount":"$10","Brandon Win/Lose/Push":"Win","Brandon":"IF(Man City > -120, Man City, MSU +13.5) (legends) ","Brandon Resolved":"Kansas City Chiefs (Kansas City Chiefs -11.5)","":"","Total Team Bet":"$90.00","Legends Bet":"$40.00","Leaders Bet":"$50.00","To Win":null,"Payout":null,"TOTALS":null,"Mitch Totals":null,"Phil Totals":null,"Bryce Totals":null,"Cory Totals":null,"JB Totals":null,"Ethan Totals":null,"Jaime Totals":null,"Nate Totals":null,"Evan Totals":null,"Brandon Totals":null},{"Week":"11","Date":"10/31/25","Mitch Bet Amount":"$10","Mitch Win/Lose/Push":"Loss","Mitch":"georgia tech - tail JB (leaders)","Mitch Resolved":"Tail georgia tech - JB (leaders)","Phil Bet Amount":"$5","Phil Win/Lose/Push":"Win","Phil":"Utah (leaders)","Phil Resolved":"University of Utah (University of Utah)","Bryce Bet Amount":"$5","Bryce Win/Lose/Push":"Win","Bryce":"Timothy Cuamba (legends)","Bryce Resolved":"Timothy Cuamba (Timothy Cuamba)","Cory Bet Amount":"$10","Cory Win/Lose/Push":"Loss","Cory":"(legends) Patriots  ","Cory Resolved":"New England Patriots (New England Patriots)","JB Bet Amount":"$5","JB Win/Lose/Push":"Loss","JB":"(leaders) Georgia tech","JB Resolved":"Georgia Institute of Technology (Georgia Institute of Technology)","Ethan Bet Amount":"$5","Ethan Win/Lose/Push":"Win","Ethan":"Indiana (legends)","Ethan Resolved":"Indiana University (Indiana University)","Jaime Bet Amount":"$10","Jaime Win/Lose/Push":"Loss","Jaime":"MIA/SMU Over (legends)","Jaime Resolved":"University of Miami @ Southern Methodist University (Over)","Nathan Bet Amount":"$5","Nathan Win/Lose/Push":"Loss","Nathan":"KC -1.5 (legends) ","Nathan Resolved":"Kansas City Chiefs (Kansas City Chiefs -1.5)","Evan Bet Amount":"$5","Evan Win/Lose/Push":"Win","Evan":"Oklahoma+2.5 (leaders)","Evan Resolved":"University of Oklahoma (University of Oklahoma +2.5)","Brandon Bet Amount":"$5","Brandon Win/Lose/Push":"Push","Brandon":"Texas -3.5 (legends)","Brandon Resolved":"University of Texas (University of Texas -3.5)","":"","Total Team Bet":"$65.00","Legends Bet":"$40.00","Leaders Bet":"$25.00","To Win":null,"Payout":null,"TOTALS":null,"Mitch Totals":null,"Phil Totals":null,"Bryce Totals":null,"Cory Totals":null,"JB Totals":null,"Ethan Totals":null,"Jaime Totals":null,"Nate Totals":null,"Evan Totals":null,"Brandon Totals":null},{"Week":"12","Date":"11/7/25","Mitch Bet Amount":"$15","Mitch Win/Lose/Push":"Win","Mitch":"Wake Forest  (leaders) ","Mitch Resolved":"Stanford University @ Wake Forest University (Wake Forest University)","Phil Bet Amount":"$5","Phil Win/Lose/Push":"Loss","Phil":"Oregon (leaders) ","Phil Resolved":"University of Oregon (University of Oregon)","Bryce Bet Amount":"$5","Bryce Win/Lose/Push":"Win","Bryce":"(legends) UL LAFAYETTE ","Bryce Resolved":"University of Louisiana Lafayette (University of Louisiana Lafayette)","Cory Bet Amount":"$15","Cory Win/Lose/Push":"Win","Cory":"Wash/wi under (legends) ","Cory Resolved":"University of Washington @ University of Wisconsin (Under)","JB Bet Amount":"$10","JB Win/Lose/Push":"Win","JB":"stanford under (leaders) ","JB Resolved":"Stanford University @ Wake Forest University (Wake Forest University)","Ethan Bet Amount":"$5","Ethan Win/Lose/Push":"Win","Ethan":"Vandy (legends) ","Ethan Resolved":"Vanderbilt University (Vanderbilt University)","Jaime Bet Amount":"$15","Jaime Win/Lose/Push":"Win","Jaime":"Texas A&M -6.5 (leaders) ","Jaime Resolved":"Texas A&M University (Texas A&M University -6.5)","Nathan Bet Amount":"$10","Nathan Win/Lose/Push":"Win","Nathan":"LAR (legends) ","Nathan Resolved":"Los Angeles Rams (Los Angeles Rams)","Evan Bet Amount":"$5","Evan Win/Lose/Push":"Loss","Evan":"BYU +12 (legends) ","Evan Resolved":"Brigham Young University (Brigham Young University +12)","Brandon Bet Amount":"$5","Brandon Win/Lose/Push":"Win","Brandon":"Penn State (legends) ","Brandon Resolved":"Penn State University (Penn State University)","":"","Total Team Bet":"$90.00","Legends Bet":"$45.00","Leaders Bet":"$45.00","To Win":null,"Payout":null,"TOTALS":null,"Mitch Totals":null,"Phil Totals":null,"Bryce Totals":null,"Cory Totals":null,"JB Totals":null,"Ethan Totals":null,"Jaime Totals":null,"Nate Totals":null,"Evan Totals":null,"Brandon Totals":null},{"Week":"13","Date":"11/14/25","Mitch Bet Amount":"$5","Mitch Win/Lose/Push":"Loss","Mitch":"San Jose St. (leaders)","Mitch Resolved":"University of Nevada Las Vegas @ San Jose State University (San Jose State University)","Phil Bet Amount":"$10","Phil Win/Lose/Push":"Win","Phil":"Penn State (leaders) ","Phil Resolved":"University of Nevada Las Vegas @ San Jose State University (San Jose State University)","Bryce Bet Amount":"$5","Bryce Win/Lose/Push":"Win","Bryce":"(legends) Arizona ","Bryce Resolved":"University of Arizona (University of Arizona)","Cory Bet Amount":"$5","Cory Win/Lose/Push":"Push","Cory":"(legends) Ravens  ","Cory Resolved":"Baltimore Ravens (Baltimore Ravens)","JB Bet Amount":"$5","JB Win/Lose/Push":"Win","JB":"(leaders) Iowa under ","JB Resolved":"University of Iowa (Under)","Ethan Bet Amount":"$5","Ethan Win/Lose/Push":"Win","Ethan":"Georgia (legends) ","Ethan Resolved":"University of Georgia (University of Georgia)","Jaime Bet Amount":"$5","Jaime Win/Lose/Push":"Win","Jaime":"Texas A&M/SC Over (legends) ","Jaime Resolved":"Texas A&M University @ University of South Carolina (Over)","Nathan Bet Amount":"$5","Nathan Win/Lose/Push":"Loss","Nathan":"Texans (legends) ","Nathan Resolved":"Houston Texans (Houston Texans)","Evan Bet Amount":"$10","Evan Win/Lose/Push":"Win","Evan":"BYU -3 (leaders) ","Evan Resolved":"Brigham Young University (Brigham Young University -3)","Brandon Bet Amount":"$5","Brandon Win/Lose/Push":"Win","Brandon":"Northwestern +11.5 (legends) ","Brandon Resolved":"Northwestern University (Northwestern University +11.5)","":"","Total Team Bet":"$60.00","Legends Bet":"$30.00","Leaders Bet":"$30.00","To Win":null,"Payout":null,"TOTALS":null,"Mitch Totals":null,"Phil Totals":null,"Bryce Totals":null,"Cory Totals":null,"JB Totals":null,"Ethan Totals":null,"Jaime Totals":null,"Nate Totals":null,"Evan Totals":null,"Brandon Totals":null},{"Week":"14","Date":"11/21/25","Mitch Bet Amount":"$10","Mitch Win/Lose/Push":"Win","Mitch":"Bryce (leaders)","Mitch Resolved":"Tail Bryce","Phil Bet Amount":"$5","Phil Win/Lose/Push":"Win","Phil":"Michigan (leaders)","Phil Resolved":"University of Michigan (University of Michigan)","Bryce Bet Amount":"$5","Bryce Win/Lose/Push":"Win","Bryce":"Duke (legends)","Bryce Resolved":"Duke University (Duke University)","Cory Bet Amount":"$5","Cory Win/Lose/Push":"Win","Cory":"Utah KSU. Over (legends)","Cory Resolved":"Kansas State University @ University of Utah (Over)","JB Bet Amount":"$5","JB Win/Lose/Push":"Win","JB":"Brandon (leaders)","JB Resolved":"Tail Brandon","Ethan Bet Amount":"$5","Ethan Win/Lose/Push":"Win","Ethan":"Bengals (legends)","Ethan Resolved":"Cincinnati Bengals (Cincinnati Bengals)","Jaime Bet Amount":"$5","Jaime Win/Lose/Push":"Loss","Jaime":"Texas A&M/Samford Over (legends)","Jaime Resolved":"Kansas State University @ University of Utah (Over)","Nathan Bet Amount":"$10","Nathan Win/Lose/Push":"Win","Nathan":"Rams (legends)","Nathan Resolved":"Los Angeles Rams (Los Angeles Rams)","Evan Bet Amount":"$5","Evan Win/Lose/Push":"Win","Evan":"Tennessee -4 (leaders)","Evan Resolved":"University of Tennessee (University of Tennessee -4)","Brandon Bet Amount":"$5","Brandon Win/Lose/Push":"Win","Brandon":"BYU (legends)","Brandon Resolved":"Brigham Young University (Brigham Young University)","":"","Total Team Bet":"$60.00","Legends Bet":"$35.00","Leaders Bet":"$25.00","To Win":"","Payout":"$87.38","TOTALS":null,"Mitch Totals":null,"Phil Totals":null,"Bryce Totals":null,"Cory Totals":null,"JB Totals":null,"Ethan Totals":null,"Jaime Totals":null,"Nate Totals":null,"Evan Totals":null,"Brandon Totals":null},{"Week":"15","Date":"11/28/25","Mitch Bet Amount":"$5","Mitch Win/Lose/Push":"W","Mitch":"Alabama -110 (leaders)","Mitch Resolved":"Alabama Crimson Tide @ Auburn Tigers (Alabama Crimson Tide -5)","Phil Bet Amount":"$5","Phil Win/Lose/Push":"W","Phil":"Oregon (leaders) ","Phil Resolved":"Oregon Ducks @ Washington Huskies","Bryce Bet Amount":"$5","Bryce Win/Lose/Push":"L","Bryce":"vikes (NFL) (legends)","Bryce Resolved":"Minnesota Vikings @ Seattle Seahawks (Minnesota Vikings +11.5)","Cory Bet Amount":"$5","Cory Win/Lose/Push":"W","Cory":"houston (NCAAF) (legends)","Cory Resolved":"Houston Cougars @ Baylor Bears (Houston Cougars +2.5)","JB Bet Amount":"$5","JB Win/Lose/Push":"W","JB":"NW/Illinois under (leaders) (leaders)","JB Resolved":"Northwestern Wildcats @ Illinois Fighting Illini (Under 45.5)","Ethan Bet Amount":"$5","Ethan Win/Lose/Push":"W","Ethan":"ohio state -110 (legends)","Ethan Resolved":"Ohio State Buckeyes @ Michigan Wolverines (Ohio State Buckeyes -9.5)","Jaime Bet Amount":"$10","Jaime Win/Lose/Push":"L","Jaime":"OK/LSU Over -110 (leaders)","Jaime Resolved":"LSU Tigers @ Oklahoma Sooners (Over 36.5)","Nathan Bet Amount":"$5","Nathan Win/Lose/Push":"L","Nathan":"Browns  -110 (legends)","Nathan Resolved":"San Francisco 49ers @ Cleveland Browns (Cleveland Browns +6)","Evan Bet Amount":"$5","Evan Win/Lose/Push":"L","Evan":"Pitt +7 (NCAAF) (legends)","Evan Resolved":"Miami Hurricanes @ Pittsburgh Panthers (Pittsburgh Panthers +7)","Brandon Bet Amount":"$5","Brandon Win/Lose/Push":"W","Brandon":"Ethan (legends)","Brandon Resolved":"Ethan","":"","Total Team Bet":"$30.00","Legends Bet":"$0.00","Leaders Bet":"$0.00","To Win":null,"Payout":null,"TOTALS":null,"Mitch Totals":null,"Phil Totals":null,"Bryce Totals":null,"Cory Totals":null,"JB Totals":null,"Ethan Totals":null,"Jaime Totals":null,"Nate Totals":null,"Evan Totals":null,"Brandon Totals":null},{"Week":"16","Date":"12/5/25","Mitch Bet Amount":"$5","Mitch Win/Lose/Push":"W","Mitch":"Louisville | -4.5 (NCAAB) (leaders)","Mitch Resolved":"Indiana Hoosiers @ Louisville Cardinals (Louisville Cardinals -4.5)","Phil Bet Amount":"$5","Phil Win/Lose/Push":"W","Phil":"Miami-Ohio | under 43 (NCAAF) (leaders)","Phil Resolved":"Miami (OH) RedHawks @ Western Michigan Broncos (Under 43)","Bryce Bet Amount":"$10","Bryce Win/Lose/Push":"W","Bryce":"Georgia | -2 (NCAAF) (legends)","Bryce Resolved":"Georgia Bulldogs @ Alabama Crimson Tide (Georgia Bulldogs -2)","Cory Bet Amount":"$5","Cory Win/Lose/Push":"L","Cory":"Virginia | -4 (NCAAF) (legends)","Cory Resolved":"Duke Blue Devils @ Virginia Cavaliers (Virginia Cavaliers -4)","JB Bet Amount":"$5","JB Win/Lose/Push":"L","JB":"montana/montana st over 53.5","JB Resolved":"montana @ montana st (Over 53.5)","Ethan Bet Amount":"$5","Ethan Win/Lose/Push":"W","Ethan":"Jaguars | +2 (NFL) (legends)","Ethan Resolved":"Indianapolis Colts @ Jacksonville Jaguars (Jacksonville Jaguars +2)","Jaime Bet Amount":"$15","Jaime Win/Lose/Push":"L","Jaime":"Packers/Bears | under 44 (NFL) (leaders)","Jaime Resolved":"Chicago Bears @ Green Bay Packers (Under 44)","Nathan Bet Amount":"$10","Nathan Win/Lose/Push":"W","Nathan":"Texans | +3.5 (NFL) (legends)","Nathan Resolved":"Houston Texans @ Kansas City Chiefs (Houston Texans +3.5)","Evan Bet Amount":"$10","Evan Win/Lose/Push":"L","Evan":"Georgia Alabama | under 48 (NCAAF) (legends)","Evan Resolved":"Georgia Bulldogs @ Alabama Crimson Tide (Under 48)","Brandon Bet Amount":"$5","Brandon Win/Lose/Push":"L","Brandon":"OSU | -3 (NCAAF) (legends)","Brandon Resolved":"Indiana Hoosiers @ Ohio State Buckeyes (Ohio State Buckeyes -3)","":"","Total Team Bet":"$0.00","Legends Bet":"$0.00","Leaders Bet":"$0.00","To Win":null,"Payout":null,"TOTALS":null,"Mitch Totals":null,"Phil Totals":null,"Bryce Totals":null,"Cory Totals":null,"JB Totals":null,"Ethan Totals":null,"Jaime Totals":null,"Nate Totals":null,"Evan Totals":null,"Brandon Totals":null},{"Week":"17","Date":"12/12/2025","Mitch Bet Amount":"$5","Mitch Win/Lose/Push":"L","Mitch":"Navy -6 (leaders)","Mitch Resolved":"(Navy -6)","Phil Bet Amount":"$5","Phil Win/Lose/Push":"W","Phil":"Army/Navy Under 38 (leaders)","Phil Resolved":"(Under 38)","Bryce Bet Amount":"$5","Bryce Win/Lose/Push":"W","Bryce":"Brandon (legends)","Bryce Resolved":"Tail Brandon","Cory Bet Amount":"$10","Cory Win/Lose/Push":"L","Cory":"Houston/az under 42.5 (legends)","Cory Resolved":"Houston Texans Arizona Cardinals (Under 42.5)","JB Bet Amount":"$5","JB Win/Lose/Push":"P","JB":"zaga -10 (leaders)","JB Resolved":"UCLA Bruins @ Gonzaga Bulldogs (Gonzaga -10)","Ethan Bet Amount":"$5","Ethan Win/Lose/Push":"L","Ethan":"Creighton -4 (legends)","Ethan Resolved":"Kansas St. Wildcats @ Creighton Bluejays (Creighton -4)","Jaime Bet Amount":"$20","Jaime Win/Lose/Push":"W","Jaime":"Packers/Broncos Over 43 (leaders)","Jaime Resolved":"Green Bay Packers Denver Broncos (Over 43)","Nathan Bet Amount":"$5","Nathan Win/Lose/Push":"L","Nathan":"Packers -2 (legends)","Nathan Resolved":"Green Bay Packers Denver Broncos (Green Bay Packers -2)","Evan Bet Amount":"$15","Evan Win/Lose/Push":"W","Evan":"Michigan St Penn St under 145 (legends)","Evan Resolved":"Michigan St. Spartans Penn State Nittany Lions (Under 145)","Brandon Bet Amount":"$10","Brandon Win/Lose/Push":"W","Brandon":"Man City -.5 (legends)","Brandon Resolved":"Crystal Palace F.C. @ Manchester City Football Club (Manchester City -.5)","":null,"Total Team Bet":null,"Legends Bet":null,"Leaders Bet":null,"To Win":null,"Payout":null,"TOTALS":null,"Mitch Totals":null,"Phil Totals":null,"Bryce Totals":null,"Cory Totals":null,"JB Totals":null,"Ethan Totals":null,"Jaime Totals":null,"Nate Totals":null,"Evan Totals":null,"Brandon Totals":null},{"Week":"18","Date":"12/19/2025","Mitch Bet Amount":"$10","Mitch Win/Lose/Push":"L","Mitch":"unc | -3.5 (NCAAB) (leaders)","Mitch Resolved":"Ohio State Buckeyes @ North Carolina Tar Heels (North Carolina Tar Heels -3.5)","Phil Bet Amount":"$5","Phil Win/Lose/Push":"L","Phil":"Utah State/Wash State | Under 50 (NCAAF) (legends)","Phil Resolved":"Washington State Cougars @ Utah State Aggies (Under 50)","Bryce Bet Amount":"$5","Bryce Win/Lose/Push":"L","Bryce":"Utah State | -1 (NCAAF) (legends)","Bryce Resolved":"Washington State Cougars @ Utah State Aggies (Utah State Aggies -1)","Cory Bet Amount":"$15","Cory Win/Lose/Push":"W","Cory":"Unlv/Ohio under | under 65.5 (NCAAF) (legends)","Cory Resolved":"Unlv/Ohio under (Under 65.5)","JB Bet Amount":"$5","JB Win/Lose/Push":"W","JB":"montana/montana st over 53.5","JB Resolved":"Montana Grizzlies @ Montana State Bobcats (Over 53.5)","Ethan Bet Amount":"$10","Ethan Win/Lose/Push":"W","Ethan":"Gophers | -2 (NCAAF) (legends)","Ethan Resolved":"New Mexico Lobos @ Minnesota Golden Gophers (Minnesota Golden Gophers -2)","Jaime Bet Amount":"$5","Jaime Win/Lose/Push":"W","Jaime":"49ers | -5.5 (NFL) (leaders)","Jaime Resolved":"San Francisco 49ers @ Indianapolis Colts (San Francisco 49ers -5.5)","Nathan Bet Amount":"$10","Nathan Win/Lose/Push":"W","Nathan":"Vikes | -2.5 (NFL) (legends)","Nathan Resolved":"Minnesota Vikings @ New York Giants (Minnesota Vikings -2.5)","Evan Bet Amount":"$5","Evan Win/Lose/Push":"W","Evan":"TAM Miami | under 48 (NCAAF) (leaders)","Evan Resolved":"Miami Hurricanes @ Texas A&M Aggies (Under 48)","Brandon Bet Amount":"$5","Brandon Win/Lose/Push":"L","Brandon":"TAM | -3 (NCAAF) (legends)","Brandon Resolved":"TAM (TAM -3)","":null,"Total Team Bet":null,"Legends Bet":null,"Leaders Bet":null,"To Win":null,"Payout":null,"TOTALS":null,"Mitch Totals":null,"Phil Totals":null,"Bryce Totals":null,"Cory Totals":null,"JB Totals":null,"Ethan Totals":null,"Jaime Totals":null,"Nate Totals":null,"Evan Totals":null,"Brandon Totals":null},{"Week":"19","Date":"12/26/2025","Mitch Bet Amount":"$15","Mitch Win/Lose/Push":"W","Mitch":"Navy | -7 (NCAAF) (leaders)","Mitch Resolved":"Navy Midshipmen @ Cincinnati Bearcats (Navy Midshipmen -7)","Phil Bet Amount":"$10","Phil Win/Lose/Push":"L","Phil":"North Texas / San Diego St | Under 52.5 (NCAAF) (leaders)","Phil Resolved":"North Texas Mean Green @ San Diego State Aztecs (Under 52.5)","Bryce Bet Amount":"$10","Bryce Win/Lose/Push":"L","Bryce":"Arizona | +7 (NFL) (legends)","Bryce Resolved":"Arizona Cardinals @ Cincinnati Bengals (Arizona Cardinals +7)","Cory Bet Amount":"$5","Cory Win/Lose/Push":"W","Cory":"Oregon/tt | under 52.5 (NCAAF) (legends)","Cory Resolved":"Oregon @ tt (Under 52.5)","JB Bet Amount":"$5","JB Win/Lose/Push":"L","JB":"Vandy Baby! | -4.5 (NCAAF) (leaders)","JB Resolved":"Vandy Baby! (Vandy Baby! -4.5)","Ethan Bet Amount":"$5","Ethan Win/Lose/Push":"L","Ethan":"Georgia | -6 (NCAAF) (legends)","Ethan Resolved":"Georgia Tech Yellow Jackets @ BYU Cougars (Georgia Tech Yellow Jackets -6)","Jaime Bet Amount":"$5","Jaime Win/Lose/Push":"W","Jaime":"49ers | -3 (NFL) (leaders)","Jaime Resolved":"Chicago Bears @ San Francisco 49ers (San Francisco 49ers -3)","Nathan Bet Amount":"$5","Nathan Win/Lose/Push":"L","Nathan":"Packers | -3 (NFL) (legends)","Nathan Resolved":"Baltimore Ravens @ Green Bay Packers (Green Bay Packers -3)","Evan Bet Amount":"$5","Evan Win/Lose/Push":"L","Evan":"texas tech | +2 (NCAAF) (legends)","Evan Resolved":"Oregon Ducks @ Texas Tech Red Raiders (Texas Tech Red Raiders +2)","Brandon Bet Amount":"$10","Brandon Win/Lose/Push":"W","Brandon":"Texans | +2 (NFL) (legends)","Brandon Resolved":"Houston Texans @ Los Angeles Chargers (Houston Texans +2)","":null,"Total Team Bet":null,"Legends Bet":null,"Leaders Bet":null,"To Win":null,"Payout":null,"TOTALS":null,"Mitch Totals":null,"Phil Totals":null,"Bryce Totals":null,"Cory Totals":null,"JB Totals":null,"Ethan Totals":null,"Jaime Totals":null,"Nate Totals":null,"Evan Totals":null,"Brandon Totals":null},{"Week":"20","Date":"01/02/2026","Mitch Bet Amount":"$5","Mitch Win/Lose/Push":"W","Mitch":"Alabama (NCAAB) (leaders)","Mitch Resolved":"Kentucky Wildcats @ Alabama Crimson Tide (Alabama Crimson Tide -5.5) (NCAAB)","Phil Bet Amount":"$15","Phil Win/Lose/Push":"W","Phil":"Illinois State/Montana State Over (leaders)","Phil Resolved":"Illinois State Redbirds @ Montana State Bobcats (Over 56.5) (FCS)","Bryce Bet Amount":"$15","Bryce Win/Lose/Push":"W","Bryce":"Indiana (legends)","Bryce Resolved":"Oregon @ Indiana (Indiana -4)","Cory Bet Amount":"$5","Cory Win/Lose/Push":"L","Cory":"49ers (legends)","Cory Resolved":"Seattle Seahawks @ San Francisco 49ers ( San Franscisco 49ers +3)","JB Bet Amount":"$10","JB Win/Lose/Push":"L","JB":"montana st - buy the half point (leaders)","JB Resolved":"Illinois State Redbirds @ Montana State Bobcats (Montana State Bobcats -10) (FCS)","Ethan Bet Amount":"$10","Ethan Win/Lose/Push":"W","Ethan":"Timberwolves (legends)","Ethan Resolved":"Minnesota Timberwolves @ Miami Heat (Minnesota Timberwolves -3) (NBA)","Jaime Bet Amount":"$5","Jaime Win/Lose/Push":"W","Jaime":"Steelers/Ravens Over (legends)","Jaime Resolved":"Baltimore Ravens @ Pittsburgh Steelers (Over 41) (NFL)","Nathan Bet Amount":"$10","Nathan Win/Lose/Push":"L","Nathan":"Bengals (legends)","Nathan Resolved":"Cleveland Browns @ Cincinnati Bengals (Cincinnati Bengals -7) (NFL)","Evan Bet Amount":"$10","Evan Win/Lose/Push":"W","Evan":"Virginia Tech +5.5 (leaders)","Evan Resolved":"Virginia Tech Hokies @ Wake Forest Demon Deacons (Virginia Tech Hokies +5.5) (NCAAB)","Brandon Bet Amount":"$5","Brandon Win/Lose/Push":"W","Brandon":"Iowa -6.5 (legends)","Brandon Resolved":"UCLA Bruins @ Iowa Hawkeyes (Iowa Hawkeyes -6.5) (NCAAB)","":null,"Total Team Bet":null,"Legends Bet":null,"Leaders Bet":null,"To Win":null,"Payout":null,"TOTALS":null,"Mitch Totals":null,"Phil Totals":null,"Bryce Totals":null,"Cory Totals":null,"JB Totals":null,"Ethan Totals":null,"Jaime Totals":null,"Nate Totals":null,"Evan Totals":null,"Brandon Totals":null},{"Week":"21","Date":"01/09/2026","Mitch Bet Amount":"$5","Mitch Win/Lose/Push":"","Mitch":"","Mitch Resolved":"","Phil Bet Amount":"$5","Phil Win/Lose/Push":"","Phil":"","Phil Resolved":"","Bryce Bet Amount":"$5","Bryce Win/Lose/Push":"","Bryce":"","Bryce Resolved":"","Cory Bet Amount":"$10","Cory Win/Lose/Push":"","Cory":"","Cory Resolved":"","JB Bet Amount":"$15","JB Win/Lose/Push":"","JB":"","JB Resolved":"","Ethan Bet Amount":"$5","Ethan Win/Lose/Push":"","Ethan":"","Ethan Resolved":"","Jaime Bet Amount":"$5","Jaime Win/Lose/Push":"","Jaime":"","Jaime Resolved":"","Nathan Bet Amount":"$15","Nathan Win/Lose/Push":"","Nathan":"","Nathan Resolved":"","Evan Bet Amount":"$5","Evan Win/Lose/Push":"","Evan":"","Evan Resolved":"","Brandon Bet Amount":"$5","Brandon Win/Lose/Push":null,"Brandon":null,"Brandon Resolved":null,"":null,"Total Team Bet":null,"Legends Bet":null,"Leaders Bet":null,"To Win":null,"Payout":null,"TOTALS":null,"Mitch Totals":null,"Phil Totals":null,"Bryce Totals":null,"Cory Totals":null,"JB Totals":null,"Ethan Totals":null,"Jaime Totals":null,"Nate Totals":null,"Evan Totals":null,"Brandon Totals":null}]
3:32:07 AM [express] GET /api/data 304 in 4ms :: [{"Week":"1","Date":"8/22/2025","Mitch Bet Amount":"$10","Mitch Win/Lose/Push":"Win","Mitch":"Kansas -14 (legends)","Mitch Resolved":"Fresno State University @ University of Kansas (University of Kansas -14)","Phil Bet Amount":"$25","Phil Win/Lose/Push":"Loss","Phil":"JB (legends)","Phil Resolved":"Tail JB","Bryce Bet Amount":"$5","Bryce Win/Lose/Push":"Loss","Bryce":"Stanford? +2.5 (legends)","Bryce Resolved":"Stanford University (Stanford University +2.5)","Cory Bet Amount":"$25","Cory Win/Lose/Push":"Win","Cory":"Rutgers over 47 (leaders)","Cory Resolved":"Rutgers University (Over 47)","JB Bet Amount":"$5","JB Win/Lose/Push":"Loss","JB":"kansas st over 52 (legends)","JB Resolved":"Fresno State University @ University of Kansas (University of Kansas -14)","Ethan Bet Amount":"$20","Ethan Win/Lose/Push":"Win","Ethan":"Mitch (legends)","Ethan Resolved":"Tail Mitch","Jaime Bet Amount":"$10","Jaime Win/Lose/Push":"Loss","Jaime":"UCF/Jax St Over 52.5 (legends)","Jaime Resolved":"Rutgers University (Over 47)","Nathan Bet Amount":"$5","Nathan Win/Lose/Push":"Loss","Nathan":"Universitario -0.5 (leaders)","Nathan Resolved":"Universitario (Universitario -0.5)","Evan Bet Amount":"$5","Evan Win/Lose/Push":"Loss","Evan":"Kansas State -3 (leaders)","Evan Resolved":"Fresno State University @ University of Kansas (University of Kansas -14)","Brandon Bet Amount":"$5","Brandon Win/Lose/Push":"Loss","Brandon":"KU/Fresno o50 (leaders)","Brandon Resolved":"University of Kansas @ Fresno State University (Over 50)","":"","Total Team Bet":"$115.00","Legends Bet":"$75.00","Leaders Bet":"$40.00","To Win":"","Payout":"","TOTALS":"Total Bet","Mitch Totals":"$205.00","Phil Totals":"$215.00","Bryce Totals":"$85.00","Cory Totals":"$105.00","JB Totals":"$135.00","Ethan Totals":"$130.00","Jaime Totals":"$140.00","Nate Totals":"$110.00","Evan Totals":"$135.00","Brandon Totals":"$110.00"},{"Week":"2","Date":"8/29/2025","Mitch Bet Amount":"$5","Mitch Win/Lose/Push":"Loss","Mitch":"Alabama -13.5 (legends)","Mitch Resolved":"University of Texas @ University of Alabama (University of Alabama -13.5)","Phil Bet Amount":"$25","Phil Win/Lose/Push":"Loss","Phil":"Mitch (legends)","Phil Resolved":"Tail Mitch","Bryce Bet Amount":"$10","Bryce Win/Lose/Push":"Win","Bryce":"Ohio st (legends)","Bryce Resolved":"Ohio State University (Ohio State University)","Cory Bet Amount":"$5","Cory Win/Lose/Push":"Win","Cory":"Maryland under  (leaders)","Cory Resolved":"University of Maryland (Under)","JB Bet Amount":"$10","JB Win/Lose/Push":"Loss","JB":"penn st under (legends)","JB Resolved":"University of Maryland (Under)","Ethan Bet Amount":"$5","Ethan Win/Lose/Push":"Win","Ethan":"Iowa under 50.5 (legends)","Ethan Resolved":"University of Maryland (Under)","Jaime Bet Amount":"$15","Jaime Win/Lose/Push":"Win","Jaime":"Tennessee -13.5 (legends)","Jaime Resolved":"University of Texas @ University of Alabama (University of Alabama -13.5)","Nathan Bet Amount":"$10","Nathan Win/Lose/Push":"Win","Nathan":"Padres -1.5 (leaders)","Nathan Resolved":"San Diego Padres (San Diego Padres -1.5)","Evan Bet Amount":"$10","Evan Win/Lose/Push":"Loss","Evan":"Texas +1.5 (leaders)","Evan Resolved":"University of Texas @ University of Alabama (University of Alabama -13.5)","Brandon Bet Amount":"$10","Brandon Win/Lose/Push":"Loss","Brandon":"Sinner -8.5 (leaders)","Brandon Resolved":"Jannik Sinner (Jannik Sinner -8.5)","":"","Total Team Bet":"$105.00","Legends Bet":"$70.00","Leaders Bet":"$35.00","To Win":"","Payout":"","TOTALS":"Total Wins","Mitch Totals":"4","Phil Totals":"5","Bryce Totals":"11","Cory Totals":"10","JB Totals":"6","Ethan Totals":"9","Jaime Totals":"7","Nate Totals":"8","Evan Totals":"7","Brandon Totals":"8"},{"Week":"3","Date":"9/5/2025","Mitch Bet Amount":"$10","Mitch Win/Lose/Push":"Loss","Mitch":"Ole Miss 1H (legends)","Mitch Resolved":"North Carolina State @ University of Mississippi (University of Mississippi -7, 1st Half)","Phil Bet Amount":"$25","Phil Win/Lose/Push":"Loss","Phil":"Ethan (legends)","Phil Resolved":"Tail Ethan","Bryce Bet Amount":"$5","Bryce Win/Lose/Push":"Win","Bryce":"Vikes","Bryce Resolved":"Minnesota Vikings (Minnesota Vikings)","Cory Bet Amount":"$5","Cory Win/Lose/Push":"Win","Cory":"MSU over (leaders)","Cory Resolved":"Michigan State University (Over)","JB Bet Amount":"$15","JB Win/Lose/Push":"Loss","JB":"Navy  (legends)","JB Resolved":"United States Naval Academy (United States Naval Academy)","Ethan Bet Amount":"$5","Ethan Win/Lose/Push":"Loss","Ethan":"USF vs Florida over (legends)","Ethan Resolved":"Michigan State University (Over)","Jaime Bet Amount":"$5","Jaime Win/Lose/Push":"Win","Jaime":"Illinois -2.5 (legends)","Jaime Resolved":"University of Illinois (University of Illinois -2.5)","Nathan Bet Amount":"$5","Nathan Win/Lose/Push":"Win","Nathan":"(NFL) Arizona -6.5 (leaders)","Nathan Resolved":"Arizona Cardinals (Arizona Cardinals -6.5)","Evan Bet Amount":"$15","Evan Win/Lose/Push":"Loss","Evan":"Iowa/ Iowa St over 43 (leaders)","Evan Resolved":"Michigan State University (Over)","Brandon Bet Amount":"$15","Brandon Win/Lose/Push":"Push","Brandon":"W US Open o22 games (leaders)","Brandon Resolved":"US Open (Over 22 Games)","":"","Total Team Bet":"$105.00","Legends Bet":"$60.00","Leaders Bet":"$40.00","To Win":"","Payout":"","TOTALS":"Total Losses","Mitch Totals":"10","Phil Totals":"7","Bryce Totals":"3","Cory Totals":"2","JB Totals":"8","Ethan Totals":"5","Jaime Totals":"7","Nate Totals":"6","Evan Totals":"6","Brandon Totals":"4"},{"Week":"4","Date":"9/12/25","Mitch Bet Amount":"$15","Mitch Win/Lose/Push":"Loss","Mitch":"Steelers (legends)","Mitch Resolved":"Cincinnati Bengals @ Pittsburgh Steelers (Pittsburgh Steelers)","Phil Bet Amount":"$25","Phil Win/Lose/Push":"Win","Phil":"Ethan (legends)","Phil Resolved":"Tail Ethan","Bryce Bet Amount":"$5","Bryce Win/Lose/Push":"Win","Bryce":"Texas A&M (legends)","Bryce Resolved":"Texas A&M University (Texas A&M University)","Cory Bet Amount":"$5","Cory Win/Lose/Push":"Win","Cory":"Eagles (leaders)","Cory Resolved":"Philadelphia Eagles (Philadelphia Eagles)","JB Bet Amount":"$20","JB Win/Lose/Push":"Win","JB":"Nate (legends)","JB Resolved":"Tail Nathan","Ethan Bet Amount":"$10","Ethan Win/Lose/Push":"Win","Ethan":"Texas tech -23 (legends)","Ethan Resolved":"Texas A&M University (Texas A&M University)","Jaime Bet Amount":"$5","Jaime Win/Lose/Push":"Loss","Jaime":"Oregon -26.5 (legends)","Jaime Resolved":"University of Oregon (University of Oregon -26.5)","Nathan Bet Amount":"$5","Nathan Win/Lose/Push":"Win","Nathan":"Rams -5.5 (leaders) ","Nathan Resolved":"Los Angeles Rams (Los Angeles Rams -5.5)","Evan Bet Amount":"$20","Evan Win/Lose/Push":"Push","Evan":"Georgia -3.5 (leaders) ","Evan Resolved":"University of Georgia (University of Georgia -3.5)","Brandon Bet Amount":"$15","Brandon Win/Lose/Push":"Win","Brandon":"Man City -0.75 (leaders) ","Brandon Resolved":"Manchester City (Manchester City -0.75)","":"","Total Team Bet":"$125.00","Legends Bet":"$80.00","Leaders Bet":"$45.00","To Win":"","Payout":"$325.00","TOTALS":"Total Pushes","Mitch Totals":"0","Phil Totals":"2","Bryce Totals":"0","Cory Totals":"2","JB Totals":"0","Ethan Totals":"0","Jaime Totals":"0","Nate Totals":"0","Evan Totals":"1","Brandon Totals":"2"},{"Week":"5","Date":"9/19/25","Mitch Bet Amount":"$20","Mitch Win/Lose/Push":"Loss","Mitch":"JB (legends)","Mitch Resolved":"Tail JB","Phil Bet Amount":"$5","Phil Win/Lose/Push":"Loss","Phil":"Fresno (leaders)","Phil Resolved":"Fresno State University (Fresno State University)","Bryce Bet Amount":"$5","Bryce Win/Lose/Push":"Win","Bryce":"South Carolina (legends)","Bryce Resolved":"University of South Carolina (University of South Carolina)","Cory Bet Amount":"$5","Cory Win/Lose/Push":"Win","Cory":"Indiana (legends)","Cory Resolved":"Indiana University (Indiana University)","JB Bet Amount":"$5","JB Win/Lose/Push":"Loss","JB":"ATL Falcons (legends)","JB Resolved":"Atlanta Falcons (Atlanta Falcons)","Ethan Bet Amount":"$5","Ethan Win/Lose/Push":"Loss","Ethan":"Texans (legends)","Ethan Resolved":"Houston Texans (Houston Texans)","Jaime Bet Amount":"$10","Jaime Win/Lose/Push":"Loss","Jaime":"Packers -7.5 (legends) ","Jaime Resolved":"Green Bay Packers (Green Bay Packers -7.5)","Nathan Bet Amount":"$5","Nathan Win/Lose/Push":"Loss","Nathan":"49ers -2.5 (leaders)","Nathan Resolved":"San Francisco 49ers (San Francisco 49ers -2.5)","Evan Bet Amount":"$20","Evan Win/Lose/Push":"Win","Evan":"Florida/Miami Under 50.5 (leaders)","Evan Resolved":"University of Florida @ University of Miami (Under 50.5)","Brandon Bet Amount":"$5","Brandon Win/Lose/Push":"Loss","Brandon":"Nebraska +1 (leaders)","Brandon Resolved":"University of Nebraska (University of Nebraska +1)","":"","Total Team Bet":"$85.00","Legends Bet":"$50.00","Leaders Bet":"$35.00","To Win":"","Payout":"","TOTALS":"Win Percentage","Mitch Totals":"28.57%","Phil Totals":"41.67%","Bryce Totals":"78.57%","Cory Totals":"83.33%","JB Totals":"42.86%","Ethan Totals":"64.29%","Jaime Totals":"50.00%","Nate Totals":"57.14%","Evan Totals":"53.85%","Brandon Totals":"66.67%"},{"Week":"6","Date":"9/26/25","Mitch Bet Amount":"$25","Mitch Win/Lose/Push":"Loss","Mitch":"Ethan (legends) ","Mitch Resolved":"Tail Ethan","Phil Bet Amount":"$10","Phil Win/Lose/Push":"Loss","Phil":"Alabama/Georgia over (leaders) ","Phil Resolved":"University of Alabama @ University of Georgia (Over)","Bryce Bet Amount":"$5","Bryce Win/Lose/Push":"Loss","Bryce":"Vikings (legends) ","Bryce Resolved":"Minnesota Vikings (Minnesota Vikings)","Cory Bet Amount":"$5","Cory Win/Lose/Push":"Win","Cory":"NW/UCLA under (legends) ","Cory Resolved":"Northwestern University @ University of California Los Angeles (Under)","JB Bet Amount":"$10","JB Win/Lose/Push":"Loss","JB":"San Fran 49ers (legends) ","JB Resolved":"San Francisco 49ers (San Francisco 49ers)","Ethan Bet Amount":"$10","Ethan Win/Lose/Push":"Loss","Ethan":"Georgia (legends) ","Ethan Resolved":"University of Alabama @ University of Georgia (Over)","Jaime Bet Amount":"$15","Jaime Win/Lose/Push":"Loss","Jaime":"PSU Under 53.5 (legends) ","Jaime Resolved":"Northwestern University @ University of California Los Angeles (Under)","Nathan Bet Amount":"$10","Nathan Win/Lose/Push":"Loss","Nathan":"Chargers -6.5 (leaders) ","Nathan Resolved":"Los Angeles Chargers (Los Angeles Chargers -6.5)","Evan Bet Amount":"$5","Evan Win/Lose/Push":"Win","Evan":"Colorado/BYU under 49.5 (leaders) ","Evan Resolved":"Northwestern University @ University of California Los Angeles (Under)","Brandon Bet Amount":"$10","Brandon Win/Lose/Push":"Win","Brandon":"(leaders) Iowa +8.5 ","Brandon Resolved":"University of Iowa (University of Iowa +8.5)","":"","Total Team Bet":"$105.00","Legends Bet":"$70.00","Leaders Bet":"$35.00","To Win":null,"Payout":null,"TOTALS":null,"Mitch Totals":null,"Phil Totals":null,"Bryce Totals":null,"Cory Totals":null,"JB Totals":null,"Ethan Totals":null,"Jaime Totals":null,"Nate Totals":null,"Evan Totals":null,"Brandon Totals":null},{"Week":"7","Date":"10/3/25","Mitch Bet Amount":"$25","Mitch Win/Lose/Push":"Loss","Mitch":"Miami/FSU over (leaders) ","Mitch Resolved":"University of Miami @ Florida State University (Over)","Phil Bet Amount":"$15","Phil Win/Lose/Push":"Loss","Phil":"Texas/Florida Under (leaders) ","Phil Resolved":"University of Texas @ University of Florida (Under)","Bryce Bet Amount":"$10","Bryce Win/Lose/Push":"Win","Bryce":"Vikings Again? (legends) ","Bryce Resolved":"Minnesota Vikings (Minnesota Vikings)","Cory Bet Amount":"$5","Cory Win/Lose/Push":"Win","Cory":"Lions if below 10.5 (legends) ","Cory Resolved":"Detroit Lions (if below 10.5)","JB Bet Amount":"$15","JB Win/Lose/Push":"Win","JB":"Illinois (leaders) ","JB Resolved":"University of Illinois (University of Illinois)","Ethan Bet Amount":"$15","Ethan Win/Lose/Push":"Loss","Ethan":"Cal (legends) ","Ethan Resolved":"University of California Berkeley (University of California Berkeley)","Jaime Bet Amount":"$20","Jaime Win/Lose/Push":"Win","Jaime":"Texas Tech -11.5 (leaders) ","Jaime Resolved":"University of Texas @ University of Florida (Under)","Nathan Bet Amount":"$15","Nathan Win/Lose/Push":"Win","Nathan":"Tail Cory (legends) ","Nathan Resolved":"Tail Cory (legends)","Evan Bet Amount":"$5","Evan Win/Lose/Push":"Loss","Evan":"Texas -5.5 (legends) ","Evan Resolved":"University of Texas @ University of Florida (Under)","Brandon Bet Amount":"$5","Brandon Win/Lose/Push":"Win","Brandon":"Wisconsin +17.5 (legends) ","Brandon Resolved":"University of Wisconsin (University of Wisconsin +17.5)","":"","Total Team Bet":"$130.00","Legends Bet":"$55.00","Leaders Bet":"$75.00","To Win":null,"Payout":null,"TOTALS":null,"Mitch Totals":null,"Phil Totals":null,"Bryce Totals":null,"Cory Totals":null,"JB Totals":null,"Ethan Totals":null,"Jaime Totals":null,"Nate Totals":null,"Evan Totals":null,"Brandon Totals":null},{"Week":"8","Date":"10/10/25","Mitch Bet Amount":"$25","Mitch Win/Lose/Push":"Loss","Mitch":"Oregon (quack quack quack) (leaders)  ","Mitch Resolved":"University of Washington @ University of Oregon (University of Oregon)","Phil Bet Amount":"$20","Phil Win/Lose/Push":"Push","Phil":"Minnesota (leaders)  ","Phil Resolved":"University of Minnesota (University of Minnesota)","Bryce Bet Amount":"$5","Bryce Win/Lose/Push":"Loss","Bryce":"Lions  (legends) ","Bryce Resolved":"Detroit Lions (Detroit Lions)","Cory Bet Amount":"$5","Cory Win/Lose/Push":"Push","Cory":"Bama (legends)  ","Cory Resolved":"University of Alabama (University of Alabama)","JB Bet Amount":"$5","JB Win/Lose/Push":"Loss","JB":"unlv (leaders)  ","JB Resolved":"University of Nevada Las Vegas (University of Nevada Las Vegas)","Ethan Bet Amount":"$20","Ethan Win/Lose/Push":"Win","Ethan":"Brandon (legends)  ","Ethan Resolved":"Tail Brandon","Jaime Bet Amount":"$5","Jaime Win/Lose/Push":"Win","Jaime":"Texas A&M -7.5 (legends)  ","Jaime Resolved":"Texas A&M University (Texas A&M University -7.5)","Nathan Bet Amount":"$5","Nathan Win/Lose/Push":"Loss","Nathan":"Bills -4.5 (legends) ","Nathan Resolved":"Buffalo Bills (Buffalo Bills -4.5)","Evan Bet Amount":"$10","Evan Win/Lose/Push":"Win","Evan":"Pitt +10 (leaders)  ","Evan Resolved":"University of Pittsburgh (University of Pittsburgh +10)","Brandon Bet Amount":"$5","Brandon Win/Lose/Push":"Win","Brandon":"USC -2.5 (legends)  ","Brandon Resolved":"University of Southern California (University of Southern California -2.5)","":"","Total Team Bet":"$105.00","Legends Bet":"$45.00","Leaders Bet":"$60.00","To Win":null,"Payout":null,"TOTALS":null,"Mitch Totals":null,"Phil Totals":null,"Bryce Totals":null,"Cory Totals":null,"JB Totals":null,"Ethan Totals":null,"Jaime Totals":null,"Nate Totals":null,"Evan Totals":null,"Brandon Totals":null},{"Week":"9","Date":"10/17/25","Mitch Bet Amount":"$25","Mitch Win/Lose/Push":"Win","Mitch":"Bryce (leaders)","Mitch Resolved":"Tail Bryce","Phil Bet Amount":"$20","Phil Win/Lose/Push":"Push","Phil":"Notre Dame (leaders) ","Phil Resolved":"University of Notre Dame (University of Notre Dame)","Bryce Bet Amount":"$10","Bryce Win/Lose/Push":"Win","Bryce":"Missouri -1 (buy the half point, still -120)😉 (legends) ","Bryce Resolved":"University of Missouri (University of Missouri -1)","Cory Bet Amount":"$5","Cory Win/Lose/Push":"Win","Cory":"Bears (legends) ","Cory Resolved":"Chicago Bears (Chicago Bears)","JB Bet Amount":"$10","JB Win/Lose/Push":"Loss","JB":"texas tech (leaders) ","JB Resolved":"Texas Tech University (Texas Tech University)","Ethan Bet Amount":"$5","Ethan Win/Lose/Push":"Loss","Ethan":"Nebraska (legends) ","Ethan Resolved":"University of Nebraska (University of Nebraska)","Jaime Bet Amount":"$5","Jaime Win/Lose/Push":"Win","Jaime":"Indiana Over 49.5 (legends) ","Jaime Resolved":"Indiana University (Over 49.5)","Nathan Bet Amount":"$10","Nathan Win/Lose/Push":"Win","Nathan":"Patriots -7 (legends) ","Nathan Resolved":"New England Patriots (New England Patriots -7)","Evan Bet Amount":"$5","Evan Win/Lose/Push":"Loss","Evan":"Texas Tech -7.5 (leaders) ","Evan Resolved":"Texas Tech University (Texas Tech University)","Brandon Bet Amount":"$5","Brandon Win/Lose/Push":"Loss","Brandon":"LSU +2.5 (legends) ","Brandon Resolved":"Louisiana State University (Louisiana State University +2.5)","":"","Total Team Bet":"$100.00","Legends Bet":"$40.00","Leaders Bet":"$60.00","To Win":null,"Payout":null,"TOTALS":null,"Mitch Totals":null,"Phil Totals":null,"Bryce Totals":null,"Cory Totals":null,"JB Totals":null,"Ethan Totals":null,"Jaime Totals":null,"Nate Totals":null,"Evan Totals":null,"Brandon Totals":null},{"Week":"10","Date":"10/24/25","Mitch Bet Amount":"$5","Mitch Win/Lose/Push":"Loss","Mitch":"USF (leaders) ","Mitch Resolved":"San Jose State University @ University of South Florida (University of South Florida)","Phil Bet Amount":"$20","Phil Win/Lose/Push":"Win","Phil":"Texas A&M/LSU Over (leaders) ","Phil Resolved":"Texas A&M University @ Louisiana State University (Over)","Bryce Bet Amount":"$5","Bryce Win/Lose/Push":"Win","Bryce":"BYU (legends) ","Bryce Resolved":"Brigham Young University (Brigham Young University)","Cory Bet Amount":"$5","Cory Win/Lose/Push":"Loss","Cory":"Bama (legends)  ","Cory Resolved":"University of Alabama (University of Alabama)","JB Bet Amount":"$15","JB Win/Lose/Push":"Win","JB":"southern miss (leaders) ","JB Resolved":"University of Southern Mississippi (University of Southern Mississippi)","Ethan Bet Amount":"$10","Ethan Win/Lose/Push":"Win","Ethan":"Oklahoma vs ole miss over (legends) ","Ethan Resolved":"Texas A&M University @ Louisiana State University (Over)","Jaime Bet Amount":"$5","Jaime Win/Lose/Push":"Loss","Jaime":"UCLA +26 (legends) ","Jaime Resolved":"University of California Los Angeles (University of California Los Angeles +26)","Nathan Bet Amount":"$5","Nathan Win/Lose/Push":"Win","Nathan":"Chiefs -11.5 (legends) ","Nathan Resolved":"Kansas City Chiefs (Kansas City Chiefs -11.5)","Evan Bet Amount":"$10","Evan Win/Lose/Push":"Win","Evan":"Ole Miss +5.5 (leaders) ","Evan Resolved":"University of Southern Mississippi (University of Southern Mississippi)","Brandon Bet Amount":"$10","Brandon Win/Lose/Push":"Win","Brandon":"IF(Man City > -120, Man City, MSU +13.5) (legends) ","Brandon Resolved":"Kansas City Chiefs (Kansas City Chiefs -11.5)","":"","Total Team Bet":"$90.00","Legends Bet":"$40.00","Leaders Bet":"$50.00","To Win":null,"Payout":null,"TOTALS":null,"Mitch Totals":null,"Phil Totals":null,"Bryce Totals":null,"Cory Totals":null,"JB Totals":null,"Ethan Totals":null,"Jaime Totals":null,"Nate Totals":null,"Evan Totals":null,"Brandon Totals":null},{"Week":"11","Date":"10/31/25","Mitch Bet Amount":"$10","Mitch Win/Lose/Push":"Loss","Mitch":"georgia tech - tail JB (leaders)","Mitch Resolved":"Tail georgia tech - JB (leaders)","Phil Bet Amount":"$5","Phil Win/Lose/Push":"Win","Phil":"Utah (leaders)","Phil Resolved":"University of Utah (University of Utah)","Bryce Bet Amount":"$5","Bryce Win/Lose/Push":"Win","Bryce":"Timothy Cuamba (legends)","Bryce Resolved":"Timothy Cuamba (Timothy Cuamba)","Cory Bet Amount":"$10","Cory Win/Lose/Push":"Loss","Cory":"(legends) Patriots  ","Cory Resolved":"New England Patriots (New England Patriots)","JB Bet Amount":"$5","JB Win/Lose/Push":"Loss","JB":"(leaders) Georgia tech","JB Resolved":"Georgia Institute of Technology (Georgia Institute of Technology)","Ethan Bet Amount":"$5","Ethan Win/Lose/Push":"Win","Ethan":"Indiana (legends)","Ethan Resolved":"Indiana University (Indiana University)","Jaime Bet Amount":"$10","Jaime Win/Lose/Push":"Loss","Jaime":"MIA/SMU Over (legends)","Jaime Resolved":"University of Miami @ Southern Methodist University (Over)","Nathan Bet Amount":"$5","Nathan Win/Lose/Push":"Loss","Nathan":"KC -1.5 (legends) ","Nathan Resolved":"Kansas City Chiefs (Kansas City Chiefs -1.5)","Evan Bet Amount":"$5","Evan Win/Lose/Push":"Win","Evan":"Oklahoma+2.5 (leaders)","Evan Resolved":"University of Oklahoma (University of Oklahoma +2.5)","Brandon Bet Amount":"$5","Brandon Win/Lose/Push":"Push","Brandon":"Texas -3.5 (legends)","Brandon Resolved":"University of Texas (University of Texas -3.5)","":"","Total Team Bet":"$65.00","Legends Bet":"$40.00","Leaders Bet":"$25.00","To Win":null,"Payout":null,"TOTALS":null,"Mitch Totals":null,"Phil Totals":null,"Bryce Totals":null,"Cory Totals":null,"JB Totals":null,"Ethan Totals":null,"Jaime Totals":null,"Nate Totals":null,"Evan Totals":null,"Brandon Totals":null},{"Week":"12","Date":"11/7/25","Mitch Bet Amount":"$15","Mitch Win/Lose/Push":"Win","Mitch":"Wake Forest  (leaders) ","Mitch Resolved":"Stanford University @ Wake Forest University (Wake Forest University)","Phil Bet Amount":"$5","Phil Win/Lose/Push":"Loss","Phil":"Oregon (leaders) ","Phil Resolved":"University of Oregon (University of Oregon)","Bryce Bet Amount":"$5","Bryce Win/Lose/Push":"Win","Bryce":"(legends) UL LAFAYETTE ","Bryce Resolved":"University of Louisiana Lafayette (University of Louisiana Lafayette)","Cory Bet Amount":"$15","Cory Win/Lose/Push":"Win","Cory":"Wash/wi under (legends) ","Cory Resolved":"University of Washington @ University of Wisconsin (Under)","JB Bet Amount":"$10","JB Win/Lose/Push":"Win","JB":"stanford under (leaders) ","JB Resolved":"Stanford University @ Wake Forest University (Wake Forest University)","Ethan Bet Amount":"$5","Ethan Win/Lose/Push":"Win","Ethan":"Vandy (legends) ","Ethan Resolved":"Vanderbilt University (Vanderbilt University)","Jaime Bet Amount":"$15","Jaime Win/Lose/Push":"Win","Jaime":"Texas A&M -6.5 (leaders) ","Jaime Resolved":"Texas A&M University (Texas A&M University -6.5)","Nathan Bet Amount":"$10","Nathan Win/Lose/Push":"Win","Nathan":"LAR (legends) ","Nathan Resolved":"Los Angeles Rams (Los Angeles Rams)","Evan Bet Amount":"$5","Evan Win/Lose/Push":"Loss","Evan":"BYU +12 (legends) ","Evan Resolved":"Brigham Young University (Brigham Young University +12)","Brandon Bet Amount":"$5","Brandon Win/Lose/Push":"Win","Brandon":"Penn State (legends) ","Brandon Resolved":"Penn State University (Penn State University)","":"","Total Team Bet":"$90.00","Legends Bet":"$45.00","Leaders Bet":"$45.00","To Win":null,"Payout":null,"TOTALS":null,"Mitch Totals":null,"Phil Totals":null,"Bryce Totals":null,"Cory Totals":null,"JB Totals":null,"Ethan Totals":null,"Jaime Totals":null,"Nate Totals":null,"Evan Totals":null,"Brandon Totals":null},{"Week":"13","Date":"11/14/25","Mitch Bet Amount":"$5","Mitch Win/Lose/Push":"Loss","Mitch":"San Jose St. (leaders)","Mitch Resolved":"University of Nevada Las Vegas @ San Jose State University (San Jose State University)","Phil Bet Amount":"$10","Phil Win/Lose/Push":"Win","Phil":"Penn State (leaders) ","Phil Resolved":"University of Nevada Las Vegas @ San Jose State University (San Jose State University)","Bryce Bet Amount":"$5","Bryce Win/Lose/Push":"Win","Bryce":"(legends) Arizona ","Bryce Resolved":"University of Arizona (University of Arizona)","Cory Bet Amount":"$5","Cory Win/Lose/Push":"Push","Cory":"(legends) Ravens  ","Cory Resolved":"Baltimore Ravens (Baltimore Ravens)","JB Bet Amount":"$5","JB Win/Lose/Push":"Win","JB":"(leaders) Iowa under ","JB Resolved":"University of Iowa (Under)","Ethan Bet Amount":"$5","Ethan Win/Lose/Push":"Win","Ethan":"Georgia (legends) ","Ethan Resolved":"University of Georgia (University of Georgia)","Jaime Bet Amount":"$5","Jaime Win/Lose/Push":"Win","Jaime":"Texas A&M/SC Over (legends) ","Jaime Resolved":"Texas A&M University @ University of South Carolina (Over)","Nathan Bet Amount":"$5","Nathan Win/Lose/Push":"Loss","Nathan":"Texans (legends) ","Nathan Resolved":"Houston Texans (Houston Texans)","Evan Bet Amount":"$10","Evan Win/Lose/Push":"Win","Evan":"BYU -3 (leaders) ","Evan Resolved":"Brigham Young University (Brigham Young University -3)","Brandon Bet Amount":"$5","Brandon Win/Lose/Push":"Win","Brandon":"Northwestern +11.5 (legends) ","Brandon Resolved":"Northwestern University (Northwestern University +11.5)","":"","Total Team Bet":"$60.00","Legends Bet":"$30.00","Leaders Bet":"$30.00","To Win":null,"Payout":null,"TOTALS":null,"Mitch Totals":null,"Phil Totals":null,"Bryce Totals":null,"Cory Totals":null,"JB Totals":null,"Ethan Totals":null,"Jaime Totals":null,"Nate Totals":null,"Evan Totals":null,"Brandon Totals":null},{"Week":"14","Date":"11/21/25","Mitch Bet Amount":"$10","Mitch Win/Lose/Push":"Win","Mitch":"Bryce (leaders)","Mitch Resolved":"Tail Bryce","Phil Bet Amount":"$5","Phil Win/Lose/Push":"Win","Phil":"Michigan (leaders)","Phil Resolved":"University of Michigan (University of Michigan)","Bryce Bet Amount":"$5","Bryce Win/Lose/Push":"Win","Bryce":"Duke (legends)","Bryce Resolved":"Duke University (Duke University)","Cory Bet Amount":"$5","Cory Win/Lose/Push":"Win","Cory":"Utah KSU. Over (legends)","Cory Resolved":"Kansas State University @ University of Utah (Over)","JB Bet Amount":"$5","JB Win/Lose/Push":"Win","JB":"Brandon (leaders)","JB Resolved":"Tail Brandon","Ethan Bet Amount":"$5","Ethan Win/Lose/Push":"Win","Ethan":"Bengals (legends)","Ethan Resolved":"Cincinnati Bengals (Cincinnati Bengals)","Jaime Bet Amount":"$5","Jaime Win/Lose/Push":"Loss","Jaime":"Texas A&M/Samford Over (legends)","Jaime Resolved":"Kansas State University @ University of Utah (Over)","Nathan Bet Amount":"$10","Nathan Win/Lose/Push":"Win","Nathan":"Rams (legends)","Nathan Resolved":"Los Angeles Rams (Los Angeles Rams)","Evan Bet Amount":"$5","Evan Win/Lose/Push":"Win","Evan":"Tennessee -4 (leaders)","Evan Resolved":"University of Tennessee (University of Tennessee -4)","Brandon Bet Amount":"$5","Brandon Win/Lose/Push":"Win","Brandon":"BYU (legends)","Brandon Resolved":"Brigham Young University (Brigham Young University)","":"","Total Team Bet":"$60.00","Legends Bet":"$35.00","Leaders Bet":"$25.00","To Win":"","Payout":"$87.38","TOTALS":null,"Mitch Totals":null,"Phil Totals":null,"Bryce Totals":null,"Cory Totals":null,"JB Totals":null,"Ethan Totals":null,"Jaime Totals":null,"Nate Totals":null,"Evan Totals":null,"Brandon Totals":null},{"Week":"15","Date":"11/28/25","Mitch Bet Amount":"$5","Mitch Win/Lose/Push":"W","Mitch":"Alabama -110 (leaders)","Mitch Resolved":"Alabama Crimson Tide @ Auburn Tigers (Alabama Crimson Tide -5)","Phil Bet Amount":"$5","Phil Win/Lose/Push":"W","Phil":"Oregon (leaders) ","Phil Resolved":"Oregon Ducks @ Washington Huskies","Bryce Bet Amount":"$5","Bryce Win/Lose/Push":"L","Bryce":"vikes (NFL) (legends)","Bryce Resolved":"Minnesota Vikings @ Seattle Seahawks (Minnesota Vikings +11.5)","Cory Bet Amount":"$5","Cory Win/Lose/Push":"W","Cory":"houston (NCAAF) (legends)","Cory Resolved":"Houston Cougars @ Baylor Bears (Houston Cougars +2.5)","JB Bet Amount":"$5","JB Win/Lose/Push":"W","JB":"NW/Illinois under (leaders) (leaders)","JB Resolved":"Northwestern Wildcats @ Illinois Fighting Illini (Under 45.5)","Ethan Bet Amount":"$5","Ethan Win/Lose/Push":"W","Ethan":"ohio state -110 (legends)","Ethan Resolved":"Ohio State Buckeyes @ Michigan Wolverines (Ohio State Buckeyes -9.5)","Jaime Bet Amount":"$10","Jaime Win/Lose/Push":"L","Jaime":"OK/LSU Over -110 (leaders)","Jaime Resolved":"LSU Tigers @ Oklahoma Sooners (Over 36.5)","Nathan Bet Amount":"$5","Nathan Win/Lose/Push":"L","Nathan":"Browns  -110 (legends)","Nathan Resolved":"San Francisco 49ers @ Cleveland Browns (Cleveland Browns +6)","Evan Bet Amount":"$5","Evan Win/Lose/Push":"L","Evan":"Pitt +7 (NCAAF) (legends)","Evan Resolved":"Miami Hurricanes @ Pittsburgh Panthers (Pittsburgh Panthers +7)","Brandon Bet Amount":"$5","Brandon Win/Lose/Push":"W","Brandon":"Ethan (legends)","Brandon Resolved":"Ethan","":"","Total Team Bet":"$30.00","Legends Bet":"$0.00","Leaders Bet":"$0.00","To Win":null,"Payout":null,"TOTALS":null,"Mitch Totals":null,"Phil Totals":null,"Bryce Totals":null,"Cory Totals":null,"JB Totals":null,"Ethan Totals":null,"Jaime Totals":null,"Nate Totals":null,"Evan Totals":null,"Brandon Totals":null},{"Week":"16","Date":"12/5/25","Mitch Bet Amount":"$5","Mitch Win/Lose/Push":"W","Mitch":"Louisville | -4.5 (NCAAB) (leaders)","Mitch Resolved":"Indiana Hoosiers @ Louisville Cardinals (Louisville Cardinals -4.5)","Phil Bet Amount":"$5","Phil Win/Lose/Push":"W","Phil":"Miami-Ohio | under 43 (NCAAF) (leaders)","Phil Resolved":"Miami (OH) RedHawks @ Western Michigan Broncos (Under 43)","Bryce Bet Amount":"$10","Bryce Win/Lose/Push":"W","Bryce":"Georgia | -2 (NCAAF) (legends)","Bryce Resolved":"Georgia Bulldogs @ Alabama Crimson Tide (Georgia Bulldogs -2)","Cory Bet Amount":"$5","Cory Win/Lose/Push":"L","Cory":"Virginia | -4 (NCAAF) (legends)","Cory Resolved":"Duke Blue Devils @ Virginia Cavaliers (Virginia Cavaliers -4)","JB Bet Amount":"$5","JB Win/Lose/Push":"L","JB":"montana/montana st over 53.5","JB Resolved":"montana @ montana st (Over 53.5)","Ethan Bet Amount":"$5","Ethan Win/Lose/Push":"W","Ethan":"Jaguars | +2 (NFL) (legends)","Ethan Resolved":"Indianapolis Colts @ Jacksonville Jaguars (Jacksonville Jaguars +2)","Jaime Bet Amount":"$15","Jaime Win/Lose/Push":"L","Jaime":"Packers/Bears | under 44 (NFL) (leaders)","Jaime Resolved":"Chicago Bears @ Green Bay Packers (Under 44)","Nathan Bet Amount":"$10","Nathan Win/Lose/Push":"W","Nathan":"Texans | +3.5 (NFL) (legends)","Nathan Resolved":"Houston Texans @ Kansas City Chiefs (Houston Texans +3.5)","Evan Bet Amount":"$10","Evan Win/Lose/Push":"L","Evan":"Georgia Alabama | under 48 (NCAAF) (legends)","Evan Resolved":"Georgia Bulldogs @ Alabama Crimson Tide (Under 48)","Brandon Bet Amount":"$5","Brandon Win/Lose/Push":"L","Brandon":"OSU | -3 (NCAAF) (legends)","Brandon Resolved":"Indiana Hoosiers @ Ohio State Buckeyes (Ohio State Buckeyes -3)","":"","Total Team Bet":"$0.00","Legends Bet":"$0.00","Leaders Bet":"$0.00","To Win":null,"Payout":null,"TOTALS":null,"Mitch Totals":null,"Phil Totals":null,"Bryce Totals":null,"Cory Totals":null,"JB Totals":null,"Ethan Totals":null,"Jaime Totals":null,"Nate Totals":null,"Evan Totals":null,"Brandon Totals":null},{"Week":"17","Date":"12/12/2025","Mitch Bet Amount":"$5","Mitch Win/Lose/Push":"L","Mitch":"Navy -6 (leaders)","Mitch Resolved":"(Navy -6)","Phil Bet Amount":"$5","Phil Win/Lose/Push":"W","Phil":"Army/Navy Under 38 (leaders)","Phil Resolved":"(Under 38)","Bryce Bet Amount":"$5","Bryce Win/Lose/Push":"W","Bryce":"Brandon (legends)","Bryce Resolved":"Tail Brandon","Cory Bet Amount":"$10","Cory Win/Lose/Push":"L","Cory":"Houston/az under 42.5 (legends)","Cory Resolved":"Houston Texans Arizona Cardinals (Under 42.5)","JB Bet Amount":"$5","JB Win/Lose/Push":"P","JB":"zaga -10 (leaders)","JB Resolved":"UCLA Bruins @ Gonzaga Bulldogs (Gonzaga -10)","Ethan Bet Amount":"$5","Ethan Win/Lose/Push":"L","Ethan":"Creighton -4 (legends)","Ethan Resolved":"Kansas St. Wildcats @ Creighton Bluejays (Creighton -4)","Jaime Bet Amount":"$20","Jaime Win/Lose/Push":"W","Jaime":"Packers/Broncos Over 43 (leaders)","Jaime Resolved":"Green Bay Packers Denver Broncos (Over 43)","Nathan Bet Amount":"$5","Nathan Win/Lose/Push":"L","Nathan":"Packers -2 (legends)","Nathan Resolved":"Green Bay Packers Denver Broncos (Green Bay Packers -2)","Evan Bet Amount":"$15","Evan Win/Lose/Push":"W","Evan":"Michigan St Penn St under 145 (legends)","Evan Resolved":"Michigan St. Spartans Penn State Nittany Lions (Under 145)","Brandon Bet Amount":"$10","Brandon Win/Lose/Push":"W","Brandon":"Man City -.5 (legends)","Brandon Resolved":"Crystal Palace F.C. @ Manchester City Football Club (Manchester City -.5)","":null,"Total Team Bet":null,"Legends Bet":null,"Leaders Bet":null,"To Win":null,"Payout":null,"TOTALS":null,"Mitch Totals":null,"Phil Totals":null,"Bryce Totals":null,"Cory Totals":null,"JB Totals":null,"Ethan Totals":null,"Jaime Totals":null,"Nate Totals":null,"Evan Totals":null,"Brandon Totals":null},{"Week":"18","Date":"12/19/2025","Mitch Bet Amount":"$10","Mitch Win/Lose/Push":"L","Mitch":"unc | -3.5 (NCAAB) (leaders)","Mitch Resolved":"Ohio State Buckeyes @ North Carolina Tar Heels (North Carolina Tar Heels -3.5)","Phil Bet Amount":"$5","Phil Win/Lose/Push":"L","Phil":"Utah State/Wash State | Under 50 (NCAAF) (legends)","Phil Resolved":"Washington State Cougars @ Utah State Aggies (Under 50)","Bryce Bet Amount":"$5","Bryce Win/Lose/Push":"L","Bryce":"Utah State | -1 (NCAAF) (legends)","Bryce Resolved":"Washington State Cougars @ Utah State Aggies (Utah State Aggies -1)","Cory Bet Amount":"$15","Cory Win/Lose/Push":"W","Cory":"Unlv/Ohio under | under 65.5 (NCAAF) (legends)","Cory Resolved":"Unlv/Ohio under (Under 65.5)","JB Bet Amount":"$5","JB Win/Lose/Push":"W","JB":"montana/montana st over 53.5","JB Resolved":"Montana Grizzlies @ Montana State Bobcats (Over 53.5)","Ethan Bet Amount":"$10","Ethan Win/Lose/Push":"W","Ethan":"Gophers | -2 (NCAAF) (legends)","Ethan Resolved":"New Mexico Lobos @ Minnesota Golden Gophers (Minnesota Golden Gophers -2)","Jaime Bet Amount":"$5","Jaime Win/Lose/Push":"W","Jaime":"49ers | -5.5 (NFL) (leaders)","Jaime Resolved":"San Francisco 49ers @ Indianapolis Colts (San Francisco 49ers -5.5)","Nathan Bet Amount":"$10","Nathan Win/Lose/Push":"W","Nathan":"Vikes | -2.5 (NFL) (legends)","Nathan Resolved":"Minnesota Vikings @ New York Giants (Minnesota Vikings -2.5)","Evan Bet Amount":"$5","Evan Win/Lose/Push":"W","Evan":"TAM Miami | under 48 (NCAAF) (leaders)","Evan Resolved":"Miami Hurricanes @ Texas A&M Aggies (Under 48)","Brandon Bet Amount":"$5","Brandon Win/Lose/Push":"L","Brandon":"TAM | -3 (NCAAF) (legends)","Brandon Resolved":"TAM (TAM -3)","":null,"Total Team Bet":null,"Legends Bet":null,"Leaders Bet":null,"To Win":null,"Payout":null,"TOTALS":null,"Mitch Totals":null,"Phil Totals":null,"Bryce Totals":null,"Cory Totals":null,"JB Totals":null,"Ethan Totals":null,"Jaime Totals":null,"Nate Totals":null,"Evan Totals":null,"Brandon Totals":null},{"Week":"19","Date":"12/26/2025","Mitch Bet Amount":"$15","Mitch Win/Lose/Push":"W","Mitch":"Navy | -7 (NCAAF) (leaders)","Mitch Resolved":"Navy Midshipmen @ Cincinnati Bearcats (Navy Midshipmen -7)","Phil Bet Amount":"$10","Phil Win/Lose/Push":"L","Phil":"North Texas / San Diego St | Under 52.5 (NCAAF) (leaders)","Phil Resolved":"North Texas Mean Green @ San Diego State Aztecs (Under 52.5)","Bryce Bet Amount":"$10","Bryce Win/Lose/Push":"L","Bryce":"Arizona | +7 (NFL) (legends)","Bryce Resolved":"Arizona Cardinals @ Cincinnati Bengals (Arizona Cardinals +7)","Cory Bet Amount":"$5","Cory Win/Lose/Push":"W","Cory":"Oregon/tt | under 52.5 (NCAAF) (legends)","Cory Resolved":"Oregon @ tt (Under 52.5)","JB Bet Amount":"$5","JB Win/Lose/Push":"L","JB":"Vandy Baby! | -4.5 (NCAAF) (leaders)","JB Resolved":"Vandy Baby! (Vandy Baby! -4.5)","Ethan Bet Amount":"$5","Ethan Win/Lose/Push":"L","Ethan":"Georgia | -6 (NCAAF) (legends)","Ethan Resolved":"Georgia Tech Yellow Jackets @ BYU Cougars (Georgia Tech Yellow Jackets -6)","Jaime Bet Amount":"$5","Jaime Win/Lose/Push":"W","Jaime":"49ers | -3 (NFL) (leaders)","Jaime Resolved":"Chicago Bears @ San Francisco 49ers (San Francisco 49ers -3)","Nathan Bet Amount":"$5","Nathan Win/Lose/Push":"L","Nathan":"Packers | -3 (NFL) (legends)","Nathan Resolved":"Baltimore Ravens @ Green Bay Packers (Green Bay Packers -3)","Evan Bet Amount":"$5","Evan Win/Lose/Push":"L","Evan":"texas tech | +2 (NCAAF) (legends)","Evan Resolved":"Oregon Ducks @ Texas Tech Red Raiders (Texas Tech Red Raiders +2)","Brandon Bet Amount":"$10","Brandon Win/Lose/Push":"W","Brandon":"Texans | +2 (NFL) (legends)","Brandon Resolved":"Houston Texans @ Los Angeles Chargers (Houston Texans +2)","":null,"Total Team Bet":null,"Legends Bet":null,"Leaders Bet":null,"To Win":null,"Payout":null,"TOTALS":null,"Mitch Totals":null,"Phil Totals":null,"Bryce Totals":null,"Cory Totals":null,"JB Totals":null,"Ethan Totals":null,"Jaime Totals":null,"Nate Totals":null,"Evan Totals":null,"Brandon Totals":null},{"Week":"20","Date":"01/02/2026","Mitch Bet Amount":"$5","Mitch Win/Lose/Push":"W","Mitch":"Alabama (NCAAB) (leaders)","Mitch Resolved":"Kentucky Wildcats @ Alabama Crimson Tide (Alabama Crimson Tide -5.5) (NCAAB)","Phil Bet Amount":"$15","Phil Win/Lose/Push":"W","Phil":"Illinois State/Montana State Over (leaders)","Phil Resolved":"Illinois State Redbirds @ Montana State Bobcats (Over 56.5) (FCS)","Bryce Bet Amount":"$15","Bryce Win/Lose/Push":"W","Bryce":"Indiana (legends)","Bryce Resolved":"Oregon @ Indiana (Indiana -4)","Cory Bet Amount":"$5","Cory Win/Lose/Push":"L","Cory":"49ers (legends)","Cory Resolved":"Seattle Seahawks @ San Francisco 49ers ( San Franscisco 49ers +3)","JB Bet Amount":"$10","JB Win/Lose/Push":"L","JB":"montana st - buy the half point (leaders)","JB Resolved":"Illinois State Redbirds @ Montana State Bobcats (Montana State Bobcats -10) (FCS)","Ethan Bet Amount":"$10","Ethan Win/Lose/Push":"W","Ethan":"Timberwolves (legends)","Ethan Resolved":"Minnesota Timberwolves @ Miami Heat (Minnesota Timberwolves -3) (NBA)","Jaime Bet Amount":"$5","Jaime Win/Lose/Push":"W","Jaime":"Steelers/Ravens Over (legends)","Jaime Resolved":"Baltimore Ravens @ Pittsburgh Steelers (Over 41) (NFL)","Nathan Bet Amount":"$10","Nathan Win/Lose/Push":"L","Nathan":"Bengals (legends)","Nathan Resolved":"Cleveland Browns @ Cincinnati Bengals (Cincinnati Bengals -7) (NFL)","Evan Bet Amount":"$10","Evan Win/Lose/Push":"W","Evan":"Virginia Tech +5.5 (leaders)","Evan Resolved":"Virginia Tech Hokies @ Wake Forest Demon Deacons (Virginia Tech Hokies +5.5) (NCAAB)","Brandon Bet Amount":"$5","Brandon Win/Lose/Push":"W","Brandon":"Iowa -6.5 (legends)","Brandon Resolved":"UCLA Bruins @ Iowa Hawkeyes (Iowa Hawkeyes -6.5) (NCAAB)","":null,"Total Team Bet":null,"Legends Bet":null,"Leaders Bet":null,"To Win":null,"Payout":null,"TOTALS":null,"Mitch Totals":null,"Phil Totals":null,"Bryce Totals":null,"Cory Totals":null,"JB Totals":null,"Ethan Totals":null,"Jaime Totals":null,"Nate Totals":null,"Evan Totals":null,"Brandon Totals":null},{"Week":"21","Date":"01/09/2026","Mitch Bet Amount":"$5","Mitch Win/Lose/Push":"","Mitch":"","Mitch Resolved":"","Phil Bet Amount":"$5","Phil Win/Lose/Push":"","Phil":"","Phil Resolved":"","Bryce Bet Amount":"$5","Bryce Win/Lose/Push":"","Bryce":"","Bryce Resolved":"","Cory Bet Amount":"$10","Cory Win/Lose/Push":"","Cory":"","Cory Resolved":"","JB Bet Amount":"$15","JB Win/Lose/Push":"","JB":"","JB Resolved":"","Ethan Bet Amount":"$5","Ethan Win/Lose/Push":"","Ethan":"","Ethan Resolved":"","Jaime Bet Amount":"$5","Jaime Win/Lose/Push":"","Jaime":"","Jaime Resolved":"","Nathan Bet Amount":"$15","Nathan Win/Lose/Push":"","Nathan":"","Nathan Resolved":"","Evan Bet Amount":"$5","Evan Win/Lose/Push":"","Evan":"","Evan Resolved":"","Brandon Bet Amount":"$5","Brandon Win/Lose/Push":null,"Brandon":null,"Brandon Resolved":null,"":null,"Total Team Bet":null,"Legends Bet":null,"Leaders Bet":null,"To Win":null,"Payout":null,"TOTALS":null,"Mitch Totals":null,"Phil Totals":null,"Bryce Totals":null,"Cory Totals":null,"JB Totals":null,"Ethan Totals":null,"Jaime Totals":null,"Nate Totals":null,"Evan Totals":null,"Brandon Totals":null}]
3:32:07 AM [express] GET /api/data 304 in 4ms :: [{"Week":"1","Date":"8/22/2025","Mitch Bet Amount":"$10","Mitch Win/Lose/Push":"Win","Mitch":"Kansas -14 (legends)","Mitch Resolved":"Fresno State University @ University of Kansas (University of Kansas -14)","Phil Bet Amount":"$25","Phil Win/Lose/Push":"Loss","Phil":"JB (legends)","Phil Resolved":"Tail JB","Bryce Bet Amount":"$5","Bryce Win/Lose/Push":"Loss","Bryce":"Stanford? +2.5 (legends)","Bryce Resolved":"Stanford University (Stanford University +2.5)","Cory Bet Amount":"$25","Cory Win/Lose/Push":"Win","Cory":"Rutgers over 47 (leaders)","Cory Resolved":"Rutgers University (Over 47)","JB Bet Amount":"$5","JB Win/Lose/Push":"Loss","JB":"kansas st over 52 (legends)","JB Resolved":"Fresno State University @ University of Kansas (University of Kansas -14)","Ethan Bet Amount":"$20","Ethan Win/Lose/Push":"Win","Ethan":"Mitch (legends)","Ethan Resolved":"Tail Mitch","Jaime Bet Amount":"$10","Jaime Win/Lose/Push":"Loss","Jaime":"UCF/Jax St Over 52.5 (legends)","Jaime Resolved":"Rutgers University (Over 47)","Nathan Bet Amount":"$5","Nathan Win/Lose/Push":"Loss","Nathan":"Universitario -0.5 (leaders)","Nathan Resolved":"Universitario (Universitario -0.5)","Evan Bet Amount":"$5","Evan Win/Lose/Push":"Loss","Evan":"Kansas State -3 (leaders)","Evan Resolved":"Fresno State University @ University of Kansas (University of Kansas -14)","Brandon Bet Amount":"$5","Brandon Win/Lose/Push":"Loss","Brandon":"KU/Fresno o50 (leaders)","Brandon Resolved":"University of Kansas @ Fresno State University (Over 50)","":"","Total Team Bet":"$115.00","Legends Bet":"$75.00","Leaders Bet":"$40.00","To Win":"","Payout":"","TOTALS":"Total Bet","Mitch Totals":"$205.00","Phil Totals":"$215.00","Bryce Totals":"$85.00","Cory Totals":"$105.00","JB Totals":"$135.00","Ethan Totals":"$130.00","Jaime Totals":"$140.00","Nate Totals":"$110.00","Evan Totals":"$135.00","Brandon Totals":"$110.00"},{"Week":"2","Date":"8/29/2025","Mitch Bet Amount":"$5","Mitch Win/Lose/Push":"Loss","Mitch":"Alabama -13.5 (legends)","Mitch Resolved":"University of Texas @ University of Alabama (University of Alabama -13.5)","Phil Bet Amount":"$25","Phil Win/Lose/Push":"Loss","Phil":"Mitch (legends)","Phil Resolved":"Tail Mitch","Bryce Bet Amount":"$10","Bryce Win/Lose/Push":"Win","Bryce":"Ohio st (legends)","Bryce Resolved":"Ohio State University (Ohio State University)","Cory Bet Amount":"$5","Cory Win/Lose/Push":"Win","Cory":"Maryland under  (leaders)","Cory Resolved":"University of Maryland (Under)","JB Bet Amount":"$10","JB Win/Lose/Push":"Loss","JB":"penn st under (legends)","JB Resolved":"University of Maryland (Under)","Ethan Bet Amount":"$5","Ethan Win/Lose/Push":"Win","Ethan":"Iowa under 50.5 (legends)","Ethan Resolved":"University of Maryland (Under)","Jaime Bet Amount":"$15","Jaime Win/Lose/Push":"Win","Jaime":"Tennessee -13.5 (legends)","Jaime Resolved":"University of Texas @ University of Alabama (University of Alabama -13.5)","Nathan Bet Amount":"$10","Nathan Win/Lose/Push":"Win","Nathan":"Padres -1.5 (leaders)","Nathan Resolved":"San Diego Padres (San Diego Padres -1.5)","Evan Bet Amount":"$10","Evan Win/Lose/Push":"Loss","Evan":"Texas +1.5 (leaders)","Evan Resolved":"University of Texas @ University of Alabama (University of Alabama -13.5)","Brandon Bet Amount":"$10","Brandon Win/Lose/Push":"Loss","Brandon":"Sinner -8.5 (leaders)","Brandon Resolved":"Jannik Sinner (Jannik Sinner -8.5)","":"","Total Team Bet":"$105.00","Legends Bet":"$70.00","Leaders Bet":"$35.00","To Win":"","Payout":"","TOTALS":"Total Wins","Mitch Totals":"4","Phil Totals":"5","Bryce Totals":"11","Cory Totals":"10","JB Totals":"6","Ethan Totals":"9","Jaime Totals":"7","Nate Totals":"8","Evan Totals":"7","Brandon Totals":"8"},{"Week":"3","Date":"9/5/2025","Mitch Bet Amount":"$10","Mitch Win/Lose/Push":"Loss","Mitch":"Ole Miss 1H (legends)","Mitch Resolved":"North Carolina State @ University of Mississippi (University of Mississippi -7, 1st Half)","Phil Bet Amount":"$25","Phil Win/Lose/Push":"Loss","Phil":"Ethan (legends)","Phil Resolved":"Tail Ethan","Bryce Bet Amount":"$5","Bryce Win/Lose/Push":"Win","Bryce":"Vikes","Bryce Resolved":"Minnesota Vikings (Minnesota Vikings)","Cory Bet Amount":"$5","Cory Win/Lose/Push":"Win","Cory":"MSU over (leaders)","Cory Resolved":"Michigan State University (Over)","JB Bet Amount":"$15","JB Win/Lose/Push":"Loss","JB":"Navy  (legends)","JB Resolved":"United States Naval Academy (United States Naval Academy)","Ethan Bet Amount":"$5","Ethan Win/Lose/Push":"Loss","Ethan":"USF vs Florida over (legends)","Ethan Resolved":"Michigan State University (Over)","Jaime Bet Amount":"$5","Jaime Win/Lose/Push":"Win","Jaime":"Illinois -2.5 (legends)","Jaime Resolved":"University of Illinois (University of Illinois -2.5)","Nathan Bet Amount":"$5","Nathan Win/Lose/Push":"Win","Nathan":"(NFL) Arizona -6.5 (leaders)","Nathan Resolved":"Arizona Cardinals (Arizona Cardinals -6.5)","Evan Bet Amount":"$15","Evan Win/Lose/Push":"Loss","Evan":"Iowa/ Iowa St over 43 (leaders)","Evan Resolved":"Michigan State University (Over)","Brandon Bet Amount":"$15","Brandon Win/Lose/Push":"Push","Brandon":"W US Open o22 games (leaders)","Brandon Resolved":"US Open (Over 22 Games)","":"","Total Team Bet":"$105.00","Legends Bet":"$60.00","Leaders Bet":"$40.00","To Win":"","Payout":"","TOTALS":"Total Losses","Mitch Totals":"10","Phil Totals":"7","Bryce Totals":"3","Cory Totals":"2","JB Totals":"8","Ethan Totals":"5","Jaime Totals":"7","Nate Totals":"6","Evan Totals":"6","Brandon Totals":"4"},{"Week":"4","Date":"9/12/25","Mitch Bet Amount":"$15","Mitch Win/Lose/Push":"Loss","Mitch":"Steelers (legends)","Mitch Resolved":"Cincinnati Bengals @ Pittsburgh Steelers (Pittsburgh Steelers)","Phil Bet Amount":"$25","Phil Win/Lose/Push":"Win","Phil":"Ethan (legends)","Phil Resolved":"Tail Ethan","Bryce Bet Amount":"$5","Bryce Win/Lose/Push":"Win","Bryce":"Texas A&M (legends)","Bryce Resolved":"Texas A&M University (Texas A&M University)","Cory Bet Amount":"$5","Cory Win/Lose/Push":"Win","Cory":"Eagles (leaders)","Cory Resolved":"Philadelphia Eagles (Philadelphia Eagles)","JB Bet Amount":"$20","JB Win/Lose/Push":"Win","JB":"Nate (legends)","JB Resolved":"Tail Nathan","Ethan Bet Amount":"$10","Ethan Win/Lose/Push":"Win","Ethan":"Texas tech -23 (legends)","Ethan Resolved":"Texas A&M University (Texas A&M University)","Jaime Bet Amount":"$5","Jaime Win/Lose/Push":"Loss","Jaime":"Oregon -26.5 (legends)","Jaime Resolved":"University of Oregon (University of Oregon -26.5)","Nathan Bet Amount":"$5","Nathan Win/Lose/Push":"Win","Nathan":"Rams -5.5 (leaders) ","Nathan Resolved":"Los Angeles Rams (Los Angeles Rams -5.5)","Evan Bet Amount":"$20","Evan Win/Lose/Push":"Push","Evan":"Georgia -3.5 (leaders) ","Evan Resolved":"University of Georgia (University of Georgia -3.5)","Brandon Bet Amount":"$15","Brandon Win/Lose/Push":"Win","Brandon":"Man City -0.75 (leaders) ","Brandon Resolved":"Manchester City (Manchester City -0.75)","":"","Total Team Bet":"$125.00","Legends Bet":"$80.00","Leaders Bet":"$45.00","To Win":"","Payout":"$325.00","TOTALS":"Total Pushes","Mitch Totals":"0","Phil Totals":"2","Bryce Totals":"0","Cory Totals":"2","JB Totals":"0","Ethan Totals":"0","Jaime Totals":"0","Nate Totals":"0","Evan Totals":"1","Brandon Totals":"2"},{"Week":"5","Date":"9/19/25","Mitch Bet Amount":"$20","Mitch Win/Lose/Push":"Loss","Mitch":"JB (legends)","Mitch Resolved":"Tail JB","Phil Bet Amount":"$5","Phil Win/Lose/Push":"Loss","Phil":"Fresno (leaders)","Phil Resolved":"Fresno State University (Fresno State University)","Bryce Bet Amount":"$5","Bryce Win/Lose/Push":"Win","Bryce":"South Carolina (legends)","Bryce Resolved":"University of South Carolina (University of South Carolina)","Cory Bet Amount":"$5","Cory Win/Lose/Push":"Win","Cory":"Indiana (legends)","Cory Resolved":"Indiana University (Indiana University)","JB Bet Amount":"$5","JB Win/Lose/Push":"Loss","JB":"ATL Falcons (legends)","JB Resolved":"Atlanta Falcons (Atlanta Falcons)","Ethan Bet Amount":"$5","Ethan Win/Lose/Push":"Loss","Ethan":"Texans (legends)","Ethan Resolved":"Houston Texans (Houston Texans)","Jaime Bet Amount":"$10","Jaime Win/Lose/Push":"Loss","Jaime":"Packers -7.5 (legends) ","Jaime Resolved":"Green Bay Packers (Green Bay Packers -7.5)","Nathan Bet Amount":"$5","Nathan Win/Lose/Push":"Loss","Nathan":"49ers -2.5 (leaders)","Nathan Resolved":"San Francisco 49ers (San Francisco 49ers -2.5)","Evan Bet Amount":"$20","Evan Win/Lose/Push":"Win","Evan":"Florida/Miami Under 50.5 (leaders)","Evan Resolved":"University of Florida @ University of Miami (Under 50.5)","Brandon Bet Amount":"$5","Brandon Win/Lose/Push":"Loss","Brandon":"Nebraska +1 (leaders)","Brandon Resolved":"University of Nebraska (University of Nebraska +1)","":"","Total Team Bet":"$85.00","Legends Bet":"$50.00","Leaders Bet":"$35.00","To Win":"","Payout":"","TOTALS":"Win Percentage","Mitch Totals":"28.57%","Phil Totals":"41.67%","Bryce Totals":"78.57%","Cory Totals":"83.33%","JB Totals":"42.86%","Ethan Totals":"64.29%","Jaime Totals":"50.00%","Nate Totals":"57.14%","Evan Totals":"53.85%","Brandon Totals":"66.67%"},{"Week":"6","Date":"9/26/25","Mitch Bet Amount":"$25","Mitch Win/Lose/Push":"Loss","Mitch":"Ethan (legends) ","Mitch Resolved":"Tail Ethan","Phil Bet Amount":"$10","Phil Win/Lose/Push":"Loss","Phil":"Alabama/Georgia over (leaders) ","Phil Resolved":"University of Alabama @ University of Georgia (Over)","Bryce Bet Amount":"$5","Bryce Win/Lose/Push":"Loss","Bryce":"Vikings (legends) ","Bryce Resolved":"Minnesota Vikings (Minnesota Vikings)","Cory Bet Amount":"$5","Cory Win/Lose/Push":"Win","Cory":"NW/UCLA under (legends) ","Cory Resolved":"Northwestern University @ University of California Los Angeles (Under)","JB Bet Amount":"$10","JB Win/Lose/Push":"Loss","JB":"San Fran 49ers (legends) ","JB Resolved":"San Francisco 49ers (San Francisco 49ers)","Ethan Bet Amount":"$10","Ethan Win/Lose/Push":"Loss","Ethan":"Georgia (legends) ","Ethan Resolved":"University of Alabama @ University of Georgia (Over)","Jaime Bet Amount":"$15","Jaime Win/Lose/Push":"Loss","Jaime":"PSU Under 53.5 (legends) ","Jaime Resolved":"Northwestern University @ University of California Los Angeles (Under)","Nathan Bet Amount":"$10","Nathan Win/Lose/Push":"Loss","Nathan":"Chargers -6.5 (leaders) ","Nathan Resolved":"Los Angeles Chargers (Los Angeles Chargers -6.5)","Evan Bet Amount":"$5","Evan Win/Lose/Push":"Win","Evan":"Colorado/BYU under 49.5 (leaders) ","Evan Resolved":"Northwestern University @ University of California Los Angeles (Under)","Brandon Bet Amount":"$10","Brandon Win/Lose/Push":"Win","Brandon":"(leaders) Iowa +8.5 ","Brandon Resolved":"University of Iowa (University of Iowa +8.5)","":"","Total Team Bet":"$105.00","Legends Bet":"$70.00","Leaders Bet":"$35.00","To Win":null,"Payout":null,"TOTALS":null,"Mitch Totals":null,"Phil Totals":null,"Bryce Totals":null,"Cory Totals":null,"JB Totals":null,"Ethan Totals":null,"Jaime Totals":null,"Nate Totals":null,"Evan Totals":null,"Brandon Totals":null},{"Week":"7","Date":"10/3/25","Mitch Bet Amount":"$25","Mitch Win/Lose/Push":"Loss","Mitch":"Miami/FSU over (leaders) ","Mitch Resolved":"University of Miami @ Florida State University (Over)","Phil Bet Amount":"$15","Phil Win/Lose/Push":"Loss","Phil":"Texas/Florida Under (leaders) ","Phil Resolved":"University of Texas @ University of Florida (Under)","Bryce Bet Amount":"$10","Bryce Win/Lose/Push":"Win","Bryce":"Vikings Again? (legends) ","Bryce Resolved":"Minnesota Vikings (Minnesota Vikings)","Cory Bet Amount":"$5","Cory Win/Lose/Push":"Win","Cory":"Lions if below 10.5 (legends) ","Cory Resolved":"Detroit Lions (if below 10.5)","JB Bet Amount":"$15","JB Win/Lose/Push":"Win","JB":"Illinois (leaders) ","JB Resolved":"University of Illinois (University of Illinois)","Ethan Bet Amount":"$15","Ethan Win/Lose/Push":"Loss","Ethan":"Cal (legends) ","Ethan Resolved":"University of California Berkeley (University of California Berkeley)","Jaime Bet Amount":"$20","Jaime Win/Lose/Push":"Win","Jaime":"Texas Tech -11.5 (leaders) ","Jaime Resolved":"University of Texas @ University of Florida (Under)","Nathan Bet Amount":"$15","Nathan Win/Lose/Push":"Win","Nathan":"Tail Cory (legends) ","Nathan Resolved":"Tail Cory (legends)","Evan Bet Amount":"$5","Evan Win/Lose/Push":"Loss","Evan":"Texas -5.5 (legends) ","Evan Resolved":"University of Texas @ University of Florida (Under)","Brandon Bet Amount":"$5","Brandon Win/Lose/Push":"Win","Brandon":"Wisconsin +17.5 (legends) ","Brandon Resolved":"University of Wisconsin (University of Wisconsin +17.5)","":"","Total Team Bet":"$130.00","Legends Bet":"$55.00","Leaders Bet":"$75.00","To Win":null,"Payout":null,"TOTALS":null,"Mitch Totals":null,"Phil Totals":null,"Bryce Totals":null,"Cory Totals":null,"JB Totals":null,"Ethan Totals":null,"Jaime Totals":null,"Nate Totals":null,"Evan Totals":null,"Brandon Totals":null},{"Week":"8","Date":"10/10/25","Mitch Bet Amount":"$25","Mitch Win/Lose/Push":"Loss","Mitch":"Oregon (quack quack quack) (leaders)  ","Mitch Resolved":"University of Washington @ University of Oregon (University of Oregon)","Phil Bet Amount":"$20","Phil Win/Lose/Push":"Push","Phil":"Minnesota (leaders)  ","Phil Resolved":"University of Minnesota (University of Minnesota)","Bryce Bet Amount":"$5","Bryce Win/Lose/Push":"Loss","Bryce":"Lions  (legends) ","Bryce Resolved":"Detroit Lions (Detroit Lions)","Cory Bet Amount":"$5","Cory Win/Lose/Push":"Push","Cory":"Bama (legends)  ","Cory Resolved":"University of Alabama (University of Alabama)","JB Bet Amount":"$5","JB Win/Lose/Push":"Loss","JB":"unlv (leaders)  ","JB Resolved":"University of Nevada Las Vegas (University of Nevada Las Vegas)","Ethan Bet Amount":"$20","Ethan Win/Lose/Push":"Win","Ethan":"Brandon (legends)  ","Ethan Resolved":"Tail Brandon","Jaime Bet Amount":"$5","Jaime Win/Lose/Push":"Win","Jaime":"Texas A&M -7.5 (legends)  ","Jaime Resolved":"Texas A&M University (Texas A&M University -7.5)","Nathan Bet Amount":"$5","Nathan Win/Lose/Push":"Loss","Nathan":"Bills -4.5 (legends) ","Nathan Resolved":"Buffalo Bills (Buffalo Bills -4.5)","Evan Bet Amount":"$10","Evan Win/Lose/Push":"Win","Evan":"Pitt +10 (leaders)  ","Evan Resolved":"University of Pittsburgh (University of Pittsburgh +10)","Brandon Bet Amount":"$5","Brandon Win/Lose/Push":"Win","Brandon":"USC -2.5 (legends)  ","Brandon Resolved":"University of Southern California (University of Southern California -2.5)","":"","Total Team Bet":"$105.00","Legends Bet":"$45.00","Leaders Bet":"$60.00","To Win":null,"Payout":null,"TOTALS":null,"Mitch Totals":null,"Phil Totals":null,"Bryce Totals":null,"Cory Totals":null,"JB Totals":null,"Ethan Totals":null,"Jaime Totals":null,"Nate Totals":null,"Evan Totals":null,"Brandon Totals":null},{"Week":"9","Date":"10/17/25","Mitch Bet Amount":"$25","Mitch Win/Lose/Push":"Win","Mitch":"Bryce (leaders)","Mitch Resolved":"Tail Bryce","Phil Bet Amount":"$20","Phil Win/Lose/Push":"Push","Phil":"Notre Dame (leaders) ","Phil Resolved":"University of Notre Dame (University of Notre Dame)","Bryce Bet Amount":"$10","Bryce Win/Lose/Push":"Win","Bryce":"Missouri -1 (buy the half point, still -120)😉 (legends) ","Bryce Resolved":"University of Missouri (University of Missouri -1)","Cory Bet Amount":"$5","Cory Win/Lose/Push":"Win","Cory":"Bears (legends) ","Cory Resolved":"Chicago Bears (Chicago Bears)","JB Bet Amount":"$10","JB Win/Lose/Push":"Loss","JB":"texas tech (leaders) ","JB Resolved":"Texas Tech University (Texas Tech University)","Ethan Bet Amount":"$5","Ethan Win/Lose/Push":"Loss","Ethan":"Nebraska (legends) ","Ethan Resolved":"University of Nebraska (University of Nebraska)","Jaime Bet Amount":"$5","Jaime Win/Lose/Push":"Win","Jaime":"Indiana Over 49.5 (legends) ","Jaime Resolved":"Indiana University (Over 49.5)","Nathan Bet Amount":"$10","Nathan Win/Lose/Push":"Win","Nathan":"Patriots -7 (legends) ","Nathan Resolved":"New England Patriots (New England Patriots -7)","Evan Bet Amount":"$5","Evan Win/Lose/Push":"Loss","Evan":"Texas Tech -7.5 (leaders) ","Evan Resolved":"Texas Tech University (Texas Tech University)","Brandon Bet Amount":"$5","Brandon Win/Lose/Push":"Loss","Brandon":"LSU +2.5 (legends) ","Brandon Resolved":"Louisiana State University (Louisiana State University +2.5)","":"","Total Team Bet":"$100.00","Legends Bet":"$40.00","Leaders Bet":"$60.00","To Win":null,"Payout":null,"TOTALS":null,"Mitch Totals":null,"Phil Totals":null,"Bryce Totals":null,"Cory Totals":null,"JB Totals":null,"Ethan Totals":null,"Jaime Totals":null,"Nate Totals":null,"Evan Totals":null,"Brandon Totals":null},{"Week":"10","Date":"10/24/25","Mitch Bet Amount":"$5","Mitch Win/Lose/Push":"Loss","Mitch":"USF (leaders) ","Mitch Resolved":"San Jose State University @ University of South Florida (University of South Florida)","Phil Bet Amount":"$20","Phil Win/Lose/Push":"Win","Phil":"Texas A&M/LSU Over (leaders) ","Phil Resolved":"Texas A&M University @ Louisiana State University (Over)","Bryce Bet Amount":"$5","Bryce Win/Lose/Push":"Win","Bryce":"BYU (legends) ","Bryce Resolved":"Brigham Young University (Brigham Young University)","Cory Bet Amount":"$5","Cory Win/Lose/Push":"Loss","Cory":"Bama (legends)  ","Cory Resolved":"University of Alabama (University of Alabama)","JB Bet Amount":"$15","JB Win/Lose/Push":"Win","JB":"southern miss (leaders) ","JB Resolved":"University of Southern Mississippi (University of Southern Mississippi)","Ethan Bet Amount":"$10","Ethan Win/Lose/Push":"Win","Ethan":"Oklahoma vs ole miss over (legends) ","Ethan Resolved":"Texas A&M University @ Louisiana State University (Over)","Jaime Bet Amount":"$5","Jaime Win/Lose/Push":"Loss","Jaime":"UCLA +26 (legends) ","Jaime Resolved":"University of California Los Angeles (University of California Los Angeles +26)","Nathan Bet Amount":"$5","Nathan Win/Lose/Push":"Win","Nathan":"Chiefs -11.5 (legends) ","Nathan Resolved":"Kansas City Chiefs (Kansas City Chiefs -11.5)","Evan Bet Amount":"$10","Evan Win/Lose/Push":"Win","Evan":"Ole Miss +5.5 (leaders) ","Evan Resolved":"University of Southern Mississippi (University of Southern Mississippi)","Brandon Bet Amount":"$10","Brandon Win/Lose/Push":"Win","Brandon":"IF(Man City > -120, Man City, MSU +13.5) (legends) ","Brandon Resolved":"Kansas City Chiefs (Kansas City Chiefs -11.5)","":"","Total Team Bet":"$90.00","Legends Bet":"$40.00","Leaders Bet":"$50.00","To Win":null,"Payout":null,"TOTALS":null,"Mitch Totals":null,"Phil Totals":null,"Bryce Totals":null,"Cory Totals":null,"JB Totals":null,"Ethan Totals":null,"Jaime Totals":null,"Nate Totals":null,"Evan Totals":null,"Brandon Totals":null},{"Week":"11","Date":"10/31/25","Mitch Bet Amount":"$10","Mitch Win/Lose/Push":"Loss","Mitch":"georgia tech - tail JB (leaders)","Mitch Resolved":"Tail georgia tech - JB (leaders)","Phil Bet Amount":"$5","Phil Win/Lose/Push":"Win","Phil":"Utah (leaders)","Phil Resolved":"University of Utah (University of Utah)","Bryce Bet Amount":"$5","Bryce Win/Lose/Push":"Win","Bryce":"Timothy Cuamba (legends)","Bryce Resolved":"Timothy Cuamba (Timothy Cuamba)","Cory Bet Amount":"$10","Cory Win/Lose/Push":"Loss","Cory":"(legends) Patriots  ","Cory Resolved":"New England Patriots (New England Patriots)","JB Bet Amount":"$5","JB Win/Lose/Push":"Loss","JB":"(leaders) Georgia tech","JB Resolved":"Georgia Institute of Technology (Georgia Institute of Technology)","Ethan Bet Amount":"$5","Ethan Win/Lose/Push":"Win","Ethan":"Indiana (legends)","Ethan Resolved":"Indiana University (Indiana University)","Jaime Bet Amount":"$10","Jaime Win/Lose/Push":"Loss","Jaime":"MIA/SMU Over (legends)","Jaime Resolved":"University of Miami @ Southern Methodist University (Over)","Nathan Bet Amount":"$5","Nathan Win/Lose/Push":"Loss","Nathan":"KC -1.5 (legends) ","Nathan Resolved":"Kansas City Chiefs (Kansas City Chiefs -1.5)","Evan Bet Amount":"$5","Evan Win/Lose/Push":"Win","Evan":"Oklahoma+2.5 (leaders)","Evan Resolved":"University of Oklahoma (University of Oklahoma +2.5)","Brandon Bet Amount":"$5","Brandon Win/Lose/Push":"Push","Brandon":"Texas -3.5 (legends)","Brandon Resolved":"University of Texas (University of Texas -3.5)","":"","Total Team Bet":"$65.00","Legends Bet":"$40.00","Leaders Bet":"$25.00","To Win":null,"Payout":null,"TOTALS":null,"Mitch Totals":null,"Phil Totals":null,"Bryce Totals":null,"Cory Totals":null,"JB Totals":null,"Ethan Totals":null,"Jaime Totals":null,"Nate Totals":null,"Evan Totals":null,"Brandon Totals":null},{"Week":"12","Date":"11/7/25","Mitch Bet Amount":"$15","Mitch Win/Lose/Push":"Win","Mitch":"Wake Forest  (leaders) ","Mitch Resolved":"Stanford University @ Wake Forest University (Wake Forest University)","Phil Bet Amount":"$5","Phil Win/Lose/Push":"Loss","Phil":"Oregon (leaders) ","Phil Resolved":"University of Oregon (University of Oregon)","Bryce Bet Amount":"$5","Bryce Win/Lose/Push":"Win","Bryce":"(legends) UL LAFAYETTE ","Bryce Resolved":"University of Louisiana Lafayette (University of Louisiana Lafayette)","Cory Bet Amount":"$15","Cory Win/Lose/Push":"Win","Cory":"Wash/wi under (legends) ","Cory Resolved":"University of Washington @ University of Wisconsin (Under)","JB Bet Amount":"$10","JB Win/Lose/Push":"Win","JB":"stanford under (leaders) ","JB Resolved":"Stanford University @ Wake Forest University (Wake Forest University)","Ethan Bet Amount":"$5","Ethan Win/Lose/Push":"Win","Ethan":"Vandy (legends) ","Ethan Resolved":"Vanderbilt University (Vanderbilt University)","Jaime Bet Amount":"$15","Jaime Win/Lose/Push":"Win","Jaime":"Texas A&M -6.5 (leaders) ","Jaime Resolved":"Texas A&M University (Texas A&M University -6.5)","Nathan Bet Amount":"$10","Nathan Win/Lose/Push":"Win","Nathan":"LAR (legends) ","Nathan Resolved":"Los Angeles Rams (Los Angeles Rams)","Evan Bet Amount":"$5","Evan Win/Lose/Push":"Loss","Evan":"BYU +12 (legends) ","Evan Resolved":"Brigham Young University (Brigham Young University +12)","Brandon Bet Amount":"$5","Brandon Win/Lose/Push":"Win","Brandon":"Penn State (legends) ","Brandon Resolved":"Penn State University (Penn State University)","":"","Total Team Bet":"$90.00","Legends Bet":"$45.00","Leaders Bet":"$45.00","To Win":null,"Payout":null,"TOTALS":null,"Mitch Totals":null,"Phil Totals":null,"Bryce Totals":null,"Cory Totals":null,"JB Totals":null,"Ethan Totals":null,"Jaime Totals":null,"Nate Totals":null,"Evan Totals":null,"Brandon Totals":null},{"Week":"13","Date":"11/14/25","Mitch Bet Amount":"$5","Mitch Win/Lose/Push":"Loss","Mitch":"San Jose St. (leaders)","Mitch Resolved":"University of Nevada Las Vegas @ San Jose State University (San Jose State University)","Phil Bet Amount":"$10","Phil Win/Lose/Push":"Win","Phil":"Penn State (leaders) ","Phil Resolved":"University of Nevada Las Vegas @ San Jose State University (San Jose State University)","Bryce Bet Amount":"$5","Bryce Win/Lose/Push":"Win","Bryce":"(legends) Arizona ","Bryce Resolved":"University of Arizona (University of Arizona)","Cory Bet Amount":"$5","Cory Win/Lose/Push":"Push","Cory":"(legends) Ravens  ","Cory Resolved":"Baltimore Ravens (Baltimore Ravens)","JB Bet Amount":"$5","JB Win/Lose/Push":"Win","JB":"(leaders) Iowa under ","JB Resolved":"University of Iowa (Under)","Ethan Bet Amount":"$5","Ethan Win/Lose/Push":"Win","Ethan":"Georgia (legends) ","Ethan Resolved":"University of Georgia (University of Georgia)","Jaime Bet Amount":"$5","Jaime Win/Lose/Push":"Win","Jaime":"Texas A&M/SC Over (legends) ","Jaime Resolved":"Texas A&M University @ University of South Carolina (Over)","Nathan Bet Amount":"$5","Nathan Win/Lose/Push":"Loss","Nathan":"Texans (legends) ","Nathan Resolved":"Houston Texans (Houston Texans)","Evan Bet Amount":"$10","Evan Win/Lose/Push":"Win","Evan":"BYU -3 (leaders) ","Evan Resolved":"Brigham Young University (Brigham Young University -3)","Brandon Bet Amount":"$5","Brandon Win/Lose/Push":"Win","Brandon":"Northwestern +11.5 (legends) ","Brandon Resolved":"Northwestern University (Northwestern University +11.5)","":"","Total Team Bet":"$60.00","Legends Bet":"$30.00","Leaders Bet":"$30.00","To Win":null,"Payout":null,"TOTALS":null,"Mitch Totals":null,"Phil Totals":null,"Bryce Totals":null,"Cory Totals":null,"JB Totals":null,"Ethan Totals":null,"Jaime Totals":null,"Nate Totals":null,"Evan Totals":null,"Brandon Totals":null},{"Week":"14","Date":"11/21/25","Mitch Bet Amount":"$10","Mitch Win/Lose/Push":"Win","Mitch":"Bryce (leaders)","Mitch Resolved":"Tail Bryce","Phil Bet Amount":"$5","Phil Win/Lose/Push":"Win","Phil":"Michigan (leaders)","Phil Resolved":"University of Michigan (University of Michigan)","Bryce Bet Amount":"$5","Bryce Win/Lose/Push":"Win","Bryce":"Duke (legends)","Bryce Resolved":"Duke University (Duke University)","Cory Bet Amount":"$5","Cory Win/Lose/Push":"Win","Cory":"Utah KSU. Over (legends)","Cory Resolved":"Kansas State University @ University of Utah (Over)","JB Bet Amount":"$5","JB Win/Lose/Push":"Win","JB":"Brandon (leaders)","JB Resolved":"Tail Brandon","Ethan Bet Amount":"$5","Ethan Win/Lose/Push":"Win","Ethan":"Bengals (legends)","Ethan Resolved":"Cincinnati Bengals (Cincinnati Bengals)","Jaime Bet Amount":"$5","Jaime Win/Lose/Push":"Loss","Jaime":"Texas A&M/Samford Over (legends)","Jaime Resolved":"Kansas State University @ University of Utah (Over)","Nathan Bet Amount":"$10","Nathan Win/Lose/Push":"Win","Nathan":"Rams (legends)","Nathan Resolved":"Los Angeles Rams (Los Angeles Rams)","Evan Bet Amount":"$5","Evan Win/Lose/Push":"Win","Evan":"Tennessee -4 (leaders)","Evan Resolved":"University of Tennessee (University of Tennessee -4)","Brandon Bet Amount":"$5","Brandon Win/Lose/Push":"Win","Brandon":"BYU (legends)","Brandon Resolved":"Brigham Young University (Brigham Young University)","":"","Total Team Bet":"$60.00","Legends Bet":"$35.00","Leaders Bet":"$25.00","To Win":"","Payout":"$87.38","TOTALS":null,"Mitch Totals":null,"Phil Totals":null,"Bryce Totals":null,"Cory Totals":null,"JB Totals":null,"Ethan Totals":null,"Jaime Totals":null,"Nate Totals":null,"Evan Totals":null,"Brandon Totals":null},{"Week":"15","Date":"11/28/25","Mitch Bet Amount":"$5","Mitch Win/Lose/Push":"W","Mitch":"Alabama -110 (leaders)","Mitch Resolved":"Alabama Crimson Tide @ Auburn Tigers (Alabama Crimson Tide -5)","Phil Bet Amount":"$5","Phil Win/Lose/Push":"W","Phil":"Oregon (leaders) ","Phil Resolved":"Oregon Ducks @ Washington Huskies","Bryce Bet Amount":"$5","Bryce Win/Lose/Push":"L","Bryce":"vikes (NFL) (legends)","Bryce Resolved":"Minnesota Vikings @ Seattle Seahawks (Minnesota Vikings +11.5)","Cory Bet Amount":"$5","Cory Win/Lose/Push":"W","Cory":"houston (NCAAF) (legends)","Cory Resolved":"Houston Cougars @ Baylor Bears (Houston Cougars +2.5)","JB Bet Amount":"$5","JB Win/Lose/Push":"W","JB":"NW/Illinois under (leaders) (leaders)","JB Resolved":"Northwestern Wildcats @ Illinois Fighting Illini (Under 45.5)","Ethan Bet Amount":"$5","Ethan Win/Lose/Push":"W","Ethan":"ohio state -110 (legends)","Ethan Resolved":"Ohio State Buckeyes @ Michigan Wolverines (Ohio State Buckeyes -9.5)","Jaime Bet Amount":"$10","Jaime Win/Lose/Push":"L","Jaime":"OK/LSU Over -110 (leaders)","Jaime Resolved":"LSU Tigers @ Oklahoma Sooners (Over 36.5)","Nathan Bet Amount":"$5","Nathan Win/Lose/Push":"L","Nathan":"Browns  -110 (legends)","Nathan Resolved":"San Francisco 49ers @ Cleveland Browns (Cleveland Browns +6)","Evan Bet Amount":"$5","Evan Win/Lose/Push":"L","Evan":"Pitt +7 (NCAAF) (legends)","Evan Resolved":"Miami Hurricanes @ Pittsburgh Panthers (Pittsburgh Panthers +7)","Brandon Bet Amount":"$5","Brandon Win/Lose/Push":"W","Brandon":"Ethan (legends)","Brandon Resolved":"Ethan","":"","Total Team Bet":"$30.00","Legends Bet":"$0.00","Leaders Bet":"$0.00","To Win":null,"Payout":null,"TOTALS":null,"Mitch Totals":null,"Phil Totals":null,"Bryce Totals":null,"Cory Totals":null,"JB Totals":null,"Ethan Totals":null,"Jaime Totals":null,"Nate Totals":null,"Evan Totals":null,"Brandon Totals":null},{"Week":"16","Date":"12/5/25","Mitch Bet Amount":"$5","Mitch Win/Lose/Push":"W","Mitch":"Louisville | -4.5 (NCAAB) (leaders)","Mitch Resolved":"Indiana Hoosiers @ Louisville Cardinals (Louisville Cardinals -4.5)","Phil Bet Amount":"$5","Phil Win/Lose/Push":"W","Phil":"Miami-Ohio | under 43 (NCAAF) (leaders)","Phil Resolved":"Miami (OH) RedHawks @ Western Michigan Broncos (Under 43)","Bryce Bet Amount":"$10","Bryce Win/Lose/Push":"W","Bryce":"Georgia | -2 (NCAAF) (legends)","Bryce Resolved":"Georgia Bulldogs @ Alabama Crimson Tide (Georgia Bulldogs -2)","Cory Bet Amount":"$5","Cory Win/Lose/Push":"L","Cory":"Virginia | -4 (NCAAF) (legends)","Cory Resolved":"Duke Blue Devils @ Virginia Cavaliers (Virginia Cavaliers -4)","JB Bet Amount":"$5","JB Win/Lose/Push":"L","JB":"montana/montana st over 53.5","JB Resolved":"montana @ montana st (Over 53.5)","Ethan Bet Amount":"$5","Ethan Win/Lose/Push":"W","Ethan":"Jaguars | +2 (NFL) (legends)","Ethan Resolved":"Indianapolis Colts @ Jacksonville Jaguars (Jacksonville Jaguars +2)","Jaime Bet Amount":"$15","Jaime Win/Lose/Push":"L","Jaime":"Packers/Bears | under 44 (NFL) (leaders)","Jaime Resolved":"Chicago Bears @ Green Bay Packers (Under 44)","Nathan Bet Amount":"$10","Nathan Win/Lose/Push":"W","Nathan":"Texans | +3.5 (NFL) (legends)","Nathan Resolved":"Houston Texans @ Kansas City Chiefs (Houston Texans +3.5)","Evan Bet Amount":"$10","Evan Win/Lose/Push":"L","Evan":"Georgia Alabama | under 48 (NCAAF) (legends)","Evan Resolved":"Georgia Bulldogs @ Alabama Crimson Tide (Under 48)","Brandon Bet Amount":"$5","Brandon Win/Lose/Push":"L","Brandon":"OSU | -3 (NCAAF) (legends)","Brandon Resolved":"Indiana Hoosiers @ Ohio State Buckeyes (Ohio State Buckeyes -3)","":"","Total Team Bet":"$0.00","Legends Bet":"$0.00","Leaders Bet":"$0.00","To Win":null,"Payout":null,"TOTALS":null,"Mitch Totals":null,"Phil Totals":null,"Bryce Totals":null,"Cory Totals":null,"JB Totals":null,"Ethan Totals":null,"Jaime Totals":null,"Nate Totals":null,"Evan Totals":null,"Brandon Totals":null},{"Week":"17","Date":"12/12/2025","Mitch Bet Amount":"$5","Mitch Win/Lose/Push":"L","Mitch":"Navy -6 (leaders)","Mitch Resolved":"(Navy -6)","Phil Bet Amount":"$5","Phil Win/Lose/Push":"W","Phil":"Army/Navy Under 38 (leaders)","Phil Resolved":"(Under 38)","Bryce Bet Amount":"$5","Bryce Win/Lose/Push":"W","Bryce":"Brandon (legends)","Bryce Resolved":"Tail Brandon","Cory Bet Amount":"$10","Cory Win/Lose/Push":"L","Cory":"Houston/az under 42.5 (legends)","Cory Resolved":"Houston Texans Arizona Cardinals (Under 42.5)","JB Bet Amount":"$5","JB Win/Lose/Push":"P","JB":"zaga -10 (leaders)","JB Resolved":"UCLA Bruins @ Gonzaga Bulldogs (Gonzaga -10)","Ethan Bet Amount":"$5","Ethan Win/Lose/Push":"L","Ethan":"Creighton -4 (legends)","Ethan Resolved":"Kansas St. Wildcats @ Creighton Bluejays (Creighton -4)","Jaime Bet Amount":"$20","Jaime Win/Lose/Push":"W","Jaime":"Packers/Broncos Over 43 (leaders)","Jaime Resolved":"Green Bay Packers Denver Broncos (Over 43)","Nathan Bet Amount":"$5","Nathan Win/Lose/Push":"L","Nathan":"Packers -2 (legends)","Nathan Resolved":"Green Bay Packers Denver Broncos (Green Bay Packers -2)","Evan Bet Amount":"$15","Evan Win/Lose/Push":"W","Evan":"Michigan St Penn St under 145 (legends)","Evan Resolved":"Michigan St. Spartans Penn State Nittany Lions (Under 145)","Brandon Bet Amount":"$10","Brandon Win/Lose/Push":"W","Brandon":"Man City -.5 (legends)","Brandon Resolved":"Crystal Palace F.C. @ Manchester City Football Club (Manchester City -.5)","":null,"Total Team Bet":null,"Legends Bet":null,"Leaders Bet":null,"To Win":null,"Payout":null,"TOTALS":null,"Mitch Totals":null,"Phil Totals":null,"Bryce Totals":null,"Cory Totals":null,"JB Totals":null,"Ethan Totals":null,"Jaime Totals":null,"Nate Totals":null,"Evan Totals":null,"Brandon Totals":null},{"Week":"18","Date":"12/19/2025","Mitch Bet Amount":"$10","Mitch Win/Lose/Push":"L","Mitch":"unc | -3.5 (NCAAB) (leaders)","Mitch Resolved":"Ohio State Buckeyes @ North Carolina Tar Heels (North Carolina Tar Heels -3.5)","Phil Bet Amount":"$5","Phil Win/Lose/Push":"L","Phil":"Utah State/Wash State | Under 50 (NCAAF) (legends)","Phil Resolved":"Washington State Cougars @ Utah State Aggies (Under 50)","Bryce Bet Amount":"$5","Bryce Win/Lose/Push":"L","Bryce":"Utah State | -1 (NCAAF) (legends)","Bryce Resolved":"Washington State Cougars @ Utah State Aggies (Utah State Aggies -1)","Cory Bet Amount":"$15","Cory Win/Lose/Push":"W","Cory":"Unlv/Ohio under | under 65.5 (NCAAF) (legends)","Cory Resolved":"Unlv/Ohio under (Under 65.5)","JB Bet Amount":"$5","JB Win/Lose/Push":"W","JB":"montana/montana st over 53.5","JB Resolved":"Montana Grizzlies @ Montana State Bobcats (Over 53.5)","Ethan Bet Amount":"$10","Ethan Win/Lose/Push":"W","Ethan":"Gophers | -2 (NCAAF) (legends)","Ethan Resolved":"New Mexico Lobos @ Minnesota Golden Gophers (Minnesota Golden Gophers -2)","Jaime Bet Amount":"$5","Jaime Win/Lose/Push":"W","Jaime":"49ers | -5.5 (NFL) (leaders)","Jaime Resolved":"San Francisco 49ers @ Indianapolis Colts (San Francisco 49ers -5.5)","Nathan Bet Amount":"$10","Nathan Win/Lose/Push":"W","Nathan":"Vikes | -2.5 (NFL) (legends)","Nathan Resolved":"Minnesota Vikings @ New York Giants (Minnesota Vikings -2.5)","Evan Bet Amount":"$5","Evan Win/Lose/Push":"W","Evan":"TAM Miami | under 48 (NCAAF) (leaders)","Evan Resolved":"Miami Hurricanes @ Texas A&M Aggies (Under 48)","Brandon Bet Amount":"$5","Brandon Win/Lose/Push":"L","Brandon":"TAM | -3 (NCAAF) (legends)","Brandon Resolved":"TAM (TAM -3)","":null,"Total Team Bet":null,"Legends Bet":null,"Leaders Bet":null,"To Win":null,"Payout":null,"TOTALS":null,"Mitch Totals":null,"Phil Totals":null,"Bryce Totals":null,"Cory Totals":null,"JB Totals":null,"Ethan Totals":null,"Jaime Totals":null,"Nate Totals":null,"Evan Totals":null,"Brandon Totals":null},{"Week":"19","Date":"12/26/2025","Mitch Bet Amount":"$15","Mitch Win/Lose/Push":"W","Mitch":"Navy | -7 (NCAAF) (leaders)","Mitch Resolved":"Navy Midshipmen @ Cincinnati Bearcats (Navy Midshipmen -7)","Phil Bet Amount":"$10","Phil Win/Lose/Push":"L","Phil":"North Texas / San Diego St | Under 52.5 (NCAAF) (leaders)","Phil Resolved":"North Texas Mean Green @ San Diego State Aztecs (Under 52.5)","Bryce Bet Amount":"$10","Bryce Win/Lose/Push":"L","Bryce":"Arizona | +7 (NFL) (legends)","Bryce Resolved":"Arizona Cardinals @ Cincinnati Bengals (Arizona Cardinals +7)","Cory Bet Amount":"$5","Cory Win/Lose/Push":"W","Cory":"Oregon/tt | under 52.5 (NCAAF) (legends)","Cory Resolved":"Oregon @ tt (Under 52.5)","JB Bet Amount":"$5","JB Win/Lose/Push":"L","JB":"Vandy Baby! | -4.5 (NCAAF) (leaders)","JB Resolved":"Vandy Baby! (Vandy Baby! -4.5)","Ethan Bet Amount":"$5","Ethan Win/Lose/Push":"L","Ethan":"Georgia | -6 (NCAAF) (legends)","Ethan Resolved":"Georgia Tech Yellow Jackets @ BYU Cougars (Georgia Tech Yellow Jackets -6)","Jaime Bet Amount":"$5","Jaime Win/Lose/Push":"W","Jaime":"49ers | -3 (NFL) (leaders)","Jaime Resolved":"Chicago Bears @ San Francisco 49ers (San Francisco 49ers -3)","Nathan Bet Amount":"$5","Nathan Win/Lose/Push":"L","Nathan":"Packers | -3 (NFL) (legends)","Nathan Resolved":"Baltimore Ravens @ Green Bay Packers (Green Bay Packers -3)","Evan Bet Amount":"$5","Evan Win/Lose/Push":"L","Evan":"texas tech | +2 (NCAAF) (legends)","Evan Resolved":"Oregon Ducks @ Texas Tech Red Raiders (Texas Tech Red Raiders +2)","Brandon Bet Amount":"$10","Brandon Win/Lose/Push":"W","Brandon":"Texans | +2 (NFL) (legends)","Brandon Resolved":"Houston Texans @ Los Angeles Chargers (Houston Texans +2)","":null,"Total Team Bet":null,"Legends Bet":null,"Leaders Bet":null,"To Win":null,"Payout":null,"TOTALS":null,"Mitch Totals":null,"Phil Totals":null,"Bryce Totals":null,"Cory Totals":null,"JB Totals":null,"Ethan Totals":null,"Jaime Totals":null,"Nate Totals":null,"Evan Totals":null,"Brandon Totals":null},{"Week":"20","Date":"01/02/2026","Mitch Bet Amount":"$5","Mitch Win/Lose/Push":"W","Mitch":"Alabama (NCAAB) (leaders)","Mitch Resolved":"Kentucky Wildcats @ Alabama Crimson Tide (Alabama Crimson Tide -5.5) (NCAAB)","Phil Bet Amount":"$15","Phil Win/Lose/Push":"W","Phil":"Illinois State/Montana State Over (leaders)","Phil Resolved":"Illinois State Redbirds @ Montana State Bobcats (Over 56.5) (FCS)","Bryce Bet Amount":"$15","Bryce Win/Lose/Push":"W","Bryce":"Indiana (legends)","Bryce Resolved":"Oregon @ Indiana (Indiana -4)","Cory Bet Amount":"$5","Cory Win/Lose/Push":"L","Cory":"49ers (legends)","Cory Resolved":"Seattle Seahawks @ San Francisco 49ers ( San Franscisco 49ers +3)","JB Bet Amount":"$10","JB Win/Lose/Push":"L","JB":"montana st - buy the half point (leaders)","JB Resolved":"Illinois State Redbirds @ Montana State Bobcats (Montana State Bobcats -10) (FCS)","Ethan Bet Amount":"$10","Ethan Win/Lose/Push":"W","Ethan":"Timberwolves (legends)","Ethan Resolved":"Minnesota Timberwolves @ Miami Heat (Minnesota Timberwolves -3) (NBA)","Jaime Bet Amount":"$5","Jaime Win/Lose/Push":"W","Jaime":"Steelers/Ravens Over (legends)","Jaime Resolved":"Baltimore Ravens @ Pittsburgh Steelers (Over 41) (NFL)","Nathan Bet Amount":"$10","Nathan Win/Lose/Push":"L","Nathan":"Bengals (legends)","Nathan Resolved":"Cleveland Browns @ Cincinnati Bengals (Cincinnati Bengals -7) (NFL)","Evan Bet Amount":"$10","Evan Win/Lose/Push":"W","Evan":"Virginia Tech +5.5 (leaders)","Evan Resolved":"Virginia Tech Hokies @ Wake Forest Demon Deacons (Virginia Tech Hokies +5.5) (NCAAB)","Brandon Bet Amount":"$5","Brandon Win/Lose/Push":"W","Brandon":"Iowa -6.5 (legends)","Brandon Resolved":"UCLA Bruins @ Iowa Hawkeyes (Iowa Hawkeyes -6.5) (NCAAB)","":null,"Total Team Bet":null,"Legends Bet":null,"Leaders Bet":null,"To Win":null,"Payout":null,"TOTALS":null,"Mitch Totals":null,"Phil Totals":null,"Bryce Totals":null,"Cory Totals":null,"JB Totals":null,"Ethan Totals":null,"Jaime Totals":null,"Nate Totals":null,"Evan Totals":null,"Brandon Totals":null},{"Week":"21","Date":"01/09/2026","Mitch Bet Amount":"$5","Mitch Win/Lose/Push":"","Mitch":"","Mitch Resolved":"","Phil Bet Amount":"$5","Phil Win/Lose/Push":"","Phil":"","Phil Resolved":"","Bryce Bet Amount":"$5","Bryce Win/Lose/Push":"","Bryce":"","Bryce Resolved":"","Cory Bet Amount":"$10","Cory Win/Lose/Push":"","Cory":"","Cory Resolved":"","JB Bet Amount":"$15","JB Win/Lose/Push":"","JB":"","JB Resolved":"","Ethan Bet Amount":"$5","Ethan Win/Lose/Push":"","Ethan":"","Ethan Resolved":"","Jaime Bet Amount":"$5","Jaime Win/Lose/Push":"","Jaime":"","Jaime Resolved":"","Nathan Bet Amount":"$15","Nathan Win/Lose/Push":"","Nathan":"","Nathan Resolved":"","Evan Bet Amount":"$5","Evan Win/Lose/Push":"","Evan":"","Evan Resolved":"","Brandon Bet Amount":"$5","Brandon Win/Lose/Push":null,"Brandon":null,"Brandon Resolved":null,"":null,"Total Team Bet":null,"Legends Bet":null,"Leaders Bet":null,"To Win":null,"Payout":null,"TOTALS":null,"Mitch Totals":null,"Phil Totals":null,"Bryce Totals":null,"Cory Totals":null,"JB Totals":null,"Ethan Totals":null,"Jaime Totals":null,"Nate Totals":null,"Evan Totals":null,"Brandon Totals":null}]
3:32:07 AM [express] GET /api/data 304 in 3ms :: [{"Week":"1","Date":"8/22/2025","Mitch Bet Amount":"$10","Mitch Win/Lose/Push":"Win","Mitch":"Kansas -14 (legends)","Mitch Resolved":"Fresno State University @ University of Kansas (University of Kansas -14)","Phil Bet Amount":"$25","Phil Win/Lose/Push":"Loss","Phil":"JB (legends)","Phil Resolved":"Tail JB","Bryce Bet Amount":"$5","Bryce Win/Lose/Push":"Loss","Bryce":"Stanford? +2.5 (legends)","Bryce Resolved":"Stanford University (Stanford University +2.5)","Cory Bet Amount":"$25","Cory Win/Lose/Push":"Win","Cory":"Rutgers over 47 (leaders)","Cory Resolved":"Rutgers University (Over 47)","JB Bet Amount":"$5","JB Win/Lose/Push":"Loss","JB":"kansas st over 52 (legends)","JB Resolved":"Fresno State University @ University of Kansas (University of Kansas -14)","Ethan Bet Amount":"$20","Ethan Win/Lose/Push":"Win","Ethan":"Mitch (legends)","Ethan Resolved":"Tail Mitch","Jaime Bet Amount":"$10","Jaime Win/Lose/Push":"Loss","Jaime":"UCF/Jax St Over 52.5 (legends)","Jaime Resolved":"Rutgers University (Over 47)","Nathan Bet Amount":"$5","Nathan Win/Lose/Push":"Loss","Nathan":"Universitario -0.5 (leaders)","Nathan Resolved":"Universitario (Universitario -0.5)","Evan Bet Amount":"$5","Evan Win/Lose/Push":"Loss","Evan":"Kansas State -3 (leaders)","Evan Resolved":"Fresno State University @ University of Kansas (University of Kansas -14)","Brandon Bet Amount":"$5","Brandon Win/Lose/Push":"Loss","Brandon":"KU/Fresno o50 (leaders)","Brandon Resolved":"University of Kansas @ Fresno State University (Over 50)","":"","Total Team Bet":"$115.00","Legends Bet":"$75.00","Leaders Bet":"$40.00","To Win":"","Payout":"","TOTALS":"Total Bet","Mitch Totals":"$205.00","Phil Totals":"$215.00","Bryce Totals":"$85.00","Cory Totals":"$105.00","JB Totals":"$135.00","Ethan Totals":"$130.00","Jaime Totals":"$140.00","Nate Totals":"$110.00","Evan Totals":"$135.00","Brandon Totals":"$110.00"},{"Week":"2","Date":"8/29/2025","Mitch Bet Amount":"$5","Mitch Win/Lose/Push":"Loss","Mitch":"Alabama -13.5 (legends)","Mitch Resolved":"University of Texas @ University of Alabama (University of Alabama -13.5)","Phil Bet Amount":"$25","Phil Win/Lose/Push":"Loss","Phil":"Mitch (legends)","Phil Resolved":"Tail Mitch","Bryce Bet Amount":"$10","Bryce Win/Lose/Push":"Win","Bryce":"Ohio st (legends)","Bryce Resolved":"Ohio State University (Ohio State University)","Cory Bet Amount":"$5","Cory Win/Lose/Push":"Win","Cory":"Maryland under  (leaders)","Cory Resolved":"University of Maryland (Under)","JB Bet Amount":"$10","JB Win/Lose/Push":"Loss","JB":"penn st under (legends)","JB Resolved":"University of Maryland (Under)","Ethan Bet Amount":"$5","Ethan Win/Lose/Push":"Win","Ethan":"Iowa under 50.5 (legends)","Ethan Resolved":"University of Maryland (Under)","Jaime Bet Amount":"$15","Jaime Win/Lose/Push":"Win","Jaime":"Tennessee -13.5 (legends)","Jaime Resolved":"University of Texas @ University of Alabama (University of Alabama -13.5)","Nathan Bet Amount":"$10","Nathan Win/Lose/Push":"Win","Nathan":"Padres -1.5 (leaders)","Nathan Resolved":"San Diego Padres (San Diego Padres -1.5)","Evan Bet Amount":"$10","Evan Win/Lose/Push":"Loss","Evan":"Texas +1.5 (leaders)","Evan Resolved":"University of Texas @ University of Alabama (University of Alabama -13.5)","Brandon Bet Amount":"$10","Brandon Win/Lose/Push":"Loss","Brandon":"Sinner -8.5 (leaders)","Brandon Resolved":"Jannik Sinner (Jannik Sinner -8.5)","":"","Total Team Bet":"$105.00","Legends Bet":"$70.00","Leaders Bet":"$35.00","To Win":"","Payout":"","TOTALS":"Total Wins","Mitch Totals":"4","Phil Totals":"5","Bryce Totals":"11","Cory Totals":"10","JB Totals":"6","Ethan Totals":"9","Jaime Totals":"7","Nate Totals":"8","Evan Totals":"7","Brandon Totals":"8"},{"Week":"3","Date":"9/5/2025","Mitch Bet Amount":"$10","Mitch Win/Lose/Push":"Loss","Mitch":"Ole Miss 1H (legends)","Mitch Resolved":"North Carolina State @ University of Mississippi (University of Mississippi -7, 1st Half)","Phil Bet Amount":"$25","Phil Win/Lose/Push":"Loss","Phil":"Ethan (legends)","Phil Resolved":"Tail Ethan","Bryce Bet Amount":"$5","Bryce Win/Lose/Push":"Win","Bryce":"Vikes","Bryce Resolved":"Minnesota Vikings (Minnesota Vikings)","Cory Bet Amount":"$5","Cory Win/Lose/Push":"Win","Cory":"MSU over (leaders)","Cory Resolved":"Michigan State University (Over)","JB Bet Amount":"$15","JB Win/Lose/Push":"Loss","JB":"Navy  (legends)","JB Resolved":"United States Naval Academy (United States Naval Academy)","Ethan Bet Amount":"$5","Ethan Win/Lose/Push":"Loss","Ethan":"USF vs Florida over (legends)","Ethan Resolved":"Michigan State University (Over)","Jaime Bet Amount":"$5","Jaime Win/Lose/Push":"Win","Jaime":"Illinois -2.5 (legends)","Jaime Resolved":"University of Illinois (University of Illinois -2.5)","Nathan Bet Amount":"$5","Nathan Win/Lose/Push":"Win","Nathan":"(NFL) Arizona -6.5 (leaders)","Nathan Resolved":"Arizona Cardinals (Arizona Cardinals -6.5)","Evan Bet Amount":"$15","Evan Win/Lose/Push":"Loss","Evan":"Iowa/ Iowa St over 43 (leaders)","Evan Resolved":"Michigan State University (Over)","Brandon Bet Amount":"$15","Brandon Win/Lose/Push":"Push","Brandon":"W US Open o22 games (leaders)","Brandon Resolved":"US Open (Over 22 Games)","":"","Total Team Bet":"$105.00","Legends Bet":"$60.00","Leaders Bet":"$40.00","To Win":"","Payout":"","TOTALS":"Total Losses","Mitch Totals":"10","Phil Totals":"7","Bryce Totals":"3","Cory Totals":"2","JB Totals":"8","Ethan Totals":"5","Jaime Totals":"7","Nate Totals":"6","Evan Totals":"6","Brandon Totals":"4"},{"Week":"4","Date":"9/12/25","Mitch Bet Amount":"$15","Mitch Win/Lose/Push":"Loss","Mitch":"Steelers (legends)","Mitch Resolved":"Cincinnati Bengals @ Pittsburgh Steelers (Pittsburgh Steelers)","Phil Bet Amount":"$25","Phil Win/Lose/Push":"Win","Phil":"Ethan (legends)","Phil Resolved":"Tail Ethan","Bryce Bet Amount":"$5","Bryce Win/Lose/Push":"Win","Bryce":"Texas A&M (legends)","Bryce Resolved":"Texas A&M University (Texas A&M University)","Cory Bet Amount":"$5","Cory Win/Lose/Push":"Win","Cory":"Eagles (leaders)","Cory Resolved":"Philadelphia Eagles (Philadelphia Eagles)","JB Bet Amount":"$20","JB Win/Lose/Push":"Win","JB":"Nate (legends)","JB Resolved":"Tail Nathan","Ethan Bet Amount":"$10","Ethan Win/Lose/Push":"Win","Ethan":"Texas tech -23 (legends)","Ethan Resolved":"Texas A&M University (Texas A&M University)","Jaime Bet Amount":"$5","Jaime Win/Lose/Push":"Loss","Jaime":"Oregon -26.5 (legends)","Jaime Resolved":"University of Oregon (University of Oregon -26.5)","Nathan Bet Amount":"$5","Nathan Win/Lose/Push":"Win","Nathan":"Rams -5.5 (leaders) ","Nathan Resolved":"Los Angeles Rams (Los Angeles Rams -5.5)","Evan Bet Amount":"$20","Evan Win/Lose/Push":"Push","Evan":"Georgia -3.5 (leaders) ","Evan Resolved":"University of Georgia (University of Georgia -3.5)","Brandon Bet Amount":"$15","Brandon Win/Lose/Push":"Win","Brandon":"Man City -0.75 (leaders) ","Brandon Resolved":"Manchester City (Manchester City -0.75)","":"","Total Team Bet":"$125.00","Legends Bet":"$80.00","Leaders Bet":"$45.00","To Win":"","Payout":"$325.00","TOTALS":"Total Pushes","Mitch Totals":"0","Phil Totals":"2","Bryce Totals":"0","Cory Totals":"2","JB Totals":"0","Ethan Totals":"0","Jaime Totals":"0","Nate Totals":"0","Evan Totals":"1","Brandon Totals":"2"},{"Week":"5","Date":"9/19/25","Mitch Bet Amount":"$20","Mitch Win/Lose/Push":"Loss","Mitch":"JB (legends)","Mitch Resolved":"Tail JB","Phil Bet Amount":"$5","Phil Win/Lose/Push":"Loss","Phil":"Fresno (leaders)","Phil Resolved":"Fresno State University (Fresno State University)","Bryce Bet Amount":"$5","Bryce Win/Lose/Push":"Win","Bryce":"South Carolina (legends)","Bryce Resolved":"University of South Carolina (University of South Carolina)","Cory Bet Amount":"$5","Cory Win/Lose/Push":"Win","Cory":"Indiana (legends)","Cory Resolved":"Indiana University (Indiana University)","JB Bet Amount":"$5","JB Win/Lose/Push":"Loss","JB":"ATL Falcons (legends)","JB Resolved":"Atlanta Falcons (Atlanta Falcons)","Ethan Bet Amount":"$5","Ethan Win/Lose/Push":"Loss","Ethan":"Texans (legends)","Ethan Resolved":"Houston Texans (Houston Texans)","Jaime Bet Amount":"$10","Jaime Win/Lose/Push":"Loss","Jaime":"Packers -7.5 (legends) ","Jaime Resolved":"Green Bay Packers (Green Bay Packers -7.5)","Nathan Bet Amount":"$5","Nathan Win/Lose/Push":"Loss","Nathan":"49ers -2.5 (leaders)","Nathan Resolved":"San Francisco 49ers (San Francisco 49ers -2.5)","Evan Bet Amount":"$20","Evan Win/Lose/Push":"Win","Evan":"Florida/Miami Under 50.5 (leaders)","Evan Resolved":"University of Florida @ University of Miami (Under 50.5)","Brandon Bet Amount":"$5","Brandon Win/Lose/Push":"Loss","Brandon":"Nebraska +1 (leaders)","Brandon Resolved":"University of Nebraska (University of Nebraska +1)","":"","Total Team Bet":"$85.00","Legends Bet":"$50.00","Leaders Bet":"$35.00","To Win":"","Payout":"","TOTALS":"Win Percentage","Mitch Totals":"28.57%","Phil Totals":"41.67%","Bryce Totals":"78.57%","Cory Totals":"83.33%","JB Totals":"42.86%","Ethan Totals":"64.29%","Jaime Totals":"50.00%","Nate Totals":"57.14%","Evan Totals":"53.85%","Brandon Totals":"66.67%"},{"Week":"6","Date":"9/26/25","Mitch Bet Amount":"$25","Mitch Win/Lose/Push":"Loss","Mitch":"Ethan (legends) ","Mitch Resolved":"Tail Ethan","Phil Bet Amount":"$10","Phil Win/Lose/Push":"Loss","Phil":"Alabama/Georgia over (leaders) ","Phil Resolved":"University of Alabama @ University of Georgia (Over)","Bryce Bet Amount":"$5","Bryce Win/Lose/Push":"Loss","Bryce":"Vikings (legends) ","Bryce Resolved":"Minnesota Vikings (Minnesota Vikings)","Cory Bet Amount":"$5","Cory Win/Lose/Push":"Win","Cory":"NW/UCLA under (legends) ","Cory Resolved":"Northwestern University @ University of California Los Angeles (Under)","JB Bet Amount":"$10","JB Win/Lose/Push":"Loss","JB":"San Fran 49ers (legends) ","JB Resolved":"San Francisco 49ers (San Francisco 49ers)","Ethan Bet Amount":"$10","Ethan Win/Lose/Push":"Loss","Ethan":"Georgia (legends) ","Ethan Resolved":"University of Alabama @ University of Georgia (Over)","Jaime Bet Amount":"$15","Jaime Win/Lose/Push":"Loss","Jaime":"PSU Under 53.5 (legends) ","Jaime Resolved":"Northwestern University @ University of California Los Angeles (Under)","Nathan Bet Amount":"$10","Nathan Win/Lose/Push":"Loss","Nathan":"Chargers -6.5 (leaders) ","Nathan Resolved":"Los Angeles Chargers (Los Angeles Chargers -6.5)","Evan Bet Amount":"$5","Evan Win/Lose/Push":"Win","Evan":"Colorado/BYU under 49.5 (leaders) ","Evan Resolved":"Northwestern University @ University of California Los Angeles (Under)","Brandon Bet Amount":"$10","Brandon Win/Lose/Push":"Win","Brandon":"(leaders) Iowa +8.5 ","Brandon Resolved":"University of Iowa (University of Iowa +8.5)","":"","Total Team Bet":"$105.00","Legends Bet":"$70.00","Leaders Bet":"$35.00","To Win":null,"Payout":null,"TOTALS":null,"Mitch Totals":null,"Phil Totals":null,"Bryce Totals":null,"Cory Totals":null,"JB Totals":null,"Ethan Totals":null,"Jaime Totals":null,"Nate Totals":null,"Evan Totals":null,"Brandon Totals":null},{"Week":"7","Date":"10/3/25","Mitch Bet Amount":"$25","Mitch Win/Lose/Push":"Loss","Mitch":"Miami/FSU over (leaders) ","Mitch Resolved":"University of Miami @ Florida State University (Over)","Phil Bet Amount":"$15","Phil Win/Lose/Push":"Loss","Phil":"Texas/Florida Under (leaders) ","Phil Resolved":"University of Texas @ University of Florida (Under)","Bryce Bet Amount":"$10","Bryce Win/Lose/Push":"Win","Bryce":"Vikings Again? (legends) ","Bryce Resolved":"Minnesota Vikings (Minnesota Vikings)","Cory Bet Amount":"$5","Cory Win/Lose/Push":"Win","Cory":"Lions if below 10.5 (legends) ","Cory Resolved":"Detroit Lions (if below 10.5)","JB Bet Amount":"$15","JB Win/Lose/Push":"Win","JB":"Illinois (leaders) ","JB Resolved":"University of Illinois (University of Illinois)","Ethan Bet Amount":"$15","Ethan Win/Lose/Push":"Loss","Ethan":"Cal (legends) ","Ethan Resolved":"University of California Berkeley (University of California Berkeley)","Jaime Bet Amount":"$20","Jaime Win/Lose/Push":"Win","Jaime":"Texas Tech -11.5 (leaders) ","Jaime Resolved":"University of Texas @ University of Florida (Under)","Nathan Bet Amount":"$15","Nathan Win/Lose/Push":"Win","Nathan":"Tail Cory (legends) ","Nathan Resolved":"Tail Cory (legends)","Evan Bet Amount":"$5","Evan Win/Lose/Push":"Loss","Evan":"Texas -5.5 (legends) ","Evan Resolved":"University of Texas @ University of Florida (Under)","Brandon Bet Amount":"$5","Brandon Win/Lose/Push":"Win","Brandon":"Wisconsin +17.5 (legends) ","Brandon Resolved":"University of Wisconsin (University of Wisconsin +17.5)","":"","Total Team Bet":"$130.00","Legends Bet":"$55.00","Leaders Bet":"$75.00","To Win":null,"Payout":null,"TOTALS":null,"Mitch Totals":null,"Phil Totals":null,"Bryce Totals":null,"Cory Totals":null,"JB Totals":null,"Ethan Totals":null,"Jaime Totals":null,"Nate Totals":null,"Evan Totals":null,"Brandon Totals":null},{"Week":"8","Date":"10/10/25","Mitch Bet Amount":"$25","Mitch Win/Lose/Push":"Loss","Mitch":"Oregon (quack quack quack) (leaders)  ","Mitch Resolved":"University of Washington @ University of Oregon (University of Oregon)","Phil Bet Amount":"$20","Phil Win/Lose/Push":"Push","Phil":"Minnesota (leaders)  ","Phil Resolved":"University of Minnesota (University of Minnesota)","Bryce Bet Amount":"$5","Bryce Win/Lose/Push":"Loss","Bryce":"Lions  (legends) ","Bryce Resolved":"Detroit Lions (Detroit Lions)","Cory Bet Amount":"$5","Cory Win/Lose/Push":"Push","Cory":"Bama (legends)  ","Cory Resolved":"University of Alabama (University of Alabama)","JB Bet Amount":"$5","JB Win/Lose/Push":"Loss","JB":"unlv (leaders)  ","JB Resolved":"University of Nevada Las Vegas (University of Nevada Las Vegas)","Ethan Bet Amount":"$20","Ethan Win/Lose/Push":"Win","Ethan":"Brandon (legends)  ","Ethan Resolved":"Tail Brandon","Jaime Bet Amount":"$5","Jaime Win/Lose/Push":"Win","Jaime":"Texas A&M -7.5 (legends)  ","Jaime Resolved":"Texas A&M University (Texas A&M University -7.5)","Nathan Bet Amount":"$5","Nathan Win/Lose/Push":"Loss","Nathan":"Bills -4.5 (legends) ","Nathan Resolved":"Buffalo Bills (Buffalo Bills -4.5)","Evan Bet Amount":"$10","Evan Win/Lose/Push":"Win","Evan":"Pitt +10 (leaders)  ","Evan Resolved":"University of Pittsburgh (University of Pittsburgh +10)","Brandon Bet Amount":"$5","Brandon Win/Lose/Push":"Win","Brandon":"USC -2.5 (legends)  ","Brandon Resolved":"University of Southern California (University of Southern California -2.5)","":"","Total Team Bet":"$105.00","Legends Bet":"$45.00","Leaders Bet":"$60.00","To Win":null,"Payout":null,"TOTALS":null,"Mitch Totals":null,"Phil Totals":null,"Bryce Totals":null,"Cory Totals":null,"JB Totals":null,"Ethan Totals":null,"Jaime Totals":null,"Nate Totals":null,"Evan Totals":null,"Brandon Totals":null},{"Week":"9","Date":"10/17/25","Mitch Bet Amount":"$25","Mitch Win/Lose/Push":"Win","Mitch":"Bryce (leaders)","Mitch Resolved":"Tail Bryce","Phil Bet Amount":"$20","Phil Win/Lose/Push":"Push","Phil":"Notre Dame (leaders) ","Phil Resolved":"University of Notre Dame (University of Notre Dame)","Bryce Bet Amount":"$10","Bryce Win/Lose/Push":"Win","Bryce":"Missouri -1 (buy the half point, still -120)😉 (legends) ","Bryce Resolved":"University of Missouri (University of Missouri -1)","Cory Bet Amount":"$5","Cory Win/Lose/Push":"Win","Cory":"Bears (legends) ","Cory Resolved":"Chicago Bears (Chicago Bears)","JB Bet Amount":"$10","JB Win/Lose/Push":"Loss","JB":"texas tech (leaders) ","JB Resolved":"Texas Tech University (Texas Tech University)","Ethan Bet Amount":"$5","Ethan Win/Lose/Push":"Loss","Ethan":"Nebraska (legends) ","Ethan Resolved":"University of Nebraska (University of Nebraska)","Jaime Bet Amount":"$5","Jaime Win/Lose/Push":"Win","Jaime":"Indiana Over 49.5 (legends) ","Jaime Resolved":"Indiana University (Over 49.5)","Nathan Bet Amount":"$10","Nathan Win/Lose/Push":"Win","Nathan":"Patriots -7 (legends) ","Nathan Resolved":"New England Patriots (New England Patriots -7)","Evan Bet Amount":"$5","Evan Win/Lose/Push":"Loss","Evan":"Texas Tech -7.5 (leaders) ","Evan Resolved":"Texas Tech University (Texas Tech University)","Brandon Bet Amount":"$5","Brandon Win/Lose/Push":"Loss","Brandon":"LSU +2.5 (legends) ","Brandon Resolved":"Louisiana State University (Louisiana State University +2.5)","":"","Total Team Bet":"$100.00","Legends Bet":"$40.00","Leaders Bet":"$60.00","To Win":null,"Payout":null,"TOTALS":null,"Mitch Totals":null,"Phil Totals":null,"Bryce Totals":null,"Cory Totals":null,"JB Totals":null,"Ethan Totals":null,"Jaime Totals":null,"Nate Totals":null,"Evan Totals":null,"Brandon Totals":null},{"Week":"10","Date":"10/24/25","Mitch Bet Amount":"$5","Mitch Win/Lose/Push":"Loss","Mitch":"USF (leaders) ","Mitch Resolved":"San Jose State University @ University of South Florida (University of South Florida)","Phil Bet Amount":"$20","Phil Win/Lose/Push":"Win","Phil":"Texas A&M/LSU Over (leaders) ","Phil Resolved":"Texas A&M University @ Louisiana State University (Over)","Bryce Bet Amount":"$5","Bryce Win/Lose/Push":"Win","Bryce":"BYU (legends) ","Bryce Resolved":"Brigham Young University (Brigham Young University)","Cory Bet Amount":"$5","Cory Win/Lose/Push":"Loss","Cory":"Bama (legends)  ","Cory Resolved":"University of Alabama (University of Alabama)","JB Bet Amount":"$15","JB Win/Lose/Push":"Win","JB":"southern miss (leaders) ","JB Resolved":"University of Southern Mississippi (University of Southern Mississippi)","Ethan Bet Amount":"$10","Ethan Win/Lose/Push":"Win","Ethan":"Oklahoma vs ole miss over (legends) ","Ethan Resolved":"Texas A&M University @ Louisiana State University (Over)","Jaime Bet Amount":"$5","Jaime Win/Lose/Push":"Loss","Jaime":"UCLA +26 (legends) ","Jaime Resolved":"University of California Los Angeles (University of California Los Angeles +26)","Nathan Bet Amount":"$5","Nathan Win/Lose/Push":"Win","Nathan":"Chiefs -11.5 (legends) ","Nathan Resolved":"Kansas City Chiefs (Kansas City Chiefs -11.5)","Evan Bet Amount":"$10","Evan Win/Lose/Push":"Win","Evan":"Ole Miss +5.5 (leaders) ","Evan Resolved":"University of Southern Mississippi (University of Southern Mississippi)","Brandon Bet Amount":"$10","Brandon Win/Lose/Push":"Win","Brandon":"IF(Man City > -120, Man City, MSU +13.5) (legends) ","Brandon Resolved":"Kansas City Chiefs (Kansas City Chiefs -11.5)","":"","Total Team Bet":"$90.00","Legends Bet":"$40.00","Leaders Bet":"$50.00","To Win":null,"Payout":null,"TOTALS":null,"Mitch Totals":null,"Phil Totals":null,"Bryce Totals":null,"Cory Totals":null,"JB Totals":null,"Ethan Totals":null,"Jaime Totals":null,"Nate Totals":null,"Evan Totals":null,"Brandon Totals":null},{"Week":"11","Date":"10/31/25","Mitch Bet Amount":"$10","Mitch Win/Lose/Push":"Loss","Mitch":"georgia tech - tail JB (leaders)","Mitch Resolved":"Tail georgia tech - JB (leaders)","Phil Bet Amount":"$5","Phil Win/Lose/Push":"Win","Phil":"Utah (leaders)","Phil Resolved":"University of Utah (University of Utah)","Bryce Bet Amount":"$5","Bryce Win/Lose/Push":"Win","Bryce":"Timothy Cuamba (legends)","Bryce Resolved":"Timothy Cuamba (Timothy Cuamba)","Cory Bet Amount":"$10","Cory Win/Lose/Push":"Loss","Cory":"(legends) Patriots  ","Cory Resolved":"New England Patriots (New England Patriots)","JB Bet Amount":"$5","JB Win/Lose/Push":"Loss","JB":"(leaders) Georgia tech","JB Resolved":"Georgia Institute of Technology (Georgia Institute of Technology)","Ethan Bet Amount":"$5","Ethan Win/Lose/Push":"Win","Ethan":"Indiana (legends)","Ethan Resolved":"Indiana University (Indiana University)","Jaime Bet Amount":"$10","Jaime Win/Lose/Push":"Loss","Jaime":"MIA/SMU Over (legends)","Jaime Resolved":"University of Miami @ Southern Methodist University (Over)","Nathan Bet Amount":"$5","Nathan Win/Lose/Push":"Loss","Nathan":"KC -1.5 (legends) ","Nathan Resolved":"Kansas City Chiefs (Kansas City Chiefs -1.5)","Evan Bet Amount":"$5","Evan Win/Lose/Push":"Win","Evan":"Oklahoma+2.5 (leaders)","Evan Resolved":"University of Oklahoma (University of Oklahoma +2.5)","Brandon Bet Amount":"$5","Brandon Win/Lose/Push":"Push","Brandon":"Texas -3.5 (legends)","Brandon Resolved":"University of Texas (University of Texas -3.5)","":"","Total Team Bet":"$65.00","Legends Bet":"$40.00","Leaders Bet":"$25.00","To Win":null,"Payout":null,"TOTALS":null,"Mitch Totals":null,"Phil Totals":null,"Bryce Totals":null,"Cory Totals":null,"JB Totals":null,"Ethan Totals":null,"Jaime Totals":null,"Nate Totals":null,"Evan Totals":null,"Brandon Totals":null},{"Week":"12","Date":"11/7/25","Mitch Bet Amount":"$15","Mitch Win/Lose/Push":"Win","Mitch":"Wake Forest  (leaders) ","Mitch Resolved":"Stanford University @ Wake Forest University (Wake Forest University)","Phil Bet Amount":"$5","Phil Win/Lose/Push":"Loss","Phil":"Oregon (leaders) ","Phil Resolved":"University of Oregon (University of Oregon)","Bryce Bet Amount":"$5","Bryce Win/Lose/Push":"Win","Bryce":"(legends) UL LAFAYETTE ","Bryce Resolved":"University of Louisiana Lafayette (University of Louisiana Lafayette)","Cory Bet Amount":"$15","Cory Win/Lose/Push":"Win","Cory":"Wash/wi under (legends) ","Cory Resolved":"University of Washington @ University of Wisconsin (Under)","JB Bet Amount":"$10","JB Win/Lose/Push":"Win","JB":"stanford under (leaders) ","JB Resolved":"Stanford University @ Wake Forest University (Wake Forest University)","Ethan Bet Amount":"$5","Ethan Win/Lose/Push":"Win","Ethan":"Vandy (legends) ","Ethan Resolved":"Vanderbilt University (Vanderbilt University)","Jaime Bet Amount":"$15","Jaime Win/Lose/Push":"Win","Jaime":"Texas A&M -6.5 (leaders) ","Jaime Resolved":"Texas A&M University (Texas A&M University -6.5)","Nathan Bet Amount":"$10","Nathan Win/Lose/Push":"Win","Nathan":"LAR (legends) ","Nathan Resolved":"Los Angeles Rams (Los Angeles Rams)","Evan Bet Amount":"$5","Evan Win/Lose/Push":"Loss","Evan":"BYU +12 (legends) ","Evan Resolved":"Brigham Young University (Brigham Young University +12)","Brandon Bet Amount":"$5","Brandon Win/Lose/Push":"Win","Brandon":"Penn State (legends) ","Brandon Resolved":"Penn State University (Penn State University)","":"","Total Team Bet":"$90.00","Legends Bet":"$45.00","Leaders Bet":"$45.00","To Win":null,"Payout":null,"TOTALS":null,"Mitch Totals":null,"Phil Totals":null,"Bryce Totals":null,"Cory Totals":null,"JB Totals":null,"Ethan Totals":null,"Jaime Totals":null,"Nate Totals":null,"Evan Totals":null,"Brandon Totals":null},{"Week":"13","Date":"11/14/25","Mitch Bet Amount":"$5","Mitch Win/Lose/Push":"Loss","Mitch":"San Jose St. (leaders)","Mitch Resolved":"University of Nevada Las Vegas @ San Jose State University (San Jose State University)","Phil Bet Amount":"$10","Phil Win/Lose/Push":"Win","Phil":"Penn State (leaders) ","Phil Resolved":"University of Nevada Las Vegas @ San Jose State University (San Jose State University)","Bryce Bet Amount":"$5","Bryce Win/Lose/Push":"Win","Bryce":"(legends) Arizona ","Bryce Resolved":"University of Arizona (University of Arizona)","Cory Bet Amount":"$5","Cory Win/Lose/Push":"Push","Cory":"(legends) Ravens  ","Cory Resolved":"Baltimore Ravens (Baltimore Ravens)","JB Bet Amount":"$5","JB Win/Lose/Push":"Win","JB":"(leaders) Iowa under ","JB Resolved":"University of Iowa (Under)","Ethan Bet Amount":"$5","Ethan Win/Lose/Push":"Win","Ethan":"Georgia (legends) ","Ethan Resolved":"University of Georgia (University of Georgia)","Jaime Bet Amount":"$5","Jaime Win/Lose/Push":"Win","Jaime":"Texas A&M/SC Over (legends) ","Jaime Resolved":"Texas A&M University @ University of South Carolina (Over)","Nathan Bet Amount":"$5","Nathan Win/Lose/Push":"Loss","Nathan":"Texans (legends) ","Nathan Resolved":"Houston Texans (Houston Texans)","Evan Bet Amount":"$10","Evan Win/Lose/Push":"Win","Evan":"BYU -3 (leaders) ","Evan Resolved":"Brigham Young University (Brigham Young University -3)","Brandon Bet Amount":"$5","Brandon Win/Lose/Push":"Win","Brandon":"Northwestern +11.5 (legends) ","Brandon Resolved":"Northwestern University (Northwestern University +11.5)","":"","Total Team Bet":"$60.00","Legends Bet":"$30.00","Leaders Bet":"$30.00","To Win":null,"Payout":null,"TOTALS":null,"Mitch Totals":null,"Phil Totals":null,"Bryce Totals":null,"Cory Totals":null,"JB Totals":null,"Ethan Totals":null,"Jaime Totals":null,"Nate Totals":null,"Evan Totals":null,"Brandon Totals":null},{"Week":"14","Date":"11/21/25","Mitch Bet Amount":"$10","Mitch Win/Lose/Push":"Win","Mitch":"Bryce (leaders)","Mitch Resolved":"Tail Bryce","Phil Bet Amount":"$5","Phil Win/Lose/Push":"Win","Phil":"Michigan (leaders)","Phil Resolved":"University of Michigan (University of Michigan)","Bryce Bet Amount":"$5","Bryce Win/Lose/Push":"Win","Bryce":"Duke (legends)","Bryce Resolved":"Duke University (Duke University)","Cory Bet Amount":"$5","Cory Win/Lose/Push":"Win","Cory":"Utah KSU. Over (legends)","Cory Resolved":"Kansas State University @ University of Utah (Over)","JB Bet Amount":"$5","JB Win/Lose/Push":"Win","JB":"Brandon (leaders)","JB Resolved":"Tail Brandon","Ethan Bet Amount":"$5","Ethan Win/Lose/Push":"Win","Ethan":"Bengals (legends)","Ethan Resolved":"Cincinnati Bengals (Cincinnati Bengals)","Jaime Bet Amount":"$5","Jaime Win/Lose/Push":"Loss","Jaime":"Texas A&M/Samford Over (legends)","Jaime Resolved":"Kansas State University @ University of Utah (Over)","Nathan Bet Amount":"$10","Nathan Win/Lose/Push":"Win","Nathan":"Rams (legends)","Nathan Resolved":"Los Angeles Rams (Los Angeles Rams)","Evan Bet Amount":"$5","Evan Win/Lose/Push":"Win","Evan":"Tennessee -4 (leaders)","Evan Resolved":"University of Tennessee (University of Tennessee -4)","Brandon Bet Amount":"$5","Brandon Win/Lose/Push":"Win","Brandon":"BYU (legends)","Brandon Resolved":"Brigham Young University (Brigham Young University)","":"","Total Team Bet":"$60.00","Legends Bet":"$35.00","Leaders Bet":"$25.00","To Win":"","Payout":"$87.38","TOTALS":null,"Mitch Totals":null,"Phil Totals":null,"Bryce Totals":null,"Cory Totals":null,"JB Totals":null,"Ethan Totals":null,"Jaime Totals":null,"Nate Totals":null,"Evan Totals":null,"Brandon Totals":null},{"Week":"15","Date":"11/28/25","Mitch Bet Amount":"$5","Mitch Win/Lose/Push":"W","Mitch":"Alabama -110 (leaders)","Mitch Resolved":"Alabama Crimson Tide @ Auburn Tigers (Alabama Crimson Tide -5)","Phil Bet Amount":"$5","Phil Win/Lose/Push":"W","Phil":"Oregon (leaders) ","Phil Resolved":"Oregon Ducks @ Washington Huskies","Bryce Bet Amount":"$5","Bryce Win/Lose/Push":"L","Bryce":"vikes (NFL) (legends)","Bryce Resolved":"Minnesota Vikings @ Seattle Seahawks (Minnesota Vikings +11.5)","Cory Bet Amount":"$5","Cory Win/Lose/Push":"W","Cory":"houston (NCAAF) (legends)","Cory Resolved":"Houston Cougars @ Baylor Bears (Houston Cougars +2.5)","JB Bet Amount":"$5","JB Win/Lose/Push":"W","JB":"NW/Illinois under (leaders) (leaders)","JB Resolved":"Northwestern Wildcats @ Illinois Fighting Illini (Under 45.5)","Ethan Bet Amount":"$5","Ethan Win/Lose/Push":"W","Ethan":"ohio state -110 (legends)","Ethan Resolved":"Ohio State Buckeyes @ Michigan Wolverines (Ohio State Buckeyes -9.5)","Jaime Bet Amount":"$10","Jaime Win/Lose/Push":"L","Jaime":"OK/LSU Over -110 (leaders)","Jaime Resolved":"LSU Tigers @ Oklahoma Sooners (Over 36.5)","Nathan Bet Amount":"$5","Nathan Win/Lose/Push":"L","Nathan":"Browns  -110 (legends)","Nathan Resolved":"San Francisco 49ers @ Cleveland Browns (Cleveland Browns +6)","Evan Bet Amount":"$5","Evan Win/Lose/Push":"L","Evan":"Pitt +7 (NCAAF) (legends)","Evan Resolved":"Miami Hurricanes @ Pittsburgh Panthers (Pittsburgh Panthers +7)","Brandon Bet Amount":"$5","Brandon Win/Lose/Push":"W","Brandon":"Ethan (legends)","Brandon Resolved":"Ethan","":"","Total Team Bet":"$30.00","Legends Bet":"$0.00","Leaders Bet":"$0.00","To Win":null,"Payout":null,"TOTALS":null,"Mitch Totals":null,"Phil Totals":null,"Bryce Totals":null,"Cory Totals":null,"JB Totals":null,"Ethan Totals":null,"Jaime Totals":null,"Nate Totals":null,"Evan Totals":null,"Brandon Totals":null},{"Week":"16","Date":"12/5/25","Mitch Bet Amount":"$5","Mitch Win/Lose/Push":"W","Mitch":"Louisville | -4.5 (NCAAB) (leaders)","Mitch Resolved":"Indiana Hoosiers @ Louisville Cardinals (Louisville Cardinals -4.5)","Phil Bet Amount":"$5","Phil Win/Lose/Push":"W","Phil":"Miami-Ohio | under 43 (NCAAF) (leaders)","Phil Resolved":"Miami (OH) RedHawks @ Western Michigan Broncos (Under 43)","Bryce Bet Amount":"$10","Bryce Win/Lose/Push":"W","Bryce":"Georgia | -2 (NCAAF) (legends)","Bryce Resolved":"Georgia Bulldogs @ Alabama Crimson Tide (Georgia Bulldogs -2)","Cory Bet Amount":"$5","Cory Win/Lose/Push":"L","Cory":"Virginia | -4 (NCAAF) (legends)","Cory Resolved":"Duke Blue Devils @ Virginia Cavaliers (Virginia Cavaliers -4)","JB Bet Amount":"$5","JB Win/Lose/Push":"L","JB":"montana/montana st over 53.5","JB Resolved":"montana @ montana st (Over 53.5)","Ethan Bet Amount":"$5","Ethan Win/Lose/Push":"W","Ethan":"Jaguars | +2 (NFL) (legends)","Ethan Resolved":"Indianapolis Colts @ Jacksonville Jaguars (Jacksonville Jaguars +2)","Jaime Bet Amount":"$15","Jaime Win/Lose/Push":"L","Jaime":"Packers/Bears | under 44 (NFL) (leaders)","Jaime Resolved":"Chicago Bears @ Green Bay Packers (Under 44)","Nathan Bet Amount":"$10","Nathan Win/Lose/Push":"W","Nathan":"Texans | +3.5 (NFL) (legends)","Nathan Resolved":"Houston Texans @ Kansas City Chiefs (Houston Texans +3.5)","Evan Bet Amount":"$10","Evan Win/Lose/Push":"L","Evan":"Georgia Alabama | under 48 (NCAAF) (legends)","Evan Resolved":"Georgia Bulldogs @ Alabama Crimson Tide (Under 48)","Brandon Bet Amount":"$5","Brandon Win/Lose/Push":"L","Brandon":"OSU | -3 (NCAAF) (legends)","Brandon Resolved":"Indiana Hoosiers @ Ohio State Buckeyes (Ohio State Buckeyes -3)","":"","Total Team Bet":"$0.00","Legends Bet":"$0.00","Leaders Bet":"$0.00","To Win":null,"Payout":null,"TOTALS":null,"Mitch Totals":null,"Phil Totals":null,"Bryce Totals":null,"Cory Totals":null,"JB Totals":null,"Ethan Totals":null,"Jaime Totals":null,"Nate Totals":null,"Evan Totals":null,"Brandon Totals":null},{"Week":"17","Date":"12/12/2025","Mitch Bet Amount":"$5","Mitch Win/Lose/Push":"L","Mitch":"Navy -6 (leaders)","Mitch Resolved":"(Navy -6)","Phil Bet Amount":"$5","Phil Win/Lose/Push":"W","Phil":"Army/Navy Under 38 (leaders)","Phil Resolved":"(Under 38)","Bryce Bet Amount":"$5","Bryce Win/Lose/Push":"W","Bryce":"Brandon (legends)","Bryce Resolved":"Tail Brandon","Cory Bet Amount":"$10","Cory Win/Lose/Push":"L","Cory":"Houston/az under 42.5 (legends)","Cory Resolved":"Houston Texans Arizona Cardinals (Under 42.5)","JB Bet Amount":"$5","JB Win/Lose/Push":"P","JB":"zaga -10 (leaders)","JB Resolved":"UCLA Bruins @ Gonzaga Bulldogs (Gonzaga -10)","Ethan Bet Amount":"$5","Ethan Win/Lose/Push":"L","Ethan":"Creighton -4 (legends)","Ethan Resolved":"Kansas St. Wildcats @ Creighton Bluejays (Creighton -4)","Jaime Bet Amount":"$20","Jaime Win/Lose/Push":"W","Jaime":"Packers/Broncos Over 43 (leaders)","Jaime Resolved":"Green Bay Packers Denver Broncos (Over 43)","Nathan Bet Amount":"$5","Nathan Win/Lose/Push":"L","Nathan":"Packers -2 (legends)","Nathan Resolved":"Green Bay Packers Denver Broncos (Green Bay Packers -2)","Evan Bet Amount":"$15","Evan Win/Lose/Push":"W","Evan":"Michigan St Penn St under 145 (legends)","Evan Resolved":"Michigan St. Spartans Penn State Nittany Lions (Under 145)","Brandon Bet Amount":"$10","Brandon Win/Lose/Push":"W","Brandon":"Man City -.5 (legends)","Brandon Resolved":"Crystal Palace F.C. @ Manchester City Football Club (Manchester City -.5)","":null,"Total Team Bet":null,"Legends Bet":null,"Leaders Bet":null,"To Win":null,"Payout":null,"TOTALS":null,"Mitch Totals":null,"Phil Totals":null,"Bryce Totals":null,"Cory Totals":null,"JB Totals":null,"Ethan Totals":null,"Jaime Totals":null,"Nate Totals":null,"Evan Totals":null,"Brandon Totals":null},{"Week":"18","Date":"12/19/2025","Mitch Bet Amount":"$10","Mitch Win/Lose/Push":"L","Mitch":"unc | -3.5 (NCAAB) (leaders)","Mitch Resolved":"Ohio State Buckeyes @ North Carolina Tar Heels (North Carolina Tar Heels -3.5)","Phil Bet Amount":"$5","Phil Win/Lose/Push":"L","Phil":"Utah State/Wash State | Under 50 (NCAAF) (legends)","Phil Resolved":"Washington State Cougars @ Utah State Aggies (Under 50)","Bryce Bet Amount":"$5","Bryce Win/Lose/Push":"L","Bryce":"Utah State | -1 (NCAAF) (legends)","Bryce Resolved":"Washington State Cougars @ Utah State Aggies (Utah State Aggies -1)","Cory Bet Amount":"$15","Cory Win/Lose/Push":"W","Cory":"Unlv/Ohio under | under 65.5 (NCAAF) (legends)","Cory Resolved":"Unlv/Ohio under (Under 65.5)","JB Bet Amount":"$5","JB Win/Lose/Push":"W","JB":"montana/montana st over 53.5","JB Resolved":"Montana Grizzlies @ Montana State Bobcats (Over 53.5)","Ethan Bet Amount":"$10","Ethan Win/Lose/Push":"W","Ethan":"Gophers | -2 (NCAAF) (legends)","Ethan Resolved":"New Mexico Lobos @ Minnesota Golden Gophers (Minnesota Golden Gophers -2)","Jaime Bet Amount":"$5","Jaime Win/Lose/Push":"W","Jaime":"49ers | -5.5 (NFL) (leaders)","Jaime Resolved":"San Francisco 49ers @ Indianapolis Colts (San Francisco 49ers -5.5)","Nathan Bet Amount":"$10","Nathan Win/Lose/Push":"W","Nathan":"Vikes | -2.5 (NFL) (legends)","Nathan Resolved":"Minnesota Vikings @ New York Giants (Minnesota Vikings -2.5)","Evan Bet Amount":"$5","Evan Win/Lose/Push":"W","Evan":"TAM Miami | under 48 (NCAAF) (leaders)","Evan Resolved":"Miami Hurricanes @ Texas A&M Aggies (Under 48)","Brandon Bet Amount":"$5","Brandon Win/Lose/Push":"L","Brandon":"TAM | -3 (NCAAF) (legends)","Brandon Resolved":"TAM (TAM -3)","":null,"Total Team Bet":null,"Legends Bet":null,"Leaders Bet":null,"To Win":null,"Payout":null,"TOTALS":null,"Mitch Totals":null,"Phil Totals":null,"Bryce Totals":null,"Cory Totals":null,"JB Totals":null,"Ethan Totals":null,"Jaime Totals":null,"Nate Totals":null,"Evan Totals":null,"Brandon Totals":null},{"Week":"19","Date":"12/26/2025","Mitch Bet Amount":"$15","Mitch Win/Lose/Push":"W","Mitch":"Navy | -7 (NCAAF) (leaders)","Mitch Resolved":"Navy Midshipmen @ Cincinnati Bearcats (Navy Midshipmen -7)","Phil Bet Amount":"$10","Phil Win/Lose/Push":"L","Phil":"North Texas / San Diego St | Under 52.5 (NCAAF) (leaders)","Phil Resolved":"North Texas Mean Green @ San Diego State Aztecs (Under 52.5)","Bryce Bet Amount":"$10","Bryce Win/Lose/Push":"L","Bryce":"Arizona | +7 (NFL) (legends)","Bryce Resolved":"Arizona Cardinals @ Cincinnati Bengals (Arizona Cardinals +7)","Cory Bet Amount":"$5","Cory Win/Lose/Push":"W","Cory":"Oregon/tt | under 52.5 (NCAAF) (legends)","Cory Resolved":"Oregon @ tt (Under 52.5)","JB Bet Amount":"$5","JB Win/Lose/Push":"L","JB":"Vandy Baby! | -4.5 (NCAAF) (leaders)","JB Resolved":"Vandy Baby! (Vandy Baby! -4.5)","Ethan Bet Amount":"$5","Ethan Win/Lose/Push":"L","Ethan":"Georgia | -6 (NCAAF) (legends)","Ethan Resolved":"Georgia Tech Yellow Jackets @ BYU Cougars (Georgia Tech Yellow Jackets -6)","Jaime Bet Amount":"$5","Jaime Win/Lose/Push":"W","Jaime":"49ers | -3 (NFL) (leaders)","Jaime Resolved":"Chicago Bears @ San Francisco 49ers (San Francisco 49ers -3)","Nathan Bet Amount":"$5","Nathan Win/Lose/Push":"L","Nathan":"Packers | -3 (NFL) (legends)","Nathan Resolved":"Baltimore Ravens @ Green Bay Packers (Green Bay Packers -3)","Evan Bet Amount":"$5","Evan Win/Lose/Push":"L","Evan":"texas tech | +2 (NCAAF) (legends)","Evan Resolved":"Oregon Ducks @ Texas Tech Red Raiders (Texas Tech Red Raiders +2)","Brandon Bet Amount":"$10","Brandon Win/Lose/Push":"W","Brandon":"Texans | +2 (NFL) (legends)","Brandon Resolved":"Houston Texans @ Los Angeles Chargers (Houston Texans +2)","":null,"Total Team Bet":null,"Legends Bet":null,"Leaders Bet":null,"To Win":null,"Payout":null,"TOTALS":null,"Mitch Totals":null,"Phil Totals":null,"Bryce Totals":null,"Cory Totals":null,"JB Totals":null,"Ethan Totals":null,"Jaime Totals":null,"Nate Totals":null,"Evan Totals":null,"Brandon Totals":null},{"Week":"20","Date":"01/02/2026","Mitch Bet Amount":"$5","Mitch Win/Lose/Push":"W","Mitch":"Alabama (NCAAB) (leaders)","Mitch Resolved":"Kentucky Wildcats @ Alabama Crimson Tide (Alabama Crimson Tide -5.5) (NCAAB)","Phil Bet Amount":"$15","Phil Win/Lose/Push":"W","Phil":"Illinois State/Montana State Over (leaders)","Phil Resolved":"Illinois State Redbirds @ Montana State Bobcats (Over 56.5) (FCS)","Bryce Bet Amount":"$15","Bryce Win/Lose/Push":"W","Bryce":"Indiana (legends)","Bryce Resolved":"Oregon @ Indiana (Indiana -4)","Cory Bet Amount":"$5","Cory Win/Lose/Push":"L","Cory":"49ers (legends)","Cory Resolved":"Seattle Seahawks @ San Francisco 49ers ( San Franscisco 49ers +3)","JB Bet Amount":"$10","JB Win/Lose/Push":"L","JB":"montana st - buy the half point (leaders)","JB Resolved":"Illinois State Redbirds @ Montana State Bobcats (Montana State Bobcats -10) (FCS)","Ethan Bet Amount":"$10","Ethan Win/Lose/Push":"W","Ethan":"Timberwolves (legends)","Ethan Resolved":"Minnesota Timberwolves @ Miami Heat (Minnesota Timberwolves -3) (NBA)","Jaime Bet Amount":"$5","Jaime Win/Lose/Push":"W","Jaime":"Steelers/Ravens Over (legends)","Jaime Resolved":"Baltimore Ravens @ Pittsburgh Steelers (Over 41) (NFL)","Nathan Bet Amount":"$10","Nathan Win/Lose/Push":"L","Nathan":"Bengals (legends)","Nathan Resolved":"Cleveland Browns @ Cincinnati Bengals (Cincinnati Bengals -7) (NFL)","Evan Bet Amount":"$10","Evan Win/Lose/Push":"W","Evan":"Virginia Tech +5.5 (leaders)","Evan Resolved":"Virginia Tech Hokies @ Wake Forest Demon Deacons (Virginia Tech Hokies +5.5) (NCAAB)","Brandon Bet Amount":"$5","Brandon Win/Lose/Push":"W","Brandon":"Iowa -6.5 (legends)","Brandon Resolved":"UCLA Bruins @ Iowa Hawkeyes (Iowa Hawkeyes -6.5) (NCAAB)","":null,"Total Team Bet":null,"Legends Bet":null,"Leaders Bet":null,"To Win":null,"Payout":null,"TOTALS":null,"Mitch Totals":null,"Phil Totals":null,"Bryce Totals":null,"Cory Totals":null,"JB Totals":null,"Ethan Totals":null,"Jaime Totals":null,"Nate Totals":null,"Evan Totals":null,"Brandon Totals":null},{"Week":"21","Date":"01/09/2026","Mitch Bet Amount":"$5","Mitch Win/Lose/Push":"","Mitch":"","Mitch Resolved":"","Phil Bet Amount":"$5","Phil Win/Lose/Push":"","Phil":"","Phil Resolved":"","Bryce Bet Amount":"$5","Bryce Win/Lose/Push":"","Bryce":"","Bryce Resolved":"","Cory Bet Amount":"$10","Cory Win/Lose/Push":"","Cory":"","Cory Resolved":"","JB Bet Amount":"$15","JB Win/Lose/Push":"","JB":"","JB Resolved":"","Ethan Bet Amount":"$5","Ethan Win/Lose/Push":"","Ethan":"","Ethan Resolved":"","Jaime Bet Amount":"$5","Jaime Win/Lose/Push":"","Jaime":"","Jaime Resolved":"","Nathan Bet Amount":"$15","Nathan Win/Lose/Push":"","Nathan":"","Nathan Resolved":"","Evan Bet Amount":"$5","Evan Win/Lose/Push":"","Evan":"","Evan Resolved":"","Brandon Bet Amount":"$5","Brandon Win/Lose/Push":null,"Brandon":null,"Brandon Resolved":null,"":null,"Total Team Bet":null,"Legends Bet":null,"Leaders Bet":null,"To Win":null,"Payout":null,"TOTALS":null,"Mitch Totals":null,"Phil Totals":null,"Bryce Totals":null,"Cory Totals":null,"JB Totals":null,"Ethan Totals":null,"Jaime Totals":null,"Nate Totals":null,"Evan Totals":null,"Brandon Totals":null}]
3:45:25 AM [express] GET /api/data 200 in 593ms :: [{"Week":"1","Date":"8/22/2025","Mitch Bet Amount":"$10","Mitch Win/Lose/Push":"Win","Mitch":"Kansas -14 (legends)","Mitch Resolved":"Fresno State University @ University of Kansas (University of Kansas -14)","Phil Bet Amount":"$25","Phil Win/Lose/Push":"Loss","Phil":"JB (legends)","Phil Resolved":"Tail JB","Bryce Bet Amount":"$5","Bryce Win/Lose/Push":"Loss","Bryce":"Stanford? +2.5 (legends)","Bryce Resolved":"Stanford University (Stanford University +2.5)","Cory Bet Amount":"$25","Cory Win/Lose/Push":"Win","Cory":"Rutgers over 47 (leaders)","Cory Resolved":"Rutgers University (Over 47)","JB Bet Amount":"$5","JB Win/Lose/Push":"Loss","JB":"kansas st over 52 (legends)","JB Resolved":"Fresno State University @ University of Kansas (University of Kansas -14)","Ethan Bet Amount":"$20","Ethan Win/Lose/Push":"Win","Ethan":"Mitch (legends)","Ethan Resolved":"Tail Mitch","Jaime Bet Amount":"$10","Jaime Win/Lose/Push":"Loss","Jaime":"UCF/Jax St Over 52.5 (legends)","Jaime Resolved":"Rutgers University (Over 47)","Nathan Bet Amount":"$5","Nathan Win/Lose/Push":"Loss","Nathan":"Universitario -0.5 (leaders)","Nathan Resolved":"Universitario (Universitario -0.5)","Evan Bet Amount":"$5","Evan Win/Lose/Push":"Loss","Evan":"Kansas State -3 (leaders)","Evan Resolved":"Fresno State University @ University of Kansas (University of Kansas -14)","Brandon Bet Amount":"$5","Brandon Win/Lose/Push":"Loss","Brandon":"KU/Fresno o50 (leaders)","Brandon Resolved":"University of Kansas @ Fresno State University (Over 50)","":"","Total Team Bet":"$115.00","Legends Bet":"$75.00","Leaders Bet":"$40.00","To Win":"","Payout":"","TOTALS":"Total Bet","Mitch Totals":"$205.00","Phil Totals":"$215.00","Bryce Totals":"$85.00","Cory Totals":"$105.00","JB Totals":"$135.00","Ethan Totals":"$130.00","Jaime Totals":"$140.00","Nate Totals":"$110.00","Evan Totals":"$135.00","Brandon Totals":"$110.00"},{"Week":"2","Date":"8/29/2025","Mitch Bet Amount":"$5","Mitch Win/Lose/Push":"Loss","Mitch":"Alabama -13.5 (legends)","Mitch Resolved":"University of Texas @ University of Alabama (University of Alabama -13.5)","Phil Bet Amount":"$25","Phil Win/Lose/Push":"Loss","Phil":"Mitch (legends)","Phil Resolved":"Tail Mitch","Bryce Bet Amount":"$10","Bryce Win/Lose/Push":"Win","Bryce":"Ohio st (legends)","Bryce Resolved":"Ohio State University (Ohio State University)","Cory Bet Amount":"$5","Cory Win/Lose/Push":"Win","Cory":"Maryland under  (leaders)","Cory Resolved":"University of Maryland (Under)","JB Bet Amount":"$10","JB Win/Lose/Push":"Loss","JB":"penn st under (legends)","JB Resolved":"University of Maryland (Under)","Ethan Bet Amount":"$5","Ethan Win/Lose/Push":"Win","Ethan":"Iowa under 50.5 (legends)","Ethan Resolved":"University of Maryland (Under)","Jaime Bet Amount":"$15","Jaime Win/Lose/Push":"Win","Jaime":"Tennessee -13.5 (legends)","Jaime Resolved":"University of Texas @ University of Alabama (University of Alabama -13.5)","Nathan Bet Amount":"$10","Nathan Win/Lose/Push":"Win","Nathan":"Padres -1.5 (leaders)","Nathan Resolved":"San Diego Padres (San Diego Padres -1.5)","Evan Bet Amount":"$10","Evan Win/Lose/Push":"Loss","Evan":"Texas +1.5 (leaders)","Evan Resolved":"University of Texas @ University of Alabama (University of Alabama -13.5)","Brandon Bet Amount":"$10","Brandon Win/Lose/Push":"Loss","Brandon":"Sinner -8.5 (leaders)","Brandon Resolved":"Jannik Sinner (Jannik Sinner -8.5)","":"","Total Team Bet":"$105.00","Legends Bet":"$70.00","Leaders Bet":"$35.00","To Win":"","Payout":"","TOTALS":"Total Wins","Mitch Totals":"4","Phil Totals":"5","Bryce Totals":"11","Cory Totals":"10","JB Totals":"6","Ethan Totals":"9","Jaime Totals":"7","Nate Totals":"8","Evan Totals":"7","Brandon Totals":"8"},{"Week":"3","Date":"9/5/2025","Mitch Bet Amount":"$10","Mitch Win/Lose/Push":"Loss","Mitch":"Ole Miss 1H (legends)","Mitch Resolved":"North Carolina State @ University of Mississippi (University of Mississippi -7, 1st Half)","Phil Bet Amount":"$25","Phil Win/Lose/Push":"Loss","Phil":"Ethan (legends)","Phil Resolved":"Tail Ethan","Bryce Bet Amount":"$5","Bryce Win/Lose/Push":"Win","Bryce":"Vikes","Bryce Resolved":"Minnesota Vikings (Minnesota Vikings)","Cory Bet Amount":"$5","Cory Win/Lose/Push":"Win","Cory":"MSU over (leaders)","Cory Resolved":"Michigan State University (Over)","JB Bet Amount":"$15","JB Win/Lose/Push":"Loss","JB":"Navy  (legends)","JB Resolved":"United States Naval Academy (United States Naval Academy)","Ethan Bet Amount":"$5","Ethan Win/Lose/Push":"Loss","Ethan":"USF vs Florida over (legends)","Ethan Resolved":"Michigan State University (Over)","Jaime Bet Amount":"$5","Jaime Win/Lose/Push":"Win","Jaime":"Illinois -2.5 (legends)","Jaime Resolved":"University of Illinois (University of Illinois -2.5)","Nathan Bet Amount":"$5","Nathan Win/Lose/Push":"Win","Nathan":"(NFL) Arizona -6.5 (leaders)","Nathan Resolved":"Arizona Cardinals (Arizona Cardinals -6.5)","Evan Bet Amount":"$15","Evan Win/Lose/Push":"Loss","Evan":"Iowa/ Iowa St over 43 (leaders)","Evan Resolved":"Michigan State University (Over)","Brandon Bet Amount":"$15","Brandon Win/Lose/Push":"Push","Brandon":"W US Open o22 games (leaders)","Brandon Resolved":"US Open (Over 22 Games)","":"","Total Team Bet":"$105.00","Legends Bet":"$60.00","Leaders Bet":"$40.00","To Win":"","Payout":"","TOTALS":"Total Losses","Mitch Totals":"10","Phil Totals":"7","Bryce Totals":"3","Cory Totals":"2","JB Totals":"8","Ethan Totals":"5","Jaime Totals":"7","Nate Totals":"6","Evan Totals":"6","Brandon Totals":"4"},{"Week":"4","Date":"9/12/25","Mitch Bet Amount":"$15","Mitch Win/Lose/Push":"Loss","Mitch":"Steelers (legends)","Mitch Resolved":"Cincinnati Bengals @ Pittsburgh Steelers (Pittsburgh Steelers)","Phil Bet Amount":"$25","Phil Win/Lose/Push":"Win","Phil":"Ethan (legends)","Phil Resolved":"Tail Ethan","Bryce Bet Amount":"$5","Bryce Win/Lose/Push":"Win","Bryce":"Texas A&M (legends)","Bryce Resolved":"Texas A&M University (Texas A&M University)","Cory Bet Amount":"$5","Cory Win/Lose/Push":"Win","Cory":"Eagles (leaders)","Cory Resolved":"Philadelphia Eagles (Philadelphia Eagles)","JB Bet Amount":"$20","JB Win/Lose/Push":"Win","JB":"Nate (legends)","JB Resolved":"Tail Nathan","Ethan Bet Amount":"$10","Ethan Win/Lose/Push":"Win","Ethan":"Texas tech -23 (legends)","Ethan Resolved":"Texas A&M University (Texas A&M University)","Jaime Bet Amount":"$5","Jaime Win/Lose/Push":"Loss","Jaime":"Oregon -26.5 (legends)","Jaime Resolved":"University of Oregon (University of Oregon -26.5)","Nathan Bet Amount":"$5","Nathan Win/Lose/Push":"Win","Nathan":"Rams -5.5 (leaders) ","Nathan Resolved":"Los Angeles Rams (Los Angeles Rams -5.5)","Evan Bet Amount":"$20","Evan Win/Lose/Push":"Push","Evan":"Georgia -3.5 (leaders) ","Evan Resolved":"University of Georgia (University of Georgia -3.5)","Brandon Bet Amount":"$15","Brandon Win/Lose/Push":"Win","Brandon":"Man City -0.75 (leaders) ","Brandon Resolved":"Manchester City (Manchester City -0.75)","":"","Total Team Bet":"$125.00","Legends Bet":"$80.00","Leaders Bet":"$45.00","To Win":"","Payout":"$325.00","TOTALS":"Total Pushes","Mitch Totals":"0","Phil Totals":"2","Bryce Totals":"0","Cory Totals":"2","JB Totals":"0","Ethan Totals":"0","Jaime Totals":"0","Nate Totals":"0","Evan Totals":"1","Brandon Totals":"2"},{"Week":"5","Date":"9/19/25","Mitch Bet Amount":"$20","Mitch Win/Lose/Push":"Loss","Mitch":"JB (legends)","Mitch Resolved":"Tail JB","Phil Bet Amount":"$5","Phil Win/Lose/Push":"Loss","Phil":"Fresno (leaders)","Phil Resolved":"Fresno State University (Fresno State University)","Bryce Bet Amount":"$5","Bryce Win/Lose/Push":"Win","Bryce":"South Carolina (legends)","Bryce Resolved":"University of South Carolina (University of South Carolina)","Cory Bet Amount":"$5","Cory Win/Lose/Push":"Win","Cory":"Indiana (legends)","Cory Resolved":"Indiana University (Indiana University)","JB Bet Amount":"$5","JB Win/Lose/Push":"Loss","JB":"ATL Falcons (legends)","JB Resolved":"Atlanta Falcons (Atlanta Falcons)","Ethan Bet Amount":"$5","Ethan Win/Lose/Push":"Loss","Ethan":"Texans (legends)","Ethan Resolved":"Houston Texans (Houston Texans)","Jaime Bet Amount":"$10","Jaime Win/Lose/Push":"Loss","Jaime":"Packers -7.5 (legends) ","Jaime Resolved":"Green Bay Packers (Green Bay Packers -7.5)","Nathan Bet Amount":"$5","Nathan Win/Lose/Push":"Loss","Nathan":"49ers -2.5 (leaders)","Nathan Resolved":"San Francisco 49ers (San Francisco 49ers -2.5)","Evan Bet Amount":"$20","Evan Win/Lose/Push":"Win","Evan":"Florida/Miami Under 50.5 (leaders)","Evan Resolved":"University of Florida @ University of Miami (Under 50.5)","Brandon Bet Amount":"$5","Brandon Win/Lose/Push":"Loss","Brandon":"Nebraska +1 (leaders)","Brandon Resolved":"University of Nebraska (University of Nebraska +1)","":"","Total Team Bet":"$85.00","Legends Bet":"$50.00","Leaders Bet":"$35.00","To Win":"","Payout":"","TOTALS":"Win Percentage","Mitch Totals":"28.57%","Phil Totals":"41.67%","Bryce Totals":"78.57%","Cory Totals":"83.33%","JB Totals":"42.86%","Ethan Totals":"64.29%","Jaime Totals":"50.00%","Nate Totals":"57.14%","Evan Totals":"53.85%","Brandon Totals":"66.67%"},{"Week":"6","Date":"9/26/25","Mitch Bet Amount":"$25","Mitch Win/Lose/Push":"Loss","Mitch":"Ethan (legends) ","Mitch Resolved":"Tail Ethan","Phil Bet Amount":"$10","Phil Win/Lose/Push":"Loss","Phil":"Alabama/Georgia over (leaders) ","Phil Resolved":"University of Alabama @ University of Georgia (Over)","Bryce Bet Amount":"$5","Bryce Win/Lose/Push":"Loss","Bryce":"Vikings (legends) ","Bryce Resolved":"Minnesota Vikings (Minnesota Vikings)","Cory Bet Amount":"$5","Cory Win/Lose/Push":"Win","Cory":"NW/UCLA under (legends) ","Cory Resolved":"Northwestern University @ University of California Los Angeles (Under)","JB Bet Amount":"$10","JB Win/Lose/Push":"Loss","JB":"San Fran 49ers (legends) ","JB Resolved":"San Francisco 49ers (San Francisco 49ers)","Ethan Bet Amount":"$10","Ethan Win/Lose/Push":"Loss","Ethan":"Georgia (legends) ","Ethan Resolved":"University of Alabama @ University of Georgia (Over)","Jaime Bet Amount":"$15","Jaime Win/Lose/Push":"Loss","Jaime":"PSU Under 53.5 (legends) ","Jaime Resolved":"Northwestern University @ University of California Los Angeles (Under)","Nathan Bet Amount":"$10","Nathan Win/Lose/Push":"Loss","Nathan":"Chargers -6.5 (leaders) ","Nathan Resolved":"Los Angeles Chargers (Los Angeles Chargers -6.5)","Evan Bet Amount":"$5","Evan Win/Lose/Push":"Win","Evan":"Colorado/BYU under 49.5 (leaders) ","Evan Resolved":"Northwestern University @ University of California Los Angeles (Under)","Brandon Bet Amount":"$10","Brandon Win/Lose/Push":"Win","Brandon":"(leaders) Iowa +8.5 ","Brandon Resolved":"University of Iowa (University of Iowa +8.5)","":"","Total Team Bet":"$105.00","Legends Bet":"$70.00","Leaders Bet":"$35.00","To Win":null,"Payout":null,"TOTALS":null,"Mitch Totals":null,"Phil Totals":null,"Bryce Totals":null,"Cory Totals":null,"JB Totals":null,"Ethan Totals":null,"Jaime Totals":null,"Nate Totals":null,"Evan Totals":null,"Brandon Totals":null},{"Week":"7","Date":"10/3/25","Mitch Bet Amount":"$25","Mitch Win/Lose/Push":"Loss","Mitch":"Miami/FSU over (leaders) ","Mitch Resolved":"University of Miami @ Florida State University (Over)","Phil Bet Amount":"$15","Phil Win/Lose/Push":"Loss","Phil":"Texas/Florida Under (leaders) ","Phil Resolved":"University of Texas @ University of Florida (Under)","Bryce Bet Amount":"$10","Bryce Win/Lose/Push":"Win","Bryce":"Vikings Again? (legends) ","Bryce Resolved":"Minnesota Vikings (Minnesota Vikings)","Cory Bet Amount":"$5","Cory Win/Lose/Push":"Win","Cory":"Lions if below 10.5 (legends) ","Cory Resolved":"Detroit Lions (if below 10.5)","JB Bet Amount":"$15","JB Win/Lose/Push":"Win","JB":"Illinois (leaders) ","JB Resolved":"University of Illinois (University of Illinois)","Ethan Bet Amount":"$15","Ethan Win/Lose/Push":"Loss","Ethan":"Cal (legends) ","Ethan Resolved":"University of California Berkeley (University of California Berkeley)","Jaime Bet Amount":"$20","Jaime Win/Lose/Push":"Win","Jaime":"Texas Tech -11.5 (leaders) ","Jaime Resolved":"University of Texas @ University of Florida (Under)","Nathan Bet Amount":"$15","Nathan Win/Lose/Push":"Win","Nathan":"Tail Cory (legends) ","Nathan Resolved":"Tail Cory (legends)","Evan Bet Amount":"$5","Evan Win/Lose/Push":"Loss","Evan":"Texas -5.5 (legends) ","Evan Resolved":"University of Texas @ University of Florida (Under)","Brandon Bet Amount":"$5","Brandon Win/Lose/Push":"Win","Brandon":"Wisconsin +17.5 (legends) ","Brandon Resolved":"University of Wisconsin (University of Wisconsin +17.5)","":"","Total Team Bet":"$130.00","Legends Bet":"$55.00","Leaders Bet":"$75.00","To Win":null,"Payout":null,"TOTALS":null,"Mitch Totals":null,"Phil Totals":null,"Bryce Totals":null,"Cory Totals":null,"JB Totals":null,"Ethan Totals":null,"Jaime Totals":null,"Nate Totals":null,"Evan Totals":null,"Brandon Totals":null},{"Week":"8","Date":"10/10/25","Mitch Bet Amount":"$25","Mitch Win/Lose/Push":"Loss","Mitch":"Oregon (quack quack quack) (leaders)  ","Mitch Resolved":"University of Washington @ University of Oregon (University of Oregon)","Phil Bet Amount":"$20","Phil Win/Lose/Push":"Push","Phil":"Minnesota (leaders)  ","Phil Resolved":"University of Minnesota (University of Minnesota)","Bryce Bet Amount":"$5","Bryce Win/Lose/Push":"Loss","Bryce":"Lions  (legends) ","Bryce Resolved":"Detroit Lions (Detroit Lions)","Cory Bet Amount":"$5","Cory Win/Lose/Push":"Push","Cory":"Bama (legends)  ","Cory Resolved":"University of Alabama (University of Alabama)","JB Bet Amount":"$5","JB Win/Lose/Push":"Loss","JB":"unlv (leaders)  ","JB Resolved":"University of Nevada Las Vegas (University of Nevada Las Vegas)","Ethan Bet Amount":"$20","Ethan Win/Lose/Push":"Win","Ethan":"Brandon (legends)  ","Ethan Resolved":"Tail Brandon","Jaime Bet Amount":"$5","Jaime Win/Lose/Push":"Win","Jaime":"Texas A&M -7.5 (legends)  ","Jaime Resolved":"Texas A&M University (Texas A&M University -7.5)","Nathan Bet Amount":"$5","Nathan Win/Lose/Push":"Loss","Nathan":"Bills -4.5 (legends) ","Nathan Resolved":"Buffalo Bills (Buffalo Bills -4.5)","Evan Bet Amount":"$10","Evan Win/Lose/Push":"Win","Evan":"Pitt +10 (leaders)  ","Evan Resolved":"University of Pittsburgh (University of Pittsburgh +10)","Brandon Bet Amount":"$5","Brandon Win/Lose/Push":"Win","Brandon":"USC -2.5 (legends)  ","Brandon Resolved":"University of Southern California (University of Southern California -2.5)","":"","Total Team Bet":"$105.00","Legends Bet":"$45.00","Leaders Bet":"$60.00","To Win":null,"Payout":null,"TOTALS":null,"Mitch Totals":null,"Phil Totals":null,"Bryce Totals":null,"Cory Totals":null,"JB Totals":null,"Ethan Totals":null,"Jaime Totals":null,"Nate Totals":null,"Evan Totals":null,"Brandon Totals":null},{"Week":"9","Date":"10/17/25","Mitch Bet Amount":"$25","Mitch Win/Lose/Push":"Win","Mitch":"Bryce (leaders)","Mitch Resolved":"Tail Bryce","Phil Bet Amount":"$20","Phil Win/Lose/Push":"Push","Phil":"Notre Dame (leaders) ","Phil Resolved":"University of Notre Dame (University of Notre Dame)","Bryce Bet Amount":"$10","Bryce Win/Lose/Push":"Win","Bryce":"Missouri -1 (buy the half point, still -120)😉 (legends) ","Bryce Resolved":"University of Missouri (University of Missouri -1)","Cory Bet Amount":"$5","Cory Win/Lose/Push":"Win","Cory":"Bears (legends) ","Cory Resolved":"Chicago Bears (Chicago Bears)","JB Bet Amount":"$10","JB Win/Lose/Push":"Loss","JB":"texas tech (leaders) ","JB Resolved":"Texas Tech University (Texas Tech University)","Ethan Bet Amount":"$5","Ethan Win/Lose/Push":"Loss","Ethan":"Nebraska (legends) ","Ethan Resolved":"University of Nebraska (University of Nebraska)","Jaime Bet Amount":"$5","Jaime Win/Lose/Push":"Win","Jaime":"Indiana Over 49.5 (legends) ","Jaime Resolved":"Indiana University (Over 49.5)","Nathan Bet Amount":"$10","Nathan Win/Lose/Push":"Win","Nathan":"Patriots -7 (legends) ","Nathan Resolved":"New England Patriots (New England Patriots -7)","Evan Bet Amount":"$5","Evan Win/Lose/Push":"Loss","Evan":"Texas Tech -7.5 (leaders) ","Evan Resolved":"Texas Tech University (Texas Tech University)","Brandon Bet Amount":"$5","Brandon Win/Lose/Push":"Loss","Brandon":"LSU +2.5 (legends) ","Brandon Resolved":"Louisiana State University (Louisiana State University +2.5)","":"","Total Team Bet":"$100.00","Legends Bet":"$40.00","Leaders Bet":"$60.00","To Win":null,"Payout":null,"TOTALS":null,"Mitch Totals":null,"Phil Totals":null,"Bryce Totals":null,"Cory Totals":null,"JB Totals":null,"Ethan Totals":null,"Jaime Totals":null,"Nate Totals":null,"Evan Totals":null,"Brandon Totals":null},{"Week":"10","Date":"10/24/25","Mitch Bet Amount":"$5","Mitch Win/Lose/Push":"Loss","Mitch":"USF (leaders) ","Mitch Resolved":"San Jose State University @ University of South Florida (University of South Florida)","Phil Bet Amount":"$20","Phil Win/Lose/Push":"Win","Phil":"Texas A&M/LSU Over (leaders) ","Phil Resolved":"Texas A&M University @ Louisiana State University (Over)","Bryce Bet Amount":"$5","Bryce Win/Lose/Push":"Win","Bryce":"BYU (legends) ","Bryce Resolved":"Brigham Young University (Brigham Young University)","Cory Bet Amount":"$5","Cory Win/Lose/Push":"Loss","Cory":"Bama (legends)  ","Cory Resolved":"University of Alabama (University of Alabama)","JB Bet Amount":"$15","JB Win/Lose/Push":"Win","JB":"southern miss (leaders) ","JB Resolved":"University of Southern Mississippi (University of Southern Mississippi)","Ethan Bet Amount":"$10","Ethan Win/Lose/Push":"Win","Ethan":"Oklahoma vs ole miss over (legends) ","Ethan Resolved":"Texas A&M University @ Louisiana State University (Over)","Jaime Bet Amount":"$5","Jaime Win/Lose/Push":"Loss","Jaime":"UCLA +26 (legends) ","Jaime Resolved":"University of California Los Angeles (University of California Los Angeles +26)","Nathan Bet Amount":"$5","Nathan Win/Lose/Push":"Win","Nathan":"Chiefs -11.5 (legends) ","Nathan Resolved":"Kansas City Chiefs (Kansas City Chiefs -11.5)","Evan Bet Amount":"$10","Evan Win/Lose/Push":"Win","Evan":"Ole Miss +5.5 (leaders) ","Evan Resolved":"University of Southern Mississippi (University of Southern Mississippi)","Brandon Bet Amount":"$10","Brandon Win/Lose/Push":"Win","Brandon":"IF(Man City > -120, Man City, MSU +13.5) (legends) ","Brandon Resolved":"Kansas City Chiefs (Kansas City Chiefs -11.5)","":"","Total Team Bet":"$90.00","Legends Bet":"$40.00","Leaders Bet":"$50.00","To Win":null,"Payout":null,"TOTALS":null,"Mitch Totals":null,"Phil Totals":null,"Bryce Totals":null,"Cory Totals":null,"JB Totals":null,"Ethan Totals":null,"Jaime Totals":null,"Nate Totals":null,"Evan Totals":null,"Brandon Totals":null},{"Week":"11","Date":"10/31/25","Mitch Bet Amount":"$10","Mitch Win/Lose/Push":"Loss","Mitch":"georgia tech - tail JB (leaders)","Mitch Resolved":"Tail georgia tech - JB (leaders)","Phil Bet Amount":"$5","Phil Win/Lose/Push":"Win","Phil":"Utah (leaders)","Phil Resolved":"University of Utah (University of Utah)","Bryce Bet Amount":"$5","Bryce Win/Lose/Push":"Win","Bryce":"Timothy Cuamba (legends)","Bryce Resolved":"Timothy Cuamba (Timothy Cuamba)","Cory Bet Amount":"$10","Cory Win/Lose/Push":"Loss","Cory":"(legends) Patriots  ","Cory Resolved":"New England Patriots (New England Patriots)","JB Bet Amount":"$5","JB Win/Lose/Push":"Loss","JB":"(leaders) Georgia tech","JB Resolved":"Georgia Institute of Technology (Georgia Institute of Technology)","Ethan Bet Amount":"$5","Ethan Win/Lose/Push":"Win","Ethan":"Indiana (legends)","Ethan Resolved":"Indiana University (Indiana University)","Jaime Bet Amount":"$10","Jaime Win/Lose/Push":"Loss","Jaime":"MIA/SMU Over (legends)","Jaime Resolved":"University of Miami @ Southern Methodist University (Over)","Nathan Bet Amount":"$5","Nathan Win/Lose/Push":"Loss","Nathan":"KC -1.5 (legends) ","Nathan Resolved":"Kansas City Chiefs (Kansas City Chiefs -1.5)","Evan Bet Amount":"$5","Evan Win/Lose/Push":"Win","Evan":"Oklahoma+2.5 (leaders)","Evan Resolved":"University of Oklahoma (University of Oklahoma +2.5)","Brandon Bet Amount":"$5","Brandon Win/Lose/Push":"Push","Brandon":"Texas -3.5 (legends)","Brandon Resolved":"University of Texas (University of Texas -3.5)","":"","Total Team Bet":"$65.00","Legends Bet":"$40.00","Leaders Bet":"$25.00","To Win":null,"Payout":null,"TOTALS":null,"Mitch Totals":null,"Phil Totals":null,"Bryce Totals":null,"Cory Totals":null,"JB Totals":null,"Ethan Totals":null,"Jaime Totals":null,"Nate Totals":null,"Evan Totals":null,"Brandon Totals":null},{"Week":"12","Date":"11/7/25","Mitch Bet Amount":"$15","Mitch Win/Lose/Push":"Win","Mitch":"Wake Forest  (leaders) ","Mitch Resolved":"Stanford University @ Wake Forest University (Wake Forest University)","Phil Bet Amount":"$5","Phil Win/Lose/Push":"Loss","Phil":"Oregon (leaders) ","Phil Resolved":"University of Oregon (University of Oregon)","Bryce Bet Amount":"$5","Bryce Win/Lose/Push":"Win","Bryce":"(legends) UL LAFAYETTE ","Bryce Resolved":"University of Louisiana Lafayette (University of Louisiana Lafayette)","Cory Bet Amount":"$15","Cory Win/Lose/Push":"Win","Cory":"Wash/wi under (legends) ","Cory Resolved":"University of Washington @ University of Wisconsin (Under)","JB Bet Amount":"$10","JB Win/Lose/Push":"Win","JB":"stanford under (leaders) ","JB Resolved":"Stanford University @ Wake Forest University (Wake Forest University)","Ethan Bet Amount":"$5","Ethan Win/Lose/Push":"Win","Ethan":"Vandy (legends) ","Ethan Resolved":"Vanderbilt University (Vanderbilt University)","Jaime Bet Amount":"$15","Jaime Win/Lose/Push":"Win","Jaime":"Texas A&M -6.5 (leaders) ","Jaime Resolved":"Texas A&M University (Texas A&M University -6.5)","Nathan Bet Amount":"$10","Nathan Win/Lose/Push":"Win","Nathan":"LAR (legends) ","Nathan Resolved":"Los Angeles Rams (Los Angeles Rams)","Evan Bet Amount":"$5","Evan Win/Lose/Push":"Loss","Evan":"BYU +12 (legends) ","Evan Resolved":"Brigham Young University (Brigham Young University +12)","Brandon Bet Amount":"$5","Brandon Win/Lose/Push":"Win","Brandon":"Penn State (legends) ","Brandon Resolved":"Penn State University (Penn State University)","":"","Total Team Bet":"$90.00","Legends Bet":"$45.00","Leaders Bet":"$45.00","To Win":null,"Payout":null,"TOTALS":null,"Mitch Totals":null,"Phil Totals":null,"Bryce Totals":null,"Cory Totals":null,"JB Totals":null,"Ethan Totals":null,"Jaime Totals":null,"Nate Totals":null,"Evan Totals":null,"Brandon Totals":null},{"Week":"13","Date":"11/14/25","Mitch Bet Amount":"$5","Mitch Win/Lose/Push":"Loss","Mitch":"San Jose St. (leaders)","Mitch Resolved":"University of Nevada Las Vegas @ San Jose State University (San Jose State University)","Phil Bet Amount":"$10","Phil Win/Lose/Push":"Win","Phil":"Penn State (leaders) ","Phil Resolved":"University of Nevada Las Vegas @ San Jose State University (San Jose State University)","Bryce Bet Amount":"$5","Bryce Win/Lose/Push":"Win","Bryce":"(legends) Arizona ","Bryce Resolved":"University of Arizona (University of Arizona)","Cory Bet Amount":"$5","Cory Win/Lose/Push":"Push","Cory":"(legends) Ravens  ","Cory Resolved":"Baltimore Ravens (Baltimore Ravens)","JB Bet Amount":"$5","JB Win/Lose/Push":"Win","JB":"(leaders) Iowa under ","JB Resolved":"University of Iowa (Under)","Ethan Bet Amount":"$5","Ethan Win/Lose/Push":"Win","Ethan":"Georgia (legends) ","Ethan Resolved":"University of Georgia (University of Georgia)","Jaime Bet Amount":"$5","Jaime Win/Lose/Push":"Win","Jaime":"Texas A&M/SC Over (legends) ","Jaime Resolved":"Texas A&M University @ University of South Carolina (Over)","Nathan Bet Amount":"$5","Nathan Win/Lose/Push":"Loss","Nathan":"Texans (legends) ","Nathan Resolved":"Houston Texans (Houston Texans)","Evan Bet Amount":"$10","Evan Win/Lose/Push":"Win","Evan":"BYU -3 (leaders) ","Evan Resolved":"Brigham Young University (Brigham Young University -3)","Brandon Bet Amount":"$5","Brandon Win/Lose/Push":"Win","Brandon":"Northwestern +11.5 (legends) ","Brandon Resolved":"Northwestern University (Northwestern University +11.5)","":"","Total Team Bet":"$60.00","Legends Bet":"$30.00","Leaders Bet":"$30.00","To Win":null,"Payout":null,"TOTALS":null,"Mitch Totals":null,"Phil Totals":null,"Bryce Totals":null,"Cory Totals":null,"JB Totals":null,"Ethan Totals":null,"Jaime Totals":null,"Nate Totals":null,"Evan Totals":null,"Brandon Totals":null},{"Week":"14","Date":"11/21/25","Mitch Bet Amount":"$10","Mitch Win/Lose/Push":"Win","Mitch":"Bryce (leaders)","Mitch Resolved":"Tail Bryce","Phil Bet Amount":"$5","Phil Win/Lose/Push":"Win","Phil":"Michigan (leaders)","Phil Resolved":"University of Michigan (University of Michigan)","Bryce Bet Amount":"$5","Bryce Win/Lose/Push":"Win","Bryce":"Duke (legends)","Bryce Resolved":"Duke University (Duke University)","Cory Bet Amount":"$5","Cory Win/Lose/Push":"Win","Cory":"Utah KSU. Over (legends)","Cory Resolved":"Kansas State University @ University of Utah (Over)","JB Bet Amount":"$5","JB Win/Lose/Push":"Win","JB":"Brandon (leaders)","JB Resolved":"Tail Brandon","Ethan Bet Amount":"$5","Ethan Win/Lose/Push":"Win","Ethan":"Bengals (legends)","Ethan Resolved":"Cincinnati Bengals (Cincinnati Bengals)","Jaime Bet Amount":"$5","Jaime Win/Lose/Push":"Loss","Jaime":"Texas A&M/Samford Over (legends)","Jaime Resolved":"Kansas State University @ University of Utah (Over)","Nathan Bet Amount":"$10","Nathan Win/Lose/Push":"Win","Nathan":"Rams (legends)","Nathan Resolved":"Los Angeles Rams (Los Angeles Rams)","Evan Bet Amount":"$5","Evan Win/Lose/Push":"Win","Evan":"Tennessee -4 (leaders)","Evan Resolved":"University of Tennessee (University of Tennessee -4)","Brandon Bet Amount":"$5","Brandon Win/Lose/Push":"Win","Brandon":"BYU (legends)","Brandon Resolved":"Brigham Young University (Brigham Young University)","":"","Total Team Bet":"$60.00","Legends Bet":"$35.00","Leaders Bet":"$25.00","To Win":"","Payout":"$87.38","TOTALS":null,"Mitch Totals":null,"Phil Totals":null,"Bryce Totals":null,"Cory Totals":null,"JB Totals":null,"Ethan Totals":null,"Jaime Totals":null,"Nate Totals":null,"Evan Totals":null,"Brandon Totals":null},{"Week":"15","Date":"11/28/25","Mitch Bet Amount":"$5","Mitch Win/Lose/Push":"W","Mitch":"Alabama -110 (leaders)","Mitch Resolved":"Alabama Crimson Tide @ Auburn Tigers (Alabama Crimson Tide -5)","Phil Bet Amount":"$5","Phil Win/Lose/Push":"W","Phil":"Oregon (leaders) ","Phil Resolved":"Oregon Ducks @ Washington Huskies","Bryce Bet Amount":"$5","Bryce Win/Lose/Push":"L","Bryce":"vikes (NFL) (legends)","Bryce Resolved":"Minnesota Vikings @ Seattle Seahawks (Minnesota Vikings +11.5)","Cory Bet Amount":"$5","Cory Win/Lose/Push":"W","Cory":"houston (NCAAF) (legends)","Cory Resolved":"Houston Cougars @ Baylor Bears (Houston Cougars +2.5)","JB Bet Amount":"$5","JB Win/Lose/Push":"W","JB":"NW/Illinois under (leaders) (leaders)","JB Resolved":"Northwestern Wildcats @ Illinois Fighting Illini (Under 45.5)","Ethan Bet Amount":"$5","Ethan Win/Lose/Push":"W","Ethan":"ohio state -110 (legends)","Ethan Resolved":"Ohio State Buckeyes @ Michigan Wolverines (Ohio State Buckeyes -9.5)","Jaime Bet Amount":"$10","Jaime Win/Lose/Push":"L","Jaime":"OK/LSU Over -110 (leaders)","Jaime Resolved":"LSU Tigers @ Oklahoma Sooners (Over 36.5)","Nathan Bet Amount":"$5","Nathan Win/Lose/Push":"L","Nathan":"Browns  -110 (legends)","Nathan Resolved":"San Francisco 49ers @ Cleveland Browns (Cleveland Browns +6)","Evan Bet Amount":"$5","Evan Win/Lose/Push":"L","Evan":"Pitt +7 (NCAAF) (legends)","Evan Resolved":"Miami Hurricanes @ Pittsburgh Panthers (Pittsburgh Panthers +7)","Brandon Bet Amount":"$5","Brandon Win/Lose/Push":"W","Brandon":"Ethan (legends)","Brandon Resolved":"Ethan","":"","Total Team Bet":"$30.00","Legends Bet":"$0.00","Leaders Bet":"$0.00","To Win":null,"Payout":null,"TOTALS":null,"Mitch Totals":null,"Phil Totals":null,"Bryce Totals":null,"Cory Totals":null,"JB Totals":null,"Ethan Totals":null,"Jaime Totals":null,"Nate Totals":null,"Evan Totals":null,"Brandon Totals":null},{"Week":"16","Date":"12/5/25","Mitch Bet Amount":"$5","Mitch Win/Lose/Push":"W","Mitch":"Louisville | -4.5 (NCAAB) (leaders)","Mitch Resolved":"Indiana Hoosiers @ Louisville Cardinals (Louisville Cardinals -4.5)","Phil Bet Amount":"$5","Phil Win/Lose/Push":"W","Phil":"Miami-Ohio | under 43 (NCAAF) (leaders)","Phil Resolved":"Miami (OH) RedHawks @ Western Michigan Broncos (Under 43)","Bryce Bet Amount":"$10","Bryce Win/Lose/Push":"W","Bryce":"Georgia | -2 (NCAAF) (legends)","Bryce Resolved":"Georgia Bulldogs @ Alabama Crimson Tide (Georgia Bulldogs -2)","Cory Bet Amount":"$5","Cory Win/Lose/Push":"L","Cory":"Virginia | -4 (NCAAF) (legends)","Cory Resolved":"Duke Blue Devils @ Virginia Cavaliers (Virginia Cavaliers -4)","JB Bet Amount":"$5","JB Win/Lose/Push":"L","JB":"montana/montana st over 53.5","JB Resolved":"montana @ montana st (Over 53.5)","Ethan Bet Amount":"$5","Ethan Win/Lose/Push":"W","Ethan":"Jaguars | +2 (NFL) (legends)","Ethan Resolved":"Indianapolis Colts @ Jacksonville Jaguars (Jacksonville Jaguars +2)","Jaime Bet Amount":"$15","Jaime Win/Lose/Push":"L","Jaime":"Packers/Bears | under 44 (NFL) (leaders)","Jaime Resolved":"Chicago Bears @ Green Bay Packers (Under 44)","Nathan Bet Amount":"$10","Nathan Win/Lose/Push":"W","Nathan":"Texans | +3.5 (NFL) (legends)","Nathan Resolved":"Houston Texans @ Kansas City Chiefs (Houston Texans +3.5)","Evan Bet Amount":"$10","Evan Win/Lose/Push":"L","Evan":"Georgia Alabama | under 48 (NCAAF) (legends)","Evan Resolved":"Georgia Bulldogs @ Alabama Crimson Tide (Under 48)","Brandon Bet Amount":"$5","Brandon Win/Lose/Push":"L","Brandon":"OSU | -3 (NCAAF) (legends)","Brandon Resolved":"Indiana Hoosiers @ Ohio State Buckeyes (Ohio State Buckeyes -3)","":"","Total Team Bet":"$0.00","Legends Bet":"$0.00","Leaders Bet":"$0.00","To Win":null,"Payout":null,"TOTALS":null,"Mitch Totals":null,"Phil Totals":null,"Bryce Totals":null,"Cory Totals":null,"JB Totals":null,"Ethan Totals":null,"Jaime Totals":null,"Nate Totals":null,"Evan Totals":null,"Brandon Totals":null},{"Week":"17","Date":"12/12/2025","Mitch Bet Amount":"$5","Mitch Win/Lose/Push":"L","Mitch":"Navy -6 (leaders)","Mitch Resolved":"(Navy -6)","Phil Bet Amount":"$5","Phil Win/Lose/Push":"W","Phil":"Army/Navy Under 38 (leaders)","Phil Resolved":"(Under 38)","Bryce Bet Amount":"$5","Bryce Win/Lose/Push":"W","Bryce":"Brandon (legends)","Bryce Resolved":"Tail Brandon","Cory Bet Amount":"$10","Cory Win/Lose/Push":"L","Cory":"Houston/az under 42.5 (legends)","Cory Resolved":"Houston Texans Arizona Cardinals (Under 42.5)","JB Bet Amount":"$5","JB Win/Lose/Push":"P","JB":"zaga -10 (leaders)","JB Resolved":"UCLA Bruins @ Gonzaga Bulldogs (Gonzaga -10)","Ethan Bet Amount":"$5","Ethan Win/Lose/Push":"L","Ethan":"Creighton -4 (legends)","Ethan Resolved":"Kansas St. Wildcats @ Creighton Bluejays (Creighton -4)","Jaime Bet Amount":"$20","Jaime Win/Lose/Push":"W","Jaime":"Packers/Broncos Over 43 (leaders)","Jaime Resolved":"Green Bay Packers Denver Broncos (Over 43)","Nathan Bet Amount":"$5","Nathan Win/Lose/Push":"L","Nathan":"Packers -2 (legends)","Nathan Resolved":"Green Bay Packers Denver Broncos (Green Bay Packers -2)","Evan Bet Amount":"$15","Evan Win/Lose/Push":"W","Evan":"Michigan St Penn St under 145 (legends)","Evan Resolved":"Michigan St. Spartans Penn State Nittany Lions (Under 145)","Brandon Bet Amount":"$10","Brandon Win/Lose/Push":"W","Brandon":"Man City -.5 (legends)","Brandon Resolved":"Crystal Palace F.C. @ Manchester City Football Club (Manchester City -.5)","":null,"Total Team Bet":null,"Legends Bet":null,"Leaders Bet":null,"To Win":null,"Payout":null,"TOTALS":null,"Mitch Totals":null,"Phil Totals":null,"Bryce Totals":null,"Cory Totals":null,"JB Totals":null,"Ethan Totals":null,"Jaime Totals":null,"Nate Totals":null,"Evan Totals":null,"Brandon Totals":null},{"Week":"18","Date":"12/19/2025","Mitch Bet Amount":"$10","Mitch Win/Lose/Push":"L","Mitch":"unc | -3.5 (NCAAB) (leaders)","Mitch Resolved":"Ohio State Buckeyes @ North Carolina Tar Heels (North Carolina Tar Heels -3.5)","Phil Bet Amount":"$5","Phil Win/Lose/Push":"L","Phil":"Utah State/Wash State | Under 50 (NCAAF) (legends)","Phil Resolved":"Washington State Cougars @ Utah State Aggies (Under 50)","Bryce Bet Amount":"$5","Bryce Win/Lose/Push":"L","Bryce":"Utah State | -1 (NCAAF) (legends)","Bryce Resolved":"Washington State Cougars @ Utah State Aggies (Utah State Aggies -1)","Cory Bet Amount":"$15","Cory Win/Lose/Push":"W","Cory":"Unlv/Ohio under | under 65.5 (NCAAF) (legends)","Cory Resolved":"Unlv/Ohio under (Under 65.5)","JB Bet Amount":"$5","JB Win/Lose/Push":"W","JB":"montana/montana st over 53.5","JB Resolved":"Montana Grizzlies @ Montana State Bobcats (Over 53.5)","Ethan Bet Amount":"$10","Ethan Win/Lose/Push":"W","Ethan":"Gophers | -2 (NCAAF) (legends)","Ethan Resolved":"New Mexico Lobos @ Minnesota Golden Gophers (Minnesota Golden Gophers -2)","Jaime Bet Amount":"$5","Jaime Win/Lose/Push":"W","Jaime":"49ers | -5.5 (NFL) (leaders)","Jaime Resolved":"San Francisco 49ers @ Indianapolis Colts (San Francisco 49ers -5.5)","Nathan Bet Amount":"$10","Nathan Win/Lose/Push":"W","Nathan":"Vikes | -2.5 (NFL) (legends)","Nathan Resolved":"Minnesota Vikings @ New York Giants (Minnesota Vikings -2.5)","Evan Bet Amount":"$5","Evan Win/Lose/Push":"W","Evan":"TAM Miami | under 48 (NCAAF) (leaders)","Evan Resolved":"Miami Hurricanes @ Texas A&M Aggies (Under 48)","Brandon Bet Amount":"$5","Brandon Win/Lose/Push":"L","Brandon":"TAM | -3 (NCAAF) (legends)","Brandon Resolved":"TAM (TAM -3)","":null,"Total Team Bet":null,"Legends Bet":null,"Leaders Bet":null,"To Win":null,"Payout":null,"TOTALS":null,"Mitch Totals":null,"Phil Totals":null,"Bryce Totals":null,"Cory Totals":null,"JB Totals":null,"Ethan Totals":null,"Jaime Totals":null,"Nate Totals":null,"Evan Totals":null,"Brandon Totals":null},{"Week":"19","Date":"12/26/2025","Mitch Bet Amount":"$15","Mitch Win/Lose/Push":"W","Mitch":"Navy | -7 (NCAAF) (leaders)","Mitch Resolved":"Navy Midshipmen @ Cincinnati Bearcats (Navy Midshipmen -7)","Phil Bet Amount":"$10","Phil Win/Lose/Push":"L","Phil":"North Texas / San Diego St | Under 52.5 (NCAAF) (leaders)","Phil Resolved":"North Texas Mean Green @ San Diego State Aztecs (Under 52.5)","Bryce Bet Amount":"$10","Bryce Win/Lose/Push":"L","Bryce":"Arizona | +7 (NFL) (legends)","Bryce Resolved":"Arizona Cardinals @ Cincinnati Bengals (Arizona Cardinals +7)","Cory Bet Amount":"$5","Cory Win/Lose/Push":"W","Cory":"Oregon/tt | under 52.5 (NCAAF) (legends)","Cory Resolved":"Oregon @ tt (Under 52.5)","JB Bet Amount":"$5","JB Win/Lose/Push":"L","JB":"Vandy Baby! | -4.5 (NCAAF) (leaders)","JB Resolved":"Vandy Baby! (Vandy Baby! -4.5)","Ethan Bet Amount":"$5","Ethan Win/Lose/Push":"L","Ethan":"Georgia | -6 (NCAAF) (legends)","Ethan Resolved":"Georgia Tech Yellow Jackets @ BYU Cougars (Georgia Tech Yellow Jackets -6)","Jaime Bet Amount":"$5","Jaime Win/Lose/Push":"W","Jaime":"49ers | -3 (NFL) (leaders)","Jaime Resolved":"Chicago Bears @ San Francisco 49ers (San Francisco 49ers -3)","Nathan Bet Amount":"$5","Nathan Win/Lose/Push":"L","Nathan":"Packers | -3 (NFL) (legends)","Nathan Resolved":"Baltimore Ravens @ Green Bay Packers (Green Bay Packers -3)","Evan Bet Amount":"$5","Evan Win/Lose/Push":"L","Evan":"texas tech | +2 (NCAAF) (legends)","Evan Resolved":"Oregon Ducks @ Texas Tech Red Raiders (Texas Tech Red Raiders +2)","Brandon Bet Amount":"$10","Brandon Win/Lose/Push":"W","Brandon":"Texans | +2 (NFL) (legends)","Brandon Resolved":"Houston Texans @ Los Angeles Chargers (Houston Texans +2)","":null,"Total Team Bet":null,"Legends Bet":null,"Leaders Bet":null,"To Win":null,"Payout":null,"TOTALS":null,"Mitch Totals":null,"Phil Totals":null,"Bryce Totals":null,"Cory Totals":null,"JB Totals":null,"Ethan Totals":null,"Jaime Totals":null,"Nate Totals":null,"Evan Totals":null,"Brandon Totals":null},{"Week":"20","Date":"01/02/2026","Mitch Bet Amount":"$5","Mitch Win/Lose/Push":"W","Mitch":"Alabama (NCAAB) (leaders)","Mitch Resolved":"Kentucky Wildcats @ Alabama Crimson Tide (Alabama Crimson Tide -5.5) (NCAAB)","Phil Bet Amount":"$15","Phil Win/Lose/Push":"W","Phil":"Illinois State/Montana State Over (leaders)","Phil Resolved":"Illinois State Redbirds @ Montana State Bobcats (Over 56.5) (FCS)","Bryce Bet Amount":"$15","Bryce Win/Lose/Push":"W","Bryce":"Indiana (legends)","Bryce Resolved":"Oregon @ Indiana (Indiana -4)","Cory Bet Amount":"$5","Cory Win/Lose/Push":"L","Cory":"49ers (legends)","Cory Resolved":"Seattle Seahawks @ San Francisco 49ers ( San Franscisco 49ers +3)","JB Bet Amount":"$10","JB Win/Lose/Push":"L","JB":"montana st - buy the half point (leaders)","JB Resolved":"Illinois State Redbirds @ Montana State Bobcats (Montana State Bobcats -10) (FCS)","Ethan Bet Amount":"$10","Ethan Win/Lose/Push":"W","Ethan":"Timberwolves (legends)","Ethan Resolved":"Minnesota Timberwolves @ Miami Heat (Minnesota Timberwolves -3) (NBA)","Jaime Bet Amount":"$5","Jaime Win/Lose/Push":"W","Jaime":"Steelers/Ravens Over (legends)","Jaime Resolved":"Baltimore Ravens @ Pittsburgh Steelers (Over 41) (NFL)","Nathan Bet Amount":"$10","Nathan Win/Lose/Push":"L","Nathan":"Bengals (legends)","Nathan Resolved":"Cleveland Browns @ Cincinnati Bengals (Cincinnati Bengals -7) (NFL)","Evan Bet Amount":"$10","Evan Win/Lose/Push":"W","Evan":"Virginia Tech +5.5 (leaders)","Evan Resolved":"Virginia Tech Hokies @ Wake Forest Demon Deacons (Virginia Tech Hokies +5.5) (NCAAB)","Brandon Bet Amount":"$5","Brandon Win/Lose/Push":"W","Brandon":"Iowa -6.5 (legends)","Brandon Resolved":"UCLA Bruins @ Iowa Hawkeyes (Iowa Hawkeyes -6.5) (NCAAB)","":null,"Total Team Bet":null,"Legends Bet":null,"Leaders Bet":null,"To Win":null,"Payout":null,"TOTALS":null,"Mitch Totals":null,"Phil Totals":null,"Bryce Totals":null,"Cory Totals":null,"JB Totals":null,"Ethan Totals":null,"Jaime Totals":null,"Nate Totals":null,"Evan Totals":null,"Brandon Totals":null},{"Week":"21","Date":"01/09/2026","Mitch Bet Amount":"$5","Mitch Win/Lose/Push":"","Mitch":"","Mitch Resolved":"","Phil Bet Amount":"$5","Phil Win/Lose/Push":"","Phil":"","Phil Resolved":"","Bryce Bet Amount":"$5","Bryce Win/Lose/Push":"","Bryce":"","Bryce Resolved":"","Cory Bet Amount":"$10","Cory Win/Lose/Push":"","Cory":"","Cory Resolved":"","JB Bet Amount":"$15","JB Win/Lose/Push":"","JB":"","JB Resolved":"","Ethan Bet Amount":"$5","Ethan Win/Lose/Push":"","Ethan":"","Ethan Resolved":"","Jaime Bet Amount":"$5","Jaime Win/Lose/Push":"","Jaime":"","Jaime Resolved":"","Nathan Bet Amount":"$15","Nathan Win/Lose/Push":"","Nathan":"","Nathan Resolved":"","Evan Bet Amount":"$5","Evan Win/Lose/Push":"","Evan":"","Evan Resolved":"","Brandon Bet Amount":"$5","Brandon Win/Lose/Push":null,"Brandon":null,"Brandon Resolved":null,"":null,"Total Team Bet":null,"Legends Bet":null,"Leaders Bet":null,"To Win":null,"Payout":null,"TOTALS":null,"Mitch Totals":null,"Phil Totals":null,"Bryce Totals":null,"Cory Totals":null,"JB Totals":null,"Ethan Totals":null,"Jaime Totals":null,"Nate Totals":null,"Evan Totals":null,"Brandon Totals":null}]
3:45:58 AM [express] GET /api/debug/headers 200 in 1ms :: {"sheet":"Season 4","headers":["Week","Date","Mitch Bet Amount","Mitch Win/Lose/Push","Mitch","Mitch Resolved","Phil Bet Amount","Phil Win/Lose/Push","Phil","Phil Resolved","Bryce Bet Amount","Bryce Win/Lose/Push","Bryce","Bryce Resolved","Cory Bet Amount","Cory Win/Lose/Push","Cory","Cory Resolved","JB Bet Amount","JB Win/Lose/Push","JB","JB Resolved","Ethan Bet Amount","Ethan Win/Lose/Push","Ethan","Ethan Resolved","Jaime Bet Amount","Jaime Win/Lose/Push","Jaime","Jaime Resolved","Nathan Bet Amount","Nathan Win/Lose/Push","Nathan","Nathan Resolved","Evan Bet Amount","Evan Win/Lose/Push","Evan","Evan Resolved","Brandon Bet Amount","Brandon Win/Lose/Push","Brandon","Brandon Resolved","","Total Team Bet","Legends Bet","Leaders Bet","To Win","Payout","TOTALS","Mitch Totals","Phil Totals","Bryce Totals","Cory Totals","JB Totals","Ethan Totals","Jaime Totals","Nate Totals","Evan Totals","Brandon Totals"],"rowCount":21,"preview":[{"Week":"1","Date":"8/22/2025","Mitch Bet Amount":"$10","Mitch Win/Lose/Push":"Win","Mitch":"Kansas -14 (legends)","Mitch Resolved":"Fresno State University @ University of Kansas (University of Kansas -14)","Phil Bet Amount":"$25","Phil Win/Lose/Push":"Loss","Phil":"JB (legends)","Phil Resolved":"Tail JB","Bryce Bet Amount":"$5","Bryce Win/Lose/Push":"Loss","Bryce":"Stanford? +2.5 (legends)","Bryce Resolved":"Stanford University (Stanford University +2.5)","Cory Bet Amount":"$25","Cory Win/Lose/Push":"Win","Cory":"Rutgers over 47 (leaders)","Cory Resolved":"Rutgers University (Over 47)","JB Bet Amount":"$5","JB Win/Lose/Push":"Loss","JB":"kansas st over 52 (legends)","JB Resolved":"Fresno State University @ University of Kansas (University of Kansas -14)","Ethan Bet Amount":"$20","Ethan Win/Lose/Push":"Win","Ethan":"Mitch (legends)","Ethan Resolved":"Tail Mitch","Jaime Bet Amount":"$10","Jaime Win/Lose/Push":"Loss","Jaime":"UCF/Jax St Over 52.5 (legends)","Jaime Resolved":"Rutgers University (Over 47)","Nathan Bet Amount":"$5","Nathan Win/Lose/Push":"Loss","Nathan":"Universitario -0.5 (leaders)","Nathan Resolved":"Universitario (Universitario -0.5)","Evan Bet Amount":"$5","Evan Win/Lose/Push":"Loss","Evan":"Kansas State -3 (leaders)","Evan Resolved":"Fresno State University @ University of Kansas (University of Kansas -14)","Brandon Bet Amount":"$5","Brandon Win/Lose/Push":"Loss","Brandon":"KU/Fresno o50 (leaders)","Brandon Resolved":"University of Kansas @ Fresno State University (Over 50)","":"","Total Team Bet":"$115.00","Legends Bet":"$75.00","Leaders Bet":"$40.00","To Win":"","Payout":"","TOTALS":"Total Bet","Mitch Totals":"$205.00","Phil Totals":"$215.00","Bryce Totals":"$85.00","Cory Totals":"$105.00","JB Totals":"$135.00","Ethan Totals":"$130.00","Jaime Totals":"$140.00","Nate Totals":"$110.00","Evan Totals":"$135.00","Brandon Totals":"$110.00"},{"Week":"2","Date":"8/29/2025","Mitch Bet Amount":"$5","Mitch Win/Lose/Push":"Loss","Mitch":"Alabama -13.5 (legends)","Mitch Resolved":"University of Texas @ University of Alabama (University of Alabama -13.5)","Phil Bet Amount":"$25","Phil Win/Lose/Push":"Loss","Phil":"Mitch (legends)","Phil Resolved":"Tail Mitch","Bryce Bet Amount":"$10","Bryce Win/Lose/Push":"Win","Bryce":"Ohio st (legends)","Bryce Resolved":"Ohio State University (Ohio State University)","Cory Bet Amount":"$5","Cory Win/Lose/Push":"Win","Cory":"Maryland under  (leaders)","Cory Resolved":"University of Maryland (Under)","JB Bet Amount":"$10","JB Win/Lose/Push":"Loss","JB":"penn st under (legends)","JB Resolved":"University of Maryland (Under)","Ethan Bet Amount":"$5","Ethan Win/Lose/Push":"Win","Ethan":"Iowa under 50.5 (legends)","Ethan Resolved":"University of Maryland (Under)","Jaime Bet Amount":"$15","Jaime Win/Lose/Push":"Win","Jaime":"Tennessee -13.5 (legends)","Jaime Resolved":"University of Texas @ University of Alabama (University of Alabama -13.5)","Nathan Bet Amount":"$10","Nathan Win/Lose/Push":"Win","Nathan":"Padres -1.5 (leaders)","Nathan Resolved":"San Diego Padres (San Diego Padres -1.5)","Evan Bet Amount":"$10","Evan Win/Lose/Push":"Loss","Evan":"Texas +1.5 (leaders)","Evan Resolved":"University of Texas @ University of Alabama (University of Alabama -13.5)","Brandon Bet Amount":"$10","Brandon Win/Lose/Push":"Loss","Brandon":"Sinner -8.5 (leaders)","Brandon Resolved":"Jannik Sinner (Jannik Sinner -8.5)","":"","Total Team Bet":"$105.00","Legends Bet":"$70.00","Leaders Bet":"$35.00","To Win":"","Payout":"","TOTALS":"Total Wins","Mitch Totals":"4","Phil Totals":"5","Bryce Totals":"11","Cory Totals":"10","JB Totals":"6","Ethan Totals":"9","Jaime Totals":"7","Nate Totals":"8","Evan Totals":"7","Brandon Totals":"8"}]}
3:46:59 AM [express] GET /api/picks 200 in 2ms
3:47:17 AM [express] GET /api/picks 200 in 2ms

=== 3. Server Error Logs (last 30 lines) ===
[ESPN] Daily fetch error 400 for 20251231
[ESPN] Daily fetch error 400 for 20251229
[ESPN] Daily fetch error 400 for 20260101
[ESPN] Daily fetch error 400 for 20251230
[ESPN] Daily fetch error 400 for 20260102
[ESPN] Daily fetch error 400 for 20251231
[ESPN] Daily fetch error 400 for 20260103
[ESPN] Daily fetch error 400 for 20260101
[ESPN] Daily fetch error 400 for 20260104
[ESPN] Daily fetch error 400 for 20260102
[ESPN] Daily fetch error 400 for 20260105
[ESPN] Daily fetch error 400 for 20260103
[ESPN] Daily fetch error 400 for 20260106
[ESPN] Daily fetch error 400 for 20260104
[ESPN] Daily fetch error 400 for 20260107
[ESPN] Daily fetch error 400 for 20260105
[ESPN] Daily fetch error 400 for 20260108
[ESPN] Daily fetch error 400 for 20260106
[ESPN] Daily fetch error 400 for 20260109
[ESPN] Daily fetch error 400 for 20260110
[ESPN] Daily fetch error 400 for 20260111
[ESPN] Daily fetch error 400 for 20260107
[ESPN] Daily fetch error 400 for 20260112
[ESPN] Daily fetch error 400 for 20260113
[ESPN] Daily fetch error 400 for 20260108
[ESPN] Daily fetch error 400 for 20260109
[ESPN] Daily fetch error 400 for 20260110
[ESPN] Daily fetch error 400 for 20260111
[ESPN] Daily fetch error 400 for 20260112
[ESPN] Daily fetch error 400 for 20260113

=== 4. Test Simple API Endpoint ===
[{"Week":"1","Date":"8/22/2025","Mitch Bet Amount":"$10","Mitch Win/Lose/Push":"Win","Mitch":"Kansas -14 (legends)","Mitch Resolved":"Fresno State University @ University of Kansas (University of Kansas -14)","Phil Bet Amount":"$25","Phil Win/Lose/Push":"Loss","Phil":"JB (legends)","Phil Resolved":"Tail JB","Bryce Bet Amount":"$5","Bryce Win/Lose/Push":"Loss","Bryce":"Stanford? +2.5 (legends)","Bryce Resolved":"Stanford University (Stanford University +2.5)","Cory Bet Amount":"$25","Cory Win/Los

=== 5. Test Archive Endpoint ===
<!DOCTYPE html>
<html lang="en">
  <head>
    <meta charset="UTF-8" />
    <meta name="viewport" content="width=device-width, initial-scale=1.0, maximum-scale=1" />

    <meta property="og:title" content="Investment Club" />
    <meta property="og:description" content="Manage the league, track picks, and view papermetrics." />
    <meta property="og:type" content="website" />
    <meta property="og:image" content="/og-image.png" />
    <meta name="twitter:card" content="summary_large_image" />
    <meta name="twitter:site" content="@replit" />
    <meta name="twitter:title" content="Investment Club" />
    <meta name="twitter:description" content="Manage the league, track picks, and view papermetrics." />
    <meta name="twitter:image" content="/og-image.png" />

    <link rel="icon" type="image/png" href="/favicon.png" />
    <link rel="preconnect" href="https://fonts.googleapis.com">
    <link rel="preconnect" href="https://fonts.gstatic.com" crossorigin>
    <link href="https://fonts.googleapis.com/css2?family=Inter:wght@300;400;500;600;700&family=Outfit:wght@400;500;600;700&display=swap" rel="stylesheet">
    <script type="module" crossorigin src="/assets/index-Jvy3_kwN.js"></script>
    <link rel="stylesheet" crossorigin href="/assets/index-SxVUkb2y.css">
  </head>
  <body>
    <div id="root"></div>
  </body>
</html>

=== 6. Check Logs After Archive ===
4:09:28 AM [express] POST /api/archive-week 200 in 6ms

=== Done ===
